RMPCC configured from config: horizon=20, tf=2.0, use_obstacle_constraint=True, use_row_mf=True, d_col=0.001, d_min=0.001, d_mf_mask=0.001, mf_slack_linear=100.0, mf_slack_quadratic=1.0, chance_epsilon=0.2, mf_active_start_step=1, mf_active_end_step=5, mf_active_terminal=False, sigma_f0=0.0002, sigma_l0=0.00025, sigma_psi0=0.00025, q_f0=0.0, q_l0=0.0, q_psi0=0.0, alpha_f=0.002, alpha_v=0.0004, alpha_kappa=0.01, beta_v=0.02, beta_kappa=0.008, beta_omega=0.008, enable_backup_solver=False, debug_mf=True, debug_infeasibility=True, augmented_psdf_device=cpu
Resetting rmpcc optimizer for clean state...
Trial failure criteria enabled: movement_window_sec=5.0, movement_threshold=0.005, max_consecutive_solver_failures=10
generating global path with A* + Line of Sight
시작 위치: [0.075 0.795]
목적지: [1.8  0.09]
도착 판정 기준: position <= 0.01m, angle <= 0.01rad
Setting up RMPCC-MF optimizer...
RMPCC-MF Row M configuration: enabled=True, active only when phi > d_mf_mask=0.001, configured stages=[1, 2, 3, 4, 5]
Added two affine safety rows at intermediate/terminal stages: 0=HARD guard/recovery, 1=SOFT MF
field AcadosOcpDims.N has been migrated to AcadosOcpOptions.N_horizon. setting AcadosOcpOptions.N_horizon = N. For future comppatibility, please use AcadosOcpOptions.N_horizon directly.

WARNING: Gauss-Newton Hessian approximation with EXTERNAL cost type not well defined!
got cost_type EXTERNAL for cost_type_0, cost_type, cost_type_e, hessian_approx: 'GAUSS_NEWTON'.
With this setting, acados will proceed computing the exact Hessian for the cost term and no Hessian contribution from constraints and dynamics.
If the external cost is a linear least squares cost, this coincides with the Gauss-Newton Hessian.
Note: There is also the option to use the external cost module with a numerical Hessian approximation (see `ext_cost_num_hess`).
OR the option to provide a symbolic custom Hessian approximation (see `cost_expr_ext_cost_custom_hess`).

acados was compiled without OpenMP.
RMPCC-MF backup SQP_WITH_FEASIBLE_QP solver disabled; using nominal safe-stop recovery.
[RMPCC 0000] OK solve=146.0ms pose=(0.075,0.795,-1.571) u=(0.123,0.000) s=0.013 PSDFmin=+0.03 G=OK(+0.04134) MF=OK(active=5/20,min=+0.2,slack=+7.52e-12)
[RMPCC 0001] OK solve=143.8ms pose=(0.075,0.783,-1.571) u=(0.114,0.088) s=0.024 PSDFmin=-0.002916 G=OK(+1.599e-12) MF=OK(active=5/20,min=+0.2,slack=+8.156e-13)
[RMPCC 0002] OK solve=141.1ms pose=(0.075,0.771,-1.562) u=(0.119,0.180) s=0.035 PSDFmin=+0.0009512 G=OK(+4.552e-15) MF=OK(active=5/20,min=+0.1953,slack=+3.986e-16)
[RMPCC 0003] OK solve=118.4ms pose=(0.075,0.759,-1.544) u=(0.120,-0.043) s=0.041 PSDFmin=+0.002126 G=OK(+2.373e-13) MF=OK(active=5/20,min=+0.1994,slack=+6.992e-15)
[RMPCC 0004] OK solve=125.9ms pose=(0.075,0.747,-1.548) u=(0.126,0.040) s=0.055 PSDFmin=-0.003081 G=OK(+2.659e-14) MF=OK(active=5/20,min=+0.1766,slack=+1.27e-13)
[RMPCC 0005] OK solve=140.7ms pose=(0.076,0.735,-1.544) u=(0.120,-0.072) s=0.056 PSDFmin=+0.00229 G=OK(+1.277e-14) MF=OK(active=5/20,min=+0.1316,slack=+5.489e-16)
[RMPCC 0006] OK solve=131.2ms pose=(0.076,0.723,-1.551) u=(0.123,-0.016) s=0.071 PSDFmin=+0.001884 G=OK(+3.886e-16) MF=OK(active=5/20,min=+1.292e-12,slack=+5.82e-16)
[RMPCC 0007] OK solve=136.4ms pose=(0.076,0.711,-1.553) u=(0.130,-0.005) s=0.087 PSDFmin=+0.002532 G=OK(+3.331e-16) MF=OK(active=5/20,min=+4e-14,slack=+3.078e-17)
[RMPCC 0008] OK solve=139.3ms pose=(0.076,0.698,-1.553) u=(0.119,0.138) s=0.089 PSDFmin=+0.001882 G=OK(+7.883e-15) MF=OK(active=5/20,min=+6.858e-12,slack=+7.239e-15)
[RMPCC 0009] OK solve=129.6ms pose=(0.077,0.686,-1.540) u=(0.117,0.175) s=0.105 PSDFmin=+0.00193 G=OK(+5.94e-14) MF=OK(active=5/20,min=+1.391e-11,slack=+1.93e-14)
[RMPCC 0010] OK solve=138.5ms pose=(0.077,0.674,-1.522) u=(0.103,0.193) s=0.108 PSDFmin=+0.001408 G=OK(+9.048e-15) MF=OK(active=5/20,min=+5.046e-13,slack=+5.618e-16)
[RMPCC 0011] OK solve=124.7ms pose=(0.078,0.664,-1.503) u=(0.093,0.225) s=0.124 PSDFmin=+0.001143 G=OK(+4.419e-14) MF=OK(active=5/20,min=+2.998e-13,slack=+4.754e-16)
[RMPCC 0012] OK solve=128.8ms pose=(0.078,0.654,-1.480) u=(0.078,0.249) s=0.127 PSDFmin=+0.001167 G=OK(+5.398e-13) MF=OK(active=5/20,min=+5.159e-11,slack=+2.888e-14)
[RMPCC 0013] OK solve=133.5ms pose=(0.079,0.647,-1.456) u=(0.066,0.284) s=0.144 PSDFmin=+0.001192 G=OK(+1.11e-16) MF=OK(active=5/20,min=+2.094e-14,slack=+7.125e-17)
[RMPCC 0014] OK solve=146.9ms pose=(0.080,0.640,-1.427) u=(0.074,0.307) s=0.147 PSDFmin=+0.001255 G=OK(+2.989e-11) MF=OK(active=5/20,min=+4.205e-10,slack=+6.038e-13)
[RMPCC 0015] OK solve=127.1ms pose=(0.081,0.633,-1.396) u=(0.037,0.315) s=0.164 PSDFmin=+0.001628 G=OK(+9.33e-11) MF=OK(active=5/20,min=+1.154e-09,slack=+1.677e-12)
[RMPCC 0016] OK solve=119.7ms pose=(0.081,0.629,-1.365) u=(0.164,0.452) s=0.168 PSDFmin=+0.001403 G=OK(+1.221e-15) MF=OK(active=5/20,min=+5.689e-14,slack=+4.884e-17)
[RMPCC 0017] OK solve=245.2ms pose=(0.085,0.613,-1.320) u=(0.082,0.646) s=0.186 PSDFmin=+0.002512 G=OK(+3.741e-13) MF=OK(active=5/20,min=+1.302e-12,slack=+1.888e-15)
[RMPCC 0018] OK solve=254.8ms pose=(0.087,0.605,-1.255) u=(0.081,0.609) s=0.191 PSDFmin=+0.001037 G=OK(+1e-13) MF=OK(active=4/20,min=+5.069e-12,slack=+2.365e-15)
[RMPCC 0019] OK solve=135.7ms pose=(0.089,0.597,-1.194) u=(0.042,0.463) s=0.209 PSDFmin=+0.001052 G=OK(+1.219e-11) MF=OK(active=5/20,min=+9.198e-11,slack=+1.749e-13)
[RMPCC 0020] OK solve=129.0ms pose=(0.091,0.594,-1.148) u=(0.021,0.703) s=0.213 PSDFmin=+0.001734 G=OK(+1.176e-12) MF=OK(active=5/20,min=+8.883e-12,slack=+8.665e-15)
[RMPCC 0021] OK solve=123.9ms pose=(0.092,0.592,-1.078) u=(0.135,0.707) s=0.215 PSDFmin=+0.002991 G=OK(+0.0003695) MF=OK(active=5/20,min=+7.652e-10,slack=+9.157e-13)
[RMPCC 0022] OK solve=129.9ms pose=(0.098,0.580,-1.007) u=(0.067,1.197) s=0.230 PSDFmin=+0.001395 G=OK(+5.948e-12) MF=OK(active=5/20,min=+6.555e-10,slack=+8.972e-13)
[RMPCC 0023] OK solve=253.0ms pose=(0.102,0.574,-0.887) u=(0.066,0.605) s=0.238 PSDFmin=+0.005327 G=OK(+0.004694) MF=OK(active=5/20,min=+7.762e-12,slack=+3.017e-15)
[RMPCC 0024] OK solve=396.8ms pose=(0.106,0.569,-0.827) u=(0.067,1.108) s=0.240 PSDFmin=+0.003165 G=OK(+0.001247) MF=OK(active=4/20,min=+1.608e-12,slack=+2.265e-15)
[RMPCC 0025] OK solve=258.8ms pose=(0.110,0.564,-0.716) u=(0.081,1.036) s=0.251 PSDFmin=+0.003375 G=OK(+0.002558) MF=OK(active=4/20,min=+1.322e-10,slack=+2.595e-13)
[RMPCC 0026] OK solve=133.5ms pose=(0.116,0.559,-0.612) u=(0.078,0.563) s=0.254 PSDFmin=+0.008011 G=OK(+0.006658) MF=OK(active=5/20,min=+3.288e-12,slack=+1.606e-15)
[RMPCC 0027] OK solve=121.3ms pose=(0.123,0.554,-0.556) u=(0.104,1.200) s=0.266 PSDFmin=+0.001173 G=OK(+1.641e-10) MF=OK(active=5/20,min=+2.687e-09,slack=+3.75e-12)
[RMPCC 0028] OK solve=118.1ms pose=(0.132,0.549,-0.436) u=(0.093,0.637) s=0.271 PSDFmin=+0.009754 G=OK(+0.008275) MF=OK(active=5/20,min=+7.525e-13,slack=+1.106e-15)
[RMPCC 0029] OK solve=126.3ms pose=(0.140,0.545,-0.372) u=(0.131,0.889) s=0.281 PSDFmin=+0.001217 G=OK(+9.17e-08) MF=OK(active=5/20,min=+3.744e-08,slack=+3.634e-11)
[RMPCC 0030] OK solve=129.3ms pose=(0.152,0.540,-0.283) u=(0.153,0.711) s=0.296 PSDFmin=+0.00108 G=OK(+2.569e-13) MF=OK(active=5/20,min=-1.207e-13,slack=+3.635e-15)
[RMPCC 0031] OK solve=115.9ms pose=(0.167,0.536,-0.212) u=(0.132,0.324) s=0.309 PSDFmin=+0.001 G=OK(+1.11e-15) MF=OK(active=5/20,min=+1.528e-13,slack=+3.762e-17)
[RMPCC 0032] OK solve=138.6ms pose=(0.180,0.533,-0.180) u=(0.144,0.689) s=0.322 PSDFmin=+0.001041 G=OK(+2.22e-15) MF=OK(active=5/20,min=+2.671e-14,slack=+6.429e-17)
[RMPCC 0033] OK solve=130.9ms pose=(0.194,0.530,-0.111) u=(0.142,0.699) s=0.332 PSDFmin=+0.001028 G=OK(+8.849e-11) MF=OK(active=5/20,min=-1.484e-10,slack=+3.243e-12)
[RMPCC 0034] OK solve=127.6ms pose=(0.208,0.529,-0.041) u=(0.141,0.575) s=0.345 PSDFmin=+0.001025 G=OK(+8.549e-15) MF=OK(active=5/20,min=+7.451e-15,slack=+3.621e-16)
[RMPCC 0035] OK solve=121.8ms pose=(0.222,0.528,0.016) u=(0.135,0.478) s=0.360 PSDFmin=+0.00103 G=OK(+4.441e-15) MF=OK(active=5/20,min=+1.088e-14,slack=+2.234e-16)
[RMPCC 0036] OK solve=135.0ms pose=(0.236,0.528,0.064) u=(0.130,0.416) s=0.373 PSDFmin=+0.001046 G=OK(+1.444e-11) MF=OK(active=5/20,min=-1.004e-11,slack=+5.86e-13)
[RMPCC 0037] OK solve=132.4ms pose=(0.249,0.529,0.106) u=(0.124,0.388) s=0.384 PSDFmin=+0.001076 G=OK(+7.55e-14) MF=OK(active=5/20,min=-7.629e-14,slack=+3.7e-15)
[RMPCC 0038] OK solve=124.0ms pose=(0.261,0.531,0.145) u=(0.122,0.375) s=0.398 PSDFmin=+0.001115 G=OK(+4.703e-13) MF=OK(active=5/20,min=+1.321e-12,slack=+2.398e-14)
[RMPCC 0039] OK solve=128.9ms pose=(0.273,0.532,0.182) u=(0.120,0.408) s=0.410 PSDFmin=+0.001176 G=OK(+7.261e-14) MF=OK(active=5/20,min=+1.913e-12,slack=+3.396e-15)
[RMPCC 0040] OK solve=122.3ms pose=(0.285,0.535,0.223) u=(0.119,0.480) s=0.422 PSDFmin=-0.001168 G=OK(+6.661e-16) MF=OK(active=5/20,min=+9.471e-11,slack=+2.648e-17)
[RMPCC 0041] OK solve=114.8ms pose=(0.297,0.537,0.271) u=(0.115,0.288) s=0.432 PSDFmin=+0.01028 G=OK(+7.216e-16) MF=OK(active=5/20,min=+0.04067,slack=+4.496e-17)
[RMPCC 0042] OK solve=115.1ms pose=(0.308,0.540,0.300) u=(0.118,0.043) s=0.445 PSDFmin=+0.00634 G=OK(+5.163e-15) MF=OK(active=5/20,min=+0.02406,slack=+5.782e-17)
[RMPCC 0043] OK solve=119.7ms pose=(0.319,0.544,0.304) u=(0.117,0.074) s=0.456 PSDFmin=+0.004059 G=OK(+8.382e-15) MF=OK(active=5/20,min=+6.98e-10,slack=+5.819e-15)
[RMPCC 0044] OK solve=119.4ms pose=(0.330,0.547,0.311) u=(0.116,0.074) s=0.468 PSDFmin=+0.001351 G=OK(+2.938e-11) MF=OK(active=5/20,min=+1.152e-09,slack=+1.778e-13)
[RMPCC 0045] OK solve=118.5ms pose=(0.341,0.551,0.319) u=(0.115,0.114) s=0.480 PSDFmin=+0.004261 G=OK(+3.086e-14) MF=OK(active=5/20,min=+1.561e-12,slack=+1.597e-15)
[RMPCC 0046] OK solve=113.9ms pose=(0.352,0.554,0.330) u=(0.120,0.099) s=0.491 PSDFmin=+0.0009235 G=OK(+1.021e-09) MF=OK(active=5/20,min=+3.547e-07,slack=+6.418e-11)
[RMPCC 0047] OK solve=140.5ms pose=(0.363,0.558,0.340) u=(0.126,0.143) s=0.503 PSDFmin=+0.001191 G=OK(+2.384e-09) MF=OK(active=5/20,min=+0.01933,slack=+2.441e-11)
[RMPCC 0048] OK solve=135.7ms pose=(0.375,0.562,0.354) u=(0.127,0.156) s=0.516 PSDFmin=+0.00169 G=OK(+2.387e-15) MF=OK(active=5/20,min=+0.1313,slack=+2.664e-16)
[RMPCC 0049] OK solve=119.5ms pose=(0.387,0.567,0.370) u=(0.128,0.136) s=0.528 PSDFmin=+0.001563 G=OK(+6.441e-12) MF=OK(active=5/20,min=+0.1962,slack=+6.207e-12)
[RMPCC 0050] OK solve=126.1ms pose=(0.399,0.572,0.384) u=(0.133,0.123) s=0.544 PSDFmin=+0.001671 G=OK(+6.106e-16) MF=OK(active=5/20,min=+0.2,slack=+4.82e-17)
[RMPCC 0051] OK solve=125.6ms pose=(0.411,0.577,0.396) u=(0.139,0.109) s=0.561 PSDFmin=+0.001766 G=OK(+7.407e-11) MF=OK(active=5/20,min=+0.2,slack=+2.4e-11)
[RMPCC 0052] OK solve=131.1ms pose=(0.424,0.582,0.407) u=(0.133,0.085) s=0.568 PSDFmin=+0.001842 G=OK(+9.459e-11) MF=OK(active=5/20,min=+0.2,slack=+2.56e-11)
[RMPCC 0053] OK solve=131.0ms pose=(0.436,0.587,0.415) u=(0.136,0.060) s=0.581 PSDFmin=+0.001877 G=OK(+3.087e-11) MF=OK(active=5/20,min=+0.2,slack=+1.387e-11)
[RMPCC 0054] OK solve=135.3ms pose=(0.449,0.593,0.421) u=(0.132,0.077) s=0.600 PSDFmin=+0.001756 G=OK(+1.499e-12) MF=OK(active=5/20,min=+7.194e-11,slack=+2.87e-14)
[RMPCC 0055] OK solve=124.9ms pose=(0.461,0.598,0.429) u=(0.131,0.052) s=0.608 PSDFmin=+0.001368 G=OK(+3.811e-09) MF=OK(active=5/20,min=+8.319e-08,slack=+1.371e-11)
[RMPCC 0056] OK solve=126.3ms pose=(0.473,0.603,0.434) u=(0.151,-0.218) s=0.623 PSDFmin=+0.001154 G=OK(+2.427e-13) MF=OK(active=5/20,min=+0.02077,slack=+6.523e-14)
[RMPCC 0057] OK solve=140.0ms pose=(0.486,0.610,0.413) u=(0.152,-0.071) s=0.644 PSDFmin=-0.005779 G=OK(+4.441e-16) MF=OK(active=5/20,min=+3.979e-13,slack=+4.581e-17)
[RMPCC 0058] OK solve=143.7ms pose=(0.500,0.616,0.406) u=(0.150,0.025) s=0.651 PSDFmin=-0.0001946 G=OK(+1.446e-10) MF=OK(active=5/20,min=+2.756e-08,slack=+1.117e-11)
[RMPCC 0059] OK solve=119.8ms pose=(0.514,0.622,0.408) u=(0.147,0.124) s=0.669 PSDFmin=-0.02084 G=OK(+1.332e-15) MF=OK(active=5/20,min=+1.635e-13,slack=+1.076e-16)
[RMPCC 0060] OK solve=119.4ms pose=(0.528,0.628,0.420) u=(0.141,-0.007) s=0.681 PSDFmin=-0.00504 G=OK(+0) MF=OK(active=5/20,min=+9.24e-14,slack=+2.602e-17)
[RMPCC 0061] OK solve=119.8ms pose=(0.541,0.633,0.420) u=(0.135,-0.048) s=0.696 PSDFmin=-0.02991 G=OK(+4.644e-12) MF=OK(active=5/20,min=+1.281e-10,slack=+1.557e-13)
[RMPCC 0062] OK solve=116.9ms pose=(0.553,0.639,0.415) u=(0.130,-0.416) s=0.708 PSDFmin=-0.01171 G=OK(+9.992e-16) MF=OK(active=5/20,min=+5.472e-13,slack=+8.175e-17)
[RMPCC 0063] OK solve=118.3ms pose=(0.565,0.644,0.373) u=(0.125,-0.628) s=0.724 PSDFmin=-0.03321 G=OK(+4.278e-13) MF=OK(active=5/20,min=+3.507e-11,slack=+1.763e-14)
[RMPCC 0064] OK solve=122.7ms pose=(0.576,0.649,0.311) u=(0.126,-0.429) s=0.734 PSDFmin=-0.006529 G=OK(+7.028e-14) MF=OK(active=5/20,min=+0.06393,slack=+2.197e-13)
[RMPCC 0065] OK solve=121.7ms pose=(0.588,0.653,0.268) u=(0.125,-0.672) s=0.746 PSDFmin=-0.01879 G=OK(+1.11e-15) MF=OK(active=5/20,min=+0.02206,slack=+4.307e-14)
[RMPCC 0066] OK solve=135.9ms pose=(0.601,0.656,0.200) u=(0.129,-0.381) s=0.759 PSDFmin=-0.0007831 G=OK(+3.14e-13) MF=OK(active=5/20,min=+0.03891,slack=+9.243e-15)
[RMPCC 0067] OK solve=124.1ms pose=(0.613,0.658,0.162) u=(0.122,-0.193) s=0.772 PSDFmin=-0.004743 G=OK(+9.703e-14) MF=OK(active=5/20,min=+9.17e-12,slack=+3.92e-15)
[RMPCC 0068] OK solve=116.8ms pose=(0.625,0.660,0.143) u=(0.111,-0.184) s=0.784 PSDFmin=+0.0009932 G=OK(+1.354e-14) MF=OK(active=5/20,min=+1.955e-11,slack=+8.045e-15)
[RMPCC 0069] OK solve=117.4ms pose=(0.636,0.662,0.125) u=(0.117,-0.136) s=0.795 PSDFmin=+0.001843 G=OK(+1.408e-12) MF=OK(active=5/20,min=+3.22e-11,slack=+3.562e-14)
[RMPCC 0070] OK solve=116.6ms pose=(0.648,0.663,0.111) u=(0.122,-0.400) s=0.806 PSDFmin=-0.001088 G=OK(+2.22e-15) MF=OK(active=5/20,min=+2.595e-11,slack=+3.535e-14)
[RMPCC 0071] OK solve=135.3ms pose=(0.660,0.665,0.071) u=(0.116,-0.337) s=0.816 PSDFmin=+0.001461 G=OK(+0) MF=OK(active=5/20,min=+3.736e-14,slack=+5.205e-17)
[RMPCC 0072] OK solve=142.9ms pose=(0.672,0.666,0.037) u=(0.103,-0.348) s=0.827 PSDFmin=+0.001133 G=OK(+1.132e-14) MF=OK(active=5/20,min=+1.196e-12,slack=+1.932e-15)
[RMPCC 0073] OK solve=126.8ms pose=(0.682,0.666,0.002) u=(0.092,-0.333) s=0.837 PSDFmin=+0.001195 G=OK(+6.393e-12) MF=OK(active=5/20,min=+1.395e-10,slack=+3.642e-13)
[RMPCC 0074] OK solve=124.9ms pose=(0.691,0.666,-0.031) u=(0.086,-0.280) s=0.847 PSDFmin=+0.001325 G=OK(+7.361e-14) MF=OK(active=5/20,min=+7.733e-13,slack=+2.318e-15)
[RMPCC 0075] OK solve=121.5ms pose=(0.700,0.666,-0.059) u=(0.077,-0.287) s=0.855 PSDFmin=+0.001232 G=OK(+6.059e-12) MF=OK(active=5/20,min=+1.438e-10,slack=+4.367e-13)
[RMPCC 0076] OK solve=127.6ms pose=(0.707,0.665,-0.088) u=(0.070,-0.218) s=0.863 PSDFmin=+0.001145 G=OK(+1.146e-11) MF=OK(active=5/20,min=+9.998e-11,slack=+3.882e-13)
[RMPCC 0077] OK solve=119.9ms pose=(0.714,0.665,-0.109) u=(0.075,-0.321) s=0.868 PSDFmin=+0.00122 G=OK(+2.22e-15) MF=OK(active=5/20,min=+6.058e-14,slack=+1.837e-16)
[RMPCC 0078] OK solve=132.0ms pose=(0.722,0.664,-0.142) u=(0.051,-0.401) s=0.877 PSDFmin=+0.001305 G=OK(+4.23e-14) MF=OK(active=5/20,min=+7.688e-13,slack=+1.457e-15)
[RMPCC 0079] OK solve=129.1ms pose=(0.727,0.663,-0.182) u=(0.060,-0.369) s=0.882 PSDFmin=+0.001578 G=OK(+1.943e-14) MF=OK(active=5/20,min=+3.483e-12,slack=+8.002e-15)
[RMPCC 0080] OK solve=119.9ms pose=(0.732,0.662,-0.218) u=(0.047,-0.301) s=0.888 PSDFmin=+0.001077 G=OK(+1.221e-15) MF=OK(active=5/20,min=+1.636e-13,slack=+1.979e-16)
[RMPCC 0081] OK solve=127.8ms pose=(0.737,0.661,-0.249) u=(0.119,-0.630) s=0.893 PSDFmin=+0.001652 G=OK(+2.857e-12) MF=OK(active=5/20,min=+1.184e-10,slack=+1.079e-13)
[RMPCC 0082] OK solve=120.0ms pose=(0.749,0.658,-0.312) u=(0.081,-1.154) s=0.904 PSDFmin=+0.001896 G=OK(+1.887e-15) MF=OK(active=5/20,min=+2.416e-13,slack=+5.213e-17)
[RMPCC 0083] OK solve=242.5ms pose=(0.756,0.656,-0.427) u=(0.080,-0.548) s=0.912 PSDFmin=+0.00167 G=OK(+1.144e-14) MF=OK(active=5/20,min=+5.833e-13,slack=+6.745e-16)
[RMPCC 0084] OK solve=374.6ms pose=(0.764,0.652,-0.482) u=(0.081,-0.207) s=0.919 PSDFmin=+0.001099 G=OK(+4.663e-15) MF=OK(active=4/20,min=-4.295e-15,slack=+0.0243)
[RMPCC 0085] OK solve=244.3ms pose=(0.771,0.649,-0.503) u=(0.076,-0.795) s=0.931 PSDFmin=+0.001367 G=OK(+3.626e-11) MF=OK(active=4/20,min=+2.937e-09,slack=+1.562e-12)
[RMPCC 0086] OK solve=281.3ms pose=(0.777,0.645,-0.582) u=(0.083,-0.796) s=0.938 PSDFmin=+0.0006898 G=OK(+5.906e-14) MF=OK(active=5/20,min=+4.089e-11,slack=+1.802e-14)
[RMPCC 0087] OK solve=254.9ms pose=(0.784,0.640,-0.662) u=(0.044,-0.395) s=0.946 PSDFmin=-0.001206 G=OK(+1.762e-12) MF=OK(active=3/20,min=+4.93e-11,slack=+7.543e-14)
[RMPCC 0088] OK solve=126.1ms pose=(0.788,0.638,-0.701) u=(0.116,-0.335) s=0.951 PSDFmin=+0.00101 G=OK(+1.93e-13) MF=OK(active=5/20,min=+3.539e-11,slack=+4.601e-14)
[RMPCC 0089] OK solve=121.1ms pose=(0.797,0.630,-0.735) u=(0.058,-0.226) s=0.965 PSDFmin=+0.001 G=OK(+1.055e-14) MF=OK(active=5/20,min=+3.922e-12,slack=+3.735e-15)
[RMPCC 0090] OK solve=141.7ms pose=(0.801,0.626,-0.757) u=(0.087,-0.225) s=0.968 PSDFmin=+0.0009832 G=OK(+7.772e-16) MF=OK(active=5/20,min=+5.229e-13,slack=+6.584e-16)
[RMPCC 0091] OK solve=253.4ms pose=(0.807,0.620,-0.780) u=(0.043,-0.112) s=0.980 PSDFmin=+0.001006 G=OK(+1.067e-11) MF=OK(active=5/20,min=+2.33e-10,slack=+4.402e-13)
[RMPCC 0092] OK solve=248.5ms pose=(0.810,0.617,-0.791) u=(0.098,-0.046) s=0.981 PSDFmin=+0.001 G=OK(+1.509e-13) MF=OK(active=4/20,min=+3.984e-12,slack=+5.127e-15)
[RMPCC 0093] OK solve=244.7ms pose=(0.817,0.610,-0.795) u=(0.049,-0.023) s=0.995 PSDFmin=+0.001001 G=OK(+1.165e-12) MF=OK(active=5/20,min=+4.102e-11,slack=+4.115e-14)
[RMPCC 0094] OK solve=370.2ms pose=(0.821,0.607,-0.798) u=(0.025,-0.004) s=0.997 PSDFmin=+0.001003 G=OK(+6.14e-13) MF=OK(active=4/20,min=+1.58e-11,slack=+2.079e-14)
[RMPCC 0095] OK solve=268.2ms pose=(0.822,0.605,-0.798) u=(0.100,-0.136) s=0.998 PSDFmin=+0.001013 G=OK(+1.01e-11) MF=OK(active=4/20,min=+5.991e-11,slack=+3.336e-13)
[RMPCC 0096] OK solve=136.1ms pose=(0.829,0.598,-0.812) u=(0.089,-0.107) s=1.012 PSDFmin=+0.001024 G=OK(+7.638e-13) MF=OK(active=5/20,min=+2.494e-11,slack=+3.259e-14)
[RMPCC 0097] OK solve=143.2ms pose=(0.835,0.592,-0.822) u=(0.132,0.128) s=1.017 PSDFmin=+0.001009 G=OK(+4.525e-13) MF=OK(active=5/20,min=+6.571e-12,slack=+2.049e-14)
[RMPCC 0098] OK solve=134.1ms pose=(0.844,0.582,-0.810) u=(0.147,0.125) s=1.030 PSDFmin=+0.001031 G=OK(+2.536e-13) MF=OK(active=5/20,min=+9.916e-12,slack=+1.134e-14)
[RMPCC 0099] OK solve=123.7ms pose=(0.855,0.571,-0.797) u=(0.074,0.424) s=1.048 PSDFmin=+0.001074 G=OK(+3.531e-14) MF=OK(active=5/20,min=+8.117e-13,slack=+1.682e-15)
[RMPCC 0100] OK solve=121.4ms pose=(0.860,0.566,-0.755) u=(0.127,0.693) s=1.051 PSDFmin=+0.00107 G=OK(+8.882e-16) MF=OK(active=5/20,min=+3.558e-14,slack=+5.113e-17)
[RMPCC 0101] OK solve=133.5ms pose=(0.869,0.557,-0.686) u=(0.092,0.945) s=1.064 PSDFmin=+0.001212 G=OK(+1.077e-13) MF=OK(active=5/20,min=+2.802e-14,slack=+6.715e-15)
[RMPCC 0102] OK solve=132.4ms pose=(0.876,0.551,-0.591) u=(0.106,0.946) s=1.073 PSDFmin=+0.001149 G=OK(+6.06e-13) MF=OK(active=5/20,min=+4.818e-11,slack=+1.566e-13)
[RMPCC 0103] OK solve=125.2ms pose=(0.885,0.545,-0.496) u=(0.095,1.000) s=1.084 PSDFmin=-0.02965 G=OK(+7.524e-11) MF=OK(active=5/20,min=+6.383e-08,slack=+3.516e-11)
[RMPCC 0104] OK solve=123.3ms pose=(0.893,0.541,-0.396) u=(0.107,0.617) s=1.093 PSDFmin=-0.003269 G=OK(+4.441e-16) MF=OK(active=5/20,min=+1.778e-14,slack=+1.149e-17)
[RMPCC 0105] OK solve=130.1ms pose=(0.903,0.537,-0.335) u=(0.099,0.940) s=1.104 PSDFmin=-0.01658 G=OK(+2.596e-13) MF=OK(active=5/20,min=+2.715e-11,slack=+1.164e-14)
[RMPCC 0106] OK solve=129.2ms pose=(0.913,0.534,-0.241) u=(0.095,0.513) s=1.112 PSDFmin=-0.0008033 G=OK(+5.051e-10) MF=OK(active=5/20,min=+2.34e-08,slack=+1.277e-11)
[RMPCC 0107] OK solve=129.7ms pose=(0.922,0.531,-0.189) u=(0.082,0.633) s=1.115 PSDFmin=-0.004105 G=OK(+2.051e-12) MF=OK(active=5/20,min=+3.358e-10,slack=+2.039e-13)
[RMPCC 0108] OK solve=144.0ms pose=(0.930,0.530,-0.126) u=(0.089,0.377) s=1.125 PSDFmin=+0.0009835 G=OK(+3.25e-13) MF=OK(active=5/20,min=+1.302e-09,slack=+8.519e-13)
[RMPCC 0109] OK solve=131.1ms pose=(0.939,0.529,-0.088) u=(0.079,0.280) s=1.138 PSDFmin=+0.001305 G=OK(+3.029e-09) MF=OK(active=5/20,min=+9.811e-08,slack=+7.555e-11)
[RMPCC 0110] OK solve=116.8ms pose=(0.947,0.528,-0.060) u=(0.067,0.261) s=1.140 PSDFmin=+0.000977 G=OK(+7.216e-16) MF=OK(active=5/20,min=+6.543e-12,slack=+6.682e-15)
[RMPCC 0111] OK solve=128.9ms pose=(0.953,0.528,-0.034) u=(0.083,0.233) s=1.146 PSDFmin=+0.001193 G=OK(+2.109e-15) MF=OK(active=5/20,min=+4.624e-14,slack=+5.059e-17)
[RMPCC 0112] OK solve=119.4ms pose=(0.961,0.527,-0.011) u=(0.068,0.352) s=1.155 PSDFmin=+0.001156 G=OK(+5.551e-15) MF=OK(active=5/20,min=+2.623e-13,slack=+2.849e-16)
[RMPCC 0113] OK solve=141.4ms pose=(0.968,0.527,0.024) u=(0.094,0.376) s=1.161 PSDFmin=+0.001273 G=OK(+2.354e-14) MF=OK(active=5/20,min=+6.334e-13,slack=+1.02e-15)
[RMPCC 0114] OK solve=141.8ms pose=(0.978,0.527,0.062) u=(0.057,0.421) s=1.171 PSDFmin=+0.001246 G=OK(+7.827e-14) MF=OK(active=5/20,min=+2.617e-12,slack=+5.162e-15)
[RMPCC 0115] OK solve=140.4ms pose=(0.983,0.528,0.104) u=(0.099,0.311) s=1.177 PSDFmin=+0.001536 G=OK(+2.276e-12) MF=OK(active=5/20,min=+1.422e-11,slack=+5.482e-14)
[RMPCC 0116] OK solve=140.8ms pose=(0.993,0.529,0.135) u=(0.049,0.293) s=1.186 PSDFmin=+0.001251 G=OK(+1.584e-12) MF=OK(active=5/20,min=+3.143e-11,slack=+1.043e-13)
[RMPCC 0117] OK solve=141.1ms pose=(0.998,0.529,0.164) u=(0.107,0.232) s=1.191 PSDFmin=+0.001405 G=OK(+6.001e-13) MF=OK(active=5/20,min=+6.619e-12,slack=+1.543e-14)
[RMPCC 0118] OK solve=137.4ms pose=(1.009,0.531,0.188) u=(0.053,0.198) s=1.202 PSDFmin=+0.001165 G=OK(+3.165e-10) MF=OK(active=5/20,min=+1.89e-08,slack=+4.747e-11)
[RMPCC 0119] OK solve=135.2ms pose=(1.014,0.532,0.207) u=(0.098,0.278) s=1.207 PSDFmin=+0.001533 G=OK(+2.132e-14) MF=OK(active=5/20,min=+3.383e-13,slack=+8.1e-16)
[RMPCC 0120] OK solve=147.1ms pose=(1.024,0.534,0.235) u=(0.069,0.265) s=1.217 PSDFmin=+0.001133 G=OK(+2.764e-14) MF=OK(active=5/20,min=+9.043e-11,slack=+2.301e-13)
[RMPCC 0121] OK solve=378.3ms pose=(1.030,0.536,0.262) u=(0.107,0.608) s=1.223 PSDFmin=+0.001993 G=OK(+4.441e-16) MF=OK(active=5/20,min=+3.13e-13,slack=+4.03e-16)
[RMPCC 0122] OK solve=244.0ms pose=(1.041,0.539,0.323) u=(0.088,0.779) s=1.234 PSDFmin=+0.001427 G=OK(+4.95e-13) MF=OK(active=5/20,min=+5.563e-09,slack=+2.461e-12)
[RMPCC 0123] OK solve=360.4ms pose=(1.049,0.541,0.401) u=(0.099,0.393) s=1.242 PSDFmin=+0.001482 G=OK(+7.995e-12) MF=OK(active=4/20,min=+7.508e-10,slack=+8.452e-13)
[RMPCC 0124] OK solve=362.0ms pose=(1.058,0.545,0.440) u=(0.102,0.168) s=1.251 PSDFmin=+0.001204 G=OK(+2.808e-12) MF=OK(active=4/20,min=+5.017e-11,slack=+1.055e-13)
[RMPCC 0125] OK solve=269.0ms pose=(1.067,0.550,0.457) u=(0.053,0.630) s=1.264 PSDFmin=+0.001646 G=OK(+4.441e-14) MF=OK(active=4/20,min=+4.523e-13,slack=+1.06e-15)
[RMPCC 0126] OK solve=119.3ms pose=(1.072,0.552,0.520) u=(0.094,0.755) s=1.269 PSDFmin=+0.001228 G=OK(+1.377e-13) MF=OK(active=5/20,min=+2.682e-10,slack=+3.509e-14)
[RMPCC 0127] OK solve=112.7ms pose=(1.080,0.557,0.595) u=(0.051,0.546) s=1.279 PSDFmin=+0.001183 G=OK(+1.554e-15) MF=OK(active=5/20,min=+7.11e-14,slack=+4.603e-17)
[RMPCC 0128] OK solve=243.8ms pose=(1.085,0.559,0.650) u=(0.131,0.657) s=1.284 PSDFmin=+0.001753 G=OK(+1.048e-13) MF=OK(active=5/20,min=+4.706e-12,slack=+1.995e-15)
[RMPCC 0129] OK solve=250.4ms pose=(1.095,0.567,0.716) u=(0.067,0.389) s=1.297 PSDFmin=+0.001696 G=OK(+5.662e-14) MF=OK(active=4/20,min=+1.7e-10,slack=+3.072e-13)
[RMPCC 0130] OK solve=132.1ms pose=(1.100,0.572,0.754) u=(0.124,0.157) s=1.304 PSDFmin=+0.001147 G=OK(+4.963e-14) MF=OK(active=5/20,min=+1.609e-13,slack=+1.649e-16)
[RMPCC 0131] OK solve=239.2ms pose=(1.109,0.580,0.770) u=(0.062,1.113) s=1.316 PSDFmin=+0.003586 G=OK(+0.002423) MF=OK(active=5/20,min=-2.84e-14,slack=+2.138e-17)
[RMPCC 0132] OK solve=304.8ms pose=(1.114,0.585,0.881) u=(0.100,0.538) s=1.322 PSDFmin=+0.007636 G=OK(+0.006378) MF=OK(active=4/20,min=+3.556e-14,slack=+3.087e-17)
[RMPCC 0133] OK solve=120.4ms pose=(1.120,0.592,0.935) u=(0.107,0.225) s=1.332 PSDFmin=+0.007537 G=OK(+0.00528) MF=OK(active=5/20,min=+7.141e-15,slack=+3.597e-17)
[RMPCC 0134] OK solve=124.5ms pose=(1.126,0.601,0.958) u=(0.168,-0.076) s=1.342 PSDFmin=+0.006996 G=OK(+0.005715) MF=OK(active=5/20,min=+6.374e-10,slack=+1.421e-12)
[RMPCC 0135] OK solve=124.3ms pose=(1.136,0.615,0.950) u=(0.140,-1.200) s=1.358 PSDFmin=+0.00185 G=OK(+2.213e-08) MF=OK(active=5/20,min=+1.22e-09,slack=+7.277e-13)
[RMPCC 0136] OK solve=119.5ms pose=(1.144,0.626,0.830) u=(0.177,-0.871) s=1.371 PSDFmin=+0.0004269 G=OK(+6.162e-09) MF=OK(active=5/20,min=+4.4e-08,slack=+6.346e-11)
[RMPCC 0137] OK solve=115.3ms pose=(1.156,0.639,0.743) u=(0.128,-1.200) s=1.389 PSDFmin=+0.002006 G=OK(+4.543e-11) MF=OK(active=5/20,min=+1.409e-09,slack=+7.907e-13)
[RMPCC 0138] OK solve=135.7ms pose=(1.166,0.648,0.623) u=(0.144,-0.857) s=1.402 PSDFmin=+0.0004894 G=OK(+5.339e-11) MF=OK(active=5/20,min=+2.225e-09,slack=+3.913e-12)
[RMPCC 0139] OK solve=132.4ms pose=(1.177,0.656,0.537) u=(0.108,-1.200) s=1.416 PSDFmin=+0.0019 G=OK(+5.218e-15) MF=OK(active=5/20,min=+3.024e-14,slack=+4.142e-17)
[RMPCC 0140] OK solve=123.9ms pose=(1.187,0.662,0.417) u=(0.132,-0.547) s=1.427 PSDFmin=-0.0004635 G=OK(+2.621e-09) MF=OK(active=5/20,min=+2.567e-08,slack=+4.592e-11)
[RMPCC 0141] OK solve=128.3ms pose=(1.199,0.667,0.363) u=(0.115,-1.082) s=1.440 PSDFmin=-0.00619 G=OK(+1.606e-12) MF=OK(active=5/20,min=+7.561e-11,slack=+8.215e-14)
[RMPCC 0142] OK solve=119.8ms pose=(1.209,0.671,0.254) u=(0.112,-0.673) s=1.449 PSDFmin=+0.0009939 G=OK(+6.661e-16) MF=OK(active=5/20,min=+2.49e-14,slack=+2.807e-17)
[RMPCC 0143] OK solve=120.6ms pose=(1.220,0.674,0.187) u=(0.085,-0.313) s=1.462 PSDFmin=+0.0009902 G=OK(+1.887e-15) MF=OK(active=5/20,min=+1.929e-13,slack=+1.662e-16)
[RMPCC 0144] OK solve=119.9ms pose=(1.228,0.676,0.156) u=(0.081,-0.232) s=1.462 PSDFmin=+0.0008779 G=OK(+2.942e-14) MF=OK(active=5/20,min=+1.117e-11,slack=+3.246e-15)
[RMPCC 0145] OK solve=142.0ms pose=(1.236,0.677,0.133) u=(0.116,-0.532) s=1.476 PSDFmin=+0.001018 G=OK(+3.331e-16) MF=OK(active=5/20,min=+4.978e-14,slack=+4.387e-17)
[RMPCC 0146] OK solve=122.2ms pose=(1.248,0.678,0.079) u=(0.112,-0.224) s=1.481 PSDFmin=+0.0007689 G=OK(+4.62e-12) MF=OK(active=5/20,min=+5.581e-10,slack=+2.14e-13)
[RMPCC 0147] OK solve=134.9ms pose=(1.259,0.679,0.057) u=(0.118,-0.227) s=1.492 PSDFmin=+0.0009946 G=OK(+2.586e-10) MF=OK(active=5/20,min=+1.933e-08,slack=+1.484e-11)
[RMPCC 0148] OK solve=126.1ms pose=(1.271,0.680,0.034) u=(0.123,-0.084) s=1.505 PSDFmin=+0.001002 G=OK(+1.021e-12) MF=OK(active=5/20,min=+9.039e-09,slack=+2.931e-12)
[RMPCC 0149] OK solve=116.2ms pose=(1.283,0.680,0.026) u=(0.143,-0.091) s=1.520 PSDFmin=+0.001139 G=OK(+1.055e-14) MF=OK(active=5/20,min=+8.003e-05,slack=+1.396e-15)
[RMPCC 0150] OK solve=132.9ms pose=(1.297,0.681,0.017) u=(0.135,-0.095) s=1.530 PSDFmin=+0.001062 G=OK(+5.851e-14) MF=OK(active=5/20,min=+0.09712,slack=+1.207e-14)
[RMPCC 0151] OK solve=130.1ms pose=(1.311,0.681,0.007) u=(0.132,-0.078) s=1.544 PSDFmin=+0.001318 G=OK(+4.441e-16) MF=OK(active=5/20,min=+0.157,slack=+2.54e-17)
[RMPCC 0152] OK solve=126.4ms pose=(1.324,0.681,-0.000) u=(0.129,0.206) s=1.557 PSDFmin=-0.0299 G=OK(+5.551e-16) MF=OK(active=5/20,min=+0.1539,slack=+1.17e-17)
[RMPCC 0153] OK solve=127.8ms pose=(1.337,0.681,0.020) u=(0.129,-0.042) s=1.570 PSDFmin=-0.003538 G=OK(+2.04e-12) MF=OK(active=5/20,min=+0.2,slack=+3.214e-13)
[RMPCC 0154] OK solve=126.4ms pose=(1.350,0.681,0.016) u=(0.129,0.197) s=1.583 PSDFmin=-0.0167 G=OK(+2.776e-16) MF=OK(active=5/20,min=+0.1855,slack=+1.256e-15)
[RMPCC 0155] OK solve=117.9ms pose=(1.363,0.682,0.036) u=(0.128,-0.003) s=1.594 PSDFmin=-0.0006455 G=OK(+3.426e-13) MF=OK(active=5/20,min=+0.1979,slack=+2.045e-14)
[RMPCC 0156] OK solve=113.9ms pose=(1.376,0.682,0.035) u=(0.133,0.074) s=1.608 PSDFmin=-0.006711 G=OK(+3.98e-13) MF=OK(active=5/20,min=+4.651e-11,slack=+1.391e-14)
[RMPCC 0157] OK solve=116.1ms pose=(1.389,0.683,0.043) u=(0.130,0.061) s=1.617 PSDFmin=+0.001274 G=OK(+1.299e-14) MF=OK(active=5/20,min=+3.54e-10,slack=+4.311e-14)
[RMPCC 0158] OK solve=120.4ms pose=(1.402,0.683,0.049) u=(0.126,0.071) s=1.634 PSDFmin=+0.001146 G=OK(+3.075e-14) MF=OK(active=5/20,min=+2.023e-10,slack=+8.124e-14)
[RMPCC 0159] OK solve=118.5ms pose=(1.415,0.684,0.056) u=(0.115,0.089) s=1.641 PSDFmin=-0.00387 G=OK(+2.22e-16) MF=OK(active=5/20,min=+1.868e-13,slack=+2.572e-16)
[RMPCC 0160] OK solve=123.8ms pose=(1.426,0.684,0.065) u=(0.108,0.046) s=1.658 PSDFmin=+0.001287 G=OK(+7.883e-15) MF=OK(active=5/20,min=+4.907e-13,slack=+4.054e-16)
[RMPCC 0161] OK solve=124.5ms pose=(1.437,0.685,0.070) u=(0.091,0.117) s=1.665 PSDFmin=+0.001114 G=OK(+2.295e-13) MF=OK(active=5/20,min=+3.007e-12,slack=+9.365e-15)
[RMPCC 0162] OK solve=120.8ms pose=(1.446,0.686,0.081) u=(0.082,0.104) s=1.678 PSDFmin=+0.001582 G=OK(+1.84e-13) MF=OK(active=5/20,min=+1.649e-12,slack=+4.349e-15)
[RMPCC 0163] OK solve=138.1ms pose=(1.454,0.686,0.092) u=(0.079,0.101) s=1.687 PSDFmin=+0.001125 G=OK(+2.22e-16) MF=OK(active=5/20,min=+1.003e-17,slack=+1.003e-17)
[RMPCC 0164] OK solve=134.4ms pose=(1.462,0.687,0.102) u=(0.067,0.136) s=1.691 PSDFmin=+0.001556 G=OK(+2.063e-11) MF=OK(active=5/20,min=+2.242e-10,slack=+8.973e-13)
[RMPCC 0165] OK solve=126.3ms pose=(1.469,0.688,0.115) u=(0.064,0.145) s=1.701 PSDFmin=+0.001158 G=OK(+3.331e-16) MF=OK(active=5/20,min=+1.248e-14,slack=+4.29e-17)
[RMPCC 0166] OK solve=123.6ms pose=(1.475,0.688,0.130) u=(0.062,0.236) s=1.707 PSDFmin=+0.001432 G=OK(+6.098e-12) MF=OK(active=5/20,min=+6.429e-11,slack=+2.908e-13)
[RMPCC 0167] OK solve=130.7ms pose=(1.481,0.689,0.153) u=(0.061,0.389) s=1.714 PSDFmin=+0.00153 G=OK(+3.275e-14) MF=OK(active=5/20,min=+1.368e-10,slack=+4.112e-13)
[RMPCC 0168] OK solve=119.7ms pose=(1.487,0.690,0.192) u=(0.030,0.592) s=1.719 PSDFmin=+0.001229 G=OK(+1.208e-13) MF=OK(active=5/20,min=+1.373e-11,slack=+1.907e-14)
[RMPCC 0169] OK solve=134.5ms pose=(1.490,0.691,0.251) u=(0.136,0.760) s=1.721 PSDFmin=+0.001413 G=OK(+1.425e-11) MF=OK(active=5/20,min=+1.285e-09,slack=+5.024e-13)
[RMPCC 0170] OK solve=259.2ms pose=(1.503,0.694,0.327) u=(0.068,0.724) s=1.736 PSDFmin=+0.001516 G=OK(+3.542e-14) MF=OK(active=5/20,min=+3.583e-12,slack=+2.282e-15)
[RMPCC 0171] OK solve=244.5ms pose=(1.510,0.696,0.400) u=(0.138,0.654) s=1.743 PSDFmin=+0.001347 G=OK(+1.058e-12) MF=OK(active=4/20,min=+3.826e-11,slack=+5.096e-14)
[RMPCC 0172] OK solve=247.7ms pose=(1.522,0.702,0.465) u=(0.069,0.904) s=1.759 PSDFmin=+0.001041 G=OK(+8.882e-16) MF=OK(active=5/20,min=+6.043e-14,slack=+3.87e-17)
[RMPCC 0173] OK solve=249.7ms pose=(1.529,0.705,0.556) u=(0.089,0.929) s=1.766 PSDFmin=+0.001097 G=OK(+1.332e-15) MF=OK(active=4/20,min=+1.279e-13,slack=+4.911e-17)
[RMPCC 0174] OK solve=117.2ms pose=(1.536,0.709,0.649) u=(0.048,0.561) s=1.778 PSDFmin=+0.001156 G=OK(+7.671e-12) MF=OK(active=5/20,min=+2.143e-10,slack=+2.217e-13)
[RMPCC 0175] OK solve=125.4ms pose=(1.540,0.712,0.705) u=(0.138,0.332) s=1.780 PSDFmin=+0.001208 G=OK(+2.931e-14) MF=OK(active=5/20,min=+1.933e-12,slack=+3.063e-15)
[RMPCC 0176] OK solve=117.8ms pose=(1.550,0.721,0.738) u=(0.069,0.284) s=1.794 PSDFmin=+0.001109 G=OK(+2.887e-15) MF=OK(active=5/20,min=+8.743e-12,slack=+1.146e-14)
[RMPCC 0177] OK solve=131.2ms pose=(1.555,0.726,0.766) u=(0.093,0.191) s=1.807 PSDFmin=+0.00109 G=OK(+5.34e-12) MF=OK(active=5/20,min=+1.619e-10,slack=+2.195e-13)
[RMPCC 0178] OK solve=240.8ms pose=(1.562,0.732,0.785) u=(0.046,0.096) s=1.810 PSDFmin=+0.001046 G=OK(+2.131e-12) MF=OK(active=5/20,min=+1.041e-10,slack=+1.099e-13)
[RMPCC 0179] OK solve=250.2ms pose=(1.565,0.736,0.795) u=(0.104,0.086) s=1.823 PSDFmin=+0.00112 G=OK(+4.843e-13) MF=OK(active=4/20,min=+1.199e-11,slack=+2.471e-14)
[RMPCC 0180] OK solve=134.0ms pose=(1.573,0.743,0.804) u=(0.052,0.212) s=1.825 PSDFmin=+0.001283 G=OK(+4.441e-16) MF=OK(active=5/20,min=+1.423e-14,slack=+2.291e-17)
[RMPCC 0181] OK solve=124.0ms pose=(1.576,0.747,0.825) u=(0.130,0.231) s=1.830 PSDFmin=+0.001217 G=OK(+2.22e-15) MF=OK(active=5/20,min=+1.495e-13,slack=+2.373e-16)
[RMPCC 0182] OK solve=145.4ms pose=(1.585,0.756,0.848) u=(0.171,0.120) s=1.842 PSDFmin=+0.001301 G=OK(+5.174e-13) MF=OK(active=5/20,min=+4.756e-11,slack=+1.907e-13)
[RMPCC 0183] OK solve=138.9ms pose=(1.596,0.769,0.860) u=(0.096,0.003) s=1.859 PSDFmin=-0.002449 G=OK(+2.22e-16) MF=OK(active=5/20,min=+3.563e-15,slack=+1.046e-17)
[RMPCC 0184] OK solve=118.8ms pose=(1.603,0.776,0.860) u=(0.103,-0.213) s=1.875 PSDFmin=+0.001636 G=OK(+2.362e-12) MF=OK(active=5/20,min=+7.757e-11,slack=+8.755e-14)
[RMPCC 0185] OK solve=130.6ms pose=(1.609,0.784,0.839) u=(0.093,-1.160) s=1.879 PSDFmin=-0.004911 G=OK(+1.954e-14) MF=OK(active=5/20,min=+1.614e-12,slack=+1.251e-15)
[RMPCC 0186] OK solve=115.2ms pose=(1.616,0.791,0.723) u=(0.125,-0.679) s=1.888 PSDFmin=+0.002226 G=OK(+9.992e-15) MF=OK(active=5/20,min=+4.337e-13,slack=+3.053e-16)
[RMPCC 0187] OK solve=120.3ms pose=(1.625,0.799,0.655) u=(0.112,-1.200) s=1.900 PSDFmin=+7.969e-05 G=OK(+2.505e-13) MF=OK(active=5/20,min=+1.66e-11,slack=+1.109e-14)
[RMPCC 0188] OK solve=147.6ms pose=(1.634,0.806,0.535) u=(0.121,-0.838) s=1.911 PSDFmin=+0.001579 G=OK(+1.11e-15) MF=OK(active=5/20,min=+2.535e-14,slack=+3.746e-17)
[RMPCC 0189] OK solve=139.1ms pose=(1.644,0.812,0.451) u=(0.116,-0.987) s=1.923 PSDFmin=+0.001546 G=OK(+1.111e-11) MF=OK(active=5/20,min=+7.224e-10,slack=+9.437e-13)
[RMPCC 0190] OK solve=124.0ms pose=(1.655,0.818,0.352) u=(0.114,-0.645) s=1.935 PSDFmin=+0.001238 G=OK(+8.882e-16) MF=OK(active=5/20,min=+7.157e-14,slack=+7.614e-17)
[RMPCC 0191] OK solve=121.9ms pose=(1.666,0.821,0.288) u=(0.103,-0.768) s=1.939 PSDFmin=+0.001343 G=OK(+1.332e-15) MF=OK(active=5/20,min=+3.947e-13,slack=+3.19e-16)
[RMPCC 0192] OK solve=120.2ms pose=(1.675,0.824,0.211) u=(0.116,-0.461) s=1.952 PSDFmin=+0.001384 G=OK(+4.441e-16) MF=OK(active=5/20,min=+1.173e-13,slack=+4.199e-17)
[RMPCC 0193] OK solve=127.6ms pose=(1.687,0.827,0.165) u=(0.085,-0.576) s=1.957 PSDFmin=+0.001327 G=OK(+8.882e-16) MF=OK(active=5/20,min=+2.201e-14,slack=+3.193e-17)
[RMPCC 0194] OK solve=125.9ms pose=(1.695,0.828,0.107) u=(0.105,-0.433) s=1.966 PSDFmin=+0.001044 G=OK(-2.22e-16) MF=OK(active=5/20,min=+4.286e-13,slack=+5.175e-16)
[RMPCC 0195] OK solve=121.3ms pose=(1.706,0.829,0.064) u=(0.070,-0.550) s=1.976 PSDFmin=+0.001319 G=OK(+5.48e-12) MF=OK(active=5/20,min=+1.326e-10,slack=+2.085e-13)
[RMPCC 0196] OK solve=112.4ms pose=(1.713,0.830,0.009) u=(0.117,-0.499) s=1.983 PSDFmin=+0.001132 G=OK(+2.22e-16) MF=OK(active=5/20,min=+1.068e-14,slack=+2.051e-17)
[RMPCC 0197] OK solve=122.3ms pose=(1.724,0.830,-0.041) u=(0.058,-0.561) s=1.994 PSDFmin=+0.001214 G=OK(+7.339e-09) MF=OK(active=5/20,min=+9.078e-08,slack=+2.296e-10)
[RMPCC 0198] OK solve=131.4ms pose=(1.730,0.830,-0.097) u=(0.121,-0.433) s=1.995 PSDFmin=+0.001529 G=OK(+0) MF=OK(active=5/20,min=+2.95e-13,slack=+5.741e-16)
[RMPCC 0199] OK solve=120.9ms pose=(1.742,0.828,-0.140) u=(0.060,-0.626) s=2.010 PSDFmin=+0.001335 G=OK(+1.365e-12) MF=OK(active=5/20,min=+1.58e-11,slack=+3.741e-14)
[RMPCC 0200] OK solve=124.5ms pose=(1.748,0.828,-0.203) u=(0.082,-0.272) s=2.011 PSDFmin=+0.001585 G=OK(+8.939e-12) MF=OK(active=5/20,min=+1.969e-09,slack=+2.292e-12)
[RMPCC 0201] OK solve=113.2ms pose=(1.756,0.826,-0.230) u=(0.100,-0.539) s=2.026 PSDFmin=+0.002236 G=OK(+5.438e-12) MF=OK(active=5/20,min=+6.224e-10,slack=+1.413e-13)
[RMPCC 0202] OK solve=123.2ms pose=(1.766,0.824,-0.284) u=(0.060,-0.265) s=2.028 PSDFmin=+0.001598 G=OK(+5.107e-15) MF=OK(active=5/20,min=+6.967e-13,slack=+3.569e-16)
[RMPCC 0203] OK solve=258.4ms pose=(1.772,0.822,-0.310) u=(0.166,-0.330) s=2.029 PSDFmin=+0.001079 G=OK(+4.707e-14) MF=OK(active=5/20,min=+9.106e-13,slack=+1.142e-15)
[RMPCC 0204] OK solve=275.0ms pose=(1.787,0.817,-0.343) u=(0.083,-0.510) s=2.058 PSDFmin=+0.002953 G=OK(+0.001622) MF=OK(active=4/20,min=+2.922e-13,slack=+8.401e-16)
[RMPCC 0205] OK solve=236.5ms pose=(1.795,0.814,-0.394) u=(0.085,-0.636) s=2.064 PSDFmin=+0.001776 G=OK(+2.368e-11) MF=OK(active=5/20,min=+7.272e-09,slack=+1.281e-11)
[RMPCC 0206] OK solve=253.5ms pose=(1.803,0.811,-0.458) u=(0.042,-0.576) s=2.074 PSDFmin=+0.001536 G=OK(+0.0004512) MF=OK(active=4/20,min=+6.807e-12,slack=+2.17e-14)
[RMPCC 0207] OK solve=260.3ms pose=(1.807,0.809,-0.516) u=(0.154,-0.497) s=2.077 PSDFmin=+0.001129 G=OK(-2.22e-16) MF=OK(active=5/20,min=+6.644e-11,slack=+1.8e-13)
[RMPCC 0208] OK solve=266.1ms pose=(1.820,0.801,-0.565) u=(0.077,-1.200) s=2.094 PSDFmin=+0.007882 G=OK(+0.004123) MF=OK(active=4/20,min=+7.679e-13,slack=+5.513e-16)
[RMPCC 0209] OK solve=127.3ms pose=(1.827,0.797,-0.685) u=(0.099,-1.200) s=2.102 PSDFmin=+0.004186 G=OK(+0.002732) MF=OK(active=5/20,min=+1.47e-10,slack=+3.487e-14)
[RMPCC 0210] OK solve=115.4ms pose=(1.834,0.791,-0.805) u=(0.056,-0.915) s=2.115 PSDFmin=+0.001305 G=OK(+8.877e-12) MF=OK(active=5/20,min=+2.667e-10,slack=+3.796e-13)
[RMPCC 0211] OK solve=115.1ms pose=(1.838,0.787,-0.897) u=(0.066,-0.571) s=2.116 PSDFmin=+0.001054 G=OK(+1.186e-11) MF=OK(active=5/20,min=+2.382e-11,slack=+4.082e-14)
[RMPCC 0212] OK solve=128.7ms pose=(1.842,0.782,-0.954) u=(0.089,-0.786) s=2.129 PSDFmin=+0.001576 G=OK(+8.074e-13) MF=OK(active=5/20,min=+7.03e-11,slack=+1.566e-13)
[RMPCC 0213] OK solve=132.2ms pose=(1.848,0.775,-1.033) u=(0.096,-0.968) s=2.130 PSDFmin=+0.001092 G=OK(+1.592e-13) MF=OK(active=5/20,min=+1.152e-13,slack=+1.522e-15)
[RMPCC 0214] OK solve=133.4ms pose=(1.853,0.766,-1.129) u=(0.056,-0.638) s=2.145 PSDFmin=+0.0004081 G=OK(+3.921e-13) MF=OK(active=5/20,min=+7.84e-10,slack=+8.469e-13)
[RMPCC 0215] OK solve=122.6ms pose=(1.855,0.761,-1.193) u=(0.151,-0.584) s=2.146 PSDFmin=+0.001005 G=OK(+4.441e-16) MF=OK(active=5/20,min=+3.825e-17,slack=+3.828e-17)
[RMPCC 0216] OK solve=119.2ms pose=(1.860,0.747,-1.252) u=(0.126,-0.407) s=2.160 PSDFmin=+0.001039 G=OK(+6.883e-15) MF=OK(active=5/20,min=+7.819e-12,slack=+2.561e-15)
[RMPCC 0217] OK solve=119.2ms pose=(1.864,0.735,-1.292) u=(0.166,-0.693) s=2.171 PSDFmin=+0.0009676 G=OK(+2.764e-10) MF=OK(active=5/20,min=+0.108,slack=+8.361e-12)
[RMPCC 0218] OK solve=123.6ms pose=(1.869,0.719,-1.362) u=(0.166,-0.518) s=2.187 PSDFmin=+0.001085 G=OK(+2.583e-11) MF=OK(active=5/20,min=+0.2313,slack=+8.824e-13)
[RMPCC 0219] OK solve=120.2ms pose=(1.872,0.703,-1.414) u=(0.164,-0.425) s=2.204 PSDFmin=+0.001102 G=OK(+4.663e-15) MF=OK(active=5/20,min=+0.2018,slack=+1.922e-16)
[RMPCC 0220] OK solve=125.8ms pose=(1.875,0.687,-1.456) u=(0.154,-0.328) s=2.215 PSDFmin=+0.001138 G=OK(+5.747e-12) MF=OK(active=5/20,min=+0.2,slack=+2.711e-13)
[RMPCC 0221] OK solve=119.9ms pose=(1.877,0.672,-1.489) u=(0.151,-0.258) s=2.230 PSDFmin=+0.001229 G=OK(+2.22e-16) MF=OK(active=5/20,min=+0.2,slack=+1.621e-15)
[RMPCC 0222] OK solve=121.1ms pose=(1.878,0.657,-1.515) u=(0.148,-0.445) s=2.245 PSDFmin=-0.0282 G=OK(+4.441e-16) MF=OK(active=5/20,min=+0.1998,slack=+1.929e-14)
[RMPCC 0223] OK solve=115.3ms pose=(1.879,0.642,-1.559) u=(0.148,-0.154) s=2.260 PSDFmin=-0.001674 G=OK(+4.431e-12) MF=OK(active=5/20,min=+0.1979,slack=+1.519e-13)
[RMPCC 0224] OK solve=128.0ms pose=(1.879,0.627,-1.574) u=(0.151,-0.280) s=2.275 PSDFmin=-0.004433 G=OK(+3.127e-12) MF=OK(active=5/20,min=+0.1819,slack=+4.209e-12)
[RMPCC 0225] OK solve=130.5ms pose=(1.879,0.612,-1.602) u=(0.139,-0.155) s=2.280 PSDFmin=+0.0009156 G=OK(+6.262e-14) MF=OK(active=5/20,min=+0.1299,slack=+7.589e-15)
[RMPCC 0226] OK solve=119.5ms pose=(1.879,0.598,-1.618) u=(0.136,-0.162) s=2.296 PSDFmin=+0.001094 G=OK(+5.195e-12) MF=OK(active=5/20,min=+0.08331,slack=+6.332e-12)
[RMPCC 0227] OK solve=126.8ms pose=(1.878,0.584,-1.634) u=(0.135,-0.133) s=2.313 PSDFmin=-0.002437 G=OK(+0) MF=OK(active=5/20,min=+9.242e-14,slack=+5.088e-17)
[RMPCC 0228] OK solve=116.3ms pose=(1.877,0.571,-1.647) u=(0.115,-0.025) s=2.316 PSDFmin=-0.0003715 G=OK(+4.441e-16) MF=OK(active=5/20,min=+8.531e-14,slack=+4.096e-17)
[RMPCC 0229] OK solve=131.4ms pose=(1.876,0.560,-1.650) u=(0.117,-0.055) s=2.332 PSDFmin=+0.00142 G=OK(+4.885e-15) MF=OK(active=5/20,min=+1.401e-11,slack=+1.272e-14)
[RMPCC 0230] OK solve=117.5ms pose=(1.875,0.548,-1.655) u=(0.118,-0.127) s=2.351 PSDFmin=+0.001499 G=OK(+5.551e-14) MF=OK(active=5/20,min=+4.017e-12,slack=+2.527e-15)
[RMPCC 0231] OK solve=132.6ms pose=(1.874,0.536,-1.668) u=(0.109,-0.265) s=2.354 PSDFmin=+0.001192 G=OK(+1.144e-12) MF=OK(active=5/20,min=+6.936e-12,slack=+6.244e-14)
[RMPCC 0232] OK solve=143.1ms pose=(1.873,0.525,-1.695) u=(0.099,-0.220) s=2.372 PSDFmin=+0.001092 G=OK(+2.8e-13) MF=OK(active=5/20,min=+4.053e-12,slack=+1.024e-14)
[RMPCC 0233] OK solve=111.7ms pose=(1.872,0.515,-1.717) u=(0.088,-0.194) s=2.376 PSDFmin=+0.001444 G=OK(+1.332e-15) MF=OK(active=5/20,min=+2.138e-14,slack=+6.195e-17)
[RMPCC 0234] OK solve=126.4ms pose=(1.871,0.507,-1.736) u=(0.079,-0.162) s=2.377 PSDFmin=+0.001319 G=OK(+1.554e-15) MF=OK(active=5/20,min=+4.452e-13,slack=+1.268e-15)
[RMPCC 0235] OK solve=134.3ms pose=(1.869,0.499,-1.752) u=(0.076,-0.120) s=2.395 PSDFmin=+0.001338 G=OK(+6.661e-16) MF=OK(active=5/20,min=+1.423e-14,slack=+2.364e-17)
[RMPCC 0236] OK solve=143.7ms pose=(1.868,0.491,-1.764) u=(0.069,-0.146) s=2.396 PSDFmin=+0.001413 G=OK(+2.156e-13) MF=OK(active=5/20,min=+1.776e-11,slack=+5.071e-14)
[RMPCC 0237] OK solve=136.3ms pose=(1.867,0.485,-1.779) u=(0.053,-0.212) s=2.413 PSDFmin=+0.001313 G=OK(+3.931e-11) MF=OK(active=5/20,min=+1.037e-09,slack=+2.08e-12)
[RMPCC 0238] OK solve=142.9ms pose=(1.866,0.479,-1.800) u=(0.084,-0.241) s=2.413 PSDFmin=+0.001497 G=OK(+1.399e-14) MF=OK(active=5/20,min=+2.988e-12,slack=+3.545e-15)
[RMPCC 0239] OK solve=118.9ms pose=(1.864,0.471,-1.824) u=(0.047,-0.428) s=2.430 PSDFmin=+0.001182 G=OK(+2.365e-13) MF=OK(active=5/20,min=+2.131e-11,slack=+2.256e-14)
[RMPCC 0240] OK solve=132.3ms pose=(1.862,0.467,-1.867) u=(0.081,-0.239) s=2.430 PSDFmin=+0.001299 G=OK(+1.409e-11) MF=OK(active=5/20,min=+6.504e-10,slack=+6.426e-13)
[RMPCC 0241] OK solve=110.2ms pose=(1.860,0.459,-1.891) u=(0.040,-0.320) s=2.443 PSDFmin=+0.001228 G=OK(+1.8e-12) MF=OK(active=5/20,min=+1.354e-10,slack=+9.465e-14)
[RMPCC 0242] OK solve=243.9ms pose=(1.859,0.455,-1.923) u=(0.118,-0.363) s=2.446 PSDFmin=+0.001209 G=OK(+7.994e-15) MF=OK(active=5/20,min=+5.406e-13,slack=+5.82e-16)
[RMPCC 0243] OK solve=385.6ms pose=(1.855,0.444,-1.959) u=(0.072,-0.722) s=2.457 PSDFmin=+0.0009402 G=OK(+2.043e-14) MF=OK(active=4/20,min=+9.464e-13,slack=+1.39e-15)
[RMPCC 0244] OK solve=259.0ms pose=(1.852,0.437,-2.032) u=(0.074,-0.470) s=2.464 PSDFmin=+0.001144 G=OK(+1.099e-10) MF=OK(active=4/20,min=+4.257e-09,slack=+5.116e-12)
[RMPCC 0245] OK solve=255.2ms pose=(1.849,0.431,-2.078) u=(0.085,-0.168) s=2.475 PSDFmin=+0.001168 G=OK(+8.04e-12) MF=OK(active=5/20,min=-2.032e-14,slack=+0.01202)
[RMPCC 0246] OK solve=243.5ms pose=(1.845,0.423,-2.095) u=(0.069,-1.065) s=2.484 PSDFmin=+0.0009817 G=OK(+1.585e-13) MF=OK(active=4/20,min=+7.376e-11,slack=+2.683e-14)
[RMPCC 0247] OK solve=142.1ms pose=(1.841,0.417,-2.202) u=(0.080,-0.511) s=2.491 PSDFmin=+0.001061 G=OK(+6.883e-15) MF=OK(active=5/20,min=+5.451e-13,slack=+6.211e-16)
[RMPCC 0248] OK solve=139.3ms pose=(1.836,0.411,-2.253) u=(0.081,-0.432) s=2.502 PSDFmin=+0.00111 G=OK(+7.871e-13) MF=OK(active=5/20,min=+5.769e-11,slack=+7.951e-14)
[RMPCC 0249] OK solve=141.6ms pose=(1.831,0.405,-2.296) u=(0.107,-0.163) s=2.512 PSDFmin=+0.001145 G=OK(+1.754e-13) MF=OK(active=5/20,min=+8.874e-12,slack=+9.736e-15)
[RMPCC 0250] OK solve=134.8ms pose=(1.824,0.397,-2.312) u=(0.054,-0.222) s=2.523 PSDFmin=+0.001152 G=OK(+1.247e-11) MF=OK(active=5/20,min=+3.153e-10,slack=+4.261e-13)
[RMPCC 0251] OK solve=117.9ms pose=(1.821,0.393,-2.335) u=(0.073,-0.064) s=2.523 PSDFmin=+0.001002 G=OK(+1.142e-11) MF=OK(active=5/20,min=+7.85e-10,slack=+8.529e-13)
[RMPCC 0252] OK solve=127.6ms pose=(1.816,0.387,-2.341) u=(0.043,-0.005) s=2.533 PSDFmin=+0.001037 G=OK(+4.477e-10) MF=OK(active=5/20,min=+1.47e-08,slack=+2.1e-11)
[RMPCC 0253] OK solve=131.8ms pose=(1.813,0.384,-2.342) u=(0.086,-0.115) s=2.534 PSDFmin=+0.001198 G=OK(+3.109e-15) MF=OK(active=5/20,min=+5.375e-13,slack=+1.011e-15)
[RMPCC 0254] OK solve=125.4ms pose=(1.807,0.378,-2.353) u=(0.085,-0.286) s=2.544 PSDFmin=+0.001141 G=OK(+1.754e-14) MF=OK(active=5/20,min=+3.419e-13,slack=+8.332e-16)
[RMPCC 0255] OK solve=120.0ms pose=(1.801,0.372,-2.382) u=(0.173,-0.322) s=2.555 PSDFmin=+0.001189 G=OK(+2.522e-13) MF=OK(active=5/20,min=+9.469e-12,slack=+1.914e-14)
[RMPCC 0256] OK solve=119.8ms pose=(1.788,0.360,-2.414) u=(0.090,-0.309) s=2.576 PSDFmin=+0.001288 G=OK(+2.22e-16) MF=OK(active=5/20,min=-7.093e-15,slack=+1.257e-17)
[RMPCC 0257] OK solve=123.4ms pose=(1.781,0.354,-2.445) u=(0.157,-0.017) s=2.586 PSDFmin=+0.001013 G=OK(+1.488e-14) MF=OK(active=5/20,min=+3.56e-13,slack=+7.527e-16)
[RMPCC 0258] OK solve=131.0ms pose=(1.769,0.344,-2.447) u=(0.105,1.136) s=2.597 PSDFmin=+0.001 G=OK(+1.174e-12) MF=OK(active=5/20,min=+3.21e-11,slack=+5.811e-14)
[RMPCC 0259] OK solve=130.3ms pose=(1.761,0.338,-2.333) u=(0.111,0.953) s=2.607 PSDFmin=+0.001001 G=OK(+2.465e-14) MF=OK(active=5/20,min=+6.909e-13,slack=+1.724e-15)
[RMPCC 0260] OK solve=119.4ms pose=(1.754,0.329,-2.238) u=(0.109,1.070) s=2.618 PSDFmin=+0.001002 G=OK(+2.22e-16) MF=OK(active=5/20,min=+2.59e-17,slack=+2.608e-17)
[RMPCC 0261] OK solve=124.4ms pose=(1.747,0.321,-2.131) u=(0.111,0.946) s=2.624 PSDFmin=+0.001 G=OK(+6.325e-12) MF=OK(active=5/20,min=+1.864e-12,slack=+8.725e-14)
[RMPCC 0262] OK solve=121.7ms pose=(1.741,0.312,-2.036) u=(0.111,0.909) s=2.635 PSDFmin=+0.001001 G=OK(+4.441e-16) MF=OK(active=5/20,min=+2.631e-13,slack=+1.523e-16)
[RMPCC 0263] OK solve=116.4ms pose=(1.736,0.302,-1.945) u=(0.111,0.794) s=2.646 PSDFmin=+0.001 G=OK(+2.216e-11) MF=OK(active=5/20,min=+1.829e-07,slack=+4.357e-11)
[RMPCC 0264] OK solve=119.8ms pose=(1.732,0.291,-1.866) u=(0.106,0.685) s=2.657 PSDFmin=+0.001 G=OK(+4.441e-16) MF=OK(active=5/20,min=+3.396e-12,slack=+5.318e-16)
[RMPCC 0265] OK solve=123.6ms pose=(1.729,0.281,-1.797) u=(0.096,0.586) s=2.664 PSDFmin=+0.001 G=OK(+3.619e-14) MF=OK(active=5/20,min=+1.453e-11,slack=+2.634e-15)
[RMPCC 0266] OK solve=132.4ms pose=(1.727,0.272,-1.739) u=(0.087,0.499) s=2.669 PSDFmin=+0.001 G=OK(+1.377e-14) MF=OK(active=5/20,min=+2.289e-09,slack=+4.089e-13)
[RMPCC 0267] OK solve=130.5ms pose=(1.725,0.263,-1.689) u=(0.082,0.433) s=2.676 PSDFmin=+0.001 G=OK(+2.576e-14) MF=OK(active=5/20,min=+5.197e-13,slack=+1.629e-16)
[RMPCC 0268] OK solve=132.1ms pose=(1.724,0.255,-1.645) u=(0.082,0.380) s=2.684 PSDFmin=+0.001 G=OK(+1.932e-14) MF=OK(active=5/20,min=+6.78e-13,slack=+3.479e-16)
[RMPCC 0269] OK solve=131.4ms pose=(1.724,0.247,-1.607) u=(0.084,0.346) s=2.692 PSDFmin=+0.001044 G=OK(+1.554e-15) MF=OK(active=5/20,min=+7.822e-14,slack=+5.59e-17)
[RMPCC 0270] OK solve=116.0ms pose=(1.723,0.238,-1.573) u=(0.081,0.354) s=2.699 PSDFmin=+0.001041 G=OK(+4.441e-16) MF=OK(active=5/20,min=+7.643e-14,slack=+4.197e-17)
[RMPCC 0271] OK solve=125.4ms pose=(1.723,0.230,-1.537) u=(0.078,0.362) s=2.705 PSDFmin=+0.001018 G=OK(+7.629e-13) MF=OK(active=5/20,min=+2.509e-09,slack=+8.383e-13)
[RMPCC 0272] OK solve=123.0ms pose=(1.724,0.223,-1.501) u=(0.073,0.349) s=2.710 PSDFmin=+0.001023 G=OK(+7.994e-15) MF=OK(active=5/20,min=+1.051e-10,slack=+3.601e-14)
[RMPCC 0273] OK solve=149.5ms pose=(1.724,0.215,-1.466) u=(0.067,0.325) s=2.716 PSDFmin=+0.001025 G=OK(+8.471e-13) MF=OK(active=5/20,min=+2.286e-09,slack=+5.25e-13)
[RMPCC 0274] OK solve=159.8ms pose=(1.725,0.209,-1.434) u=(0.068,0.295) s=2.728 PSDFmin=+0.001026 G=OK(+6.535e-11) MF=OK(active=5/20,min=+6.909e-10,slack=+3.617e-13)
[RMPCC 0275] OK solve=152.6ms pose=(1.726,0.202,-1.404) u=(0.061,0.281) s=2.734 PSDFmin=+0.00102 G=OK(+4.388e-10) MF=OK(active=5/20,min=+2.619e-07,slack=+1.917e-10)
[RMPCC 0276] OK solve=136.1ms pose=(1.727,0.196,-1.376) u=(0.057,0.266) s=2.740 PSDFmin=+0.001019 G=OK(+2.22e-16) MF=OK(active=5/20,min=+1.306e-11,slack=+9.001e-15)
[RMPCC 0277] OK solve=129.3ms pose=(1.728,0.190,-1.350) u=(0.049,0.257) s=2.740 PSDFmin=+0.00101 G=OK(+2.842e-10) MF=OK(active=5/20,min=+9.753e-09,slack=+5.739e-12)
[RMPCC 0278] OK solve=126.4ms pose=(1.729,0.186,-1.324) u=(0.048,0.239) s=2.745 PSDFmin=+0.001011 G=OK(+6.007e-11) MF=OK(active=5/20,min=+5.244e-08,slack=+2.893e-11)
[RMPCC 0279] OK solve=121.3ms pose=(1.730,0.181,-1.300) u=(0.044,0.229) s=2.751 PSDFmin=+0.001015 G=OK(+3.109e-14) MF=OK(active=5/20,min=+3.569e-12,slack=+1.976e-15)
[RMPCC 0280] OK solve=132.5ms pose=(1.731,0.177,-1.277) u=(0.042,0.218) s=2.757 PSDFmin=+0.001015 G=OK(+6.439e-15) MF=OK(active=5/20,min=+3.981e-13,slack=+2.131e-16)
[RMPCC 0281] OK solve=124.4ms pose=(1.732,0.173,-1.255) u=(0.038,0.209) s=2.763 PSDFmin=+0.001014 G=OK(+1.732e-14) MF=OK(active=5/20,min=+4.977e-13,slack=+3.01e-16)
[RMPCC 0282] OK solve=121.2ms pose=(1.734,0.169,-1.234) u=(0.034,0.207) s=2.763 PSDFmin=+0.00101 G=OK(+5.901e-10) MF=OK(active=5/20,min=+2.744e-07,slack=+1.528e-10)
[RMPCC 0283] OK solve=127.7ms pose=(1.735,0.166,-1.214) u=(0.033,0.196) s=2.769 PSDFmin=+0.00101 G=OK(+3.655e-13) MF=OK(active=5/20,min=+1.331e-09,slack=+7.652e-13)
[RMPCC 0284] OK solve=125.2ms pose=(1.736,0.163,-1.194) u=(0.029,0.185) s=2.775 PSDFmin=+0.001006 G=OK(+7.221e-13) MF=OK(active=5/20,min=+4.187e-12,slack=+2.191e-15)
[RMPCC 0285] OK solve=131.8ms pose=(1.737,0.160,-1.175) u=(0.028,0.182) s=2.775 PSDFmin=+0.001006 G=OK(+1.992e-13) MF=OK(active=5/20,min=+7.492e-12,slack=+3.321e-15)
[RMPCC 0286] OK solve=127.1ms pose=(1.738,0.157,-1.157) u=(0.025,0.175) s=2.781 PSDFmin=+0.001009 G=OK(+9.19e-11) MF=OK(active=5/20,min=+3.733e-09,slack=+1.757e-12)
[RMPCC 0287] OK solve=131.4ms pose=(1.739,0.155,-1.140) u=(0.023,0.173) s=2.781 PSDFmin=+0.001006 G=OK(+3.02e-14) MF=OK(active=5/20,min=+2.545e-12,slack=+1.109e-15)
[RMPCC 0288] OK solve=129.6ms pose=(1.740,0.153,-1.123) u=(0.022,0.176) s=2.786 PSDFmin=+0.001009 G=OK(+1.554e-15) MF=OK(active=5/20,min=+9.965e-14,slack=+1.752e-16)
[RMPCC 0289] OK solve=134.0ms pose=(1.741,0.151,-1.105) u=(0.022,0.201) s=2.786 PSDFmin=+0.001017 G=OK(+2.178e-10) MF=OK(active=5/20,min=+1.139e-07,slack=+3.536e-11)
[RMPCC 0290] OK solve=119.3ms pose=(1.742,0.149,-1.085) u=(0.014,0.228) s=2.790 PSDFmin=+0.001017 G=OK(+3.755e-12) MF=OK(active=5/20,min=+2.12e-08,slack=+1.474e-12)
[RMPCC 0291] OK solve=117.2ms pose=(1.743,0.148,-1.062) u=(0.030,0.202) s=2.791 PSDFmin=+0.00101 G=OK(+7.927e-14) MF=OK(active=5/20,min=+7.845e-12,slack=+6.453e-16)
[RMPCC 0292] OK solve=130.4ms pose=(1.744,0.145,-1.042) u=(0.024,0.223) s=2.794 PSDFmin=+0.001016 G=OK(+2.204e-12) MF=OK(active=5/20,min=+5.682e-09,slack=+6.176e-13)
[RMPCC 0293] OK solve=124.1ms pose=(1.745,0.143,-1.020) u=(0.027,0.214) s=2.798 PSDFmin=+0.001039 G=OK(+2.417e-12) MF=OK(active=5/20,min=+1.317e-09,slack=+1.707e-13)
[RMPCC 0294] OK solve=124.1ms pose=(1.747,0.141,-0.998) u=(0.026,0.258) s=2.804 PSDFmin=+0.001026 G=OK(+3.695e-11) MF=OK(active=5/20,min=+2.112e-07,slack=+1.123e-11)
[RMPCC 0295] OK solve=248.8ms pose=(1.748,0.139,-0.972) u=(0.029,0.100) s=2.804 PSDFmin=+0.003987 G=OK(+0.003029) MF=OK(active=5/20,min=+1.375e-11,slack=+1.184e-13)
[RMPCC 0296] OK solve=431.8ms pose=(1.750,0.136,-0.962) u=(0.030,-0.030) s=2.810 PSDFmin=+0.004119 G=OK(+0.003128) MF=OK(active=3/20,min=-1.86e-12,slack=+0.06413)
[RMPCC 0297] OK solve=246.2ms pose=(1.751,0.134,-0.965) u=(0.027,0.201) s=2.812 PSDFmin=+0.003162 G=OK(+0.002215) MF=OK(active=2/20,min=+1.878e-12,slack=+1.87e-15)
[RMPCC 0298] OK solve=243.6ms pose=(1.753,0.132,-0.945) u=(0.014,0.100) s=2.816 PSDFmin=+0.00376 G=OK(+0.002749) MF=OK(active=5/20,min=-2.237e-14,slack=+0.0623)
[RMPCC 0299] OK solve=241.1ms pose=(1.754,0.130,-0.935) u=(0.028,0.561) s=2.816 PSDFmin=+0.002029 G=OK(+0.001066) MF=OK(active=2/20,min=+9.532e-10,slack=+5.551e-17)
[RMPCC 0300] OK solve=239.4ms pose=(1.755,0.128,-0.879) u=(0.014,0.281) s=2.820 PSDFmin=+0.002166 G=OK(+0.001182) MF=OK(active=5/20,min=+2.475e-12,slack=+2.038e-15)
[RMPCC 0301] OK solve=359.4ms pose=(1.756,0.127,-0.851) u=(0.011,0.363) s=2.821 PSDFmin=+0.0009914 G=OK(+1.596e-11) MF=OK(active=4/20,min=+5.15e-08,slack=+5.305e-12)
[RMPCC 0302] OK solve=239.1ms pose=(1.757,0.126,-0.815) u=(0.005,0.182) s=2.822 PSDFmin=+0.001338 G=OK(+0.0003149) MF=OK(active=4/20,min=+1.134e-10,slack=+1.36e-14)
[RMPCC 0303] OK solve=238.0ms pose=(1.757,0.126,-0.797) u=(0.058,0.549) s=2.822 PSDFmin=+0.001447 G=OK(+0.0004414) MF=OK(active=5/20,min=+7.148e-13,slack=+4.228e-15)
[RMPCC 0304] OK solve=274.6ms pose=(1.762,0.122,-0.742) u=(0.030,0.274) s=2.829 PSDFmin=+0.001622 G=OK(+0.000558) MF=OK(active=4/20,min=-7.458e-14,slack=+0.1692)
[RMPCC 0305] OK solve=138.2ms pose=(1.764,0.120,-0.714) u=(0.015,0.137) s=2.833 PSDFmin=+0.001535 G=OK(+0.0005196) MF=OK(active=5/20,min=-1.588e-12,slack=+4.025e-15)
[RMPCC 0306] OK solve=265.9ms pose=(1.765,0.119,-0.701) u=(0.007,0.344) s=2.835 PSDFmin=+0.001109 G=OK(+0.0002837) MF=OK(active=5/20,min=+5.607e-08,slack=+3.723e-12)
[RMPCC 0307] OK solve=422.3ms pose=(1.765,0.118,-0.666) u=(0.003,0.172) s=2.835 PSDFmin=+0.001169 G=OK(+0.0001707) MF=OK(active=4/20,min=+1.128e-11,slack=+2.504e-14)
[RMPCC 0308] OK solve=288.3ms pose=(1.766,0.118,-0.649) u=(0.007,0.200) s=2.835 PSDFmin=+0.001004 G=OK(+4.441e-16) MF=OK(active=4/20,min=+5.686e-14,slack=+2.079e-17)
Acados solver failed with status 4
Acados residuals [stat, eq, ineq, comp]: [154.71798   0.02001   0.29709   0.00022]
Acados SQP iterations: 1
RMPCC-MF diagnostics captured before infeasibility recovery.
RMPCC-MF failed-iterate infeasibility candidates:
  - {'constraint': 'row_m_soft_after_slack', 'stages': array([1, 2, 4, 5]), 'minimum_residual': -0.29708921920303055}
  - {'constraint': 'dynamics_or_stage0_equality', 'maximum_residual': 0.020010181747941447}
RMPCC-MF inactive Row M stages are trivially feasible.
RMPCC-MF minimum box residuals [state | input]: 8.360965855805836e-19 | 0.01331023748482506
SQP_RTI solver failed with status 4. Starting infeasible recovery.
Backup solver is unavailable; falling back to safe stop.
Applied nominal_safe_controller safe-stop plan after infeasible RMPCC-MF solve.
[RMPCC 0309] SAFE_STOP solve=213.9ms pose=(1.766,0.118,-0.629) u=(0.000,0.000) s=2.835 PSDFmin=+0.001011 G=FAIL(-0.008572) MF=FAIL(active=5/20,min=n/a,slack=n/a)
[RMPCC 0310] OK solve=119.2ms pose=(1.766,0.118,-0.629) u=(0.010,-0.213) s=2.835 PSDFmin=+0.0002838 G=OK(+0.0001881) MF=OK(active=5/20,min=+6.281e-10,slack=+6.706e-14)
[RMPCC 0311] OK solve=127.2ms pose=(1.767,0.117,-0.650) u=(0.005,-0.107) s=2.837 PSDFmin=+0.001125 G=OK(+0.0001384) MF=OK(active=5/20,min=+7.084e-08,slack=+4.036e-12)
[RMPCC 0312] OK solve=117.0ms pose=(1.767,0.117,-0.661) u=(0.003,-0.056) s=2.837 PSDFmin=+0.001034 G=OK(+8.309e-12) MF=OK(active=5/20,min=+4.518e-09,slack=+8.415e-14)
[RMPCC 0313] OK solve=128.0ms pose=(1.768,0.117,-0.667) u=(0.000,-0.964) s=2.837 PSDFmin=+0.001375 G=OK(+0.0007284) MF=OK(active=5/20,min=+1.19e-11,slack=+1.649e-14)
[RMPCC 0314] OK solve=252.3ms pose=(1.768,0.117,-0.763) u=(0.027,-0.590) s=2.837 PSDFmin=+0.001412 G=OK(+0.0005639) MF=OK(active=5/20,min=+1.542e-08,slack=+2.63e-13)
[RMPCC 0315] OK solve=366.9ms pose=(1.770,0.115,-0.822) u=(0.013,-0.295) s=2.841 PSDFmin=+0.001071 G=OK(+0.0001306) MF=OK(active=3/20,min=+1.421e-13,slack=+3.971e-17)
[RMPCC 0316] OK solve=241.2ms pose=(1.770,0.114,-0.852) u=(0.031,-0.137) s=2.841 PSDFmin=+0.0006546 G=OK(+0) MF=OK(active=4/20,min=-5.679e-14,slack=+5.45e-17)
[RMPCC 0317] OK solve=121.3ms pose=(1.773,0.111,-0.865) u=(0.074,0.052) s=2.845 PSDFmin=+0.001038 G=OK(+1.332e-15) MF=OK(active=1/20,min=+4.6e-07,slack=+8.873e-16)
[RMPCC 0318] OK solve=132.7ms pose=(1.777,0.106,-0.860) u=(0.037,1.200) s=2.852 PSDFmin=+0.002936 G=OK(+0.001825) MF=OK(active=5/20,min=+2.349e-12,slack=+0.1495)
[RMPCC 0319] OK solve=108.2ms pose=(1.780,0.103,-0.740) u=(0.021,0.600) s=2.854 PSDFmin=+0.004397 G=OK(+0.003364) MF=OK(active=5/20,min=+0.2,slack=+1.865e-13)
[RMPCC 0320] OK solve=112.2ms pose=(1.781,0.102,-0.680) u=(0.010,0.300) s=2.856 PSDFmin=+0.004893 G=OK(+0.003885) MF=OK(active=5/20,min=+0.1996,slack=+2.196e-16)
[RMPCC 0321] OK solve=125.5ms pose=(1.782,0.101,-0.650) u=(0.011,0.229) s=2.858 PSDFmin=+0.005245 G=OK(+0.004232) MF=OK(active=5/20,min=+0.1991,slack=+7.346e-14)
[RMPCC 0322] OK solve=127.1ms pose=(1.783,0.100,-0.627) u=(0.010,0.218) s=2.858 PSDFmin=+0.005593 G=OK(+0.004582) MF=OK(active=5/20,min=+0.1999,slack=+2.445e-15)
[RMPCC 0323] OK solve=114.3ms pose=(1.784,0.100,-0.605) u=(0.012,0.207) s=2.860 PSDFmin=+0.005922 G=OK(+0.004909) MF=OK(active=5/20,min=+0.1998,slack=+2.76e-17)
[RMPCC 0324] OK solve=118.6ms pose=(1.785,0.099,-0.585) u=(0.010,0.196) s=2.860 PSDFmin=+0.006238 G=OK(+0.005227) MF=OK(active=5/20,min=+0.2,slack=+5.294e-16)
[RMPCC 0325] OK solve=127.0ms pose=(1.786,0.098,-0.565) u=(0.009,0.185) s=2.860 PSDFmin=+0.006535 G=OK(+0.005527) MF=OK(active=5/20,min=+0.2,slack=+1.101e-12)
[RMPCC 0326] OK solve=140.8ms pose=(1.786,0.098,-0.547) u=(0.011,0.176) s=2.862 PSDFmin=+0.006816 G=OK(+0.005805) MF=OK(active=5/20,min=+0.2,slack=+6.067e-14)
[RMPCC 0327] OK solve=135.3ms pose=(1.787,0.097,-0.529) u=(0.009,0.167) s=2.862 PSDFmin=+0.007086 G=OK(+0.006078) MF=OK(active=5/20,min=+0.2,slack=+3.063e-17)
[RMPCC 0328] OK solve=122.7ms pose=(1.788,0.097,-0.512) u=(0.011,0.159) s=2.864 PSDFmin=+0.007344 G=OK(+0.006334) MF=OK(active=5/20,min=+0.2,slack=+2.606e-15)
[RMPCC 0329] OK solve=122.2ms pose=(1.789,0.096,-0.496) u=(0.009,0.151) s=2.864 PSDFmin=+0.007594 G=OK(+0.006586) MF=OK(active=5/20,min=+0.2,slack=+7.448e-14)
[RMPCC 0330] OK solve=122.3ms pose=(1.790,0.096,-0.481) u=(0.011,0.143) s=2.866 PSDFmin=+0.007833 G=OK(+0.006823) MF=OK(active=5/20,min=+0.2,slack=+1.74e-15)
[RMPCC 0331] OK solve=121.6ms pose=(1.791,0.095,-0.467) u=(0.009,0.136) s=2.866 PSDFmin=+0.008065 G=OK(+0.007057) MF=OK(active=5/20,min=+0.2,slack=+2.161e-15)
[RMPCC 0332] OK solve=140.0ms pose=(1.792,0.095,-0.453) u=(0.008,0.129) s=2.867 PSDFmin=+0.008286 G=OK(+0.00728) MF=OK(active=5/20,min=+0.2,slack=+2.951e-15)
[RMPCC 0333] OK solve=144.9ms pose=(1.792,0.095,-0.440) u=(0.009,0.123) s=2.869 PSDFmin=+0.008499 G=OK(+0.007492) MF=OK(active=5/20,min=+0.2,slack=+3.354e-13)
[RMPCC 0334] OK solve=143.2ms pose=(1.793,0.094,-0.428) u=(0.008,0.117) s=2.869 PSDFmin=+0.008705 G=OK(+0.0077) MF=OK(active=5/20,min=+0.2,slack=+5.543e-13)
[RMPCC 0335] OK solve=123.7ms pose=(1.794,0.094,-0.416) u=(0.008,0.111) s=2.869 PSDFmin=+0.008903 G=OK(+0.007897) MF=OK(active=5/20,min=+0.2,slack=+1.87e-15)
[RMPCC 0336] OK solve=131.2ms pose=(1.795,0.094,-0.405) u=(0.008,0.106) s=2.871 PSDFmin=+0.009094 G=OK(+0.008088) MF=OK(active=5/20,min=+0.2,slack=+5.589e-15)
[RMPCC 0337] OK solve=126.4ms pose=(1.796,0.093,-0.395) u=(0.008,0.102) s=2.871 PSDFmin=+0.009279 G=OK(+0.008274) MF=OK(active=5/20,min=+0.2,slack=+3.873e-15)
[RMPCC 0338] OK solve=116.6ms pose=(1.796,0.093,-0.384) u=(0.008,0.097) s=2.872 PSDFmin=+0.009457 G=OK(+0.008452) MF=OK(active=5/20,min=+0.2,slack=+1.362e-15)
[RMPCC 0339] OK solve=135.1ms pose=(1.797,0.093,-0.375) u=(0.008,0.093) s=2.873 PSDFmin=+0.00963 G=OK(+0.008625) MF=OK(active=5/20,min=+0.2,slack=+9.241e-15)
[RMPCC 0340] OK solve=129.9ms pose=(1.798,0.092,-0.365) u=(0.007,0.088) s=2.873 PSDFmin=+0.009797 G=OK(+0.008792) MF=OK(active=5/20,min=+0.2,slack=+3.407e-14)
[RMPCC 0341] OK solve=136.3ms pose=(1.798,0.092,-0.357) u=(0.007,0.084) s=2.874 PSDFmin=+0.009958 G=OK(+0.008954) MF=OK(active=5/20,min=+0.2,slack=+6.929e-14)
[RMPCC 0342] OK solve=126.4ms pose=(1.799,0.092,-0.348) u=(0.007,0.081) s=2.875 PSDFmin=+0.01011 G=OK(+0.00911) MF=OK(active=5/20,min=+0.2,slack=+7.125e-14)
[RMPCC 0343] OK solve=117.9ms pose=(1.800,0.092,-0.340) u=(0.007,0.077) s=2.875 PSDFmin=+0.01027 G=OK(+0.009262) MF=OK(active=5/20,min=+0.2,slack=+7.198e-14)
[RMPCC 0344] OK solve=128.5ms pose=(1.800,0.091,-0.332) u=(0.007,0.074) s=2.876 PSDFmin=+0.01041 G=OK(+0.009409) MF=OK(active=5/20,min=+0.2,slack=+6.115e-14)
[RMPCC 0345] OK solve=112.1ms pose=(1.801,0.091,-0.325) u=(0.007,0.070) s=2.877 PSDFmin=+0.01055 G=OK(+0.009551) MF=OK(active=5/20,min=+0.2,slack=+5.659e-14)
[RMPCC 0346] OK solve=126.5ms pose=(1.802,0.091,-0.318) u=(0.006,0.067) s=2.877 PSDFmin=+0.01069 G=OK(+0.009688) MF=OK(active=5/20,min=+0.2,slack=+1.09e-13)
[RMPCC 0347] OK solve=140.8ms pose=(1.802,0.091,-0.311) u=(0.006,0.064) s=2.878 PSDFmin=+0.01082 G=OK(+0.009821) MF=OK(active=5/20,min=+0.2,slack=+1.854e-13)
[RMPCC 0348] OK solve=115.6ms pose=(1.803,0.091,-0.305) u=(0.006,0.061) s=2.879 PSDFmin=+0.01095 G=OK(+0.00995) MF=OK(active=5/20,min=+0.2,slack=+2.848e-13)
[RMPCC 0349] OK solve=127.0ms pose=(1.803,0.090,-0.299) u=(0.006,0.059) s=2.879 PSDFmin=+0.01108 G=OK(+0.01007) MF=OK(active=5/20,min=+0.2,slack=+5.734e-13)
[RMPCC 0350] OK solve=135.6ms pose=(1.804,0.090,-0.293) u=(0.006,0.056) s=2.880 PSDFmin=+0.0112 G=OK(+0.01019) MF=OK(active=5/20,min=+0.2,slack=+5.492e-13)
[RMPCC 0351] OK solve=140.7ms pose=(1.804,0.090,-0.287) u=(0.006,0.054) s=2.880 PSDFmin=+0.01131 G=OK(+0.01031) MF=OK(active=5/20,min=+0.2,slack=+7.416e-13)
[RMPCC 0352] OK solve=116.3ms pose=(1.805,0.090,-0.282) u=(0.006,0.051) s=2.881 PSDFmin=+0.01142 G=OK(+0.01042) MF=OK(active=5/20,min=+0.2,slack=+8.855e-13)
[RMPCC 0353] OK solve=131.5ms pose=(1.806,0.090,-0.277) u=(0.005,0.049) s=2.881 PSDFmin=+0.01153 G=OK(+0.01053) MF=OK(active=5/20,min=+0.2,slack=+1.606e-12)
[RMPCC 0354] OK solve=116.8ms pose=(1.806,0.090,-0.272) u=(0.004,0.047) s=2.881 PSDFmin=+0.01164 G=OK(+0.01064) MF=OK(active=5/20,min=+0.2,slack=+3.442e-12)
[RMPCC 0355] OK solve=125.3ms pose=(1.806,0.090,-0.267) u=(0.005,0.044) s=2.882 PSDFmin=+0.01174 G=OK(+0.01074) MF=OK(active=5/20,min=+0.2,slack=+3.15e-13)
[RMPCC 0356] OK solve=118.2ms pose=(1.807,0.089,-0.263) u=(0.005,0.043) s=2.883 PSDFmin=+0.01183 G=OK(+0.01083) MF=OK(active=5/20,min=+0.2,slack=+4.622e-13)
[RMPCC 0357] OK solve=137.6ms pose=(1.807,0.089,-0.259) u=(0.005,0.040) s=2.883 PSDFmin=+0.01193 G=OK(+0.01093) MF=OK(active=5/20,min=+0.2,slack=+1.855e-13)
[RMPCC 0358] OK solve=123.0ms pose=(1.808,0.089,-0.255) u=(0.004,0.039) s=2.883 PSDFmin=+0.01202 G=OK(+0.01102) MF=OK(active=5/20,min=+0.2,slack=+2.166e-12)
[RMPCC 0359] OK solve=134.1ms pose=(1.808,0.089,-0.251) u=(0.003,0.036) s=2.883 PSDFmin=+0.0121 G=OK(+0.0111) MF=OK(active=5/20,min=+0.2,slack=+2.852e-16)
[RMPCC 0360] OK solve=117.0ms pose=(1.808,0.089,-0.247) u=(0.004,0.036) s=2.885 PSDFmin=+0.01219 G=OK(+0.01119) MF=OK(active=5/20,min=+0.2,slack=+1.364e-12)
[RMPCC 0361] OK solve=122.7ms pose=(1.809,0.089,-0.243) u=(0.004,0.034) s=2.885 PSDFmin=+0.01227 G=OK(+0.01127) MF=OK(active=5/20,min=+0.2,slack=+8.881e-13)
[RMPCC 0362] OK solve=131.9ms pose=(1.809,0.089,-0.240) u=(0.004,0.032) s=2.885 PSDFmin=+0.01234 G=OK(+0.01134) MF=OK(active=5/20,min=+0.2,slack=+1.043e-12)
[RMPCC 0363] OK solve=137.9ms pose=(1.810,0.089,-0.237) u=(0.004,0.031) s=2.885 PSDFmin=+0.01242 G=OK(+0.01142) MF=OK(active=5/20,min=+0.2,slack=+1.848e-12)
[RMPCC 0364] OK solve=114.8ms pose=(1.810,0.089,-0.234) u=(0.003,0.029) s=2.885 PSDFmin=+0.01249 G=OK(+0.01149) MF=OK(active=5/20,min=+0.2,slack=+1.483e-12)
목적지에 도착했습니다! 현재 위치: [1.81038 0.0885 ], 시간: 36.50초
Using rmpcc optimizer with differential_drive dynamics:
median:  0.12881159782409668
std:  0.05950224830079822
min:  0.10823607444763184
max:  0.4318122863769531
Simulation finished.
Run outcome: status=success, reason=None, final_time=36.50000000000025, distance_to_goal=0.00987731160618097
Optimizer runtime stats: safe_stop_count=1, backup_feasible_qp_success_count=0, plant_input_apply_count=365, last_solve_mode=sqp_rti
Trial history saved to /home/taek111/projects/psdf_mpcc/debug_runs/rmpcc_tuning/p4-h5_maze_r1/data/trial_history_MPC_rmpcc_rectangle_maze_p4-h5_maze_r1.csv
RMPCC constraint history saved to /home/taek111/projects/psdf_mpcc/debug_runs/rmpcc_tuning/p4-h5_maze_r1/data/rmpcc_constraints_MPC_rmpcc_rectangle_maze_p4-h5_maze_r1.csv
RMPCC debug history saved to /home/taek111/projects/psdf_mpcc/debug_runs/rmpcc_tuning/p4-h5_maze_r1/data/cycle_raw.csv
RMPCC debug history saved to /home/taek111/projects/psdf_mpcc/debug_runs/rmpcc_tuning/p4-h5_maze_r1/data/covariance_trajectory.csv
Pose-SDF data saved to /home/taek111/projects/psdf_mpcc/debug_runs/rmpcc_tuning/p4-h5_maze_r1/data/pose_sdf_MPC_rmpcc_rectangle_maze_p4-h5_maze_r1.csv
Total data points: 365
SDF statistics - Min: 0.0009, Max: 0.0620, Mean: 0.0133
