RMPCC configured from config: covariance_growth_scale=0.1, alpha_f=0.0002, alpha_v=4e-05, alpha_kappa=0.001, beta_v=0.002, beta_kappa=0.0008, beta_omega=0.0008
Resetting rmpcc optimizer for clean state...
generating global path with A* + Line of Sight
시작 위치: [0.075 0.795]
목적지: [1.8  0.09]
도착 판정 기준: position <= 0.01m, angle <= 0.01rad
Setting up RMPCC-MF optimizer...
RMPCC-MF Row M configuration: enabled=True, active only when phi > d_mf_mask=0.001, configured stages=[1, 2, 3, 4, 5, 6, 7, 8, 9, 10, 11, 12, 13, 14, 15, 16, 17, 18, 19, 20]
/home/taek111/projects/psdf_mpcc/models/geometry_utils.py:241: UserWarning: Creating a tensor from a list of numpy.ndarrays is extremely slow. Please consider converting the list to a single numpy.ndarray with numpy.array() before converting to a tensor. (Triggered internally at ../torch/csrc/utils/tensor_new.cpp:230.)
  edgesA = torch.tensor(edgesA, dtype=torch.float32)
Added two affine safety rows at intermediate/terminal stages: 0=HARD guard/recovery, 1=SOFT MF
field AcadosOcpDims.N has been migrated to AcadosOcpOptions.N_horizon. setting AcadosOcpOptions.N_horizon = N. For future comppatibility, please use AcadosOcpOptions.N_horizon directly.

WARNING: Gauss-Newton Hessian approximation with EXTERNAL cost type not well defined!
got cost_type EXTERNAL for cost_type_0, cost_type, cost_type_e, hessian_approx: 'GAUSS_NEWTON'.
With this setting, acados will proceed computing the exact Hessian for the cost term and no Hessian contribution from constraints and dynamics.
If the external cost is a linear least squares cost, this coincides with the Gauss-Newton Hessian.
Note: There is also the option to use the external cost module with a numerical Hessian approximation (see `ext_cost_num_hess`).
OR the option to provide a symbolic custom Hessian approximation (see `cost_expr_ext_cost_custom_hess`).

acados was compiled without OpenMP.
RMPCC-MF backup SQP_WITH_FEASIBLE_QP solver disabled; using nominal safe-stop recovery.
[RMPCC 0000] OK solve=153.4ms pose=(0.075,0.795,-1.571) u=(0.123,0.000) s=0.013 PSDFmin=+0.03 G=OK(+0.04134) MF=OK(active=20/20,min=+0.2,slack=+7.52e-12)
[RMPCC 0001] OK solve=134.9ms pose=(0.075,0.783,-1.571) u=(0.114,0.088) s=0.024 PSDFmin=-0.002916 G=OK(+1.48e-12) MF=OK(active=20/20,min=+0.2,slack=+1.587e-15)
[RMPCC 0002] OK solve=145.1ms pose=(0.075,0.771,-1.562) u=(0.118,0.140) s=0.035 PSDFmin=+0.002033 G=OK(+6.162e-14) MF=OK(active=14/20,min=+1.704e-10,slack=+6.194e-14)
[RMPCC 0003] OK solve=148.6ms pose=(0.075,0.759,-1.548) u=(0.124,-0.116) s=0.041 PSDFmin=+0.009877 G=OK(+0.007909) MF=OK(active=20/20,min=+3.332e-14,slack=+3.556e-17)
[RMPCC 0004] OK solve=145.2ms pose=(0.075,0.747,-1.560) u=(0.144,0.008) s=0.055 PSDFmin=+0.01088 G=OK(+0.008176) MF=OK(active=20/20,min=+9.151e-14,slack=+1.783e-16)
[RMPCC 0005] OK solve=130.4ms pose=(0.076,0.733,-1.559) u=(0.144,-0.012) s=0.056 PSDFmin=+0.01089 G=OK(+0.009415) MF=OK(active=20/20,min=+1.821e-14,slack=+2.833e-17)
[RMPCC 0006] OK solve=130.4ms pose=(0.076,0.718,-1.560) u=(0.143,0.091) s=0.071 PSDFmin=+0.01073 G=OK(+0.008918) MF=OK(active=20/20,min=+8.312e-13,slack=+1.658e-15)
[RMPCC 0007] OK solve=143.8ms pose=(0.076,0.704,-1.551) u=(0.141,-0.048) s=0.088 PSDFmin=+0.008785 G=OK(+0.008469) MF=OK(active=20/20,min=+1.067e-14,slack=+1.621e-17)
[RMPCC 0008] OK solve=132.5ms pose=(0.076,0.690,-1.556) u=(0.143,0.233) s=0.105 PSDFmin=+0.01093 G=OK(+0.008506) MF=OK(active=20/20,min=+2.994e-13,slack=+8.579e-15)
[RMPCC 0009] OK solve=135.7ms pose=(0.076,0.676,-1.532) u=(0.136,0.170) s=0.108 PSDFmin=+0.008636 G=OK(+0.008009) MF=OK(active=20/20,min=+5.512e-14,slack=+6.32e-17)
[RMPCC 0010] OK solve=139.8ms pose=(0.077,0.662,-1.515) u=(0.131,0.358) s=0.124 PSDFmin=+0.01112 G=OK(+0.008876) MF=OK(active=20/20,min=+9.443e-14,slack=+2.838e-16)
[RMPCC 0011] OK solve=132.1ms pose=(0.078,0.649,-1.480) u=(0.136,0.439) s=0.144 PSDFmin=+0.01018 G=OK(+0.008831) MF=OK(active=20/20,min=+3.817e-12,slack=+5.384e-15)
[RMPCC 0012] OK solve=138.8ms pose=(0.079,0.635,-1.436) u=(0.118,0.570) s=0.147 PSDFmin=+0.01042 G=OK(+0.008557) MF=OK(active=20/20,min=+4.266e-14,slack=+2.867e-17)
[RMPCC 0013] OK solve=133.7ms pose=(0.080,0.624,-1.379) u=(0.118,0.699) s=0.166 PSDFmin=+0.009794 G=OK(+0.008211) MF=OK(active=20/20,min=+2.684e-10,slack=+3.574e-13)
[RMPCC 0014] OK solve=136.3ms pose=(0.083,0.612,-1.309) u=(0.113,0.823) s=0.187 PSDFmin=+0.009968 G=OK(+0.007996) MF=OK(active=20/20,min=+6.761e-14,slack=+1.059e-16)
[RMPCC 0015] OK solve=134.3ms pose=(0.086,0.601,-1.226) u=(0.107,1.002) s=0.205 PSDFmin=+0.009091 G=OK(+0.007341) MF=OK(active=20/20,min=+3.734e-14,slack=+3.289e-17)
[RMPCC 0016] OK solve=137.7ms pose=(0.089,0.591,-1.126) u=(0.100,1.187) s=0.214 PSDFmin=+0.008701 G=OK(+0.006735) MF=OK(active=20/20,min=+1.379e-11,slack=+3.011e-14)
[RMPCC 0017] OK solve=145.8ms pose=(0.094,0.582,-1.008) u=(0.084,1.200) s=0.224 PSDFmin=+0.007366 G=OK(+0.005855) MF=OK(active=20/20,min=+3.11e-10,slack=+6.248e-14)
[RMPCC 0018] OK solve=137.7ms pose=(0.098,0.575,-0.888) u=(0.097,1.200) s=0.231 PSDFmin=+0.008553 G=OK(+0.006463) MF=OK(active=20/20,min=+4.273e-11,slack=+8.179e-13)
[RMPCC 0019] OK solve=132.2ms pose=(0.104,0.567,-0.768) u=(0.108,1.200) s=0.239 PSDFmin=+0.009051 G=OK(+0.007003) MF=OK(active=20/20,min=+4.55e-11,slack=+6.857e-13)
[RMPCC 0020] OK solve=129.4ms pose=(0.112,0.560,-0.648) u=(0.122,1.200) s=0.251 PSDFmin=+0.009598 G=OK(+0.007531) MF=OK(active=20/20,min=+1.67e-13,slack=+4.309e-17)
[RMPCC 0021] OK solve=144.7ms pose=(0.122,0.552,-0.528) u=(0.137,1.169) s=0.265 PSDFmin=+0.01069 G=OK(+0.008484) MF=OK(active=20/20,min=+1.83e-13,slack=+3.32e-17)
[RMPCC 0022] OK solve=130.4ms pose=(0.134,0.546,-0.411) u=(0.148,1.047) s=0.280 PSDFmin=+0.01265 G=OK(+0.01041) MF=OK(active=20/20,min=+2.238e-10,slack=+1.503e-14)
[RMPCC 0023] OK solve=132.9ms pose=(0.147,0.540,-0.306) u=(0.149,0.932) s=0.289 PSDFmin=+0.01323 G=OK(+0.01171) MF=OK(active=20/20,min=+1.197e-08,slack=+6.505e-11)
[RMPCC 0024] OK solve=133.3ms pose=(0.161,0.535,-0.213) u=(0.155,0.827) s=0.304 PSDFmin=+0.01123 G=OK(+0.01023) MF=OK(active=20/20,min=+1.852e-10,slack=+1.1e-12)
[RMPCC 0025] OK solve=134.7ms pose=(0.176,0.532,-0.130) u=(0.159,0.749) s=0.319 PSDFmin=+0.001069 G=OK(+9.06e-12) MF=OK(active=20/20,min=+9.223e-08,slack=+7.253e-12)
[RMPCC 0026] OK solve=144.0ms pose=(0.192,0.530,-0.055) u=(0.155,0.645) s=0.331 PSDFmin=+0.002146 G=OK(+2.274e-13) MF=OK(active=20/20,min=+5.686e-14,slack=+3.69e-17)
[RMPCC 0027] OK solve=137.1ms pose=(0.208,0.529,0.009) u=(0.149,0.579) s=0.345 PSDFmin=+0.004377 G=OK(+0.003349) MF=OK(active=20/20,min=+5.654e-11,slack=+1.422e-14)
[RMPCC 0028] OK solve=137.5ms pose=(0.223,0.529,0.067) u=(0.145,0.480) s=0.360 PSDFmin=+0.003674 G=OK(+0.002257) MF=OK(active=20/20,min=+3.981e-08,slack=+4.208e-11)
[RMPCC 0029] OK solve=149.6ms pose=(0.237,0.530,0.115) u=(0.140,0.527) s=0.374 PSDFmin=+0.004107 G=OK(+0.002974) MF=OK(active=20/20,min=+3.667e-12,slack=+1.558e-15)
[RMPCC 0030] OK solve=136.5ms pose=(0.251,0.532,0.168) u=(0.135,0.387) s=0.388 PSDFmin=+0.004021 G=OK(+0.002535) MF=OK(active=20/20,min=+4.269e-09,slack=+3.338e-12)
[RMPCC 0031] OK solve=155.7ms pose=(0.264,0.534,0.207) u=(0.127,0.432) s=0.399 PSDFmin=+0.003615 G=OK(+0.002327) MF=OK(active=20/20,min=+2.985e-13,slack=+1.156e-16)
[RMPCC 0032] OK solve=133.3ms pose=(0.277,0.537,0.250) u=(0.124,0.315) s=0.414 PSDFmin=+0.002651 G=OK(+0.002515) MF=OK(active=20/20,min=+5.827e-12,slack=+4.104e-15)
[RMPCC 0033] OK solve=137.3ms pose=(0.289,0.540,0.281) u=(0.119,0.292) s=0.426 PSDFmin=+0.002045 G=OK(+0.005206) MF=OK(active=20/20,min=+3.189e-09,slack=+2.82e-12)
[RMPCC 0034] OK solve=132.4ms pose=(0.300,0.543,0.311) u=(0.113,0.333) s=0.437 PSDFmin=-0.0002603 G=OK(+4.441e-16) MF=OK(active=20/20,min=+9.18e-12,slack=+3.001e-17)
[RMPCC 0035] OK solve=140.5ms pose=(0.311,0.546,0.344) u=(0.110,0.105) s=0.448 PSDFmin=+0.009102 G=OK(+5.652e-11) MF=OK(active=19/20,min=+0.1463,slack=+3.589e-12)
[RMPCC 0036] OK solve=131.0ms pose=(0.321,0.550,0.354) u=(0.112,-0.124) s=0.460 PSDFmin=+0.005778 G=OK(+9.992e-16) MF=OK(active=20/20,min=+0.1226,slack=+2.731e-17)
[RMPCC 0037] OK solve=126.6ms pose=(0.332,0.554,0.342) u=(0.112,-0.008) s=0.472 PSDFmin=+0.005573 G=OK(+5.905e-11) MF=OK(active=20/20,min=+4.469e-11,slack=+5.522e-13)
[RMPCC 0038] OK solve=137.7ms pose=(0.342,0.558,0.341) u=(0.113,0.036) s=0.483 PSDFmin=+0.006749 G=OK(+1.39e-10) MF=OK(active=20/20,min=+1.509e-09,slack=+1.05e-12)
[RMPCC 0039] OK solve=135.9ms pose=(0.353,0.562,0.345) u=(0.115,0.083) s=0.494 PSDFmin=+0.007484 G=OK(+1.695e-09) MF=OK(active=20/20,min=+2.836e-07,slack=+1.718e-11)
[RMPCC 0040] OK solve=133.4ms pose=(0.364,0.565,0.353) u=(0.119,0.075) s=0.506 PSDFmin=+0.006792 G=OK(+1.388e-11) MF=OK(active=20/20,min=+4.257e-12,slack=+1.466e-13)
[RMPCC 0041] OK solve=139.0ms pose=(0.375,0.570,0.361) u=(0.123,0.059) s=0.517 PSDFmin=+0.006681 G=OK(+0.002509) MF=OK(active=20/20,min=+3.793e-11,slack=+2.029e-13)
[RMPCC 0042] OK solve=146.2ms pose=(0.386,0.574,0.367) u=(0.129,0.041) s=0.530 PSDFmin=+0.005275 G=OK(+2.755e-11) MF=OK(active=20/20,min=+1.343e-09,slack=+1.466e-13)
[RMPCC 0043] OK solve=135.3ms pose=(0.399,0.579,0.371) u=(0.133,0.059) s=0.544 PSDFmin=+0.005786 G=OK(+4.015e-10) MF=OK(active=20/20,min=+1.75e-10,slack=+1.018e-12)
[RMPCC 0044] OK solve=141.6ms pose=(0.411,0.583,0.377) u=(0.140,0.047) s=0.561 PSDFmin=+0.005445 G=OK(+4.551e-10) MF=OK(active=20/20,min=+1.268e-08,slack=+9.633e-13)
[RMPCC 0045] OK solve=145.5ms pose=(0.424,0.589,0.381) u=(0.138,0.039) s=0.570 PSDFmin=+0.005256 G=OK(+4.211e-07) MF=OK(active=20/20,min=+1.931e-06,slack=+1.861e-10)
[RMPCC 0046] OK solve=135.1ms pose=(0.437,0.594,0.385) u=(0.142,0.029) s=0.584 PSDFmin=+0.005053 G=OK(+0.0004382) MF=OK(active=20/20,min=+7.95e-10,slack=+1.866e-13)
[RMPCC 0047] OK solve=144.4ms pose=(0.450,0.599,0.388) u=(0.148,-0.016) s=0.601 PSDFmin=+0.004598 G=OK(+0.0005937) MF=OK(active=20/20,min=+2.902e-12,slack=+3.328e-15)
[RMPCC 0048] OK solve=148.9ms pose=(0.464,0.605,0.387) u=(0.157,-0.052) s=0.621 PSDFmin=+0.004369 G=OK(+1.038e-10) MF=OK(active=20/20,min=-6.791e-15,slack=+3.162e-16)
[RMPCC 0049] OK solve=145.9ms pose=(0.478,0.611,0.381) u=(0.152,-0.090) s=0.629 PSDFmin=+0.004217 G=OK(+0.0009764) MF=OK(active=20/20,min=+5.852e-10,slack=+2.457e-12)
[RMPCC 0050] OK solve=124.7ms pose=(0.492,0.616,0.372) u=(0.156,-0.129) s=0.646 PSDFmin=+0.004039 G=OK(+9.714e-05) MF=OK(active=20/20,min=+3.114e-12,slack=+7.637e-13)
[RMPCC 0051] OK solve=133.6ms pose=(0.507,0.622,0.359) u=(0.159,-0.140) s=0.668 PSDFmin=+0.00411 G=OK(+3.172e-06) MF=OK(active=20/20,min=+1.135e-12,slack=+2.53e-15)
[RMPCC 0052] OK solve=131.3ms pose=(0.522,0.627,0.345) u=(0.145,-0.213) s=0.675 PSDFmin=+0.003101 G=OK(+0.001993) MF=OK(active=20/20,min=+1.214e-08,slack=+6.575e-11)
[RMPCC 0053] OK solve=139.0ms pose=(0.535,0.632,0.324) u=(0.144,-0.249) s=0.695 PSDFmin=+0.003731 G=OK(+0.002395) MF=OK(active=20/20,min=+2.166e-12,slack=+2.483e-15)
[RMPCC 0054] OK solve=131.6ms pose=(0.549,0.637,0.299) u=(0.132,-0.292) s=0.704 PSDFmin=+0.003537 G=OK(+0.002154) MF=OK(active=20/20,min=+2.271e-12,slack=+4.841e-15)
[RMPCC 0055] OK solve=134.9ms pose=(0.562,0.641,0.270) u=(0.134,-0.234) s=0.723 PSDFmin=+0.003938 G=OK(+0.002715) MF=OK(active=20/20,min=-4.302e-13,slack=+5.208e-14)
[RMPCC 0056] OK solve=141.6ms pose=(0.575,0.644,0.247) u=(0.125,-0.262) s=0.731 PSDFmin=-0.003132 G=OK(+0.002745) MF=OK(active=20/20,min=+8.495e-10,slack=+2.766e-12)
[RMPCC 0057] OK solve=138.5ms pose=(0.587,0.647,0.221) u=(0.119,-0.192) s=0.743 PSDFmin=+0.001042 G=OK(+1.332e-15) MF=OK(active=19/20,min=+2.315e-14,slack=+5.718e-17)
[RMPCC 0058] OK solve=130.0ms pose=(0.598,0.650,0.201) u=(0.114,-0.218) s=0.756 PSDFmin=+0.004683 G=OK(+0.003448) MF=OK(active=20/20,min=+6.505e-13,slack=+7.833e-16)
[RMPCC 0059] OK solve=132.5ms pose=(0.609,0.652,0.180) u=(0.116,-0.137) s=0.766 PSDFmin=+0.005135 G=OK(+0.003982) MF=OK(active=20/20,min=+2.201e-08,slack=+2.972e-11)
[RMPCC 0060] OK solve=130.6ms pose=(0.621,0.654,0.166) u=(0.120,-0.229) s=0.778 PSDFmin=+0.0005708 G=OK(+0.004756) MF=OK(active=20/20,min=+1.559e-12,slack=+1.362e-14)
[RMPCC 0061] OK solve=132.2ms pose=(0.633,0.656,0.143) u=(0.118,-0.186) s=0.789 PSDFmin=+0.006935 G=OK(+0.005793) MF=OK(active=19/20,min=+1.904e-14,slack=+4.883e-15)
[RMPCC 0062] OK solve=132.3ms pose=(0.644,0.658,0.124) u=(0.119,-0.316) s=0.801 PSDFmin=+0.007282 G=OK(+0.006657) MF=OK(active=20/20,min=+6.843e-11,slack=+3.89e-13)
[RMPCC 0063] OK solve=132.2ms pose=(0.656,0.660,0.093) u=(0.115,-0.227) s=0.812 PSDFmin=+0.005838 G=OK(+0.005811) MF=OK(active=20/20,min=-7.41e-13,slack=+5.709e-14)
[RMPCC 0064] OK solve=131.6ms pose=(0.668,0.661,0.070) u=(0.116,-0.324) s=0.823 PSDFmin=+0.007722 G=OK(+0.005933) MF=OK(active=20/20,min=+2.324e-10,slack=+1.438e-12)
[RMPCC 0065] OK solve=127.1ms pose=(0.679,0.661,0.038) u=(0.114,-0.400) s=0.835 PSDFmin=+0.00674 G=OK(+0.005535) MF=OK(active=20/20,min=+2.641e-11,slack=+2.206e-14)
[RMPCC 0066] OK solve=140.8ms pose=(0.690,0.662,-0.002) u=(0.106,-0.368) s=0.846 PSDFmin=+0.00634 G=OK(+0.005372) MF=OK(active=20/20,min=+9.274e-11,slack=+4.201e-13)
[RMPCC 0067] OK solve=137.3ms pose=(0.701,0.662,-0.039) u=(0.099,-0.340) s=0.857 PSDFmin=+0.006464 G=OK(+0.005201) MF=OK(active=20/20,min=-4.57e-13,slack=+2.636e-14)
[RMPCC 0068] OK solve=137.2ms pose=(0.711,0.661,-0.073) u=(0.097,-0.415) s=0.867 PSDFmin=+0.007491 G=OK(+0.006204) MF=OK(active=20/20,min=+2.205e-10,slack=+2.192e-12)
[RMPCC 0069] OK solve=140.8ms pose=(0.721,0.661,-0.115) u=(0.083,-0.497) s=0.876 PSDFmin=-0.009062 G=OK(+0.004193) MF=OK(active=20/20,min=+1.483e-12,slack=+1.913e-14)
[RMPCC 0070] OK solve=136.5ms pose=(0.729,0.660,-0.164) u=(0.088,-0.270) s=0.883 PSDFmin=+0.00183 G=OK(+1.245e-11) MF=OK(active=19/20,min=+7.576e-12,slack=+9.446e-15)
[RMPCC 0071] OK solve=149.6ms pose=(0.738,0.658,-0.191) u=(0.060,-0.829) s=0.893 PSDFmin=+0.001314 G=OK(+0.001274) MF=OK(active=20/20,min=+1.466e-10,slack=+4.624e-13)
[RMPCC 0072] OK solve=137.4ms pose=(0.743,0.657,-0.274) u=(0.081,-0.650) s=0.899 PSDFmin=+0.002874 G=OK(+0.004163) MF=OK(active=20/20,min=+1.71e-13,slack=+4.861e-16)
[RMPCC 0073] OK solve=132.0ms pose=(0.751,0.655,-0.339) u=(0.087,-0.412) s=0.907 PSDFmin=+0.006312 G=OK(+0.005208) MF=OK(active=20/20,min=+8.894e-15,slack=+1.207e-17)
[RMPCC 0074] OK solve=140.2ms pose=(0.759,0.652,-0.381) u=(0.069,-0.608) s=0.915 PSDFmin=+0.005906 G=OK(+0.004667) MF=OK(active=20/20,min=+6.627e-11,slack=+2.701e-12)
[RMPCC 0075] OK solve=134.2ms pose=(0.766,0.650,-0.441) u=(0.069,-0.467) s=0.921 PSDFmin=+0.005637 G=OK(+0.004636) MF=OK(active=20/20,min=+2.493e-14,slack=+5.781e-17)
[RMPCC 0076] OK solve=132.3ms pose=(0.772,0.647,-0.488) u=(0.055,-0.662) s=0.933 PSDFmin=+0.00634 G=OK(+0.005179) MF=OK(active=20/20,min=+2.738e-13,slack=+2.25e-16)
[RMPCC 0077] OK solve=132.2ms pose=(0.777,0.644,-0.554) u=(0.085,-0.737) s=0.938 PSDFmin=+0.006788 G=OK(+0.005299) MF=OK(active=20/20,min=+8.674e-09,slack=+6.747e-12)
[RMPCC 0078] OK solve=142.7ms pose=(0.784,0.640,-0.628) u=(0.085,-0.543) s=0.947 PSDFmin=+0.007385 G=OK(+0.005013) MF=OK(active=20/20,min=+7.362e-11,slack=+1.159e-13)
[RMPCC 0079] OK solve=138.4ms pose=(0.791,0.635,-0.682) u=(0.096,-0.553) s=0.955 PSDFmin=+0.007297 G=OK(+0.004428) MF=OK(active=20/20,min=+1.43e-14,slack=+9.377e-17)
[RMPCC 0080] OK solve=136.2ms pose=(0.799,0.628,-0.737) u=(0.099,-0.287) s=0.965 PSDFmin=+0.006022 G=OK(+0.003989) MF=OK(active=20/20,min=+1.59e-13,slack=+1.763e-16)
[RMPCC 0081] OK solve=124.1ms pose=(0.806,0.622,-0.766) u=(0.118,-0.387) s=0.980 PSDFmin=+0.005967 G=OK(+0.0003352) MF=OK(active=20/20,min=+1.319e-10,slack=+2.741e-13)
[RMPCC 0082] OK solve=138.5ms pose=(0.814,0.614,-0.805) u=(0.122,-0.127) s=0.986 PSDFmin=+0.005597 G=OK(+0.002879) MF=OK(active=20/20,min=+1.844e-11,slack=+5.406e-14)
[RMPCC 0083] OK solve=122.6ms pose=(0.823,0.605,-0.818) u=(0.135,0.126) s=0.998 PSDFmin=+0.00436 G=OK(+0.001087) MF=OK(active=20/20,min=+8.057e-10,slack=+1.211e-12)
[RMPCC 0084] OK solve=136.1ms pose=(0.832,0.595,-0.805) u=(0.149,0.303) s=1.013 PSDFmin=+0.004124 G=OK(+0.001939) MF=OK(active=20/20,min=+5.164e-14,slack=+1.307e-16)
[RMPCC 0085] OK solve=134.2ms pose=(0.842,0.584,-0.775) u=(0.140,0.558) s=1.030 PSDFmin=-0.007383 G=OK(+0.001936) MF=OK(active=20/20,min=-9.168e-10,slack=+8.463e-12)
[RMPCC 0086] OK solve=130.0ms pose=(0.852,0.575,-0.719) u=(0.132,0.668) s=1.040 PSDFmin=+0.001031 G=OK(+1.667e-10) MF=OK(active=19/20,min=-3.804e-09,slack=+1.13e-11)
[RMPCC 0087] OK solve=131.9ms pose=(0.862,0.566,-0.652) u=(0.116,1.052) s=1.053 PSDFmin=+0.004335 G=OK(+0.002405) MF=OK(active=20/20,min=+4.266e-14,slack=+1.06e-16)
[RMPCC 0088] OK solve=131.9ms pose=(0.871,0.559,-0.547) u=(0.115,0.766) s=1.065 PSDFmin=+0.005081 G=OK(+0.00335) MF=OK(active=20/20,min=+2.566e-12,slack=+2.378e-14)
[RMPCC 0089] OK solve=146.0ms pose=(0.881,0.553,-0.470) u=(0.109,0.719) s=1.076 PSDFmin=+0.00612 G=OK(+0.004469) MF=OK(active=20/20,min=+6.109e-11,slack=+2.354e-12)
[RMPCC 0090] OK solve=131.7ms pose=(0.891,0.548,-0.398) u=(0.108,0.592) s=1.087 PSDFmin=-0.0107 G=OK(+0.0059) MF=OK(active=20/20,min=+4.447e-14,slack=+1.589e-16)
[RMPCC 0091] OK solve=139.2ms pose=(0.901,0.544,-0.339) u=(0.106,0.561) s=1.098 PSDFmin=+0.00103 G=OK(+7.554e-13) MF=OK(active=19/20,min=+6.417e-13,slack=+2.709e-14)
[RMPCC 0092] OK solve=142.9ms pose=(0.911,0.540,-0.283) u=(0.096,0.589) s=1.108 PSDFmin=+0.00109 G=OK(+2.566e-08) MF=OK(active=20/20,min=+2.134e-13,slack=+5.219e-16)
[RMPCC 0093] OK solve=144.7ms pose=(0.920,0.538,-0.224) u=(0.094,0.295) s=1.113 PSDFmin=+0.006454 G=OK(+0.006995) MF=OK(active=20/20,min=+1.638e-14,slack=+4.049e-16)
[RMPCC 0094] OK solve=149.9ms pose=(0.929,0.535,-0.195) u=(0.089,0.448) s=1.125 PSDFmin=+0.00774 G=OK(+0.007304) MF=OK(active=20/20,min=+7.651e-09,slack=+1.549e-11)
[RMPCC 0095] OK solve=138.8ms pose=(0.938,0.534,-0.150) u=(0.092,0.202) s=1.131 PSDFmin=+0.005294 G=OK(+0.0009366) MF=OK(active=20/20,min=+8.732e-10,slack=+2.366e-13)
[RMPCC 0096] OK solve=144.1ms pose=(0.947,0.532,-0.130) u=(0.085,0.501) s=1.140 PSDFmin=+0.001047 G=OK(+4.177e-10) MF=OK(active=20/20,min=+7.576e-09,slack=+2.217e-12)
[RMPCC 0097] OK solve=135.6ms pose=(0.956,0.531,-0.079) u=(0.086,0.360) s=1.149 PSDFmin=+0.007243 G=OK(+0.006134) MF=OK(active=20/20,min=+1.764e-12,slack=+1.646e-15)
[RMPCC 0098] OK solve=130.7ms pose=(0.964,0.531,-0.043) u=(0.094,0.183) s=1.157 PSDFmin=+0.003582 G=OK(+0.01528) MF=OK(active=20/20,min=+2.705e-13,slack=+4.727e-16)
[RMPCC 0099] OK solve=148.5ms pose=(0.974,0.530,-0.025) u=(0.083,0.544) s=1.167 PSDFmin=+0.0006612 G=OK(+9.548e-15) MF=OK(active=20/20,min=+1.971e-12,slack=+2.748e-15)
[RMPCC 0100] OK solve=144.3ms pose=(0.982,0.530,0.029) u=(0.086,0.287) s=1.175 PSDFmin=+0.003871 G=OK(+0.002888) MF=OK(active=17/20,min=+1.289e-11,slack=+1.35e-14)
[RMPCC 0101] OK solve=125.3ms pose=(0.991,0.530,0.058) u=(0.084,0.415) s=1.184 PSDFmin=+0.005083 G=OK(+0.003842) MF=OK(active=20/20,min=+7.127e-11,slack=+7.64e-14)
[RMPCC 0102] OK solve=140.5ms pose=(0.999,0.531,0.099) u=(0.102,0.221) s=1.192 PSDFmin=-0.003635 G=OK(+0.001801) MF=OK(active=20/20,min=+1.688e-14,slack=+3.235e-17)
[RMPCC 0103] OK solve=141.6ms pose=(1.009,0.532,0.121) u=(0.087,0.799) s=1.202 PSDFmin=+0.0002296 G=OK(+6.852e-12) MF=OK(active=18/20,min=+5.903e-09,slack=+6.914e-12)
[RMPCC 0104] OK solve=130.4ms pose=(1.018,0.533,0.201) u=(0.092,0.647) s=1.211 PSDFmin=+0.004903 G=OK(+0.003982) MF=OK(active=15/20,min=+8.018e-15,slack=+2.482e-17)
[RMPCC 0105] OK solve=142.2ms pose=(1.027,0.535,0.266) u=(0.097,0.441) s=1.220 PSDFmin=+0.007009 G=OK(+0.006016) MF=OK(active=20/20,min=+1.155e-14,slack=+2.09e-17)
[RMPCC 0106] OK solve=130.0ms pose=(1.036,0.537,0.310) u=(0.079,0.563) s=1.229 PSDFmin=+0.004903 G=OK(+0.003913) MF=OK(active=20/20,min=+7.436e-11,slack=+8.124e-14)
[RMPCC 0107] OK solve=129.6ms pose=(1.043,0.540,0.367) u=(0.082,0.343) s=1.237 PSDFmin=+0.006864 G=OK(+0.005883) MF=OK(active=20/20,min=+2.489e-14,slack=+2.144e-17)
[RMPCC 0108] OK solve=137.3ms pose=(1.051,0.542,0.401) u=(0.088,0.294) s=1.244 PSDFmin=+0.001187 G=OK(+0.006195) MF=OK(active=20/20,min=+9.432e-14,slack=+1.757e-16)
[RMPCC 0109] OK solve=132.4ms pose=(1.059,0.546,0.430) u=(0.070,0.542) s=1.252 PSDFmin=+0.006568 G=OK(+0.00543) MF=OK(active=20/20,min=+2.21e-09,slack=+6.758e-11)
[RMPCC 0110] OK solve=130.2ms pose=(1.066,0.549,0.485) u=(0.081,0.420) s=1.259 PSDFmin=+0.007083 G=OK(+0.005478) MF=OK(active=20/20,min=-1.152e-11,slack=+6.788e-13)
[RMPCC 0111] OK solve=130.5ms pose=(1.073,0.553,0.527) u=(0.076,0.582) s=1.270 PSDFmin=+0.006257 G=OK(+0.002613) MF=OK(active=20/20,min=+1.857e-11,slack=+1.071e-14)
[RMPCC 0112] OK solve=129.4ms pose=(1.079,0.556,0.585) u=(0.091,0.628) s=1.278 PSDFmin=+0.006682 G=OK(+0.004823) MF=OK(active=20/20,min=+6.899e-10,slack=+4.841e-13)
[RMPCC 0113] OK solve=136.2ms pose=(1.087,0.561,0.647) u=(0.082,0.516) s=1.287 PSDFmin=+0.00638 G=OK(+0.00385) MF=OK(active=20/20,min=+6.265e-13,slack=+4.765e-15)
[RMPCC 0114] OK solve=143.4ms pose=(1.093,0.566,0.699) u=(0.094,0.427) s=1.295 PSDFmin=+0.005912 G=OK(+1.684e-11) MF=OK(active=20/20,min=+1.221e-12,slack=+1.288e-14)
[RMPCC 0115] OK solve=138.1ms pose=(1.101,0.572,0.742) u=(0.101,0.508) s=1.305 PSDFmin=+0.006182 G=OK(+4.974e-14) MF=OK(active=20/20,min=+7.309e-15,slack=+2.051e-16)
[RMPCC 0116] OK solve=146.7ms pose=(1.108,0.579,0.792) u=(0.127,0.240) s=1.315 PSDFmin=+0.005413 G=OK(+2.15e-05) MF=OK(active=20/20,min=+1.991e-12,slack=+5.115e-15)
[RMPCC 0117] OK solve=144.4ms pose=(1.117,0.588,0.817) u=(0.134,0.070) s=1.327 PSDFmin=+0.004903 G=OK(+0.002714) MF=OK(active=20/20,min=+3.57e-15,slack=+1.781e-17)
[RMPCC 0118] OK solve=132.2ms pose=(1.126,0.598,0.824) u=(0.142,-0.204) s=1.340 PSDFmin=+0.004156 G=OK(+0.00199) MF=OK(active=20/20,min=+9.951e-14,slack=+3.602e-17)
[RMPCC 0119] OK solve=127.4ms pose=(1.136,0.608,0.803) u=(0.157,-0.487) s=1.354 PSDFmin=+0.003884 G=OK(+0.001648) MF=OK(active=20/20,min=+5.894e-14,slack=+2.176e-15)
[RMPCC 0120] OK solve=134.5ms pose=(1.147,0.620,0.754) u=(0.152,-0.563) s=1.370 PSDFmin=+0.004181 G=OK(+0.002367) MF=OK(active=20/20,min=+2.844e-14,slack=+2.202e-17)
[RMPCC 0121] OK solve=134.2ms pose=(1.158,0.630,0.698) u=(0.139,-0.881) s=1.385 PSDFmin=+0.00449 G=OK(+0.002391) MF=OK(active=20/20,min=+2.422e-13,slack=+5.985e-16)
[RMPCC 0122] OK solve=136.0ms pose=(1.168,0.639,0.610) u=(0.143,-0.991) s=1.399 PSDFmin=+0.005242 G=OK(+0.003075) MF=OK(active=20/20,min=+7.14e-15,slack=+3.472e-17)
[RMPCC 0123] OK solve=120.3ms pose=(1.180,0.647,0.511) u=(0.148,-0.907) s=1.413 PSDFmin=+0.006931 G=OK(+0.004805) MF=OK(active=20/20,min=+5.712e-12,slack=+2.875e-14)
[RMPCC 0124] OK solve=136.2ms pose=(1.193,0.655,0.420) u=(0.150,-0.728) s=1.428 PSDFmin=+0.009163 G=OK(+0.007212) MF=OK(active=20/20,min=+4.072e-11,slack=+1.663e-14)
[RMPCC 0125] OK solve=129.7ms pose=(1.207,0.661,0.347) u=(0.148,-0.730) s=1.442 PSDFmin=+0.01207 G=OK(+0.01014) MF=OK(active=20/20,min=+3.927e-08,slack=+1.673e-11)
[RMPCC 0126] OK solve=132.3ms pose=(1.221,0.666,0.274) u=(0.141,-0.486) s=1.452 PSDFmin=+0.005414 G=OK(+0.01215) MF=OK(active=20/20,min=+3.546e-10,slack=+6.929e-13)
[RMPCC 0127] OK solve=140.3ms pose=(1.234,0.670,0.226) u=(0.140,-0.562) s=1.466 PSDFmin=+0.00748 G=OK(+0.008261) MF=OK(active=20/20,min=-3.181e-13,slack=+5.601e-14)
[RMPCC 0128] OK solve=142.1ms pose=(1.248,0.673,0.170) u=(0.139,-0.314) s=1.480 PSDFmin=+0.004742 G=OK(+0.01254) MF=OK(active=20/20,min=+3.562e-15,slack=+2.274e-17)
[RMPCC 0129] OK solve=136.2ms pose=(1.262,0.675,0.138) u=(0.134,-0.362) s=1.494 PSDFmin=+0.007787 G=OK(+0.007798) MF=OK(active=20/20,min=+7.144e-15,slack=+3.897e-17)
[RMPCC 0130] OK solve=126.8ms pose=(1.275,0.677,0.102) u=(0.132,-0.183) s=1.508 PSDFmin=+0.008286 G=OK(+0.008105) MF=OK(active=20/20,min=+9.759e-13,slack=+5.982e-15)
[RMPCC 0131] OK solve=142.6ms pose=(1.288,0.678,0.084) u=(0.128,-0.211) s=1.521 PSDFmin=+0.008074 G=OK(+0.007285) MF=OK(active=20/20,min=+1.279e-12,slack=+3.803e-15)
[RMPCC 0132] OK solve=133.2ms pose=(1.301,0.679,0.063) u=(0.129,-0.128) s=1.534 PSDFmin=-0.004578 G=OK(+0.01332) MF=OK(active=20/20,min=+1.423e-14,slack=+3.622e-17)
[RMPCC 0133] OK solve=129.4ms pose=(1.314,0.680,0.050) u=(0.125,-0.157) s=1.546 PSDFmin=+0.001228 G=OK(+1.013e-13) MF=OK(active=19/20,min=+1.338e-13,slack=+3.243e-15)
[RMPCC 0134] OK solve=128.1ms pose=(1.326,0.681,0.034) u=(0.123,-0.057) s=1.559 PSDFmin=+0.005723 G=OK(+0.004409) MF=OK(active=20/20,min=+4.335e-09,slack=+3.093e-11)
[RMPCC 0135] OK solve=126.5ms pose=(1.338,0.681,0.029) u=(0.122,-0.134) s=1.571 PSDFmin=+0.007062 G=OK(+0.00603) MF=OK(active=20/20,min=-2.155e-12,slack=+6.145e-13)
[RMPCC 0136] OK solve=134.4ms pose=(1.351,0.681,0.015) u=(0.128,-0.093) s=1.583 PSDFmin=+0.00841 G=OK(+0.006079) MF=OK(active=20/20,min=+6.827e-16,slack=+6.861e-16)
[RMPCC 0137] OK solve=141.7ms pose=(1.363,0.682,0.006) u=(0.132,-0.030) s=1.595 PSDFmin=+0.007729 G=OK(+0.005795) MF=OK(active=20/20,min=+5.691e-14,slack=+6.547e-17)
[RMPCC 0138] OK solve=134.2ms pose=(1.377,0.682,0.003) u=(0.143,0.080) s=1.609 PSDFmin=+0.00459 G=OK(+0.005814) MF=OK(active=20/20,min=+3.166e-09,slack=+1.346e-12)
[RMPCC 0139] OK solve=143.5ms pose=(1.391,0.682,0.011) u=(0.136,0.153) s=1.617 PSDFmin=+0.006791 G=OK(+0.005623) MF=OK(active=20/20,min=+3.39e-11,slack=+5.822e-12)
[RMPCC 0140] OK solve=142.1ms pose=(1.404,0.682,0.026) u=(0.136,0.245) s=1.637 PSDFmin=+0.006666 G=OK(+0.005571) MF=OK(active=20/20,min=-7.047e-13,slack=+3.169e-13)
[RMPCC 0141] OK solve=141.6ms pose=(1.418,0.682,0.051) u=(0.133,0.251) s=1.650 PSDFmin=+0.006326 G=OK(+0.005338) MF=OK(active=20/20,min=+1.793e-09,slack=+7.373e-12)
[RMPCC 0142] OK solve=125.0ms pose=(1.431,0.683,0.076) u=(0.119,0.256) s=1.663 PSDFmin=+0.006253 G=OK(+0.005185) MF=OK(active=20/20,min=+1.825e-10,slack=+3.05e-13)
[RMPCC 0143] OK solve=133.8ms pose=(1.443,0.684,0.101) u=(0.104,0.271) s=1.676 PSDFmin=+0.005999 G=OK(+0.004905) MF=OK(active=20/20,min=-1.19e-12,slack=+4.386e-14)
[RMPCC 0144] OK solve=135.7ms pose=(1.454,0.685,0.128) u=(0.109,0.298) s=1.686 PSDFmin=-0.007878 G=OK(+0.005139) MF=OK(active=20/20,min=+1.676e-09,slack=+5.025e-12)
[RMPCC 0145] OK solve=131.4ms pose=(1.464,0.686,0.158) u=(0.097,0.417) s=1.692 PSDFmin=+0.002492 G=OK(+3.573e-12) MF=OK(active=19/20,min=+5.918e-12,slack=+3.514e-14)
[RMPCC 0146] OK solve=141.2ms pose=(1.474,0.688,0.200) u=(0.089,0.396) s=1.707 PSDFmin=+0.006051 G=OK(+0.004998) MF=OK(active=20/20,min=-1.841e-13,slack=+2.434e-15)
[RMPCC 0147] OK solve=130.8ms pose=(1.483,0.690,0.240) u=(0.074,0.425) s=1.715 PSDFmin=+0.005184 G=OK(+0.004169) MF=OK(active=20/20,min=+4.636e-12,slack=+1.243e-14)
[RMPCC 0148] OK solve=136.2ms pose=(1.490,0.691,0.282) u=(0.067,0.421) s=1.720 PSDFmin=+0.005211 G=OK(+0.004079) MF=OK(active=20/20,min=+1.587e-13,slack=+1.877e-14)
[RMPCC 0149] OK solve=128.8ms pose=(1.496,0.693,0.324) u=(0.080,0.294) s=1.729 PSDFmin=+0.00327 G=OK(+0.005434) MF=OK(active=20/20,min=+3.397e-12,slack=+6.737e-15)
[RMPCC 0150] OK solve=127.2ms pose=(1.504,0.696,0.354) u=(0.063,0.617) s=1.737 PSDFmin=+0.004946 G=OK(+0.003675) MF=OK(active=20/20,min=-6.199e-13,slack=+4.929e-14)
[RMPCC 0151] OK solve=139.9ms pose=(1.510,0.698,0.415) u=(0.077,0.793) s=1.743 PSDFmin=+0.00552 G=OK(+0.00367) MF=OK(active=20/20,min=+3.907e-12,slack=+1.377e-14)
[RMPCC 0152] OK solve=137.1ms pose=(1.517,0.701,0.495) u=(0.091,0.468) s=1.755 PSDFmin=+0.004153 G=OK(+0.004513) MF=OK(active=20/20,min=+2.936e-13,slack=+4.595e-16)
[RMPCC 0153] OK solve=146.1ms pose=(1.525,0.705,0.541) u=(0.085,0.699) s=1.764 PSDFmin=+0.00617 G=OK(+0.002646) MF=OK(active=20/20,min=+3.583e-15,slack=+2.998e-17)
[RMPCC 0154] OK solve=133.8ms pose=(1.532,0.710,0.611) u=(0.092,0.508) s=1.772 PSDFmin=+0.005692 G=OK(+0.004342) MF=OK(active=20/20,min=+1.792e-09,slack=+1.252e-12)
[RMPCC 0155] OK solve=138.5ms pose=(1.540,0.715,0.662) u=(0.095,0.605) s=1.781 PSDFmin=+0.006783 G=OK(+0.004349) MF=OK(active=20/20,min=+2.634e-11,slack=+6.84e-13)
[RMPCC 0156] OK solve=134.6ms pose=(1.547,0.721,0.722) u=(0.109,0.345) s=1.792 PSDFmin=+0.005814 G=OK(+0.003267) MF=OK(active=20/20,min=+7.039e-11,slack=+1.254e-13)
[RMPCC 0157] OK solve=129.1ms pose=(1.555,0.728,0.757) u=(0.123,0.401) s=1.807 PSDFmin=+0.005492 G=OK(+0.00327) MF=OK(active=20/20,min=+7.202e-15,slack=+9.697e-17)
[RMPCC 0158] OK solve=132.0ms pose=(1.564,0.737,0.797) u=(0.146,0.109) s=1.823 PSDFmin=+0.004836 G=OK(+0.002301) MF=OK(active=20/20,min=+8.836e-11,slack=+1.579e-13)
[RMPCC 0159] OK solve=144.7ms pose=(1.575,0.747,0.808) u=(0.143,-0.051) s=1.828 PSDFmin=+0.004253 G=OK(+0.002287) MF=OK(active=20/20,min=+2.865e-14,slack=+2.34e-16)
[RMPCC 0160] OK solve=140.7ms pose=(1.585,0.757,0.803) u=(0.143,-0.407) s=1.842 PSDFmin=-0.007178 G=OK(+1.155e-08) MF=OK(active=20/20,min=+6.436e-08,slack=+5.368e-11)
[RMPCC 0161] OK solve=134.6ms pose=(1.594,0.768,0.762) u=(0.125,-0.360) s=1.858 PSDFmin=-0.005138 G=OK(+4.478e-05) MF=OK(active=15/20,min=+6.275e-13,slack=+2.187e-15)
[RMPCC 0162] OK solve=145.2ms pose=(1.604,0.776,0.726) u=(0.129,-0.700) s=1.875 PSDFmin=-0.001077 G=OK(+0.001339) MF=OK(active=16/20,min=+3.385e-11,slack=+3.883e-14)
[RMPCC 0163] OK solve=131.1ms pose=(1.613,0.785,0.656) u=(0.108,-1.200) s=1.882 PSDFmin=-0.014 G=OK(+0) MF=OK(active=17/20,min=+2.133e-14,slack=+1.783e-17)
[RMPCC 0164] OK solve=136.8ms pose=(1.622,0.791,0.536) u=(0.134,-0.587) s=1.896 PSDFmin=-0.004713 G=OK(+1.199e-14) MF=OK(active=9/20,min=+0.118,slack=+3.804e-15)
[RMPCC 0165] OK solve=137.0ms pose=(1.633,0.798,0.478) u=(0.115,-1.131) s=1.906 PSDFmin=-0.01931 G=OK(+9.548e-15) MF=OK(active=14/20,min=+2.28e-13,slack=+6.085e-16)
[RMPCC 0166] OK solve=141.3ms pose=(1.643,0.804,0.364) u=(0.144,-0.504) s=1.918 PSDFmin=+0.00132 G=OK(+5.844e-12) MF=OK(active=11/20,min=+1.473e-09,slack=+2.489e-13)
[RMPCC 0167] OK solve=139.0ms pose=(1.657,0.809,0.314) u=(0.142,-0.680) s=1.931 PSDFmin=+0.001065 G=OK(+0.008634) MF=OK(active=20/20,min=+3.59e-11,slack=+5.003e-13)
[RMPCC 0168] OK solve=129.6ms pose=(1.670,0.813,0.246) u=(0.155,-0.264) s=1.941 PSDFmin=+0.009274 G=OK(+0.009848) MF=OK(active=20/20,min=+2.649e-10,slack=+9.36e-13)
[RMPCC 0169] OK solve=140.3ms pose=(1.686,0.817,0.220) u=(0.155,-0.907) s=1.956 PSDFmin=+0.003967 G=OK(+0.00871) MF=OK(active=20/20,min=+7.125e-15,slack=+1.981e-17)
[RMPCC 0170] OK solve=145.6ms pose=(1.701,0.820,0.129) u=(0.160,-0.352) s=1.971 PSDFmin=+0.003586 G=OK(+0.007438) MF=OK(active=20/20,min=+1.56e-10,slack=+6.463e-12)
[RMPCC 0171] OK solve=239.1ms pose=(1.717,0.822,0.094) u=(0.148,-0.845) s=1.987 PSDFmin=+0.008784 G=OK(+0.005948) MF=OK(active=20/20,min=+6.999e-12,slack=+7.641e-15)
[RMPCC 0172] OK solve=154.5ms pose=(1.731,0.824,0.009) u=(0.153,-0.493) s=1.995 PSDFmin=+0.00637 G=OK(+0.006845) MF=OK(active=20/20,min=+1.832e-11,slack=+3.245e-14)
[RMPCC 0173] OK solve=149.7ms pose=(1.747,0.824,-0.040) u=(0.140,-0.739) s=2.010 PSDFmin=+0.01082 G=OK(+0.008996) MF=OK(active=20/20,min=+1.293e-09,slack=+1.383e-12)
[RMPCC 0174] OK solve=129.8ms pose=(1.761,0.823,-0.114) u=(0.146,-0.697) s=2.027 PSDFmin=+0.009049 G=OK(+0.008321) MF=OK(active=20/20,min=+1.403e-12,slack=+3.294e-15)
[RMPCC 0175] OK solve=127.7ms pose=(1.775,0.822,-0.184) u=(0.131,-0.914) s=2.044 PSDFmin=+0.01075 G=OK(+0.008919) MF=OK(active=20/20,min=+1.167e-09,slack=+2.28e-12)
[RMPCC 0176] OK solve=137.0ms pose=(1.788,0.819,-0.275) u=(0.122,-0.903) s=2.047 PSDFmin=+0.008964 G=OK(+0.007913) MF=OK(active=20/20,min=+5.896e-11,slack=+1.506e-13)
[RMPCC 0177] OK solve=128.0ms pose=(1.800,0.816,-0.365) u=(0.112,-1.125) s=2.063 PSDFmin=+0.01015 G=OK(+0.008241) MF=OK(active=20/20,min=+7.506e-14,slack=+4.212e-17)
[RMPCC 0178] OK solve=133.8ms pose=(1.810,0.812,-0.478) u=(0.113,-1.142) s=2.081 PSDFmin=+0.00962 G=OK(+0.007819) MF=OK(active=20/20,min=+3.631e-13,slack=+7.778e-16)
[RMPCC 0179] OK solve=147.1ms pose=(1.820,0.807,-0.592) u=(0.100,-1.200) s=2.089 PSDFmin=+0.009869 G=OK(+0.008042) MF=OK(active=20/20,min=+6.847e-07,slack=+4.93e-17)
[RMPCC 0180] OK solve=147.2ms pose=(1.829,0.801,-0.712) u=(0.113,-1.200) s=2.102 PSDFmin=+0.01073 G=OK(+0.008654) MF=OK(active=20/20,min=+1.64e-10,slack=+6.765e-14)
[RMPCC 0181] OK solve=146.6ms pose=(1.837,0.794,-0.832) u=(0.128,-1.200) s=2.115 PSDFmin=+0.01134 G=OK(+0.009213) MF=OK(active=20/20,min=+2.844e-14,slack=+1.671e-17)
[RMPCC 0182] OK solve=140.4ms pose=(1.846,0.784,-0.952) u=(0.138,-1.200) s=2.130 PSDFmin=+0.01236 G=OK(+0.01012) MF=OK(active=20/20,min=+3.201e-14,slack=+3.145e-17)
[RMPCC 0183] OK solve=148.0ms pose=(1.854,0.773,-1.072) u=(0.139,-0.977) s=2.132 PSDFmin=+0.01412 G=OK(+0.01206) MF=OK(active=20/20,min=+3.553e-14,slack=+2.045e-17)
[RMPCC 0184] OK solve=145.8ms pose=(1.860,0.761,-1.170) u=(0.147,-0.890) s=2.145 PSDFmin=+0.01311 G=OK(+0.01233) MF=OK(active=20/20,min=+5.942e-18,slack=+2.862e-17)
[RMPCC 0185] OK solve=143.6ms pose=(1.866,0.747,-1.259) u=(0.157,-0.652) s=2.161 PSDFmin=+0.01149 G=OK(+0.009277) MF=OK(active=20/20,min=+3.859e-12,slack=+2.401e-15)
[RMPCC 0186] OK solve=150.4ms pose=(1.871,0.732,-1.324) u=(0.160,-0.609) s=2.176 PSDFmin=+0.009731 G=OK(+0.008702) MF=OK(active=20/20,min=+1.422e-14,slack=+6.578e-17)
[RMPCC 0187] OK solve=133.9ms pose=(1.875,0.717,-1.385) u=(0.164,-0.459) s=2.192 PSDFmin=+0.009049 G=OK(+0.008195) MF=OK(active=20/20,min=+1.723e-10,slack=+1.042e-12)
[RMPCC 0188] OK solve=145.7ms pose=(1.878,0.701,-1.431) u=(0.164,-0.416) s=2.208 PSDFmin=-0.003056 G=OK(+0.01474) MF=OK(active=20/20,min=+4.946e-12,slack=+1.072e-14)
[RMPCC 0189] OK solve=135.1ms pose=(1.880,0.685,-1.472) u=(0.159,-0.295) s=2.221 PSDFmin=+0.001296 G=OK(+5.781e-13) MF=OK(active=19/20,min=+1.299e-11,slack=+3.124e-14)
[RMPCC 0190] OK solve=122.9ms pose=(1.882,0.669,-1.502) u=(0.150,-0.245) s=2.233 PSDFmin=+0.008754 G=OK(+0.006769) MF=OK(active=20/20,min=+1.774e-10,slack=+2.767e-13)
[RMPCC 0191] OK solve=134.5ms pose=(1.883,0.654,-1.526) u=(0.153,-0.174) s=2.248 PSDFmin=+0.009027 G=OK(+0.007815) MF=OK(active=20/20,min=+5.022e-08,slack=+1.253e-10)
[RMPCC 0192] OK solve=145.5ms pose=(1.883,0.639,-1.544) u=(0.154,-0.095) s=2.263 PSDFmin=+0.01093 G=OK(+0.008295) MF=OK(active=20/20,min=+7.896e-08,slack=+6.165e-11)
[RMPCC 0193] OK solve=183.3ms pose=(1.884,0.623,-1.553) u=(0.157,-0.246) s=2.278 PSDFmin=+0.008365 G=OK(+0.007228) MF=OK(active=20/20,min=+6.841e-08,slack=+1.084e-10)
[RMPCC 0194] OK solve=138.6ms pose=(1.884,0.607,-1.578) u=(0.156,-0.113) s=2.294 PSDFmin=-0.00771 G=OK(+0.01667) MF=OK(active=20/20,min=+3.224e-08,slack=+9.306e-11)
[RMPCC 0195] OK solve=132.8ms pose=(1.884,0.592,-1.589) u=(0.120,-0.316) s=2.297 PSDFmin=+0.0007711 G=OK(+1.51e-13) MF=OK(active=18/20,min=+1.095e-11,slack=+9.563e-15)
[RMPCC 0196] OK solve=129.6ms pose=(1.884,0.580,-1.621) u=(0.133,-0.072) s=2.313 PSDFmin=-0.01409 G=OK(+2.975e-13) MF=OK(active=18/20,min=+4.523e-12,slack=+4.339e-15)
[RMPCC 0197] OK solve=134.7ms pose=(1.883,0.567,-1.628) u=(0.129,-0.362) s=2.331 PSDFmin=+0.001032 G=OK(+5.651e-14) MF=OK(active=15/20,min=+0.08888,slack=+1.927e-15)
[RMPCC 0198] OK solve=132.1ms pose=(1.882,0.554,-1.664) u=(0.127,-0.204) s=2.334 PSDFmin=+0.003792 G=OK(+0.009686) MF=OK(active=20/20,min=+1.822e-12,slack=+3.311e-15)
[RMPCC 0199] OK solve=137.4ms pose=(1.881,0.541,-1.685) u=(0.128,-0.292) s=2.352 PSDFmin=+0.006462 G=OK(+0.00559) MF=OK(active=20/20,min=+2.836e-13,slack=+4.204e-14)
[RMPCC 0200] OK solve=138.6ms pose=(1.880,0.528,-1.714) u=(0.114,-0.221) s=2.355 PSDFmin=+0.006627 G=OK(+0.006776) MF=OK(active=20/20,min=-7.292e-15,slack=+7.879e-16)
[RMPCC 0201] OK solve=131.7ms pose=(1.878,0.517,-1.736) u=(0.111,-0.302) s=2.373 PSDFmin=+0.003466 G=OK(+0.004721) MF=OK(active=20/20,min=+7.257e-15,slack=+1.52e-16)
[RMPCC 0202] OK solve=142.7ms pose=(1.876,0.506,-1.766) u=(0.119,-0.182) s=2.394 PSDFmin=+0.001185 G=OK(+1.263e-13) MF=OK(active=20/20,min=+7.124e-15,slack=+1.868e-17)
[RMPCC 0203] OK solve=144.2ms pose=(1.874,0.495,-1.784) u=(0.093,-0.385) s=2.396 PSDFmin=+0.006977 G=OK(+0.006163) MF=OK(active=20/20,min=+1.893e-09,slack=+2.733e-12)
[RMPCC 0204] OK solve=134.4ms pose=(1.872,0.486,-1.823) u=(0.091,-0.358) s=2.413 PSDFmin=+0.007395 G=OK(+0.006404) MF=OK(active=20/20,min=+7.137e-15,slack=+3.402e-17)
[RMPCC 0205] OK solve=156.4ms pose=(1.870,0.477,-1.859) u=(0.071,-0.280) s=2.413 PSDFmin=+0.007223 G=OK(+0.006204) MF=OK(active=20/20,min=+8.375e-09,slack=+1.25e-10)
[RMPCC 0206] OK solve=139.2ms pose=(1.868,0.470,-1.887) u=(0.078,-0.521) s=2.430 PSDFmin=+0.002504 G=OK(+0.002999) MF=OK(active=20/20,min=+3.98e-11,slack=+1.034e-13)
[RMPCC 0207] OK solve=133.1ms pose=(1.865,0.463,-1.939) u=(0.075,-0.546) s=2.430 PSDFmin=+0.006148 G=OK(+0.004127) MF=OK(active=20/20,min=+1.056e-12,slack=+4.045e-15)
[RMPCC 0208] OK solve=133.7ms pose=(1.863,0.456,-1.993) u=(0.090,-0.471) s=2.446 PSDFmin=+0.006407 G=OK(+0.005131) MF=OK(active=20/20,min=+4.528e-10,slack=+2.578e-13)
[RMPCC 0209] OK solve=134.3ms pose=(1.859,0.447,-2.040) u=(0.080,-0.195) s=2.454 PSDFmin=+0.00718 G=OK(+0.005805) MF=OK(active=20/20,min=+1.987e-11,slack=+1.245e-14)
[RMPCC 0210] OK solve=139.1ms pose=(1.855,0.440,-2.060) u=(0.068,-0.593) s=2.461 PSDFmin=+0.006215 G=OK(+0.005032) MF=OK(active=20/20,min=+1.423e-14,slack=+2.112e-17)
[RMPCC 0211] OK solve=129.7ms pose=(1.852,0.434,-2.119) u=(0.088,-0.557) s=2.467 PSDFmin=+0.007007 G=OK(+0.005363) MF=OK(active=20/20,min=+1.063e-12,slack=+3.121e-14)
[RMPCC 0212] OK solve=119.4ms pose=(1.848,0.427,-2.175) u=(0.094,-0.417) s=2.479 PSDFmin=+0.005752 G=OK(+0.005079) MF=OK(active=20/20,min=+1.468e-09,slack=+1.665e-12)
[RMPCC 0213] OK solve=133.5ms pose=(1.842,0.419,-2.217) u=(0.098,-0.534) s=2.491 PSDFmin=+0.007329 G=OK(+0.004547) MF=OK(active=20/20,min=+9.101e-11,slack=+3.472e-14)
[RMPCC 0214] OK solve=128.4ms pose=(1.836,0.411,-2.270) u=(0.104,-0.317) s=2.502 PSDFmin=+0.006016 G=OK(+0.00366) MF=OK(active=20/20,min=+3.429e-12,slack=+3.367e-15)
[RMPCC 0215] OK solve=133.7ms pose=(1.830,0.403,-2.302) u=(0.112,-0.424) s=2.512 PSDFmin=+0.005992 G=OK(+0.003558) MF=OK(active=20/20,min=+1.378e-11,slack=+1.35e-14)
[RMPCC 0216] OK solve=127.4ms pose=(1.822,0.395,-2.344) u=(0.127,-0.255) s=2.523 PSDFmin=+0.005441 G=OK(+0.002678) MF=OK(active=20/20,min=+7.129e-15,slack=+2.311e-17)
[RMPCC 0217] OK solve=130.3ms pose=(1.813,0.386,-2.370) u=(0.136,-0.092) s=2.533 PSDFmin=+0.004675 G=OK(+0.00262) MF=OK(active=20/20,min=+2.132e-14,slack=+5.423e-17)
[RMPCC 0218] OK solve=132.0ms pose=(1.804,0.376,-2.379) u=(0.165,0.194) s=2.555 PSDFmin=+0.004118 G=OK(+0.002055) MF=OK(active=20/20,min=+3.604e-15,slack=+5.12e-17)
[RMPCC 0219] OK solve=123.1ms pose=(1.792,0.365,-2.359) u=(0.159,0.231) s=2.565 PSDFmin=+0.004314 G=OK(+0.002612) MF=OK(active=20/20,min=+1.422e-14,slack=+4.165e-17)
[RMPCC 0220] OK solve=137.5ms pose=(1.780,0.354,-2.336) u=(0.134,0.591) s=2.586 PSDFmin=+0.004337 G=OK(+0.002591) MF=OK(active=20/20,min=-2.681e-12,slack=+6.181e-14)
[RMPCC 0221] OK solve=134.2ms pose=(1.771,0.344,-2.277) u=(0.125,0.832) s=2.597 PSDFmin=-0.0002688 G=OK(+0.002471) MF=OK(active=20/20,min=+8.594e-13,slack=+7.087e-15)
[RMPCC 0222] OK solve=132.7ms pose=(1.763,0.335,-2.194) u=(0.129,0.939) s=2.607 PSDFmin=+0.001446 G=OK(+0.0004181) MF=OK(active=19/20,min=+7.128e-15,slack=+2.263e-17)
[RMPCC 0223] OK solve=128.1ms pose=(1.755,0.324,-2.100) u=(0.132,0.665) s=2.618 PSDFmin=+0.006056 G=OK(+0.004295) MF=OK(active=20/20,min=+2.639e-13,slack=+1.016e-15)
[RMPCC 0224] OK solve=133.9ms pose=(1.749,0.313,-2.034) u=(0.140,0.743) s=2.630 PSDFmin=+0.007729 G=OK(+0.005837) MF=OK(active=20/20,min=-6.106e-13,slack=+1.156e-14)
[RMPCC 0225] OK solve=130.4ms pose=(1.743,0.300,-1.959) u=(0.124,0.902) s=2.643 PSDFmin=-0.02396 G=OK(+0.008618) MF=OK(active=20/20,min=+1.6e-14,slack=+4.622e-17)
[RMPCC 0226] OK solve=131.1ms pose=(1.738,0.289,-1.869) u=(0.128,0.385) s=2.655 PSDFmin=+0.0001889 G=OK(+0.007204) MF=OK(active=17/20,min=+2.845e-14,slack=+3.26e-17)
[RMPCC 0227] OK solve=136.5ms pose=(1.734,0.277,-1.831) u=(0.117,0.692) s=2.664 PSDFmin=+0.006343 G=OK(+0.005581) MF=OK(active=17/20,min=+6.474e-10,slack=+4.363e-13)
[RMPCC 0228] OK solve=141.9ms pose=(1.731,0.265,-1.761) u=(0.121,0.377) s=2.675 PSDFmin=+0.006109 G=OK(+0.007052) MF=OK(active=20/20,min=-1.328e-14,slack=+9.389e-16)
[RMPCC 0229] OK solve=136.6ms pose=(1.729,0.253,-1.724) u=(0.109,0.649) s=2.686 PSDFmin=+0.00406 G=OK(+0.006328) MF=OK(active=20/20,min=+5.069e-14,slack=+9.668e-16)
[RMPCC 0230] OK solve=137.1ms pose=(1.727,0.243,-1.659) u=(0.110,0.343) s=2.696 PSDFmin=+0.006749 G=OK(+0.007701) MF=OK(active=20/20,min=+4.434e-12,slack=+2.167e-14)
[RMPCC 0231] OK solve=142.5ms pose=(1.726,0.232,-1.625) u=(0.100,0.469) s=2.705 PSDFmin=+0.009043 G=OK(+0.008241) MF=OK(active=20/20,min=+2.133e-14,slack=+1.634e-17)
[RMPCC 0232] OK solve=141.5ms pose=(1.726,0.222,-1.578) u=(0.095,0.385) s=2.710 PSDFmin=+0.009099 G=OK(+0.008289) MF=OK(active=20/20,min=-9.678e-14,slack=+4.789e-15)
[RMPCC 0233] OK solve=136.6ms pose=(1.726,0.212,-1.539) u=(0.091,0.431) s=2.722 PSDFmin=+0.008854 G=OK(+0.007824) MF=OK(active=20/20,min=-3.504e-12,slack=+2.672e-12)
[RMPCC 0234] OK solve=134.9ms pose=(1.726,0.203,-1.496) u=(0.083,0.403) s=2.728 PSDFmin=+0.00855 G=OK(+0.007524) MF=OK(active=20/20,min=+1.117e-07,slack=+8.874e-11)
[RMPCC 0235] OK solve=141.9ms pose=(1.726,0.195,-1.456) u=(0.081,0.421) s=2.740 PSDFmin=+0.008156 G=OK(+0.007121) MF=OK(active=20/20,min=+4.808e-12,slack=+1.981e-14)
[RMPCC 0236] OK solve=135.8ms pose=(1.727,0.187,-1.414) u=(0.073,0.420) s=2.745 PSDFmin=+0.007814 G=OK(+0.006769) MF=OK(active=20/20,min=-1.344e-14,slack=+8.062e-16)
[RMPCC 0237] OK solve=132.3ms pose=(1.729,0.180,-1.372) u=(0.066,0.421) s=2.751 PSDFmin=+0.007421 G=OK(+0.006394) MF=OK(active=20/20,min=-1.013e-12,slack=+2.208e-13)
[RMPCC 0238] OK solve=144.5ms pose=(1.730,0.173,-1.330) u=(0.060,0.412) s=2.757 PSDFmin=+0.007072 G=OK(+0.006048) MF=OK(active=20/20,min=+3.314e-12,slack=+2.548e-15)
[RMPCC 0239] OK solve=140.0ms pose=(1.731,0.167,-1.288) u=(0.061,0.420) s=2.769 PSDFmin=+0.006791 G=OK(+0.005752) MF=OK(active=20/20,min=-3.816e-11,slack=+2.572e-12)
[RMPCC 0240] OK solve=145.2ms pose=(1.733,0.161,-1.246) u=(0.055,0.428) s=2.775 PSDFmin=+0.006475 G=OK(+0.00543) MF=OK(active=20/20,min=+6.176e-12,slack=+9.81e-16)
[RMPCC 0241] OK solve=156.7ms pose=(1.735,0.156,-1.203) u=(0.050,0.432) s=2.781 PSDFmin=+0.006153 G=OK(+0.005107) MF=OK(active=20/20,min=+7.552e-12,slack=+2.033e-14)
[RMPCC 0242] OK solve=140.3ms pose=(1.737,0.152,-1.160) u=(0.047,0.427) s=2.786 PSDFmin=+0.005818 G=OK(+0.004787) MF=OK(active=20/20,min=+6.539e-12,slack=+1.959e-15)
[RMPCC 0243] OK solve=137.7ms pose=(1.738,0.147,-1.118) u=(0.043,0.425) s=2.792 PSDFmin=+0.005519 G=OK(+0.004484) MF=OK(active=20/20,min=+9.598e-10,slack=+1.163e-11)
[RMPCC 0244] OK solve=137.7ms pose=(1.740,0.143,-1.075) u=(0.039,0.422) s=2.796 PSDFmin=+0.005234 G=OK(+0.004198) MF=OK(active=20/20,min=+6.021e-13,slack=+5.428e-15)
[RMPCC 0245] OK solve=129.9ms pose=(1.742,0.140,-1.033) u=(0.036,0.414) s=2.799 PSDFmin=+0.004969 G=OK(+0.003928) MF=OK(active=20/20,min=+3.606e-11,slack=+4.977e-14)
[RMPCC 0246] OK solve=137.4ms pose=(1.744,0.137,-0.992) u=(0.035,0.408) s=2.804 PSDFmin=+0.00471 G=OK(+0.003671) MF=OK(active=20/20,min=+5.138e-11,slack=+1.482e-12)
[RMPCC 0247] OK solve=142.7ms pose=(1.746,0.134,-0.951) u=(0.030,0.392) s=2.805 PSDFmin=+0.004415 G=OK(+0.003391) MF=OK(active=20/20,min=+3.04e-08,slack=+2.777e-12)
[RMPCC 0248] OK solve=113.7ms pose=(1.748,0.132,-0.911) u=(0.030,0.381) s=2.810 PSDFmin=+0.004226 G=OK(+0.003196) MF=OK(active=20/20,min=+1.268e-08,slack=+1.861e-11)
[RMPCC 0249] OK solve=134.3ms pose=(1.749,0.129,-0.873) u=(0.029,0.375) s=2.814 PSDFmin=+0.00401 G=OK(+0.002974) MF=OK(active=20/20,min=+1.202e-10,slack=+7.501e-14)
[RMPCC 0250] OK solve=135.0ms pose=(1.751,0.127,-0.836) u=(0.027,0.365) s=2.816 PSDFmin=+0.003791 G=OK(+0.002761) MF=OK(active=20/20,min=+4.088e-06,slack=+1.621e-11)
[RMPCC 0251] OK solve=147.9ms pose=(1.753,0.125,-0.799) u=(0.027,0.350) s=2.820 PSDFmin=+0.003686 G=OK(+0.002655) MF=OK(active=20/20,min=+0.006186,slack=+3.857e-17)
[RMPCC 0252] OK solve=140.2ms pose=(1.755,0.123,-0.764) u=(0.026,0.323) s=2.822 PSDFmin=+0.003676 G=OK(+0.00265) MF=OK(active=20/20,min=+0.02381,slack=+2.195e-15)
[RMPCC 0253] OK solve=134.3ms pose=(1.757,0.121,-0.732) u=(0.027,0.298) s=2.827 PSDFmin=+0.003715 G=OK(+0.002687) MF=OK(active=20/20,min=+0.04473,slack=+1.924e-15)
[RMPCC 0254] OK solve=126.1ms pose=(1.759,0.119,-0.702) u=(0.026,0.276) s=2.829 PSDFmin=+0.003718 G=OK(+0.002693) MF=OK(active=20/20,min=+0.06529,slack=+2.021e-11)
[RMPCC 0255] OK solve=131.9ms pose=(1.761,0.118,-0.675) u=(0.024,0.254) s=2.831 PSDFmin=+0.003724 G=OK(+0.0027) MF=OK(active=20/20,min=+0.08462,slack=+5.081e-13)
[RMPCC 0256] OK solve=134.7ms pose=(1.763,0.116,-0.649) u=(0.023,0.234) s=2.833 PSDFmin=+0.003723 G=OK(+0.0027) MF=OK(active=20/20,min=+0.103,slack=+2.203e-13)
[RMPCC 0257] OK solve=137.6ms pose=(1.765,0.115,-0.626) u=(0.025,0.217) s=2.837 PSDFmin=+0.003762 G=OK(+0.002732) MF=OK(active=20/20,min=+0.1227,slack=+3.366e-13)
[RMPCC 0258] OK solve=138.4ms pose=(1.767,0.113,-0.604) u=(0.024,0.202) s=2.839 PSDFmin=+0.003783 G=OK(+0.002756) MF=OK(active=20/20,min=+0.1418,slack=+1.222e-13)
[RMPCC 0259] OK solve=146.3ms pose=(1.769,0.112,-0.584) u=(0.023,0.187) s=2.841 PSDFmin=+0.0038 G=OK(+0.002776) MF=OK(active=20/20,min=+0.158,slack=+4.467e-17)
[RMPCC 0260] OK solve=131.7ms pose=(1.770,0.111,-0.565) u=(0.022,0.173) s=2.843 PSDFmin=+0.003819 G=OK(+0.002795) MF=OK(active=20/20,min=+0.1711,slack=+2.115e-17)
[RMPCC 0261] OK solve=132.7ms pose=(1.772,0.110,-0.548) u=(0.021,0.161) s=2.845 PSDFmin=+0.003838 G=OK(+0.002814) MF=OK(active=20/20,min=+0.1814,slack=+3.819e-15)
[RMPCC 0262] OK solve=135.2ms pose=(1.774,0.109,-0.532) u=(0.020,0.149) s=2.848 PSDFmin=+0.003856 G=OK(+0.002831) MF=OK(active=20/20,min=+0.189,slack=+4.642e-14)
[RMPCC 0263] OK solve=129.4ms pose=(1.776,0.108,-0.517) u=(0.020,0.139) s=2.850 PSDFmin=+0.00388 G=OK(+0.002857) MF=OK(active=20/20,min=+0.1941,slack=+1.303e-13)
[RMPCC 0264] OK solve=142.0ms pose=(1.778,0.107,-0.503) u=(0.019,0.130) s=2.852 PSDFmin=+0.003919 G=OK(+0.002898) MF=OK(active=20/20,min=+0.1972,slack=+3.931e-13)
[RMPCC 0265] OK solve=136.9ms pose=(1.779,0.106,-0.490) u=(0.019,0.121) s=2.854 PSDFmin=+0.00397 G=OK(+0.002951) MF=OK(active=20/20,min=+0.1989,slack=+3.646e-15)
[RMPCC 0266] OK solve=138.2ms pose=(1.781,0.105,-0.478) u=(0.016,0.113) s=2.854 PSDFmin=+0.004031 G=OK(+0.003016) MF=OK(active=20/20,min=+0.1996,slack=+1.177e-15)
[RMPCC 0267] OK solve=137.4ms pose=(1.782,0.104,-0.467) u=(0.016,0.105) s=2.856 PSDFmin=+0.004096 G=OK(+0.003082) MF=OK(active=20/20,min=+0.1998,slack=+3.448e-16)
[RMPCC 0268] OK solve=137.4ms pose=(1.784,0.103,-0.456) u=(0.016,0.098) s=2.858 PSDFmin=+0.004169 G=OK(+0.003155) MF=OK(active=20/20,min=+0.2,slack=+3.853e-16)
[RMPCC 0269] OK solve=131.8ms pose=(1.785,0.103,-0.446) u=(0.016,0.092) s=2.860 PSDFmin=+0.004247 G=OK(+0.003235) MF=OK(active=20/20,min=+0.2,slack=+7.531e-16)
[RMPCC 0270] OK solve=135.8ms pose=(1.787,0.102,-0.437) u=(0.014,0.087) s=2.860 PSDFmin=+0.00433 G=OK(+0.00332) MF=OK(active=20/20,min=+0.2,slack=+2.497e-16)
[RMPCC 0271] OK solve=128.5ms pose=(1.788,0.101,-0.428) u=(0.014,0.081) s=2.862 PSDFmin=+0.004414 G=OK(+0.003404) MF=OK(active=20/20,min=+0.2,slack=+1.977e-13)
[RMPCC 0272] OK solve=133.4ms pose=(1.789,0.101,-0.420) u=(0.014,0.077) s=2.864 PSDFmin=+0.004502 G=OK(+0.003492) MF=OK(active=20/20,min=+0.2,slack=+2.214e-17)
[RMPCC 0273] OK solve=148.6ms pose=(1.790,0.100,-0.413) u=(0.012,0.072) s=2.864 PSDFmin=+0.004591 G=OK(+0.003583) MF=OK(active=20/20,min=+0.2,slack=+1.803e-12)
[RMPCC 0274] OK solve=140.6ms pose=(1.792,0.100,-0.405) u=(0.013,0.068) s=2.866 PSDFmin=+0.00468 G=OK(+0.003673) MF=OK(active=20/20,min=+0.2,slack=+2.673e-14)
[RMPCC 0275] OK solve=132.5ms pose=(1.793,0.099,-0.399) u=(0.011,0.064) s=2.866 PSDFmin=+0.00477 G=OK(+0.003764) MF=OK(active=20/20,min=+0.2,slack=+2.913e-13)
[RMPCC 0276] OK solve=140.9ms pose=(1.794,0.099,-0.392) u=(0.012,0.060) s=2.869 PSDFmin=+0.004859 G=OK(+0.003853) MF=OK(active=20/20,min=+0.2,slack=+3.33e-14)
[RMPCC 0277] OK solve=134.4ms pose=(1.795,0.098,-0.386) u=(0.010,0.057) s=2.869 PSDFmin=+0.004947 G=OK(+0.003943) MF=OK(active=20/20,min=+0.2,slack=+4.376e-13)
[RMPCC 0278] OK solve=128.2ms pose=(1.796,0.098,-0.381) u=(0.011,0.054) s=2.871 PSDFmin=+0.005035 G=OK(+0.00403) MF=OK(active=20/20,min=+0.2,slack=+2.389e-15)
[RMPCC 0279] OK solve=131.6ms pose=(1.797,0.098,-0.375) u=(0.009,0.051) s=2.871 PSDFmin=+0.005122 G=OK(+0.004118) MF=OK(active=20/20,min=+0.2,slack=+2.538e-13)
[RMPCC 0280] OK solve=129.6ms pose=(1.798,0.097,-0.370) u=(0.010,0.049) s=2.873 PSDFmin=+0.005208 G=OK(+0.004203) MF=OK(active=20/20,min=+0.2,slack=+3.159e-11)
[RMPCC 0281] OK solve=130.5ms pose=(1.799,0.097,-0.365) u=(0.009,0.046) s=2.873 PSDFmin=+0.005292 G=OK(+0.004289) MF=OK(active=20/20,min=+0.2,slack=+1.095e-14)
[RMPCC 0282] OK solve=126.7ms pose=(1.799,0.096,-0.361) u=(0.008,0.043) s=2.873 PSDFmin=+0.005374 G=OK(+0.004371) MF=OK(active=20/20,min=+0.2,slack=+6.337e-14)
[RMPCC 0283] OK solve=143.2ms pose=(1.800,0.096,-0.356) u=(0.009,0.041) s=2.875 PSDFmin=+0.005454 G=OK(+0.004451) MF=OK(active=20/20,min=+0.2,slack=+2.82e-15)
[RMPCC 0284] OK solve=151.9ms pose=(1.801,0.096,-0.352) u=(0.007,0.039) s=2.875 PSDFmin=+0.005533 G=OK(+0.00453) MF=OK(active=20/20,min=+0.2,slack=+2.992e-14)
[RMPCC 0285] OK solve=138.7ms pose=(1.802,0.096,-0.348) u=(0.007,0.037) s=2.875 PSDFmin=+0.005609 G=OK(+0.004607) MF=OK(active=20/20,min=+0.2,slack=+5.428e-14)
[RMPCC 0286] OK solve=131.6ms pose=(1.802,0.095,-0.345) u=(0.008,0.035) s=2.877 PSDFmin=+0.005683 G=OK(+0.004681) MF=OK(active=20/20,min=+0.2,slack=+8.661e-15)
[RMPCC 0287] OK solve=143.1ms pose=(1.803,0.095,-0.341) u=(0.007,0.034) s=2.877 PSDFmin=+0.005756 G=OK(+0.004754) MF=OK(active=20/20,min=+0.2,slack=+5.253e-14)
[RMPCC 0288] OK solve=130.9ms pose=(1.804,0.095,-0.338) u=(0.006,0.032) s=2.877 PSDFmin=+0.005826 G=OK(+0.004825) MF=OK(active=20/20,min=+0.2,slack=+3.559e-15)
[RMPCC 0289] OK solve=133.8ms pose=(1.804,0.095,-0.335) u=(0.006,0.030) s=2.878 PSDFmin=+0.005895 G=OK(+0.004893) MF=OK(active=20/20,min=+0.2,slack=+9.302e-15)
[RMPCC 0290] OK solve=124.6ms pose=(1.805,0.095,-0.332) u=(0.006,0.029) s=2.879 PSDFmin=+0.005961 G=OK(+0.00496) MF=OK(active=20/20,min=+0.2,slack=+3.093e-15)
[RMPCC 0291] OK solve=131.0ms pose=(1.805,0.094,-0.329) u=(0.005,0.028) s=2.879 PSDFmin=+0.006026 G=OK(+0.005025) MF=OK(active=20/20,min=+0.2,slack=+5.193e-15)
[RMPCC 0292] OK solve=144.1ms pose=(1.806,0.094,-0.326) u=(0.005,0.026) s=2.880 PSDFmin=+0.006089 G=OK(+0.005087) MF=OK(active=20/20,min=+0.2,slack=+1.519e-14)
[RMPCC 0293] OK solve=142.2ms pose=(1.806,0.094,-0.323) u=(0.005,0.025) s=2.880 PSDFmin=+0.006149 G=OK(+0.005148) MF=OK(active=20/20,min=+0.2,slack=+3.138e-14)
[RMPCC 0294] OK solve=145.4ms pose=(1.807,0.094,-0.321) u=(0.005,0.024) s=2.881 PSDFmin=+0.006208 G=OK(+0.005207) MF=OK(active=20/20,min=+0.2,slack=+4.235e-14)
[RMPCC 0295] OK solve=127.7ms pose=(1.807,0.094,-0.318) u=(0.005,0.023) s=2.881 PSDFmin=+0.006265 G=OK(+0.005264) MF=OK(active=20/20,min=+0.2,slack=+4.887e-14)
[RMPCC 0296] OK solve=143.4ms pose=(1.808,0.094,-0.316) u=(0.005,0.022) s=2.882 PSDFmin=+0.006321 G=OK(+0.00532) MF=OK(active=20/20,min=+0.2,slack=+6.075e-14)
[RMPCC 0297] OK solve=141.9ms pose=(1.808,0.093,-0.314) u=(0.004,0.021) s=2.882 PSDFmin=+0.006374 G=OK(+0.005373) MF=OK(active=20/20,min=+0.2,slack=+7.308e-14)
[RMPCC 0298] OK solve=132.8ms pose=(1.809,0.093,-0.312) u=(0.004,0.020) s=2.883 PSDFmin=+0.006425 G=OK(+0.005425) MF=OK(active=20/20,min=+0.2,slack=+7.965e-14)
목적지에 도착했습니다! 현재 위치: [1.80892 0.09315], 시간: 29.90초
Using rmpcc optimizer with differential_drive dynamics:
median:  0.13595342636108398
std:  0.00939297349820923
min:  0.11371445655822754
max:  0.23905467987060547
Simulation finished.
Run outcome: status=success, reason=None, final_time=29.900000000000155, distance_to_goal=0.009847155661504696
Optimizer runtime stats: safe_stop_count=0, backup_feasible_qp_success_count=0, plant_input_apply_count=299, last_solve_mode=sqp_rti
Trial history saved to /home/taek111/projects/psdf_mpcc/benchmark_runs/maze_rectangle_nominal/mf_scale_0p1/data/trial_history_MPC_rmpcc_rectangle_maze_mf_scale_0p1.csv
RMPCC constraint history saved to /home/taek111/projects/psdf_mpcc/benchmark_runs/maze_rectangle_nominal/mf_scale_0p1/data/rmpcc_constraints_MPC_rmpcc_rectangle_maze_mf_scale_0p1.csv
RMPCC debug history saved to /home/taek111/projects/psdf_mpcc/benchmark_runs/maze_rectangle_nominal/mf_scale_0p1/data/cycle_raw.csv
RMPCC debug history saved to /home/taek111/projects/psdf_mpcc/benchmark_runs/maze_rectangle_nominal/mf_scale_0p1/data/covariance_trajectory.csv
Pose-SDF data saved to /home/taek111/projects/psdf_mpcc/benchmark_runs/maze_rectangle_nominal/mf_scale_0p1/data/pose_sdf_MPC_rmpcc_rectangle_maze_mf_scale_0p1.csv
Total data points: 299
SDF statistics - Min: 0.0039, Max: 0.0635, Mean: 0.0125
