Resetting mpcc optimizer for clean state...
generating global path with A* + Line of Sight
시작 위치: [0.075 0.795]
목적지: [1.8  0.09]
도착 판정 기준: position <= 0.01m, angle <= 0.01rad
Setting up MPCC optimizer...
Added HARD obstacle avoidance constraint with d_min = 0.001
field AcadosOcpDims.N has been migrated to AcadosOcpOptions.N_horizon. setting AcadosOcpOptions.N_horizon = N. For future comppatibility, please use AcadosOcpOptions.N_horizon directly.

WARNING: Gauss-Newton Hessian approximation with EXTERNAL cost type not well defined!
got cost_type EXTERNAL for cost_type_0, cost_type, cost_type_e, hessian_approx: 'GAUSS_NEWTON'.
With this setting, acados will proceed computing the exact Hessian for the cost term and no Hessian contribution from constraints and dynamics.
If the external cost is a linear least squares cost, this coincides with the Gauss-Newton Hessian.
Note: There is also the option to use the external cost module with a numerical Hessian approximation (see `ext_cost_num_hess`).
OR the option to provide a symbolic custom Hessian approximation (see `cost_expr_ext_cost_custom_hess`).

acados was compiled without OpenMP.
solver time: 0.05528664588928223, path_s: 0.012781250000000003
plant_input_stage0: full=[0.1234  0.      0.09529], physical=[0.1234 0.    ]
solver time: 0.050733327865600586, path_s: 0.023590121804487274
plant_input_stage0: full=[0.11458 0.23723 0.08515], physical=[0.11458 0.23723]
solver time: 0.05400872230529785, path_s: 0.03504780124117035
plant_input_stage0: full=[0.12033 0.10228 0.08053], physical=[0.12033 0.10228]
solver time: 0.05254650115966797, path_s: 0.040732569125905976
plant_input_stage0: full=[ 0.11953 -0.08718  0.09669], physical=[ 0.11953 -0.08718]
solver time: 0.04933357238769531, path_s: 0.055040156750814216
plant_input_stage0: full=[0.12747 0.01022 0.08565], physical=[0.12747 0.01022]
solver time: 0.05816006660461426, path_s: 0.05636056265627707
plant_input_stage0: full=[ 0.12082 -0.06758  0.11885], physical=[ 0.12082 -0.06758]
solver time: 0.06042647361755371, path_s: 0.07103068136780682
plant_input_stage0: full=[0.12775 0.04907 0.10865], physical=[0.12775 0.04907]
solver time: 0.04443168640136719, path_s: 0.08728438894944865
plant_input_stage0: full=[0.13796 0.08601 0.09909], physical=[0.13796 0.08601]
solver time: 0.044333457946777344, path_s: 0.0895790373547764
plant_input_stage0: full=[0.12804 0.19528 0.13475], physical=[0.12804 0.19528]
solver time: 0.0477907657623291, path_s: 0.1055345390238507
plant_input_stage0: full=[0.13433 0.29632 0.12754], physical=[0.13433 0.29632]
solver time: 0.0461575984954834, path_s: 0.12365771839512192
plant_input_stage0: full=[0.13951 0.39254 0.11784], physical=[0.13951 0.39254]
solver time: 0.04553842544555664, path_s: 0.1270883635135776
plant_input_stage0: full=[0.12657 0.48099 0.15441], physical=[0.12657 0.48099]
solver time: 0.04169821739196777, path_s: 0.14456899913819748
plant_input_stage0: full=[0.12857 0.59627 0.14531], physical=[0.12857 0.59627]
solver time: 0.04352712631225586, path_s: 0.1647749267909202
plant_input_stage0: full=[0.13019 0.72557 0.13196], physical=[0.13019 0.72557]
solver time: 0.09907245635986328, path_s: 0.18644210954280532
plant_input_stage0: full=[0.13011 0.88053 0.11599], physical=[0.13011 0.88053]
solver time: 0.04492044448852539, path_s: 0.20086212649843618
plant_input_stage0: full=[0.12257 1.03967 0.1202 ], physical=[0.12257 1.03967]
solver time: 0.04612851142883301, path_s: 0.21386476905787102
plant_input_stage0: full=[0.11434 1.1694  0.12205], physical=[0.11434 1.1694 ]
solver time: 0.044638633728027344, path_s: 0.22986626150711106
plant_input_stage0: full=[0.09644 1.2     0.10458], physical=[0.09644 1.2    ]
solver time: 0.04657769203186035, path_s: 0.23788309509278235
plant_input_stage0: full=[0.10016 1.2     0.11687], physical=[0.10016 1.2    ]
solver time: 0.0504605770111084, path_s: 0.251228510614806
plant_input_stage0: full=[0.11622 1.2     0.11583], physical=[0.11622 1.2    ]
solver time: 0.047051429748535156, path_s: 0.26533588704792443
plant_input_stage0: full=[0.13137 1.2     0.11542], physical=[0.13137 1.2    ]
solver time: 0.044394493103027344, path_s: 0.2696538007380822
plant_input_stage0: full=[0.13256 1.2     0.14584], physical=[0.13256 1.2    ]
solver time: 0.04365038871765137, path_s: 0.28274379312255765
plant_input_stage0: full=[0.14285 1.05736 0.14838], physical=[0.14285 1.05736]
solver time: 0.0437161922454834, path_s: 0.2970183841999957
plant_input_stage0: full=[0.15126 0.91751 0.149  ], physical=[0.15126 0.91751]
solver time: 0.05586647987365723, path_s: 0.3130378197061246
plant_input_stage0: full=[0.15913 0.78776 0.14574], physical=[0.15913 0.78776]
solver time: 0.046851158142089844, path_s: 0.3278228986253183
plant_input_stage0: full=[0.16241 0.6812  0.14742], physical=[0.16241 0.6812 ]
solver time: 0.04481339454650879, path_s: 0.3435854122563143
plant_input_stage0: full=[0.16077 0.64365 0.14344], physical=[0.16077 0.64365]
solver time: 0.04336214065551758, path_s: 0.35664442427190746
plant_input_stage0: full=[0.15356 0.58158 0.1458 ], physical=[0.15356 0.58158]
solver time: 0.04500150680541992, path_s: 0.37198197575341935
plant_input_stage0: full=[0.14884 0.51791 0.13919], physical=[0.14884 0.51791]
solver time: 0.044228315353393555, path_s: 0.3842590848760699
plant_input_stage0: full=[0.14062 0.45923 0.14082], physical=[0.14062 0.45923]
solver time: 0.05681896209716797, path_s: 0.3990609465193397
plant_input_stage0: full=[0.136   0.40577 0.13307], physical=[0.136   0.40577]
solver time: 0.04254460334777832, path_s: 0.41398280780669766
plant_input_stage0: full=[0.132   0.36216 0.12464], physical=[0.132   0.36216]
solver time: 0.04254627227783203, path_s: 0.42678883646829713
plant_input_stage0: full=[0.12606 0.32646 0.12193], physical=[0.12606 0.32646]
solver time: 0.04103350639343262, path_s: 0.43889957913788535
plant_input_stage0: full=[0.12014 0.29577 0.11994], physical=[0.12014 0.29577]
solver time: 0.042970895767211914, path_s: 0.4503268540186106
plant_input_stage0: full=[0.11442 0.26971 0.11874], physical=[0.11442 0.26971]
solver time: 0.04768848419189453, path_s: 0.4647054523199914
plant_input_stage0: full=[0.11309 0.24665 0.10793], physical=[0.11309 0.24665]
solver time: 0.04592466354370117, path_s: 0.47600137707677437
plant_input_stage0: full=[0.1068  0.1227  0.10474], physical=[0.1068 0.1227]
solver time: 0.043909549713134766, path_s: 0.4866525253398748
plant_input_stage0: full=[0.10141 0.22626 0.10171], physical=[0.10141 0.22626]
solver time: 0.04356193542480469, path_s: 0.49675608960787315
plant_input_stage0: full=[0.09636 0.1201  0.09922], physical=[0.09636 0.1201 ]
solver time: 0.04509234428405762, path_s: 0.5063354091519966
plant_input_stage0: full=[0.09346 0.18748 0.0983 ], physical=[0.09346 0.18748]
solver time: 0.042925119400024414, path_s: 0.5156139055223357
plant_input_stage0: full=[0.088   0.05475 0.09545], physical=[0.088   0.05475]
solver time: 0.04649782180786133, path_s: 0.5272196151799016
plant_input_stage0: full=[ 0.09392 -0.38045  0.09156], physical=[ 0.09392 -0.38045]
solver time: 0.047707557678222656, path_s: 0.5336225394145335
plant_input_stage0: full=[ 0.09399 -0.23076  0.10568], physical=[ 0.09399 -0.23076]
solver time: 0.04295492172241211, path_s: 0.5443012262067353
plant_input_stage0: full=[ 0.09763 -0.20902  0.10563], physical=[ 0.09763 -0.20902]
solver time: 0.049994468688964844, path_s: 0.5526974932547272
plant_input_stage0: full=[ 0.09815 -0.09145  0.11325], physical=[ 0.09815 -0.09145]
solver time: 0.04944920539855957, path_s: 0.5624928383327452
plant_input_stage0: full=[ 0.10355 -0.11762  0.11966], physical=[ 0.10355 -0.11762]
solver time: 0.0474545955657959, path_s: 0.579760061825967
plant_input_stage0: full=[ 0.12093 -0.10974  0.10961], physical=[ 0.12093 -0.10974]
solver time: 0.05113816261291504, path_s: 0.5849161112986752
plant_input_stage0: full=[ 0.11816 -0.16956  0.1367 ], physical=[ 0.11816 -0.16956]
solver time: 0.04862546920776367, path_s: 0.6006480120697613
plant_input_stage0: full=[ 0.12165 -0.12094  0.12555], physical=[ 0.12165 -0.12094]
solver time: 0.047966718673706055, path_s: 0.6203648796203671
plant_input_stage0: full=[ 0.12923 -0.08518  0.10425], physical=[ 0.12923 -0.08518]
solver time: 0.04246854782104492, path_s: 0.6247614484711288
plant_input_stage0: full=[ 0.12375 -0.09095  0.13418], physical=[ 0.12375 -0.09095]
solver time: 0.045517921447753906, path_s: 0.6436611559500127
plant_input_stage0: full=[ 0.12969 -0.1235   0.11599], physical=[ 0.12969 -0.1235 ]
solver time: 0.050031423568725586, path_s: 0.6483585217825499
plant_input_stage0: full=[ 0.12535 -0.18343  0.14647], physical=[ 0.12535 -0.18343]
solver time: 0.04630899429321289, path_s: 0.6681612954829762
plant_input_stage0: full=[ 0.1253  -0.20584  0.12725], physical=[ 0.1253  -0.20584]
solver time: 0.04633951187133789, path_s: 0.6735257556127586
plant_input_stage0: full=[ 0.1499  -0.19993  0.15563], physical=[ 0.1499  -0.19993]
solver time: 0.04677462577819824, path_s: 0.6943114480666885
plant_input_stage0: full=[ 0.15262 -0.16549  0.1318 ], physical=[ 0.15262 -0.16549]
solver time: 0.04803872108459473, path_s: 0.7023610796148361
plant_input_stage0: full=[ 0.1398  -0.12625  0.14647], physical=[ 0.1398  -0.12625]
solver time: 0.043402671813964844, path_s: 0.7224082554658986
plant_input_stage0: full=[ 0.14237 -0.12371  0.12142], physical=[ 0.14237 -0.12371]
solver time: 0.04322695732116699, path_s: 0.7304060144019493
plant_input_stage0: full=[ 0.13144 -0.11982  0.13387], physical=[ 0.13144 -0.11982]
solver time: 0.050753116607666016, path_s: 0.7434405541420526
plant_input_stage0: full=[ 0.12719 -0.12139  0.12746], physical=[ 0.12719 -0.12139]
solver time: 0.048612117767333984, path_s: 0.7561234458021926
plant_input_stage0: full=[ 0.12633 -0.3019   0.12436], physical=[ 0.12633 -0.3019 ]
solver time: 0.0387568473815918, path_s: 0.7685196145922557
plant_input_stage0: full=[ 0.1265  -0.12153  0.12223], physical=[ 0.1265  -0.12153]
solver time: 0.04417991638183594, path_s: 0.7809580432267114
plant_input_stage0: full=[ 0.13175 -0.26528  0.12538], physical=[ 0.13175 -0.26528]
solver time: 0.04597663879394531, path_s: 0.7938822748018215
plant_input_stage0: full=[ 0.133   -0.17929  0.1246 ], physical=[ 0.133   -0.17929]
solver time: 0.04080080986022949, path_s: 0.8068560247719021
plant_input_stage0: full=[ 0.12869 -0.25648  0.11983], physical=[ 0.12869 -0.25648]
solver time: 0.03674578666687012, path_s: 0.8195912657862221
plant_input_stage0: full=[ 0.1321  -0.34444  0.12125], physical=[ 0.1321  -0.34444]
solver time: 0.044748544692993164, path_s: 0.8327803728468897
plant_input_stage0: full=[ 0.13007 -0.30674  0.11752], physical=[ 0.13007 -0.30674]
solver time: 0.045176029205322266, path_s: 0.8457841630182404
plant_input_stage0: full=[ 0.12987 -0.48472  0.11795], physical=[ 0.12987 -0.48472]
solver time: 0.04495882987976074, path_s: 0.858771051049221
plant_input_stage0: full=[ 0.12715 -0.46563  0.11563], physical=[ 0.12715 -0.46563]
solver time: 0.04172825813293457, path_s: 0.8676908972883415
plant_input_stage0: full=[ 0.12236 -0.64677  0.12994], physical=[ 0.12236 -0.64677]
solver time: 0.04158353805541992, path_s: 0.8829470265359592
plant_input_stage0: full=[ 0.12313 -0.70041  0.12303], physical=[ 0.12313 -0.70041]
solver time: 0.03983449935913086, path_s: 0.8957736506003596
plant_input_stage0: full=[ 0.11613 -0.8556   0.12409], physical=[ 0.11613 -0.8556 ]
solver time: 0.041677236557006836, path_s: 0.9070576915257749
plant_input_stage0: full=[ 0.10937 -1.04696  0.12966], physical=[ 0.10937 -1.04696]
solver time: 0.04098010063171387, path_s: 0.9182735785010215
plant_input_stage0: full=[ 0.11641 -1.02366  0.13941], physical=[ 0.11641 -1.02366]
solver time: 0.04126596450805664, path_s: 0.9354968482166486
plant_input_stage0: full=[ 0.12922 -0.8635   0.13261], physical=[ 0.12922 -0.8635 ]
solver time: 0.04209566116333008, path_s: 0.9483372428244314
plant_input_stage0: full=[ 0.13561 -0.67849  0.14162], physical=[ 0.13561 -0.67849]
solver time: 0.042830467224121094, path_s: 0.9647034958946841
plant_input_stage0: full=[ 0.14409 -0.46735  0.13924], physical=[ 0.14409 -0.46735]
solver time: 0.042922258377075195, path_s: 0.9797702554145282
plant_input_stage0: full=[ 0.14844 -0.25554  0.14043], physical=[ 0.14844 -0.25554]
solver time: 0.042449951171875, path_s: 0.9955255826595926
plant_input_stage0: full=[ 0.15175 -0.04477  0.13831], physical=[ 0.15175 -0.04477]
solver time: 0.03949117660522461, path_s: 1.0120938579860619
plant_input_stage0: full=[0.15119 0.19014 0.13045], physical=[0.15119 0.19014]
solver time: 0.042078256607055664, path_s: 1.0211649868060106
plant_input_stage0: full=[0.14219 0.42396 0.1438 ], physical=[0.14219 0.42396]
solver time: 0.04303431510925293, path_s: 1.035313898120951
plant_input_stage0: full=[0.13522 0.65019 0.13605], physical=[0.13522 0.65019]
solver time: 0.04083085060119629, path_s: 1.0492570043288307
plant_input_stage0: full=[0.12602 0.92003 0.12642], physical=[0.12602 0.92003]
solver time: 0.04363059997558594, path_s: 1.0614154689413544
plant_input_stage0: full=[0.12583 0.86816 0.12355], physical=[0.12583 0.86816]
solver time: 0.042815446853637695, path_s: 1.0739359764457426
plant_input_stage0: full=[0.13084 0.86741 0.12422], physical=[0.13084 0.86741]
solver time: 0.042938232421875, path_s: 1.0867924151981323
plant_input_stage0: full=[0.13191 0.70777 0.12225], physical=[0.13191 0.70777]
solver time: 0.040030479431152344, path_s: 1.0994933626770917
plant_input_stage0: full=[0.12796 0.64648 0.11794], physical=[0.12796 0.64648]
solver time: 0.04149365425109863, path_s: 1.1115393397209548
plant_input_stage0: full=[0.13345 0.64927 0.1235 ], physical=[0.13345 0.64927]
solver time: 0.04356789588928223, path_s: 1.1246428298496391
plant_input_stage0: full=[0.13722 0.61619 0.1266 ], physical=[0.13722 0.61619]
solver time: 0.0440821647644043, path_s: 1.1363504816822938
plant_input_stage0: full=[0.13712 0.59974 0.13377], physical=[0.13712 0.59974]
solver time: 0.04211592674255371, path_s: 1.149982018522254
plant_input_stage0: full=[0.13899 0.58694 0.13511], physical=[0.13899 0.58694]
solver time: 0.04322338104248047, path_s: 1.1638645496890132
plant_input_stage0: full=[0.13962 0.58452 0.13557], physical=[0.13962 0.58452]
solver time: 0.045253753662109375, path_s: 1.1778253538887826
plant_input_stage0: full=[0.13887 0.59272 0.13514], physical=[0.13887 0.59272]
solver time: 0.04380083084106445, path_s: 1.1916792413777435
plant_input_stage0: full=[0.13699 0.61265 0.13428], physical=[0.13699 0.61265]
solver time: 0.044853925704956055, path_s: 1.2052655993711743
plant_input_stage0: full=[0.13405 0.64705 0.13351], physical=[0.13405 0.64705]
solver time: 0.03657817840576172, path_s: 1.2184304335713432
plant_input_stage0: full=[0.12809 0.67857 0.13139], physical=[0.12809 0.67857]
solver time: 0.04528236389160156, path_s: 1.230827408137966
plant_input_stage0: full=[0.12707 0.78398 0.13578], physical=[0.12707 0.78398]
solver time: 0.04488325119018555, path_s: 1.2428812892694985
plant_input_stage0: full=[0.1277  0.88627 0.14274], physical=[0.1277  0.88627]
solver time: 0.04184889793395996, path_s: 1.257037112415944
plant_input_stage0: full=[0.13666 0.84353 0.14638], physical=[0.13666 0.84353]
solver time: 0.04621577262878418, path_s: 1.2743072711738226
plant_input_stage0: full=[0.14822 0.67717 0.14284], physical=[0.14822 0.67717]
solver time: 0.04073953628540039, path_s: 1.2881791444109287
plant_input_stage0: full=[0.15209 0.51478 0.15031], physical=[0.15209 0.51478]
solver time: 0.03972458839416504, path_s: 1.3043011468665373
plant_input_stage0: full=[0.13277 0.50114 0.13975], physical=[0.13277 0.50114]
solver time: 0.04655599594116211, path_s: 1.3174851447982392
plant_input_stage0: full=[0.11464 0.33218 0.14159], physical=[0.11464 0.33218]
solver time: 0.04135012626647949, path_s: 1.3289693008713324
plant_input_stage0: full=[ 0.16402 -0.21148  0.15457], physical=[ 0.16402 -0.21148]
solver time: 0.043166399002075195, path_s: 1.345227776704949
plant_input_stage0: full=[ 0.15952 -0.32727  0.15093], physical=[ 0.15952 -0.32727]
solver time: 0.0427703857421875, path_s: 1.3610807356424832
plant_input_stage0: full=[ 0.15621 -0.50152  0.14836], physical=[ 0.15621 -0.50152]
solver time: 0.0415501594543457, path_s: 1.376653419354171
plant_input_stage0: full=[ 0.1521  -0.73678  0.14648], physical=[ 0.1521  -0.73678]
solver time: 0.045334577560424805, path_s: 1.391857129308103
plant_input_stage0: full=[ 0.15477 -0.94391  0.14798], physical=[ 0.15477 -0.94391]
solver time: 0.048378705978393555, path_s: 1.4069247937990306
plant_input_stage0: full=[ 0.16054 -0.77444  0.15177], physical=[ 0.16054 -0.77444]
solver time: 0.045278072357177734, path_s: 1.423216043599979
plant_input_stage0: full=[ 0.1626  -0.70022  0.15155], physical=[ 0.1626  -0.70022]
solver time: 0.04611325263977051, path_s: 1.4390946712819785
plant_input_stage0: full=[ 0.16289 -0.61996  0.15293], physical=[ 0.16289 -0.61996]
solver time: 0.04425787925720215, path_s: 1.4521364540982602
plant_input_stage0: full=[ 0.15932 -0.55376  0.16241], physical=[ 0.15932 -0.55376]
solver time: 0.04247570037841797, path_s: 1.4678391313426193
plant_input_stage0: full=[ 0.15917 -0.47399  0.16266], physical=[ 0.15917 -0.47399]
solver time: 0.04416680335998535, path_s: 1.4836518898671367
plant_input_stage0: full=[ 0.15586 -0.43773  0.15939], physical=[ 0.15586 -0.43773]
solver time: 0.047257423400878906, path_s: 1.4992022410869819
plant_input_stage0: full=[ 0.15236 -0.33731  0.15471], physical=[ 0.15236 -0.33731]
solver time: 0.04613089561462402, path_s: 1.5144345359178644
plant_input_stage0: full=[ 0.14843 -0.27899  0.14884], physical=[ 0.14843 -0.27899]
solver time: 0.044919729232788086, path_s: 1.5292766186611437
plant_input_stage0: full=[ 0.14361 -0.23137  0.14169], physical=[ 0.14361 -0.23137]
solver time: 0.047966957092285156, path_s: 1.543626962561644
plant_input_stage0: full=[ 0.13949 -0.17259  0.13481], physical=[ 0.13949 -0.17259]
solver time: 0.04604053497314453, path_s: 1.557549400568321
plant_input_stage0: full=[0.14105 0.05036 0.13282], physical=[0.14105 0.05036]
solver time: 0.04353070259094238, path_s: 1.5716104779058104
plant_input_stage0: full=[ 0.13898 -0.11353  0.12772], physical=[ 0.13898 -0.11353]
solver time: 0.0436553955078125, path_s: 1.5854707234098084
plant_input_stage0: full=[ 0.13542 -0.00971  0.12156], physical=[ 0.13542 -0.00971]
solver time: 0.09712505340576172, path_s: 1.598963507238688
plant_input_stage0: full=[0.13957 0.00715 0.12218], physical=[0.13957 0.00715]
solver time: 0.04549431800842285, path_s: 1.6128691467541114
plant_input_stage0: full=[0.14202 0.10845 0.12241], physical=[0.14202 0.10845]
solver time: 0.04176902770996094, path_s: 1.6270201641504303
plant_input_stage0: full=[0.14449 0.15551 0.12316], physical=[0.14449 0.15551]
solver time: 0.04343056678771973, path_s: 1.6390901802854096
plant_input_stage0: full=[0.14309 0.20541 0.1307 ], physical=[0.14309 0.20541]
solver time: 0.04416656494140625, path_s: 1.6557134937957172
plant_input_stage0: full=[0.14546 0.27753 0.12408], physical=[0.14546 0.27753]
solver time: 0.042627573013305664, path_s: 1.6649756949490446
plant_input_stage0: full=[0.13901 0.35008 0.14112], physical=[0.13901 0.35008]
solver time: 0.04270339012145996, path_s: 1.6841490022559344
plant_input_stage0: full=[0.14225 0.43986 0.12638], physical=[0.14225 0.43986]
solver time: 0.04339861869812012, path_s: 1.692261413666219
plant_input_stage0: full=[0.13112 0.50835 0.14577], physical=[0.13112 0.50835]
solver time: 0.04427981376647949, path_s: 1.7114513609733457
plant_input_stage0: full=[0.13105 0.62027 0.12852], physical=[0.13105 0.62027]
solver time: 0.06062126159667969, path_s: 1.7244630741984182
plant_input_stage0: full=[0.11967 0.71897 0.12871], physical=[0.11967 0.71897]
solver time: 0.04462122917175293, path_s: 1.7362338177675976
plant_input_stage0: full=[0.1192  0.93558 0.13903], physical=[0.1192  0.93558]
solver time: 0.044312238693237305, path_s: 1.7496398788808896
plant_input_stage0: full=[0.12428 0.98885 0.14363], physical=[0.12428 0.98885]
solver time: 0.04511260986328125, path_s: 1.7654806061543151
plant_input_stage0: full=[0.1348  0.76321 0.1427 ], physical=[0.1348  0.76321]
solver time: 0.0442051887512207, path_s: 1.7789247470298066
plant_input_stage0: full=[0.13725 0.56755 0.14748], physical=[0.13725 0.56755]
solver time: 0.04646897315979004, path_s: 1.792649400719337
plant_input_stage0: full=[0.1385  0.34745 0.14953], physical=[0.1385  0.34745]
solver time: 0.041924476623535156, path_s: 1.807268945221101
plant_input_stage0: full=[0.14014 0.1466  0.148  ], physical=[0.14014 0.1466 ]
solver time: 0.04356050491333008, path_s: 1.8229754501058493
plant_input_stage0: full=[ 0.14262 -0.03277  0.14269], physical=[ 0.14262 -0.03277]
solver time: 0.04346346855163574, path_s: 1.8395115609895076
plant_input_stage0: full=[ 0.14392 -0.21656  0.13352], physical=[ 0.14392 -0.21656]
solver time: 0.039284467697143555, path_s: 1.8568840629951997
plant_input_stage0: full=[ 0.14447 -0.41086  0.12064], physical=[ 0.14447 -0.41086]
solver time: 0.043552398681640625, path_s: 1.8633114681375014
plant_input_stage0: full=[ 0.13474 -0.61653  0.1414 ], physical=[ 0.13474 -0.61653]
solver time: 0.04357171058654785, path_s: 1.8768312503250661
plant_input_stage0: full=[ 0.13228 -0.86861  0.13741], physical=[ 0.13228 -0.86861]
solver time: 0.04323530197143555, path_s: 1.895427951324315
plant_input_stage0: full=[ 0.14388 -0.79084  0.12021], physical=[ 0.14388 -0.79084]
solver time: 0.04662179946899414, path_s: 1.9043073761451457
plant_input_stage0: full=[ 0.14366 -0.72006  0.13581], physical=[ 0.14366 -0.72006]
solver time: 0.044725894927978516, path_s: 1.9184296740852806
plant_input_stage0: full=[ 0.14783 -0.66992  0.13361], physical=[ 0.14783 -0.66992]
solver time: 0.04147768020629883, path_s: 1.932728615045675
plant_input_stage0: full=[ 0.15101 -0.65101  0.13118], physical=[ 0.15101 -0.65101]
solver time: 0.044236183166503906, path_s: 1.9445194161864854
plant_input_stage0: full=[ 0.15    -0.64783  0.13628], physical=[ 0.15    -0.64783]
solver time: 0.041929006576538086, path_s: 1.9590351481107604
plant_input_stage0: full=[ 0.15144 -0.66213  0.1324 ], physical=[ 0.15144 -0.66213]
solver time: 0.04069685935974121, path_s: 1.9739058473297264
plant_input_stage0: full=[ 0.15236 -0.69034  0.12801], physical=[ 0.15236 -0.69034]
solver time: 0.0423429012298584, path_s: 1.9890246593951084
plant_input_stage0: full=[ 0.15222 -0.73225  0.12355], physical=[ 0.15222 -0.73225]
solver time: 0.04064512252807617, path_s: 1.9953966574011017
plant_input_stage0: full=[ 0.14114 -0.75638  0.14625], physical=[ 0.14114 -0.75638]
solver time: 0.041690826416015625, path_s: 2.010532013019628
plant_input_stage0: full=[ 0.13992 -0.81857  0.14017], physical=[ 0.13992 -0.81857]
solver time: 0.04492902755737305, path_s: 2.026982175742991
plant_input_stage0: full=[ 0.13954 -0.90369  0.13285], physical=[ 0.13954 -0.90369]
solver time: 0.04422783851623535, path_s: 2.0443671646641786
plant_input_stage0: full=[ 0.13863 -1.00774  0.12533], physical=[ 0.13863 -1.00774]
solver time: 0.04556751251220703, path_s: 2.0593797728532017
plant_input_stage0: full=[ 0.13466 -1.13121  0.12736], physical=[ 0.13466 -1.13121]
solver time: 0.04212355613708496, path_s: 2.071949128599118
plant_input_stage0: full=[ 0.12711 -1.19604  0.13476], physical=[ 0.12711 -1.19604]
solver time: 0.045588016510009766, path_s: 2.0845822082942953
plant_input_stage0: full=[ 0.10825 -1.2      0.13365], physical=[ 0.10825 -1.2    ]
solver time: 0.04367852210998535, path_s: 2.098771825443323
plant_input_stage0: full=[ 0.119   -1.2      0.13302], physical=[ 0.119 -1.2  ]
solver time: 0.041695594787597656, path_s: 2.1153212143089535
plant_input_stage0: full=[ 0.13401 -1.2      0.12743], physical=[ 0.13401 -1.2    ]
solver time: 0.042968034744262695, path_s: 2.129592929682229
plant_input_stage0: full=[ 0.14503 -1.2      0.12929], physical=[ 0.14503 -1.2    ]
solver time: 0.045552730560302734, path_s: 2.1445108790169027
plant_input_stage0: full=[ 0.15534 -1.09145  0.12904], physical=[ 0.15534 -1.09145]
solver time: 0.04492521286010742, path_s: 2.1505487284465077
plant_input_stage0: full=[ 0.15292 -0.89203  0.1562 ], physical=[ 0.15292 -0.89203]
solver time: 0.04040813446044922, path_s: 2.1658131811441192
plant_input_stage0: full=[ 0.15954 -0.71182  0.15331], physical=[ 0.15954 -0.71182]
solver time: 0.04296755790710449, path_s: 2.1817605274635214
plant_input_stage0: full=[ 0.16512 -0.56977  0.14958], physical=[ 0.16512 -0.56977]
solver time: 0.04383420944213867, path_s: 2.1954961678280696
plant_input_stage0: full=[ 0.16585 -0.45997  0.15325], physical=[ 0.16585 -0.45997]
solver time: 0.044647932052612305, path_s: 2.2097139704469084
plant_input_stage0: full=[ 0.16229 -0.30942  0.15196], physical=[ 0.16229 -0.30942]
solver time: 0.04389190673828125, path_s: 2.225828632364952
plant_input_stage0: full=[ 0.15929 -0.27954  0.14251], physical=[ 0.15929 -0.27954]
solver time: 0.0431370735168457, path_s: 2.2416964234463848
plant_input_stage0: full=[ 0.15603 -0.21952  0.13299], physical=[ 0.15603 -0.21952]
solver time: 0.043260812759399414, path_s: 2.2572713061191223
plant_input_stage0: full=[ 0.15451 -0.15035  0.1254 ], physical=[ 0.15451 -0.15035]
solver time: 0.04356503486633301, path_s: 2.263966730932402
plant_input_stage0: full=[ 0.1424  -0.37617  0.14465], physical=[ 0.1424  -0.37617]
solver time: 0.043967485427856445, path_s: 2.279095449274725
plant_input_stage0: full=[ 0.14199 -0.14252  0.1354 ], physical=[ 0.14199 -0.14252]
solver time: 0.04683113098144531, path_s: 2.295492839934197
plant_input_stage0: full=[ 0.15016 -0.2621   0.1299 ], physical=[ 0.15016 -0.2621 ]
solver time: 0.04257702827453613, path_s: 2.3128879208961726
plant_input_stage0: full=[ 0.1508  -0.16297  0.11831], physical=[ 0.1508  -0.16297]
solver time: 0.04289841651916504, path_s: 2.3157291835676896
plant_input_stage0: full=[ 0.14015 -0.25904  0.15601], physical=[ 0.14015 -0.25904]
solver time: 0.04191422462463379, path_s: 2.3324754888556143
plant_input_stage0: full=[ 0.14089 -0.18553  0.14468], physical=[ 0.14089 -0.18553]
solver time: 0.044060468673706055, path_s: 2.3515776438303866
plant_input_stage0: full=[ 0.14717 -0.29939  0.13194], physical=[ 0.14717 -0.29939]
solver time: 0.045398712158203125, path_s: 2.3555890096695467
plant_input_stage0: full=[ 0.13602 -0.27167  0.16682], physical=[ 0.13602 -0.27167]
solver time: 0.047380924224853516, path_s: 2.373888972015073
plant_input_stage0: full=[ 0.13957 -0.35332  0.15497], physical=[ 0.13957 -0.35332]
solver time: 0.0455625057220459, path_s: 2.395208470322811
plant_input_stage0: full=[ 0.14488 -0.40279  0.13764], physical=[ 0.14488 -0.40279]
solver time: 0.046274662017822266, path_s: 2.4129174915896394
plant_input_stage0: full=[ 0.14324 -0.4849   0.13296], physical=[ 0.14324 -0.4849 ]
solver time: 0.04116106033325195, path_s: 2.429091439453121
plant_input_stage0: full=[ 0.13837 -0.5781   0.13174], physical=[ 0.13837 -0.5781 ]
solver time: 0.04276084899902344, path_s: 2.442321617790876
plant_input_stage0: full=[ 0.12917 -0.68829  0.13688], physical=[ 0.12917 -0.68829]
solver time: 0.04721665382385254, path_s: 2.454432492232811
plant_input_stage0: full=[ 0.12437 -0.85846  0.14629], physical=[ 0.12437 -0.85846]
solver time: 0.03889012336730957, path_s: 2.465768482560685
plant_input_stage0: full=[ 0.12741 -0.87482  0.15883], physical=[ 0.12741 -0.87482]
solver time: 0.04422760009765625, path_s: 2.484888896398479
plant_input_stage0: full=[ 0.13918 -0.6754   0.14795], physical=[ 0.13918 -0.6754 ]
solver time: 0.04769325256347656, path_s: 2.501863168029485
plant_input_stage0: full=[ 0.14515 -0.47045  0.14434], physical=[ 0.14515 -0.47045]
solver time: 0.04158639907836914, path_s: 2.5133029345390314
plant_input_stage0: full=[ 0.14217 -0.28076  0.15483], physical=[ 0.14217 -0.28076]
solver time: 0.04533076286315918, path_s: 2.533464609216203
plant_input_stage0: full=[ 0.14806 -0.08942  0.1363 ], physical=[ 0.14806 -0.08942]
solver time: 0.0435793399810791, path_s: 2.5439984229451094
plant_input_stage0: full=[0.14213 0.07709 0.14699], physical=[0.14213 0.07709]
solver time: 0.03714275360107422, path_s: 2.5650660504029217
plant_input_stage0: full=[0.14815 0.28459 0.1234 ], physical=[0.14815 0.28459]
solver time: 0.04151511192321777, path_s: 2.575599864131828
plant_input_stage0: full=[0.14098 0.45181 0.13231], physical=[0.14098 0.45181]
solver time: 0.04245424270629883, path_s: 2.5861336778607336
plant_input_stage0: full=[0.13277 0.69256 0.13785], physical=[0.13277 0.69256]
solver time: 0.04125833511352539, path_s: 2.598440804327965
plant_input_stage0: full=[0.12878 0.92636 0.13447], physical=[0.12878 0.92636]
solver time: 0.04207658767700195, path_s: 2.611306150823926
plant_input_stage0: full=[0.13004 0.77455 0.12931], physical=[0.13004 0.77455]
solver time: 0.044515371322631836, path_s: 2.6241865304990357
plant_input_stage0: full=[0.12752 0.68312 0.12159], physical=[0.12752 0.68312]
solver time: 0.05099844932556152, path_s: 2.636644592106876
plant_input_stage0: full=[0.12442 0.59185 0.11389], physical=[0.12442 0.59185]
solver time: 0.04874253273010254, path_s: 2.6485896880380317
plant_input_stage0: full=[0.12035 0.55139 0.10638], physical=[0.12035 0.55139]
solver time: 0.04919719696044922, path_s: 2.6582066288616852
plant_input_stage0: full=[0.11445 0.50559 0.10511], physical=[0.11445 0.50559]
solver time: 0.04156160354614258, path_s: 2.6693085135536605
plant_input_stage0: full=[0.11059 0.47321 0.09763], physical=[0.11059 0.47321]
solver time: 0.0423274040222168, path_s: 2.680158116892385
plant_input_stage0: full=[0.10684 0.43256 0.09008], physical=[0.10684 0.43256]
solver time: 0.047128915786743164, path_s: 2.6869932954872975
plant_input_stage0: full=[0.09838 0.41058 0.09382], physical=[0.09838 0.41058]
solver time: 0.041898488998413086, path_s: 2.6986859229451094
plant_input_stage0: full=[0.09665 0.40671 0.08122], physical=[0.09665 0.40671]
solver time: 0.043585777282714844, path_s: 2.7045322366740154
plant_input_stage0: full=[0.08853 0.39752 0.08669], physical=[0.08853 0.39752]
solver time: 0.044969797134399414, path_s: 2.716224864131828
plant_input_stage0: full=[0.08779 0.37799 0.07257], physical=[0.08779 0.37799]
solver time: 0.04284954071044922, path_s: 2.722071177860734
plant_input_stage0: full=[0.08018 0.37352 0.07666], physical=[0.08018 0.37352]
solver time: 0.046585798263549805, path_s: 2.72791749158964
plant_input_stage0: full=[0.07353 0.37295 0.079  ], physical=[0.07353 0.37295]
solver time: 0.0412898063659668, path_s: 2.7396101190474518
plant_input_stage0: full=[0.07423 0.37129 0.06297], physical=[0.07423 0.37129]
solver time: 0.04186201095581055, path_s: 2.7454564327763578
plant_input_stage0: full=[0.06807 0.3617  0.06554], physical=[0.06807 0.3617 ]
solver time: 0.04435396194458008, path_s: 2.7513027465052637
plant_input_stage0: full=[0.06253 0.36712 0.06639], physical=[0.06253 0.36712]
solver time: 0.04144906997680664, path_s: 2.75714906023417
plant_input_stage0: full=[0.05788 0.3586  0.06622], physical=[0.05788 0.3586 ]
solver time: 0.041968345642089844, path_s: 2.762995373963076
plant_input_stage0: full=[0.05381 0.34806 0.06518], physical=[0.05381 0.34806]
solver time: 0.04749321937561035, path_s: 2.768841687691982
plant_input_stage0: full=[0.0502  0.35117 0.06348], physical=[0.0502  0.35117]
solver time: 0.04421639442443848, path_s: 2.77889309468101
plant_input_stage0: full=[0.05141 0.34813 0.04909], physical=[0.05141 0.34813]
solver time: 0.039116621017456055, path_s: 2.783730300367596
plant_input_stage0: full=[0.04675 0.35115 0.05093], physical=[0.04675 0.35115]
solver time: 0.044805288314819336, path_s: 2.788071732339008
plant_input_stage0: full=[0.0426  0.34517 0.05218], physical=[0.0426  0.34517]
solver time: 0.0441586971282959, path_s: 2.792226942607606
plant_input_stage0: full=[0.03909 0.33356 0.05262], physical=[0.03909 0.33356]
solver time: 0.04252481460571289, path_s: 2.7980732563365125
plant_input_stage0: full=[0.03771 0.33619 0.04722], physical=[0.03771 0.33619]
solver time: 0.04215598106384277, path_s: 2.8039195700654185
plant_input_stage0: full=[0.03669 0.32817 0.04158], physical=[0.03669 0.32817]
solver time: 0.040795087814331055, path_s: 2.8097658837943245
plant_input_stage0: full=[0.03563 0.33495 0.03541], physical=[0.03563 0.33495]
solver time: 0.044539690017700195, path_s: 2.814050668029485
plant_input_stage0: full=[0.03353 0.32934 0.03312], physical=[0.03353 0.32934]
solver time: 0.044690847396850586, path_s: 2.818243295487297
plant_input_stage0: full=[0.03161 0.32928 0.02992], physical=[0.03161 0.32928]
solver time: 0.04266858100891113, path_s: 2.821138861567144
plant_input_stage0: full=[0.02905 0.32308 0.02989], physical=[0.02905 0.32308]
solver time: 0.04203534126281738, path_s: 2.8245322366740155
plant_input_stage0: full=[0.02729 0.31775 0.0273 ], physical=[0.02729 0.31775]
solver time: 0.0417943000793457, path_s: 2.8266285504029214
plant_input_stage0: full=[0.02486 0.31067 0.02827], physical=[0.02486 0.31067]
solver time: 0.041770219802856445, path_s: 2.8308211778607335
plant_input_stage0: full=[0.02463 0.31191 0.02209], physical=[0.02463 0.31191]
solver time: 0.043627023696899414, path_s: 2.83291749158964
plant_input_stage0: full=[0.02307 0.30004 0.02259], physical=[0.02307 0.30004]
solver time: 0.04184389114379883, path_s: 2.8350138053185456
plant_input_stage0: full=[0.02233 0.2774  0.02267], physical=[0.02233 0.2774 ]
solver time: 0.04572749137878418, path_s: 2.837110119047452
plant_input_stage0: full=[0.02166 0.25716 0.02247], physical=[0.02166 0.25716]
solver time: 0.04666614532470703, path_s: 2.8392064327763578
plant_input_stage0: full=[0.02105 0.23853 0.02202], physical=[0.02105 0.23853]
solver time: 0.04598069190979004, path_s: 2.841302746505264
plant_input_stage0: full=[0.02051 0.22147 0.02135], physical=[0.02051 0.22147]
solver time: 0.044260501861572266, path_s: 2.84339906023417
plant_input_stage0: full=[0.02002 0.20586 0.02047], physical=[0.02002 0.20586]
solver time: 0.04133343696594238, path_s: 2.845495373963076
plant_input_stage0: full=[0.01959 0.19156 0.01942], physical=[0.01959 0.19156]
solver time: 0.043375492095947266, path_s: 2.847591687691982
plant_input_stage0: full=[0.0192  0.17846 0.01821], physical=[0.0192  0.17846]
solver time: 0.046816110610961914, path_s: 2.849688001420888
plant_input_stage0: full=[0.01886 0.16644 0.01685], physical=[0.01886 0.16644]
solver time: 0.04317450523376465, path_s: 2.851784315149794
plant_input_stage0: full=[0.01857 0.15541 0.01537], physical=[0.01857 0.15541]
solver time: 0.03685116767883301, path_s: 2.8538806288787
plant_input_stage0: full=[0.01831 0.14527 0.01379], physical=[0.01831 0.14527]
solver time: 0.037039995193481445, path_s: 2.8538806288787
plant_input_stage0: full=[0.01561 0.13528 0.01826], physical=[0.01561 0.13528]
solver time: 0.04299736022949219, path_s: 2.8559769426076063
plant_input_stage0: full=[0.01565 0.12616 0.0157 ], physical=[0.01565 0.12616]
solver time: 0.044542789459228516, path_s: 2.858073256336512
plant_input_stage0: full=[0.01582 0.11846 0.01333], physical=[0.01582 0.11846]
solver time: 0.04747605323791504, path_s: 2.8601695700654184
plant_input_stage0: full=[0.01598 0.11137 0.01102], physical=[0.01598 0.11137]
solver time: 0.04705166816711426, path_s: 2.8601695700654184
plant_input_stage0: full=[0.01362 0.10428 0.0149 ], physical=[0.01362 0.10428]
solver time: 0.04485011100769043, path_s: 2.8622658837943242
plant_input_stage0: full=[0.01396 0.09773 0.01181], physical=[0.01396 0.09773]
solver time: 0.04507160186767578, path_s: 2.8622658837943242
plant_input_stage0: full=[0.01189 0.09181 0.01519], physical=[0.01189 0.09181]
solver time: 0.0441126823425293, path_s: 2.8643621975232305
plant_input_stage0: full=[0.0125  0.08637 0.01169], physical=[0.0125  0.08637]
solver time: 0.04466652870178223, path_s: 2.8664585112521364
plant_input_stage0: full=[0.01317 0.08177 0.00854], physical=[0.01317 0.08177]
solver time: 0.04057669639587402, path_s: 2.8664585112521364
plant_input_stage0: full=[0.01125 0.07706 0.01175], physical=[0.01125 0.07706]
solver time: 0.04559946060180664, path_s: 2.8685548249810426
plant_input_stage0: full=[0.01197 0.07262 0.00809], physical=[0.01197 0.07262]
solver time: 0.039557695388793945, path_s: 2.8685548249810426
plant_input_stage0: full=[0.01021 0.06857 0.01099], physical=[0.01021 0.06857]
solver time: 0.038588762283325195, path_s: 2.8706511387099485
plant_input_stage0: full=[0.01109 0.06475 0.00708], physical=[0.01109 0.06475]
solver time: 0.0429837703704834, path_s: 2.8706511387099485
plant_input_stage0: full=[0.00947 0.06127 0.00978], physical=[0.00947 0.06127]
solver time: 0.04517102241516113, path_s: 2.8727474524388548
plant_input_stage0: full=[0.01048 0.05794 0.00572], physical=[0.01048 0.05794]
solver time: 0.04250836372375488, path_s: 2.8727474524388548
plant_input_stage0: full=[0.00895 0.05489 0.00826], physical=[0.00895 0.05489]
solver time: 0.04141664505004883, path_s: 2.8727474524388548
plant_input_stage0: full=[0.00751 0.05176 0.01027], physical=[0.00751 0.05176]
solver time: 0.04363393783569336, path_s: 2.8748437661677606
plant_input_stage0: full=[0.00881 0.04917 0.00573], physical=[0.00881 0.04917]
solver time: 0.04401588439941406, path_s: 2.8748437661677606
plant_input_stage0: full=[0.00755 0.04681 0.0079 ], physical=[0.00755 0.04681]
solver time: 0.04578709602355957, path_s: 2.8750964140648954
plant_input_stage0: full=[0.00665 0.04433 0.00885], physical=[0.00665 0.04433]
solver time: 0.04492044448852539, path_s: 2.876940079896667
plant_input_stage0: full=[0.00781 0.04223 0.0049 ], physical=[0.00781 0.04223]
solver time: 0.041496992111206055, path_s: 2.876940079896667
plant_input_stage0: full=[0.0067  0.04027 0.00682], physical=[0.0067  0.04027]
solver time: 0.04448556900024414, path_s: 2.8772077652889942
plant_input_stage0: full=[0.00594 0.03818 0.00753], physical=[0.00594 0.03818]
solver time: 0.039229631423950195, path_s: 2.8778006840252934
plant_input_stage0: full=[0.00571 0.03637 0.00711], physical=[0.00571 0.03637]
solver time: 0.04360079765319824, path_s: 2.8790363936255727
plant_input_stage0: full=[0.00632 0.03477 0.00478], physical=[0.00632 0.03477]
solver time: 0.04254484176635742, path_s: 2.8790363936255727
plant_input_stage0: full=[0.0054  0.0332  0.00632], physical=[0.0054 0.0332]
solver time: 0.03775334358215332, path_s: 2.8795386967710046
plant_input_stage0: full=[0.00514 0.0316  0.00604], physical=[0.00514 0.0316 ]
solver time: 0.03761696815490723, path_s: 2.8800507583043133
plant_input_stage0: full=[0.00496 0.03019 0.00571], physical=[0.00496 0.03019]
solver time: 0.039247751235961914, path_s: 2.8805448232379853
plant_input_stage0: full=[0.00479 0.02886 0.00541], physical=[0.00479 0.02886]
solver time: 0.045276641845703125, path_s: 2.881132707354479
plant_input_stage0: full=[0.00477 0.0276  0.00478], physical=[0.00477 0.0276 ]
solver time: 0.04380512237548828, path_s: 2.881497086523402
plant_input_stage0: full=[0.00449 0.02638 0.00483], physical=[0.00449 0.02638]
solver time: 0.04221820831298828, path_s: 2.8819436746334857
plant_input_stage0: full=[0.00433 0.0252  0.00454], physical=[0.00433 0.0252 ]
solver time: 0.042444467544555664, path_s: 2.882374564638288
plant_input_stage0: full=[0.00418 0.02409 0.00428], physical=[0.00418 0.02409]
solver time: 0.0417330265045166, path_s: 2.8827909086950516
plant_input_stage0: full=[0.00405 0.02302 0.00402], physical=[0.00405 0.02302]
목적지에 도착했습니다! 현재 위치: [1.80894 0.09295], 시간: 27.00초
Using mpcc optimizer with differential_drive dynamics:
median:  0.04381966590881348
std:  0.005770874329987273
min:  0.03657817840576172
max:  0.09907245635986328
Simulation finished.
Run outcome: status=success, reason=None, final_time=27.000000000000114, distance_to_goal=0.009845510406302337
Trial history saved to /home/taek111/projects/psdf_mpcc/benchmark_runs/maze_rectangle_nominal/compare_mpcc/data/trial_history_MPC_mpcc_rectangle_maze_compare_mpcc.csv
Pose-SDF data saved to /home/taek111/projects/psdf_mpcc/benchmark_runs/maze_rectangle_nominal/compare_mpcc/data/pose_sdf_MPC_mpcc_rectangle_maze_compare_mpcc.csv
Total data points: 270
SDF statistics - Min: 0.0012, Max: 0.0600, Mean: 0.0099
