RMPCC configured from config: horizon=20, tf=2.0, use_obstacle_constraint=True, use_row_mf=True, d_col=0.001, d_min=0.001, d_mf_mask=0.001, mf_slack_linear=100.0, mf_slack_quadratic=1.0, chance_epsilon=0.2, mf_active_start_step=1, mf_active_end_step=None, mf_active_terminal=True, sigma_f0=0.0002, sigma_l0=0.00025, sigma_psi0=0.00025, q_f0=0.0, q_l0=0.0, q_psi0=0.0, alpha_f=6e-05, alpha_v=1.2e-05, alpha_kappa=0.0003, beta_v=0.0006, beta_kappa=0.00024, beta_omega=0.00024, enable_backup_solver=False, debug_mf=True, debug_infeasibility=True, augmented_psdf_device=cpu
Resetting rmpcc optimizer for clean state...
Trial failure criteria enabled: movement_window_sec=5.0, movement_threshold=0.005, max_consecutive_solver_failures=10
generating global path with A* + Line of Sight
시작 위치: [0.075 0.795]
목적지: [1.8  0.09]
도착 판정 기준: position <= 0.01m, angle <= 0.01rad
Setting up RMPCC-MF optimizer...
RMPCC-MF Row M configuration: enabled=True, active only when phi > d_mf_mask=0.001, configured stages=[1, 2, 3, 4, 5, 6, 7, 8, 9, 10, 11, 12, 13, 14, 15, 16, 17, 18, 19, 20]
Added two affine safety rows at intermediate/terminal stages: 0=HARD guard/recovery, 1=SOFT MF
field AcadosOcpDims.N has been migrated to AcadosOcpOptions.N_horizon. setting AcadosOcpOptions.N_horizon = N. For future comppatibility, please use AcadosOcpOptions.N_horizon directly.

WARNING: Gauss-Newton Hessian approximation with EXTERNAL cost type not well defined!
got cost_type EXTERNAL for cost_type_0, cost_type, cost_type_e, hessian_approx: 'GAUSS_NEWTON'.
With this setting, acados will proceed computing the exact Hessian for the cost term and no Hessian contribution from constraints and dynamics.
If the external cost is a linear least squares cost, this coincides with the Gauss-Newton Hessian.
Note: There is also the option to use the external cost module with a numerical Hessian approximation (see `ext_cost_num_hess`).
OR the option to provide a symbolic custom Hessian approximation (see `cost_expr_ext_cost_custom_hess`).

acados was compiled without OpenMP.
RMPCC-MF backup SQP_WITH_FEASIBLE_QP solver disabled; using nominal safe-stop recovery.
[RMPCC 0000] OK solve=152.4ms pose=(0.075,0.795,-1.571) u=(0.123,0.000) s=0.013 PSDFmin=+0.03 G=OK(+0.04134) MF=OK(active=20/20,min=+0.2,slack=+7.52e-12)
[RMPCC 0001] OK solve=142.9ms pose=(0.075,0.783,-1.571) u=(0.114,0.088) s=0.024 PSDFmin=-0.002916 G=OK(+4.153e-11) MF=OK(active=20/20,min=+0.2,slack=+1.426e-13)
[RMPCC 0002] OK solve=142.8ms pose=(0.075,0.771,-1.562) u=(0.118,0.162) s=0.035 PSDFmin=+0.001551 G=OK(+9.526e-14) MF=OK(active=14/20,min=+1.255e-09,slack=+2.685e-13)
[RMPCC 0003] OK solve=128.0ms pose=(0.075,0.759,-1.546) u=(0.121,-0.077) s=0.041 PSDFmin=+0.003275 G=OK(+0.004078) MF=OK(active=20/20,min=+1.194e-11,slack=+1.96e-14)
[RMPCC 0004] OK solve=124.3ms pose=(0.075,0.747,-1.553) u=(0.134,-0.071) s=0.055 PSDFmin=+0.007126 G=OK(+0.004829) MF=OK(active=20/20,min=+3.202e-14,slack=+4.483e-17)
[RMPCC 0005] OK solve=127.5ms pose=(0.076,0.734,-1.561) u=(0.128,0.011) s=0.056 PSDFmin=+0.006863 G=OK(+0.004837) MF=OK(active=20/20,min=+1.244e-12,slack=+6.757e-16)
[RMPCC 0006] OK solve=118.4ms pose=(0.076,0.721,-1.559) u=(0.134,0.035) s=0.071 PSDFmin=+0.00716 G=OK(+0.005051) MF=OK(active=20/20,min=+8.225e-13,slack=+1.82e-15)
[RMPCC 0007] OK solve=130.0ms pose=(0.076,0.708,-1.556) u=(0.141,0.106) s=0.087 PSDFmin=+0.007194 G=OK(+0.004968) MF=OK(active=20/20,min=+3.915e-14,slack=+9.331e-17)
[RMPCC 0008] OK solve=125.7ms pose=(0.076,0.694,-1.545) u=(0.132,0.164) s=0.090 PSDFmin=+0.006963 G=OK(+0.004974) MF=OK(active=20/20,min=+2.373e-13,slack=+2.912e-15)
[RMPCC 0009] OK solve=122.1ms pose=(0.076,0.681,-1.529) u=(0.136,0.257) s=0.106 PSDFmin=+0.006804 G=OK(+0.004935) MF=OK(active=20/20,min=+3.2e-14,slack=+2.961e-17)
[RMPCC 0010] OK solve=133.5ms pose=(0.077,0.667,-1.503) u=(0.140,0.355) s=0.124 PSDFmin=+0.006756 G=OK(+0.004916) MF=OK(active=20/20,min=+3.003e-11,slack=+3.96e-14)
[RMPCC 0011] OK solve=129.0ms pose=(0.078,0.653,-1.468) u=(0.140,0.473) s=0.143 PSDFmin=+0.006706 G=OK(+0.004886) MF=OK(active=20/20,min=+2.658e-12,slack=+1.604e-14)
[RMPCC 0012] OK solve=124.5ms pose=(0.079,0.639,-1.421) u=(0.126,0.583) s=0.147 PSDFmin=+0.006388 G=OK(+0.004641) MF=OK(active=20/20,min=+6.01e-13,slack=+5.778e-16)
[RMPCC 0013] OK solve=114.7ms pose=(0.081,0.627,-1.362) u=(0.124,0.717) s=0.166 PSDFmin=+0.006325 G=OK(+0.004523) MF=OK(active=20/20,min=+1.486e-10,slack=+5.59e-13)
[RMPCC 0014] OK solve=120.4ms pose=(0.084,0.614,-1.291) u=(0.122,0.875) s=0.187 PSDFmin=+0.006293 G=OK(+0.004345) MF=OK(active=20/20,min=+7.147e-15,slack=+4.253e-17)
[RMPCC 0015] OK solve=136.7ms pose=(0.087,0.603,-1.203) u=(0.116,1.070) s=0.203 PSDFmin=+0.006088 G=OK(+0.003988) MF=OK(active=20/20,min=+1.085e-12,slack=+1.249e-14)
[RMPCC 0016] OK solve=123.9ms pose=(0.091,0.592,-1.096) u=(0.105,1.200) s=0.214 PSDFmin=+0.005337 G=OK(+0.00356) MF=OK(active=20/20,min=+6.88e-13,slack=+2.322e-15)
[RMPCC 0017] OK solve=118.1ms pose=(0.096,0.583,-0.976) u=(0.088,1.200) s=0.227 PSDFmin=+0.004578 G=OK(+0.003041) MF=OK(active=20/20,min=+3.558e-10,slack=+1.469e-14)
[RMPCC 0018] OK solve=115.6ms pose=(0.101,0.575,-0.856) u=(0.100,1.200) s=0.234 PSDFmin=+0.005762 G=OK(+0.00364) MF=OK(active=20/20,min=+1.954e-13,slack=+4.482e-17)
[RMPCC 0019] OK solve=133.4ms pose=(0.108,0.568,-0.736) u=(0.110,1.200) s=0.242 PSDFmin=+0.006277 G=OK(+0.004196) MF=OK(active=20/20,min=+3.34e-13,slack=+6.706e-17)
[RMPCC 0020] OK solve=148.2ms pose=(0.116,0.560,-0.616) u=(0.121,1.200) s=0.253 PSDFmin=+0.006825 G=OK(+0.00476) MF=OK(active=20/20,min=+1.137e-12,slack=+1.85e-14)
[RMPCC 0021] OK solve=130.6ms pose=(0.126,0.553,-0.496) u=(0.133,1.200) s=0.266 PSDFmin=+0.007267 G=OK(+0.005774) MF=OK(active=20/20,min=+9.782e-13,slack=+1.911e-14)
[RMPCC 0022] OK solve=126.7ms pose=(0.137,0.547,-0.376) u=(0.146,1.082) s=0.280 PSDFmin=+0.006542 G=OK(+0.00504) MF=OK(active=20/20,min=+9.956e-09,slack=+6.446e-15)
[RMPCC 0023] OK solve=143.9ms pose=(0.151,0.542,-0.268) u=(0.156,0.944) s=0.296 PSDFmin=+0.006857 G=OK(+0.005439) MF=OK(active=20/20,min=+0.0459,slack=+3.074e-17)
[RMPCC 0024] OK solve=132.4ms pose=(0.166,0.538,-0.174) u=(0.158,0.806) s=0.307 PSDFmin=+0.003396 G=OK(+0.002389) MF=OK(active=20/20,min=+7.196e-07,slack=+2.004e-17)
[RMPCC 0025] OK solve=109.0ms pose=(0.181,0.535,-0.093) u=(0.159,0.679) s=0.323 PSDFmin=+0.002561 G=OK(+0.0007359) MF=OK(active=20/20,min=+5.969e-13,slack=+1.682e-16)
[RMPCC 0026] OK solve=123.5ms pose=(0.197,0.533,-0.025) u=(0.156,0.675) s=0.338 PSDFmin=+0.002872 G=OK(+0.001864) MF=OK(active=20/20,min=+1.234e-10,slack=+1.106e-13)
[RMPCC 0027] OK solve=135.0ms pose=(0.213,0.533,0.042) u=(0.148,0.527) s=0.350 PSDFmin=+0.002747 G=OK(+0.001604) MF=OK(active=20/20,min=+2.984e-13,slack=+6.683e-17)
[RMPCC 0028] OK solve=137.1ms pose=(0.228,0.534,0.095) u=(0.144,0.498) s=0.365 PSDFmin=+0.002789 G=OK(+0.001758) MF=OK(active=20/20,min=-4.67e-14,slack=+6.631e-15)
[RMPCC 0029] OK solve=123.5ms pose=(0.242,0.535,0.145) u=(0.139,0.406) s=0.379 PSDFmin=+0.002831 G=OK(+0.001796) MF=OK(active=20/20,min=+2.693e-08,slack=+7.051e-12)
[RMPCC 0030] OK solve=130.3ms pose=(0.256,0.537,0.185) u=(0.134,0.416) s=0.393 PSDFmin=+0.002972 G=OK(+0.001928) MF=OK(active=20/20,min=+5.273e-12,slack=+1.473e-15)
[RMPCC 0031] OK solve=113.5ms pose=(0.269,0.540,0.227) u=(0.128,0.317) s=0.406 PSDFmin=+0.002989 G=OK(+0.001986) MF=OK(active=20/20,min=+3.766e-12,slack=+8.95e-16)
[RMPCC 0032] OK solve=117.0ms pose=(0.281,0.542,0.259) u=(0.122,0.356) s=0.419 PSDFmin=+0.002697 G=OK(+0.00226) MF=OK(active=20/20,min=+2.72e-09,slack=+7.926e-13)
[RMPCC 0033] OK solve=126.9ms pose=(0.293,0.546,0.294) u=(0.117,0.248) s=0.430 PSDFmin=+0.002731 G=OK(+0.002013) MF=OK(active=20/20,min=+3.98e-13,slack=+1.515e-16)
[RMPCC 0034] OK solve=125.1ms pose=(0.304,0.549,0.319) u=(0.111,0.286) s=0.442 PSDFmin=+0.001192 G=OK(+0.002782) MF=OK(active=20/20,min=+3.611e-12,slack=+1.894e-15)
[RMPCC 0035] OK solve=130.5ms pose=(0.315,0.552,0.348) u=(0.105,0.118) s=0.452 PSDFmin=+0.002438 G=OK(+0.00228) MF=OK(active=20/20,min=+1.677e-12,slack=+5.819e-16)
[RMPCC 0036] OK solve=129.4ms pose=(0.325,0.556,0.360) u=(0.108,-0.148) s=0.466 PSDFmin=+0.00366 G=OK(+8.887e-14) MF=OK(active=20/20,min=+6.528e-10,slack=+8.751e-14)
[RMPCC 0037] OK solve=109.9ms pose=(0.335,0.560,0.345) u=(0.110,-0.065) s=0.476 PSDFmin=+0.003423 G=OK(+9.714e-14) MF=OK(active=20/20,min=+1.316e-09,slack=+5.882e-15)
[RMPCC 0038] OK solve=125.7ms pose=(0.345,0.564,0.338) u=(0.111,-0.028) s=0.487 PSDFmin=+0.002757 G=OK(+3.643e-13) MF=OK(active=20/20,min=+7.008e-11,slack=+4.363e-15)
[RMPCC 0039] OK solve=122.7ms pose=(0.356,0.567,0.336) u=(0.112,0.037) s=0.499 PSDFmin=+0.004505 G=OK(+1.454e-14) MF=OK(active=20/20,min=+1.248e-11,slack=+1.872e-16)
[RMPCC 0040] OK solve=130.8ms pose=(0.366,0.571,0.339) u=(0.115,0.056) s=0.511 PSDFmin=+0.004197 G=OK(+2.867e-13) MF=OK(active=20/20,min=-3.168e-14,slack=+3.85e-15)
[RMPCC 0041] OK solve=121.4ms pose=(0.377,0.575,0.345) u=(0.115,0.061) s=0.521 PSDFmin=+0.004057 G=OK(+1.698e-11) MF=OK(active=20/20,min=+6.475e-09,slack=+2.1e-13)
[RMPCC 0042] OK solve=116.9ms pose=(0.388,0.579,0.351) u=(0.117,0.055) s=0.533 PSDFmin=+0.00388 G=OK(+9.021e-15) MF=OK(active=20/20,min=+2.245e-12,slack=+1.345e-16)
[RMPCC 0043] OK solve=153.0ms pose=(0.399,0.583,0.356) u=(0.120,0.049) s=0.544 PSDFmin=+0.003821 G=OK(+4.624e-11) MF=OK(active=20/20,min=+6.351e-10,slack=+5.287e-13)
[RMPCC 0044] OK solve=151.0ms pose=(0.410,0.587,0.361) u=(0.131,0.030) s=0.561 PSDFmin=+0.003762 G=OK(+5.995e-15) MF=OK(active=20/20,min=+2.701e-13,slack=+5.122e-17)
[RMPCC 0045] OK solve=147.3ms pose=(0.422,0.591,0.364) u=(0.133,-0.022) s=0.570 PSDFmin=+0.002952 G=OK(+5.118e-14) MF=OK(active=20/20,min=+2.749e-11,slack=+2.948e-15)
[RMPCC 0046] OK solve=133.0ms pose=(0.435,0.596,0.362) u=(0.135,0.023) s=0.583 PSDFmin=+0.003555 G=OK(+5.734e-14) MF=OK(active=20/20,min=+4.974e-13,slack=+6.502e-17)
[RMPCC 0047] OK solve=138.2ms pose=(0.447,0.601,0.364) u=(0.143,0.004) s=0.601 PSDFmin=+0.00325 G=OK(+2.101e-13) MF=OK(active=20/20,min=+1.266e-12,slack=+9.496e-16)
[RMPCC 0048] OK solve=133.5ms pose=(0.461,0.606,0.365) u=(0.150,-0.045) s=0.621 PSDFmin=+0.002845 G=OK(+1.645e-10) MF=OK(active=20/20,min=+8.966e-10,slack=+3.081e-13)
[RMPCC 0049] OK solve=129.6ms pose=(0.475,0.611,0.360) u=(0.143,-0.092) s=0.626 PSDFmin=+0.002877 G=OK(+1.405e-08) MF=OK(active=20/20,min=+3.587e-10,slack=+2.572e-11)
[RMPCC 0050] OK solve=129.2ms pose=(0.488,0.616,0.351) u=(0.146,-0.130) s=0.645 PSDFmin=-0.002411 G=OK(+1.574e-11) MF=OK(active=20/20,min=+1.823e-10,slack=+6.832e-14)
[RMPCC 0051] OK solve=134.3ms pose=(0.502,0.621,0.338) u=(0.146,-0.189) s=0.654 PSDFmin=+0.001104 G=OK(+3.142e-12) MF=OK(active=19/20,min=+1.341e-11,slack=+1.07e-13)
[RMPCC 0052] OK solve=137.8ms pose=(0.516,0.626,0.319) u=(0.146,-0.181) s=0.670 PSDFmin=+0.002673 G=OK(+0.001412) MF=OK(active=20/20,min=+2.977e-10,slack=+3.896e-13)
[RMPCC 0053] OK solve=126.3ms pose=(0.530,0.631,0.301) u=(0.139,-0.202) s=0.684 PSDFmin=+0.002605 G=OK(+0.001326) MF=OK(active=20/20,min=+8.173e-12,slack=+5.538e-15)
[RMPCC 0054] OK solve=112.1ms pose=(0.543,0.635,0.281) u=(0.133,-0.231) s=0.697 PSDFmin=+0.002478 G=OK(+0.001165) MF=OK(active=20/20,min=+1.872e-13,slack=+2.504e-15)
[RMPCC 0055] OK solve=114.6ms pose=(0.556,0.639,0.258) u=(0.127,-0.249) s=0.711 PSDFmin=+0.002561 G=OK(+0.001309) MF=OK(active=20/20,min=+8.822e-13,slack=+1.178e-15)
[RMPCC 0056] OK solve=160.3ms pose=(0.568,0.642,0.233) u=(0.124,-0.245) s=0.725 PSDFmin=+0.002688 G=OK(+0.001405) MF=OK(active=20/20,min=+5.294e-08,slack=+6.536e-11)
[RMPCC 0057] OK solve=124.7ms pose=(0.580,0.645,0.208) u=(0.119,-0.133) s=0.736 PSDFmin=+0.002899 G=OK(+0.001746) MF=OK(active=20/20,min=+3.07e-13,slack=+1.493e-15)
[RMPCC 0058] OK solve=117.0ms pose=(0.592,0.647,0.195) u=(0.116,-0.206) s=0.748 PSDFmin=+0.003101 G=OK(+0.001423) MF=OK(active=20/20,min=+5.847e-11,slack=+2.803e-13)
[RMPCC 0059] OK solve=122.9ms pose=(0.603,0.649,0.174) u=(0.114,-0.069) s=0.759 PSDFmin=+0.00334 G=OK(+0.002262) MF=OK(active=20/20,min=+1.424e-14,slack=+3.098e-17)
[RMPCC 0060] OK solve=131.2ms pose=(0.614,0.651,0.168) u=(0.116,-0.231) s=0.770 PSDFmin=-0.005502 G=OK(+0.002768) MF=OK(active=20/20,min=+2.729e-12,slack=+7.924e-16)
[RMPCC 0061] OK solve=134.3ms pose=(0.626,0.653,0.144) u=(0.116,-0.134) s=0.782 PSDFmin=+0.004516 G=OK(+1.332e-15) MF=OK(active=18/20,min=+1.425e-14,slack=+4.531e-17)
[RMPCC 0062] OK solve=129.2ms pose=(0.637,0.655,0.131) u=(0.121,-0.282) s=0.793 PSDFmin=-0.007176 G=OK(+7.838e-14) MF=OK(active=20/20,min=+2.636e-14,slack=+2.686e-14)
[RMPCC 0063] OK solve=130.0ms pose=(0.649,0.657,0.103) u=(0.121,-0.203) s=0.805 PSDFmin=+0.0008333 G=OK(+1.554e-15) MF=OK(active=14/20,min=+1.778e-13,slack=+1.266e-16)
[RMPCC 0064] OK solve=117.8ms pose=(0.661,0.658,0.083) u=(0.116,-0.283) s=0.817 PSDFmin=+0.002976 G=OK(+0.001975) MF=OK(active=19/20,min=+1.423e-14,slack=+2.194e-17)
[RMPCC 0065] OK solve=121.6ms pose=(0.673,0.659,0.054) u=(0.113,-0.309) s=0.828 PSDFmin=+0.00429 G=OK(+0.003182) MF=OK(active=20/20,min=+1.286e-11,slack=+9.051e-15)
[RMPCC 0066] OK solve=130.8ms pose=(0.684,0.659,0.023) u=(0.112,-0.348) s=0.838 PSDFmin=-0.0008044 G=OK(+0.003088) MF=OK(active=20/20,min=+1.563e-13,slack=+7.594e-17)
[RMPCC 0067] OK solve=133.5ms pose=(0.695,0.660,-0.011) u=(0.111,-0.386) s=0.851 PSDFmin=+0.001145 G=OK(+4.441e-16) MF=OK(active=19/20,min=+1.421e-13,slack=+3.621e-17)
[RMPCC 0068] OK solve=126.7ms pose=(0.706,0.660,-0.050) u=(0.116,-0.443) s=0.862 PSDFmin=+0.004933 G=OK(+0.002964) MF=OK(active=20/20,min=+8.329e-11,slack=+8.26e-14)
[RMPCC 0069] OK solve=133.7ms pose=(0.718,0.659,-0.094) u=(0.111,-0.605) s=0.873 PSDFmin=+0.004257 G=OK(+0.002675) MF=OK(active=20/20,min=+5.734e-13,slack=+5.735e-15)
[RMPCC 0070] OK solve=126.7ms pose=(0.729,0.658,-0.155) u=(0.106,-0.681) s=0.883 PSDFmin=+0.004257 G=OK(+0.002649) MF=OK(active=20/20,min=+1.081e-12,slack=+1.241e-15)
[RMPCC 0071] OK solve=140.4ms pose=(0.739,0.656,-0.223) u=(0.103,-0.805) s=0.895 PSDFmin=+0.004167 G=OK(+0.002482) MF=OK(active=20/20,min=+6.403e-14,slack=+7.846e-17)
[RMPCC 0072] OK solve=129.9ms pose=(0.749,0.654,-0.303) u=(0.097,-0.944) s=0.905 PSDFmin=+0.003984 G=OK(+0.002319) MF=OK(active=20/20,min=+5.33e-10,slack=+5.98e-13)
[RMPCC 0073] OK solve=135.6ms pose=(0.759,0.651,-0.398) u=(0.099,-0.964) s=0.914 PSDFmin=+0.004356 G=OK(+0.002642) MF=OK(active=20/20,min=+6.868e-12,slack=+4.625e-15)
[RMPCC 0074] OK solve=124.0ms pose=(0.768,0.647,-0.494) u=(0.108,-0.897) s=0.929 PSDFmin=+0.004809 G=OK(+0.003043) MF=OK(active=20/20,min=+1.351e-12,slack=+1.067e-15)
[RMPCC 0075] OK solve=131.0ms pose=(0.777,0.642,-0.584) u=(0.114,-0.803) s=0.940 PSDFmin=+0.005552 G=OK(+0.003419) MF=OK(active=20/20,min=+1.849e-13,slack=+1.21e-16)
[RMPCC 0076] OK solve=137.6ms pose=(0.787,0.636,-0.664) u=(0.121,-0.641) s=0.951 PSDFmin=+0.005168 G=OK(+0.003013) MF=OK(active=20/20,min=+1.137e-11,slack=+4.589e-15)
[RMPCC 0077] OK solve=125.7ms pose=(0.796,0.628,-0.728) u=(0.130,-0.411) s=0.965 PSDFmin=+0.004657 G=OK(+0.002565) MF=OK(active=20/20,min=+4.652e-10,slack=+1.748e-13)
[RMPCC 0078] OK solve=117.0ms pose=(0.806,0.620,-0.769) u=(0.139,-0.213) s=0.980 PSDFmin=+0.004255 G=OK(+0.002118) MF=OK(active=20/20,min=+1.222e-10,slack=+9.528e-14)
[RMPCC 0079] OK solve=120.0ms pose=(0.816,0.610,-0.791) u=(0.145,0.024) s=0.995 PSDFmin=+0.001622 G=OK(+2.6e-13) MF=OK(active=20/20,min=+7.108e-15,slack=+2.448e-17)
[RMPCC 0080] OK solve=122.8ms pose=(0.826,0.600,-0.788) u=(0.137,0.247) s=1.004 PSDFmin=+0.002767 G=OK(+0.001063) MF=OK(active=20/20,min=-2.871e-12,slack=+1.177e-12)
[RMPCC 0081] OK solve=121.9ms pose=(0.836,0.590,-0.764) u=(0.140,0.445) s=1.018 PSDFmin=+0.002674 G=OK(+0.0008522) MF=OK(active=20/20,min=+2.185e-12,slack=+1.047e-14)
[RMPCC 0082] OK solve=125.8ms pose=(0.846,0.580,-0.719) u=(0.135,0.580) s=1.032 PSDFmin=+0.002759 G=OK(+0.001065) MF=OK(active=20/20,min=+1.617e-08,slack=+1.503e-11)
[RMPCC 0083] OK solve=118.4ms pose=(0.856,0.572,-0.661) u=(0.121,0.735) s=1.048 PSDFmin=+0.002924 G=OK(+0.001198) MF=OK(active=20/20,min=+2.843e-14,slack=+5.716e-17)
[RMPCC 0084] OK solve=119.1ms pose=(0.866,0.564,-0.588) u=(0.114,0.871) s=1.057 PSDFmin=+0.003402 G=OK(+0.001599) MF=OK(active=20/20,min=+4.761e-13,slack=+5.487e-16)
[RMPCC 0085] OK solve=131.1ms pose=(0.875,0.558,-0.501) u=(0.115,0.762) s=1.069 PSDFmin=+0.004076 G=OK(+0.002345) MF=OK(active=20/20,min=+2.667e-18,slack=+2.616e-17)
[RMPCC 0086] OK solve=115.4ms pose=(0.885,0.552,-0.424) u=(0.114,0.588) s=1.080 PSDFmin=+0.005126 G=OK(+0.003542) MF=OK(active=20/20,min=+3.235e-09,slack=+3.869e-12)
[RMPCC 0087] OK solve=119.9ms pose=(0.896,0.548,-0.366) u=(0.114,0.563) s=1.091 PSDFmin=+0.006524 G=OK(+0.002575) MF=OK(active=20/20,min=+2.025e-11,slack=+2.742e-14)
[RMPCC 0088] OK solve=134.6ms pose=(0.906,0.544,-0.309) u=(0.111,0.532) s=1.102 PSDFmin=+0.005932 G=OK(+0.004645) MF=OK(active=20/20,min=-2.872e-13,slack=+2.26e-14)
[RMPCC 0089] OK solve=138.7ms pose=(0.917,0.540,-0.256) u=(0.114,0.444) s=1.112 PSDFmin=+0.007615 G=OK(+0.005051) MF=OK(active=20/20,min=+7.29e-08,slack=+2.15e-11)
[RMPCC 0090] OK solve=127.5ms pose=(0.928,0.537,-0.212) u=(0.108,0.496) s=1.121 PSDFmin=+0.003069 G=OK(+0.004448) MF=OK(active=20/20,min=+9.245e-14,slack=+7.919e-17)
[RMPCC 0091] OK solve=130.8ms pose=(0.938,0.535,-0.162) u=(0.113,0.515) s=1.132 PSDFmin=+0.005996 G=OK(+0.004658) MF=OK(active=20/20,min=+2.845e-13,slack=+2.686e-16)
[RMPCC 0092] OK solve=113.3ms pose=(0.950,0.533,-0.111) u=(0.111,0.496) s=1.143 PSDFmin=+0.005275 G=OK(+0.002215) MF=OK(active=20/20,min=+5.619e-13,slack=+6.1e-16)
[RMPCC 0093] OK solve=112.1ms pose=(0.961,0.532,-0.061) u=(0.106,0.492) s=1.154 PSDFmin=+0.005035 G=OK(+0.00396) MF=OK(active=20/20,min=+8.877e-11,slack=+2.611e-14)
[RMPCC 0094] OK solve=142.9ms pose=(0.971,0.531,-0.012) u=(0.103,0.466) s=1.164 PSDFmin=+0.004997 G=OK(+0.003755) MF=OK(active=20/20,min=+5.027e-09,slack=+3.125e-12)
[RMPCC 0095] OK solve=166.4ms pose=(0.981,0.531,0.035) u=(0.109,0.489) s=1.175 PSDFmin=+0.002392 G=OK(+0.003589) MF=OK(active=20/20,min=+5.745e-13,slack=+1.331e-14)
[RMPCC 0096] OK solve=140.6ms pose=(0.992,0.532,0.084) u=(0.111,0.457) s=1.185 PSDFmin=+0.004958 G=OK(+0.003335) MF=OK(active=20/20,min=+4.53e-09,slack=+1.08e-11)
[RMPCC 0097] OK solve=117.3ms pose=(1.003,0.533,0.129) u=(0.111,0.590) s=1.196 PSDFmin=+0.004864 G=OK(+0.003058) MF=OK(active=20/20,min=-1.735e-10,slack=+1.134e-11)
[RMPCC 0098] OK solve=119.1ms pose=(1.014,0.534,0.188) u=(0.109,0.609) s=1.207 PSDFmin=+0.004412 G=OK(+0.001763) MF=OK(active=20/20,min=+2.489e-13,slack=+2.565e-16)
[RMPCC 0099] OK solve=121.9ms pose=(1.025,0.536,0.249) u=(0.111,0.597) s=1.218 PSDFmin=+0.004541 G=OK(+0.002856) MF=OK(active=20/20,min=+3.988e-12,slack=+1.333e-14)
[RMPCC 0100] OK solve=132.6ms pose=(1.036,0.539,0.309) u=(0.108,0.728) s=1.229 PSDFmin=+0.004202 G=OK(+0.00248) MF=OK(active=20/20,min=+1.351e-09,slack=+1.1e-12)
[RMPCC 0101] OK solve=118.5ms pose=(1.046,0.542,0.382) u=(0.108,0.823) s=1.239 PSDFmin=+0.004061 G=OK(+0.002316) MF=OK(active=20/20,min=+3.563e-15,slack=+1.013e-17)
[RMPCC 0102] OK solve=126.8ms pose=(1.056,0.546,0.464) u=(0.112,0.791) s=1.249 PSDFmin=+0.004323 G=OK(+0.002605) MF=OK(active=20/20,min=-1.491e-12,slack=+3.283e-14)
[RMPCC 0103] OK solve=127.9ms pose=(1.066,0.551,0.543) u=(0.116,0.619) s=1.259 PSDFmin=+0.004795 G=OK(+0.003068) MF=OK(active=20/20,min=-1.257e-13,slack=+5.833e-15)
[RMPCC 0104] OK solve=119.8ms pose=(1.076,0.557,0.605) u=(0.124,0.663) s=1.275 PSDFmin=+0.005261 G=OK(+0.002941) MF=OK(active=20/20,min=-6.606e-14,slack=+1.453e-15)
[RMPCC 0105] OK solve=110.9ms pose=(1.086,0.564,0.672) u=(0.133,0.463) s=1.288 PSDFmin=+0.004543 G=OK(+0.002298) MF=OK(active=20/20,min=-4.468e-12,slack=+3.429e-13)
[RMPCC 0106] OK solve=123.8ms pose=(1.097,0.572,0.718) u=(0.137,0.336) s=1.301 PSDFmin=+0.004188 G=OK(+0.002107) MF=OK(active=20/20,min=-5.533e-11,slack=+1.021e-12)
[RMPCC 0107] OK solve=114.0ms pose=(1.107,0.581,0.751) u=(0.145,0.194) s=1.315 PSDFmin=+0.003756 G=OK(+0.001508) MF=OK(active=20/20,min=-3.487e-14,slack=+6.535e-16)
[RMPCC 0108] OK solve=119.6ms pose=(1.118,0.591,0.771) u=(0.150,0.005) s=1.329 PSDFmin=+0.003301 G=OK(+0.001213) MF=OK(active=20/20,min=+2.206e-12,slack=+1.723e-14)
[RMPCC 0109] OK solve=117.1ms pose=(1.128,0.602,0.771) u=(0.154,-0.223) s=1.344 PSDFmin=+0.002928 G=OK(+0.0008532) MF=OK(active=20/20,min=+2.274e-12,slack=+3.531e-16)
[RMPCC 0110] OK solve=125.7ms pose=(1.139,0.613,0.749) u=(0.158,-0.433) s=1.360 PSDFmin=+0.002804 G=OK(+0.0008151) MF=OK(active=20/20,min=+8.529e-14,slack=+2.887e-17)
[RMPCC 0111] OK solve=148.7ms pose=(1.151,0.623,0.706) u=(0.146,-0.586) s=1.375 PSDFmin=+0.003058 G=OK(+0.001214) MF=OK(active=20/20,min=-1.251e-11,slack=+2.212e-14)
[RMPCC 0112] OK solve=126.3ms pose=(1.162,0.633,0.647) u=(0.144,-1.043) s=1.390 PSDFmin=+0.003338 G=OK(+0.001104) MF=OK(active=20/20,min=+0.0006215,slack=+1.169e-15)
[RMPCC 0113] OK solve=141.8ms pose=(1.174,0.641,0.543) u=(0.153,-0.854) s=1.404 PSDFmin=+0.004456 G=OK(+0.002331) MF=OK(active=20/20,min=+9.749e-10,slack=+3.375e-12)
[RMPCC 0114] OK solve=141.1ms pose=(1.187,0.649,0.457) u=(0.154,-0.796) s=1.420 PSDFmin=+0.006358 G=OK(+0.004292) MF=OK(active=20/20,min=+3.837e-13,slack=+7.179e-17)
[RMPCC 0115] OK solve=128.1ms pose=(1.201,0.656,0.378) u=(0.157,-0.639) s=1.435 PSDFmin=+0.007283 G=OK(+0.006722) MF=OK(active=20/20,min=-1.054e-14,slack=+8.381e-16)
[RMPCC 0116] OK solve=119.9ms pose=(1.215,0.662,0.314) u=(0.154,-0.653) s=1.449 PSDFmin=+0.004948 G=OK(+0.005515) MF=OK(active=20/20,min=+1.937e-12,slack=+4.777e-14)
[RMPCC 0117] OK solve=125.1ms pose=(1.230,0.667,0.249) u=(0.148,-0.471) s=1.462 PSDFmin=+0.006373 G=OK(+0.005372) MF=OK(active=20/20,min=+3.224e-10,slack=+2.455e-12)
[RMPCC 0118] OK solve=122.4ms pose=(1.244,0.670,0.202) u=(0.144,-0.398) s=1.476 PSDFmin=+0.005225 G=OK(+0.004002) MF=OK(active=20/20,min=+5.083e-08,slack=+3.41e-11)
[RMPCC 0119] OK solve=132.6ms pose=(1.258,0.673,0.162) u=(0.139,-0.344) s=1.491 PSDFmin=+0.005759 G=OK(+0.004757) MF=OK(active=20/20,min=+8.923e-11,slack=+6.599e-12)
[RMPCC 0120] OK solve=138.6ms pose=(1.272,0.675,0.127) u=(0.136,-0.228) s=1.505 PSDFmin=+0.004041 G=OK(+0.002959) MF=OK(active=20/20,min=+4.639e-11,slack=+1.427e-13)
[RMPCC 0121] OK solve=132.9ms pose=(1.286,0.677,0.105) u=(0.135,-0.278) s=1.521 PSDFmin=+0.004785 G=OK(+0.004204) MF=OK(active=20/20,min=-1.31e-12,slack=+1.535e-13)
[RMPCC 0122] OK solve=116.5ms pose=(1.299,0.679,0.077) u=(0.130,-0.136) s=1.532 PSDFmin=+0.003332 G=OK(+0.00197) MF=OK(active=20/20,min=+5.209e-12,slack=+3.947e-15)
[RMPCC 0123] OK solve=120.0ms pose=(1.312,0.680,0.063) u=(0.128,-0.233) s=1.545 PSDFmin=+0.004362 G=OK(+0.003778) MF=OK(active=20/20,min=-5.951e-15,slack=+1.16e-15)
[RMPCC 0124] OK solve=119.5ms pose=(1.325,0.680,0.040) u=(0.131,-0.142) s=1.557 PSDFmin=+0.005542 G=OK(+0.00347) MF=OK(active=20/20,min=+8.428e-10,slack=+8.221e-13)
[RMPCC 0125] OK solve=117.6ms pose=(1.338,0.681,0.026) u=(0.133,-0.011) s=1.571 PSDFmin=+0.003858 G=OK(+0.001515) MF=OK(active=20/20,min=+1.423e-14,slack=+2.276e-17)
[RMPCC 0126] OK solve=113.5ms pose=(1.351,0.681,0.025) u=(0.132,-0.033) s=1.584 PSDFmin=+0.004379 G=OK(+0.003298) MF=OK(active=20/20,min=+1.427e-14,slack=+6.46e-17)
[RMPCC 0127] OK solve=136.8ms pose=(1.364,0.682,0.021) u=(0.133,-0.038) s=1.595 PSDFmin=+0.005396 G=OK(+0.003251) MF=OK(active=20/20,min=+2.696e-09,slack=+5.333e-12)
[RMPCC 0128] OK solve=135.3ms pose=(1.378,0.682,0.018) u=(0.136,0.124) s=1.610 PSDFmin=-0.001495 G=OK(+4.163e-12) MF=OK(active=20/20,min=+7.705e-12,slack=+1.142e-13)
[RMPCC 0129] OK solve=114.1ms pose=(1.391,0.682,0.030) u=(0.128,0.064) s=1.617 PSDFmin=+0.004637 G=OK(+6.604e-13) MF=OK(active=17/20,min=+1.133e-11,slack=+1.54e-14)
[RMPCC 0130] OK solve=129.7ms pose=(1.404,0.683,0.036) u=(0.140,0.182) s=1.636 PSDFmin=+0.004873 G=OK(+0.00309) MF=OK(active=20/20,min=+1.777e-14,slack=+2.782e-17)
[RMPCC 0131] OK solve=123.1ms pose=(1.418,0.683,0.055) u=(0.137,0.259) s=1.650 PSDFmin=+0.004503 G=OK(+0.003008) MF=OK(active=20/20,min=-6.894e-14,slack=+2.144e-15)
[RMPCC 0132] OK solve=126.0ms pose=(1.432,0.684,0.080) u=(0.134,0.261) s=1.663 PSDFmin=+0.004827 G=OK(+0.003117) MF=OK(active=20/20,min=+3.237e-12,slack=+3.441e-14)
[RMPCC 0133] OK solve=119.5ms pose=(1.445,0.685,0.107) u=(0.131,0.368) s=1.677 PSDFmin=+0.004594 G=OK(+0.002932) MF=OK(active=20/20,min=+2.053e-11,slack=+5.846e-14)
[RMPCC 0134] OK solve=122.7ms pose=(1.458,0.686,0.143) u=(0.125,0.456) s=1.689 PSDFmin=+0.004489 G=OK(+0.002847) MF=OK(active=20/20,min=+1.002e-11,slack=+9.538e-15)
[RMPCC 0135] OK solve=118.3ms pose=(1.470,0.688,0.189) u=(0.119,0.503) s=1.703 PSDFmin=+0.004241 G=OK(+0.002768) MF=OK(active=20/20,min=+3.563e-14,slack=+9.852e-17)
[RMPCC 0136] OK solve=129.1ms pose=(1.482,0.690,0.239) u=(0.113,0.649) s=1.715 PSDFmin=+0.004244 G=OK(+0.00257) MF=OK(active=20/20,min=+5.303e-12,slack=+4.727e-14)
[RMPCC 0137] OK solve=131.4ms pose=(1.493,0.693,0.304) u=(0.107,0.785) s=1.726 PSDFmin=+0.004007 G=OK(+0.002323) MF=OK(active=20/20,min=+4.158e-13,slack=+2.604e-14)
[RMPCC 0138] OK solve=133.8ms pose=(1.503,0.696,0.383) u=(0.106,0.991) s=1.737 PSDFmin=+0.004026 G=OK(+0.002128) MF=OK(active=20/20,min=+1.221e-10,slack=+1.177e-13)
[RMPCC 0139] OK solve=134.3ms pose=(1.513,0.700,0.482) u=(0.112,0.892) s=1.749 PSDFmin=+0.004502 G=OK(+0.002729) MF=OK(active=20/20,min=+3.563e-15,slack=+1.003e-17)
[RMPCC 0140] OK solve=143.1ms pose=(1.523,0.705,0.571) u=(0.117,0.836) s=1.762 PSDFmin=+0.004937 G=OK(+0.003109) MF=OK(active=20/20,min=+1.031e-12,slack=+4.045e-16)
[RMPCC 0141] OK solve=129.7ms pose=(1.533,0.712,0.655) u=(0.123,0.613) s=1.774 PSDFmin=+0.004677 G=OK(+0.002717) MF=OK(active=20/20,min=+2.96e-09,slack=+1.523e-12)
[RMPCC 0142] OK solve=131.0ms pose=(1.543,0.719,0.716) u=(0.128,0.416) s=1.786 PSDFmin=+0.004265 G=OK(+0.002391) MF=OK(active=20/20,min=+4.279e-11,slack=+2.862e-14)
[RMPCC 0143] OK solve=130.9ms pose=(1.552,0.727,0.757) u=(0.130,0.233) s=1.799 PSDFmin=+0.003667 G=OK(+0.001861) MF=OK(active=20/20,min=+8.776e-17,slack=+8.784e-17)
[RMPCC 0144] OK solve=140.3ms pose=(1.562,0.736,0.781) u=(0.137,-0.005) s=1.812 PSDFmin=+0.003389 G=OK(+0.001412) MF=OK(active=20/20,min=+1.257e-09,slack=+1.314e-12)
[RMPCC 0145] OK solve=125.5ms pose=(1.571,0.746,0.780) u=(0.143,-0.171) s=1.825 PSDFmin=+0.0032 G=OK(+0.001186) MF=OK(active=20/20,min=+5.627e-13,slack=+1.328e-15)
[RMPCC 0146] OK solve=109.8ms pose=(1.581,0.756,0.763) u=(0.148,-0.365) s=1.840 PSDFmin=+0.002867 G=OK(+0.001028) MF=OK(active=20/20,min=-1.328e-13,slack=+9.576e-15)
[RMPCC 0147] OK solve=128.8ms pose=(1.592,0.766,0.727) u=(0.144,-0.426) s=1.857 PSDFmin=+0.003227 G=OK(+0.001499) MF=OK(active=20/20,min=-3.06e-11,slack=+1.724e-12)
[RMPCC 0148] OK solve=128.4ms pose=(1.603,0.776,0.684) u=(0.135,-0.709) s=1.875 PSDFmin=+0.003239 G=OK(+0.001324) MF=OK(active=20/20,min=+2.563e-11,slack=+2.871e-14)
[RMPCC 0149] OK solve=119.4ms pose=(1.613,0.784,0.613) u=(0.128,-0.947) s=1.882 PSDFmin=+0.003601 G=OK(+0.00161) MF=OK(active=20/20,min=+3.021e-10,slack=+3.859e-13)
[RMPCC 0150] OK solve=133.9ms pose=(1.624,0.792,0.518) u=(0.137,-0.662) s=1.896 PSDFmin=+0.004415 G=OK(+0.002619) MF=OK(active=20/20,min=+9.963e-14,slack=+1.554e-16)
[RMPCC 0151] OK solve=135.3ms pose=(1.636,0.799,0.452) u=(0.136,-0.729) s=1.908 PSDFmin=+0.005857 G=OK(+0.004) MF=OK(active=20/20,min=+2.845e-14,slack=+2.444e-17)
[RMPCC 0152] OK solve=135.0ms pose=(1.648,0.804,0.379) u=(0.142,-0.596) s=1.922 PSDFmin=+0.007771 G=OK(+0.006022) MF=OK(active=20/20,min=+2.661e-17,slack=+2.67e-17)
[RMPCC 0153] OK solve=131.1ms pose=(1.661,0.810,0.320) u=(0.143,-0.625) s=1.935 PSDFmin=+0.007955 G=OK(+0.006186) MF=OK(active=20/20,min=+2.048e-12,slack=+1.81e-15)
[RMPCC 0154] OK solve=131.9ms pose=(1.675,0.814,0.257) u=(0.143,-0.590) s=1.945 PSDFmin=+0.008012 G=OK(+0.006069) MF=OK(active=20/20,min=+3.651e-10,slack=+4.171e-13)
[RMPCC 0155] OK solve=125.3ms pose=(1.689,0.818,0.198) u=(0.146,-0.617) s=1.959 PSDFmin=+0.007723 G=OK(+0.005826) MF=OK(active=20/20,min=+7.109e-14,slack=+3.694e-17)
[RMPCC 0156] OK solve=119.5ms pose=(1.703,0.821,0.137) u=(0.149,-0.642) s=1.973 PSDFmin=+0.007533 G=OK(+0.005673) MF=OK(active=20/20,min=+7.173e-14,slack=+7.041e-16)
[RMPCC 0157] OK solve=114.8ms pose=(1.718,0.823,0.072) u=(0.150,-0.687) s=1.988 PSDFmin=+0.007376 G=OK(+0.005507) MF=OK(active=20/20,min=+1.991e-13,slack=+1.37e-16)
[RMPCC 0158] OK solve=135.8ms pose=(1.733,0.824,0.004) u=(0.142,-0.729) s=1.995 PSDFmin=+0.007169 G=OK(+0.005329) MF=OK(active=20/20,min=-1.066e-13,slack=+7.178e-15)
[RMPCC 0159] OK solve=124.0ms pose=(1.747,0.824,-0.069) u=(0.142,-0.789) s=2.010 PSDFmin=+0.007072 G=OK(+0.005158) MF=OK(active=20/20,min=+5.467e-12,slack=+9.863e-15)
[RMPCC 0160] OK solve=128.3ms pose=(1.761,0.823,-0.148) u=(0.142,-0.867) s=2.027 PSDFmin=+0.007015 G=OK(+0.005017) MF=OK(active=20/20,min=+5.69e-14,slack=+5.333e-17)
[RMPCC 0161] OK solve=127.0ms pose=(1.775,0.821,-0.235) u=(0.140,-0.961) s=2.044 PSDFmin=+0.006987 G=OK(+0.0049) MF=OK(active=20/20,min=+6.26e-12,slack=+6.992e-15)
[RMPCC 0162] OK solve=130.0ms pose=(1.789,0.818,-0.331) u=(0.134,-1.060) s=2.059 PSDFmin=+0.00682 G=OK(+0.004728) MF=OK(active=20/20,min=+4.35e-10,slack=+1.132e-13)
[RMPCC 0163] OK solve=126.4ms pose=(1.801,0.813,-0.437) u=(0.119,-1.132) s=2.065 PSDFmin=+0.006225 G=OK(+0.004417) MF=OK(active=20/20,min=+4.267e-14,slack=+3.946e-17)
[RMPCC 0164] OK solve=116.7ms pose=(1.812,0.808,-0.550) u=(0.111,-1.200) s=2.083 PSDFmin=+0.005938 G=OK(+0.00401) MF=OK(active=20/20,min=+3.617e-13,slack=+6.591e-15)
[RMPCC 0165] OK solve=127.2ms pose=(1.822,0.802,-0.670) u=(0.111,-1.200) s=2.094 PSDFmin=+0.006651 G=OK(+0.004578) MF=OK(active=20/20,min=+0.05649,slack=+2.064e-14)
[RMPCC 0166] OK solve=122.9ms pose=(1.830,0.796,-0.790) u=(0.120,-1.200) s=2.103 PSDFmin=+0.007375 G=OK(+0.005197) MF=OK(active=20/20,min=+0.1173,slack=+2.569e-17)
[RMPCC 0167] OK solve=135.9ms pose=(1.839,0.787,-0.910) u=(0.131,-1.200) s=2.116 PSDFmin=+0.007993 G=OK(+0.005808) MF=OK(active=20/20,min=+0.09193,slack=+2.015e-12)
[RMPCC 0168] OK solve=136.8ms pose=(1.847,0.777,-1.030) u=(0.142,-1.126) s=2.130 PSDFmin=+0.008144 G=OK(+0.006754) MF=OK(active=20/20,min=+1.322e-12,slack=+8.977e-17)
[RMPCC 0169] OK solve=120.9ms pose=(1.854,0.764,-1.143) u=(0.153,-0.925) s=2.145 PSDFmin=+0.0079 G=OK(+0.006068) MF=OK(active=20/20,min=+2.842e-14,slack=+1.002e-17)
[RMPCC 0170] OK solve=116.0ms pose=(1.860,0.751,-1.235) u=(0.161,-0.781) s=2.160 PSDFmin=+0.006954 G=OK(+0.0054) MF=OK(active=20/20,min=+2.608e-12,slack=+2.879e-14)
[RMPCC 0171] OK solve=146.6ms pose=(1.866,0.735,-1.313) u=(0.162,-0.609) s=2.171 PSDFmin=+0.001434 G=OK(+0.005139) MF=OK(active=20/20,min=+1.425e-14,slack=+3.599e-17)
[RMPCC 0172] OK solve=137.9ms pose=(1.870,0.720,-1.374) u=(0.164,-0.460) s=2.187 PSDFmin=+0.00528 G=OK(+0.003837) MF=OK(active=20/20,min=+6.081e-13,slack=+1.17e-14)
[RMPCC 0173] OK solve=138.3ms pose=(1.873,0.704,-1.420) u=(0.163,-0.410) s=2.204 PSDFmin=+0.005328 G=OK(+0.004041) MF=OK(active=20/20,min=+9.072e-10,slack=+9.977e-13)
[RMPCC 0174] OK solve=122.1ms pose=(1.875,0.687,-1.461) u=(0.153,-0.292) s=2.214 PSDFmin=+0.005473 G=OK(+0.004402) MF=OK(active=20/20,min=+1.025e-12,slack=+1.342e-15)
[RMPCC 0175] OK solve=143.1ms pose=(1.877,0.672,-1.490) u=(0.152,-0.260) s=2.229 PSDFmin=+0.005349 G=OK(+0.00401) MF=OK(active=20/20,min=+2.021e-09,slack=+1.702e-12)
[RMPCC 0176] OK solve=127.9ms pose=(1.878,0.657,-1.516) u=(0.151,-0.157) s=2.244 PSDFmin=+0.005422 G=OK(+0.004342) MF=OK(active=20/20,min=+5.679e-08,slack=+7.214e-11)
[RMPCC 0177] OK solve=129.5ms pose=(1.879,0.642,-1.532) u=(0.151,-0.221) s=2.259 PSDFmin=+0.002736 G=OK(+0.004113) MF=OK(active=20/20,min=+1.29e-08,slack=+1.568e-11)
[RMPCC 0178] OK solve=125.1ms pose=(1.880,0.627,-1.554) u=(0.150,-0.169) s=2.275 PSDFmin=+0.00529 G=OK(+0.004166) MF=OK(active=20/20,min=-3.109e-15,slack=+1.86e-15)
[RMPCC 0179] OK solve=120.2ms pose=(1.880,0.612,-1.571) u=(0.136,-0.202) s=2.280 PSDFmin=+0.005259 G=OK(+0.004182) MF=OK(active=20/20,min=+4.859e-11,slack=+1.94e-14)
[RMPCC 0180] OK solve=124.5ms pose=(1.880,0.598,-1.591) u=(0.136,-0.170) s=2.296 PSDFmin=+0.005222 G=OK(+0.004021) MF=OK(active=20/20,min=-3.813e-13,slack=+1.686e-14)
[RMPCC 0181] OK solve=127.0ms pose=(1.880,0.585,-1.608) u=(0.144,-0.284) s=2.313 PSDFmin=-0.005276 G=OK(+0.0004228) MF=OK(active=20/20,min=-5.535e-14,slack=+1.647e-15)
[RMPCC 0182] OK solve=124.9ms pose=(1.879,0.570,-1.637) u=(0.128,-0.181) s=2.316 PSDFmin=+0.001164 G=OK(+2.62e-14) MF=OK(active=14/20,min=+1.891e-12,slack=+1.072e-15)
[RMPCC 0183] OK solve=117.8ms pose=(1.878,0.558,-1.655) u=(0.127,-0.229) s=2.332 PSDFmin=+0.003669 G=OK(+0.002656) MF=OK(active=20/20,min=-5.035e-12,slack=+8.795e-14)
[RMPCC 0184] OK solve=115.1ms pose=(1.877,0.545,-1.678) u=(0.129,-0.253) s=2.351 PSDFmin=+0.004598 G=OK(+0.003556) MF=OK(active=20/20,min=+9.242e-13,slack=+1.495e-14)
[RMPCC 0185] OK solve=124.2ms pose=(1.876,0.532,-1.703) u=(0.117,-0.204) s=2.355 PSDFmin=+0.005036 G=OK(+0.003577) MF=OK(active=20/20,min=+3.911e-14,slack=+2.612e-17)
[RMPCC 0186] OK solve=111.3ms pose=(1.874,0.520,-1.723) u=(0.128,-0.349) s=2.373 PSDFmin=+0.001459 G=OK(+0.002871) MF=OK(active=20/20,min=+2.849e-14,slack=+6.551e-17)
[RMPCC 0187] OK solve=118.5ms pose=(1.872,0.508,-1.758) u=(0.117,-0.263) s=2.377 PSDFmin=+0.004765 G=OK(+0.00318) MF=OK(active=20/20,min=-5.587e-14,slack=+1.218e-15)
[RMPCC 0188] OK solve=119.9ms pose=(1.870,0.496,-1.785) u=(0.123,-0.435) s=2.396 PSDFmin=+0.004839 G=OK(+0.003192) MF=OK(active=20/20,min=+2.211e-13,slack=+7.855e-16)
[RMPCC 0189] OK solve=126.1ms pose=(1.868,0.484,-1.828) u=(0.124,-0.430) s=2.413 PSDFmin=+0.004793 G=OK(+0.003044) MF=OK(active=20/20,min=+4.224e-16,slack=+4.308e-16)
[RMPCC 0190] OK solve=126.5ms pose=(1.864,0.472,-1.871) u=(0.122,-0.573) s=2.429 PSDFmin=+0.004507 G=OK(+0.002771) MF=OK(active=20/20,min=+2.386e-11,slack=+8.646e-14)
[RMPCC 0191] OK solve=123.6ms pose=(1.861,0.461,-1.928) u=(0.119,-0.689) s=2.441 PSDFmin=+0.004422 G=OK(+0.002592) MF=OK(active=20/20,min=+4.498e-12,slack=+7.758e-15)
[RMPCC 0192] OK solve=142.1ms pose=(1.857,0.449,-1.997) u=(0.113,-0.826) s=2.452 PSDFmin=+0.00406 G=OK(+0.00231) MF=OK(active=20/20,min=+1.706e-12,slack=+1.017e-15)
[RMPCC 0193] OK solve=141.7ms pose=(1.852,0.439,-2.080) u=(0.115,-0.808) s=2.464 PSDFmin=+0.004447 G=OK(+0.00271) MF=OK(active=20/20,min=+4.952e-10,slack=+3.913e-13)
[RMPCC 0194] OK solve=125.0ms pose=(1.846,0.429,-2.161) u=(0.119,-0.745) s=2.478 PSDFmin=+0.004859 G=OK(+0.002973) MF=OK(active=20/20,min=+4.337e-13,slack=+2.36e-16)
[RMPCC 0195] OK solve=116.6ms pose=(1.840,0.419,-2.235) u=(0.125,-0.570) s=2.491 PSDFmin=+0.004473 G=OK(+0.002505) MF=OK(active=20/20,min=+1.424e-14,slack=+2.801e-17)
[RMPCC 0196] OK solve=126.9ms pose=(1.832,0.409,-2.292) u=(0.128,-0.373) s=2.502 PSDFmin=+0.004021 G=OK(+0.002177) MF=OK(active=20/20,min=+2.452e-12,slack=+7.948e-15)
[RMPCC 0197] OK solve=118.1ms pose=(1.824,0.400,-2.330) u=(0.145,-0.172) s=2.523 PSDFmin=+0.00381 G=OK(+0.001672) MF=OK(active=20/20,min=-1.405e-14,slack=+1.619e-16)
[RMPCC 0198] OK solve=124.0ms pose=(1.814,0.389,-2.347) u=(0.145,0.030) s=2.533 PSDFmin=+0.003338 G=OK(+0.001201) MF=OK(active=20/20,min=-2.839e-14,slack=+3.545e-17)
[RMPCC 0199] OK solve=124.9ms pose=(1.803,0.379,-2.344) u=(0.146,0.198) s=2.544 PSDFmin=+0.003057 G=OK(+0.001129) MF=OK(active=20/20,min=+1.689e-11,slack=+3.609e-14)
[RMPCC 0200] OK solve=121.8ms pose=(1.793,0.368,-2.324) u=(0.154,0.361) s=2.565 PSDFmin=+0.003124 G=OK(+0.001247) MF=OK(active=20/20,min=-1.19e-12,slack=+3.946e-15)
[RMPCC 0201] OK solve=121.4ms pose=(1.783,0.357,-2.288) u=(0.143,0.466) s=2.576 PSDFmin=+0.003135 G=OK(+0.00136) MF=OK(active=20/20,min=+8.67e-13,slack=+1.653e-15)
[RMPCC 0202] OK solve=117.7ms pose=(1.773,0.346,-2.241) u=(0.140,0.716) s=2.597 PSDFmin=+0.003332 G=OK(+0.001362) MF=OK(active=20/20,min=+3.167e-11,slack=+2.774e-14)
[RMPCC 0203] OK solve=127.5ms pose=(1.765,0.335,-2.170) u=(0.137,0.926) s=2.607 PSDFmin=+0.003745 G=OK(+0.001686) MF=OK(active=20/20,min=+1.67e-13,slack=+2.169e-16)
[RMPCC 0204] OK solve=134.9ms pose=(1.757,0.324,-2.077) u=(0.141,0.694) s=2.618 PSDFmin=+0.004738 G=OK(+0.002883) MF=OK(active=20/20,min=+1.5e-13,slack=+8.255e-16)
[RMPCC 0205] OK solve=127.1ms pose=(1.750,0.312,-2.008) u=(0.135,0.732) s=2.630 PSDFmin=+0.006353 G=OK(+0.004505) MF=OK(active=20/20,min=+1.815e-11,slack=+1.375e-14)
[RMPCC 0206] OK solve=128.2ms pose=(1.744,0.300,-1.935) u=(0.131,0.630) s=2.643 PSDFmin=+0.007267 G=OK(+0.006178) MF=OK(active=20/20,min=+4.481e-13,slack=+4.908e-16)
[RMPCC 0207] OK solve=123.7ms pose=(1.740,0.287,-1.872) u=(0.127,0.580) s=2.655 PSDFmin=+0.006854 G=OK(+0.005831) MF=OK(active=20/20,min=+1.113e-09,slack=+5.046e-13)
[RMPCC 0208] OK solve=133.2ms pose=(1.736,0.275,-1.813) u=(0.118,0.522) s=2.664 PSDFmin=+0.006587 G=OK(+0.005569) MF=OK(active=20/20,min=+4.273e-14,slack=+9.845e-17)
[RMPCC 0209] OK solve=119.5ms pose=(1.733,0.264,-1.761) u=(0.114,0.488) s=2.675 PSDFmin=+0.006328 G=OK(+0.005306) MF=OK(active=20/20,min=+1.423e-14,slack=+2.14e-17)
[RMPCC 0210] OK solve=120.9ms pose=(1.731,0.253,-1.713) u=(0.109,0.475) s=2.686 PSDFmin=+0.00616 G=OK(+0.005094) MF=OK(active=20/20,min=+8.069e-09,slack=+6.635e-12)
[RMPCC 0211] OK solve=135.6ms pose=(1.729,0.242,-1.665) u=(0.105,0.464) s=2.697 PSDFmin=+0.005852 G=OK(+0.004785) MF=OK(active=20/20,min=+2.009e-13,slack=+1.91e-15)
[RMPCC 0212] OK solve=127.9ms pose=(1.728,0.231,-1.619) u=(0.097,0.438) s=2.705 PSDFmin=+0.005581 G=OK(+0.004563) MF=OK(active=20/20,min=+2.547e-10,slack=+5.988e-14)
[RMPCC 0213] OK solve=127.0ms pose=(1.728,0.222,-1.575) u=(0.088,0.415) s=2.710 PSDFmin=+0.005359 G=OK(+0.004348) MF=OK(active=20/20,min=+2.257e-11,slack=+3.115e-14)
[RMPCC 0214] OK solve=121.8ms pose=(1.728,0.213,-1.533) u=(0.087,0.420) s=2.722 PSDFmin=+0.005246 G=OK(+0.004203) MF=OK(active=20/20,min=+1.564e-13,slack=+4.909e-17)
[RMPCC 0215] OK solve=122.2ms pose=(1.728,0.204,-1.491) u=(0.079,0.417) s=2.728 PSDFmin=+0.00502 G=OK(+0.003966) MF=OK(active=20/20,min=-1.273e-14,slack=+1.584e-15)
[RMPCC 0216] OK solve=123.2ms pose=(1.729,0.196,-1.450) u=(0.072,0.404) s=2.734 PSDFmin=+0.004783 G=OK(+0.003757) MF=OK(active=20/20,min=+1.678e-17,slack=+1.702e-17)
[RMPCC 0217] OK solve=137.1ms pose=(1.730,0.189,-1.409) u=(0.072,0.397) s=2.745 PSDFmin=+0.004596 G=OK(+0.003579) MF=OK(active=20/20,min=+2.564e-13,slack=+6.509e-16)
[RMPCC 0218] OK solve=127.6ms pose=(1.731,0.182,-1.370) u=(0.066,0.404) s=2.751 PSDFmin=+0.004487 G=OK(+0.003435) MF=OK(active=20/20,min=+8.938e-12,slack=+3.216e-14)
[RMPCC 0219] OK solve=124.5ms pose=(1.732,0.176,-1.329) u=(0.060,0.405) s=2.757 PSDFmin=+0.004279 G=OK(+0.003229) MF=OK(active=20/20,min=+4.267e-14,slack=+3.883e-17)
[RMPCC 0220] OK solve=121.1ms pose=(1.734,0.170,-1.289) u=(0.056,0.390) s=2.763 PSDFmin=+0.004064 G=OK(+0.003046) MF=OK(active=20/20,min=+5.58e-12,slack=+9.152e-15)
[RMPCC 0221] OK solve=123.1ms pose=(1.735,0.164,-1.250) u=(0.052,0.386) s=2.769 PSDFmin=+0.003945 G=OK(+0.002913) MF=OK(active=20/20,min=+5.572e-12,slack=+5.311e-14)
[RMPCC 0222] OK solve=128.0ms pose=(1.737,0.159,-1.211) u=(0.049,0.385) s=2.775 PSDFmin=+0.003789 G=OK(+0.002739) MF=OK(active=20/20,min=+3.735e-07,slack=+3.898e-11)
[RMPCC 0223] OK solve=119.2ms pose=(1.739,0.155,-1.173) u=(0.046,0.379) s=2.781 PSDFmin=+0.003606 G=OK(+0.002571) MF=OK(active=20/20,min=+2.511e-07,slack=+1.431e-11)
[RMPCC 0224] OK solve=135.8ms pose=(1.740,0.151,-1.135) u=(0.043,0.370) s=2.786 PSDFmin=+0.003458 G=OK(+0.002431) MF=OK(active=20/20,min=+2.229e-12,slack=+4.043e-14)
[RMPCC 0225] OK solve=135.3ms pose=(1.742,0.147,-1.098) u=(0.041,0.373) s=2.792 PSDFmin=+0.003326 G=OK(+0.002278) MF=OK(active=20/20,min=+1.848e-12,slack=+9.819e-17)
[RMPCC 0226] OK solve=137.6ms pose=(1.744,0.143,-1.060) u=(0.039,0.376) s=2.798 PSDFmin=+0.003169 G=OK(+0.002123) MF=OK(active=20/20,min=+4.859e-11,slack=+2.991e-14)
[RMPCC 0227] OK solve=134.2ms pose=(1.746,0.140,-1.023) u=(0.038,0.371) s=2.804 PSDFmin=+0.003012 G=OK(+0.001981) MF=OK(active=20/20,min=+2.657e-09,slack=+6.82e-12)
[RMPCC 0228] OK solve=129.6ms pose=(1.748,0.136,-0.986) u=(0.031,0.360) s=2.804 PSDFmin=+0.002821 G=OK(+0.001792) MF=OK(active=20/20,min=+2.817e-12,slack=+2.84e-15)
[RMPCC 0229] OK solve=128.0ms pose=(1.750,0.134,-0.950) u=(0.032,0.357) s=2.810 PSDFmin=+0.002716 G=OK(+0.001676) MF=OK(active=20/20,min=+1.921e-06,slack=+3.289e-11)
[RMPCC 0230] OK solve=136.4ms pose=(1.751,0.131,-0.914) u=(0.030,0.354) s=2.814 PSDFmin=+0.00257 G=OK(+0.001533) MF=OK(active=20/20,min=+5.365e-08,slack=+1.717e-12)
[RMPCC 0231] OK solve=129.0ms pose=(1.753,0.129,-0.879) u=(0.029,0.347) s=2.817 PSDFmin=+0.002441 G=OK(+0.001406) MF=OK(active=20/20,min=+3.675e-11,slack=+2.662e-14)
[RMPCC 0232] OK solve=126.3ms pose=(1.755,0.127,-0.844) u=(0.027,0.340) s=2.820 PSDFmin=+0.002328 G=OK(+0.001296) MF=OK(active=20/20,min=+4.008e-12,slack=+4.894e-16)
[RMPCC 0233] OK solve=124.8ms pose=(1.757,0.125,-0.810) u=(0.025,0.329) s=2.823 PSDFmin=+0.002221 G=OK(+0.001191) MF=OK(active=20/20,min=+2.384e-06,slack=+6.242e-12)
[RMPCC 0234] OK solve=128.4ms pose=(1.759,0.123,-0.777) u=(0.026,0.306) s=2.827 PSDFmin=+0.002245 G=OK(+0.001211) MF=OK(active=20/20,min=+0.02184,slack=+7.399e-13)
[RMPCC 0235] OK solve=128.9ms pose=(1.760,0.121,-0.746) u=(0.025,0.284) s=2.829 PSDFmin=+0.002256 G=OK(+0.001226) MF=OK(active=20/20,min=+0.04584,slack=+1.777e-15)
[RMPCC 0236] OK solve=126.0ms pose=(1.762,0.119,-0.718) u=(0.024,0.262) s=2.831 PSDFmin=+0.002266 G=OK(+0.00124) MF=OK(active=20/20,min=+0.06937,slack=+3.471e-17)
[RMPCC 0237] OK solve=180.7ms pose=(1.764,0.118,-0.692) u=(0.025,0.243) s=2.835 PSDFmin=+0.00231 G=OK(+0.001276) MF=OK(active=20/20,min=+0.0979,slack=+4.823e-16)
[RMPCC 0238] OK solve=126.4ms pose=(1.766,0.116,-0.668) u=(0.024,0.225) s=2.837 PSDFmin=+0.002332 G=OK(+0.001302) MF=OK(active=20/20,min=+0.1241,slack=+2.285e-17)
[RMPCC 0239] OK solve=125.0ms pose=(1.768,0.115,-0.645) u=(0.023,0.209) s=2.839 PSDFmin=+0.002357 G=OK(+0.001327) MF=OK(active=20/20,min=+0.1472,slack=+3.646e-12)
[RMPCC 0240] OK solve=136.3ms pose=(1.770,0.113,-0.624) u=(0.022,0.193) s=2.841 PSDFmin=+0.002382 G=OK(+0.001352) MF=OK(active=20/20,min=+0.1662,slack=+3.282e-13)
[RMPCC 0241] OK solve=129.6ms pose=(1.771,0.112,-0.605) u=(0.021,0.179) s=2.843 PSDFmin=+0.002403 G=OK(+0.001375) MF=OK(active=20/20,min=+0.1805,slack=+2.013e-17)
[RMPCC 0242] OK solve=128.3ms pose=(1.773,0.111,-0.587) u=(0.020,0.166) s=2.845 PSDFmin=+0.002423 G=OK(+0.001395) MF=OK(active=20/20,min=+0.1902,slack=+2.16e-17)
[RMPCC 0243] OK solve=120.3ms pose=(1.775,0.110,-0.570) u=(0.020,0.155) s=2.848 PSDFmin=+0.002458 G=OK(+0.001433) MF=OK(active=20/20,min=+0.196,slack=+2.312e-17)
[RMPCC 0244] OK solve=124.1ms pose=(1.777,0.109,-0.555) u=(0.019,0.144) s=2.850 PSDFmin=+0.002509 G=OK(+0.001486) MF=OK(active=20/20,min=+0.1988,slack=+2.384e-17)
[RMPCC 0245] OK solve=123.9ms pose=(1.778,0.108,-0.540) u=(0.019,0.134) s=2.852 PSDFmin=+0.002572 G=OK(+0.001551) MF=OK(active=20/20,min=+0.1999,slack=+4.51e-17)
[RMPCC 0246] OK solve=137.1ms pose=(1.780,0.107,-0.527) u=(0.018,0.126) s=2.854 PSDFmin=+0.002647 G=OK(+0.001627) MF=OK(active=20/20,min=+0.2,slack=+1.776e-12)
[RMPCC 0247] OK solve=142.1ms pose=(1.781,0.106,-0.514) u=(0.016,0.117) s=2.854 PSDFmin=+0.002729 G=OK(+0.001714) MF=OK(active=20/20,min=+0.2,slack=+7.545e-13)
[RMPCC 0248] OK solve=113.2ms pose=(1.783,0.105,-0.503) u=(0.016,0.109) s=2.856 PSDFmin=+0.002815 G=OK(+0.001801) MF=OK(active=20/20,min=+0.2,slack=+7.833e-14)
[RMPCC 0249] OK solve=128.9ms pose=(1.784,0.104,-0.492) u=(0.016,0.102) s=2.858 PSDFmin=+0.002908 G=OK(+0.001894) MF=OK(active=20/20,min=+0.2,slack=+3.008e-12)
[RMPCC 0250] OK solve=126.3ms pose=(1.786,0.104,-0.482) u=(0.016,0.096) s=2.860 PSDFmin=+0.003005 G=OK(+0.001992) MF=OK(active=20/20,min=+0.2,slack=+4.21e-11)
[RMPCC 0251] OK solve=123.5ms pose=(1.787,0.103,-0.472) u=(0.014,0.090) s=2.860 PSDFmin=+0.003105 G=OK(+0.002095) MF=OK(active=20/20,min=+0.2,slack=+5.418e-17)
[RMPCC 0252] OK solve=121.5ms pose=(1.788,0.102,-0.463) u=(0.014,0.084) s=2.862 PSDFmin=+0.003206 G=OK(+0.002196) MF=OK(active=20/20,min=+0.2,slack=+1.259e-10)
[RMPCC 0253] OK solve=125.4ms pose=(1.789,0.102,-0.454) u=(0.014,0.080) s=2.864 PSDFmin=+0.00331 G=OK(+0.0023) MF=OK(active=20/20,min=+0.2,slack=+5.62e-14)
[RMPCC 0254] OK solve=126.4ms pose=(1.791,0.101,-0.447) u=(0.012,0.075) s=2.864 PSDFmin=+0.003415 G=OK(+0.002407) MF=OK(active=20/20,min=+0.2,slack=+1.219e-10)
[RMPCC 0255] OK solve=129.1ms pose=(1.792,0.100,-0.439) u=(0.013,0.070) s=2.866 PSDFmin=+0.003518 G=OK(+0.00251) MF=OK(active=20/20,min=+0.2,slack=+1.842e-14)
[RMPCC 0256] OK solve=122.8ms pose=(1.793,0.100,-0.432) u=(0.011,0.066) s=2.866 PSDFmin=+0.003622 G=OK(+0.002616) MF=OK(active=20/20,min=+0.2,slack=+1.77e-13)
[RMPCC 0257] OK solve=125.4ms pose=(1.794,0.099,-0.425) u=(0.012,0.063) s=2.869 PSDFmin=+0.003724 G=OK(+0.002718) MF=OK(active=20/20,min=+0.2,slack=+4.865e-11)
[RMPCC 0258] OK solve=125.9ms pose=(1.795,0.099,-0.419) u=(0.010,0.059) s=2.869 PSDFmin=+0.003825 G=OK(+0.00282) MF=OK(active=20/20,min=+0.2,slack=+2.11e-11)
[RMPCC 0259] OK solve=134.8ms pose=(1.796,0.098,-0.413) u=(0.011,0.056) s=2.871 PSDFmin=+0.003925 G=OK(+0.002919) MF=OK(active=20/20,min=+0.2,slack=+1.189e-14)
[RMPCC 0260] OK solve=140.9ms pose=(1.797,0.098,-0.408) u=(0.009,0.053) s=2.871 PSDFmin=+0.004023 G=OK(+0.003019) MF=OK(active=20/20,min=+0.2,slack=+2.55e-11)
[RMPCC 0261] OK solve=119.2ms pose=(1.798,0.098,-0.402) u=(0.010,0.050) s=2.873 PSDFmin=+0.004119 G=OK(+0.003115) MF=OK(active=20/20,min=+0.2,slack=+1.5e-14)
[RMPCC 0262] OK solve=131.5ms pose=(1.799,0.097,-0.397) u=(0.009,0.047) s=2.873 PSDFmin=+0.004214 G=OK(+0.003211) MF=OK(active=20/20,min=+0.2,slack=+3.59e-14)
[RMPCC 0263] OK solve=122.6ms pose=(1.799,0.097,-0.393) u=(0.008,0.045) s=2.873 PSDFmin=+0.004307 G=OK(+0.003304) MF=OK(active=20/20,min=+0.2,slack=+8.648e-11)
[RMPCC 0264] OK solve=141.2ms pose=(1.800,0.097,-0.388) u=(0.009,0.042) s=2.875 PSDFmin=+0.004396 G=OK(+0.003393) MF=OK(active=20/20,min=+0.2,slack=+6.013e-16)
[RMPCC 0265] OK solve=139.1ms pose=(1.801,0.096,-0.384) u=(0.007,0.040) s=2.875 PSDFmin=+0.004484 G=OK(+0.003481) MF=OK(active=20/20,min=+0.2,slack=+4.43e-14)
[RMPCC 0266] OK solve=129.4ms pose=(1.802,0.096,-0.380) u=(0.007,0.038) s=2.875 PSDFmin=+0.004569 G=OK(+0.003566) MF=OK(active=20/20,min=+0.2,slack=+5.258e-16)
[RMPCC 0267] OK solve=125.4ms pose=(1.802,0.096,-0.376) u=(0.008,0.037) s=2.877 PSDFmin=+0.004651 G=OK(+0.003649) MF=OK(active=20/20,min=+0.2,slack=+5.647e-16)
[RMPCC 0268] OK solve=128.4ms pose=(1.803,0.096,-0.372) u=(0.007,0.035) s=2.877 PSDFmin=+0.004732 G=OK(+0.00373) MF=OK(active=20/20,min=+0.2,slack=+6.053e-16)
[RMPCC 0269] OK solve=123.6ms pose=(1.804,0.095,-0.369) u=(0.006,0.034) s=2.877 PSDFmin=+0.004811 G=OK(+0.003809) MF=OK(active=20/20,min=+0.2,slack=+9.042e-11)
[RMPCC 0270] OK solve=134.9ms pose=(1.804,0.095,-0.365) u=(0.006,0.032) s=2.878 PSDFmin=+0.004888 G=OK(+0.003886) MF=OK(active=20/20,min=+0.2,slack=+1.099e-10)
[RMPCC 0271] OK solve=115.4ms pose=(1.805,0.095,-0.362) u=(0.006,0.031) s=2.879 PSDFmin=+0.004963 G=OK(+0.003961) MF=OK(active=20/20,min=+0.2,slack=+6.217e-11)
[RMPCC 0272] OK solve=127.8ms pose=(1.805,0.095,-0.359) u=(0.005,0.029) s=2.879 PSDFmin=+0.005036 G=OK(+0.004034) MF=OK(active=20/20,min=+0.2,slack=+1.182e-10)
[RMPCC 0273] OK solve=131.1ms pose=(1.806,0.094,-0.356) u=(0.005,0.028) s=2.880 PSDFmin=+0.005106 G=OK(+0.004105) MF=OK(active=20/20,min=+0.2,slack=+1.235e-10)
[RMPCC 0274] OK solve=128.0ms pose=(1.806,0.094,-0.353) u=(0.005,0.027) s=2.880 PSDFmin=+0.005174 G=OK(+0.004173) MF=OK(active=20/20,min=+0.2,slack=+1.35e-10)
[RMPCC 0275] OK solve=133.3ms pose=(1.807,0.094,-0.351) u=(0.005,0.025) s=2.881 PSDFmin=+0.00524 G=OK(+0.004239) MF=OK(active=20/20,min=+0.2,slack=+5.623e-11)
[RMPCC 0276] OK solve=127.0ms pose=(1.807,0.094,-0.348) u=(0.005,0.024) s=2.881 PSDFmin=+0.005303 G=OK(+0.004302) MF=OK(active=20/20,min=+0.2,slack=+1.293e-14)
[RMPCC 0277] OK solve=120.5ms pose=(1.808,0.094,-0.346) u=(0.004,0.023) s=2.882 PSDFmin=+0.005365 G=OK(+0.004364) MF=OK(active=20/20,min=+0.2,slack=+9.206e-11)
[RMPCC 0278] OK solve=113.2ms pose=(1.808,0.094,-0.344) u=(0.004,0.022) s=2.882 PSDFmin=+0.005425 G=OK(+0.004424) MF=OK(active=20/20,min=+0.2,slack=+8.707e-11)
[RMPCC 0279] OK solve=115.9ms pose=(1.808,0.093,-0.341) u=(0.004,0.021) s=2.883 PSDFmin=+0.005483 G=OK(+0.004482) MF=OK(active=20/20,min=+0.2,slack=+7.957e-11)
목적지에 도착했습니다! 현재 위치: [1.80885 0.09334], 시간: 28.00초
Using rmpcc optimizer with differential_drive dynamics:
median:  0.1267474889755249
std:  0.009402372287520987
min:  0.10899019241333008
max:  0.1806795597076416
Simulation finished.
Run outcome: status=success, reason=None, final_time=28.000000000000128, distance_to_goal=0.00991213310852254
Optimizer runtime stats: safe_stop_count=0, backup_feasible_qp_success_count=0, plant_input_apply_count=280, last_solve_mode=sqp_rti
Trial history saved to /home/taek111/projects/psdf_mpcc/debug_runs/rmpcc_tuning/p5-c0p03_maze_r1/data/trial_history_MPC_rmpcc_rectangle_maze_p5-c0p03_maze_r1.csv
RMPCC constraint history saved to /home/taek111/projects/psdf_mpcc/debug_runs/rmpcc_tuning/p5-c0p03_maze_r1/data/rmpcc_constraints_MPC_rmpcc_rectangle_maze_p5-c0p03_maze_r1.csv
RMPCC debug history saved to /home/taek111/projects/psdf_mpcc/debug_runs/rmpcc_tuning/p5-c0p03_maze_r1/data/cycle_raw.csv
RMPCC debug history saved to /home/taek111/projects/psdf_mpcc/debug_runs/rmpcc_tuning/p5-c0p03_maze_r1/data/covariance_trajectory.csv
Pose-SDF data saved to /home/taek111/projects/psdf_mpcc/debug_runs/rmpcc_tuning/p5-c0p03_maze_r1/data/pose_sdf_MPC_rmpcc_rectangle_maze_p5-c0p03_maze_r1.csv
Total data points: 280
SDF statistics - Min: 0.0024, Max: 0.0614, Mean: 0.0113
