COMMAND: python3 test_nmpc.py --single --config /home/taek111/projects/psdf_mpcc/debug_runs/maze_dd_rectangle_20260909/obca/config.yaml --maze-type maze --robot-shape rectangle --dynamics-type differential_drive --optimizer-type obca --path-planner astar --simulation-time 60 --no-perturb-start --no-animation
RUNTIME: 3.8.10 (default, Mar 18 2025, 20:04:55) 
[GCC 9.4.0]
Running single test...
generating global path with A* + Line of Sight
시작 위치: [0.075 0.795]
목적지: [1.8  0.09]
도착 판정 기준: position <= 0.01m, angle <= 0.01rad

******************************************************************************
This program contains Ipopt, a library for large-scale nonlinear optimization.
 Ipopt is released as open source code under the Eclipse Public License (EPL).
         For more information visit https://github.com/coin-or/Ipopt
******************************************************************************

solver time:  0.984737
plant_input_stage0: full=[ 0.5     -0.49999], physical=[ 0.5     -0.49999]
solver time:  1.183895
plant_input_stage0: full=[0.46528 0.5    ], physical=[0.46528 0.5    ]
solver time:  1.252793
plant_input_stage0: full=[0.24193 0.5    ], physical=[0.24193 0.5    ]
solver time:  1.26075
plant_input_stage0: full=[0.18457 0.5    ], physical=[0.18457 0.5    ]
solver time:  1.307256
plant_input_stage0: full=[0.13517 0.5    ], physical=[0.13517 0.5    ]
solver time:  1.309475
plant_input_stage0: full=[0.12165 0.5    ], physical=[0.12165 0.5    ]
solver time:  1.399829
plant_input_stage0: full=[0.07911 0.5    ], physical=[0.07911 0.5    ]
solver time:  1.221115
plant_input_stage0: full=[0.07107 0.5    ], physical=[0.07107 0.5    ]
solver time:  1.320958
plant_input_stage0: full=[0.08495 0.5    ], physical=[0.08495 0.5    ]
solver time:  1.310167
plant_input_stage0: full=[0.08811 0.5    ], physical=[0.08811 0.5    ]
solver time:  1.326587
plant_input_stage0: full=[0.07639 0.5    ], physical=[0.07639 0.5    ]
solver time:  1.466345
plant_input_stage0: full=[0.06668 0.5    ], physical=[0.06668 0.5    ]
solver time:  1.650156
plant_input_stage0: full=[0.05877 0.5    ], physical=[0.05877 0.5    ]
solver time:  1.478
plant_input_stage0: full=[0.0522 0.5   ], physical=[0.0522 0.5   ]
solver time:  1.722567
plant_input_stage0: full=[0.04728 0.5    ], physical=[0.04728 0.5    ]
solver time:  1.468369
plant_input_stage0: full=[0.04325 0.5    ], physical=[0.04325 0.5    ]
solver time:  1.216945
plant_input_stage0: full=[0.04004 0.5    ], physical=[0.04004 0.5    ]
solver time:  1.261205
plant_input_stage0: full=[0.03749 0.5    ], physical=[0.03749 0.5    ]
solver time:  1.164628
plant_input_stage0: full=[0.03546 0.5    ], physical=[0.03546 0.5    ]
solver time:  1.140915
plant_input_stage0: full=[0.03384 0.5    ], physical=[0.03384 0.5    ]
solver time:  1.093896
plant_input_stage0: full=[0.0326 0.5   ], physical=[0.0326 0.5   ]
solver time:  1.148149
plant_input_stage0: full=[0.03155 0.5    ], physical=[0.03155 0.5    ]
solver time:  1.178311
plant_input_stage0: full=[0.06968 0.5    ], physical=[0.06968 0.5    ]
solver time:  1.122527
plant_input_stage0: full=[0.10481 0.5    ], physical=[0.10481 0.5    ]
solver time:  1.09887
plant_input_stage0: full=[0.10597 0.5    ], physical=[0.10597 0.5    ]
solver time:  1.420824
plant_input_stage0: full=[0.11036 0.5    ], physical=[0.11036 0.5    ]
solver time:  1.445742
plant_input_stage0: full=[0.1187 0.5   ], physical=[0.1187 0.5   ]
solver time:  1.38328
plant_input_stage0: full=[0.13186 0.5    ], physical=[0.13186 0.5    ]
solver time:  1.70431
plant_input_stage0: full=[0.15209 0.5    ], physical=[0.15209 0.5    ]
solver time:  1.316286
plant_input_stage0: full=[0.18353 0.5    ], physical=[0.18353 0.5    ]
solver time:  1.447017
plant_input_stage0: full=[0.20457 0.5    ], physical=[0.20457 0.5    ]
solver time:  1.460081
plant_input_stage0: full=[0.16275 0.5    ], physical=[0.16275 0.5    ]
solver time:  1.1187
plant_input_stage0: full=[0.12255 0.5    ], physical=[0.12255 0.5    ]
solver time:  1.676976
plant_input_stage0: full=[-0.13406  0.5    ], physical=[-0.13406  0.5    ]
solver time:  1.414372
plant_input_stage0: full=[ 0.5     -0.02626], physical=[ 0.5     -0.02626]
solver time:  2.601743
plant_input_stage0: full=[0.20481 0.43439], physical=[0.20481 0.43439]
solver time:  2.319798
plant_input_stage0: full=[0.30824 0.5    ], physical=[0.30824 0.5    ]
solver time:  1.803969
plant_input_stage0: full=[0.2011 0.5   ], physical=[0.2011 0.5   ]
solver time:  2.275187
plant_input_stage0: full=[0.14717 0.5    ], physical=[0.14717 0.5    ]
solver time:  2.401626
plant_input_stage0: full=[0.11448 0.5    ], physical=[0.11448 0.5    ]
solver time:  1.648112
plant_input_stage0: full=[0.0923 0.5   ], physical=[0.0923 0.5   ]
solver time:  1.758568
plant_input_stage0: full=[0.07604 0.5    ], physical=[0.07604 0.5    ]
solver time:  1.620177
plant_input_stage0: full=[0.06347 0.5    ], physical=[0.06347 0.5    ]
solver time:  1.767541
plant_input_stage0: full=[0.05337 0.5    ], physical=[0.05337 0.5    ]
solver time:  1.462574
plant_input_stage0: full=[0.04503 0.5    ], physical=[0.04503 0.5    ]
solver time:  1.736593
plant_input_stage0: full=[0.03797 0.5    ], physical=[0.03797 0.5    ]
solver time:  1.608078
plant_input_stage0: full=[0.0319 0.5   ], physical=[0.0319 0.5   ]
solver time:  1.794033
plant_input_stage0: full=[0.20518 0.5    ], physical=[0.20518 0.5    ]
solver time:  1.930115
plant_input_stage0: full=[0.1696 0.5   ], physical=[0.1696 0.5   ]
solver time:  1.873364
plant_input_stage0: full=[0.14077 0.5    ], physical=[0.14077 0.5    ]
solver time:  1.983252
plant_input_stage0: full=[0.12689 0.5    ], physical=[0.12689 0.5    ]
solver time:  1.757663
plant_input_stage0: full=[ 0.12028 -0.25238], physical=[ 0.12028 -0.25238]
solver time:  2.015421
plant_input_stage0: full=[ 0.07833 -0.5    ], physical=[ 0.07833 -0.5    ]
solver time:  1.887405
plant_input_stage0: full=[ 0.2344  -0.49225], physical=[ 0.2344  -0.49225]
solver time:  2.226816
plant_input_stage0: full=[ 0.16915 -0.5    ], physical=[ 0.16915 -0.5    ]
solver time:  1.978253
plant_input_stage0: full=[ 0.1517 -0.5   ], physical=[ 0.1517 -0.5   ]
solver time:  1.928119
plant_input_stage0: full=[ 0.13953 -0.5    ], physical=[ 0.13953 -0.5    ]
solver time:  1.901595
plant_input_stage0: full=[ 0.13161 -0.5    ], physical=[ 0.13161 -0.5    ]
solver time:  2.080013
plant_input_stage0: full=[ 0.12767 -0.5    ], physical=[ 0.12767 -0.5    ]
solver time:  2.152016
plant_input_stage0: full=[ 0.12749 -0.5    ], physical=[ 0.12749 -0.5    ]
solver time:  1.99991
plant_input_stage0: full=[ 0.13144 -0.5    ], physical=[ 0.13144 -0.5    ]
solver time:  1.555989
plant_input_stage0: full=[ 0.14023 -0.5    ], physical=[ 0.14023 -0.5    ]
solver time:  1.695475
plant_input_stage0: full=[ 0.15557 -0.5    ], physical=[ 0.15557 -0.5    ]
solver time:  1.88342
plant_input_stage0: full=[ 0.14441 -0.5    ], physical=[ 0.14441 -0.5    ]
solver time:  1.521279
plant_input_stage0: full=[ 0.08536 -0.5    ], physical=[ 0.08536 -0.5    ]
solver time:  1.979885
plant_input_stage0: full=[ 0.08289 -0.5    ], physical=[ 0.08289 -0.5    ]
solver time:  1.753501
plant_input_stage0: full=[ 0.08148 -0.5    ], physical=[ 0.08148 -0.5    ]
solver time:  2.755736
plant_input_stage0: full=[ 0.04137 -0.5    ], physical=[ 0.04137 -0.5    ]
solver time:  2.338432
plant_input_stage0: full=[ 0.01644 -0.5    ], physical=[ 0.01644 -0.5    ]
solver time:  2.414477
plant_input_stage0: full=[ 0.25497 -0.5    ], physical=[ 0.25497 -0.5    ]
solver time:  2.933953
plant_input_stage0: full=[ 0.14496 -0.5    ], physical=[ 0.14496 -0.5    ]
solver time:  4.312596
plant_input_stage0: full=[ 0.11579 -0.5    ], physical=[ 0.11579 -0.5    ]
solver time:  4.116831
plant_input_stage0: full=[ 0.09559 -0.5    ], physical=[ 0.09559 -0.5    ]
solver time:  1.833729
plant_input_stage0: full=[ 0.19567 -0.5    ], physical=[ 0.19567 -0.5    ]
solver time:  1.694895
plant_input_stage0: full=[ 0.14054 -0.5    ], physical=[ 0.14054 -0.5    ]
solver time:  1.648814
plant_input_stage0: full=[ 0.10589 -0.5    ], physical=[ 0.10589 -0.5    ]
solver time:  1.70695
plant_input_stage0: full=[ 0.08244 -0.5    ], physical=[ 0.08244 -0.5    ]
solver time:  1.793143
plant_input_stage0: full=[ 0.06633 -0.49999], physical=[ 0.06633 -0.49999]
solver time:  2.385673
plant_input_stage0: full=[0.05612 0.32963], physical=[0.05612 0.32963]
solver time:  2.162975
plant_input_stage0: full=[ 0.04087 -0.39692], physical=[ 0.04087 -0.39692]
solver time:  2.29545
plant_input_stage0: full=[0.03499 0.27728], physical=[0.03499 0.27728]
solver time:  2.61027
plant_input_stage0: full=[ 0.02528 -0.42004], physical=[ 0.02528 -0.42004]
solver time:  2.219921
plant_input_stage0: full=[ 0.02218 -0.5    ], physical=[ 0.02218 -0.5    ]
solver time:  2.668691
plant_input_stage0: full=[0.01678 0.33798], physical=[0.01678 0.33798]
solver time:  2.480408
plant_input_stage0: full=[ 0.0151 -0.5   ], physical=[ 0.0151 -0.5   ]
solver time:  2.809216
plant_input_stage0: full=[ 0.01528 -0.5    ], physical=[ 0.01528 -0.5    ]
solver time:  2.247985
plant_input_stage0: full=[ 0.01614 -0.5    ], physical=[ 0.01614 -0.5    ]
solver time:  2.31547
plant_input_stage0: full=[ 0.01762 -0.5    ], physical=[ 0.01762 -0.5    ]
solver time:  1.968951
plant_input_stage0: full=[ 0.01968 -0.5    ], physical=[ 0.01968 -0.5    ]
solver time:  3.366801
plant_input_stage0: full=[-0.03817 -0.5    ], physical=[-0.03817 -0.5    ]
solver time:  2.841528
plant_input_stage0: full=[-0.02453 -0.5    ], physical=[-0.02453 -0.5    ]
solver time:  3.639556
plant_input_stage0: full=[-0.01945 -0.5    ], physical=[-0.01945 -0.5    ]
solver time:  3.137682
plant_input_stage0: full=[ 0.06817 -0.44736], physical=[ 0.06817 -0.44736]
solver time:  3.984111
plant_input_stage0: full=[ 0.24944 -0.39945], physical=[ 0.24944 -0.39945]
solver time:  4.778722
plant_input_stage0: full=[0.17891 0.35913], physical=[0.17891 0.35913]
solver time:  7.516918
plant_input_stage0: full=[0.13846 0.37548], physical=[0.13846 0.37548]
solver time:  4.191083
plant_input_stage0: full=[0.00277 0.30387], physical=[0.00277 0.30387]
solver time:  3.533965
plant_input_stage0: full=[ 0.12219 -0.0666 ], physical=[ 0.12219 -0.0666 ]
solver time:  3.007238
plant_input_stage0: full=[0.12413 0.5    ], physical=[0.12413 0.5    ]
solver time:  1.922465
plant_input_stage0: full=[0.00737 0.5    ], physical=[0.00737 0.5    ]
solver time:  1.690407
plant_input_stage0: full=[0.0549 0.5   ], physical=[0.0549 0.5   ]
solver time:  1.74501
plant_input_stage0: full=[0.0494 0.5   ], physical=[0.0494 0.5   ]
solver time:  1.715525
plant_input_stage0: full=[0.04488 0.5    ], physical=[0.04488 0.5    ]
solver time:  1.768425
plant_input_stage0: full=[0.04125 0.5    ], physical=[0.04125 0.5    ]
solver time:  1.643588
plant_input_stage0: full=[0.03856 0.5    ], physical=[0.03856 0.5    ]
solver time:  1.736999
plant_input_stage0: full=[0.0872 0.5   ], physical=[0.0872 0.5   ]
solver time:  1.766802
plant_input_stage0: full=[0.04384 0.5    ], physical=[0.04384 0.5    ]
solver time:  1.862528
plant_input_stage0: full=[0.11601 0.5    ], physical=[0.11601 0.5    ]
solver time:  1.924837
plant_input_stage0: full=[0.11867 0.5    ], physical=[0.11867 0.5    ]
solver time:  1.884157
plant_input_stage0: full=[0.1251 0.5   ], physical=[0.1251 0.5   ]
solver time:  1.737942
plant_input_stage0: full=[0.10098 0.5    ], physical=[0.10098 0.5    ]
solver time:  1.973519
plant_input_stage0: full=[0.07931 0.5    ], physical=[0.07931 0.5    ]
solver time:  1.856559
plant_input_stage0: full=[0.0929 0.5   ], physical=[0.0929 0.5   ]
solver time:  1.860955
plant_input_stage0: full=[0.09595 0.5    ], physical=[0.09595 0.5    ]
solver time:  1.881586
plant_input_stage0: full=[0.09651 0.5    ], physical=[0.09651 0.5    ]
solver time:  2.486753
plant_input_stage0: full=[0.0407 0.5   ], physical=[0.0407 0.5   ]
solver time:  2.655681
plant_input_stage0: full=[0.13377 0.5    ], physical=[0.13377 0.5    ]
solver time:  3.404777
plant_input_stage0: full=[0.13695 0.5    ], physical=[0.13695 0.5    ]
solver time:  3.403469
plant_input_stage0: full=[0.12424 0.5    ], physical=[0.12424 0.5    ]
solver time:  3.129249
plant_input_stage0: full=[0.12239 0.5    ], physical=[0.12239 0.5    ]
solver time:  3.901791
plant_input_stage0: full=[0.10733 0.5    ], physical=[0.10733 0.5    ]
solver time:  1.815923
plant_input_stage0: full=[0.20002 0.5    ], physical=[0.20002 0.5    ]
solver time:  1.731824
plant_input_stage0: full=[0.14194 0.5    ], physical=[0.14194 0.5    ]
solver time:  2.305592
plant_input_stage0: full=[0.10731 0.5    ], physical=[0.10731 0.5    ]
solver time:  1.924236
plant_input_stage0: full=[0.08397 0.5    ], physical=[0.08397 0.5    ]
solver time:  2.108573
plant_input_stage0: full=[0.06763 0.5    ], physical=[0.06763 0.5    ]
solver time:  2.106692
plant_input_stage0: full=[0.05653 0.5    ], physical=[0.05653 0.5    ]
solver time:  2.433872
plant_input_stage0: full=[0.04773 0.5    ], physical=[0.04773 0.5    ]
solver time:  2.214521
plant_input_stage0: full=[0.04177 0.5    ], physical=[0.04177 0.5    ]
solver time:  3.680554
plant_input_stage0: full=[-0.0288  0.5   ], physical=[-0.0288  0.5   ]
solver time:  3.098418
plant_input_stage0: full=[-0.02929  0.5    ], physical=[-0.02929  0.5    ]
solver time:  3.87487
plant_input_stage0: full=[-0.03127  0.5    ], physical=[-0.03127  0.5    ]
solver time:  3.833965
plant_input_stage0: full=[0.07759 0.5    ], physical=[0.07759 0.5    ]
solver time:  3.426281
plant_input_stage0: full=[0.07151 0.5    ], physical=[0.07151 0.5    ]
solver time:  3.158232
plant_input_stage0: full=[0.06727 0.5    ], physical=[0.06727 0.5    ]
solver time:  4.857138
plant_input_stage0: full=[0.04464 0.14181], physical=[0.04464 0.14181]
solver time:  4.576022
plant_input_stage0: full=[0.29793 0.36828], physical=[0.29793 0.36828]
solver time:  4.99412
plant_input_stage0: full=[ 0.13217 -0.34517], physical=[ 0.13217 -0.34517]
solver time:  4.834941
plant_input_stage0: full=[ 0.05634 -0.30878], physical=[ 0.05634 -0.30878]
solver time:  3.097731
plant_input_stage0: full=[ 0.12014 -0.16487], physical=[ 0.12014 -0.16487]
solver time:  3.576276
plant_input_stage0: full=[ 0.15277 -0.5    ], physical=[ 0.15277 -0.5    ]
solver time:  4.167146
plant_input_stage0: full=[ 0.05607 -0.5    ], physical=[ 0.05607 -0.5    ]
solver time:  3.794321
plant_input_stage0: full=[ 0.05296 -0.5    ], physical=[ 0.05296 -0.5    ]
solver time:  3.66473
plant_input_stage0: full=[ 0.04774 -0.5    ], physical=[ 0.04774 -0.5    ]
solver time:  3.144831
plant_input_stage0: full=[ 0.04375 -0.5    ], physical=[ 0.04375 -0.5    ]
solver time:  2.912964
plant_input_stage0: full=[ 0.08242 -0.5    ], physical=[ 0.08242 -0.5    ]
solver time:  2.627699
plant_input_stage0: full=[ 0.09025 -0.5    ], physical=[ 0.09025 -0.5    ]
solver time:  2.796657
plant_input_stage0: full=[ 0.0897 -0.5   ], physical=[ 0.0897 -0.5   ]
solver time:  2.414119
plant_input_stage0: full=[ 0.0916 -0.5   ], physical=[ 0.0916 -0.5   ]
solver time:  2.533874
plant_input_stage0: full=[ 0.09623 -0.5    ], physical=[ 0.09623 -0.5    ]
solver time:  3.796945
plant_input_stage0: full=[ 0.10407 -0.5    ], physical=[ 0.10407 -0.5    ]
solver time:  4.158345
plant_input_stage0: full=[ 0.11609 -0.5    ], physical=[ 0.11609 -0.5    ]
solver time:  3.125126
plant_input_stage0: full=[ 0.13394 -0.5    ], physical=[ 0.13394 -0.5    ]
solver time:  3.450819
plant_input_stage0: full=[ 0.16081 -0.5    ], physical=[ 0.16081 -0.5    ]
solver time:  2.96119
plant_input_stage0: full=[ 0.2033 -0.5   ], physical=[ 0.2033 -0.5   ]
solver time:  1.862387
plant_input_stage0: full=[ 0.27764 -0.5    ], physical=[ 0.27764 -0.5    ]
solver time:  1.785536
plant_input_stage0: full=[ 0.43602 -0.5    ], physical=[ 0.43602 -0.5    ]
solver time:  1.996134
plant_input_stage0: full=[ 0.46617 -0.5    ], physical=[ 0.46617 -0.5    ]
solver time:  2.700537
plant_input_stage0: full=[ 0.3843  -0.09717], physical=[ 0.3843  -0.09717]
solver time:  2.761879
plant_input_stage0: full=[0.41425 0.5    ], physical=[0.41425 0.5    ]
solver time:  2.945019
plant_input_stage0: full=[0.26173 0.5    ], physical=[0.26173 0.5    ]
solver time:  1.921894
plant_input_stage0: full=[0.14163 0.5    ], physical=[0.14163 0.5    ]
solver time:  1.722609
plant_input_stage0: full=[0.10311 0.5    ], physical=[0.10311 0.5    ]
solver time:  1.92696
plant_input_stage0: full=[0.07698 0.5    ], physical=[0.07698 0.5    ]
solver time:  1.801893
plant_input_stage0: full=[0.05924 0.5    ], physical=[0.05924 0.5    ]
solver time:  1.759918
plant_input_stage0: full=[0.04673 0.5    ], physical=[0.04673 0.5    ]
solver time:  1.656082
plant_input_stage0: full=[0.03709 0.5    ], physical=[0.03709 0.5    ]
solver time:  1.895879
plant_input_stage0: full=[0.03031 0.5    ], physical=[0.03031 0.5    ]
solver time:  1.911547
plant_input_stage0: full=[0.02535 0.5    ], physical=[0.02535 0.5    ]
solver time:  1.760814
plant_input_stage0: full=[0.02207 0.5    ], physical=[0.02207 0.5    ]
solver time:  1.923864
plant_input_stage0: full=[0.02009 0.5    ], physical=[0.02009 0.5    ]
solver time:  2.196155
plant_input_stage0: full=[0.01803 0.36541], physical=[0.01803 0.36541]
solver time:  1.933734
plant_input_stage0: full=[0.013   0.02381], physical=[0.013   0.02381]
solver time:  1.998318
plant_input_stage0: full=[0.01581 0.5    ], physical=[0.01581 0.5    ]
solver time:  2.01717
plant_input_stage0: full=[0.01701 0.5    ], physical=[0.01701 0.5    ]
solver time:  1.756823
plant_input_stage0: full=[0.01879 0.5    ], physical=[0.01879 0.5    ]
solver time:  2.93575
plant_input_stage0: full=[-0.03394  0.5    ], physical=[-0.03394  0.5    ]
solver time:  2.651958
plant_input_stage0: full=[-0.02233  0.5    ], physical=[-0.02233  0.5    ]
solver time:  2.623768
plant_input_stage0: full=[-0.01591  0.5    ], physical=[-0.01591  0.5    ]
solver time:  2.658273
plant_input_stage0: full=[0.06534 0.5    ], physical=[0.06534 0.5    ]
solver time:  5.02949
plant_input_stage0: full=[0.04171 0.5    ], physical=[0.04171 0.5    ]
solver time:  2.722572
plant_input_stage0: full=[ 0.23564 -0.0522 ], physical=[ 0.23564 -0.0522 ]
solver time:  2.865657
plant_input_stage0: full=[ 0.17676 -0.33799], physical=[ 0.17676 -0.33799]
solver time:  4.49703
plant_input_stage0: full=[ 0.10096 -0.33412], physical=[ 0.10096 -0.33412]
solver time:  3.03186
plant_input_stage0: full=[ 0.12331 -0.06775], physical=[ 0.12331 -0.06775]
solver time:  2.288401
plant_input_stage0: full=[ 0.15083 -0.5    ], physical=[ 0.15083 -0.5    ]
solver time:  1.497885
plant_input_stage0: full=[ 0.00661 -0.5    ], physical=[ 0.00661 -0.5    ]
solver time:  1.772622
plant_input_stage0: full=[ 0.02982 -0.5    ], physical=[ 0.02982 -0.5    ]
solver time:  1.662317
plant_input_stage0: full=[ 0.05303 -0.5    ], physical=[ 0.05303 -0.5    ]
solver time:  1.614283
plant_input_stage0: full=[ 0.04784 -0.5    ], physical=[ 0.04784 -0.5    ]
solver time:  1.637845
plant_input_stage0: full=[ 0.04357 -0.5    ], physical=[ 0.04357 -0.5    ]
solver time:  1.665274
plant_input_stage0: full=[ 0.0403 -0.5   ], physical=[ 0.0403 -0.5   ]
solver time:  1.646567
plant_input_stage0: full=[ 0.05268 -0.5    ], physical=[ 0.05268 -0.5    ]
solver time:  1.660579
plant_input_stage0: full=[ 0.04385 -0.5    ], physical=[ 0.04385 -0.5    ]
solver time:  1.640958
plant_input_stage0: full=[ 0.11002 -0.5    ], physical=[ 0.11002 -0.5    ]
solver time:  1.5374
plant_input_stage0: full=[ 0.09408 -0.5    ], physical=[ 0.09408 -0.5    ]
solver time:  1.449435
plant_input_stage0: full=[ 0.08935 -0.5    ], physical=[ 0.08935 -0.5    ]
solver time:  1.454458
plant_input_stage0: full=[ 0.08577 -0.5    ], physical=[ 0.08577 -0.5    ]
solver time:  1.463767
plant_input_stage0: full=[ 0.09325 -0.5    ], physical=[ 0.09325 -0.5    ]
solver time:  1.603427
plant_input_stage0: full=[ 0.11055 -0.5    ], physical=[ 0.11055 -0.5    ]
solver time:  1.517822
plant_input_stage0: full=[ 0.12092 -0.5    ], physical=[ 0.12092 -0.5    ]
solver time:  1.527588
plant_input_stage0: full=[ 0.12569 -0.5    ], physical=[ 0.12569 -0.5    ]
solver time:  1.464515
plant_input_stage0: full=[ 0.12956 -0.5    ], physical=[ 0.12956 -0.5    ]
solver time:  1.606869
plant_input_stage0: full=[ 0.13324 -0.5    ], physical=[ 0.13324 -0.5    ]
solver time:  1.654936
plant_input_stage0: full=[ 0.13921 -0.5    ], physical=[ 0.13921 -0.5    ]
solver time:  1.678851
plant_input_stage0: full=[ 0.12633 -0.5    ], physical=[ 0.12633 -0.5    ]
solver time:  1.781731
plant_input_stage0: full=[ 0.12252 -0.5    ], physical=[ 0.12252 -0.5    ]
solver time:  1.650891
plant_input_stage0: full=[ 0.08734 -0.5    ], physical=[ 0.08734 -0.5    ]
solver time:  1.801204
plant_input_stage0: full=[ 0.06052 -0.5    ], physical=[ 0.06052 -0.5    ]
solver time:  1.633588
plant_input_stage0: full=[ 0.09393 -0.5    ], physical=[ 0.09393 -0.5    ]
solver time:  1.888193
plant_input_stage0: full=[ 0.08949 -0.5    ], physical=[ 0.08949 -0.5    ]
solver time:  1.768992
plant_input_stage0: full=[ 0.07756 -0.5    ], physical=[ 0.07756 -0.5    ]
solver time:  2.095749
plant_input_stage0: full=[ 0.06765 -0.5    ], physical=[ 0.06765 -0.5    ]
solver time:  2.111766
plant_input_stage0: full=[ 0.05956 -0.5    ], physical=[ 0.05956 -0.5    ]
solver time:  2.354669
plant_input_stage0: full=[ 0.05304 -0.5    ], physical=[ 0.05304 -0.5    ]
solver time:  2.401583
plant_input_stage0: full=[ 0.04781 -0.5    ], physical=[ 0.04781 -0.5    ]
solver time:  1.888553
plant_input_stage0: full=[ 0.04366 -0.5    ], physical=[ 0.04366 -0.5    ]
solver time:  1.876664
plant_input_stage0: full=[ 0.04037 -0.5    ], physical=[ 0.04037 -0.5    ]
solver time:  1.627726
plant_input_stage0: full=[ 0.03775 -0.5    ], physical=[ 0.03775 -0.5    ]
solver time:  1.706696
plant_input_stage0: full=[ 0.03566 -0.5    ], physical=[ 0.03566 -0.5    ]
solver time:  1.824757
plant_input_stage0: full=[ 0.03401 -0.5    ], physical=[ 0.03401 -0.5    ]
solver time:  1.778173
plant_input_stage0: full=[ 0.03269 -0.5    ], physical=[ 0.03269 -0.5    ]
solver time:  1.709478
plant_input_stage0: full=[ 0.03164 -0.5    ], physical=[ 0.03164 -0.5    ]
solver time:  1.698462
plant_input_stage0: full=[ 0.03085 -0.5    ], physical=[ 0.03085 -0.5    ]
solver time:  2.089085
plant_input_stage0: full=[ 0.1015 -0.5   ], physical=[ 0.1015 -0.5   ]
solver time:  2.232042
plant_input_stage0: full=[ 0.10085 -0.5    ], physical=[ 0.10085 -0.5    ]
solver time:  2.15578
plant_input_stage0: full=[ 0.1031 -0.5   ], physical=[ 0.1031 -0.5   ]
solver time:  2.532415
plant_input_stage0: full=[ 0.10857 -0.5    ], physical=[ 0.10857 -0.5    ]
solver time:  2.067715
plant_input_stage0: full=[ 0.11813 -0.5    ], physical=[ 0.11813 -0.5    ]
solver time:  2.144218
plant_input_stage0: full=[ 0.1327 -0.5   ], physical=[ 0.1327 -0.5   ]
solver time:  2.490648
plant_input_stage0: full=[ 0.15486 -0.5    ], physical=[ 0.15486 -0.5    ]
solver time:  2.533372
plant_input_stage0: full=[ 0.18948 -0.5    ], physical=[ 0.18948 -0.5    ]
solver time:  2.583632
plant_input_stage0: full=[ 0.24744 -0.5    ], physical=[ 0.24744 -0.5    ]
solver time:  1.575499
plant_input_stage0: full=[ 0.26584 -0.5    ], physical=[ 0.26584 -0.5    ]
solver time:  1.689151
plant_input_stage0: full=[ 0.24784 -0.5    ], physical=[ 0.24784 -0.5    ]
solver time:  2.000497
plant_input_stage0: full=[0.4989  0.03086], physical=[0.4989  0.03086]
solver time:  1.909241
plant_input_stage0: full=[0.06489 0.09773], physical=[0.06489 0.09773]
solver time:  2.911641
plant_input_stage0: full=[-0.5 -0.5], physical=[-0.5 -0.5]
solver time:  2.020457
plant_input_stage0: full=[ 0.44919 -0.28594], physical=[ 0.44919 -0.28594]
solver time:  2.286531
plant_input_stage0: full=[0.46571 0.16189], physical=[0.46571 0.16189]
solver time:  2.093171
plant_input_stage0: full=[ 0.09108 -0.35021], physical=[ 0.09108 -0.35021]
solver time:  2.376157
plant_input_stage0: full=[ 0.22111 -0.41015], physical=[ 0.22111 -0.41015]
solver time:  1.641332
plant_input_stage0: full=[ 0.16751 -0.40387], physical=[ 0.16751 -0.40387]
solver time:  1.360901
plant_input_stage0: full=[ 0.14179 -0.42924], physical=[ 0.14179 -0.42924]
solver time:  1.348031
plant_input_stage0: full=[ 0.11379 -0.42908], physical=[ 0.11379 -0.42908]
solver time:  1.429208
plant_input_stage0: full=[ 0.09085 -0.41791], physical=[ 0.09085 -0.41791]
solver time:  1.699801
plant_input_stage0: full=[ 0.07296 -0.40002], physical=[ 0.07296 -0.40002]
solver time:  1.600782
plant_input_stage0: full=[ 0.0586  -0.37575], physical=[ 0.0586  -0.37575]
solver time:  1.367406
plant_input_stage0: full=[ 0.04734 -0.34867], physical=[ 0.04734 -0.34867]
solver time:  1.629928
plant_input_stage0: full=[0.05231 0.39117], physical=[0.05231 0.39117]
solver time:  1.56911
plant_input_stage0: full=[ 0.02447 -0.346  ], physical=[ 0.02447 -0.346  ]
solver time:  1.615896
plant_input_stage0: full=[0.03686 0.5    ], physical=[0.03686 0.5    ]
solver time:  1.732699
plant_input_stage0: full=[ 0.00072 -0.30663], physical=[ 0.00072 -0.30663]
solver time:  2.029525
plant_input_stage0: full=[ 0.00537 -0.28159], physical=[ 0.00537 -0.28159]
solver time:  1.686581
plant_input_stage0: full=[ 0.01304 -0.302  ], physical=[ 0.01304 -0.302  ]
solver time:  1.600251
plant_input_stage0: full=[ 0.01177 -0.26727], physical=[ 0.01177 -0.26727]
solver time:  1.508345
plant_input_stage0: full=[ 0.00994 -0.23102], physical=[ 0.00994 -0.23102]
solver time:  1.518211
plant_input_stage0: full=[0.01171 0.29593], physical=[0.01171 0.29593]
solver time:  1.589708
plant_input_stage0: full=[ 0.00548 -0.24175], physical=[ 0.00548 -0.24175]
solver time:  1.639009
plant_input_stage0: full=[ 0.0048  -0.20588], physical=[ 0.0048  -0.20588]
solver time:  2.087779
plant_input_stage0: full=[0.00739 0.39399], physical=[0.00739 0.39399]
solver time:  1.412056
plant_input_stage0: full=[0.00913 0.5    ], physical=[0.00913 0.5    ]
solver time:  2.358689
plant_input_stage0: full=[0.01052 0.5    ], physical=[0.01052 0.5    ]
solver time:  1.95164
plant_input_stage0: full=[0.01202 0.5    ], physical=[0.01202 0.5    ]
solver time:  2.142798
plant_input_stage0: full=[0.00295 0.05363], physical=[0.00295 0.05363]
solver time:  1.998425
plant_input_stage0: full=[0.00143 0.     ], physical=[0.00143 0.     ]
solver time:  2.005034
plant_input_stage0: full=[0.00115 0.     ], physical=[0.00115 0.     ]
solver time:  1.907662
plant_input_stage0: full=[0.00092 0.     ], physical=[0.00092 0.     ]
solver time:  2.017779
plant_input_stage0: full=[0.00073 0.     ], physical=[0.00073 0.     ]
solver time:  1.996652
plant_input_stage0: full=[0.00059 0.     ], physical=[0.00059 0.     ]
solver time:  1.920955
plant_input_stage0: full=[0.00047 0.     ], physical=[0.00047 0.     ]
solver time:  1.950039
plant_input_stage0: full=[0.00037 0.     ], physical=[0.00037 0.     ]
solver time:  1.86955
plant_input_stage0: full=[0.0003 0.    ], physical=[0.0003 0.    ]
solver time:  1.820156
plant_input_stage0: full=[0.00024 0.     ], physical=[0.00024 0.     ]
solver time:  1.985678
plant_input_stage0: full=[0.00019 0.     ], physical=[0.00019 0.     ]
solver time:  1.995465
plant_input_stage0: full=[0.00015 0.     ], physical=[0.00015 0.     ]
solver time:  2.006736
plant_input_stage0: full=[0.00012 0.     ], physical=[0.00012 0.     ]
solver time:  2.023824
plant_input_stage0: full=[0.0001 0.    ], physical=[0.0001 0.    ]
solver time:  2.051326
plant_input_stage0: full=[0.00008 0.     ], physical=[0.00008 0.     ]
solver time:  2.068987
plant_input_stage0: full=[0.00006 0.     ], physical=[0.00006 0.     ]
solver time:  2.02438
plant_input_stage0: full=[0.00005 0.     ], physical=[0.00005 0.     ]
solver time:  2.0262
plant_input_stage0: full=[0.00004 0.     ], physical=[0.00004 0.     ]
solver time:  2.181647
plant_input_stage0: full=[0.00003 0.     ], physical=[0.00003 0.     ]
solver time:  2.009303
plant_input_stage0: full=[0.00003 0.     ], physical=[0.00003 0.     ]
solver time:  2.010133
plant_input_stage0: full=[0.00002 0.     ], physical=[0.00002 0.     ]
solver time:  2.010487
plant_input_stage0: full=[0.00002 0.     ], physical=[0.00002 0.     ]
solver time:  2.07271
plant_input_stage0: full=[0.00001 0.     ], physical=[0.00001 0.     ]
solver time:  2.060877
plant_input_stage0: full=[0.00001 0.     ], physical=[0.00001 0.     ]
solver time:  2.205792
plant_input_stage0: full=[0.00001 0.     ], physical=[0.00001 0.     ]
solver time:  2.030118
plant_input_stage0: full=[0.00001 0.     ], physical=[0.00001 0.     ]
solver time:  2.029006
plant_input_stage0: full=[0.00001 0.     ], physical=[0.00001 0.     ]
solver time:  2.030019
plant_input_stage0: full=[0. 0.], physical=[0. 0.]
solver time:  2.033719
plant_input_stage0: full=[0. 0.], physical=[0. 0.]
solver time:  2.044153
plant_input_stage0: full=[0. 0.], physical=[0. 0.]
solver time:  2.009817
plant_input_stage0: full=[0. 0.], physical=[0. 0.]
solver time:  2.028792
plant_input_stage0: full=[0. 0.], physical=[0. 0.]
solver time:  2.038733
plant_input_stage0: full=[0. 0.], physical=[0. 0.]
solver time:  2.090948
plant_input_stage0: full=[0. 0.], physical=[0. 0.]
solver time:  2.037409
plant_input_stage0: full=[0. 0.], physical=[0. 0.]
solver time:  2.055531
plant_input_stage0: full=[0. 0.], physical=[0. 0.]
solver time:  2.071193
plant_input_stage0: full=[0. 0.], physical=[0. 0.]
solver time:  2.050655
plant_input_stage0: full=[0. 0.], physical=[0. 0.]
solver time:  2.083496
plant_input_stage0: full=[0. 0.], physical=[0. 0.]
solver time:  2.02957
plant_input_stage0: full=[0. 0.], physical=[0. 0.]
solver time:  2.148993
plant_input_stage0: full=[0. 0.], physical=[0. 0.]
solver time:  2.012379
plant_input_stage0: full=[0. 0.], physical=[0. 0.]
solver time:  2.02404
plant_input_stage0: full=[0. 0.], physical=[0. 0.]
solver time:  2.04047
plant_input_stage0: full=[0. 0.], physical=[0. 0.]
solver time:  2.0305
plant_input_stage0: full=[0. 0.], physical=[0. 0.]
solver time:  2.034351
plant_input_stage0: full=[0. 0.], physical=[0. 0.]
solver time:  2.042907
plant_input_stage0: full=[0. 0.], physical=[0. 0.]
solver time:  2.021678
plant_input_stage0: full=[0. 0.], physical=[0. 0.]
solver time:  2.037532
plant_input_stage0: full=[0. 0.], physical=[0. 0.]
solver time:  2.04302
plant_input_stage0: full=[0. 0.], physical=[0. 0.]
solver time:  2.096787
plant_input_stage0: full=[0. 0.], physical=[0. 0.]
solver time:  2.039752
plant_input_stage0: full=[0. 0.], physical=[0. 0.]
solver time:  2.049051
plant_input_stage0: full=[0. 0.], physical=[0. 0.]
solver time:  2.035196
plant_input_stage0: full=[0. 0.], physical=[0. 0.]
solver time:  2.059149
plant_input_stage0: full=[0. 0.], physical=[0. 0.]
solver time:  2.017639
plant_input_stage0: full=[0. 0.], physical=[0. 0.]
solver time:  2.077277
plant_input_stage0: full=[0. 0.], physical=[0. 0.]
solver time:  2.064086
plant_input_stage0: full=[0. 0.], physical=[0. 0.]
solver time:  2.200959
plant_input_stage0: full=[0. 0.], physical=[0. 0.]
solver time:  2.191272
plant_input_stage0: full=[0. 0.], physical=[0. 0.]
solver time:  2.044786
plant_input_stage0: full=[0. 0.], physical=[0. 0.]
solver time:  2.071293
plant_input_stage0: full=[0. 0.], physical=[0. 0.]
solver time:  2.042748
plant_input_stage0: full=[0. 0.], physical=[0. 0.]
solver time:  2.036318
plant_input_stage0: full=[0. 0.], physical=[0. 0.]
solver time:  2.074352
plant_input_stage0: full=[0. 0.], physical=[0. 0.]
solver time:  2.078041
plant_input_stage0: full=[0. 0.], physical=[0. 0.]
solver time:  2.087997
plant_input_stage0: full=[0. 0.], physical=[0. 0.]
solver time:  2.34482
plant_input_stage0: full=[0. 0.], physical=[0. 0.]
solver time:  2.265748
plant_input_stage0: full=[0. 0.], physical=[0. 0.]
solver time:  2.280395
plant_input_stage0: full=[0. 0.], physical=[0. 0.]
solver time:  2.424017
plant_input_stage0: full=[0. 0.], physical=[0. 0.]
solver time:  2.05634
plant_input_stage0: full=[0. 0.], physical=[0. 0.]
solver time:  2.12937
plant_input_stage0: full=[0. 0.], physical=[0. 0.]
solver time:  2.024815
plant_input_stage0: full=[0. 0.], physical=[0. 0.]
solver time:  2.087482
plant_input_stage0: full=[0. 0.], physical=[0. 0.]
solver time:  2.058432
plant_input_stage0: full=[0. 0.], physical=[0. 0.]
solver time:  2.046493
plant_input_stage0: full=[0. 0.], physical=[0. 0.]
solver time:  2.065845
plant_input_stage0: full=[0. 0.], physical=[0. 0.]
solver time:  2.023449
plant_input_stage0: full=[0. 0.], physical=[0. 0.]
solver time:  2.082169
plant_input_stage0: full=[0. 0.], physical=[0. 0.]
solver time:  2.085911
plant_input_stage0: full=[0. 0.], physical=[0. 0.]
solver time:  2.169473
plant_input_stage0: full=[0. 0.], physical=[0. 0.]
solver time:  2.033073
plant_input_stage0: full=[0. 0.], physical=[0. 0.]
solver time:  2.022219
plant_input_stage0: full=[0. 0.], physical=[0. 0.]
solver time:  2.066614
plant_input_stage0: full=[0. 0.], physical=[0. 0.]
solver time:  2.033122
plant_input_stage0: full=[0. 0.], physical=[0. 0.]
solver time:  2.060141
plant_input_stage0: full=[0. 0.], physical=[0. 0.]
solver time:  2.057684
plant_input_stage0: full=[0. 0.], physical=[0. 0.]
solver time:  2.061412
plant_input_stage0: full=[ 0. -0.], physical=[ 0. -0.]
solver time:  2.045971
plant_input_stage0: full=[ 0. -0.], physical=[ 0. -0.]
solver time:  2.034232
plant_input_stage0: full=[0. 0.], physical=[0. 0.]
solver time:  2.109271
plant_input_stage0: full=[ 0. -0.], physical=[ 0. -0.]
solver time:  2.119382
plant_input_stage0: full=[0. 0.], physical=[0. 0.]

Keyboard interrupt received. Finalizing outputs from the partial run...
Trial history saved to /home/taek111/projects/psdf_mpcc/debug_runs/maze_dd_rectangle_20260909/obca/data/partial_trial_history.csv
RESULT: {"status": "interrupted", "failure_reason": "keyboard_interrupt", "current_name": "MPC_OBCA_rectangle_maze_20260909", "output_root_dir": "/home/taek111/projects/psdf_mpcc/debug_runs/maze_dd_rectangle_20260909/obca", "wall_seconds": 1101.0488455720001, "method": "obca", "cli": ["--single", "--config", "/home/taek111/projects/psdf_mpcc/debug_runs/maze_dd_rectangle_20260909/obca/config.yaml", "--maze-type", "maze", "--robot-shape", "rectangle", "--dynamics-type", "differential_drive", "--optimizer-type", "obca", "--path-planner", "astar", "--simulation-time", "60", "--no-perturb-start", "--no-animation"], "source_commit": "467845eda44a075fe5dd8a89b37e23293febf9f7"}
