RMPCC configured from config: horizon=20, tf=2.0, use_obstacle_constraint=True, use_row_mf=True, d_col=0.001, d_min=0.001, d_mf_mask=0.001, mf_slack_linear=100.0, mf_slack_quadratic=0.1, chance_epsilon=0.2, mf_active_start_step=1, mf_active_end_step=None, mf_active_terminal=True, sigma_f0=0.0002, sigma_l0=0.00025, sigma_psi0=0.00025, q_f0=0.0, q_l0=0.0, q_psi0=0.0, alpha_f=0.002, alpha_v=0.0004, alpha_kappa=0.01, beta_v=0.02, beta_kappa=0.008, beta_omega=0.008, enable_backup_solver=False, debug_mf=True, debug_infeasibility=True, augmented_psdf_device=cpu
Resetting rmpcc optimizer for clean state...
Trial failure criteria enabled: movement_window_sec=5.0, movement_threshold=0.005, max_consecutive_solver_failures=10
generating global path with A* + Line of Sight
시작 위치: [0.075 0.795]
목적지: [1.8  0.09]
도착 판정 기준: position <= 0.01m, angle <= 0.01rad
Setting up RMPCC-MF optimizer...
RMPCC-MF Row M configuration: enabled=True, active only when phi > d_mf_mask=0.001, configured stages=[1, 2, 3, 4, 5, 6, 7, 8, 9, 10, 11, 12, 13, 14, 15, 16, 17, 18, 19, 20]
Added two affine safety rows at intermediate/terminal stages: 0=HARD guard/recovery, 1=SOFT MF
field AcadosOcpDims.N has been migrated to AcadosOcpOptions.N_horizon. setting AcadosOcpOptions.N_horizon = N. For future comppatibility, please use AcadosOcpOptions.N_horizon directly.

WARNING: Gauss-Newton Hessian approximation with EXTERNAL cost type not well defined!
got cost_type EXTERNAL for cost_type_0, cost_type, cost_type_e, hessian_approx: 'GAUSS_NEWTON'.
With this setting, acados will proceed computing the exact Hessian for the cost term and no Hessian contribution from constraints and dynamics.
If the external cost is a linear least squares cost, this coincides with the Gauss-Newton Hessian.
Note: There is also the option to use the external cost module with a numerical Hessian approximation (see `ext_cost_num_hess`).
OR the option to provide a symbolic custom Hessian approximation (see `cost_expr_ext_cost_custom_hess`).

acados was compiled without OpenMP.
RMPCC-MF backup SQP_WITH_FEASIBLE_QP solver disabled; using nominal safe-stop recovery.
[RMPCC 0000] OK solve=129.5ms pose=(0.075,0.795,-1.571) u=(0.123,0.000) s=0.013 PSDFmin=+0.03 G=OK(+0.04134) MF=OK(active=20/20,min=+0.2,slack=+2.182e-11)
[RMPCC 0001] OK solve=135.3ms pose=(0.075,0.783,-1.571) u=(0.114,0.088) s=0.024 PSDFmin=-0.002916 G=OK(+3.174e-09) MF=OK(active=20/20,min=+0.2,slack=+8.972e-11)
[RMPCC 0002] OK solve=137.5ms pose=(0.075,0.771,-1.562) u=(0.128,0.064) s=0.035 PSDFmin=+0.009478 G=OK(+0.01019) MF=OK(active=14/20,min=+6.61e-13,slack=+1.556e-15)
[RMPCC 0003] OK solve=241.6ms pose=(0.075,0.758,-1.556) u=(0.145,-0.250) s=0.041 PSDFmin=-0.01097 G=OK(+0.01909) MF=OK(active=20/20,min=+4.485e-10,slack=+2.409e-11)
[RMPCC 0004] OK solve=236.1ms pose=(0.075,0.744,-1.581) u=(0.111,-0.105) s=0.055 PSDFmin=-0.001575 G=OK(+0.02089) MF=OK(active=17/20,min=+0.2,slack=+3.155e-17)
[RMPCC 0005] OK solve=121.6ms pose=(0.075,0.733,-1.591) u=(0.147,0.121) s=0.056 PSDFmin=+0.002987 G=OK(+0.02291) MF=OK(active=16/20,min=+4.798e-13,slack=+2.035e-15)
[RMPCC 0006] OK solve=252.5ms pose=(0.075,0.718,-1.579) u=(0.149,0.897) s=0.071 PSDFmin=-0.002147 G=OK(+0.004846) MF=OK(active=20/20,min=+1.415e-14,slack=+1.66e-16)
[RMPCC 0007] OK solve=398.0ms pose=(0.075,0.703,-1.489) u=(0.108,0.525) s=0.088 PSDFmin=+0.003637 G=OK(+0.005729) MF=OK(active=14/20,min=+1.821e-10,slack=+2.275e-13)
[RMPCC 0008] OK solve=377.1ms pose=(0.076,0.692,-1.437) u=(0.081,0.320) s=0.089 PSDFmin=+0.009971 G=OK(+0.01241) MF=OK(active=19/20,min=+8.989e-16,slack=+1.07e-17)
[RMPCC 0009] OK solve=380.1ms pose=(0.077,0.684,-1.405) u=(0.132,0.553) s=0.105 PSDFmin=-0.00381 G=OK(+0.002342) MF=OK(active=18/20,min=+1.254e-12,slack=+3.865e-15)
[RMPCC 0010] OK solve=373.9ms pose=(0.079,0.671,-1.349) u=(0.081,0.551) s=0.123 PSDFmin=+0.005299 G=OK(+1.961e-10) MF=OK(active=14/20,min=+2.67e-10,slack=+6.047e-13)
[RMPCC 0011] OK solve=358.8ms pose=(0.081,0.664,-1.294) u=(0.041,0.275) s=0.126 PSDFmin=-0.0006723 G=OK(+5.346e-11) MF=OK(active=18/20,min=+2.853e-13,slack=+0.04547)
[RMPCC 0012] OK solve=376.1ms pose=(0.082,0.660,-1.267) u=(0.035,0.122) s=0.127 PSDFmin=-0.0208 G=OK(+2.715e-15) MF=OK(active=16/20,min=+8.742e-14,slack=+3.771e-16)
[RMPCC 0013] OK solve=377.5ms pose=(0.083,0.656,-1.255) u=(0.064,-0.036) s=0.127 PSDFmin=+0.001533 G=OK(+0.0005563) MF=OK(active=17/20,min=+2.975e-11,slack=+9.684e-14)
[RMPCC 0014] OK solve=392.0ms pose=(0.085,0.650,-1.258) u=(0.032,-1.200) s=0.143 PSDFmin=-0.003502 G=OK(+0.0084) MF=OK(active=16/20,min=+5.385e-12,slack=+8.855e-15)
[RMPCC 0015] OK solve=396.8ms pose=(0.086,0.647,-1.378) u=(0.126,-0.817) s=0.146 PSDFmin=+0.004108 G=OK(+0.004217) MF=OK(active=12/20,min=+1.947e-09,slack=+3.374e-12)
[RMPCC 0016] OK solve=274.2ms pose=(0.088,0.635,-1.460) u=(0.071,-0.395) s=0.164 PSDFmin=+0.002056 G=OK(+0.004174) MF=OK(active=15/20,min=+7.193e-11,slack=+9.698e-14)
[RMPCC 0017] OK solve=243.4ms pose=(0.089,0.628,-1.500) u=(0.141,0.023) s=0.168 PSDFmin=-0.005542 G=OK(+0.006065) MF=OK(active=20/20,min=+1.254e-13,slack=+2.122e-16)
[RMPCC 0018] OK solve=365.2ms pose=(0.090,0.614,-1.497) u=(0.071,0.957) s=0.186 PSDFmin=+0.004616 G=OK(+0.003221) MF=OK(active=14/20,min=+3.202e-14,slack=+4.283e-17)
[RMPCC 0019] OK solve=374.0ms pose=(0.091,0.607,-1.402) u=(0.091,0.417) s=0.200 PSDFmin=+0.001896 G=OK(+0.01008) MF=OK(active=16/20,min=+2.661e-12,slack=+3.371e-15)
[RMPCC 0020] OK solve=364.2ms pose=(0.092,0.598,-1.360) u=(0.070,1.076) s=0.209 PSDFmin=-0.0001739 G=OK(+0.006159) MF=OK(active=18/20,min=+8.2e-12,slack=+2.277e-13)
[RMPCC 0021] OK solve=361.4ms pose=(0.094,0.591,-1.252) u=(0.077,0.980) s=0.215 PSDFmin=-0.002557 G=OK(+0.002739) MF=OK(active=16/20,min=+1.157e-14,slack=+2.316e-17)
[RMPCC 0022] OK solve=365.6ms pose=(0.096,0.584,-1.154) u=(0.038,0.954) s=0.223 PSDFmin=+0.009638 G=OK(+0.008212) MF=OK(active=14/20,min=+1.346e-09,slack=+4.895e-13)
[RMPCC 0023] OK solve=360.5ms pose=(0.098,0.580,-1.059) u=(0.121,0.920) s=0.229 PSDFmin=-0.008425 G=OK(+0.007889) MF=OK(active=18/20,min=+5.862e-14,slack=+2.224e-16)
[RMPCC 0024] OK solve=364.0ms pose=(0.103,0.569,-0.967) u=(0.066,1.200) s=0.238 PSDFmin=+0.0059 G=OK(+0.008774) MF=OK(active=10/20,min=+0.03526,slack=+3.41e-11)
[RMPCC 0025] OK solve=268.6ms pose=(0.107,0.564,-0.847) u=(0.059,0.676) s=0.251 PSDFmin=+0.01088 G=OK(+0.009616) MF=OK(active=18/20,min=+1.01e-12,slack=+2.532e-15)
[RMPCC 0026] OK solve=256.0ms pose=(0.111,0.560,-0.779) u=(0.081,1.200) s=0.252 PSDFmin=-0.04489 G=OK(+0.009477) MF=OK(active=20/20,min=+3.894e-15,slack=+2.206e-15)
[RMPCC 0027] OK solve=371.0ms pose=(0.117,0.554,-0.659) u=(0.079,0.801) s=0.265 PSDFmin=+0.01203 G=OK(+0.01058) MF=OK(active=7/20,min=+5.242e-09,slack=+2.564e-13)
[RMPCC 0028] OK solve=284.2ms pose=(0.123,0.549,-0.579) u=(0.041,0.491) s=0.266 PSDFmin=+0.009373 G=OK(+0.005727) MF=OK(active=18/20,min=+2.661e-10,slack=+9.647e-13)
[RMPCC 0029] OK solve=241.9ms pose=(0.127,0.547,-0.530) u=(0.127,1.101) s=0.267 PSDFmin=+0.01097 G=OK(+0.01205) MF=OK(active=20/20,min=+2.669e-08,slack=+2.374e-10)
[RMPCC 0030] OK solve=289.5ms pose=(0.138,0.540,-0.420) u=(0.082,0.536) s=0.280 PSDFmin=+0.01447 G=OK(+0.01414) MF=OK(active=19/20,min=+8.074e-10,slack=+8.877e-13)
[RMPCC 0031] OK solve=258.0ms pose=(0.145,0.537,-0.367) u=(0.125,1.200) s=0.288 PSDFmin=-0.01009 G=OK(+0.01614) MF=OK(active=20/20,min=+8.253e-11,slack=+9.453e-13)
[RMPCC 0032] OK solve=261.7ms pose=(0.157,0.533,-0.247) u=(0.115,0.738) s=0.300 PSDFmin=+0.01564 G=OK(+0.01478) MF=OK(active=7/20,min=+0.1319,slack=+3.379e-15)
[RMPCC 0033] OK solve=139.5ms pose=(0.168,0.530,-0.173) u=(0.138,0.304) s=0.312 PSDFmin=+0.01651 G=OK(+0.02083) MF=OK(active=20/20,min=+3.716e-10,slack=+1.892e-12)
[RMPCC 0034] OK solve=129.8ms pose=(0.182,0.527,-0.142) u=(0.096,0.879) s=0.325 PSDFmin=+0.01592 G=OK(+0.02262) MF=OK(active=20/20,min=-1.559e-14,slack=+1.316e-15)
[RMPCC 0035] OK solve=122.4ms pose=(0.191,0.526,-0.054) u=(0.160,0.385) s=0.332 PSDFmin=+0.01732 G=OK(+0.01578) MF=OK(active=20/20,min=+2.916e-09,slack=+2.517e-12)
[RMPCC 0036] OK solve=124.2ms pose=(0.207,0.525,-0.016) u=(0.149,0.074) s=0.344 PSDFmin=+0.01824 G=OK(+0.01701) MF=OK(active=20/20,min=+4.219e-11,slack=+1.038e-13)
[RMPCC 0037] OK solve=123.6ms pose=(0.222,0.525,-0.009) u=(0.141,0.574) s=0.359 PSDFmin=+0.01399 G=OK(+0.01221) MF=OK(active=20/20,min=+4.798e-12,slack=+4.401e-14)
[RMPCC 0038] OK solve=119.7ms pose=(0.236,0.525,0.049) u=(0.134,0.216) s=0.373 PSDFmin=+0.013 G=OK(+0.01124) MF=OK(active=20/20,min=+7.667e-11,slack=+1.16e-13)
[RMPCC 0039] OK solve=136.2ms pose=(0.250,0.525,0.070) u=(0.130,0.209) s=0.387 PSDFmin=+0.01471 G=OK(+0.012) MF=OK(active=20/20,min=+6.85e-13,slack=+2.01e-15)
[RMPCC 0040] OK solve=128.1ms pose=(0.263,0.526,0.091) u=(0.119,0.290) s=0.399 PSDFmin=+0.0105 G=OK(+0.007634) MF=OK(active=20/20,min=-1.046e-11,slack=+1.058e-12)
[RMPCC 0041] OK solve=151.8ms pose=(0.274,0.527,0.120) u=(0.115,0.331) s=0.412 PSDFmin=+0.01288 G=OK(+0.01144) MF=OK(active=20/20,min=+1.246e-14,slack=+2.698e-17)
[RMPCC 0042] OK solve=128.7ms pose=(0.286,0.529,0.153) u=(0.108,0.370) s=0.423 PSDFmin=+0.008365 G=OK(+0.00558) MF=OK(active=20/20,min=+7.101e-15,slack=+4.408e-15)
[RMPCC 0043] OK solve=122.2ms pose=(0.296,0.530,0.190) u=(0.104,0.393) s=0.432 PSDFmin=+0.01325 G=OK(+0.008034) MF=OK(active=20/20,min=+5.225e-13,slack=+5.601e-16)
[RMPCC 0044] OK solve=112.2ms pose=(0.307,0.532,0.230) u=(0.107,0.170) s=0.444 PSDFmin=+0.0223 G=OK(+0.02094) MF=OK(active=20/20,min=+9.42e-14,slack=+4.857e-17)
[RMPCC 0045] OK solve=115.8ms pose=(0.317,0.535,0.247) u=(0.100,0.308) s=0.454 PSDFmin=+0.02254 G=OK(+0.02126) MF=OK(active=20/20,min=+3.381e-14,slack=+5.574e-17)
[RMPCC 0046] OK solve=122.3ms pose=(0.327,0.537,0.277) u=(0.081,0.102) s=0.462 PSDFmin=+0.02056 G=OK(+0.02015) MF=OK(active=20/20,min=+3.866e-13,slack=+1.666e-15)
[RMPCC 0047] OK solve=142.8ms pose=(0.335,0.539,0.288) u=(0.095,0.359) s=0.470 PSDFmin=+0.01016 G=OK(+0.02228) MF=OK(active=20/20,min=-3.146e-13,slack=+1.713e-14)
[RMPCC 0048] OK solve=140.2ms pose=(0.344,0.542,0.324) u=(0.099,0.177) s=0.482 PSDFmin=+0.01594 G=OK(+0.01421) MF=OK(active=20/20,min=+2.492e-13,slack=+5.646e-16)
[RMPCC 0049] OK solve=129.9ms pose=(0.353,0.545,0.341) u=(0.092,0.272) s=0.489 PSDFmin=-0.001226 G=OK(+0.02179) MF=OK(active=20/20,min=+1.244e-14,slack=+3.202e-17)
[RMPCC 0050] OK solve=134.2ms pose=(0.362,0.548,0.368) u=(0.104,0.250) s=0.498 PSDFmin=+0.01241 G=OK(+0.0124) MF=OK(active=19/20,min=+1.695e-14,slack=+8.089e-17)
[RMPCC 0051] OK solve=126.1ms pose=(0.371,0.552,0.393) u=(0.104,0.136) s=0.511 PSDFmin=-0.002791 G=OK(+0.01803) MF=OK(active=20/20,min=+5.502e-12,slack=+9.546e-15)
[RMPCC 0052] OK solve=125.7ms pose=(0.381,0.556,0.407) u=(0.103,0.335) s=0.519 PSDFmin=+0.01066 G=OK(+0.009853) MF=OK(active=19/20,min=+1.858e-11,slack=+4.008e-13)
[RMPCC 0053] OK solve=122.1ms pose=(0.391,0.560,0.440) u=(0.120,0.079) s=0.529 PSDFmin=+0.01123 G=OK(+0.01118) MF=OK(active=20/20,min=+1.175e-10,slack=+6.81e-14)
[RMPCC 0054] OK solve=134.0ms pose=(0.401,0.565,0.448) u=(0.080,0.433) s=0.544 PSDFmin=-0.02384 G=OK(+0.008464) MF=OK(active=20/20,min=+1.17e-13,slack=+1.165e-15)
[RMPCC 0055] OK solve=121.3ms pose=(0.409,0.569,0.492) u=(0.132,0.155) s=0.549 PSDFmin=+0.01127 G=OK(+0.01099) MF=OK(active=17/20,min=+5.453e-10,slack=+2.113e-13)
[RMPCC 0056] OK solve=126.8ms pose=(0.420,0.575,0.507) u=(0.130,-0.122) s=0.562 PSDFmin=+0.01253 G=OK(+0.008639) MF=OK(active=20/20,min=+1.185e-12,slack=+2.853e-15)
[RMPCC 0057] OK solve=116.8ms pose=(0.432,0.581,0.495) u=(0.120,-0.374) s=0.580 PSDFmin=+0.001321 G=OK(+5.948e-10) MF=OK(active=20/20,min=+8.836e-11,slack=+5.005e-13)
[RMPCC 0058] OK solve=118.5ms pose=(0.442,0.587,0.458) u=(0.129,-0.196) s=0.587 PSDFmin=+0.009268 G=OK(+0.006969) MF=OK(active=20/20,min=+4.283e-11,slack=+9.921e-14)
[RMPCC 0059] OK solve=126.2ms pose=(0.454,0.593,0.438) u=(0.135,-0.261) s=0.601 PSDFmin=+0.003212 G=OK(+2.875e-13) MF=OK(active=20/20,min=+5.848e-13,slack=+3.121e-15)
[RMPCC 0060] OK solve=119.7ms pose=(0.466,0.598,0.412) u=(0.133,-0.035) s=0.621 PSDFmin=-0.004709 G=OK(+0.005478) MF=OK(active=20/20,min=+8.038e-12,slack=+1.923e-14)
[RMPCC 0061] OK solve=120.5ms pose=(0.478,0.604,0.408) u=(0.119,0.142) s=0.626 PSDFmin=+0.00919 G=OK(+1.798e-11) MF=OK(active=18/20,min=+2.704e-12,slack=+4.815e-13)
[RMPCC 0062] OK solve=129.3ms pose=(0.489,0.608,0.423) u=(0.162,0.313) s=0.645 PSDFmin=-0.01876 G=OK(+3.999e-10) MF=OK(active=20/20,min=+3.707e-10,slack=+4.05e-12)
[RMPCC 0063] OK solve=148.4ms pose=(0.504,0.615,0.454) u=(0.153,0.068) s=0.654 PSDFmin=+0.0001182 G=OK(+0.005023) MF=OK(active=14/20,min=+2.002e-10,slack=+5.549e-14)
[RMPCC 0064] OK solve=145.5ms pose=(0.518,0.622,0.461) u=(0.184,-0.117) s=0.670 PSDFmin=+0.001263 G=OK(+3.364e-13) MF=OK(active=19/20,min=+3.36e-12,slack=+8.136e-15)
[RMPCC 0065] OK solve=280.2ms pose=(0.534,0.630,0.449) u=(0.113,-1.007) s=0.694 PSDFmin=-0.01526 G=OK(+1.332e-15) MF=OK(active=20/20,min=+7.291e-16,slack=+6.302e-17)
[RMPCC 0066] OK solve=248.4ms pose=(0.544,0.635,0.348) u=(0.114,-0.483) s=0.699 PSDFmin=-0.006818 G=OK(+2.014e-13) MF=OK(active=3/20,min=+8.402e-12,slack=+3.843e-15)
[RMPCC 0067] OK solve=240.8ms pose=(0.555,0.639,0.300) u=(0.140,-0.176) s=0.710 PSDFmin=+0.001224 G=OK(+8.882e-16) MF=OK(active=19/20,min=-7.07e-15,slack=+0.1025)
[RMPCC 0068] OK solve=353.9ms pose=(0.568,0.643,0.282) u=(0.156,0.155) s=0.724 PSDFmin=+0.003204 G=OK(+0.00446) MF=OK(active=18/20,min=+1.125e-11,slack=+0.01103)
[RMPCC 0069] OK solve=252.5ms pose=(0.583,0.647,0.298) u=(0.109,-0.041) s=0.740 PSDFmin=-0.01786 G=OK(+0.002235) MF=OK(active=17/20,min=-1.605e-11,slack=+1.315e-12)
[RMPCC 0070] OK solve=133.3ms pose=(0.594,0.651,0.294) u=(0.098,-0.427) s=0.754 PSDFmin=-0.02028 G=OK(+9.587e-11) MF=OK(active=8/20,min=+2.056e-09,slack=+4.652e-13)
[RMPCC 0071] OK solve=129.9ms pose=(0.603,0.653,0.251) u=(0.123,-0.146) s=0.761 PSDFmin=-0.006014 G=OK(+2.569e-13) MF=OK(active=14/20,min=+1.799e-12,slack=+1.584e-14)
[RMPCC 0072] OK solve=131.7ms pose=(0.615,0.656,0.236) u=(0.091,-0.671) s=0.773 PSDFmin=-0.03487 G=OK(+0.006787) MF=OK(active=13/20,min=-3.443e-12,slack=+4.015e-13)
[RMPCC 0073] OK solve=120.8ms pose=(0.624,0.659,0.169) u=(0.131,-0.287) s=0.782 PSDFmin=+0.0002632 G=OK(+8.837e-14) MF=OK(active=17/20,min=+3.437e-12,slack=+5.142e-15)
[RMPCC 0074] OK solve=129.1ms pose=(0.637,0.661,0.141) u=(0.109,-0.110) s=0.795 PSDFmin=+0.002485 G=OK(+0.006603) MF=OK(active=19/20,min=-4.664e-14,slack=+1.41e-14)
[RMPCC 0075] OK solve=125.1ms pose=(0.648,0.662,0.130) u=(0.144,-0.026) s=0.805 PSDFmin=+0.001024 G=OK(+0.009286) MF=OK(active=20/20,min=+3.569e-15,slack=+1.646e-17)
[RMPCC 0076] OK solve=261.6ms pose=(0.662,0.664,0.127) u=(0.104,-0.388) s=0.817 PSDFmin=+0.006358 G=OK(+0.01219) MF=OK(active=20/20,min=+1.069e-13,slack=+2.8e-16)
[RMPCC 0077] OK solve=388.5ms pose=(0.672,0.665,0.088) u=(0.107,-0.713) s=0.828 PSDFmin=+6.653e-05 G=OK(+6.506e-14) MF=OK(active=18/20,min=+1.032e-13,slack=+2.279e-16)
[RMPCC 0078] OK solve=253.8ms pose=(0.683,0.666,0.017) u=(0.151,-0.492) s=0.838 PSDFmin=+0.009304 G=OK(+0.01164) MF=OK(active=16/20,min=+4.443e-15,slack=+1.679e-17)
[RMPCC 0079] OK solve=264.6ms pose=(0.698,0.667,-0.032) u=(0.115,-0.171) s=0.852 PSDFmin=-0.003704 G=OK(+1.145e-12) MF=OK(active=20/20,min=+3.835e-12,slack=+2.286e-14)
[RMPCC 0080] OK solve=258.9ms pose=(0.709,0.666,-0.049) u=(0.064,-0.729) s=0.865 PSDFmin=-0.004815 G=OK(+9.48e-13) MF=OK(active=16/20,min=+2.934e-13,slack=+2.119e-15)
[RMPCC 0081] OK solve=123.9ms pose=(0.716,0.666,-0.122) u=(0.067,-0.343) s=0.868 PSDFmin=-0.03247 G=OK(+0.01027) MF=OK(active=12/20,min=+1.668e-12,slack=+3.183e-15)
[RMPCC 0082] OK solve=119.1ms pose=(0.722,0.665,-0.157) u=(0.088,-0.206) s=0.878 PSDFmin=-0.00908 G=OK(-7.772e-16) MF=OK(active=11/20,min=+2.709e-11,slack=+5.125e-14)
[RMPCC 0083] OK solve=257.7ms pose=(0.731,0.664,-0.177) u=(0.049,-0.637) s=0.883 PSDFmin=-0.03321 G=OK(+0.006299) MF=OK(active=17/20,min=+1.815e-15,slack=+3.878e-17)
[RMPCC 0084] OK solve=376.6ms pose=(0.736,0.663,-0.241) u=(0.130,-0.247) s=0.891 PSDFmin=-0.0305 G=OK(+0.01063) MF=OK(active=13/20,min=+3.698e-13,slack=+3.134e-16)
[RMPCC 0085] OK solve=270.2ms pose=(0.748,0.660,-0.266) u=(0.072,-1.200) s=0.904 PSDFmin=-8.746e-05 G=OK(+1.707e-12) MF=OK(active=5/20,min=+7.123e-08,slack=+3.577e-14)
[RMPCC 0086] OK solve=240.0ms pose=(0.755,0.658,-0.386) u=(0.075,-0.576) s=0.911 PSDFmin=-0.04857 G=OK(+1.665e-16) MF=OK(active=16/20,min=+2.7e-17,slack=+2.793e-17)
[RMPCC 0087] OK solve=252.1ms pose=(0.762,0.655,-0.443) u=(0.048,-0.272) s=0.918 PSDFmin=-0.02134 G=OK(+0.008715) MF=OK(active=8/20,min=+1.131e-12,slack=+1.15e-15)
[RMPCC 0088] OK solve=118.4ms pose=(0.767,0.653,-0.470) u=(0.091,-0.798) s=0.922 PSDFmin=-0.002211 G=OK(+5.951e-14) MF=OK(active=7/20,min=+2.661e-14,slack=+1.779e-15)
[RMPCC 0089] OK solve=123.2ms pose=(0.775,0.649,-0.550) u=(0.050,-0.394) s=0.934 PSDFmin=-0.03534 G=OK(+0.008491) MF=OK(active=18/20,min=+7.339e-15,slack=+2.336e-16)
[RMPCC 0090] OK solve=248.3ms pose=(0.779,0.646,-0.590) u=(0.120,-0.473) s=0.939 PSDFmin=-0.0002828 G=OK(+6.817e-14) MF=OK(active=12/20,min=+9.4e-13,slack=+2.062e-15)
[RMPCC 0091] OK solve=364.0ms pose=(0.789,0.640,-0.637) u=(0.060,-0.867) s=0.951 PSDFmin=-0.04062 G=OK(+1.121e-10) MF=OK(active=17/20,min=+1.334e-15,slack=+1.556e-17)
[RMPCC 0092] OK solve=401.4ms pose=(0.794,0.636,-0.724) u=(0.174,-0.350) s=0.957 PSDFmin=-0.02174 G=OK(+0.0004126) MF=OK(active=7/20,min=+5.981e-13,slack=+1.253e-15)
[RMPCC 0093] OK solve=255.4ms pose=(0.807,0.625,-0.759) u=(0.087,-0.857) s=0.979 PSDFmin=-0.01189 G=OK(+0.002357) MF=OK(active=5/20,min=+1.145e-12,slack=+4.412e-15)
[RMPCC 0094] OK solve=120.9ms pose=(0.813,0.619,-0.844) u=(0.045,-0.446) s=0.983 PSDFmin=+0.001686 G=OK(+0.005733) MF=OK(active=9/20,min=+7.749e-12,slack=+3.757e-14)
[RMPCC 0095] OK solve=126.7ms pose=(0.816,0.615,-0.889) u=(0.067,-0.303) s=0.987 PSDFmin=-0.04314 G=OK(+0.00807) MF=OK(active=20/20,min=+2.003e-16,slack=+2.016e-16)
[RMPCC 0096] OK solve=128.5ms pose=(0.820,0.610,-0.919) u=(0.075,-0.109) s=0.996 PSDFmin=-0.01275 G=OK(+1.485e-13) MF=OK(active=6/20,min=+4.495e-12,slack=+4.261e-15)
[RMPCC 0097] OK solve=129.0ms pose=(0.825,0.604,-0.930) u=(0.110,0.156) s=1.001 PSDFmin=-0.03451 G=OK(+0.01022) MF=OK(active=12/20,min=+3.557e-15,slack=+3.576e-17)
[RMPCC 0098] OK solve=254.1ms pose=(0.832,0.595,-0.915) u=(0.105,0.908) s=1.013 PSDFmin=-0.0108 G=OK(+0.0002826) MF=OK(active=5/20,min=+2.489e-14,slack=+2.225e-17)
[RMPCC 0099] OK solve=235.0ms pose=(0.838,0.587,-0.824) u=(0.237,0.855) s=1.021 PSDFmin=-0.03263 G=OK(+0.004571) MF=OK(active=11/20,min=+8.085e-12,slack=+1.17e-13)
[RMPCC 0100] OK solve=263.2ms pose=(0.854,0.570,-0.738) u=(0.118,1.200) s=1.048 PSDFmin=-0.0009191 G=OK(+0.004394) MF=OK(active=3/20,min=+0.1481,slack=+1.137e-15)
[RMPCC 0101] OK solve=246.4ms pose=(0.863,0.562,-0.618) u=(0.232,0.516) s=1.056 PSDFmin=-0.02889 G=OK(+0.005462) MF=OK(active=15/20,min=+1.335e-09,slack=+2.151e-11)
[RMPCC 0102] OK solve=119.6ms pose=(0.882,0.548,-0.567) u=(0.116,1.068) s=1.080 PSDFmin=+0.009902 G=OK(+0.007972) MF=OK(active=4/20,min=+0.1026,slack=+2.094e-15)
[RMPCC 0103] OK solve=256.7ms pose=(0.892,0.542,-0.460) u=(0.152,0.751) s=1.091 PSDFmin=+0.01086 G=OK(+0.01059) MF=OK(active=20/20,min=+3.366e-15,slack=+3.504e-17)
[RMPCC 0104] OK solve=243.6ms pose=(0.905,0.535,-0.385) u=(0.077,0.654) s=1.106 PSDFmin=+0.01072 G=OK(+0.01388) MF=OK(active=18/20,min=+1.904e-11,slack=+2.028e-15)
[RMPCC 0105] OK solve=115.0ms pose=(0.912,0.532,-0.319) u=(0.038,1.200) s=1.112 PSDFmin=+0.01751 G=OK(+0.01809) MF=OK(active=20/20,min=+6.547e-14,slack=+9.464e-16)
[RMPCC 0106] OK solve=120.2ms pose=(0.916,0.531,-0.199) u=(0.094,0.578) s=1.112 PSDFmin=-0.009285 G=OK(+0.01968) MF=OK(active=20/20,min=+5.714e-12,slack=+1.359e-13)
[RMPCC 0107] OK solve=114.4ms pose=(0.925,0.529,-0.142) u=(0.047,0.738) s=1.125 PSDFmin=+0.0003869 G=OK(+0.01094) MF=OK(active=14/20,min=+4.135e-13,slack=+2.757e-15)
[RMPCC 0108] OK solve=257.3ms pose=(0.930,0.529,-0.068) u=(0.103,0.323) s=1.125 PSDFmin=+0.003609 G=OK(+0.008334) MF=OK(active=19/20,min=+2.6e-10,slack=+2.152e-13)
[RMPCC 0109] OK solve=384.4ms pose=(0.940,0.528,-0.036) u=(0.051,0.852) s=1.138 PSDFmin=+0.006204 G=OK(+0.004648) MF=OK(active=19/20,min=+1.112e-10,slack=+3.165e-13)
[RMPCC 0110] OK solve=381.8ms pose=(0.945,0.528,0.050) u=(0.120,0.377) s=1.138 PSDFmin=-0.003101 G=OK(+0.008511) MF=OK(active=19/20,min=+2.329e-12,slack=+1.407e-14)
[RMPCC 0111] OK solve=394.1ms pose=(0.957,0.528,0.087) u=(0.061,0.339) s=1.152 PSDFmin=-0.002293 G=OK(+9.193e-14) MF=OK(active=18/20,min=+4.085e-12,slack=+2.685e-15)
[RMPCC 0112] OK solve=406.4ms pose=(0.963,0.529,0.121) u=(0.071,0.109) s=1.156 PSDFmin=-0.03432 G=OK(+0.00951) MF=OK(active=12/20,min=+3.169e-11,slack=+2.623e-14)
[RMPCC 0113] OK solve=278.5ms pose=(0.970,0.530,0.132) u=(0.049,-0.017) s=1.164 PSDFmin=-0.006779 G=OK(+5.2e-12) MF=OK(active=15/20,min=+1.112e-10,slack=+1.875e-13)
[RMPCC 0114] OK solve=281.6ms pose=(0.975,0.530,0.130) u=(0.090,-0.027) s=1.168 PSDFmin=-0.02055 G=OK(+0.01271) MF=OK(active=12/20,min=+1.336e-08,slack=+1.299e-11)
[RMPCC 0115] OK solve=309.4ms pose=(0.984,0.531,0.128) u=(0.045,-0.225) s=1.177 PSDFmin=-0.0007292 G=OK(+9.525e-11) MF=OK(active=14/20,min=+3.513e-09,slack=+6.435e-12)
[RMPCC 0116] OK solve=318.6ms pose=(0.989,0.532,0.105) u=(0.128,-0.181) s=1.182 PSDFmin=+0.0002107 G=OK(+7.645e-13) MF=OK(active=16/20,min=+1.629e-11,slack=+1.782e-14)
[RMPCC 0117] OK solve=388.2ms pose=(1.001,0.533,0.087) u=(0.064,-0.090) s=1.195 PSDFmin=+0.0007859 G=OK(+0.001476) MF=OK(active=16/20,min=+1.139e-10,slack=+1.621e-13)
[RMPCC 0118] OK solve=270.5ms pose=(1.008,0.534,0.078) u=(0.169,0.719) s=1.201 PSDFmin=-0.009217 G=OK(+1.085e-11) MF=OK(active=15/20,min=+2.675e-10,slack=+7.225e-13)
[RMPCC 0119] OK solve=246.6ms pose=(1.025,0.535,0.150) u=(0.098,0.777) s=1.218 PSDFmin=-0.000294 G=OK(+0.0005862) MF=OK(active=16/20,min=+2.743e-13,slack=+7.612e-16)
[RMPCC 0120] OK solve=366.6ms pose=(1.034,0.537,0.228) u=(0.049,0.943) s=1.227 PSDFmin=+0.005971 G=OK(+0.005378) MF=OK(active=14/20,min=+2.063e-14,slack=+2.016e-16)
[RMPCC 0121] OK solve=361.9ms pose=(1.039,0.538,0.322) u=(0.074,0.451) s=1.232 PSDFmin=-0.002185 G=OK(+4.352e-14) MF=OK(active=19/20,min=+4.842e-13,slack=+4.575e-15)
[RMPCC 0122] OK solve=426.5ms pose=(1.046,0.540,0.367) u=(0.037,0.225) s=1.239 PSDFmin=-0.001834 G=OK(+0.001791) MF=OK(active=16/20,min=+1.155e-09,slack=+7.079e-12)
[RMPCC 0123] OK solve=397.5ms pose=(1.050,0.541,0.390) u=(0.093,0.315) s=1.243 PSDFmin=+0.001861 G=OK(+0.005782) MF=OK(active=14/20,min=+2.089e-12,slack=+4.708e-15)
[RMPCC 0124] OK solve=369.4ms pose=(1.058,0.545,0.421) u=(0.046,0.882) s=1.251 PSDFmin=-0.0003171 G=OK(+0.00413) MF=OK(active=19/20,min=+2.346e-11,slack=+7.124e-14)
[RMPCC 0125] OK solve=372.4ms pose=(1.062,0.547,0.509) u=(0.137,0.494) s=1.257 PSDFmin=-0.01695 G=OK(+0.004667) MF=OK(active=14/20,min=+2.85e-13,slack=+7.405e-16)
[RMPCC 0126] OK solve=364.9ms pose=(1.074,0.554,0.559) u=(0.069,0.462) s=1.272 PSDFmin=+0.007193 G=OK(+0.004485) MF=OK(active=16/20,min=+8.287e-12,slack=+6.061e-15)
[RMPCC 0127] OK solve=400.9ms pose=(1.080,0.557,0.605) u=(0.115,0.243) s=1.279 PSDFmin=-0.02267 G=OK(+0) MF=OK(active=16/20,min=-3.552e-15,slack=+1.009e-17)
[RMPCC 0128] OK solve=378.8ms pose=(1.090,0.564,0.629) u=(0.066,0.107) s=1.291 PSDFmin=-0.003838 G=OK(+0.0003554) MF=OK(active=8/20,min=+6.4e-09,slack=+7.792e-12)
[RMPCC 0129] OK solve=247.2ms pose=(1.095,0.568,0.640) u=(0.033,0.718) s=1.297 PSDFmin=-0.02222 G=OK(+1.92e-12) MF=OK(active=11/20,min=+2.043e-11,slack=+6.798e-14)
[RMPCC 0130] OK solve=129.7ms pose=(1.098,0.570,0.712) u=(0.097,0.347) s=1.300 PSDFmin=-0.003676 G=OK(+3.152e-13) MF=OK(active=17/20,min=+1.507e-11,slack=+2.371e-14)
[RMPCC 0131] OK solve=121.9ms pose=(1.105,0.576,0.746) u=(0.048,0.276) s=1.310 PSDFmin=+0.0004979 G=OK(+0.001782) MF=OK(active=15/20,min=+1.595e-09,slack=+4.65e-12)
[RMPCC 0132] OK solve=124.3ms pose=(1.108,0.579,0.774) u=(0.072,0.321) s=1.315 PSDFmin=-0.01804 G=OK(+0.001007) MF=OK(active=19/20,min=+4.068e-10,slack=+6.64e-13)
[RMPCC 0133] OK solve=119.7ms pose=(1.114,0.584,0.806) u=(0.083,0.371) s=1.322 PSDFmin=+0.004912 G=OK(+0.004974) MF=OK(active=10/20,min=+1.425e-14,slack=+3.429e-17)
[RMPCC 0134] OK solve=122.3ms pose=(1.119,0.590,0.843) u=(0.073,0.155) s=1.330 PSDFmin=-0.03373 G=OK(+1.019e-13) MF=OK(active=20/20,min=+3.324e-13,slack=+1.394e-15)
[RMPCC 0135] OK solve=124.3ms pose=(1.124,0.596,0.859) u=(0.092,0.097) s=1.337 PSDFmin=-0.003638 G=OK(+0.002395) MF=OK(active=7/20,min=+6.956e-10,slack=+6.433e-13)
[RMPCC 0136] OK solve=120.3ms pose=(1.130,0.603,0.868) u=(0.165,-0.312) s=1.346 PSDFmin=-0.02365 G=OK(+0.00434) MF=OK(active=14/20,min=-2.217e-11,slack=+1.014e-12)
[RMPCC 0137] OK solve=126.2ms pose=(1.141,0.615,0.837) u=(0.135,-0.763) s=1.363 PSDFmin=+0.0008101 G=OK(+0.002724) MF=OK(active=6/20,min=+2.134e-14,slack=+1.901e-17)
[RMPCC 0138] OK solve=119.6ms pose=(1.150,0.625,0.761) u=(0.129,-0.342) s=1.376 PSDFmin=-0.02446 G=OK(+0.005983) MF=OK(active=19/20,min=+1.511e-12,slack=+2.975e-15)
[RMPCC 0139] OK solve=137.7ms pose=(1.159,0.634,0.727) u=(0.093,-1.087) s=1.389 PSDFmin=+0.005477 G=OK(+0.004798) MF=OK(active=5/20,min=+3.283e-08,slack=+1.591e-11)
[RMPCC 0140] OK solve=128.7ms pose=(1.166,0.640,0.618) u=(0.117,-0.512) s=1.398 PSDFmin=-0.01539 G=OK(+5.004e-13) MF=OK(active=20/20,min=+1.877e-12,slack=+1.425e-14)
[RMPCC 0141] OK solve=142.2ms pose=(1.176,0.647,0.567) u=(0.103,-1.200) s=1.407 PSDFmin=+0.008471 G=OK(+1.806e-12) MF=OK(active=8/20,min=+2.589e-10,slack=+1.249e-13)
[RMPCC 0142] OK solve=283.5ms pose=(1.185,0.653,0.447) u=(0.131,-0.553) s=1.420 PSDFmin=-0.0123 G=OK(+0.008269) MF=OK(active=20/20,min=-3.526e-15,slack=+0.08006)
[RMPCC 0143] OK solve=416.2ms pose=(1.196,0.658,0.392) u=(0.117,-0.992) s=1.433 PSDFmin=-0.009082 G=OK(+0.01062) MF=OK(active=6/20,min=+3.353e-13,slack=+1.333e-15)
[RMPCC 0144] OK solve=270.3ms pose=(1.207,0.663,0.292) u=(0.135,-0.415) s=1.444 PSDFmin=+0.002008 G=OK(+2.554e-15) MF=OK(active=16/20,min=+1.424e-14,slack=+2.873e-17)
[RMPCC 0145] OK solve=128.0ms pose=(1.220,0.667,0.251) u=(0.068,-0.723) s=1.452 PSDFmin=-0.006955 G=OK(+0.01592) MF=OK(active=20/20,min=+2.664e-11,slack=+1.091e-12)
[RMPCC 0146] OK solve=116.5ms pose=(1.227,0.668,0.179) u=(0.147,-0.269) s=1.462 PSDFmin=+0.01565 G=OK(+0.01725) MF=OK(active=17/20,min=+1.323e-10,slack=+4.726e-13)
[RMPCC 0147] OK solve=252.5ms pose=(1.241,0.671,0.152) u=(0.074,-0.134) s=1.476 PSDFmin=-0.02636 G=OK(+0.007107) MF=OK(active=20/20,min=+8.763e-10,slack=+1.433e-12)
[RMPCC 0148] OK solve=294.7ms pose=(1.248,0.672,0.138) u=(0.127,-0.217) s=1.481 PSDFmin=-0.003225 G=OK(+3.617e-12) MF=OK(active=8/20,min=+9.47e-13,slack=+1.713e-14)
[RMPCC 0149] OK solve=152.1ms pose=(1.261,0.674,0.117) u=(0.064,-0.391) s=1.493 PSDFmin=-0.0002153 G=OK(+2.22e-15) MF=OK(active=19/20,min=+1.784e-14,slack=+7.732e-17)
[RMPCC 0150] OK solve=484.5ms pose=(1.267,0.675,0.077) u=(0.155,-0.556) s=1.500 PSDFmin=-0.017 G=OK(+0.02689) MF=OK(active=18/20,min=+1.07e-14,slack=+4.57e-17)
[RMPCC 0151] OK solve=235.1ms pose=(1.283,0.676,0.022) u=(0.124,-0.203) s=1.515 PSDFmin=-0.006913 G=OK(+2.062e-09) MF=OK(active=8/20,min=+2.945e-08,slack=+7.935e-12)
[RMPCC 0152] OK solve=135.3ms pose=(1.295,0.676,0.002) u=(0.125,-0.373) s=1.528 PSDFmin=-0.009909 G=OK(+0.01903) MF=OK(active=17/20,min=+8.408e-12,slack=+1.07e-14)
[RMPCC 0153] OK solve=256.9ms pose=(1.308,0.676,-0.036) u=(0.062,-1.200) s=1.540 PSDFmin=-0.02439 G=OK(+0.0093) MF=OK(active=18/20,min=-1.388e-13,slack=+0.008655)
[RMPCC 0154] OK solve=358.3ms pose=(1.314,0.676,-0.156) u=(0.120,-0.579) s=1.546 PSDFmin=-0.01476 G=OK(+0.01063) MF=OK(active=10/20,min=+6.783e-08,slack=+4.066e-11)
[RMPCC 0155] OK solve=387.0ms pose=(1.326,0.674,-0.214) u=(0.128,-0.233) s=1.558 PSDFmin=+0.0006006 G=OK(+1.008e-12) MF=OK(active=14/20,min=+6.858e-12,slack=+1.768e-14)
[RMPCC 0156] OK solve=262.2ms pose=(1.338,0.671,-0.237) u=(0.128,0.010) s=1.570 PSDFmin=+0.0003752 G=OK(+2.776e-15) MF=OK(active=16/20,min=+6.409e-12,slack=+7.03e-15)
[RMPCC 0157] OK solve=251.2ms pose=(1.351,0.668,-0.236) u=(0.064,1.200) s=1.582 PSDFmin=+0.0002158 G=OK(+1.11e-16) MF=OK(active=18/20,min=+1.806e-15,slack=+3.001e-17)
[RMPCC 0158] OK solve=238.2ms pose=(1.357,0.667,-0.116) u=(0.175,0.661) s=1.588 PSDFmin=-0.02496 G=OK(+0.009687) MF=OK(active=16/20,min=+3.692e-09,slack=+3.262e-12)
[RMPCC 0159] OK solve=137.9ms pose=(1.374,0.665,-0.050) u=(0.197,1.200) s=1.605 PSDFmin=-0.0003933 G=OK(+3.531e-14) MF=OK(active=13/20,min=+1.714e-13,slack=+8.926e-16)
[RMPCC 0160] OK solve=252.9ms pose=(1.394,0.664,0.070) u=(0.157,0.984) s=1.624 PSDFmin=-0.01251 G=OK(+0.007449) MF=OK(active=16/20,min=+1.824e-15,slack=+4.781e-17)
[RMPCC 0161] OK solve=363.4ms pose=(1.410,0.665,0.169) u=(0.080,0.491) s=1.639 PSDFmin=-0.02737 G=OK(+0.005076) MF=OK(active=16/20,min=+2.196e-14,slack=+0.0003237)
[RMPCC 0162] OK solve=248.3ms pose=(1.417,0.666,0.218) u=(0.189,0.145) s=1.648 PSDFmin=-0.002115 G=OK(+2.511e-13) MF=OK(active=10/20,min=+1.279e-12,slack=+5.204e-15)
[RMPCC 0163] OK solve=242.2ms pose=(1.436,0.670,0.232) u=(0.094,0.073) s=1.662 PSDFmin=-0.02408 G=OK(+0.01002) MF=OK(active=18/20,min=+6.288e-13,slack=+3.499e-15)
[RMPCC 0164] OK solve=385.3ms pose=(1.445,0.673,0.239) u=(0.111,0.112) s=1.676 PSDFmin=-0.01709 G=OK(+0.00242) MF=OK(active=16/20,min=+5.345e-10,slack=+1.873e-12)
[RMPCC 0165] OK solve=247.0ms pose=(1.456,0.675,0.251) u=(0.074,0.183) s=1.687 PSDFmin=-8.924e-05 G=OK(+1.81e-14) MF=OK(active=11/20,min=+1.676e-13,slack=+5.843e-16)
[RMPCC 0166] OK solve=238.7ms pose=(1.463,0.677,0.269) u=(0.051,0.058) s=1.691 PSDFmin=+0.004703 G=OK(+0.003407) MF=OK(active=18/20,min=+1.076e-14,slack=+9.784e-17)
[RMPCC 0167] OK solve=389.8ms pose=(1.468,0.678,0.275) u=(0.137,0.340) s=1.693 PSDFmin=+0.006731 G=OK(+0.005322) MF=OK(active=19/20,min=+2.844e-10,slack=+2.352e-12)
[RMPCC 0168] OK solve=350.6ms pose=(1.481,0.682,0.309) u=(0.069,0.175) s=1.713 PSDFmin=-0.01007 G=OK(+0.009982) MF=OK(active=14/20,min=+1.331e-10,slack=+4.414e-13)
[RMPCC 0169] OK solve=385.3ms pose=(1.488,0.684,0.326) u=(0.081,0.693) s=1.719 PSDFmin=+0.004722 G=OK(+0.003186) MF=OK(active=17/20,min=+1.746e-09,slack=+3.095e-12)
[RMPCC 0170] OK solve=374.6ms pose=(1.495,0.687,0.395) u=(0.077,0.366) s=1.728 PSDFmin=+0.008602 G=OK(+0.007448) MF=OK(active=16/20,min=+2.103e-12,slack=+1.975e-14)
[RMPCC 0171] OK solve=439.3ms pose=(1.503,0.690,0.432) u=(0.081,0.418) s=1.735 PSDFmin=+0.00366 G=OK(+0.005662) MF=OK(active=16/20,min=+2.093e-11,slack=+5.884e-14)
[RMPCC 0172] OK solve=470.0ms pose=(1.510,0.693,0.474) u=(0.044,0.202) s=1.743 PSDFmin=+0.005249 G=OK(+0.007572) MF=OK(active=16/20,min=+2.416e-12,slack=+3.239e-15)
[RMPCC 0173] OK solve=373.2ms pose=(1.514,0.695,0.494) u=(0.094,0.721) s=1.747 PSDFmin=-0.001868 G=OK(+0.005378) MF=OK(active=19/20,min=+2.464e-10,slack=+5.648e-13)
[RMPCC 0174] OK solve=378.2ms pose=(1.522,0.700,0.566) u=(0.048,0.572) s=1.758 PSDFmin=+0.004266 G=OK(+0.007326) MF=OK(active=18/20,min=+6.206e-09,slack=+8.391e-12)
[RMPCC 0175] OK solve=402.7ms pose=(1.526,0.702,0.623) u=(0.120,0.237) s=1.763 PSDFmin=-0.0294 G=OK(+0.007664) MF=OK(active=19/20,min=+1.846e-12,slack=+4.816e-15)
[RMPCC 0176] OK solve=372.8ms pose=(1.536,0.709,0.647) u=(0.082,0.546) s=1.778 PSDFmin=+0.005135 G=OK(+0.003504) MF=OK(active=14/20,min=+2.488e-13,slack=+1.272e-16)
[RMPCC 0177] OK solve=365.6ms pose=(1.542,0.714,0.702) u=(0.041,0.273) s=1.783 PSDFmin=-0.02923 G=OK(+0.004962) MF=OK(active=18/20,min=+1.434e-13,slack=+2.726e-15)
[RMPCC 0178] OK solve=359.8ms pose=(1.546,0.717,0.729) u=(0.067,0.265) s=1.792 PSDFmin=+0.002142 G=OK(+8.882e-16) MF=OK(active=7/20,min=+1.334e-14,slack=+1.747e-17)
[RMPCC 0179] OK solve=359.7ms pose=(1.551,0.721,0.756) u=(0.034,0.132) s=1.794 PSDFmin=-0.01121 G=OK(+0.004339) MF=OK(active=19/20,min=+1.778e-15,slack=+1.112e-17)
[RMPCC 0180] OK solve=259.3ms pose=(1.553,0.724,0.769) u=(0.064,0.164) s=1.797 PSDFmin=+0.00122 G=OK(+0.00125) MF=OK(active=14/20,min=+1.914e-12,slack=+4.945e-14)
[RMPCC 0181] OK solve=129.0ms pose=(1.558,0.728,0.785) u=(0.074,0.445) s=1.807 PSDFmin=-0.0207 G=OK(+0.002262) MF=OK(active=20/20,min=+2.669e-11,slack=+8.114e-14)
[RMPCC 0182] OK solve=133.5ms pose=(1.563,0.733,0.830) u=(0.074,0.193) s=1.811 PSDFmin=+0.007269 G=OK(+0.007009) MF=OK(active=17/20,min=+3.343e-12,slack=+7.769e-15)
[RMPCC 0183] OK solve=120.1ms pose=(1.568,0.739,0.849) u=(0.128,0.180) s=1.823 PSDFmin=-0.0323 G=OK(+0.009428) MF=OK(active=20/20,min=+7.749e-13,slack=+3.471e-15)
[RMPCC 0184] OK solve=252.2ms pose=(1.576,0.748,0.867) u=(0.124,0.323) s=1.839 PSDFmin=-0.01461 G=OK(+0.006619) MF=OK(active=6/20,min=+0.02671,slack=+3.875e-17)
[RMPCC 0185] OK solve=256.0ms pose=(1.584,0.758,0.899) u=(0.284,-0.060) s=1.843 PSDFmin=-0.01126 G=OK(+0.009383) MF=OK(active=17/20,min=+2.299e-12,slack=+7.471e-15)
[RMPCC 0186] OK solve=245.5ms pose=(1.602,0.780,0.893) u=(0.142,-1.200) s=1.874 PSDFmin=-0.02307 G=OK(+0.00351) MF=OK(active=7/20,min=+3.734e-14,slack=+2.467e-16)
[RMPCC 0187] OK solve=264.1ms pose=(1.611,0.791,0.773) u=(0.082,-1.200) s=1.884 PSDFmin=-0.002634 G=OK(+6.661e-15) MF=OK(active=6/20,min=+5.4e-12,slack=+2.896e-15)
[RMPCC 0188] OK solve=139.3ms pose=(1.617,0.797,0.653) u=(0.197,-0.642) s=1.896 PSDFmin=-0.01914 G=OK(+0.006484) MF=OK(active=15/20,min=+2.04e-13,slack=+5.026e-15)
[RMPCC 0189] OK solve=146.6ms pose=(1.632,0.809,0.589) u=(0.102,-1.146) s=1.912 PSDFmin=-0.00138 G=OK(+0.01232) MF=OK(active=11/20,min=+0.0889,slack=+1.606e-14)
[RMPCC 0190] OK solve=142.5ms pose=(1.641,0.814,0.474) u=(0.074,-0.613) s=1.922 PSDFmin=-0.01285 G=OK(+0.007132) MF=OK(active=17/20,min=+7.138e-15,slack=+3.232e-17)
[RMPCC 0191] OK solve=132.9ms pose=(1.647,0.818,0.413) u=(0.087,-1.063) s=1.929 PSDFmin=-0.007973 G=OK(+0.01213) MF=OK(active=15/20,min=+0.1059,slack=+2.159e-16)
[RMPCC 0192] OK solve=136.0ms pose=(1.655,0.821,0.307) u=(0.087,-0.589) s=1.938 PSDFmin=+0.002315 G=OK(+9.057e-11) MF=OK(active=9/20,min=+4.033e-08,slack=+5.528e-12)
[RMPCC 0193] OK solve=293.1ms pose=(1.664,0.824,0.248) u=(0.064,-0.457) s=1.939 PSDFmin=-0.01992 G=OK(+0.01198) MF=OK(active=20/20,min=+3.494e-13,slack=+7.597e-15)
[RMPCC 0194] OK solve=235.1ms pose=(1.670,0.826,0.202) u=(0.092,-0.858) s=1.952 PSDFmin=-0.01495 G=OK(+0.01834) MF=OK(active=14/20,min=+0.1983,slack=+8.537e-15)
[RMPCC 0195] OK solve=125.5ms pose=(1.679,0.827,0.116) u=(0.082,-0.400) s=1.952 PSDFmin=+0.002509 G=OK(+7.816e-14) MF=OK(active=8/20,min=+9.858e-11,slack=+7.447e-15)
[RMPCC 0196] OK solve=237.6ms pose=(1.687,0.828,0.076) u=(0.118,-0.208) s=1.958 PSDFmin=-0.02078 G=OK(+7.55e-15) MF=OK(active=20/20,min=+2.426e-14,slack=+1.17e-15)
[RMPCC 0197] OK solve=378.9ms pose=(1.699,0.829,0.056) u=(0.086,-0.785) s=1.969 PSDFmin=-0.01377 G=OK(+0.01879) MF=OK(active=14/20,min=+0.2113,slack=+1.806e-13)
[RMPCC 0198] OK solve=259.2ms pose=(1.707,0.830,-0.023) u=(0.085,-0.359) s=1.978 PSDFmin=-9.345e-05 G=OK(+4.174e-14) MF=OK(active=6/20,min=+2.241e-09,slack=+9.687e-14)
[RMPCC 0199] OK solve=141.4ms pose=(1.716,0.830,-0.059) u=(0.139,-0.145) s=1.986 PSDFmin=-0.007644 G=OK(+2.22e-16) MF=OK(active=19/20,min=-1.766e-15,slack=+1.061e-17)
[RMPCC 0200] OK solve=134.6ms pose=(1.730,0.829,-0.073) u=(0.080,-1.098) s=1.995 PSDFmin=-0.02279 G=OK(+0.001099) MF=OK(active=13/20,min=+0.02457,slack=+5.506e-14)
[RMPCC 0201] OK solve=147.7ms pose=(1.738,0.828,-0.183) u=(0.080,-0.603) s=2.008 PSDFmin=+0.0009564 G=OK(+2.8e-10) MF=OK(active=3/20,min=+5.36e-09,slack=+9.898e-12)
[RMPCC 0202] OK solve=287.0ms pose=(1.746,0.827,-0.243) u=(0.103,-0.822) s=2.011 PSDFmin=-0.02413 G=OK(+0.008374) MF=OK(active=19/20,min=+5.485e-13,slack=+1.208e-14)
[RMPCC 0203] OK solve=310.0ms pose=(1.756,0.824,-0.326) u=(0.069,-0.571) s=2.026 PSDFmin=-0.002197 G=OK(+0.002454) MF=OK(active=10/20,min=+1.354e-13,slack=+3.83e-16)
[RMPCC 0204] OK solve=255.6ms pose=(1.762,0.822,-0.383) u=(0.062,-0.254) s=2.028 PSDFmin=-0.01005 G=OK(+0.004983) MF=OK(active=16/20,min=+7.863e-14,slack=+4.74e-16)
[RMPCC 0205] OK solve=390.4ms pose=(1.768,0.820,-0.408) u=(0.066,-0.044) s=2.029 PSDFmin=+0.005181 G=OK(+0.00225) MF=OK(active=14/20,min=+7.689e-12,slack=+1.841e-14)
[RMPCC 0206] OK solve=362.7ms pose=(1.774,0.817,-0.413) u=(0.033,-0.022) s=2.044 PSDFmin=-0.009283 G=OK(+0.004861) MF=OK(active=18/20,min=+3.102e-13,slack=+1.077e-15)
[RMPCC 0207] OK solve=378.1ms pose=(1.777,0.816,-0.415) u=(0.094,0.491) s=2.046 PSDFmin=+0.007315 G=OK(+0.004792) MF=OK(active=16/20,min=+1.509e-11,slack=+2.559e-14)
[RMPCC 0208] OK solve=249.5ms pose=(1.786,0.812,-0.366) u=(0.062,0.422) s=2.056 PSDFmin=+0.001306 G=OK(+0.0006632) MF=OK(active=17/20,min=+5.693e-14,slack=+8.331e-17)
[RMPCC 0209] OK solve=256.5ms pose=(1.792,0.810,-0.323) u=(0.083,0.346) s=2.062 PSDFmin=+0.005791 G=OK(+0.006223) MF=OK(active=20/20,min=+3.131e-13,slack=+4.213e-16)
[RMPCC 0210] OK solve=365.7ms pose=(1.799,0.807,-0.289) u=(0.063,0.093) s=2.070 PSDFmin=+0.005884 G=OK(+0.00475) MF=OK(active=19/20,min=+5.858e-11,slack=+9.562e-14)
[RMPCC 0211] OK solve=362.8ms pose=(1.805,0.805,-0.279) u=(0.075,-0.450) s=2.076 PSDFmin=-0.03044 G=OK(+0.005764) MF=OK(active=17/20,min=+1.812e-12,slack=+1.848e-14)
[RMPCC 0212] OK solve=387.8ms pose=(1.813,0.803,-0.324) u=(0.042,-1.200) s=2.084 PSDFmin=-0.001499 G=OK(+0.006459) MF=OK(active=13/20,min=+1.423e-14,slack=+2.27e-17)
[RMPCC 0213] OK solve=383.8ms pose=(1.817,0.802,-0.444) u=(0.069,-1.022) s=2.089 PSDFmin=+0.002381 G=OK(+0.002855) MF=OK(active=15/20,min=+1.003e-11,slack=+1.868e-14)
[RMPCC 0214] OK solve=374.4ms pose=(1.823,0.799,-0.547) u=(0.036,-0.867) s=2.097 PSDFmin=+0.007329 G=OK(+0.006926) MF=OK(active=19/20,min=+1.559e-11,slack=+1.123e-14)
[RMPCC 0215] OK solve=369.3ms pose=(1.826,0.797,-0.633) u=(0.088,-0.384) s=2.102 PSDFmin=-0.03759 G=OK(+0.006632) MF=OK(active=19/20,min=+7.566e-14,slack=+1.06e-15)
[RMPCC 0216] OK solve=245.2ms pose=(1.833,0.792,-0.672) u=(0.044,-0.838) s=2.115 PSDFmin=+0.008128 G=OK(+0.006946) MF=OK(active=8/20,min=+1.242e-08,slack=+7.559e-12)
[RMPCC 0217] OK solve=242.8ms pose=(1.836,0.789,-0.755) u=(0.112,-0.791) s=2.116 PSDFmin=+0.001437 G=OK(+2.22e-15) MF=OK(active=20/20,min=+7.116e-15,slack=+1.041e-17)
[RMPCC 0218] OK solve=376.5ms pose=(1.845,0.781,-0.835) u=(0.056,-1.200) s=2.129 PSDFmin=-0.004689 G=OK(+0.008473) MF=OK(active=19/20,min=+1.609e-10,slack=+1.668e-13)
[RMPCC 0219] OK solve=258.5ms pose=(1.848,0.777,-0.955) u=(0.114,-0.797) s=2.130 PSDFmin=+0.01081 G=OK(+0.009087) MF=OK(active=14/20,min=+1.209e-13,slack=+1.376e-16)
[RMPCC 0220] OK solve=120.8ms pose=(1.855,0.768,-1.034) u=(0.061,-0.394) s=2.144 PSDFmin=-0.01831 G=OK(+3.97e-10) MF=OK(active=20/20,min=+2.786e-10,slack=+1.29e-12)
[RMPCC 0221] OK solve=113.6ms pose=(1.858,0.763,-1.074) u=(0.104,-1.020) s=2.145 PSDFmin=+0.008839 G=OK(+0.01236) MF=OK(active=10/20,min=+1.585e-13,slack=+4.541e-16)
[RMPCC 0222] OK solve=124.6ms pose=(1.863,0.754,-1.176) u=(0.111,-0.473) s=2.153 PSDFmin=-0.004421 G=OK(+0.004962) MF=OK(active=20/20,min=+1.443e-12,slack=+3.397e-15)
[RMPCC 0223] OK solve=120.7ms pose=(1.867,0.743,-1.223) u=(0.134,-1.200) s=2.164 PSDFmin=-0.00807 G=OK(+0.01663) MF=OK(active=12/20,min=+3.373e-12,slack=+1.362e-15)
[RMPCC 0224] OK solve=125.4ms pose=(1.872,0.731,-1.343) u=(0.153,-0.619) s=2.177 PSDFmin=+0.003078 G=OK(+1.382e-11) MF=OK(active=9/20,min=+0.1894,slack=+1.411e-13)
[RMPCC 0225] OK solve=121.7ms pose=(1.875,0.716,-1.405) u=(0.174,-0.236) s=2.193 PSDFmin=-0.002464 G=OK(+0.01005) MF=OK(active=20/20,min=+7.136e-15,slack=+3.098e-17)
[RMPCC 0226] OK solve=133.5ms pose=(1.878,0.699,-1.428) u=(0.189,-1.200) s=2.208 PSDFmin=-0.02167 G=OK(+1.221e-15) MF=OK(active=17/20,min=+3.591e-15,slack=+7.779e-17)
[RMPCC 0227] OK solve=141.1ms pose=(1.881,0.680,-1.548) u=(0.164,-0.618) s=2.222 PSDFmin=-0.00275 G=OK(+7.78e-12) MF=OK(active=4/20,min=+0.2,slack=+6.591e-14)
[RMPCC 0228] OK solve=117.7ms pose=(1.881,0.664,-1.610) u=(0.184,-0.239) s=2.238 PSDFmin=-0.01364 G=OK(+0.01825) MF=OK(active=17/20,min=+2.136e-14,slack=+4.706e-17)
[RMPCC 0229] OK solve=123.2ms pose=(1.880,0.645,-1.634) u=(0.272,-0.501) s=2.256 PSDFmin=-0.01856 G=OK(+2.331e-14) MF=OK(active=18/20,min=+1.382e-13,slack=+1.444e-15)
[RMPCC 0230] OK solve=124.7ms pose=(1.879,0.618,-1.684) u=(0.156,-0.216) s=2.279 PSDFmin=-0.01648 G=OK(+3.6e-09) MF=OK(active=5/20,min=+0.1297,slack=+6.724e-11)
[RMPCC 0231] OK solve=121.3ms pose=(1.877,0.602,-1.706) u=(0.175,0.135) s=2.295 PSDFmin=-0.0007059 G=OK(+1.584e-12) MF=OK(active=16/20,min=+1.559e-11,slack=+4.003e-14)
[RMPCC 0232] OK solve=250.7ms pose=(1.875,0.585,-1.692) u=(0.087,1.200) s=2.313 PSDFmin=-0.01447 G=OK(+5.551e-16) MF=OK(active=18/20,min=-2.948e-15,slack=+0.02811)
[RMPCC 0233] OK solve=400.2ms pose=(1.874,0.576,-1.572) u=(0.088,0.762) s=2.316 PSDFmin=-0.0003764 G=OK(+0.005458) MF=OK(active=14/20,min=+6.455e-10,slack=+1.111e-12)
[RMPCC 0234] OK solve=426.7ms pose=(1.874,0.568,-1.496) u=(0.113,0.380) s=2.331 PSDFmin=+0.005919 G=OK(+0.008702) MF=OK(active=16/20,min=+1.047e-10,slack=+4.038e-13)
[RMPCC 0235] OK solve=248.4ms pose=(1.874,0.556,-1.458) u=(0.133,0.090) s=2.334 PSDFmin=-0.02093 G=OK(+0.02121) MF=OK(active=19/20,min=+3.947e-11,slack=+8.751e-13)
[RMPCC 0236] OK solve=126.8ms pose=(1.876,0.543,-1.449) u=(0.140,-0.491) s=2.351 PSDFmin=-0.008538 G=OK(+1.666e-12) MF=OK(active=15/20,min=+7.157e-10,slack=+2.66e-12)
[RMPCC 0237] OK solve=241.1ms pose=(1.878,0.529,-1.498) u=(0.070,-1.154) s=2.354 PSDFmin=-0.01042 G=OK(+0.00794) MF=OK(active=8/20,min=+4.511e-11,slack=+4.727e-13)
[RMPCC 0238] OK solve=436.0ms pose=(1.878,0.522,-1.614) u=(0.179,-0.528) s=2.372 PSDFmin=+0.007162 G=OK(+0.002215) MF=OK(active=15/20,min=+1.432e-14,slack=+1.141e-16)
[RMPCC 0239] OK solve=499.6ms pose=(1.877,0.504,-1.666) u=(0.090,-0.470) s=2.393 PSDFmin=+0.01107 G=OK(+0.005809) MF=OK(active=18/20,min=+2.523e-11,slack=+4.491e-14)
[RMPCC 0240] OK solve=391.9ms pose=(1.876,0.496,-1.714) u=(0.079,-0.583) s=2.396 PSDFmin=+0.005305 G=OK(+2.714e-14) MF=OK(active=18/20,min=+4.794e-13,slack=+6.886e-16)
[RMPCC 0241] OK solve=366.2ms pose=(1.875,0.488,-1.772) u=(0.121,-0.621) s=2.413 PSDFmin=+0.003839 G=OK(+0.00492) MF=OK(active=19/20,min=+9.449e-11,slack=+1.753e-13)
[RMPCC 0242] OK solve=358.5ms pose=(1.873,0.476,-1.834) u=(0.063,-0.518) s=2.413 PSDFmin=+0.008678 G=OK(+0.008578) MF=OK(active=18/20,min=+1.426e-18,slack=+1.416e-17)
[RMPCC 0243] OK solve=378.6ms pose=(1.871,0.470,-1.886) u=(0.110,-0.668) s=2.430 PSDFmin=+0.005726 G=OK(+0.004345) MF=OK(active=18/20,min=+9.242e-14,slack=+1.734e-16)
[RMPCC 0244] OK solve=374.7ms pose=(1.868,0.459,-1.953) u=(0.058,-0.330) s=2.442 PSDFmin=-0.001232 G=OK(+2.887e-15) MF=OK(active=16/20,min=+3.382e-14,slack=+7.09e-17)
[RMPCC 0245] OK solve=376.7ms pose=(1.866,0.454,-1.986) u=(0.093,-0.421) s=2.447 PSDFmin=-0.01027 G=OK(+0.005283) MF=OK(active=14/20,min=+2.851e-14,slack=+9.257e-17)
[RMPCC 0246] OK solve=363.2ms pose=(1.862,0.445,-2.028) u=(0.046,-0.588) s=2.456 PSDFmin=+0.004843 G=OK(+9.286e-11) MF=OK(active=17/20,min=+8.892e-12,slack=+4.511e-13)
[RMPCC 0247] OK solve=366.7ms pose=(1.860,0.441,-2.086) u=(0.118,-0.226) s=2.460 PSDFmin=+0.004826 G=OK(+0.005858) MF=OK(active=17/20,min=+3.238e-14,slack=+4.088e-16)
[RMPCC 0248] OK solve=410.6ms pose=(1.854,0.431,-2.109) u=(0.059,-1.034) s=2.472 PSDFmin=+0.002963 G=OK(+0.005494) MF=OK(active=18/20,min=+3.726e-09,slack=+8.908e-12)
[RMPCC 0249] OK solve=379.6ms pose=(1.851,0.426,-2.213) u=(0.135,-0.465) s=2.478 PSDFmin=-0.006494 G=OK(+0.00822) MF=OK(active=17/20,min=+4.156e-10,slack=+5.009e-13)
[RMPCC 0250] OK solve=263.7ms pose=(1.843,0.415,-2.259) u=(0.068,-0.416) s=2.491 PSDFmin=-0.004436 G=OK(+0.004075) MF=OK(active=14/20,min=+6.082e-14,slack=+4.207e-16)
[RMPCC 0251] OK solve=141.9ms pose=(1.839,0.410,-2.301) u=(0.068,-0.171) s=2.502 PSDFmin=-0.01486 G=OK(+0.004522) MF=OK(active=13/20,min=+2.103e-11,slack=+9.939e-14)
[RMPCC 0252] OK solve=136.5ms pose=(1.834,0.405,-2.318) u=(0.079,-0.578) s=2.505 PSDFmin=+0.001252 G=OK(+0.002632) MF=OK(active=13/20,min=+5.618e-10,slack=+5.746e-13)
[RMPCC 0253] OK solve=234.9ms pose=(1.829,0.399,-2.376) u=(0.040,-0.289) s=2.513 PSDFmin=-0.02087 G=OK(+0.008323) MF=OK(active=20/20,min=+1.4e-14,slack=+2.366e-16)
[RMPCC 0254] OK solve=245.1ms pose=(1.826,0.396,-2.404) u=(0.123,-0.247) s=2.523 PSDFmin=-0.002431 G=OK(+3.997e-15) MF=OK(active=4/20,min=+2.346e-13,slack=+1.592e-16)
[RMPCC 0255] OK solve=263.7ms pose=(1.817,0.388,-2.429) u=(0.062,-0.126) s=2.533 PSDFmin=-0.00254 G=OK(+0.004491) MF=OK(active=15/20,min=+2.857e-12,slack=+1.086e-14)
[RMPCC 0256] OK solve=371.8ms pose=(1.812,0.384,-2.442) u=(0.181,0.053) s=2.544 PSDFmin=+0.0007164 G=OK(+0.002714) MF=OK(active=16/20,min=+5.644e-12,slack=+1.172e-13)
[RMPCC 0257] OK solve=260.8ms pose=(1.798,0.372,-2.436) u=(0.280,0.274) s=2.555 PSDFmin=-0.03478 G=OK(+0.008474) MF=OK(active=16/20,min=+2.845e-14,slack=+3.062e-17)
[RMPCC 0258] OK solve=129.8ms pose=(1.777,0.354,-2.409) u=(0.140,1.200) s=2.586 PSDFmin=-0.0002134 G=OK(+7.339e-13) MF=OK(active=12/20,min=+4.334e-12,slack=+9.044e-15)
[RMPCC 0259] OK solve=142.8ms pose=(1.767,0.345,-2.289) u=(0.076,0.596) s=2.597 PSDFmin=-0.008045 G=OK(+0.007963) MF=OK(active=17/20,min=+6.723e-12,slack=+5.853e-14)
[RMPCC 0260] OK solve=263.1ms pose=(1.762,0.339,-2.229) u=(0.085,1.200) s=2.607 PSDFmin=-0.04432 G=OK(+0.006555) MF=OK(active=17/20,min=+2.125e-12,slack=+1.135e-14)
[RMPCC 0261] OK solve=266.5ms pose=(1.756,0.332,-2.109) u=(0.092,0.810) s=2.609 PSDFmin=-0.009529 G=OK(+2.22e-16) MF=OK(active=8/20,min=+2.63e-13,slack=+9.38e-17)
[RMPCC 0262] OK solve=122.0ms pose=(1.752,0.324,-2.028) u=(0.148,0.337) s=2.618 PSDFmin=+0.000689 G=OK(+1.281e-12) MF=OK(active=13/20,min=+6.192e-13,slack=+4.584e-15)
[RMPCC 0263] OK solve=263.2ms pose=(1.745,0.311,-1.995) u=(0.074,0.168) s=2.633 PSDFmin=-0.01776 G=OK(+6.314e-15) MF=OK(active=19/20,min=+2.562e-14,slack=+0.2988)
[RMPCC 0264] OK solve=389.7ms pose=(1.742,0.304,-1.978) u=(0.090,0.657) s=2.640 PSDFmin=-0.007123 G=OK(+0.009981) MF=OK(active=14/20,min=+1.454e-08,slack=+1.283e-11)
[RMPCC 0265] OK solve=371.6ms pose=(1.738,0.296,-1.912) u=(0.087,0.756) s=2.649 PSDFmin=+0.001645 G=OK(+0.0009653) MF=OK(active=12/20,min=-4.022e-12,slack=+1.699e-13)
[RMPCC 0266] OK solve=250.2ms pose=(1.736,0.288,-1.837) u=(0.095,0.334) s=2.657 PSDFmin=-0.004854 G=OK(+0.0138) MF=OK(active=19/20,min=+1.138e-12,slack=+4.568e-15)
[RMPCC 0267] OK solve=240.2ms pose=(1.733,0.279,-1.803) u=(0.133,0.571) s=2.664 PSDFmin=-0.04385 G=OK(+0.01599) MF=OK(active=18/20,min=+4.184e-15,slack=+4.817e-16)
[RMPCC 0268] OK solve=355.2ms pose=(1.730,0.266,-1.746) u=(0.116,0.289) s=2.675 PSDFmin=-0.007896 G=OK(+0.009006) MF=OK(active=13/20,min=+8.376e-11,slack=+1.686e-13)
[RMPCC 0269] OK solve=278.2ms pose=(1.728,0.254,-1.717) u=(0.090,0.906) s=2.685 PSDFmin=-0.01338 G=OK(+4.974e-14) MF=OK(active=12/20,min=+2.54e-12,slack=+3.581e-15)
[RMPCC 0270] OK solve=126.9ms pose=(1.727,0.246,-1.627) u=(0.120,0.596) s=2.693 PSDFmin=+0.01103 G=OK(+2.677e-13) MF=OK(active=14/20,min=+4.449e-13,slack=+4.402e-15)
[RMPCC 0271] OK solve=130.9ms pose=(1.726,0.234,-1.567) u=(0.097,0.243) s=2.705 PSDFmin=+0.000935 G=OK(+1.243e-14) MF=OK(active=20/20,min=+6.158e-13,slack=+1.188e-15)
[RMPCC 0272] OK solve=251.9ms pose=(1.726,0.224,-1.543) u=(0.090,0.331) s=2.710 PSDFmin=-0.01507 G=OK(+0.01214) MF=OK(active=17/20,min=+4.162e-15,slack=+6.245e-16)
[RMPCC 0273] OK solve=271.4ms pose=(1.726,0.215,-1.510) u=(0.094,0.204) s=2.722 PSDFmin=+0.001806 G=OK(+0.004906) MF=OK(active=17/20,min=+2.07e-11,slack=+5.822e-13)
[RMPCC 0274] OK solve=253.4ms pose=(1.727,0.205,-1.489) u=(0.054,0.294) s=2.728 PSDFmin=+0.01172 G=OK(+0.0106) MF=OK(active=20/20,min=+1.007e-11,slack=+1.805e-14)
[RMPCC 0275] OK solve=397.6ms pose=(1.727,0.200,-1.460) u=(0.092,0.467) s=2.734 PSDFmin=-0.0006099 G=OK(+0.001843) MF=OK(active=17/20,min=+8.642e-12,slack=+2.864e-14)
[RMPCC 0276] OK solve=352.6ms pose=(1.728,0.191,-1.413) u=(0.065,0.204) s=2.740 PSDFmin=+0.003955 G=OK(+0.005049) MF=OK(active=16/20,min=+1.799e-12,slack=+1.212e-15)
[RMPCC 0277] OK solve=255.8ms pose=(1.729,0.184,-1.393) u=(0.103,0.388) s=2.745 PSDFmin=+0.009557 G=OK(+0.009357) MF=OK(active=19/20,min=+4.98e-14,slack=+6.129e-17)
[RMPCC 0278] OK solve=247.1ms pose=(1.731,0.174,-1.354) u=(0.064,0.592) s=2.757 PSDFmin=+0.005825 G=OK(+0.003946) MF=OK(active=20/20,min=+4.527e-13,slack=+1.253e-14)
[RMPCC 0279] OK solve=361.0ms pose=(1.733,0.168,-1.295) u=(0.074,0.243) s=2.763 PSDFmin=+0.003557 G=OK(+0.004376) MF=OK(active=18/20,min=+1.524e-11,slack=+1.206e-14)
[RMPCC 0280] OK solve=247.8ms pose=(1.735,0.161,-1.270) u=(0.037,0.525) s=2.775 PSDFmin=+0.004998 G=OK(+0.003795) MF=OK(active=16/20,min=+2.648e-13,slack=+9.065e-15)
[RMPCC 0281] OK solve=281.8ms pose=(1.736,0.157,-1.218) u=(0.057,0.224) s=2.781 PSDFmin=+0.00591 G=OK(+0.006031) MF=OK(active=20/20,min=+2.943e-09,slack=+2.277e-12)
[RMPCC 0282] OK solve=379.4ms pose=(1.738,0.152,-1.196) u=(0.031,0.390) s=2.786 PSDFmin=+0.007071 G=OK(+0.005453) MF=OK(active=19/20,min=+1.413e-09,slack=+5.782e-13)
[RMPCC 0283] OK solve=293.4ms pose=(1.739,0.149,-1.157) u=(0.056,0.343) s=2.786 PSDFmin=+0.006813 G=OK(+0.005843) MF=OK(active=19/20,min=+1.271e-10,slack=+7.957e-13)
[RMPCC 0284] OK solve=251.8ms pose=(1.741,0.144,-1.122) u=(0.034,0.484) s=2.795 PSDFmin=+0.005504 G=OK(+0.0046) MF=OK(active=20/20,min=+4.494e-10,slack=+8.918e-12)
[RMPCC 0285] OK solve=373.6ms pose=(1.742,0.141,-1.074) u=(0.030,0.313) s=2.798 PSDFmin=+0.005736 G=OK(+0.004827) MF=OK(active=19/20,min=+1.578e-08,slack=+5.067e-11)
[RMPCC 0286] OK solve=385.2ms pose=(1.744,0.138,-1.042) u=(0.035,0.352) s=2.801 PSDFmin=+0.005409 G=OK(+0.004505) MF=OK(active=19/20,min=+6.483e-10,slack=+1.259e-12)
[RMPCC 0287] OK solve=415.7ms pose=(1.746,0.135,-1.007) u=(0.027,0.379) s=2.804 PSDFmin=+0.005507 G=OK(+0.004448) MF=OK(active=19/20,min=+1.399e-08,slack=+5.188e-12)
[RMPCC 0288] OK solve=390.9ms pose=(1.747,0.133,-0.969) u=(0.036,0.320) s=2.808 PSDFmin=+0.005879 G=OK(+0.004871) MF=OK(active=18/20,min=+5.712e-11,slack=+1.928e-12)
[RMPCC 0289] OK solve=423.3ms pose=(1.749,0.130,-0.937) u=(0.027,0.315) s=2.813 PSDFmin=+0.005866 G=OK(+0.004851) MF=OK(active=19/20,min=+6.016e-10,slack=+7.932e-13)
[RMPCC 0290] OK solve=242.8ms pose=(1.751,0.128,-0.906) u=(0.039,0.273) s=2.815 PSDFmin=+0.005897 G=OK(+0.004889) MF=OK(active=19/20,min=+2.862e-10,slack=+1.176e-13)
[RMPCC 0291] OK solve=120.8ms pose=(1.753,0.125,-0.879) u=(0.020,0.315) s=2.820 PSDFmin=+0.005707 G=OK(+0.00471) MF=OK(active=20/20,min=+4.614e-10,slack=+1.712e-13)
[RMPCC 0292] OK solve=122.4ms pose=(1.754,0.123,-0.847) u=(0.035,0.242) s=2.822 PSDFmin=+0.005831 G=OK(+0.00483) MF=OK(active=20/20,min=+5.063e-09,slack=+1.109e-12)
[RMPCC 0293] OK solve=127.2ms pose=(1.757,0.121,-0.823) u=(0.018,0.302) s=2.827 PSDFmin=+0.005778 G=OK(+0.004721) MF=OK(active=20/20,min=+1.78e-08,slack=+2.734e-12)
[RMPCC 0294] OK solve=122.3ms pose=(1.758,0.119,-0.793) u=(0.031,0.218) s=2.827 PSDFmin=+0.00587 G=OK(+0.004887) MF=OK(active=20/20,min=+3.513e-09,slack=+4.058e-12)
[RMPCC 0295] OK solve=142.7ms pose=(1.760,0.117,-0.771) u=(0.018,0.269) s=2.831 PSDFmin=+0.005889 G=OK(+0.004846) MF=OK(active=20/20,min=+1.157e-10,slack=+3.706e-14)
[RMPCC 0296] OK solve=140.1ms pose=(1.761,0.116,-0.744) u=(0.027,0.231) s=2.833 PSDFmin=+0.005912 G=OK(+0.004888) MF=OK(active=20/20,min=+1.392e-08,slack=+1.589e-12)
[RMPCC 0297] OK solve=125.0ms pose=(1.763,0.114,-0.721) u=(0.020,0.270) s=2.835 PSDFmin=+0.005882 G=OK(+0.004859) MF=OK(active=20/20,min=+9.247e-10,slack=+2.812e-12)
[RMPCC 0298] OK solve=119.9ms pose=(1.765,0.113,-0.694) u=(0.020,0.283) s=2.837 PSDFmin=+0.005858 G=OK(+0.004826) MF=OK(active=20/20,min=+4.835e-11,slack=+1.775e-13)
[RMPCC 0299] OK solve=118.7ms pose=(1.766,0.112,-0.666) u=(0.020,0.269) s=2.839 PSDFmin=+0.005882 G=OK(+0.00485) MF=OK(active=20/20,min=+0.00523,slack=+1.748e-16)
[RMPCC 0300] OK solve=130.0ms pose=(1.768,0.110,-0.639) u=(0.020,0.251) s=2.841 PSDFmin=+0.005908 G=OK(+0.004878) MF=OK(active=20/20,min=+0.02635,slack=+5.631e-15)
[RMPCC 0301] OK solve=117.5ms pose=(1.770,0.109,-0.614) u=(0.020,0.234) s=2.843 PSDFmin=+0.005933 G=OK(+0.004903) MF=OK(active=20/20,min=+0.0452,slack=+3.863e-17)
[RMPCC 0302] OK solve=115.4ms pose=(1.771,0.108,-0.590) u=(0.020,0.218) s=2.845 PSDFmin=+0.005957 G=OK(+0.004927) MF=OK(active=20/20,min=+0.06325,slack=+4.583e-12)
[RMPCC 0303] OK solve=122.1ms pose=(1.773,0.107,-0.568) u=(0.019,0.204) s=2.848 PSDFmin=+0.005994 G=OK(+0.004965) MF=OK(active=20/20,min=+0.08091,slack=+4.192e-15)
[RMPCC 0304] OK solve=125.0ms pose=(1.774,0.106,-0.548) u=(0.019,0.190) s=2.850 PSDFmin=+0.006045 G=OK(+0.005018) MF=OK(active=20/20,min=+0.09811,slack=+1.278e-17)
[RMPCC 0305] OK solve=118.3ms pose=(1.776,0.105,-0.529) u=(0.016,0.177) s=2.850 PSDFmin=+0.006108 G=OK(+0.005087) MF=OK(active=20/20,min=+0.1138,slack=+8.918e-15)
[RMPCC 0306] OK solve=114.0ms pose=(1.777,0.104,-0.511) u=(0.017,0.165) s=2.852 PSDFmin=+0.006176 G=OK(+0.005156) MF=OK(active=20/20,min=+0.1271,slack=+2.338e-17)
[RMPCC 0307] OK solve=113.6ms pose=(1.779,0.103,-0.495) u=(0.017,0.155) s=2.854 PSDFmin=+0.006253 G=OK(+0.005234) MF=OK(active=20/20,min=+0.1406,slack=+8.575e-17)
[RMPCC 0308] OK solve=129.7ms pose=(1.780,0.102,-0.479) u=(0.017,0.145) s=2.856 PSDFmin=+0.006339 G=OK(+0.00532) MF=OK(active=20/20,min=+0.1535,slack=+7.574e-17)
[RMPCC 0309] OK solve=130.9ms pose=(1.782,0.102,-0.465) u=(0.014,0.136) s=2.856 PSDFmin=+0.006431 G=OK(+0.005416) MF=OK(active=20/20,min=+0.165,slack=+1.704e-13)
[RMPCC 0310] OK solve=123.8ms pose=(1.783,0.101,-0.451) u=(0.015,0.127) s=2.858 PSDFmin=+0.006525 G=OK(+0.00551) MF=OK(active=20/20,min=+0.1736,slack=+1.156e-13)
[RMPCC 0311] OK solve=120.5ms pose=(1.784,0.100,-0.439) u=(0.015,0.120) s=2.860 PSDFmin=+0.006624 G=OK(+0.00561) MF=OK(active=20/20,min=+0.1816,slack=+3.379e-17)
[RMPCC 0312] OK solve=126.0ms pose=(1.786,0.100,-0.427) u=(0.013,0.112) s=2.860 PSDFmin=+0.006726 G=OK(+0.005715) MF=OK(active=20/20,min=+0.1881,slack=+7.187e-17)
[RMPCC 0313] OK solve=121.2ms pose=(1.787,0.099,-0.415) u=(0.013,0.106) s=2.862 PSDFmin=+0.006829 G=OK(+0.005817) MF=OK(active=20/20,min=+0.1921,slack=+4.309e-16)
[RMPCC 0314] OK solve=121.4ms pose=(1.788,0.099,-0.405) u=(0.014,0.100) s=2.864 PSDFmin=+0.006934 G=OK(+0.005923) MF=OK(active=20/20,min=+0.1956,slack=+1.877e-15)
[RMPCC 0315] OK solve=117.1ms pose=(1.790,0.098,-0.395) u=(0.012,0.094) s=2.864 PSDFmin=+0.007042 G=OK(+0.006033) MF=OK(active=20/20,min=+0.1979,slack=+8.416e-15)
[RMPCC 0316] OK solve=126.1ms pose=(1.791,0.098,-0.385) u=(0.013,0.088) s=2.866 PSDFmin=+0.007148 G=OK(+0.006139) MF=OK(active=20/20,min=+0.1989,slack=+2.954e-14)
[RMPCC 0317] OK solve=126.9ms pose=(1.792,0.097,-0.377) u=(0.011,0.084) s=2.866 PSDFmin=+0.007255 G=OK(+0.006248) MF=OK(active=20/20,min=+0.1996,slack=+9.716e-15)
[RMPCC 0318] OK solve=115.6ms pose=(1.793,0.097,-0.368) u=(0.012,0.079) s=2.869 PSDFmin=+0.007361 G=OK(+0.006353) MF=OK(active=20/20,min=+0.1998,slack=+1.336e-16)
[RMPCC 0319] OK solve=126.7ms pose=(1.794,0.096,-0.360) u=(0.010,0.075) s=2.869 PSDFmin=+0.007466 G=OK(+0.006461) MF=OK(active=20/20,min=+0.2,slack=+1.566e-14)
[RMPCC 0320] OK solve=136.0ms pose=(1.795,0.096,-0.353) u=(0.011,0.071) s=2.871 PSDFmin=+0.00757 G=OK(+0.006564) MF=OK(active=20/20,min=+0.2,slack=+1.116e-14)
[RMPCC 0321] OK solve=130.9ms pose=(1.796,0.096,-0.346) u=(0.009,0.067) s=2.871 PSDFmin=+0.007673 G=OK(+0.006668) MF=OK(active=20/20,min=+0.2,slack=+3.445e-17)
[RMPCC 0322] OK solve=123.9ms pose=(1.797,0.095,-0.339) u=(0.009,0.063) s=2.871 PSDFmin=+0.007773 G=OK(+0.006769) MF=OK(active=20/20,min=+0.2,slack=+2.686e-15)
[RMPCC 0323] OK solve=120.5ms pose=(1.798,0.095,-0.333) u=(0.009,0.060) s=2.873 PSDFmin=+0.007872 G=OK(+0.006867) MF=OK(active=20/20,min=+0.2,slack=+4.516e-16)
[RMPCC 0324] OK solve=125.0ms pose=(1.798,0.095,-0.327) u=(0.008,0.057) s=2.873 PSDFmin=+0.007968 G=OK(+0.006965) MF=OK(active=20/20,min=+0.2,slack=+2.177e-15)
[RMPCC 0325] OK solve=129.9ms pose=(1.799,0.094,-0.321) u=(0.008,0.054) s=2.874 PSDFmin=+0.008062 G=OK(+0.007059) MF=OK(active=20/20,min=+0.2,slack=+2.769e-17)
[RMPCC 0326] OK solve=120.2ms pose=(1.800,0.094,-0.316) u=(0.008,0.052) s=2.875 PSDFmin=+0.008154 G=OK(+0.007151) MF=OK(active=20/20,min=+0.2,slack=+1.352e-16)
[RMPCC 0327] OK solve=138.4ms pose=(1.801,0.094,-0.311) u=(0.007,0.049) s=2.875 PSDFmin=+0.008244 G=OK(+0.007242) MF=OK(active=20/20,min=+0.2,slack=+1.846e-16)
[RMPCC 0328] OK solve=141.4ms pose=(1.801,0.094,-0.306) u=(0.007,0.047) s=2.876 PSDFmin=+0.008332 G=OK(+0.007329) MF=OK(active=20/20,min=+0.2,slack=+1.298e-16)
[RMPCC 0329] OK solve=125.5ms pose=(1.802,0.094,-0.301) u=(0.007,0.045) s=2.877 PSDFmin=+0.008418 G=OK(+0.007415) MF=OK(active=20/20,min=+0.2,slack=+8.581e-16)
[RMPCC 0330] OK solve=127.4ms pose=(1.803,0.093,-0.296) u=(0.007,0.043) s=2.877 PSDFmin=+0.008502 G=OK(+0.007499) MF=OK(active=20/20,min=+0.2,slack=+1.324e-12)
[RMPCC 0331] OK solve=148.9ms pose=(1.803,0.093,-0.292) u=(0.006,0.041) s=2.878 PSDFmin=+0.008583 G=OK(+0.007581) MF=OK(active=20/20,min=+0.2,slack=+8.034e-13)
[RMPCC 0332] OK solve=136.6ms pose=(1.804,0.093,-0.288) u=(0.006,0.039) s=2.879 PSDFmin=+0.008663 G=OK(+0.007661) MF=OK(active=20/20,min=+0.2,slack=+5.454e-13)
[RMPCC 0333] OK solve=128.9ms pose=(1.804,0.093,-0.284) u=(0.006,0.037) s=2.879 PSDFmin=+0.00874 G=OK(+0.007738) MF=OK(active=20/20,min=+0.2,slack=+6.551e-13)
[RMPCC 0334] OK solve=111.1ms pose=(1.805,0.093,-0.280) u=(0.006,0.035) s=2.880 PSDFmin=+0.008815 G=OK(+0.007814) MF=OK(active=20/20,min=+0.2,slack=+6.308e-13)
[RMPCC 0335] OK solve=110.9ms pose=(1.806,0.092,-0.277) u=(0.005,0.034) s=2.880 PSDFmin=+0.008888 G=OK(+0.007886) MF=OK(active=20/20,min=+0.2,slack=+6.85e-13)
[RMPCC 0336] OK solve=122.6ms pose=(1.806,0.092,-0.274) u=(0.005,0.032) s=2.881 PSDFmin=+0.008959 G=OK(+0.007957) MF=OK(active=20/20,min=+0.2,slack=+6.431e-13)
[RMPCC 0337] OK solve=131.8ms pose=(1.807,0.092,-0.270) u=(0.005,0.031) s=2.881 PSDFmin=+0.009027 G=OK(+0.008026) MF=OK(active=20/20,min=+0.2,slack=+6.078e-13)
[RMPCC 0338] OK solve=120.7ms pose=(1.807,0.092,-0.267) u=(0.005,0.030) s=2.882 PSDFmin=+0.009094 G=OK(+0.008093) MF=OK(active=20/20,min=+0.2,slack=+1.911e-12)
[RMPCC 0339] OK solve=122.6ms pose=(1.808,0.092,-0.264) u=(0.005,0.027) s=2.882 PSDFmin=+0.009157 G=OK(+0.008156) MF=OK(active=20/20,min=+0.2,slack=+3.247e-15)
[RMPCC 0340] OK solve=129.4ms pose=(1.808,0.092,-0.262) u=(0.005,0.027) s=2.883 PSDFmin=+0.00922 G=OK(+0.008219) MF=OK(active=20/20,min=+0.2,slack=+7.666e-13)
[RMPCC 0341] OK solve=121.9ms pose=(1.808,0.092,-0.259) u=(0.004,0.026) s=2.883 PSDFmin=+0.00928 G=OK(+0.008279) MF=OK(active=20/20,min=+0.2,slack=+7.333e-13)
[RMPCC 0342] OK solve=127.8ms pose=(1.809,0.092,-0.256) u=(0.004,0.024) s=2.884 PSDFmin=+0.009338 G=OK(+0.008337) MF=OK(active=20/20,min=+0.2,slack=+8.711e-13)
목적지에 도착했습니다! 현재 위치: [1.8093  0.09145], 시간: 34.30초
Using rmpcc optimizer with differential_drive dynamics:
median:  0.24277901649475098
std:  0.10825219480924263
min:  0.1109158992767334
max:  0.4995608329772949
Simulation finished.
Run outcome: status=success, reason=None, final_time=34.30000000000022, distance_to_goal=0.009729362937370313
Optimizer runtime stats: safe_stop_count=0, backup_feasible_qp_success_count=0, plant_input_apply_count=343, last_solve_mode=sqp_rti
Trial history saved to /home/taek111/projects/psdf_mpcc/debug_runs/rmpcc_tuning/p2-q0p1_maze_r1/data/trial_history_MPC_rmpcc_rectangle_maze_p2-q0p1_maze_r1.csv
RMPCC constraint history saved to /home/taek111/projects/psdf_mpcc/debug_runs/rmpcc_tuning/p2-q0p1_maze_r1/data/rmpcc_constraints_MPC_rmpcc_rectangle_maze_p2-q0p1_maze_r1.csv
RMPCC debug history saved to /home/taek111/projects/psdf_mpcc/debug_runs/rmpcc_tuning/p2-q0p1_maze_r1/data/cycle_raw.csv
RMPCC debug history saved to /home/taek111/projects/psdf_mpcc/debug_runs/rmpcc_tuning/p2-q0p1_maze_r1/data/covariance_trajectory.csv
Pose-SDF data saved to /home/taek111/projects/psdf_mpcc/debug_runs/rmpcc_tuning/p2-q0p1_maze_r1/data/pose_sdf_MPC_rmpcc_rectangle_maze_p2-q0p1_maze_r1.csv
Total data points: 343
SDF statistics - Min: 0.0013, Max: 0.0592, Mean: 0.0139
