RMPCC configured from config: covariance_growth_scale=1.0, alpha_f=0.002, alpha_v=0.0004, alpha_kappa=0.01, beta_v=0.02, beta_kappa=0.008, beta_omega=0.008
Resetting rmpcc optimizer for clean state...
generating global path with A* + Line of Sight
시작 위치: [0.075 0.795]
목적지: [1.8  0.09]
도착 판정 기준: position <= 0.01m, angle <= 0.01rad
Setting up RMPCC-MF optimizer...
RMPCC-MF Row M configuration: enabled=True, active only when phi > d_mf_mask=0.001, configured stages=[1, 2, 3, 4, 5, 6, 7, 8, 9, 10, 11, 12, 13, 14, 15, 16, 17, 18, 19, 20]
/home/taek111/projects/psdf_mpcc/models/geometry_utils.py:241: UserWarning: Creating a tensor from a list of numpy.ndarrays is extremely slow. Please consider converting the list to a single numpy.ndarray with numpy.array() before converting to a tensor. (Triggered internally at ../torch/csrc/utils/tensor_new.cpp:230.)
  edgesA = torch.tensor(edgesA, dtype=torch.float32)
Added two affine safety rows at intermediate/terminal stages: 0=HARD guard/recovery, 1=SOFT MF
field AcadosOcpDims.N has been migrated to AcadosOcpOptions.N_horizon. setting AcadosOcpOptions.N_horizon = N. For future comppatibility, please use AcadosOcpOptions.N_horizon directly.

WARNING: Gauss-Newton Hessian approximation with EXTERNAL cost type not well defined!
got cost_type EXTERNAL for cost_type_0, cost_type, cost_type_e, hessian_approx: 'GAUSS_NEWTON'.
With this setting, acados will proceed computing the exact Hessian for the cost term and no Hessian contribution from constraints and dynamics.
If the external cost is a linear least squares cost, this coincides with the Gauss-Newton Hessian.
Note: There is also the option to use the external cost module with a numerical Hessian approximation (see `ext_cost_num_hess`).
OR the option to provide a symbolic custom Hessian approximation (see `cost_expr_ext_cost_custom_hess`).

acados was compiled without OpenMP.
RMPCC-MF backup SQP_WITH_FEASIBLE_QP solver disabled; using nominal safe-stop recovery.
[RMPCC 0000] OK solve=147.9ms pose=(0.075,0.795,-1.571) u=(0.123,0.000) s=0.013 PSDFmin=+0.03 G=OK(+0.04134) MF=OK(active=20/20,min=+0.2,slack=+7.52e-12)
[RMPCC 0001] OK solve=142.6ms pose=(0.075,0.783,-1.571) u=(0.114,0.088) s=0.024 PSDFmin=-0.002916 G=OK(+1.599e-12) MF=OK(active=20/20,min=+0.2,slack=+8.156e-13)
[RMPCC 0002] OK solve=151.9ms pose=(0.075,0.771,-1.562) u=(0.128,0.064) s=0.035 PSDFmin=+0.009478 G=OK(+0.01019) MF=OK(active=14/20,min=+1.602e-14,slack=+3.326e-17)
[RMPCC 0003] OK solve=273.4ms pose=(0.075,0.758,-1.556) u=(0.145,-0.250) s=0.041 PSDFmin=-0.01097 G=OK(+0.01909) MF=OK(active=20/20,min=+2.548e-10,slack=+1.438e-11)
[RMPCC 0004] OK solve=262.4ms pose=(0.075,0.744,-1.581) u=(0.111,-0.105) s=0.055 PSDFmin=-0.001574 G=OK(+0.02089) MF=OK(active=17/20,min=+0.2,slack=+2.68e-17)
[RMPCC 0005] OK solve=142.0ms pose=(0.075,0.733,-1.591) u=(0.147,0.121) s=0.056 PSDFmin=+0.002989 G=OK(+0.02291) MF=OK(active=16/20,min=+2.811e-13,slack=+1.37e-15)
[RMPCC 0006] OK solve=264.5ms pose=(0.075,0.718,-1.579) u=(0.149,0.897) s=0.071 PSDFmin=-0.002143 G=OK(+0.004852) MF=OK(active=20/20,min=+2.336e-14,slack=+2.743e-16)
[RMPCC 0007] OK solve=405.5ms pose=(0.075,0.703,-1.489) u=(0.108,0.524) s=0.088 PSDFmin=+0.003622 G=OK(+0.00572) MF=OK(active=14/20,min=+1.767e-10,slack=+2.239e-13)
[RMPCC 0008] OK solve=413.2ms pose=(0.076,0.693,-1.437) u=(0.081,0.319) s=0.089 PSDFmin=+0.009968 G=OK(+0.01241) MF=OK(active=19/20,min=+3.365e-15,slack=+3.435e-17)
[RMPCC 0009] OK solve=385.6ms pose=(0.077,0.684,-1.405) u=(0.132,0.556) s=0.105 PSDFmin=-0.003795 G=OK(+0.002313) MF=OK(active=18/20,min=+5.244e-13,slack=+1.5e-15)
[RMPCC 0010] OK solve=408.0ms pose=(0.079,0.671,-1.349) u=(0.081,0.560) s=0.123 PSDFmin=+0.005227 G=OK(+1.632e-14) MF=OK(active=14/20,min=+4.818e-14,slack=+2.14e-16)
[RMPCC 0011] OK solve=398.0ms pose=(0.081,0.664,-1.293) u=(0.041,0.279) s=0.126 PSDFmin=-0.000522 G=OK(+4.156e-10) MF=OK(active=18/20,min=-1.493e-12,slack=+0.04972)
[RMPCC 0012] OK solve=390.6ms pose=(0.082,0.660,-1.265) u=(0.031,0.129) s=0.127 PSDFmin=-0.02161 G=OK(+2.286e-14) MF=OK(active=15/20,min=+7.849e-13,slack=+3.278e-15)
[RMPCC 0013] OK solve=391.2ms pose=(0.083,0.657,-1.253) u=(0.148,-0.163) s=0.127 PSDFmin=+0.002041 G=OK(+0.001288) MF=OK(active=17/20,min=+5.863e-11,slack=+1.541e-13)
[RMPCC 0014] OK solve=399.0ms pose=(0.087,0.643,-1.269) u=(0.074,-0.472) s=0.143 PSDFmin=+0.004777 G=OK(+0.002197) MF=OK(active=16/20,min=+9.568e-15,slack=+2.056e-17)
[RMPCC 0015] OK solve=409.9ms pose=(0.090,0.636,-1.316) u=(0.197,-0.713) s=0.164 PSDFmin=-0.01653 G=OK(+0.006117) MF=OK(active=19/20,min=+3.83e-12,slack=+1.266e-14)
[RMPCC 0016] OK solve=278.5ms pose=(0.095,0.616,-1.387) u=(0.099,-0.899) s=0.186 PSDFmin=+0.006242 G=OK(+0.005214) MF=OK(active=16/20,min=+2.355e-11,slack=+1.464e-13)
[RMPCC 0017] OK solve=258.8ms pose=(0.096,0.607,-1.477) u=(0.059,-0.432) s=0.200 PSDFmin=-0.005353 G=OK(+0.005537) MF=OK(active=20/20,min=+3.273e-13,slack=+4.47e-16)
[RMPCC 0018] OK solve=444.7ms pose=(0.097,0.601,-1.520) u=(0.055,-0.160) s=0.212 PSDFmin=+0.006359 G=OK(+0.00612) MF=OK(active=17/20,min=+5.84e-11,slack=+7.104e-14)
[RMPCC 0019] OK solve=388.4ms pose=(0.097,0.595,-1.536) u=(0.051,0.052) s=0.215 PSDFmin=-0.009994 G=OK(+0.006918) MF=OK(active=18/20,min=+4.334e-12,slack=+5.676e-15)
[RMPCC 0020] OK solve=400.2ms pose=(0.097,0.590,-1.531) u=(0.026,1.200) s=0.216 PSDFmin=+0.007252 G=OK(+0.00667) MF=OK(active=15/20,min=+4.167e-11,slack=+2.6e-14)
[RMPCC 0021] OK solve=398.2ms pose=(0.097,0.588,-1.411) u=(0.102,1.111) s=0.219 PSDFmin=-0.006417 G=OK(+0.00764) MF=OK(active=18/20,min=+1.425e-10,slack=+1.021e-12)
[RMPCC 0022] OK solve=404.6ms pose=(0.099,0.578,-1.300) u=(0.068,1.200) s=0.231 PSDFmin=+0.005666 G=OK(+0.009565) MF=OK(active=16/20,min=+1.002e-09,slack=+1.092e-12)
[RMPCC 0023] OK solve=272.0ms pose=(0.101,0.571,-1.180) u=(0.035,1.040) s=0.238 PSDFmin=-0.006796 G=OK(+0.01107) MF=OK(active=19/20,min=+2.178e-11,slack=+1.648e-14)
[RMPCC 0024] OK solve=259.2ms pose=(0.102,0.568,-1.076) u=(0.022,1.200) s=0.238 PSDFmin=-0.008386 G=OK(+0.01182) MF=OK(active=11/20,min=+5.373e-15,slack=+3.895e-16)
[RMPCC 0025] OK solve=409.5ms pose=(0.103,0.566,-0.956) u=(0.089,1.200) s=0.239 PSDFmin=+6.546e-05 G=OK(+3.385e-12) MF=OK(active=6/20,min=+1.312e-11,slack=+4.584e-14)
[RMPCC 0026] OK solve=390.8ms pose=(0.108,0.559,-0.836) u=(0.098,1.075) s=0.251 PSDFmin=+0.0006617 G=OK(+0.01234) MF=OK(active=17/20,min=+9.423e-08,slack=+5.803e-11)
[RMPCC 0027] OK solve=453.1ms pose=(0.115,0.551,-0.728) u=(0.173,1.200) s=0.265 PSDFmin=+0.001147 G=OK(+0) MF=OK(active=18/20,min=+5.743e-17,slack=+0.1391)
[RMPCC 0028] OK solve=290.6ms pose=(0.128,0.540,-0.608) u=(0.124,1.200) s=0.271 PSDFmin=+0.002737 G=OK(+3.796e-12) MF=OK(active=14/20,min=-9.758e-13,slack=+4.746e-13)
[RMPCC 0029] OK solve=140.3ms pose=(0.138,0.533,-0.488) u=(0.114,1.200) s=0.282 PSDFmin=+0.00902 G=OK(+0.007495) MF=OK(active=20/20,min=+9.831e-13,slack=+2.633e-15)
[RMPCC 0030] OK solve=130.6ms pose=(0.148,0.527,-0.368) u=(0.100,0.589) s=0.296 PSDFmin=-0.0004807 G=OK(+0.00697) MF=OK(active=20/20,min=+1.969e-10,slack=+5.054e-13)
[RMPCC 0031] OK solve=140.7ms pose=(0.157,0.524,-0.310) u=(0.139,1.200) s=0.304 PSDFmin=+0.0007303 G=OK(+0.01047) MF=OK(active=18/20,min=+2.566e-12,slack=+2.361e-15)
[RMPCC 0032] OK solve=134.5ms pose=(0.171,0.520,-0.190) u=(0.134,0.790) s=0.314 PSDFmin=+0.01455 G=OK(+0.01337) MF=OK(active=19/20,min=+1.779e-14,slack=+4.081e-17)
[RMPCC 0033] OK solve=142.1ms pose=(0.184,0.517,-0.111) u=(0.157,0.326) s=0.330 PSDFmin=+0.001123 G=OK(+6.439e-15) MF=OK(active=20/20,min=+3.326e-14,slack=+1.316e-15)
[RMPCC 0034] OK solve=140.9ms pose=(0.199,0.515,-0.078) u=(0.137,1.072) s=0.344 PSDFmin=+0.01103 G=OK(+0.008743) MF=OK(active=20/20,min=+6.534e-08,slack=+8.781e-11)
[RMPCC 0035] OK solve=133.0ms pose=(0.213,0.514,0.029) u=(0.155,0.489) s=0.351 PSDFmin=+0.01313 G=OK(+0.01179) MF=OK(active=20/20,min=+3.619e-11,slack=+7.062e-12)
[RMPCC 0036] OK solve=130.7ms pose=(0.229,0.515,0.078) u=(0.124,0.179) s=0.366 PSDFmin=+0.01374 G=OK(+0.01273) MF=OK(active=20/20,min=+3.134e-15,slack=+2.551e-17)
[RMPCC 0037] OK solve=137.5ms pose=(0.241,0.516,0.096) u=(0.128,0.325) s=0.378 PSDFmin=+0.01261 G=OK(+0.01144) MF=OK(active=20/20,min=+9.316e-12,slack=+1.73e-14)
[RMPCC 0038] OK solve=140.9ms pose=(0.254,0.517,0.129) u=(0.126,0.281) s=0.391 PSDFmin=+0.01253 G=OK(+0.01151) MF=OK(active=20/20,min=-1.154e-12,slack=+9.434e-14)
[RMPCC 0039] OK solve=134.9ms pose=(0.266,0.519,0.157) u=(0.117,0.366) s=0.404 PSDFmin=+0.01199 G=OK(+0.01095) MF=OK(active=20/20,min=+1.069e-14,slack=+3.51e-17)
[RMPCC 0040] OK solve=136.0ms pose=(0.278,0.520,0.193) u=(0.114,0.357) s=0.415 PSDFmin=+0.01187 G=OK(+0.01076) MF=OK(active=20/20,min=+1.338e-14,slack=+7.499e-17)
[RMPCC 0041] OK solve=147.2ms pose=(0.289,0.523,0.229) u=(0.109,0.415) s=0.426 PSDFmin=+0.01157 G=OK(+0.009964) MF=OK(active=20/20,min=+7.322e-13,slack=+1.5e-15)
[RMPCC 0042] OK solve=139.4ms pose=(0.300,0.525,0.270) u=(0.106,0.425) s=0.437 PSDFmin=+0.005663 G=OK(+0.004306) MF=OK(active=20/20,min=+1.777e-14,slack=+2.203e-17)
[RMPCC 0043] OK solve=129.9ms pose=(0.310,0.528,0.313) u=(0.107,0.266) s=0.447 PSDFmin=+0.01386 G=OK(+0.002911) MF=OK(active=20/20,min=+5.872e-11,slack=+4.588e-14)
[RMPCC 0044] OK solve=123.5ms pose=(0.320,0.531,0.339) u=(0.100,0.059) s=0.456 PSDFmin=+0.01675 G=OK(+0.01575) MF=OK(active=20/20,min=+2.83e-12,slack=+3.855e-15)
[RMPCC 0045] OK solve=136.3ms pose=(0.330,0.534,0.345) u=(0.094,0.214) s=0.463 PSDFmin=+0.01883 G=OK(+0.01782) MF=OK(active=20/20,min=+6.259e-15,slack=+4.235e-17)
[RMPCC 0046] OK solve=184.2ms pose=(0.338,0.538,0.367) u=(0.078,0.037) s=0.473 PSDFmin=+0.01828 G=OK(+0.017) MF=OK(active=20/20,min=+6.434e-13,slack=+1.678e-15)
[RMPCC 0047] OK solve=142.1ms pose=(0.346,0.540,0.370) u=(0.101,0.215) s=0.482 PSDFmin=+0.006725 G=OK(+0.01623) MF=OK(active=20/20,min=+2.181e-13,slack=+3.225e-16)
[RMPCC 0048] OK solve=138.2ms pose=(0.355,0.544,0.392) u=(0.099,0.200) s=0.491 PSDFmin=+0.0137 G=OK(+0.01259) MF=OK(active=20/20,min=+7.227e-12,slack=+9.259e-15)
[RMPCC 0049] OK solve=130.0ms pose=(0.364,0.548,0.412) u=(0.101,0.073) s=0.501 PSDFmin=+0.002311 G=OK(+0.01769) MF=OK(active=20/20,min=+3.788e-14,slack=+5.951e-16)
[RMPCC 0050] OK solve=132.4ms pose=(0.374,0.552,0.419) u=(0.100,0.345) s=0.512 PSDFmin=+0.0128 G=OK(+0.01148) MF=OK(active=20/20,min=-1.401e-14,slack=+5.287e-14)
[RMPCC 0051] OK solve=141.1ms pose=(0.383,0.556,0.454) u=(0.113,0.093) s=0.521 PSDFmin=+0.001367 G=OK(+0.0116) MF=OK(active=20/20,min=+3.34e-13,slack=+5.164e-16)
[RMPCC 0052] OK solve=136.2ms pose=(0.393,0.561,0.463) u=(0.111,0.249) s=0.532 PSDFmin=+0.01082 G=OK(+0.01008) MF=OK(active=20/20,min=+4.546e-15,slack=+1.058e-16)
[RMPCC 0053] OK solve=136.5ms pose=(0.403,0.566,0.488) u=(0.125,0.002) s=0.544 PSDFmin=+0.0029 G=OK(+0.00961) MF=OK(active=20/20,min=+3.183e-09,slack=+9.721e-12)
[RMPCC 0054] OK solve=130.4ms pose=(0.414,0.572,0.488) u=(0.132,0.226) s=0.561 PSDFmin=+0.01615 G=OK(+0.01366) MF=OK(active=20/20,min=+4.917e-12,slack=+1.143e-14)
[RMPCC 0055] OK solve=134.8ms pose=(0.425,0.578,0.511) u=(0.128,-0.018) s=0.568 PSDFmin=+0.008083 G=OK(+0.007682) MF=OK(active=20/20,min=+6.6e-10,slack=+6.321e-13)
[RMPCC 0056] OK solve=140.3ms pose=(0.437,0.584,0.509) u=(0.134,0.046) s=0.581 PSDFmin=+0.008077 G=OK(+0.01033) MF=OK(active=20/20,min=+4.042e-13,slack=+1.81e-15)
[RMPCC 0057] OK solve=136.8ms pose=(0.448,0.591,0.514) u=(0.151,-0.308) s=0.600 PSDFmin=+0.008654 G=OK(+0.004446) MF=OK(active=20/20,min=+1.478e-16,slack=+1.478e-16)
[RMPCC 0058] OK solve=136.7ms pose=(0.461,0.598,0.483) u=(0.146,-0.051) s=0.609 PSDFmin=+0.001272 G=OK(+0.008344) MF=OK(active=20/20,min=+6.919e-13,slack=+9.417e-16)
[RMPCC 0059] OK solve=144.0ms pose=(0.474,0.605,0.478) u=(0.154,-0.245) s=0.623 PSDFmin=+0.00728 G=OK(+0.006876) MF=OK(active=20/20,min=+3.554e-14,slack=+8.659e-17)
[RMPCC 0060] OK solve=132.1ms pose=(0.488,0.612,0.453) u=(0.171,0.026) s=0.644 PSDFmin=-0.02285 G=OK(+0.006105) MF=OK(active=20/20,min=+5.558e-13,slack=+1.704e-15)
[RMPCC 0061] OK solve=138.2ms pose=(0.503,0.619,0.456) u=(0.143,-0.240) s=0.655 PSDFmin=-0.003251 G=OK(+3.206e-12) MF=OK(active=9/20,min=+1.274e-09,slack=+6.788e-13)
[RMPCC 0062] OK solve=134.4ms pose=(0.516,0.626,0.432) u=(0.148,-0.218) s=0.670 PSDFmin=-0.0119 G=OK(+0.008914) MF=OK(active=14/20,min=+4.266e-14,slack=+2.792e-17)
[RMPCC 0063] OK solve=283.0ms pose=(0.530,0.632,0.410) u=(0.250,0.131) s=0.693 PSDFmin=-0.00315 G=OK(+3.331e-16) MF=OK(active=19/20,min=+9.124e-16,slack=+2.422e-17)
[RMPCC 0064] OK solve=272.1ms pose=(0.553,0.642,0.423) u=(0.177,-0.267) s=0.709 PSDFmin=-0.02088 G=OK(+0.0002058) MF=OK(active=16/20,min=+3.553e-14,slack=+2.185e-17)
[RMPCC 0065] OK solve=130.9ms pose=(0.569,0.649,0.396) u=(0.109,-0.818) s=0.727 PSDFmin=-0.02544 G=OK(+9.946e-10) MF=OK(active=6/20,min=+0.1559,slack=+9.58e-12)
[RMPCC 0066] OK solve=137.6ms pose=(0.579,0.653,0.315) u=(0.151,-0.361) s=0.738 PSDFmin=-0.002832 G=OK(+6.09e-11) MF=OK(active=18/20,min=+1.914e-09,slack=+4.14e-12)
[RMPCC 0067] OK solve=145.1ms pose=(0.593,0.658,0.278) u=(0.111,-1.127) s=0.754 PSDFmin=-0.0201 G=OK(+0.001829) MF=OK(active=15/20,min=+1.212e-09,slack=+2.991e-13)
[RMPCC 0068] OK solve=132.1ms pose=(0.604,0.661,0.166) u=(0.127,-0.535) s=0.764 PSDFmin=-0.008437 G=OK(+6.863e-13) MF=OK(active=6/20,min=+0.07515,slack=+1.093e-14)
[RMPCC 0069] OK solve=144.8ms pose=(0.616,0.663,0.112) u=(0.152,-0.197) s=0.776 PSDFmin=-0.001289 G=OK(+4.458e-13) MF=OK(active=15/20,min=+3.732e-12,slack=+8.272e-15)
[RMPCC 0070] OK solve=147.0ms pose=(0.632,0.665,0.093) u=(0.142,-0.666) s=0.791 PSDFmin=-0.003749 G=OK(+2.22e-16) MF=OK(active=17/20,min=+2.465e-15,slack=+2.304e-17)
[RMPCC 0071] OK solve=258.9ms pose=(0.646,0.666,0.026) u=(0.133,-0.274) s=0.805 PSDFmin=-0.02431 G=OK(+0.01031) MF=OK(active=12/20,min=+9.732e-14,slack=+3.937e-16)
[RMPCC 0072] OK solve=258.9ms pose=(0.659,0.667,-0.001) u=(0.136,0.018) s=0.815 PSDFmin=-0.001245 G=OK(+1.85e-13) MF=OK(active=12/20,min=+4.136e-11,slack=+7.056e-14)
[RMPCC 0073] OK solve=265.2ms pose=(0.673,0.667,0.000) u=(0.174,0.713) s=0.828 PSDFmin=-0.01394 G=OK(+0.008236) MF=OK(active=18/20,min=-4.176e-16,slack=+2.752e-17)
[RMPCC 0074] OK solve=274.2ms pose=(0.690,0.667,0.072) u=(0.097,0.428) s=0.846 PSDFmin=-0.0322 G=OK(+0.01308) MF=OK(active=13/20,min=+1.08e-11,slack=+1.396e-14)
[RMPCC 0075] OK solve=134.2ms pose=(0.700,0.667,0.115) u=(0.092,0.151) s=0.855 PSDFmin=+0.0008107 G=OK(+5.551e-16) MF=OK(active=12/20,min=+4.617e-13,slack=+1.055e-14)
[RMPCC 0076] OK solve=121.3ms pose=(0.709,0.668,0.130) u=(0.103,-0.165) s=0.864 PSDFmin=-0.004188 G=OK(+0.009045) MF=OK(active=17/20,min=+5.355e-15,slack=+2.579e-17)
[RMPCC 0077] OK solve=136.5ms pose=(0.719,0.670,0.113) u=(0.052,-1.104) s=0.875 PSDFmin=-0.01745 G=OK(+0.01292) MF=OK(active=18/20,min=+4.805e-14,slack=+9.076e-17)
[RMPCC 0078] OK solve=130.0ms pose=(0.724,0.670,0.003) u=(0.063,-1.200) s=0.880 PSDFmin=+0.002882 G=OK(+3.005e-13) MF=OK(active=10/20,min=+0.04283,slack=+3.863e-14)
[RMPCC 0079] OK solve=137.3ms pose=(0.730,0.670,-0.117) u=(0.092,-0.745) s=0.884 PSDFmin=-0.007164 G=OK(+0.003972) MF=OK(active=20/20,min=+8.871e-12,slack=+1.01e-13)
[RMPCC 0080] OK solve=149.1ms pose=(0.740,0.669,-0.192) u=(0.049,-0.401) s=0.895 PSDFmin=-0.01864 G=OK(+0.01796) MF=OK(active=12/20,min=+8.555e-09,slack=+5.531e-13)
[RMPCC 0081] OK solve=143.4ms pose=(0.744,0.668,-0.232) u=(0.099,-0.496) s=0.900 PSDFmin=-0.006397 G=OK(+1.715e-09) MF=OK(active=11/20,min=+1.489e-11,slack=+2.514e-14)
[RMPCC 0082] OK solve=273.8ms pose=(0.754,0.666,-0.281) u=(0.050,-0.941) s=0.910 PSDFmin=+0.00359 G=OK(+1.104e-11) MF=OK(active=18/20,min=+1.214e-11,slack=+1.016e-13)
[RMPCC 0083] OK solve=410.5ms pose=(0.759,0.665,-0.376) u=(0.072,-0.841) s=0.914 PSDFmin=+0.001678 G=OK(+0.005449) MF=OK(active=19/20,min=+2.72e-15,slack=+5.55e-17)
[RMPCC 0084] OK solve=270.3ms pose=(0.765,0.662,-0.460) u=(0.050,-0.407) s=0.918 PSDFmin=-0.01584 G=OK(+0.009333) MF=OK(active=15/20,min=+1.645e-11,slack=+2.417e-14)
[RMPCC 0085] OK solve=281.5ms pose=(0.770,0.660,-0.500) u=(0.077,-0.568) s=0.924 PSDFmin=+0.007001 G=OK(+2.198e-14) MF=OK(active=17/20,min=+3.249e-13,slack=+6.809e-16)
[RMPCC 0086] OK solve=427.1ms pose=(0.777,0.656,-0.557) u=(0.038,-1.200) s=0.931 PSDFmin=-0.02429 G=OK(+1.495e-13) MF=OK(active=17/20,min=+6.769e-14,slack=+1.855e-16)
[RMPCC 0087] OK solve=394.6ms pose=(0.780,0.654,-0.677) u=(0.122,-0.584) s=0.937 PSDFmin=-0.008921 G=OK(+0.01005) MF=OK(active=11/20,min=+1.331e-12,slack=+2.423e-16)
[RMPCC 0088] OK solve=262.5ms pose=(0.789,0.646,-0.736) u=(0.063,-0.287) s=0.947 PSDFmin=-0.007312 G=OK(+0.0003858) MF=OK(active=9/20,min=+1.531e-12,slack=+4.116e-15)
[RMPCC 0089] OK solve=251.5ms pose=(0.794,0.642,-0.764) u=(0.032,-0.142) s=0.953 PSDFmin=+0.004599 G=OK(+0.00343) MF=OK(active=18/20,min=+4.385e-09,slack=+7.25e-12)
[RMPCC 0090] OK solve=273.6ms pose=(0.796,0.640,-0.779) u=(0.115,-0.528) s=0.956 PSDFmin=-0.00574 G=OK(+0.002962) MF=OK(active=19/20,min=+5.02e-13,slack=+1.064e-15)
[RMPCC 0091] OK solve=146.5ms pose=(0.805,0.632,-0.831) u=(0.061,-0.258) s=0.968 PSDFmin=+0.003539 G=OK(+0.003449) MF=OK(active=18/20,min=+8.291e-13,slack=+1.304e-15)
[RMPCC 0092] OK solve=150.0ms pose=(0.809,0.627,-0.857) u=(0.106,-0.483) s=0.974 PSDFmin=-0.01217 G=OK(+0.001675) MF=OK(active=20/20,min=+5.174e-12,slack=+1.515e-14)
[RMPCC 0093] OK solve=134.3ms pose=(0.816,0.619,-0.905) u=(0.058,-0.460) s=0.984 PSDFmin=-0.008011 G=OK(+0.001791) MF=OK(active=12/20,min=+1.17e-12,slack=+2.224e-13)
[RMPCC 0094] OK solve=142.0ms pose=(0.819,0.615,-0.951) u=(0.120,-0.176) s=0.995 PSDFmin=-0.02467 G=OK(+0.009039) MF=OK(active=8/20,min=+7.005e-12,slack=+6.775e-14)
[RMPCC 0095] OK solve=273.9ms pose=(0.826,0.605,-0.969) u=(0.060,-0.088) s=1.001 PSDFmin=-0.004986 G=OK(+0.003035) MF=OK(active=7/20,min=+1.605e-12,slack=+2.123e-15)
[RMPCC 0096] OK solve=271.6ms pose=(0.830,0.600,-0.978) u=(0.132,0.187) s=1.012 PSDFmin=+0.001729 G=OK(+1.856e-12) MF=OK(active=5/20,min=+6.265e-10,slack=+4.958e-13)
[RMPCC 0097] OK solve=140.5ms pose=(0.837,0.589,-0.959) u=(0.203,1.200) s=1.019 PSDFmin=-0.02988 G=OK(+0.007344) MF=OK(active=20/20,min=-7.104e-15,slack=+1.025e-17)
[RMPCC 0098] OK solve=259.6ms pose=(0.849,0.573,-0.839) u=(0.102,1.200) s=1.038 PSDFmin=+0.004451 G=OK(+0.00742) MF=OK(active=5/20,min=+0.2019,slack=+2.803e-15)
[RMPCC 0099] OK solve=257.1ms pose=(0.855,0.565,-0.719) u=(0.228,0.534) s=1.049 PSDFmin=-0.0253 G=OK(+0.008111) MF=OK(active=17/20,min=+9.68e-11,slack=+1.845e-12)
[RMPCC 0100] OK solve=270.0ms pose=(0.873,0.550,-0.666) u=(0.114,1.171) s=1.071 PSDFmin=+0.0123 G=OK(+0.01035) MF=OK(active=4/20,min=+0.2205,slack=+3.847e-14)
[RMPCC 0101] OK solve=267.5ms pose=(0.882,0.543,-0.549) u=(0.062,0.745) s=1.083 PSDFmin=-0.01704 G=OK(+0.01326) MF=OK(active=19/20,min=+6.458e-12,slack=+6.179e-14)
[RMPCC 0102] OK solve=137.4ms pose=(0.887,0.540,-0.474) u=(0.084,0.904) s=1.089 PSDFmin=+0.009453 G=OK(+0.01475) MF=OK(active=7/20,min=+0.2,slack=+1.81e-13)
[RMPCC 0103] OK solve=127.5ms pose=(0.894,0.536,-0.384) u=(0.084,1.200) s=1.097 PSDFmin=+0.0004051 G=OK(+0.01737) MF=OK(active=20/20,min=+1.771e-11,slack=+1.717e-13)
[RMPCC 0104] OK solve=131.2ms pose=(0.902,0.533,-0.264) u=(0.048,0.666) s=1.105 PSDFmin=+0.0007527 G=OK(+0.007013) MF=OK(active=18/20,min=+5.348e-12,slack=+1.981e-14)
[RMPCC 0105] OK solve=256.0ms pose=(0.907,0.531,-0.197) u=(0.194,0.220) s=1.110 PSDFmin=+0.008686 G=OK(+0.01525) MF=OK(active=19/20,min=+4.143e-13,slack=+2.223e-15)
[RMPCC 0106] OK solve=413.5ms pose=(0.926,0.528,-0.175) u=(0.097,0.209) s=1.125 PSDFmin=+0.002121 G=OK(+0.01595) MF=OK(active=19/20,min=+2.225e-14,slack=+4.306e-17)
[RMPCC 0107] OK solve=380.9ms pose=(0.935,0.526,-0.154) u=(0.080,0.946) s=1.128 PSDFmin=-0.009066 G=OK(+0.01406) MF=OK(active=18/20,min=+1.518e-07,slack=+1.15e-10)
[RMPCC 0108] OK solve=252.8ms pose=(0.943,0.525,-0.060) u=(0.078,0.605) s=1.138 PSDFmin=-0.02415 G=OK(+0.00291) MF=OK(active=3/20,min=+0.1483,slack=+5.293e-12)
[RMPCC 0109] OK solve=267.3ms pose=(0.951,0.524,0.001) u=(0.131,1.200) s=1.144 PSDFmin=+0.0009706 G=OK(+4.441e-16) MF=OK(active=17/20,min=+9.202e-16,slack=+3.201e-17)
[RMPCC 0110] OK solve=276.8ms pose=(0.964,0.524,0.121) u=(0.091,0.577) s=1.157 PSDFmin=+0.004823 G=OK(+0.005415) MF=OK(active=18/20,min=+3.687e-10,slack=+2.857e-12)
[RMPCC 0111] OK solve=146.6ms pose=(0.973,0.525,0.179) u=(0.046,0.287) s=1.167 PSDFmin=-0.03958 G=OK(+0.01044) MF=OK(active=20/20,min=+2.464e-10,slack=+2.077e-13)
[RMPCC 0112] OK solve=139.9ms pose=(0.978,0.526,0.207) u=(0.078,0.163) s=1.171 PSDFmin=-0.008196 G=OK(+2.376e-14) MF=OK(active=17/20,min=+8.901e-13,slack=+1.037e-15)
[RMPCC 0113] OK solve=140.0ms pose=(0.985,0.528,0.224) u=(0.061,-0.001) s=1.178 PSDFmin=-0.01982 G=OK(+0.007217) MF=OK(active=11/20,min=+1.894e-09,slack=+1.265e-12)
[RMPCC 0114] OK solve=136.7ms pose=(0.991,0.529,0.224) u=(0.096,-0.381) s=1.184 PSDFmin=-0.0004178 G=OK(+1.391e-12) MF=OK(active=14/20,min=+3.713e-10,slack=+9.248e-13)
[RMPCC 0115] OK solve=255.2ms pose=(1.001,0.531,0.185) u=(0.048,-0.191) s=1.194 PSDFmin=+0.0001837 G=OK(+6.25e-10) MF=OK(active=17/20,min=+1.842e-09,slack=+1.681e-12)
[RMPCC 0116] OK solve=393.4ms pose=(1.005,0.532,0.166) u=(0.155,-0.136) s=1.198 PSDFmin=+0.002033 G=OK(+0.004072) MF=OK(active=17/20,min=+3.316e-11,slack=+1.026e-13)
[RMPCC 0117] OK solve=400.6ms pose=(1.021,0.535,0.153) u=(0.077,-0.068) s=1.214 PSDFmin=-0.002733 G=OK(+0.008328) MF=OK(active=18/20,min=+2.857e-07,slack=+3.175e-10)
[RMPCC 0118] OK solve=410.6ms pose=(1.028,0.536,0.146) u=(0.125,0.751) s=1.221 PSDFmin=+0.005462 G=OK(+0.001755) MF=OK(active=16/20,min=+7.573e-08,slack=+1.256e-10)
[RMPCC 0119] OK solve=397.9ms pose=(1.041,0.538,0.221) u=(0.064,0.537) s=1.234 PSDFmin=-0.004342 G=OK(+0.006485) MF=OK(active=18/20,min=+4.841e-09,slack=+1.469e-11)
[RMPCC 0120] OK solve=401.5ms pose=(1.047,0.539,0.275) u=(0.069,0.995) s=1.240 PSDFmin=-0.003287 G=OK(+0.005265) MF=OK(active=16/20,min=+5.876e-14,slack=+1.913e-15)
[RMPCC 0121] OK solve=388.9ms pose=(1.054,0.541,0.374) u=(0.038,0.496) s=1.247 PSDFmin=+0.005131 G=OK(+0.002084) MF=OK(active=18/20,min=+2.391e-13,slack=+1.041e-15)
[RMPCC 0122] OK solve=393.3ms pose=(1.057,0.542,0.424) u=(0.097,0.703) s=1.250 PSDFmin=+0.007558 G=OK(+0.00607) MF=OK(active=18/20,min=+3.787e-12,slack=+2.256e-14)
[RMPCC 0123] OK solve=441.1ms pose=(1.066,0.546,0.494) u=(0.071,0.325) s=1.259 PSDFmin=-0.01535 G=OK(+0.001014) MF=OK(active=18/20,min=+9.982e-11,slack=+1.016e-13)
[RMPCC 0124] OK solve=408.5ms pose=(1.072,0.550,0.527) u=(0.077,0.997) s=1.268 PSDFmin=+0.002718 G=OK(+0.007438) MF=OK(active=16/20,min=+1.251e-09,slack=+1.888e-12)
[RMPCC 0125] OK solve=393.2ms pose=(1.079,0.554,0.626) u=(0.042,0.497) s=1.276 PSDFmin=-0.01343 G=OK(+0.008306) MF=OK(active=18/20,min=+5.208e-13,slack=+3.895e-14)
[RMPCC 0126] OK solve=281.5ms pose=(1.082,0.556,0.676) u=(0.117,0.187) s=1.280 PSDFmin=+0.0019 G=OK(+0.0008176) MF=OK(active=12/20,min=+4.164e-09,slack=+7.751e-12)
[RMPCC 0127] OK solve=272.3ms pose=(1.091,0.563,0.695) u=(0.058,1.200) s=1.292 PSDFmin=-0.02982 G=OK(+2.16e-12) MF=OK(active=20/20,min=-8.146e-15,slack=+0.4424)
[RMPCC 0128] OK solve=406.3ms pose=(1.096,0.567,0.815) u=(0.127,0.570) s=1.298 PSDFmin=+0.006814 G=OK(+0.005393) MF=OK(active=6/20,min=+3.391e-09,slack=+1.932e-12)
[RMPCC 0129] OK solve=385.7ms pose=(1.105,0.576,0.872) u=(0.071,0.275) s=1.310 PSDFmin=-0.0008645 G=OK(+1.506e-11) MF=OK(active=19/20,min=+8.09e-11,slack=+4.75e-13)
[RMPCC 0130] OK solve=387.0ms pose=(1.109,0.582,0.899) u=(0.049,0.120) s=1.317 PSDFmin=-0.003258 G=OK(+0.002133) MF=OK(active=13/20,min=+1.58e-13,slack=+1.632e-15)
[RMPCC 0131] OK solve=263.7ms pose=(1.112,0.586,0.911) u=(0.066,-0.022) s=1.322 PSDFmin=-0.01584 G=OK(+0.005639) MF=OK(active=15/20,min=+3.704e-11,slack=+5.271e-14)
[RMPCC 0132] OK solve=132.7ms pose=(1.116,0.591,0.909) u=(0.052,-0.730) s=1.328 PSDFmin=+0.007519 G=OK(+0.005928) MF=OK(active=11/20,min=+3.631e-14,slack=+7.945e-16)
[RMPCC 0133] OK solve=265.5ms pose=(1.119,0.595,0.836) u=(0.042,-0.724) s=1.333 PSDFmin=-0.02055 G=OK(+1.11e-16) MF=OK(active=20/20,min=+1.012e-17,slack=+1.022e-17)
[RMPCC 0134] OK solve=400.8ms pose=(1.122,0.598,0.763) u=(0.081,-0.886) s=1.337 PSDFmin=-0.008905 G=OK(+0.001183) MF=OK(active=4/20,min=+6.218e-13,slack=+9.675e-16)
[RMPCC 0135] OK solve=263.6ms pose=(1.128,0.604,0.675) u=(0.501,-0.306) s=1.345 PSDFmin=-0.01512 G=OK(+0) MF=OK(active=11/20,min=-1.091e-14,slack=+1.956)
[RMPCC 0136] OK solve=287.2ms pose=(1.167,0.635,0.644) u=(0.252,-0.141) s=1.395 PSDFmin=+0.001043 G=OK(-1.11e-16) MF=OK(active=3/20,min=+1.998e-15,slack=+1.356)
[RMPCC 0137] OK solve=405.8ms pose=(1.187,0.650,0.630) u=(0.234,-1.200) s=1.420 PSDFmin=-0.005777 G=OK(-1.11e-16) MF=OK(active=18/20,min=-6.806e-15,slack=+0.4338)
[RMPCC 0138] OK solve=401.6ms pose=(1.206,0.664,0.510) u=(0.117,-1.200) s=1.444 PSDFmin=+0.006609 G=OK(+0.01036) MF=OK(active=5/20,min=-2.663e-12,slack=+0.08301)
[RMPCC 0139] OK solve=405.8ms pose=(1.216,0.670,0.390) u=(0.274,-0.557) s=1.449 PSDFmin=-0.0002928 G=OK(+0.001166) MF=OK(active=18/20,min=+5.619e-12,slack=+1.325e-14)
[RMPCC 0140] OK solve=281.6ms pose=(1.242,0.680,0.334) u=(0.137,-1.200) s=1.475 PSDFmin=+0.006865 G=OK(+0.005398) MF=OK(active=13/20,min=+1.207e-14,slack=+0.04364)
[RMPCC 0141] OK solve=141.4ms pose=(1.255,0.684,0.214) u=(0.100,-0.574) s=1.489 PSDFmin=+0.006746 G=OK(+0.005675) MF=OK(active=20/20,min=+1.782e-12,slack=+1.584e-13)
[RMPCC 0142] OK solve=127.1ms pose=(1.264,0.687,0.157) u=(0.129,-0.362) s=1.504 PSDFmin=+0.008008 G=OK(+0.006972) MF=OK(active=20/20,min=+9.838e-12,slack=+7.154e-13)
[RMPCC 0143] OK solve=137.6ms pose=(1.277,0.689,0.121) u=(0.091,-0.673) s=1.511 PSDFmin=+0.008333 G=OK(+0.01066) MF=OK(active=20/20,min=+1.173e-13,slack=+1.088e-16)
[RMPCC 0144] OK solve=187.6ms pose=(1.286,0.690,0.053) u=(0.146,-0.261) s=1.521 PSDFmin=+0.001035 G=OK(+0.009591) MF=OK(active=20/20,min=+2.158e-17,slack=+2.192e-17)
[RMPCC 0145] OK solve=133.8ms pose=(1.301,0.690,0.027) u=(0.116,-0.278) s=1.535 PSDFmin=-0.008251 G=OK(+0.008908) MF=OK(active=20/20,min=+8.909e-09,slack=+1.764e-11)
[RMPCC 0146] OK solve=141.7ms pose=(1.312,0.691,-0.000) u=(0.122,-0.148) s=1.546 PSDFmin=-0.003152 G=OK(+1.225e-11) MF=OK(active=19/20,min=+2.019e-10,slack=+3.129e-13)
[RMPCC 0147] OK solve=123.5ms pose=(1.324,0.691,-0.015) u=(0.126,-0.249) s=1.558 PSDFmin=-0.02764 G=OK(+0.009343) MF=OK(active=16/20,min=+1.086e-11,slack=+3.152e-14)
[RMPCC 0148] OK solve=130.9ms pose=(1.337,0.691,-0.040) u=(0.129,-0.013) s=1.571 PSDFmin=+0.003687 G=OK(+3.24e-13) MF=OK(active=18/20,min=+4.839e-12,slack=+2.597e-14)
[RMPCC 0149] OK solve=127.2ms pose=(1.350,0.690,-0.041) u=(0.204,-0.171) s=1.584 PSDFmin=+0.01095 G=OK(+0.01062) MF=OK(active=20/20,min=+3.918e-14,slack=+9.827e-17)
[RMPCC 0150] OK solve=265.7ms pose=(1.370,0.689,-0.059) u=(0.158,-0.024) s=1.604 PSDFmin=-0.01196 G=OK(+0.009877) MF=OK(active=20/20,min=+9.985e-13,slack=+9.96e-15)
[RMPCC 0151] OK solve=281.2ms pose=(1.386,0.688,-0.061) u=(0.148,-0.011) s=1.616 PSDFmin=+0.001007 G=OK(+3.842e-13) MF=OK(active=13/20,min=+1.042e-11,slack=+1.513e-14)
[RMPCC 0152] OK solve=145.1ms pose=(1.401,0.687,-0.062) u=(0.149,-0.179) s=1.634 PSDFmin=+0.004063 G=OK(+0.006485) MF=OK(active=20/20,min=+1.001e-17,slack=+1.002e-17)
[RMPCC 0153] OK solve=133.7ms pose=(1.416,0.686,-0.080) u=(0.148,0.119) s=1.641 PSDFmin=-0.007537 G=OK(+7.8e-13) MF=OK(active=20/20,min=+1.251e-12,slack=+4.727e-15)
[RMPCC 0154] OK solve=137.5ms pose=(1.430,0.685,-0.068) u=(0.088,0.471) s=1.661 PSDFmin=-0.02006 G=OK(+0.01047) MF=OK(active=11/20,min=+6.756e-12,slack=+9.648e-15)
[RMPCC 0155] OK solve=144.3ms pose=(1.439,0.685,-0.021) u=(0.111,0.175) s=1.665 PSDFmin=-0.0009047 G=OK(+2.487e-14) MF=OK(active=13/20,min=+3.505e-13,slack=+5.871e-16)
[RMPCC 0156] OK solve=129.4ms pose=(1.450,0.684,-0.003) u=(0.097,0.092) s=1.683 PSDFmin=+0.005724 G=OK(+0.006282) MF=OK(active=16/20,min=+1.94e-17,slack=+1.948e-17)
[RMPCC 0157] OK solve=267.6ms pose=(1.460,0.684,0.006) u=(0.122,0.750) s=1.690 PSDFmin=+0.003345 G=OK(+0.002594) MF=OK(active=20/20,min=+1.752e-12,slack=+1.858e-14)
[RMPCC 0158] OK solve=278.9ms pose=(1.472,0.684,0.081) u=(0.073,0.577) s=1.704 PSDFmin=-0.0216 G=OK(+0.01128) MF=OK(active=19/20,min=+1.958e-14,slack=+3.913e-17)
[RMPCC 0159] OK solve=132.6ms pose=(1.479,0.685,0.138) u=(0.079,0.433) s=1.711 PSDFmin=+0.001331 G=OK(+3.39e-11) MF=OK(active=11/20,min=-5.858e-12,slack=+5.426e-13)
[RMPCC 0160] OK solve=136.7ms pose=(1.487,0.686,0.182) u=(0.051,0.201) s=1.718 PSDFmin=+0.003056 G=OK(+0.0008146) MF=OK(active=20/20,min=+6.711e-10,slack=+4.673e-12)
[RMPCC 0161] OK solve=258.1ms pose=(1.492,0.687,0.202) u=(0.102,0.476) s=1.720 PSDFmin=-0.0207 G=OK(+0.01238) MF=OK(active=20/20,min=+4.947e-12,slack=+1.378e-14)
[RMPCC 0162] OK solve=408.3ms pose=(1.502,0.689,0.249) u=(0.058,0.901) s=1.735 PSDFmin=+0.0004 G=OK(+1.11e-16) MF=OK(active=9/20,min=+1.632e-10,slack=+1.484e-15)
[RMPCC 0163] OK solve=271.1ms pose=(1.508,0.691,0.340) u=(0.050,0.438) s=1.740 PSDFmin=+0.006871 G=OK(+0.00825) MF=OK(active=15/20,min=+2.679e-10,slack=+1.004e-12)
[RMPCC 0164] OK solve=147.7ms pose=(1.512,0.692,0.383) u=(0.042,0.949) s=1.745 PSDFmin=-0.007932 G=OK(+0.006963) MF=OK(active=20/20,min=+5.346e-15,slack=+1.695e-17)
[RMPCC 0165] OK solve=136.8ms pose=(1.516,0.694,0.478) u=(0.092,0.444) s=1.749 PSDFmin=-0.01114 G=OK(+0.01062) MF=OK(active=16/20,min=+9.914e-10,slack=+6.578e-13)
[RMPCC 0166] OK solve=135.0ms pose=(1.525,0.698,0.523) u=(0.063,0.862) s=1.759 PSDFmin=-0.009931 G=OK(+9.193e-11) MF=OK(active=7/20,min=+8.764e-09,slack=+2.699e-12)
[RMPCC 0167] OK solve=146.1ms pose=(1.530,0.701,0.609) u=(0.031,0.683) s=1.765 PSDFmin=-0.01237 G=OK(+0.007421) MF=OK(active=18/20,min=+9.794e-11,slack=+4.193e-13)
[RMPCC 0168] OK solve=269.5ms pose=(1.533,0.703,0.677) u=(0.190,0.274) s=1.768 PSDFmin=-0.02087 G=OK(+0.004943) MF=OK(active=16/20,min=+5.368e-15,slack=+3.943e-17)
[RMPCC 0169] OK solve=397.8ms pose=(1.547,0.715,0.705) u=(0.159,-0.145) s=1.791 PSDFmin=+0.001004 G=OK(+2.22e-16) MF=OK(active=12/20,min=-1.849e-14,slack=+0.393)
Acados solver failed with status 4
Acados residuals [stat, eq, ineq, comp]: [196232.12824      0.01521      0.48215      5.95314]
Acados SQP iterations: 1
RMPCC-MF diagnostics captured before infeasibility recovery.
RMPCC-MF failed-iterate infeasibility candidates:
  - {'constraint': 'row_m_soft_after_slack', 'stages': array([ 1,  3,  4,  5,  6,  7,  8,  9, 12, 13, 18, 19, 20]), 'minimum_residual': -0.4821501888465}
  - {'constraint': 'dynamics_or_stage0_equality', 'maximum_residual': 0.015214631825711145}
RMPCC-MF inactive Row M stages are trivially feasible.
RMPCC-MF minimum box residuals [state | input]: 0.0 | 1.7119639039719914e-13
SQP_RTI solver failed with status 4. Starting infeasible recovery.
Backup solver is unavailable; falling back to safe stop.
Applied nominal_safe_controller safe-stop plan after infeasible RMPCC-MF solve.
[RMPCC 0170] SAFE_STOP solve=506.1ms pose=(1.559,0.725,0.690) u=(0.059,0.000) s=1.807 PSDFmin=-0.0005045 G=FAIL(-0.07976) MF=FAIL(active=19/20,min=n/a,slack=n/a)
Acados solver failed with status 4
Acados residuals [stat, eq, ineq, comp]: [100.        0.00455   0.0015    0.     ]
Acados SQP iterations: 1
RMPCC-MF diagnostics captured before infeasibility recovery.
RMPCC-MF failed-iterate infeasibility candidates:
  - {'constraint': 'row_g_hard_guard', 'stages': array([ 1,  2,  3,  4,  5,  6,  7,  8,  9, 10, 11, 12, 13, 14, 15, 16, 17,
       18, 19, 20]), 'minimum_residual': -0.0015045160651205869}
  - {'constraint': 'dynamics_or_stage0_equality', 'maximum_residual': 0.00455368876627249}
RMPCC-MF inactive Row M stages are trivially feasible.
RMPCC-MF minimum box residuals [state | input]: 3.9e-08 | 0.0
SQP_RTI solver failed with status 4. Starting infeasible recovery.
Backup solver is unavailable; falling back to safe stop.
Applied nominal_safe_controller safe-stop plan after infeasible RMPCC-MF solve.
[RMPCC 0171] SAFE_STOP solve=227.8ms pose=(1.564,0.729,0.690) u=(0.000,0.000) s=1.809 PSDFmin=-0.0005045 G=FAIL(-0.001505) MF=inactive(active=0/20)
[RMPCC 0172] OK solve=126.6ms pose=(1.564,0.729,0.690) u=(-0.012,0.449) s=1.809 PSDFmin=+0.001087 G=OK(+2.22e-16) MF=inactive(active=0/20)
[RMPCC 0173] OK solve=129.6ms pose=(1.563,0.728,0.735) u=(-0.005,0.286) s=1.808 PSDFmin=+0.001314 G=OK(+6.727e-12) MF=OK(active=20/20,min=+0.1943,slack=+2.221e-14)
[RMPCC 0174] OK solve=139.9ms pose=(1.563,0.728,0.764) u=(0.000,0.253) s=1.808 PSDFmin=+0.00249 G=OK(+0.001462) MF=OK(active=20/20,min=+5.812e-09,slack=+3.774e-13)
[RMPCC 0175] OK solve=139.4ms pose=(1.563,0.728,0.789) u=(0.038,0.551) s=1.808 PSDFmin=-0.0002851 G=OK(+1.683e-10) MF=OK(active=20/20,min=+3.064e-11,slack=+2.065e-12)
[RMPCC 0176] OK solve=137.7ms pose=(1.565,0.731,0.844) u=(0.040,0.339) s=1.811 PSDFmin=-0.001735 G=OK(+0.002229) MF=OK(active=19/20,min=+5.033e-13,slack=+1.305e-14)
[RMPCC 0177] OK solve=129.8ms pose=(1.568,0.734,0.878) u=(0.079,0.143) s=1.822 PSDFmin=+0.007143 G=OK(+0.005736) MF=OK(active=17/20,min=+3.008e-14,slack=+1.66e-15)
[RMPCC 0178] OK solve=138.8ms pose=(1.573,0.740,0.892) u=(0.080,0.121) s=1.824 PSDFmin=+0.002173 G=OK(+0.007182) MF=OK(active=20/20,min=+2.132e-14,slack=+4.154e-17)
[RMPCC 0179] OK solve=132.0ms pose=(1.578,0.746,0.904) u=(0.118,-0.075) s=1.839 PSDFmin=+0.001528 G=OK(+0.003071) MF=OK(active=20/20,min=+8.716e-14,slack=+1.193e-16)
[RMPCC 0180] OK solve=130.0ms pose=(1.585,0.755,0.897) u=(0.114,-0.224) s=1.842 PSDFmin=+0.005738 G=OK(+0.004778) MF=OK(active=20/20,min=+3.874e-13,slack=+1.916e-16)
[RMPCC 0181] OK solve=130.1ms pose=(1.593,0.764,0.874) u=(0.095,-0.043) s=1.857 PSDFmin=-0.04496 G=OK(+0.006924) MF=OK(active=20/20,min=+2.856e-18,slack=+2.679e-17)
[RMPCC 0182] OK solve=133.8ms pose=(1.599,0.771,0.870) u=(0.075,-0.778) s=1.862 PSDFmin=+0.003096 G=OK(+0.004265) MF=OK(active=16/20,min=+2.191e-11,slack=+1.089e-12)
[RMPCC 0183] OK solve=129.0ms pose=(1.603,0.777,0.792) u=(0.068,-0.375) s=1.876 PSDFmin=-0.003168 G=OK(+0.00546) MF=OK(active=20/20,min=+7.016e-13,slack=+1.772e-15)
[RMPCC 0184] OK solve=289.2ms pose=(1.608,0.782,0.755) u=(0.094,-0.990) s=1.878 PSDFmin=-0.00666 G=OK(+1.34e-12) MF=OK(active=12/20,min=+4.115e-12,slack=+2.369e-13)
[RMPCC 0185] OK solve=401.6ms pose=(1.615,0.788,0.656) u=(0.090,-0.570) s=1.886 PSDFmin=-0.002844 G=OK(+6.638e-12) MF=OK(active=12/20,min=+6.581e-12,slack=+6.737e-14)
[RMPCC 0186] OK solve=269.0ms pose=(1.622,0.794,0.599) u=(0.074,-0.963) s=1.896 PSDFmin=+0.00294 G=OK(+0.005596) MF=OK(active=15/20,min=+3.855e-15,slack=+3.059e-16)
[RMPCC 0187] OK solve=140.3ms pose=(1.628,0.798,0.502) u=(0.111,-0.446) s=1.902 PSDFmin=-0.008805 G=OK(+0.006284) MF=OK(active=20/20,min=+1.423e-14,slack=+2.321e-17)
[RMPCC 0188] OK solve=123.9ms pose=(1.638,0.803,0.458) u=(0.073,-0.748) s=1.913 PSDFmin=-0.007782 G=OK(+0.007709) MF=OK(active=17/20,min=+1.196e-10,slack=+6.673e-13)
[RMPCC 0189] OK solve=262.8ms pose=(1.645,0.807,0.383) u=(0.133,-0.308) s=1.920 PSDFmin=-0.01372 G=OK(+0.003341) MF=OK(active=19/20,min=+1.179e-13,slack=+6.172e-16)
[RMPCC 0190] OK solve=273.6ms pose=(1.657,0.811,0.352) u=(0.083,-0.975) s=1.933 PSDFmin=-0.007412 G=OK(+1.776e-14) MF=OK(active=14/20,min=+3.301e-11,slack=+1.101e-15)
[RMPCC 0191] OK solve=134.5ms pose=(1.665,0.814,0.255) u=(0.111,-0.442) s=1.939 PSDFmin=+0.001368 G=OK(+1.155e-13) MF=OK(active=8/20,min=+1.637e-11,slack=+7.798e-15)
[RMPCC 0192] OK solve=270.8ms pose=(1.676,0.817,0.210) u=(0.056,-0.858) s=1.946 PSDFmin=-0.07036 G=OK(+0.01148) MF=OK(active=20/20,min=-1.766e-15,slack=+1.045e-17)
[RMPCC 0193] OK solve=415.3ms pose=(1.681,0.818,0.125) u=(0.083,-0.952) s=1.952 PSDFmin=-0.0272 G=OK(+0.01318) MF=OK(active=12/20,min=+0.1711,slack=+1.194e-12)
[RMPCC 0194] OK solve=266.0ms pose=(1.689,0.819,0.029) u=(0.095,-0.616) s=1.960 PSDFmin=-0.001286 G=OK(+1.332e-15) MF=OK(active=6/20,min=+9.241e-14,slack=+3.907e-17)
[RMPCC 0195] OK solve=131.9ms pose=(1.699,0.820,-0.032) u=(0.096,-0.255) s=1.969 PSDFmin=-0.001452 G=OK(+4.441e-16) MF=OK(active=17/20,min=+2.299e-18,slack=+1.4e-17)
[RMPCC 0196] OK solve=277.1ms pose=(1.708,0.819,-0.058) u=(0.085,-0.952) s=1.979 PSDFmin=-0.02564 G=OK(+1.492e-10) MF=OK(active=18/20,min=+1.128e-07,slack=+4.94e-12)
[RMPCC 0197] OK solve=279.8ms pose=(1.717,0.819,-0.153) u=(0.077,-0.453) s=1.980 PSDFmin=-0.0007383 G=OK(+6.661e-16) MF=OK(active=5/20,min=+1.181e-12,slack=+1.078e-15)
[RMPCC 0198] OK solve=269.1ms pose=(1.724,0.818,-0.198) u=(0.094,-0.155) s=1.994 PSDFmin=-0.1105 G=OK(+4.441e-16) MF=OK(active=16/20,min=-3.675e-14,slack=+0.8852)
[RMPCC 0199] OK solve=396.8ms pose=(1.734,0.816,-0.214) u=(0.049,-0.071) s=1.996 PSDFmin=-0.002812 G=OK(+0.003444) MF=OK(active=8/20,min=-3.331e-16,slack=+0.3386)
[RMPCC 0200] OK solve=394.0ms pose=(1.738,0.815,-0.221) u=(0.024,-0.035) s=2.009 PSDFmin=-0.01024 G=OK(+1.088e-12) MF=OK(active=13/20,min=+4.669e-13,slack=+0.1028)
[RMPCC 0201] OK solve=384.2ms pose=(1.741,0.814,-0.224) u=(0.012,-0.473) s=2.010 PSDFmin=-0.0167 G=OK(+2.22e-16) MF=OK(active=8/20,min=+1.665e-16,slack=+0.2412)
Acados solver failed with status 4
Acados residuals [stat, eq, ineq, comp]: [5360.27008    0.0473     0.68606    4.42246]
Acados SQP iterations: 1
RMPCC-MF diagnostics captured before infeasibility recovery.
RMPCC-MF failed-iterate infeasibility candidates:
  - {'constraint': 'row_g_hard_guard', 'stages': array([ 6,  7,  8,  9, 10, 11, 12, 13, 14, 15, 16, 18]), 'minimum_residual': -0.017703834757208714}
  - {'constraint': 'row_m_soft_after_slack', 'stages': array([ 1, 17]), 'minimum_residual': -0.6860591069139372}
  - {'constraint': 'dynamics_or_stage0_equality', 'maximum_residual': 0.047295184421423275}
RMPCC-MF inactive Row M stages are trivially feasible.
RMPCC-MF minimum box residuals [state | input]: 1.0383660267924098e-19 | 2.6645352591003757e-15
SQP_RTI solver failed with status 4. Starting infeasible recovery.
Backup solver is unavailable; falling back to safe stop.
Applied nominal_safe_controller safe-stop plan after infeasible RMPCC-MF solve.
[RMPCC 0202] SAFE_STOP solve=479.2ms pose=(1.742,0.814,-0.272) u=(0.000,0.000) s=2.011 PSDFmin=+0.001057 G=FAIL(-0.1887) MF=FAIL(active=2/20,min=n/a,slack=n/a)
[RMPCC 0203] OK solve=146.5ms pose=(1.742,0.814,-0.272) u=(0.019,0.019) s=2.011 PSDFmin=+0.001126 G=OK(+0.0001924) MF=OK(active=20/20,min=+5.016e-07,slack=+3.206e-13)
[RMPCC 0204] OK solve=149.3ms pose=(1.744,0.813,-0.270) u=(0.009,0.748) s=2.011 PSDFmin=-0.01276 G=OK(+0.005579) MF=OK(active=20/20,min=+4.547e-12,slack=+3.16e-17)
[RMPCC 0205] OK solve=142.9ms pose=(1.745,0.813,-0.195) u=(0.071,0.367) s=2.011 PSDFmin=+0.007798 G=OK(+0.001776) MF=OK(active=6/20,min=+0.09789,slack=+1.568e-11)
[RMPCC 0206] OK solve=158.8ms pose=(1.752,0.812,-0.158) u=(0.047,0.202) s=2.011 PSDFmin=+0.009541 G=OK(+0.008646) MF=OK(active=20/20,min=+5.196e-11,slack=+1.7e-14)
[RMPCC 0207] OK solve=136.7ms pose=(1.756,0.811,-0.138) u=(0.055,0.093) s=2.026 PSDFmin=+0.0006816 G=OK(+0.006887) MF=OK(active=20/20,min=+6.882e-12,slack=+8.915e-13)
[RMPCC 0208] OK solve=161.9ms pose=(1.762,0.810,-0.129) u=(0.054,0.923) s=2.028 PSDFmin=+0.008674 G=OK(+0.01342) MF=OK(active=18/20,min=+1.194e-11,slack=+6.889e-14)
[RMPCC 0209] OK solve=157.9ms pose=(1.767,0.810,-0.036) u=(0.064,0.686) s=2.028 PSDFmin=+0.006384 G=OK(+0.008295) MF=OK(active=20/20,min=+3.229e-14,slack=+3.361e-16)
[RMPCC 0210] OK solve=274.3ms pose=(1.773,0.809,0.032) u=(0.077,0.362) s=2.044 PSDFmin=+0.009287 G=OK(+0.008229) MF=OK(active=20/20,min=+1.13e-11,slack=+1.781e-13)
[RMPCC 0211] OK solve=393.3ms pose=(1.781,0.810,0.069) u=(0.083,0.289) s=2.046 PSDFmin=+0.003086 G=OK(+0.007273) MF=OK(active=18/20,min=+2.279e-11,slack=+1.942e-14)
[RMPCC 0212] OK solve=386.3ms pose=(1.789,0.810,0.097) u=(0.041,0.144) s=2.060 PSDFmin=-0.02308 G=OK(+0.003246) MF=OK(active=18/20,min=+6.938e-13,slack=+1.063e-15)
[RMPCC 0213] OK solve=499.6ms pose=(1.793,0.811,0.112) u=(0.057,-0.079) s=2.064 PSDFmin=+0.005373 G=OK(+0.007747) MF=OK(active=16/20,min=+4.256e-10,slack=+1.808e-13)
[RMPCC 0214] OK solve=419.3ms pose=(1.799,0.811,0.104) u=(0.028,-1.200) s=2.065 PSDFmin=-0.01168 G=OK(+6.439e-15) MF=OK(active=18/20,min=+4.644e-14,slack=+1.378e-15)
[RMPCC 0215] OK solve=406.6ms pose=(1.802,0.812,-0.016) u=(0.021,-1.200) s=2.072 PSDFmin=+0.001246 G=OK(+0.008403) MF=OK(active=15/20,min=+2.957e-07,slack=+6.322e-11)
[RMPCC 0216] OK solve=403.3ms pose=(1.804,0.812,-0.136) u=(0.041,-1.096) s=2.075 PSDFmin=-0.0191 G=OK(+0.007852) MF=OK(active=18/20,min=+1.425e-14,slack=+3.911e-17)
[RMPCC 0217] OK solve=436.7ms pose=(1.808,0.811,-0.246) u=(0.106,-0.941) s=2.079 PSDFmin=+0.01132 G=OK(+0.01395) MF=OK(active=15/20,min=+3.2e-14,slack=+2.183e-17)
[RMPCC 0218] OK solve=420.7ms pose=(1.818,0.808,-0.340) u=(0.068,-1.200) s=2.089 PSDFmin=+0.009984 G=OK(+0.01059) MF=OK(active=19/20,min=+1.657e-11,slack=+2.079e-14)
[RMPCC 0219] OK solve=411.7ms pose=(1.825,0.806,-0.460) u=(0.036,-1.200) s=2.091 PSDFmin=-0.006614 G=OK(+0.008505) MF=OK(active=18/20,min=+2.141e-10,slack=+8.419e-13)
[RMPCC 0220] OK solve=263.7ms pose=(1.828,0.805,-0.580) u=(0.043,-0.827) s=2.094 PSDFmin=+0.01225 G=OK(+0.01386) MF=OK(active=14/20,min=+5.687e-14,slack=+3.075e-17)
[RMPCC 0221] OK solve=278.2ms pose=(1.832,0.802,-0.662) u=(0.087,-0.356) s=2.102 PSDFmin=-0.01956 G=OK(+0.001536) MF=OK(active=20/20,min=+2.346e-14,slack=+3.851e-16)
[RMPCC 0222] OK solve=437.1ms pose=(1.839,0.797,-0.698) u=(0.067,-1.200) s=2.115 PSDFmin=+0.01111 G=OK(+0.01407) MF=OK(active=10/20,min=+4.556e-09,slack=+5.308e-13)
[RMPCC 0223] OK solve=310.5ms pose=(1.844,0.793,-0.818) u=(0.065,-0.576) s=2.116 PSDFmin=-0.01129 G=OK(+0.005871) MF=OK(active=19/20,min=+2.337e-13,slack=+8.238e-16)
[RMPCC 0224] OK solve=141.4ms pose=(1.848,0.788,-0.876) u=(0.039,-1.137) s=2.116 PSDFmin=+0.01614 G=OK(+0.0151) MF=OK(active=18/20,min=+8.123e-13,slack=+9.651e-15)
[RMPCC 0225] OK solve=138.5ms pose=(1.851,0.785,-0.989) u=(0.120,-0.533) s=2.129 PSDFmin=+0.003948 G=OK(+0.01252) MF=OK(active=20/20,min=+1.584e-12,slack=+1.946e-15)
[RMPCC 0226] OK solve=264.5ms pose=(1.857,0.775,-1.043) u=(0.060,-1.161) s=2.131 PSDFmin=+0.001596 G=OK(+0.01626) MF=OK(active=20/20,min=+2.462e-11,slack=+1.114e-14)
[RMPCC 0227] OK solve=275.9ms pose=(1.860,0.770,-1.159) u=(0.129,-0.693) s=2.144 PSDFmin=+0.006917 G=OK(+0.0169) MF=OK(active=19/20,min=+2.53e-10,slack=+2.276e-13)
[RMPCC 0228] OK solve=142.8ms pose=(1.865,0.758,-1.228) u=(0.077,-0.520) s=2.150 PSDFmin=+0.0122 G=OK(+0.0164) MF=OK(active=20/20,min=+4.793e-10,slack=+6.02e-13)
[RMPCC 0229] OK solve=141.0ms pose=(1.868,0.750,-1.280) u=(0.139,-0.602) s=2.161 PSDFmin=+0.00368 G=OK(+0.01628) MF=OK(active=20/20,min=+4.98e-14,slack=+5.751e-17)
[RMPCC 0230] OK solve=133.2ms pose=(1.872,0.737,-1.340) u=(0.140,-0.228) s=2.172 PSDFmin=+0.00209 G=OK(+0.00651) MF=OK(active=20/20,min=+3.262e-12,slack=+8.368e-15)
[RMPCC 0231] OK solve=128.9ms pose=(1.875,0.724,-1.363) u=(0.148,-0.960) s=2.186 PSDFmin=-0.01776 G=OK(+0.01804) MF=OK(active=20/20,min=+1.601e-14,slack=+4.894e-17)
[RMPCC 0232] OK solve=138.6ms pose=(1.878,0.709,-1.459) u=(0.149,-0.468) s=2.196 PSDFmin=+0.002174 G=OK(+3.795e-12) MF=OK(active=8/20,min=+0.2007,slack=+9.892e-14)
[RMPCC 0233] OK solve=137.1ms pose=(1.880,0.694,-1.506) u=(0.164,-0.146) s=2.208 PSDFmin=+0.001868 G=OK(+0.01711) MF=OK(active=20/20,min=+2.37e-12,slack=+4.183e-15)
[RMPCC 0234] OK solve=272.2ms pose=(1.881,0.678,-1.520) u=(0.233,-1.200) s=2.224 PSDFmin=-0.02552 G=OK(-2.22e-16) MF=OK(active=20/20,min=-1.193e-15,slack=+0.06377)
[RMPCC 0235] OK solve=405.6ms pose=(1.882,0.655,-1.640) u=(0.133,-0.755) s=2.247 PSDFmin=+0.0008282 G=OK(+1.259e-10) MF=OK(active=3/20,min=+0.2,slack=+5.988e-13)
[RMPCC 0236] OK solve=274.3ms pose=(1.881,0.641,-1.716) u=(0.151,-0.336) s=2.260 PSDFmin=-0.003866 G=OK(+0.007809) MF=OK(active=17/20,min=+4.27e-14,slack=+6.802e-17)
[RMPCC 0237] OK solve=135.0ms pose=(1.879,0.626,-1.749) u=(0.160,-0.052) s=2.275 PSDFmin=+0.004177 G=OK(+0.002845) MF=OK(active=19/20,min=+4.587e-14,slack=+2.522e-14)
[RMPCC 0238] OK solve=128.8ms pose=(1.876,0.611,-1.755) u=(0.147,0.631) s=2.280 PSDFmin=+0.009488 G=OK(+3.069e-12) MF=OK(active=20/20,min=+2.277e-11,slack=+3.071e-14)
[RMPCC 0239] OK solve=132.7ms pose=(1.874,0.596,-1.692) u=(0.121,0.277) s=2.296 PSDFmin=+0.001194 G=OK(+0.01312) MF=OK(active=20/20,min=+2.024e-09,slack=+4.898e-12)
[RMPCC 0240] OK solve=133.3ms pose=(1.872,0.584,-1.664) u=(0.124,0.258) s=2.313 PSDFmin=-0.01522 G=OK(+0.02015) MF=OK(active=20/20,min=+9.497e-10,slack=+2.36e-12)
[RMPCC 0241] OK solve=126.0ms pose=(1.871,0.572,-1.638) u=(0.120,0.248) s=2.315 PSDFmin=-0.01228 G=OK(+5.351e-14) MF=OK(active=18/20,min=+5.15e-14,slack=+1.765e-15)
[RMPCC 0242] OK solve=137.5ms pose=(1.870,0.560,-1.613) u=(0.099,0.043) s=2.332 PSDFmin=-0.02544 G=OK(+0.01223) MF=OK(active=12/20,min=+1.091e-13,slack=+6.081e-15)
[RMPCC 0243] OK solve=140.6ms pose=(1.870,0.550,-1.609) u=(0.103,0.336) s=2.334 PSDFmin=+0.004257 G=OK(+1.338e-12) MF=OK(active=17/20,min=+4.695e-13,slack=+5.155e-14)
[RMPCC 0244] OK solve=137.2ms pose=(1.869,0.540,-1.575) u=(0.137,0.039) s=2.351 PSDFmin=+0.01436 G=OK(+0.01519) MF=OK(active=20/20,min=+1.325e-11,slack=+3.428e-14)
[RMPCC 0245] OK solve=122.5ms pose=(1.869,0.526,-1.571) u=(0.075,-0.059) s=2.371 PSDFmin=-0.007154 G=OK(+0.01491) MF=OK(active=20/20,min=+3.142e-11,slack=+3.185e-14)
[RMPCC 0246] OK solve=141.2ms pose=(1.869,0.519,-1.577) u=(0.121,-0.179) s=2.375 PSDFmin=+0.0009977 G=OK(+6.661e-15) MF=OK(active=15/20,min=+2.212e-11,slack=+3.753e-14)
[RMPCC 0247] OK solve=280.0ms pose=(1.869,0.507,-1.595) u=(0.060,-0.410) s=2.394 PSDFmin=+0.008358 G=OK(+0.006575) MF=OK(active=19/20,min=+2.777e-12,slack=+1.67e-14)
[RMPCC 0248] OK solve=433.8ms pose=(1.869,0.501,-1.636) u=(0.116,-0.122) s=2.396 PSDFmin=+0.004313 G=OK(+0.007386) MF=OK(active=18/20,min=+1.354e-13,slack=+7.049e-16)
[RMPCC 0249] OK solve=392.3ms pose=(1.868,0.489,-1.648) u=(0.084,-0.973) s=2.413 PSDFmin=+1.107e-05 G=OK(+2.33e-09) MF=OK(active=17/20,min=+2.011e-08,slack=+3.028e-11)
[RMPCC 0250] OK solve=258.5ms pose=(1.868,0.481,-1.746) u=(0.064,-0.473) s=2.413 PSDFmin=+0.00791 G=OK(+0.007196) MF=OK(active=17/20,min=+8.966e-09,slack=+1.448e-11)
[RMPCC 0251] OK solve=271.3ms pose=(1.867,0.474,-1.793) u=(0.097,-0.344) s=2.427 PSDFmin=+0.001989 G=OK(+0.007864) MF=OK(active=20/20,min=+5.373e-11,slack=+2.212e-12)
[RMPCC 0252] OK solve=391.1ms pose=(1.864,0.465,-1.827) u=(0.048,-0.480) s=2.430 PSDFmin=+0.0008257 G=OK(+0.003652) MF=OK(active=16/20,min=+4.012e-10,slack=+5.501e-13)
[RMPCC 0253] OK solve=413.0ms pose=(1.863,0.460,-1.875) u=(0.073,-0.460) s=2.441 PSDFmin=+0.004298 G=OK(+0.003226) MF=OK(active=18/20,min=+1.52e-11,slack=+5.363e-14)
[RMPCC 0254] OK solve=275.0ms pose=(1.861,0.453,-1.921) u=(0.079,-0.415) s=2.447 PSDFmin=-0.007372 G=OK(+0.006375) MF=OK(active=19/20,min=+4.868e-11,slack=+7.124e-14)
[RMPCC 0255] OK solve=136.9ms pose=(1.858,0.446,-1.963) u=(0.039,-0.912) s=2.456 PSDFmin=-0.002647 G=OK(+0.002966) MF=OK(active=15/20,min=+1.655e-12,slack=+2.939e-15)
[RMPCC 0256] OK solve=259.3ms pose=(1.857,0.442,-2.054) u=(0.087,-0.429) s=2.459 PSDFmin=-0.0003498 G=OK(+0.006277) MF=OK(active=13/20,min=+1.795e-14,slack=+1.945e-16)
[RMPCC 0257] OK solve=415.6ms pose=(1.853,0.434,-2.097) u=(0.068,-0.170) s=2.467 PSDFmin=-0.0009105 G=OK(+0.006279) MF=OK(active=16/20,min=+1.281e-13,slack=+2.038e-16)
[RMPCC 0258] OK solve=396.6ms pose=(1.849,0.429,-2.114) u=(0.075,-0.636) s=2.476 PSDFmin=+0.00367 G=OK(+0.006387) MF=OK(active=17/20,min=+4.978e-14,slack=+4.543e-17)
[RMPCC 0259] OK solve=261.6ms pose=(1.845,0.422,-2.178) u=(0.038,-0.317) s=2.484 PSDFmin=-0.006327 G=OK(+3.629e-10) MF=OK(active=19/20,min=+8.551e-09,slack=+1.119e-11)
[RMPCC 0260] OK solve=136.9ms pose=(1.843,0.419,-2.209) u=(0.088,-0.119) s=2.488 PSDFmin=-0.03922 G=OK(+0.004972) MF=OK(active=10/20,min=+7.112e-15,slack=+3.381e-17)
[RMPCC 0261] OK solve=142.7ms pose=(1.838,0.412,-2.221) u=(0.044,-0.497) s=2.497 PSDFmin=+0.003786 G=OK(+0.003195) MF=OK(active=12/20,min=+7.115e-15,slack=+1.002e-17)
[RMPCC 0262] OK solve=133.9ms pose=(1.835,0.409,-2.271) u=(0.206,-0.144) s=2.502 PSDFmin=-0.05603 G=OK(+0.007481) MF=OK(active=20/20,min=+7.297e-15,slack=+1.915e-16)
[RMPCC 0263] OK solve=267.5ms pose=(1.822,0.393,-2.285) u=(0.103,-1.197) s=2.523 PSDFmin=-0.005137 G=OK(+0.0004767) MF=OK(active=8/20,min=+2.716e-09,slack=+7.872e-12)
[RMPCC 0264] OK solve=379.2ms pose=(1.815,0.385,-2.405) u=(0.157,-0.599) s=2.533 PSDFmin=-0.00577 G=OK(+0.007198) MF=OK(active=15/20,min=+6.665e-15,slack=+3.432e-17)
[RMPCC 0265] OK solve=398.7ms pose=(1.804,0.374,-2.465) u=(0.117,-0.273) s=2.555 PSDFmin=+0.00252 G=OK(+0.00462) MF=OK(active=13/20,min=+1.673e-12,slack=+5.525e-16)
[RMPCC 0266] OK solve=274.1ms pose=(1.795,0.367,-2.492) u=(0.232,0.089) s=2.565 PSDFmin=-0.001327 G=OK(+0.01051) MF=OK(active=18/20,min=+2.845e-14,slack=+3.07e-17)
[RMPCC 0267] OK solve=264.2ms pose=(1.776,0.353,-2.483) u=(0.182,1.200) s=2.586 PSDFmin=-0.008761 G=OK(+0.006829) MF=OK(active=17/20,min=+3.103e-17,slack=+3.103e-17)
[RMPCC 0268] OK solve=433.1ms pose=(1.762,0.342,-2.363) u=(0.092,1.122) s=2.598 PSDFmin=-0.01267 G=OK(+6.247e-12) MF=OK(active=17/20,min=+5.074e-11,slack=+3.833e-14)
[RMPCC 0269] OK solve=251.9ms pose=(1.755,0.336,-2.251) u=(0.099,0.623) s=2.607 PSDFmin=+0.004605 G=OK(+0.01003) MF=OK(active=14/20,min=+6.404e-14,slack=+8.752e-17)
[RMPCC 0270] OK solve=268.5ms pose=(1.749,0.328,-2.189) u=(0.263,1.200) s=2.618 PSDFmin=-0.03891 G=OK(-2.22e-16) MF=OK(active=20/20,min=-8.863e-16,slack=+0.03882)
[RMPCC 0271] OK solve=402.3ms pose=(1.734,0.306,-2.069) u=(0.158,1.130) s=2.644 PSDFmin=+0.007144 G=OK(+0.005674) MF=OK(active=10/20,min=+2.026e-13,slack=+1.244e-16)
[RMPCC 0272] OK solve=388.8ms pose=(1.726,0.293,-1.956) u=(0.079,1.102) s=2.658 PSDFmin=+0.01002 G=OK(+0.008609) MF=OK(active=18/20,min=+1.611e-09,slack=+1.561e-12)
[RMPCC 0273] OK solve=399.8ms pose=(1.723,0.285,-1.846) u=(0.043,0.549) s=2.664 PSDFmin=+0.006317 G=OK(+0.005047) MF=OK(active=18/20,min=+4.196e-09,slack=+9.242e-12)
[RMPCC 0274] OK solve=396.2ms pose=(1.722,0.281,-1.791) u=(0.091,1.182) s=2.664 PSDFmin=-0.006582 G=OK(+3.401e-10) MF=OK(active=19/20,min=+2.976e-09,slack=+2.516e-12)
[RMPCC 0275] OK solve=262.1ms pose=(1.720,0.272,-1.673) u=(0.083,0.571) s=2.675 PSDFmin=+0.001074 G=OK(+2.658e-11) MF=OK(active=8/20,min=+3.58e-09,slack=+3.946e-13)
[RMPCC 0276] OK solve=128.3ms pose=(1.719,0.264,-1.616) u=(0.091,1.163) s=2.681 PSDFmin=-0.01133 G=OK(+5.46e-14) MF=OK(active=20/20,min=-3.172e-15,slack=+7.607e-15)
[RMPCC 0277] OK solve=124.4ms pose=(1.719,0.255,-1.499) u=(0.056,1.071) s=2.687 PSDFmin=-0.01531 G=OK(+0.009569) MF=OK(active=16/20,min=+1.18e-12,slack=+8.544e-16)
[RMPCC 0278] OK solve=141.4ms pose=(1.719,0.249,-1.392) u=(0.085,0.558) s=2.690 PSDFmin=-0.004538 G=OK(+2.22e-16) MF=OK(active=7/20,min=+7.22e-12,slack=+1.373e-15)
[RMPCC 0279] OK solve=141.1ms pose=(1.721,0.241,-1.337) u=(0.064,0.371) s=2.698 PSDFmin=+0.001383 G=OK(+5.287e-15) MF=OK(active=14/20,min=+7.161e-15,slack=+5.621e-17)
[RMPCC 0280] OK solve=276.8ms pose=(1.722,0.235,-1.299) u=(0.129,0.062) s=2.704 PSDFmin=-0.001179 G=OK(+1.554e-15) MF=OK(active=20/20,min=+7.158e-15,slack=+5.323e-17)
[RMPCC 0281] OK solve=401.3ms pose=(1.726,0.222,-1.293) u=(0.074,-0.114) s=2.710 PSDFmin=-0.009157 G=OK(+0.008173) MF=OK(active=15/20,min=+1.067e-09,slack=+1.749e-12)
[RMPCC 0282] OK solve=301.5ms pose=(1.728,0.215,-1.305) u=(0.099,-0.717) s=2.716 PSDFmin=-0.005074 G=OK(+5.732e-12) MF=OK(active=17/20,min=+2.103e-10,slack=+2.862e-13)
[RMPCC 0283] OK solve=135.7ms pose=(1.730,0.206,-1.376) u=(0.066,-0.507) s=2.728 PSDFmin=+0.002644 G=OK(+0.00218) MF=OK(active=15/20,min=+2.715e-14,slack=+1.294e-14)
[RMPCC 0284] OK solve=263.3ms pose=(1.732,0.199,-1.427) u=(0.059,-0.288) s=2.734 PSDFmin=+0.01172 G=OK(+0.01123) MF=OK(active=20/20,min=+1.307e-12,slack=+2.897e-15)
[RMPCC 0285] OK solve=384.4ms pose=(1.732,0.193,-1.456) u=(0.104,-0.051) s=2.740 PSDFmin=+0.003433 G=OK(+0.00288) MF=OK(active=19/20,min=+1.109e-13,slack=+7.917e-16)
[RMPCC 0286] OK solve=392.4ms pose=(1.734,0.183,-1.461) u=(0.066,0.263) s=2.751 PSDFmin=+0.008262 G=OK(+0.007797) MF=OK(active=18/20,min=+5.688e-14,slack=+3.749e-17)
[RMPCC 0287] OK solve=395.0ms pose=(1.734,0.176,-1.435) u=(0.081,0.361) s=2.757 PSDFmin=+0.005789 G=OK(+0.004791) MF=OK(active=19/20,min=+5.693e-12,slack=+5.252e-15)
[RMPCC 0288] OK solve=400.9ms pose=(1.736,0.168,-1.399) u=(0.050,0.393) s=2.763 PSDFmin=+0.002081 G=OK(+0.007719) MF=OK(active=19/20,min=+3.888e-10,slack=+9.695e-12)
[RMPCC 0289] OK solve=279.0ms pose=(1.736,0.163,-1.359) u=(0.073,0.324) s=2.769 PSDFmin=+0.001983 G=OK(+0.002482) MF=OK(active=19/20,min=+8.392e-10,slack=+3.19e-12)
[RMPCC 0290] OK solve=265.2ms pose=(1.738,0.156,-1.327) u=(0.037,0.583) s=2.781 PSDFmin=+0.006804 G=OK(+0.004284) MF=OK(active=20/20,min=+3.414e-11,slack=+2.585e-14)
[RMPCC 0291] OK solve=409.7ms pose=(1.739,0.153,-1.269) u=(0.023,0.390) s=2.786 PSDFmin=+0.0009201 G=OK(+0.0008182) MF=OK(active=19/20,min=+1.207e-12,slack=+2.636e-14)
[RMPCC 0292] OK solve=267.9ms pose=(1.739,0.151,-1.230) u=(0.042,0.467) s=2.786 PSDFmin=+0.006132 G=OK(+0.005212) MF=OK(active=18/20,min=+4.196e-09,slack=+1.91e-12)
[RMPCC 0293] OK solve=129.3ms pose=(1.741,0.147,-1.183) u=(0.032,0.338) s=2.792 PSDFmin=+0.004659 G=OK(+0.004893) MF=OK(active=20/20,min=+1.208e-13,slack=+1.702e-16)
[RMPCC 0294] OK solve=271.7ms pose=(1.742,0.144,-1.149) u=(0.042,0.477) s=2.795 PSDFmin=+0.006536 G=OK(+0.005231) MF=OK(active=20/20,min=+4.963e-12,slack=+1.405e-14)
[RMPCC 0295] OK solve=404.5ms pose=(1.744,0.140,-1.101) u=(0.028,0.355) s=2.799 PSDFmin=+0.00563 G=OK(+0.004809) MF=OK(active=19/20,min=+6.948e-11,slack=+6.312e-14)
[RMPCC 0296] OK solve=392.9ms pose=(1.745,0.137,-1.066) u=(0.035,0.422) s=2.804 PSDFmin=+0.005852 G=OK(+0.004775) MF=OK(active=19/20,min=+3.869e-10,slack=+3.462e-12)
[RMPCC 0297] OK solve=280.1ms pose=(1.747,0.134,-1.024) u=(0.030,0.386) s=2.810 PSDFmin=+0.005725 G=OK(+0.004807) MF=OK(active=19/20,min=+9.785e-10,slack=+7.441e-13)
[RMPCC 0298] OK solve=135.0ms pose=(1.748,0.132,-0.985) u=(0.034,0.375) s=2.812 PSDFmin=+0.005923 G=OK(+0.004901) MF=OK(active=20/20,min=+6.293e-09,slack=+2.636e-12)
[RMPCC 0299] OK solve=137.4ms pose=(1.750,0.129,-0.948) u=(0.024,0.332) s=2.815 PSDFmin=+0.00591 G=OK(+0.00494) MF=OK(active=20/20,min=+4.315e-09,slack=+9.864e-12)
[RMPCC 0300] OK solve=137.4ms pose=(1.752,0.127,-0.914) u=(0.031,0.327) s=2.817 PSDFmin=+0.00582 G=OK(+0.004811) MF=OK(active=20/20,min=+2.855e-08,slack=+1.11e-11)
[RMPCC 0301] OK solve=134.6ms pose=(1.754,0.124,-0.882) u=(0.021,0.306) s=2.820 PSDFmin=+0.005942 G=OK(+0.004944) MF=OK(active=20/20,min=+1.331e-09,slack=+2.974e-12)
[RMPCC 0302] OK solve=143.9ms pose=(1.755,0.123,-0.851) u=(0.029,0.276) s=2.822 PSDFmin=+0.005913 G=OK(+0.004896) MF=OK(active=20/20,min=+6.577e-09,slack=+1.22e-12)
[RMPCC 0303] OK solve=147.0ms pose=(1.757,0.120,-0.824) u=(0.021,0.286) s=2.827 PSDFmin=+0.005941 G=OK(+0.004937) MF=OK(active=20/20,min=+3.59e-08,slack=+7.713e-12)
[RMPCC 0304] OK solve=142.2ms pose=(1.758,0.119,-0.795) u=(0.028,0.249) s=2.829 PSDFmin=+0.006006 G=OK(+0.004994) MF=OK(active=20/20,min=+3.949e-09,slack=+5.221e-13)
[RMPCC 0305] OK solve=145.8ms pose=(1.760,0.117,-0.770) u=(0.020,0.264) s=2.831 PSDFmin=+0.006014 G=OK(+0.004972) MF=OK(active=20/20,min=+2.925e-08,slack=+4.845e-12)
[RMPCC 0306] OK solve=146.1ms pose=(1.762,0.116,-0.744) u=(0.024,0.248) s=2.833 PSDFmin=+0.006017 G=OK(+0.004989) MF=OK(active=20/20,min=+1.005e-08,slack=+2.795e-11)
[RMPCC 0307] OK solve=136.6ms pose=(1.763,0.114,-0.719) u=(0.020,0.277) s=2.835 PSDFmin=+0.005968 G=OK(+0.004944) MF=OK(active=20/20,min=+4.453e-09,slack=+7.935e-13)
[RMPCC 0308] OK solve=131.4ms pose=(1.765,0.113,-0.691) u=(0.020,0.284) s=2.837 PSDFmin=+0.005949 G=OK(+0.004919) MF=OK(active=20/20,min=+7.13e-08,slack=+2.193e-13)
[RMPCC 0309] OK solve=135.7ms pose=(1.766,0.111,-0.663) u=(0.020,0.268) s=2.839 PSDFmin=+0.005975 G=OK(+0.004944) MF=OK(active=20/20,min=+0.009667,slack=+1.207e-17)
[RMPCC 0310] OK solve=135.2ms pose=(1.768,0.110,-0.636) u=(0.020,0.250) s=2.841 PSDFmin=+0.006 G=OK(+0.00497) MF=OK(active=20/20,min=+0.03021,slack=+1.407e-15)
[RMPCC 0311] OK solve=140.9ms pose=(1.770,0.109,-0.611) u=(0.020,0.233) s=2.843 PSDFmin=+0.006025 G=OK(+0.004995) MF=OK(active=20/20,min=+0.04877,slack=+2.863e-12)
[RMPCC 0312] OK solve=139.9ms pose=(1.771,0.108,-0.588) u=(0.019,0.218) s=2.845 PSDFmin=+0.006049 G=OK(+0.005018) MF=OK(active=20/20,min=+0.06659,slack=+3.763e-13)
[RMPCC 0313] OK solve=137.7ms pose=(1.773,0.107,-0.566) u=(0.019,0.203) s=2.848 PSDFmin=+0.006084 G=OK(+0.005055) MF=OK(active=20/20,min=+0.08387,slack=+4.059e-12)
[RMPCC 0314] OK solve=142.6ms pose=(1.774,0.106,-0.546) u=(0.019,0.190) s=2.850 PSDFmin=+0.006134 G=OK(+0.005107) MF=OK(active=20/20,min=+0.1008,slack=+2.194e-14)
[RMPCC 0315] OK solve=130.7ms pose=(1.776,0.105,-0.527) u=(0.016,0.177) s=2.850 PSDFmin=+0.006195 G=OK(+0.005174) MF=OK(active=20/20,min=+0.1162,slack=+1.388e-13)
[RMPCC 0316] OK solve=134.7ms pose=(1.777,0.104,-0.509) u=(0.016,0.165) s=2.852 PSDFmin=+0.006262 G=OK(+0.005242) MF=OK(active=20/20,min=+0.1293,slack=+4.551e-14)
[RMPCC 0317] OK solve=132.0ms pose=(1.779,0.103,-0.492) u=(0.017,0.154) s=2.854 PSDFmin=+0.006338 G=OK(+0.005318) MF=OK(active=20/20,min=+0.1425,slack=+6.056e-17)
[RMPCC 0318] OK solve=132.8ms pose=(1.780,0.102,-0.477) u=(0.017,0.145) s=2.856 PSDFmin=+0.006422 G=OK(+0.005403) MF=OK(active=20/20,min=+0.1552,slack=+5.919e-14)
[RMPCC 0319] OK solve=131.7ms pose=(1.782,0.102,-0.463) u=(0.014,0.136) s=2.856 PSDFmin=+0.006512 G=OK(+0.005498) MF=OK(active=20/20,min=+0.1664,slack=+3.197e-13)
[RMPCC 0320] OK solve=141.0ms pose=(1.783,0.101,-0.449) u=(0.015,0.127) s=2.858 PSDFmin=+0.006605 G=OK(+0.005591) MF=OK(active=20/20,min=+0.1748,slack=+7.164e-13)
[RMPCC 0321] OK solve=136.0ms pose=(1.784,0.100,-0.436) u=(0.015,0.119) s=2.860 PSDFmin=+0.006703 G=OK(+0.005688) MF=OK(active=20/20,min=+0.1825,slack=+3.305e-17)
[RMPCC 0322] OK solve=126.9ms pose=(1.786,0.100,-0.424) u=(0.013,0.112) s=2.860 PSDFmin=+0.006804 G=OK(+0.005792) MF=OK(active=20/20,min=+0.1887,slack=+6.633e-17)
[RMPCC 0323] OK solve=136.6ms pose=(1.787,0.099,-0.413) u=(0.013,0.105) s=2.862 PSDFmin=+0.006905 G=OK(+0.005894) MF=OK(active=20/20,min=+0.1926,slack=+3.486e-16)
[RMPCC 0324] OK solve=140.9ms pose=(1.788,0.099,-0.403) u=(0.014,0.100) s=2.864 PSDFmin=+0.007009 G=OK(+0.005998) MF=OK(active=20/20,min=+0.1959,slack=+1.966e-15)
[RMPCC 0325] OK solve=151.8ms pose=(1.790,0.098,-0.393) u=(0.012,0.094) s=2.864 PSDFmin=+0.007116 G=OK(+0.006107) MF=OK(active=20/20,min=+0.1981,slack=+1.037e-14)
[RMPCC 0326] OK solve=138.6ms pose=(1.791,0.098,-0.383) u=(0.013,0.088) s=2.866 PSDFmin=+0.007221 G=OK(+0.006212) MF=OK(active=20/20,min=+0.199,slack=+4.126e-17)
[RMPCC 0327] OK solve=126.9ms pose=(1.792,0.097,-0.374) u=(0.011,0.083) s=2.866 PSDFmin=+0.007327 G=OK(+0.00632) MF=OK(active=20/20,min=+0.1997,slack=+2.126e-16)
[RMPCC 0328] OK solve=130.8ms pose=(1.793,0.097,-0.366) u=(0.012,0.079) s=2.869 PSDFmin=+0.007432 G=OK(+0.006424) MF=OK(active=20/20,min=+0.1999,slack=+7.705e-15)
[RMPCC 0329] OK solve=137.0ms pose=(1.794,0.096,-0.358) u=(0.010,0.075) s=2.869 PSDFmin=+0.007536 G=OK(+0.006531) MF=OK(active=20/20,min=+0.2,slack=+1.946e-14)
[RMPCC 0330] OK solve=148.2ms pose=(1.795,0.096,-0.351) u=(0.011,0.070) s=2.871 PSDFmin=+0.007639 G=OK(+0.006633) MF=OK(active=20/20,min=+0.2,slack=+5.832e-14)
[RMPCC 0331] OK solve=131.9ms pose=(1.796,0.096,-0.344) u=(0.009,0.067) s=2.871 PSDFmin=+0.007742 G=OK(+0.006737) MF=OK(active=20/20,min=+0.2,slack=+1.875e-12)
[RMPCC 0332] OK solve=133.6ms pose=(1.797,0.095,-0.337) u=(0.009,0.063) s=2.871 PSDFmin=+0.007841 G=OK(+0.006837) MF=OK(active=20/20,min=+0.2,slack=+3.541e-13)
[RMPCC 0333] OK solve=138.7ms pose=(1.798,0.095,-0.331) u=(0.009,0.060) s=2.873 PSDFmin=+0.007939 G=OK(+0.006935) MF=OK(active=20/20,min=+0.2,slack=+9.762e-13)
[RMPCC 0334] OK solve=153.3ms pose=(1.798,0.095,-0.325) u=(0.008,0.057) s=2.873 PSDFmin=+0.008035 G=OK(+0.007032) MF=OK(active=20/20,min=+0.2,slack=+1.009e-13)
[RMPCC 0335] OK solve=133.4ms pose=(1.799,0.094,-0.319) u=(0.008,0.054) s=2.874 PSDFmin=+0.008129 G=OK(+0.007125) MF=OK(active=20/20,min=+0.2,slack=+8.576e-15)
[RMPCC 0336] OK solve=136.7ms pose=(1.800,0.094,-0.314) u=(0.008,0.051) s=2.875 PSDFmin=+0.00822 G=OK(+0.007217) MF=OK(active=20/20,min=+0.2,slack=+2.477e-15)
[RMPCC 0337] OK solve=136.7ms pose=(1.801,0.094,-0.308) u=(0.007,0.049) s=2.875 PSDFmin=+0.00831 G=OK(+0.007307) MF=OK(active=20/20,min=+0.2,slack=+5.472e-16)
[RMPCC 0338] OK solve=135.8ms pose=(1.801,0.094,-0.303) u=(0.007,0.047) s=2.876 PSDFmin=+0.008397 G=OK(+0.007394) MF=OK(active=20/20,min=+0.2,slack=+1.975e-15)
[RMPCC 0339] OK solve=141.3ms pose=(1.802,0.094,-0.299) u=(0.007,0.044) s=2.877 PSDFmin=+0.008482 G=OK(+0.007479) MF=OK(active=20/20,min=+0.2,slack=+2.77e-14)
[RMPCC 0340] OK solve=138.6ms pose=(1.803,0.093,-0.294) u=(0.007,0.042) s=2.877 PSDFmin=+0.008564 G=OK(+0.007562) MF=OK(active=20/20,min=+0.2,slack=+2e-14)
[RMPCC 0341] OK solve=135.6ms pose=(1.803,0.093,-0.290) u=(0.006,0.040) s=2.878 PSDFmin=+0.008645 G=OK(+0.007643) MF=OK(active=20/20,min=+0.2,slack=+5.528e-14)
[RMPCC 0342] OK solve=145.6ms pose=(1.804,0.093,-0.286) u=(0.006,0.039) s=2.879 PSDFmin=+0.008723 G=OK(+0.007721) MF=OK(active=20/20,min=+0.2,slack=+1.233e-13)
[RMPCC 0343] OK solve=128.7ms pose=(1.804,0.093,-0.282) u=(0.006,0.037) s=2.879 PSDFmin=+0.0088 G=OK(+0.007798) MF=OK(active=20/20,min=+0.2,slack=+2.261e-13)
[RMPCC 0344] OK solve=135.4ms pose=(1.805,0.093,-0.279) u=(0.006,0.035) s=2.880 PSDFmin=+0.008874 G=OK(+0.007872) MF=OK(active=20/20,min=+0.2,slack=+3.519e-13)
[RMPCC 0345] OK solve=141.5ms pose=(1.806,0.092,-0.275) u=(0.005,0.034) s=2.880 PSDFmin=+0.008946 G=OK(+0.007945) MF=OK(active=20/20,min=+0.2,slack=+5.001e-13)
[RMPCC 0346] OK solve=129.3ms pose=(1.806,0.092,-0.272) u=(0.005,0.032) s=2.881 PSDFmin=+0.009017 G=OK(+0.008016) MF=OK(active=20/20,min=+0.2,slack=+6.416e-13)
[RMPCC 0347] OK solve=153.2ms pose=(1.807,0.092,-0.268) u=(0.005,0.031) s=2.881 PSDFmin=+0.009086 G=OK(+0.008084) MF=OK(active=20/20,min=+0.2,slack=+8.498e-13)
[RMPCC 0348] OK solve=141.0ms pose=(1.807,0.092,-0.265) u=(0.005,0.030) s=2.882 PSDFmin=+0.009152 G=OK(+0.008151) MF=OK(active=20/20,min=+0.2,slack=+1.054e-12)
[RMPCC 0349] OK solve=140.3ms pose=(1.808,0.092,-0.262) u=(0.005,0.028) s=2.882 PSDFmin=+0.009217 G=OK(+0.008216) MF=OK(active=20/20,min=+0.2,slack=+1.16e-12)
[RMPCC 0350] OK solve=142.6ms pose=(1.808,0.092,-0.260) u=(0.005,0.027) s=2.883 PSDFmin=+0.00928 G=OK(+0.008279) MF=OK(active=20/20,min=+0.2,slack=+1.139e-12)
[RMPCC 0351] OK solve=123.6ms pose=(1.808,0.092,-0.257) u=(0.004,0.026) s=2.883 PSDFmin=+0.009341 G=OK(+0.00834) MF=OK(active=20/20,min=+0.2,slack=+1.031e-12)
[RMPCC 0352] OK solve=133.7ms pose=(1.809,0.092,-0.254) u=(0.004,0.024) s=2.884 PSDFmin=+0.009398 G=OK(+0.008397) MF=OK(active=20/20,min=+0.2,slack=+8.237e-13)
목적지에 도착했습니다! 현재 위치: [1.80931 0.09144], 시간: 35.30초
Using rmpcc optimizer with differential_drive dynamics:
median:  0.14789605140686035
std:  0.11078119813774606
min:  0.12128806114196777
max:  0.5060780048370361
Simulation finished.
Run outcome: status=success, reason=None, final_time=35.30000000000023, distance_to_goal=0.009721146920670621
Optimizer runtime stats: safe_stop_count=3, backup_feasible_qp_success_count=0, plant_input_apply_count=353, last_solve_mode=sqp_rti
Trial history saved to /home/taek111/projects/psdf_mpcc/benchmark_runs/maze_rectangle_nominal/mf_scale_1/data/trial_history_MPC_rmpcc_rectangle_maze_mf_scale_1.csv
RMPCC constraint history saved to /home/taek111/projects/psdf_mpcc/benchmark_runs/maze_rectangle_nominal/mf_scale_1/data/rmpcc_constraints_MPC_rmpcc_rectangle_maze_mf_scale_1.csv
RMPCC debug history saved to /home/taek111/projects/psdf_mpcc/benchmark_runs/maze_rectangle_nominal/mf_scale_1/data/cycle_raw.csv
RMPCC debug history saved to /home/taek111/projects/psdf_mpcc/benchmark_runs/maze_rectangle_nominal/mf_scale_1/data/covariance_trajectory.csv
Pose-SDF data saved to /home/taek111/projects/psdf_mpcc/benchmark_runs/maze_rectangle_nominal/mf_scale_1/data/pose_sdf_MPC_rmpcc_rectangle_maze_mf_scale_1.csv
Total data points: 353
SDF statistics - Min: -0.0005, Max: 0.0612, Mean: 0.0132
