RMPCC configured from config: horizon=20, tf=2.0, use_obstacle_constraint=True, use_row_mf=True, d_col=0.001, d_min=0.001, d_mf_mask=0.001, mf_slack_linear=100.0, mf_slack_quadratic=10.0, chance_epsilon=0.2, mf_active_start_step=1, mf_active_end_step=None, mf_active_terminal=True, sigma_f0=0.0002, sigma_l0=0.00025, sigma_psi0=0.00025, q_f0=0.0, q_l0=0.0, q_psi0=0.0, alpha_f=0.002, alpha_v=0.0004, alpha_kappa=0.01, beta_v=0.02, beta_kappa=0.008, beta_omega=0.008, enable_backup_solver=False, debug_mf=True, debug_infeasibility=True, augmented_psdf_device=cpu
Resetting rmpcc optimizer for clean state...
Trial failure criteria enabled: movement_window_sec=5.0, movement_threshold=0.005, max_consecutive_solver_failures=10
generating global path with A* + Line of Sight
시작 위치: [0.3 0.2]
목적지: [0.8 0.8]
도착 판정 기준: position <= 0.01m, angle <= 0.01rad
Setting up RMPCC-MF optimizer...
RMPCC-MF Row M configuration: enabled=True, active only when phi > d_mf_mask=0.001, configured stages=[1, 2, 3, 4, 5, 6, 7, 8, 9, 10, 11, 12, 13, 14, 15, 16, 17, 18, 19, 20]
/home/taek111/projects/psdf_mpcc/models/geometry_utils.py:241: UserWarning: Creating a tensor from a list of numpy.ndarrays is extremely slow. Please consider converting the list to a single numpy.ndarray with numpy.array() before converting to a tensor. (Triggered internally at ../torch/csrc/utils/tensor_new.cpp:230.)
  edgesA = torch.tensor(edgesA, dtype=torch.float32)
Added two affine safety rows at intermediate/terminal stages: 0=HARD guard/recovery, 1=SOFT MF
field AcadosOcpDims.N has been migrated to AcadosOcpOptions.N_horizon. setting AcadosOcpOptions.N_horizon = N. For future comppatibility, please use AcadosOcpOptions.N_horizon directly.

WARNING: Gauss-Newton Hessian approximation with EXTERNAL cost type not well defined!
got cost_type EXTERNAL for cost_type_0, cost_type, cost_type_e, hessian_approx: 'GAUSS_NEWTON'.
With this setting, acados will proceed computing the exact Hessian for the cost term and no Hessian contribution from constraints and dynamics.
If the external cost is a linear least squares cost, this coincides with the Gauss-Newton Hessian.
Note: There is also the option to use the external cost module with a numerical Hessian approximation (see `ext_cost_num_hess`).
OR the option to provide a symbolic custom Hessian approximation (see `cost_expr_ext_cost_custom_hess`).

acados was compiled without OpenMP.
RMPCC-MF backup SQP_WITH_FEASIBLE_QP solver disabled; using nominal safe-stop recovery.
[RMPCC 0000] OK solve=63.3ms pose=(0.300,0.200,0.000) u=(0.091,-0.000) s=0.016 PSDFmin=-0.0149 G=OK(+0.104) MF=OK(active=20/20,min=+0.2,slack=+6.945e-11)
[RMPCC 0001] OK solve=52.7ms pose=(0.309,0.200,-0.000) u=(0.071,0.766) s=0.026 PSDFmin=+0.01016 G=OK(+0.07162) MF=OK(active=18/20,min=+0.2,slack=+3.274e-16)
[RMPCC 0002] OK solve=65.1ms pose=(0.316,0.200,0.077) u=(0.068,0.855) s=0.031 PSDFmin=-0.0006442 G=OK(+0.02558) MF=OK(active=20/20,min=+2.577e-14,slack=+5.758e-17)
[RMPCC 0003] OK solve=57.8ms pose=(0.323,0.201,0.162) u=(0.098,0.567) s=0.040 PSDFmin=+0.007067 G=OK(+0.01439) MF=OK(active=19/20,min=+9.56e-15,slack=+6.871e-16)
[RMPCC 0004] OK solve=136.0ms pose=(0.333,0.202,0.219) u=(0.105,0.842) s=0.047 PSDFmin=-0.02598 G=OK(+0.028) MF=OK(active=20/20,min=+2.19e-13,slack=+1.369e-15)
[RMPCC 0005] OK solve=136.8ms pose=(0.343,0.204,0.303) u=(0.101,0.628) s=0.058 PSDFmin=+0.004425 G=OK(+0.001262) MF=OK(active=15/20,min=+3.241e-14,slack=+4.662e-15)
[RMPCC 0006] OK solve=53.8ms pose=(0.353,0.207,0.366) u=(0.149,0.239) s=0.071 PSDFmin=-0.001578 G=OK(+0.02022) MF=OK(active=20/20,min=+2.248e-12,slack=+1.314e-14)
[RMPCC 0007] OK solve=55.5ms pose=(0.366,0.213,0.390) u=(0.120,1.136) s=0.083 PSDFmin=+0.002169 G=OK(+0.02044) MF=OK(active=18/20,min=+1.194e-10,slack=+6.345e-13)
[RMPCC 0008] OK solve=66.4ms pose=(0.378,0.217,0.503) u=(0.129,0.527) s=0.095 PSDFmin=+0.007664 G=OK(+0.02691) MF=OK(active=20/20,min=+1.963e-10,slack=+1.169e-12)
[RMPCC 0009] OK solve=55.7ms pose=(0.389,0.223,0.556) u=(0.089,0.898) s=0.106 PSDFmin=+0.007723 G=OK(+0.009769) MF=OK(active=20/20,min=+1.672e-12,slack=+8.229e-15)
[RMPCC 0010] OK solve=66.1ms pose=(0.396,0.228,0.646) u=(0.114,0.406) s=0.116 PSDFmin=+0.01531 G=OK(+0.01707) MF=OK(active=20/20,min=+7.855e-09,slack=+1.062e-11)
[RMPCC 0011] OK solve=120.5ms pose=(0.405,0.235,0.687) u=(0.082,0.157) s=0.125 PSDFmin=-0.008206 G=OK(+0.00988) MF=OK(active=20/20,min=+9.235e-10,slack=+6.353e-12)
[RMPCC 0012] OK solve=146.2ms pose=(0.412,0.240,0.702) u=(0.090,0.787) s=0.135 PSDFmin=-0.006993 G=OK(+0.0005212) MF=OK(active=17/20,min=+9.343e-12,slack=+3.606e-13)
[RMPCC 0013] OK solve=52.7ms pose=(0.419,0.246,0.781) u=(0.121,0.333) s=0.143 PSDFmin=+0.004629 G=OK(+0.01813) MF=OK(active=12/20,min=+7.834e-14,slack=+1.776e-16)
[RMPCC 0014] OK solve=134.9ms pose=(0.427,0.255,0.814) u=(0.542,-1.072) s=0.147 PSDFmin=-0.01895 G=OK(+0) MF=OK(active=20/20,min=-1.758e-15,slack=+0.4016)
[RMPCC 0015] OK solve=237.7ms pose=(0.464,0.294,0.707) u=(0.276,-1.200) s=0.199 PSDFmin=+0.00105 G=OK(+8.993e-15) MF=OK(active=14/20,min=+6.03e-16,slack=+0.0005189)
Acados solver failed with status 4
Acados residuals [stat, eq, ineq, comp]: [3016.72915    0.12       0.71794    2.93771]
Acados SQP iterations: 1
RMPCC-MF diagnostics captured before infeasibility recovery.
RMPCC-MF failed-iterate infeasibility candidates:
  - {'constraint': 'row_m_soft_after_slack', 'stages': array([ 1, 10, 13, 14, 16, 17, 18, 19, 20]), 'minimum_residual': -0.7179384788312883}
  - {'constraint': 'dynamics_or_stage0_equality', 'maximum_residual': 0.11999999999957084}
RMPCC-MF inactive Row M stages are trivially feasible.
RMPCC-MF minimum box residuals [state | input]: 1.741719004455714e-17 | 1.9251267247000214e-12
SQP_RTI solver failed with status 4. Starting infeasible recovery.
Backup solver is unavailable; falling back to safe stop.
Applied nominal_safe_controller safe-stop plan after infeasible RMPCC-MF solve.
[RMPCC 0016] SAFE_STOP solve=235.9ms pose=(0.485,0.312,0.587) u=(0.176,0.000) s=0.227 PSDFmin=-0.01876 G=FAIL(-0.04876) MF=FAIL(active=16/20,min=n/a,slack=n/a)
Acados solver failed with status 4
Acados residuals [stat, eq, ineq, comp]: [100.        0.01463   0.01976   0.     ]
Acados SQP iterations: 1
RMPCC-MF diagnostics captured before infeasibility recovery.
RMPCC-MF failed-iterate infeasibility candidates:
  - {'constraint': 'row_g_hard_guard', 'stages': array([ 1,  2,  3,  4,  5,  6,  7,  8,  9, 10, 11, 12, 13, 14, 15, 16, 17,
       18, 19, 20]), 'minimum_residual': -0.01976315474510193}
  - {'constraint': 'dynamics_or_stage0_equality', 'maximum_residual': 0.014631840515954453}
RMPCC-MF inactive Row M stages are trivially feasible.
RMPCC-MF minimum box residuals [state | input]: 0.0 | 0.0
SQP_RTI solver failed with status 4. Starting infeasible recovery.
Backup solver is unavailable; falling back to safe stop.
Applied nominal_safe_controller safe-stop plan after infeasible RMPCC-MF solve.
[RMPCC 0017] SAFE_STOP solve=88.1ms pose=(0.500,0.322,0.587) u=(0.076,0.000) s=0.241 PSDFmin=-0.01876 G=FAIL(-0.01976) MF=inactive(active=0/20)
Acados solver failed with status 4
Acados residuals [stat, eq, ineq, comp]: [100.        0.00631   0.01976   0.     ]
Acados SQP iterations: 1
RMPCC-MF diagnostics captured before infeasibility recovery.
RMPCC-MF failed-iterate infeasibility candidates:
  - {'constraint': 'row_g_hard_guard', 'stages': array([ 1,  2,  3,  4,  5,  6,  7,  8,  9, 10, 11, 12, 13, 14, 15, 16, 17,
       18, 19, 20]), 'minimum_residual': -0.01976315474510193}
  - {'constraint': 'dynamics_or_stage0_equality', 'maximum_residual': 0.006305885184725524}
RMPCC-MF inactive Row M stages are trivially feasible.
RMPCC-MF minimum box residuals [state | input]: 3.9e-08 | 0.0
SQP_RTI solver failed with status 4. Starting infeasible recovery.
Backup solver is unavailable; falling back to safe stop.
Applied nominal_safe_controller safe-stop plan after infeasible RMPCC-MF solve.
[RMPCC 0018] SAFE_STOP solve=87.5ms pose=(0.506,0.326,0.587) u=(0.000,0.000) s=0.241 PSDFmin=-0.01876 G=FAIL(-0.01976) MF=inactive(active=0/20)
[RMPCC 0019] OK solve=57.0ms pose=(0.506,0.326,0.587) u=(-0.235,0.532) s=0.241 PSDFmin=+0.001123 G=OK(+6.661e-16) MF=inactive(active=0/20)
[RMPCC 0020] OK solve=128.0ms pose=(0.487,0.313,0.640) u=(-0.117,0.516) s=0.229 PSDFmin=+0.001003 G=OK(+2.345e-12) MF=OK(active=20/20,min=+0.1948,slack=+2.394e-14)
[RMPCC 0021] OK solve=167.2ms pose=(0.477,0.306,0.692) u=(-0.059,0.658) s=0.215 PSDFmin=+0.01605 G=OK(+0.01405) MF=OK(active=19/20,min=+9.56e-09,slack=+8.123e-13)
[RMPCC 0022] OK solve=60.9ms pose=(0.473,0.302,0.758) u=(-0.029,0.815) s=0.211 PSDFmin=-0.0169 G=OK(+0.0164) MF=OK(active=20/20,min=+3.508e-10,slack=+7.068e-13)
[RMPCC 0023] OK solve=52.1ms pose=(0.471,0.300,0.839) u=(-0.014,0.692) s=0.208 PSDFmin=+0.01635 G=OK(+0.01848) MF=OK(active=16/20,min=-7.03e-15,slack=+1.022e-15)
[RMPCC 0024] OK solve=134.1ms pose=(0.470,0.299,0.908) u=(-0.007,0.346) s=0.207 PSDFmin=-0.03018 G=OK(+0.02029) MF=OK(active=20/20,min=+1.35e-11,slack=+8.565e-14)
[RMPCC 0025] OK solve=144.9ms pose=(0.469,0.298,0.943) u=(-0.003,0.949) s=0.206 PSDFmin=+0.01279 G=OK(+6.828e-15) MF=OK(active=15/20,min=+1.778e-14,slack=+1.834e-17)
[RMPCC 0026] OK solve=140.5ms pose=(0.469,0.298,1.038) u=(0.000,0.475) s=0.206 PSDFmin=+0.002414 G=OK(+0.002172) MF=OK(active=20/20,min=+7.162e-12,slack=+1.005e-13)
[RMPCC 0027] OK solve=240.1ms pose=(0.469,0.298,1.085) u=(0.082,0.723) s=0.206 PSDFmin=-0.01686 G=OK(+0.01289) MF=OK(active=15/20,min=+0.0685,slack=+3.009e-13)
[RMPCC 0028] OK solve=135.9ms pose=(0.473,0.305,1.158) u=(0.112,0.769) s=0.214 PSDFmin=+0.01005 G=OK(+0.01165) MF=OK(active=17/20,min=+1.468e-14,slack=+2.217e-17)
[RMPCC 0029] OK solve=124.3ms pose=(0.478,0.316,1.235) u=(0.064,0.371) s=0.224 PSDFmin=-0.01454 G=OK(+0.01149) MF=OK(active=20/20,min=+1.07e-09,slack=+9.377e-12)
[RMPCC 0030] OK solve=206.8ms pose=(0.480,0.322,1.272) u=(0.092,1.003) s=0.229 PSDFmin=+0.006367 G=OK(+1.599e-11) MF=OK(active=17/20,min=+8.82e-11,slack=+1.386e-13)
[RMPCC 0031] OK solve=211.0ms pose=(0.482,0.331,1.372) u=(0.145,0.394) s=0.234 PSDFmin=+0.005199 G=OK(+0.01252) MF=OK(active=19/20,min=+4.97e-12,slack=+3.286e-14)
[RMPCC 0032] OK solve=125.1ms pose=(0.485,0.345,1.411) u=(0.074,0.190) s=0.255 PSDFmin=-0.01166 G=OK(+0.01345) MF=OK(active=19/20,min=+8.375e-10,slack=+5.053e-13)
[RMPCC 0033] OK solve=55.4ms pose=(0.486,0.352,1.430) u=(0.104,-0.194) s=0.256 PSDFmin=+0.003978 G=OK(+0.002946) MF=OK(active=13/20,min=+6.457e-13,slack=+6.262e-15)
[RMPCC 0034] OK solve=129.6ms pose=(0.488,0.362,1.411) u=(0.052,-0.097) s=0.269 PSDFmin=-0.001276 G=OK(+0.01389) MF=OK(active=20/20,min=+8.798e-12,slack=+1.015e-12)
[RMPCC 0035] OK solve=136.7ms pose=(0.489,0.368,1.401) u=(0.121,0.160) s=0.271 PSDFmin=+0.0002141 G=OK(+0.01428) MF=OK(active=17/20,min=-3.057e-14,slack=+1.029e-14)
[RMPCC 0036] OK solve=64.1ms pose=(0.491,0.380,1.417) u=(0.061,0.244) s=0.284 PSDFmin=+0.002592 G=OK(+0.01534) MF=OK(active=19/20,min=+9.729e-11,slack=+5.561e-13)
[RMPCC 0037] OK solve=63.3ms pose=(0.492,0.386,1.442) u=(0.132,0.487) s=0.300 PSDFmin=+5.311e-05 G=OK(+0.01746) MF=OK(active=20/20,min=+5.806e-09,slack=+1.191e-10)
[RMPCC 0038] OK solve=63.7ms pose=(0.493,0.399,1.490) u=(0.131,0.144) s=0.316 PSDFmin=+0.003657 G=OK(+0.01896) MF=OK(active=15/20,min=+2.413e-10,slack=+3.419e-13)
[RMPCC 0039] OK solve=73.0ms pose=(0.494,0.412,1.505) u=(0.136,0.311) s=0.319 PSDFmin=+0.008146 G=OK(+0.02108) MF=OK(active=20/20,min=+3.298e-13,slack=+1.009e-14)
[RMPCC 0040] OK solve=79.3ms pose=(0.495,0.425,1.536) u=(0.142,-0.008) s=0.335 PSDFmin=-0.003319 G=OK(+0.0222) MF=OK(active=20/20,min=+3.08e-11,slack=+8.636e-14)
[RMPCC 0041] OK solve=68.1ms pose=(0.496,0.440,1.535) u=(0.158,0.207) s=0.353 PSDFmin=+0.01578 G=OK(+0.02413) MF=OK(active=14/20,min=+1.115e-14,slack=+5.028e-17)
[RMPCC 0042] OK solve=151.5ms pose=(0.496,0.455,1.556) u=(0.183,-0.191) s=0.359 PSDFmin=+0.002658 G=OK(+0.01887) MF=OK(active=20/20,min=+7.767e-15,slack=+2.347e-16)
[RMPCC 0043] OK solve=136.9ms pose=(0.497,0.474,1.537) u=(0.233,0.290) s=0.377 PSDFmin=+0.01732 G=OK(+0.02011) MF=OK(active=19/20,min=+7.339e-11,slack=+8.988e-14)
[RMPCC 0044] OK solve=67.5ms pose=(0.497,0.497,1.566) u=(0.388,-0.529) s=0.401 PSDFmin=+0.001006 G=OK(+3.664e-15) MF=OK(active=20/20,min=+2.192e-14,slack=+1.598e-16)
[RMPCC 0045] OK solve=139.1ms pose=(0.498,0.536,1.513) u=(0.195,-0.466) s=0.441 PSDFmin=+0.002579 G=OK(+0.0135) MF=OK(active=20/20,min=+5.957e-08,slack=+2.295e-11)
[RMPCC 0046] OK solve=130.5ms pose=(0.499,0.555,1.466) u=(0.133,-0.170) s=0.455 PSDFmin=+0.02102 G=OK(+0.02044) MF=OK(active=19/20,min=+1.417e-13,slack=+3.223e-15)
[RMPCC 0047] OK solve=53.9ms pose=(0.500,0.568,1.449) u=(0.700,1.200) s=0.469 PSDFmin=-0.08844 G=OK(+6.328e-15) MF=OK(active=20/20,min=-1.29e-13,slack=+0.009361)
[RMPCC 0048] OK solve=60.1ms pose=(0.509,0.638,1.569) u=(0.575,1.200) s=0.527 PSDFmin=-0.05499 G=OK(-2.22e-16) MF=OK(active=5/20,min=-4.885e-15,slack=+1.543)
[RMPCC 0049] OK solve=61.6ms pose=(0.509,0.695,1.689) u=(0.288,1.182) s=0.597 PSDFmin=-0.166 G=OK(+0) MF=OK(active=11/20,min=-4.441e-15,slack=+2.474)
[RMPCC 0050] OK solve=136.4ms pose=(0.505,0.724,1.807) u=(0.700,-0.023) s=0.625 PSDFmin=-0.08758 G=OK(+0) MF=OK(active=14/20,min=-3.533e-15,slack=+1.218)
[RMPCC 0051] OK solve=202.8ms pose=(0.489,0.792,1.805) u=(0.351,-0.667) s=0.684 PSDFmin=-0.0101 G=OK(+5.24e-14) MF=OK(active=3/20,min=+2.054e-13,slack=+7.366e-15)
[RMPCC 0052] OK solve=208.5ms pose=(0.481,0.826,1.738) u=(0.176,-0.669) s=0.691 PSDFmin=-0.04715 G=OK(+1.929e-11) MF=OK(active=15/20,min=+6.418e-11,slack=+0.5999)
[RMPCC 0053] OK solve=199.5ms pose=(0.478,0.843,1.672) u=(0.093,-0.404) s=0.699 PSDFmin=-0.04516 G=OK(+0) MF=OK(active=3/20,min=+5.547e-17,slack=+0.3005)
[RMPCC 0054] OK solve=286.3ms pose=(0.477,0.853,1.631) u=(0.047,-0.201) s=0.699 PSDFmin=-0.01724 G=OK(+0) MF=OK(active=7/20,min=-6.661e-16,slack=+0.7388)
[RMPCC 0055] OK solve=231.9ms pose=(0.477,0.857,1.611) u=(0.023,-0.100) s=0.699 PSDFmin=-0.01868 G=OK(+5.551e-17) MF=OK(active=13/20,min=-1.014e-15,slack=+0.8049)
[RMPCC 0056] OK solve=204.9ms pose=(0.477,0.860,1.601) u=(0.194,0.374) s=0.699 PSDFmin=-0.005742 G=OK(-5.551e-17) MF=OK(active=10/20,min=-1.419e-15,slack=+0.4764)
[RMPCC 0057] OK solve=143.0ms pose=(0.476,0.879,1.638) u=(0.207,-0.228) s=0.707 PSDFmin=-0.006741 G=OK(+2.554e-15) MF=OK(active=16/20,min=+5.795e-14,slack=+0.9189)
Acados solver failed with status 4
Acados residuals [stat, eq, ineq, comp]: [24204.9663      0.02278     0.34876    11.87034]
Acados SQP iterations: 1
RMPCC-MF diagnostics captured before infeasibility recovery.
RMPCC-MF failed-iterate infeasibility candidates:
  - {'constraint': 'row_g_hard_guard', 'stages': array([1]), 'minimum_residual': -0.007741471588611604}
  - {'constraint': 'row_m_soft_after_slack', 'stages': array([ 5,  6,  7, 11, 12, 15, 17, 20]), 'minimum_residual': -0.34875603330862653}
  - {'constraint': 'dynamics_or_stage0_equality', 'maximum_residual': 0.022783916841422114}
RMPCC-MF inactive Row M stages are trivially feasible.
RMPCC-MF minimum box residuals [state | input]: 1.0341964161196831e-18 | 7.431832926840798e-13
SQP_RTI solver failed with status 4. Starting infeasible recovery.
Backup solver is unavailable; falling back to safe stop.
Applied nominal_safe_controller safe-stop plan after infeasible RMPCC-MF solve.
[RMPCC 0058] SAFE_STOP solve=99.9ms pose=(0.475,0.900,1.616) u=(0.107,0.000) s=0.714 PSDFmin=-0.01815 G=FAIL(-0.04249) MF=FAIL(active=19/20,min=n/a,slack=n/a)
Acados solver failed with status 4
Acados residuals [stat, eq, ineq, comp]: [100.        0.01071   0.01915   0.     ]
Acados SQP iterations: 1
RMPCC-MF diagnostics captured before infeasibility recovery.
RMPCC-MF failed-iterate infeasibility candidates:
  - {'constraint': 'row_g_hard_guard', 'stages': array([ 1,  2,  3,  4,  5,  6,  7,  8,  9, 10, 11, 12, 13, 14, 15, 16, 17,
       18, 19, 20]), 'minimum_residual': -0.019148310482501985}
  - {'constraint': 'dynamics_or_stage0_equality', 'maximum_residual': 0.010709892973742363}
RMPCC-MF inactive Row M stages are trivially feasible.
RMPCC-MF minimum box residuals [state | input]: 3.9e-08 | 0.0
SQP_RTI solver failed with status 4. Starting infeasible recovery.
Backup solver is unavailable; falling back to safe stop.
Applied nominal_safe_controller safe-stop plan after infeasible RMPCC-MF solve.
[RMPCC 0059] SAFE_STOP solve=92.1ms pose=(0.474,0.910,1.616) u=(0.007,0.000) s=0.722 PSDFmin=-0.01815 G=FAIL(-0.01915) MF=inactive(active=0/20)
Acados solver failed with status 4
Acados residuals [stat, eq, ineq, comp]: [100.        0.00072   0.01915   0.     ]
Acados SQP iterations: 1
RMPCC-MF diagnostics captured before infeasibility recovery.
RMPCC-MF failed-iterate infeasibility candidates:
  - {'constraint': 'row_g_hard_guard', 'stages': array([ 1,  2,  3,  4,  5,  6,  7,  8,  9, 10, 11, 12, 13, 14, 15, 16, 17,
       18, 19, 20]), 'minimum_residual': -0.019148310482501985}
  - {'constraint': 'dynamics_or_stage0_equality', 'maximum_residual': 0.0007199436997220587}
RMPCC-MF inactive Row M stages are trivially feasible.
RMPCC-MF minimum box residuals [state | input]: 3.9e-08 | 0.0
SQP_RTI solver failed with status 4. Starting infeasible recovery.
Backup solver is unavailable; falling back to safe stop.
Applied nominal_safe_controller safe-stop plan after infeasible RMPCC-MF solve.
[RMPCC 0060] SAFE_STOP solve=88.1ms pose=(0.474,0.911,1.616) u=(0.000,0.000) s=0.722 PSDFmin=-0.01815 G=FAIL(-0.01915) MF=inactive(active=0/20)
[RMPCC 0061] OK solve=54.4ms pose=(0.474,0.911,1.616) u=(-0.168,-0.572) s=0.722 PSDFmin=+1.346e-05 G=OK(+1.19e-12) MF=inactive(active=0/20)
[RMPCC 0062] OK solve=58.2ms pose=(0.475,0.894,1.558) u=(-0.088,-0.274) s=0.714 PSDFmin=-0.02906 G=OK(+0.006621) MF=OK(active=19/20,min=+0.2,slack=+7.293e-13)
[RMPCC 0063] OK solve=63.1ms pose=(0.475,0.886,1.531) u=(-0.068,-0.065) s=0.714 PSDFmin=+0.0007555 G=OK(+1.11e-16) MF=OK(active=1/20,min=+9.437e-16,slack=+0.4944)
[RMPCC 0064] OK solve=136.9ms pose=(0.474,0.879,1.525) u=(-0.039,0.022) s=0.707 PSDFmin=-0.03801 G=OK(+1.776e-15) MF=OK(active=19/20,min=+3.501e-13,slack=+0.3642)
[RMPCC 0065] OK solve=239.1ms pose=(0.474,0.875,1.527) u=(-0.019,0.243) s=0.707 PSDFmin=-0.02731 G=OK(+1.443e-14) MF=OK(active=10/20,min=+1.626e-12,slack=+0.5889)
[RMPCC 0066] OK solve=214.6ms pose=(0.474,0.873,1.551) u=(-0.397,-0.182) s=0.707 PSDFmin=-0.0221 G=OK(+1.665e-15) MF=OK(active=7/20,min=+3.933e-14,slack=+6.469e-15)
[RMPCC 0067] OK solve=196.6ms pose=(0.473,0.833,1.533) u=(-0.208,0.112) s=0.691 PSDFmin=-0.0199 G=OK(+6.106e-16) MF=OK(active=11/20,min=+1.81e-14,slack=+0.7447)
[RMPCC 0068] OK solve=208.8ms pose=(0.473,0.813,1.544) u=(-0.104,1.200) s=0.684 PSDFmin=-0.003303 G=OK(+5.515e-11) MF=OK(active=13/20,min=-1.103e-11,slack=+0.7693)
[RMPCC 0069] OK solve=194.3ms pose=(0.472,0.802,1.664) u=(-0.700,0.024) s=0.684 PSDFmin=+0.004115 G=OK(+0.003053) MF=OK(active=14/20,min=+3.941e-15,slack=+0.3433)
[RMPCC 0070] OK solve=205.4ms pose=(0.479,0.732,1.667) u=(-0.352,0.433) s=0.625 PSDFmin=+0.003706 G=OK(+0.002656) MF=OK(active=15/20,min=-3.245e-15,slack=+0.3015)
[RMPCC 0071] OK solve=215.3ms pose=(0.482,0.697,1.710) u=(-0.176,0.652) s=0.583 PSDFmin=+0.00112 G=OK(+4.009e-10) MF=OK(active=11/20,min=+0.06257,slack=+1.443e-11)
[RMPCC 0072] OK solve=212.5ms pose=(0.485,0.680,1.775) u=(-0.118,0.281) s=0.569 PSDFmin=+0.001023 G=OK(+9.437e-16) MF=OK(active=16/20,min=-4.601e-13,slack=+0.731)
[RMPCC 0073] OK solve=123.4ms pose=(0.487,0.669,1.803) u=(-0.162,-0.091) s=0.555 PSDFmin=+0.002863 G=OK(+0.000995) MF=OK(active=18/20,min=+3.321e-13,slack=+8.406e-16)
[RMPCC 0074] OK solve=137.8ms pose=(0.491,0.653,1.794) u=(-0.089,-1.047) s=0.541 PSDFmin=+0.00582 G=OK(+0.003821) MF=OK(active=20/20,min=+2.043e-12,slack=+6.462e-15)
[RMPCC 0075] OK solve=142.9ms pose=(0.493,0.644,1.689) u=(-0.044,-1.200) s=0.541 PSDFmin=+0.0114 G=OK(+0.01033) MF=OK(active=19/20,min=+6.541e-13,slack=+2.219e-15)
[RMPCC 0076] OK solve=130.9ms pose=(0.493,0.640,1.569) u=(-0.022,-0.600) s=0.527 PSDFmin=+0.01089 G=OK(+0.01219) MF=OK(active=20/20,min=+1.461e-09,slack=+8.629e-12)
[RMPCC 0077] OK solve=127.5ms pose=(0.493,0.638,1.509) u=(-0.010,-0.831) s=0.527 PSDFmin=+0.008032 G=OK(+0.00909) MF=OK(active=19/20,min=+6.83e-16,slack=+2.399e-16)
[RMPCC 0078] OK solve=56.1ms pose=(0.493,0.636,1.426) u=(-0.004,-0.529) s=0.527 PSDFmin=+0.009279 G=OK(+0.0082) MF=OK(active=20/20,min=+4.551e-12,slack=+8.42e-15)
[RMPCC 0079] OK solve=129.2ms pose=(0.493,0.636,1.373) u=(0.001,-0.264) s=0.527 PSDFmin=+0.00762 G=OK(+0.006599) MF=OK(active=20/20,min=+5.46e-12,slack=+8.597e-14)
[RMPCC 0080] OK solve=206.1ms pose=(0.493,0.636,1.347) u=(0.233,-0.143) s=0.527 PSDFmin=+0.01219 G=OK(+0.01118) MF=OK(active=19/20,min=+6.956e-13,slack=+1.09e-15)
[RMPCC 0081] OK solve=201.7ms pose=(0.498,0.659,1.333) u=(0.117,-0.071) s=0.555 PSDFmin=+0.0142 G=OK(+0.0132) MF=OK(active=19/20,min=+5.164e-13,slack=+2.445e-14)
[RMPCC 0082] OK solve=124.6ms pose=(0.501,0.670,1.326) u=(0.176,-0.256) s=0.569 PSDFmin=+0.01588 G=OK(+0.01475) MF=OK(active=19/20,min=+2.328e-13,slack=+1.003e-15)
[RMPCC 0083] OK solve=63.0ms pose=(0.505,0.687,1.300) u=(0.107,-0.483) s=0.583 PSDFmin=+0.01558 G=OK(+0.01388) MF=OK(active=20/20,min=+6.878e-14,slack=+3.979e-16)
[RMPCC 0084] OK solve=71.0ms pose=(0.508,0.698,1.252) u=(0.163,-0.660) s=0.597 PSDFmin=+0.01633 G=OK(+0.01422) MF=OK(active=20/20,min=+3.633e-12,slack=+4.405e-15)
[RMPCC 0085] OK solve=66.5ms pose=(0.513,0.713,1.186) u=(0.119,-0.654) s=0.611 PSDFmin=+0.01619 G=OK(+0.01495) MF=OK(active=20/20,min=+1.867e-14,slack=+2.128e-17)
[RMPCC 0086] OK solve=61.1ms pose=(0.518,0.724,1.120) u=(0.142,-0.800) s=0.625 PSDFmin=+0.01713 G=OK(+0.01519) MF=OK(active=20/20,min=+3.885e-12,slack=+6.475e-15)
[RMPCC 0087] OK solve=62.2ms pose=(0.524,0.737,1.040) u=(0.125,-0.894) s=0.646 PSDFmin=+0.01852 G=OK(+0.01666) MF=OK(active=20/20,min=-5.509e-15,slack=+1.642e-15)
[RMPCC 0088] OK solve=63.2ms pose=(0.530,0.748,0.951) u=(0.113,-0.987) s=0.658 PSDFmin=+0.0206 G=OK(+0.0188) MF=OK(active=20/20,min=+1.602e-14,slack=+2.842e-17)
[RMPCC 0089] OK solve=54.1ms pose=(0.537,0.757,0.852) u=(0.114,-1.019) s=0.680 PSDFmin=+0.0232 G=OK(+0.02138) MF=OK(active=20/20,min=+2.982e-12,slack=+1.316e-13)
[RMPCC 0090] OK solve=53.1ms pose=(0.544,0.765,0.750) u=(0.109,-0.919) s=0.691 PSDFmin=+0.02604 G=OK(+0.02433) MF=OK(active=20/20,min=+0.0464,slack=+2.64e-13)
[RMPCC 0091] OK solve=60.9ms pose=(0.552,0.773,0.658) u=(0.110,-0.792) s=0.707 PSDFmin=+0.02887 G=OK(+0.02722) MF=OK(active=20/20,min=+0.1001,slack=+4.005e-17)
[RMPCC 0092] OK solve=57.9ms pose=(0.561,0.780,0.579) u=(0.109,-0.684) s=0.722 PSDFmin=+0.03169 G=OK(+0.03011) MF=OK(active=20/20,min=+0.1464,slack=+4.694e-17)
[RMPCC 0093] OK solve=53.0ms pose=(0.570,0.786,0.511) u=(0.109,-0.591) s=0.737 PSDFmin=+0.03448 G=OK(+0.03297) MF=OK(active=20/20,min=+0.1796,slack=+2.958e-11)
[RMPCC 0094] OK solve=59.4ms pose=(0.580,0.791,0.452) u=(0.108,-0.513) s=0.752 PSDFmin=+0.03722 G=OK(+0.03578) MF=OK(active=20/20,min=+0.1957,slack=+2.879e-17)
[RMPCC 0095] OK solve=56.5ms pose=(0.589,0.796,0.400) u=(0.099,-0.444) s=0.760 PSDFmin=+0.03988 G=OK(+0.03853) MF=OK(active=20/20,min=+0.1997,slack=+2.618e-17)
[RMPCC 0096] OK solve=55.3ms pose=(0.599,0.800,0.356) u=(0.100,-0.384) s=0.775 PSDFmin=+0.04241 G=OK(+0.04109) MF=OK(active=20/20,min=+0.1999,slack=+1.257e-13)
[RMPCC 0097] OK solve=59.3ms pose=(0.608,0.803,0.318) u=(0.093,-0.335) s=0.783 PSDFmin=+0.04484 G=OK(+0.04358) MF=OK(active=20/20,min=+0.2,slack=+2.761e-17)
[RMPCC 0098] OK solve=54.4ms pose=(0.617,0.806,0.284) u=(0.095,-0.294) s=0.798 PSDFmin=+0.04716 G=OK(+0.0459) MF=OK(active=20/20,min=+0.2,slack=+2.745e-17)
[RMPCC 0099] OK solve=61.6ms pose=(0.626,0.809,0.255) u=(0.089,-0.259) s=0.805 PSDFmin=+0.04998 G=OK(+0.04838) MF=OK(active=20/20,min=+0.2,slack=+1.388e-13)
[RMPCC 0100] OK solve=59.6ms pose=(0.634,0.811,0.229) u=(0.083,-0.227) s=0.813 PSDFmin=+0.05321 G=OK(+0.05185) MF=OK(active=20/20,min=+0.2,slack=+8.003e-13)
[RMPCC 0101] OK solve=53.8ms pose=(0.643,0.813,0.206) u=(0.079,-0.200) s=0.821 PSDFmin=+0.05613 G=OK(+0.05512) MF=OK(active=20/20,min=+0.2,slack=+1.525e-17)
[RMPCC 0102] OK solve=57.4ms pose=(0.650,0.814,0.186) u=(0.075,-0.177) s=0.828 PSDFmin=+0.0587 G=OK(+0.05769) MF=OK(active=20/20,min=+0.2,slack=+1.428e-17)
[RMPCC 0103] OK solve=55.2ms pose=(0.658,0.816,0.168) u=(0.072,-0.157) s=0.836 PSDFmin=+0.06097 G=OK(+0.05996) MF=OK(active=20/20,min=+0.2,slack=+2.472e-13)
[RMPCC 0104] OK solve=57.8ms pose=(0.665,0.817,0.153) u=(0.070,-0.140) s=0.843 PSDFmin=+0.06298 G=OK(+0.06198) MF=OK(active=20/20,min=+0.2,slack=+3.5e-13)
[RMPCC 0105] OK solve=55.5ms pose=(0.672,0.818,0.139) u=(0.068,-0.125) s=0.851 PSDFmin=+0.06478 G=OK(+0.06378) MF=OK(active=20/20,min=+0.2,slack=+2.853e-12)
[RMPCC 0106] OK solve=54.2ms pose=(0.678,0.819,0.126) u=(0.066,-0.113) s=0.859 PSDFmin=+0.06641 G=OK(+0.0654) MF=OK(active=20/20,min=+0.2,slack=+1.735e-17)
[RMPCC 0107] OK solve=58.9ms pose=(0.685,0.820,0.115) u=(0.065,-0.102) s=0.866 PSDFmin=+0.06787 G=OK(+0.06687) MF=OK(active=20/20,min=+0.2,slack=+7.991e-13)
[RMPCC 0108] OK solve=60.1ms pose=(0.691,0.820,0.105) u=(0.064,-0.093) s=0.874 PSDFmin=+0.0692 G=OK(+0.06819) MF=OK(active=20/20,min=+0.2,slack=+2.286e-15)
[RMPCC 0109] OK solve=67.2ms pose=(0.698,0.821,0.095) u=(0.055,-0.083) s=0.874 PSDFmin=+0.07031 G=OK(+0.06931) MF=OK(active=20/20,min=+0.2,slack=+1.987e-13)
[RMPCC 0110] OK solve=54.6ms pose=(0.703,0.822,0.087) u=(0.055,-0.075) s=0.881 PSDFmin=+0.07096 G=OK(+0.06996) MF=OK(active=20/20,min=+0.2,slack=+1.043e-12)
[RMPCC 0111] OK solve=62.8ms pose=(0.709,0.822,0.080) u=(0.056,-0.069) s=0.889 PSDFmin=+0.07093 G=OK(+0.06993) MF=OK(active=20/20,min=+0.2,slack=+2.98e-17)
[RMPCC 0112] OK solve=53.7ms pose=(0.714,0.823,0.073) u=(0.047,-0.062) s=0.889 PSDFmin=+0.07089 G=OK(+0.06989) MF=OK(active=20/20,min=+0.2,slack=+3.889e-17)
[RMPCC 0113] OK solve=56.0ms pose=(0.719,0.823,0.067) u=(0.049,-0.056) s=0.897 PSDFmin=+0.07087 G=OK(+0.06987) MF=OK(active=20/20,min=+0.2,slack=+3.192e-17)
[RMPCC 0114] OK solve=65.2ms pose=(0.724,0.823,0.061) u=(0.051,-0.052) s=0.904 PSDFmin=+0.07084 G=OK(+0.06984) MF=OK(active=20/20,min=+0.2,slack=+2.948e-17)
[RMPCC 0115] OK solve=55.3ms pose=(0.729,0.824,0.056) u=(0.043,-0.047) s=0.904 PSDFmin=+0.0708 G=OK(+0.0698) MF=OK(active=20/20,min=+0.2,slack=+1.231e-16)
[RMPCC 0116] OK solve=53.9ms pose=(0.733,0.824,0.051) u=(0.046,-0.044) s=0.912 PSDFmin=+0.07078 G=OK(+0.06978) MF=OK(active=20/20,min=+0.2,slack=+2.904e-17)
[RMPCC 0117] OK solve=57.8ms pose=(0.738,0.824,0.047) u=(0.039,-0.040) s=0.912 PSDFmin=+0.07075 G=OK(+0.06975) MF=OK(active=20/20,min=+0.2,slack=+7.503e-17)
[RMPCC 0118] OK solve=59.1ms pose=(0.742,0.824,0.043) u=(0.042,-0.037) s=0.919 PSDFmin=+0.07073 G=OK(+0.06973) MF=OK(active=20/20,min=+0.2,slack=+2.769e-17)
[RMPCC 0119] OK solve=59.8ms pose=(0.746,0.824,0.039) u=(0.036,-0.034) s=0.919 PSDFmin=+0.0707 G=OK(+0.0697) MF=OK(active=20/20,min=+0.2,slack=+2.998e-17)
[RMPCC 0120] OK solve=64.0ms pose=(0.750,0.825,0.036) u=(0.040,-0.031) s=0.927 PSDFmin=+0.07069 G=OK(+0.06969) MF=OK(active=20/20,min=+0.2,slack=+2.767e-17)
[RMPCC 0121] OK solve=57.1ms pose=(0.754,0.825,0.033) u=(0.034,-0.029) s=0.927 PSDFmin=+0.07066 G=OK(+0.06966) MF=OK(active=20/20,min=+0.2,slack=+1.571e-12)
[RMPCC 0122] OK solve=57.7ms pose=(0.757,0.825,0.030) u=(0.028,-0.026) s=0.927 PSDFmin=+0.07065 G=OK(+0.06965) MF=OK(active=20/20,min=+0.2,slack=+3.195e-17)
[RMPCC 0123] OK solve=62.7ms pose=(0.760,0.825,0.027) u=(0.033,-0.024) s=0.935 PSDFmin=+0.07062 G=OK(+0.06964) MF=OK(active=20/20,min=+0.2,slack=+1.767e-12)
[RMPCC 0124] OK solve=57.3ms pose=(0.763,0.825,0.025) u=(0.029,-0.022) s=0.935 PSDFmin=+0.07058 G=OK(+0.06958) MF=OK(active=20/20,min=+0.2,slack=+2.091e-17)
[RMPCC 0125] OK solve=53.6ms pose=(0.766,0.825,0.022) u=(0.024,-0.021) s=0.935 PSDFmin=+0.07055 G=OK(+0.06955) MF=OK(active=20/20,min=+0.2,slack=+9.575e-15)
[RMPCC 0126] OK solve=55.1ms pose=(0.768,0.825,0.020) u=(0.030,-0.019) s=0.942 PSDFmin=+0.07049 G=OK(+0.06949) MF=OK(active=20/20,min=+0.2,slack=+3.003e-17)
[RMPCC 0127] OK solve=59.2ms pose=(0.771,0.825,0.018) u=(0.025,-0.018) s=0.942 PSDFmin=+0.07045 G=OK(+0.06945) MF=OK(active=20/20,min=+0.2,slack=+9.028e-17)
[RMPCC 0128] OK solve=57.4ms pose=(0.774,0.825,0.017) u=(0.021,-0.016) s=0.942 PSDFmin=+0.07042 G=OK(+0.06942) MF=OK(active=20/20,min=+0.2,slack=+4.923e-16)
[RMPCC 0129] OK solve=52.1ms pose=(0.776,0.825,0.015) u=(0.028,-0.016) s=0.950 PSDFmin=+0.07037 G=OK(+0.06937) MF=OK(active=20/20,min=+0.2,slack=+3.52e-13)
[RMPCC 0130] OK solve=51.8ms pose=(0.779,0.825,0.013) u=(0.024,-0.014) s=0.950 PSDFmin=+0.07033 G=OK(+0.06933) MF=OK(active=20/20,min=+0.2,slack=+2.048e-17)
[RMPCC 0131] OK solve=58.0ms pose=(0.781,0.825,0.012) u=(0.020,-0.013) s=0.950 PSDFmin=+0.0703 G=OK(+0.0693) MF=OK(active=20/20,min=+0.2,slack=+3.111e-17)
[RMPCC 0132] OK solve=62.4ms pose=(0.783,0.825,0.011) u=(0.017,-0.012) s=0.950 PSDFmin=+0.07028 G=OK(+0.06928) MF=OK(active=20/20,min=+0.2,slack=+4.509e-15)
[RMPCC 0133] OK solve=58.3ms pose=(0.785,0.825,0.009) u=(0.014,-0.011) s=0.950 PSDFmin=+0.07025 G=OK(+0.06925) MF=OK(active=20/20,min=+0.2,slack=+2.113e-14)
[RMPCC 0134] OK solve=55.6ms pose=(0.786,0.825,0.008) u=(0.021,-0.011) s=0.957 PSDFmin=+0.0702 G=OK(+0.0692) MF=OK(active=20/20,min=+0.2,slack=+2.37e-17)
[RMPCC 0135] OK solve=66.7ms pose=(0.788,0.825,0.007) u=(0.018,-0.010) s=0.957 PSDFmin=+0.07018 G=OK(+0.06918) MF=OK(active=20/20,min=+0.2,slack=+2.456e-17)
[RMPCC 0136] OK solve=73.7ms pose=(0.790,0.825,0.006) u=(0.015,-0.009) s=0.957 PSDFmin=+0.07015 G=OK(+0.06915) MF=OK(active=20/20,min=+0.2,slack=+2.833e-17)
[RMPCC 0137] OK solve=73.8ms pose=(0.792,0.825,0.005) u=(0.013,-0.009) s=0.957 PSDFmin=+0.07013 G=OK(+0.06913) MF=OK(active=20/20,min=+0.2,slack=+1.408e-15)
[RMPCC 0138] OK solve=68.8ms pose=(0.793,0.825,0.004) u=(0.011,-0.008) s=0.957 PSDFmin=+0.0701 G=OK(+0.0691) MF=OK(active=20/20,min=+0.2,slack=+6.574e-15)
[RMPCC 0139] OK solve=69.9ms pose=(0.794,0.825,0.004) u=(0.019,-0.008) s=0.965 PSDFmin=+0.07006 G=OK(+0.06906) MF=OK(active=20/20,min=+0.2,slack=+6.168e-16)
[RMPCC 0140] OK solve=76.7ms pose=(0.796,0.825,0.003) u=(0.016,-0.007) s=0.965 PSDFmin=+0.07004 G=OK(+0.06904) MF=OK(active=20/20,min=+0.2,slack=+1.615e-13)
[RMPCC 0141] OK solve=70.6ms pose=(0.798,0.825,0.002) u=(0.014,-0.007) s=0.965 PSDFmin=+0.07002 G=OK(+0.06902) MF=OK(active=20/20,min=+0.2,slack=+3.029e-13)
[RMPCC 0142] OK solve=64.5ms pose=(0.799,0.825,0.001) u=(0.011,-0.006) s=0.965 PSDFmin=+0.07 G=OK(+0.069) MF=OK(active=20/20,min=+0.2,slack=+3.184e-14)
[RMPCC 0143] OK solve=52.2ms pose=(0.800,0.825,0.001) u=(0.010,-0.006) s=0.965 PSDFmin=+0.06998 G=OK(+0.06898) MF=OK(active=20/20,min=+0.2,slack=+5.724e-13)
[RMPCC 0144] OK solve=52.7ms pose=(0.801,0.825,0.000) u=(0.008,-0.006) s=0.965 PSDFmin=+0.06996 G=OK(+0.06896) MF=OK(active=20/20,min=+0.2,slack=+2.37e-17)
[RMPCC 0145] OK solve=56.5ms pose=(0.802,0.825,-0.000) u=(0.007,-0.005) s=0.965 PSDFmin=+0.06994 G=OK(+0.06894) MF=OK(active=20/20,min=+0.2,slack=+2.385e-17)
[RMPCC 0146] OK solve=55.8ms pose=(0.802,0.825,-0.001) u=(0.006,-0.005) s=0.966 PSDFmin=+0.06992 G=OK(+0.06892) MF=OK(active=20/20,min=+0.2,slack=+2.89e-17)
[RMPCC 0147] OK solve=55.8ms pose=(0.803,0.825,-0.002) u=(0.006,-0.005) s=0.966 PSDFmin=+0.0699 G=OK(+0.0689) MF=OK(active=20/20,min=+0.2,slack=+7.386e-17)
[RMPCC 0148] OK solve=64.0ms pose=(0.804,0.825,-0.002) u=(0.006,-0.005) s=0.967 PSDFmin=+0.06989 G=OK(+0.06889) MF=OK(active=20/20,min=+0.2,slack=+6.066e-17)
[RMPCC 0149] OK solve=55.4ms pose=(0.804,0.825,-0.002) u=(0.013,-0.005) s=0.973 PSDFmin=+0.06986 G=OK(+0.06886) MF=OK(active=20/20,min=+0.2,slack=+1.255e-15)
[RMPCC 0150] OK solve=58.6ms pose=(0.806,0.825,-0.003) u=(0.011,-0.005) s=0.973 PSDFmin=+0.06984 G=OK(+0.06884) MF=OK(active=20/20,min=+0.2,slack=+1.001e-12)
[RMPCC 0151] OK solve=68.6ms pose=(0.807,0.825,-0.003) u=(0.009,-0.004) s=0.973 PSDFmin=+0.06983 G=OK(+0.06883) MF=OK(active=20/20,min=+0.2,slack=+2.494e-17)
[RMPCC 0152] OK solve=59.0ms pose=(0.808,0.825,-0.004) u=(0.008,-0.004) s=0.973 PSDFmin=+0.06981 G=OK(+0.06881) MF=OK(active=20/20,min=+0.2,slack=+4.139e-17)
[RMPCC 0153] OK solve=53.9ms pose=(0.808,0.825,-0.004) u=(0.006,-0.004) s=0.973 PSDFmin=+0.0698 G=OK(+0.0688) MF=OK(active=20/20,min=+0.2,slack=+9.886e-17)
[RMPCC 0154] OK solve=60.2ms pose=(0.809,0.825,-0.005) u=(0.005,-0.003) s=0.973 PSDFmin=+0.06979 G=OK(+0.06879) MF=OK(active=20/20,min=+0.2,slack=+1.635e-16)
[RMPCC 0155] OK solve=53.3ms pose=(0.810,0.825,-0.005) u=(0.004,-0.003) s=0.973 PSDFmin=+0.06977 G=OK(+0.06877) MF=OK(active=20/20,min=+0.2,slack=+2.687e-12)
[RMPCC 0156] OK solve=60.4ms pose=(0.810,0.825,-0.005) u=(0.004,-0.003) s=0.973 PSDFmin=+0.06976 G=OK(+0.06876) MF=OK(active=20/20,min=+0.2,slack=+9.483e-14)
[RMPCC 0157] OK solve=55.6ms pose=(0.810,0.825,-0.006) u=(0.004,-0.003) s=0.974 PSDFmin=+0.06975 G=OK(+0.06875) MF=OK(active=20/20,min=+0.2,slack=+7.957e-14)
[RMPCC 0158] OK solve=59.3ms pose=(0.811,0.825,-0.006) u=(0.004,-0.003) s=0.974 PSDFmin=+0.06973 G=OK(+0.06873) MF=OK(active=20/20,min=+0.2,slack=+3.395e-16)
[RMPCC 0159] OK solve=51.4ms pose=(0.811,0.825,-0.006) u=(0.004,-0.003) s=0.974 PSDFmin=+0.06972 G=OK(+0.06872) MF=OK(active=20/20,min=+0.2,slack=+1.53e-11)
[RMPCC 0160] OK solve=55.6ms pose=(0.812,0.825,-0.006) u=(0.004,-0.003) s=0.975 PSDFmin=+0.0697 G=OK(+0.0687) MF=OK(active=20/20,min=+0.2,slack=+2.859e-13)
[RMPCC 0161] OK solve=63.7ms pose=(0.812,0.825,-0.007) u=(0.004,-0.003) s=0.975 PSDFmin=+0.06969 G=OK(+0.06869) MF=OK(active=20/20,min=+0.2,slack=+1.956e-13)
[RMPCC 0162] OK solve=55.2ms pose=(0.812,0.825,-0.007) u=(0.004,-0.003) s=0.975 PSDFmin=+0.06968 G=OK(+0.06868) MF=OK(active=20/20,min=+0.2,slack=+5.808e-13)
[RMPCC 0163] OK solve=59.4ms pose=(0.813,0.825,-0.007) u=(0.003,-0.003) s=0.976 PSDFmin=+0.06967 G=OK(+0.06867) MF=OK(active=20/20,min=+0.2,slack=+7.749e-13)
[RMPCC 0164] OK solve=59.0ms pose=(0.813,0.825,-0.008) u=(0.003,-0.003) s=0.976 PSDFmin=+0.06965 G=OK(+0.06865) MF=OK(active=20/20,min=+0.2,slack=+7.156e-13)
[RMPCC 0165] OK solve=58.0ms pose=(0.813,0.825,-0.008) u=(0.003,-0.003) s=0.977 PSDFmin=+0.06964 G=OK(+0.06864) MF=OK(active=20/20,min=+0.2,slack=+3.412e-13)
[RMPCC 0166] OK solve=52.6ms pose=(0.814,0.825,-0.008) u=(0.003,-0.003) s=0.977 PSDFmin=+0.06963 G=OK(+0.06863) MF=OK(active=20/20,min=+0.2,slack=+3.458e-13)
[RMPCC 0167] OK solve=57.7ms pose=(0.814,0.825,-0.008) u=(0.003,-0.002) s=0.977 PSDFmin=+0.06962 G=OK(+0.06862) MF=OK(active=20/20,min=+0.2,slack=+3.187e-13)
[RMPCC 0168] OK solve=51.9ms pose=(0.814,0.825,-0.009) u=(0.003,-0.002) s=0.977 PSDFmin=+0.06961 G=OK(+0.06861) MF=OK(active=20/20,min=+0.2,slack=+3.188e-13)
[RMPCC 0169] OK solve=59.3ms pose=(0.815,0.825,-0.009) u=(0.006,-0.002) s=0.980 PSDFmin=+0.0696 G=OK(+0.0686) MF=OK(active=20/20,min=+0.2,slack=+2.697e-13)
목적지에 도착했습니다! 현재 위치: [0.81528 0.8254 ], 시간: 17.00초
Using rmpcc optimizer with differential_drive dynamics:
median:  0.06290280818939209
std:  0.055523407005529594
min:  0.05141186714172363
max:  0.28634095191955566
Simulation finished.
Run outcome: status=success, reason=None, final_time=16.99999999999997, distance_to_goal=0.00972960959100617
Optimizer runtime stats: safe_stop_count=6, backup_feasible_qp_success_count=0, plant_input_apply_count=170, last_solve_mode=sqp_rti
Trial history saved to /home/taek111/projects/psdf_mpcc/debug_runs/rmpcc_tuning/p2-q10_s_path_r1/data/trial_history_MPC_rmpcc_rectangle_s_path_p2-q10_s_path_r1.csv
RMPCC constraint history saved to /home/taek111/projects/psdf_mpcc/debug_runs/rmpcc_tuning/p2-q10_s_path_r1/data/rmpcc_constraints_MPC_rmpcc_rectangle_s_path_p2-q10_s_path_r1.csv
RMPCC debug history saved to /home/taek111/projects/psdf_mpcc/debug_runs/rmpcc_tuning/p2-q10_s_path_r1/data/cycle_raw.csv
RMPCC debug history saved to /home/taek111/projects/psdf_mpcc/debug_runs/rmpcc_tuning/p2-q10_s_path_r1/data/covariance_trajectory.csv
Pose-SDF data saved to /home/taek111/projects/psdf_mpcc/debug_runs/rmpcc_tuning/p2-q10_s_path_r1/data/pose_sdf_MPC_rmpcc_rectangle_s_path_p2-q10_s_path_r1.csv
Total data points: 170
SDF statistics - Min: -0.0188, Max: 0.1050, Mean: 0.0435
