RMPCC configured from config: covariance_growth_scale=0.6, alpha_f=0.0012, alpha_v=0.00024, alpha_kappa=0.006, beta_v=0.012, beta_kappa=0.0048, beta_omega=0.0048
Resetting rmpcc optimizer for clean state...
generating global path with A* + Line of Sight
시작 위치: [0.075 0.795]
목적지: [1.8  0.09]
도착 판정 기준: position <= 0.01m, angle <= 0.01rad
Setting up RMPCC-MF optimizer...
RMPCC-MF Row M configuration: enabled=True, active only when phi > d_mf_mask=0.001, configured stages=[1, 2, 3, 4, 5, 6, 7, 8, 9, 10, 11, 12, 13, 14, 15, 16, 17, 18, 19, 20]
/home/taek111/projects/psdf_mpcc/models/geometry_utils.py:241: UserWarning: Creating a tensor from a list of numpy.ndarrays is extremely slow. Please consider converting the list to a single numpy.ndarray with numpy.array() before converting to a tensor. (Triggered internally at ../torch/csrc/utils/tensor_new.cpp:230.)
  edgesA = torch.tensor(edgesA, dtype=torch.float32)
Added two affine safety rows at intermediate/terminal stages: 0=HARD guard/recovery, 1=SOFT MF
field AcadosOcpDims.N has been migrated to AcadosOcpOptions.N_horizon. setting AcadosOcpOptions.N_horizon = N. For future comppatibility, please use AcadosOcpOptions.N_horizon directly.

WARNING: Gauss-Newton Hessian approximation with EXTERNAL cost type not well defined!
got cost_type EXTERNAL for cost_type_0, cost_type, cost_type_e, hessian_approx: 'GAUSS_NEWTON'.
With this setting, acados will proceed computing the exact Hessian for the cost term and no Hessian contribution from constraints and dynamics.
If the external cost is a linear least squares cost, this coincides with the Gauss-Newton Hessian.
Note: There is also the option to use the external cost module with a numerical Hessian approximation (see `ext_cost_num_hess`).
OR the option to provide a symbolic custom Hessian approximation (see `cost_expr_ext_cost_custom_hess`).

acados was compiled without OpenMP.
RMPCC-MF backup SQP_WITH_FEASIBLE_QP solver disabled; using nominal safe-stop recovery.
[RMPCC 0000] OK solve=137.4ms pose=(0.075,0.795,-1.571) u=(0.123,0.000) s=0.013 PSDFmin=+0.03 G=OK(+0.04134) MF=OK(active=20/20,min=+0.2,slack=+7.52e-12)
[RMPCC 0001] OK solve=139.5ms pose=(0.075,0.783,-1.571) u=(0.114,0.088) s=0.024 PSDFmin=-0.002916 G=OK(+6.62e-10) MF=OK(active=20/20,min=+0.2,slack=+1.93e-12)
[RMPCC 0002] OK solve=140.7ms pose=(0.075,0.771,-1.562) u=(0.120,0.085) s=0.035 PSDFmin=+0.007603 G=OK(+0.005775) MF=OK(active=14/20,min=+1.728e-12,slack=+1.246e-15)
[RMPCC 0003] OK solve=263.1ms pose=(0.075,0.759,-1.553) u=(0.163,-0.024) s=0.041 PSDFmin=+0.008333 G=OK(+0.0215) MF=OK(active=20/20,min=+1.347e-15,slack=+1.493e-17)
[RMPCC 0004] OK solve=268.3ms pose=(0.075,0.743,-1.556) u=(0.142,0.238) s=0.055 PSDFmin=-0.006955 G=OK(+1.277e-15) MF=OK(active=19/20,min=+7.579e-15,slack=+3.002e-17)
[RMPCC 0005] OK solve=130.7ms pose=(0.076,0.729,-1.532) u=(0.112,0.020) s=0.071 PSDFmin=+0.0005852 G=OK(+5.884e-15) MF=OK(active=10/20,min=+3.901e-12,slack=+2.518e-16)
[RMPCC 0006] OK solve=147.2ms pose=(0.076,0.717,-1.530) u=(0.147,-0.194) s=0.072 PSDFmin=+0.005844 G=OK(+0.00216) MF=OK(active=19/20,min=+6.25e-15,slack=+3.301e-17)
[RMPCC 0007] OK solve=283.9ms pose=(0.077,0.703,-1.549) u=(0.169,0.255) s=0.088 PSDFmin=-0.002205 G=OK(+6.466e-12) MF=OK(active=20/20,min=+2.099e-12,slack=+1.523e-14)
[RMPCC 0008] OK solve=332.6ms pose=(0.077,0.686,-1.524) u=(0.106,0.136) s=0.105 PSDFmin=-0.009049 G=OK(+0.006992) MF=OK(active=14/20,min=+4.524e-11,slack=+5.406e-14)
[RMPCC 0009] OK solve=265.4ms pose=(0.077,0.675,-1.510) u=(0.138,0.049) s=0.107 PSDFmin=+0.005548 G=OK(+0.008463) MF=OK(active=19/20,min=-1.081e-13,slack=+2.114e-15)
[RMPCC 0010] OK solve=419.8ms pose=(0.078,0.661,-1.505) u=(0.106,0.748) s=0.124 PSDFmin=+0.001355 G=OK(+0.001107) MF=OK(active=19/20,min=+1.81e-09,slack=+4.746e-12)
[RMPCC 0011] OK solve=281.3ms pose=(0.079,0.651,-1.431) u=(0.058,0.368) s=0.143 PSDFmin=+0.009204 G=OK(+0.008692) MF=OK(active=19/20,min=+1.607e-13,slack=+7.951e-16)
[RMPCC 0012] OK solve=264.9ms pose=(0.080,0.645,-1.394) u=(0.104,0.077) s=0.146 PSDFmin=+0.01015 G=OK(+0.005352) MF=OK(active=20/20,min=+3.458e-11,slack=+7.609e-14)
[RMPCC 0013] OK solve=399.2ms pose=(0.082,0.635,-1.386) u=(0.083,0.119) s=0.164 PSDFmin=-0.00297 G=OK(+3.479e-13) MF=OK(active=16/20,min=+1.259e-12,slack=+3.564e-15)
[RMPCC 0014] OK solve=267.8ms pose=(0.083,0.627,-1.374) u=(0.049,0.335) s=0.167 PSDFmin=+0.006548 G=OK(+0.006198) MF=OK(active=13/20,min=+7.819e-14,slack=+3.507e-17)
[RMPCC 0015] OK solve=273.7ms pose=(0.084,0.622,-1.341) u=(0.159,0.129) s=0.169 PSDFmin=-0.005353 G=OK(+0.01066) MF=OK(active=20/20,min=+1.784e-14,slack=+7.802e-17)
[RMPCC 0016] OK solve=402.6ms pose=(0.088,0.606,-1.328) u=(0.087,1.200) s=0.200 PSDFmin=+0.002611 G=OK(+0.002891) MF=OK(active=15/20,min=+3.265e-08,slack=+1.868e-11)
[RMPCC 0017] OK solve=405.6ms pose=(0.090,0.598,-1.208) u=(0.078,0.561) s=0.208 PSDFmin=+0.004626 G=OK(+0.007263) MF=OK(active=18/20,min=+1.91e-14,slack=+2.458e-17)
[RMPCC 0018] OK solve=386.3ms pose=(0.093,0.591,-1.152) u=(0.039,0.635) s=0.216 PSDFmin=+0.006931 G=OK(+0.005155) MF=OK(active=19/20,min=-3.269e-12,slack=+1.084e-13)
[RMPCC 0019] OK solve=386.1ms pose=(0.094,0.587,-1.088) u=(0.091,0.703) s=0.219 PSDFmin=-0.009039 G=OK(+0.003277) MF=OK(active=19/20,min=+1.046e-11,slack=+2.823e-14)
[RMPCC 0020] OK solve=420.3ms pose=(0.098,0.579,-1.018) u=(0.080,1.006) s=0.230 PSDFmin=+0.009051 G=OK(+0.006452) MF=OK(active=12/20,min=-1.147e-12,slack=+3.96e-14)
[RMPCC 0021] OK solve=387.6ms pose=(0.103,0.572,-0.917) u=(0.107,0.572) s=0.238 PSDFmin=+0.00219 G=OK(+0.007704) MF=OK(active=18/20,min=-6.662e-16,slack=+1.121e-15)
[RMPCC 0022] OK solve=267.6ms pose=(0.109,0.564,-0.860) u=(0.077,1.200) s=0.251 PSDFmin=+0.0005521 G=OK(+0.008134) MF=OK(active=18/20,min=+3.679e-06,slack=+3.429e-16)
[RMPCC 0023] OK solve=134.9ms pose=(0.114,0.558,-0.740) u=(0.077,0.973) s=0.252 PSDFmin=+0.0105 G=OK(+0.009021) MF=OK(active=19/20,min=+2.184e-10,slack=+6.548e-14)
[RMPCC 0024] OK solve=268.1ms pose=(0.120,0.553,-0.643) u=(0.073,0.463) s=0.265 PSDFmin=+0.01118 G=OK(+0.009901) MF=OK(active=20/20,min=+1.158e-13,slack=+8.633e-14)
[RMPCC 0025] OK solve=270.3ms pose=(0.126,0.548,-0.597) u=(0.084,1.028) s=0.266 PSDFmin=+0.01241 G=OK(+0.01084) MF=OK(active=19/20,min=+1.021e-11,slack=+2.584e-14)
[RMPCC 0026] OK solve=144.6ms pose=(0.133,0.544,-0.494) u=(0.118,0.613) s=0.280 PSDFmin=+0.007729 G=OK(+0.01087) MF=OK(active=20/20,min=+1.399e-11,slack=+5.799e-14)
[RMPCC 0027] OK solve=142.2ms pose=(0.143,0.538,-0.433) u=(0.118,1.200) s=0.285 PSDFmin=+0.004235 G=OK(+0.01475) MF=OK(active=20/20,min=+0.055,slack=+2.065e-17)
[RMPCC 0028] OK solve=131.6ms pose=(0.154,0.533,-0.313) u=(0.131,0.795) s=0.297 PSDFmin=+0.01858 G=OK(+0.01781) MF=OK(active=20/20,min=+1.045e-08,slack=+2.815e-12)
[RMPCC 0029] OK solve=137.9ms pose=(0.166,0.529,-0.233) u=(0.137,0.533) s=0.310 PSDFmin=+0.01867 G=OK(+0.01759) MF=OK(active=20/20,min=-2.822e-13,slack=+5.062e-14)
[RMPCC 0030] OK solve=126.5ms pose=(0.180,0.526,-0.180) u=(0.150,0.620) s=0.324 PSDFmin=+0.01806 G=OK(+0.01706) MF=OK(active=20/20,min=+4.535e-11,slack=+3.554e-12)
[RMPCC 0031] OK solve=134.2ms pose=(0.194,0.523,-0.118) u=(0.145,0.558) s=0.332 PSDFmin=+0.01369 G=OK(+0.01235) MF=OK(active=20/20,min=+2.589e-12,slack=+6.071e-15)
[RMPCC 0032] OK solve=129.3ms pose=(0.209,0.522,-0.062) u=(0.145,0.537) s=0.346 PSDFmin=+0.01058 G=OK(+0.008649) MF=OK(active=20/20,min=+1.658e-10,slack=+2.212e-13)
[RMPCC 0033] OK solve=139.9ms pose=(0.223,0.521,-0.008) u=(0.139,0.507) s=0.361 PSDFmin=+0.01271 G=OK(+0.01171) MF=OK(active=20/20,min=+2.312e-11,slack=+3.42e-14)
[RMPCC 0034] OK solve=145.8ms pose=(0.237,0.521,0.042) u=(0.134,0.493) s=0.374 PSDFmin=+0.009974 G=OK(+0.008734) MF=OK(active=20/20,min=-1.039e-13,slack=+5.446e-14)
[RMPCC 0035] OK solve=145.8ms pose=(0.251,0.521,0.092) u=(0.128,0.476) s=0.388 PSDFmin=+0.01084 G=OK(+0.009562) MF=OK(active=20/20,min=+7.972e-11,slack=+1.559e-13)
[RMPCC 0036] OK solve=150.1ms pose=(0.263,0.522,0.139) u=(0.122,0.468) s=0.399 PSDFmin=+0.007197 G=OK(+0.004971) MF=OK(active=20/20,min=+3.91e-14,slack=+5.152e-17)
[RMPCC 0037] OK solve=135.1ms pose=(0.275,0.524,0.186) u=(0.120,0.458) s=0.413 PSDFmin=+0.00639 G=OK(+0.002627) MF=OK(active=20/20,min=+5.085e-12,slack=+1.3e-14)
[RMPCC 0038] OK solve=148.1ms pose=(0.287,0.526,0.232) u=(0.115,0.515) s=0.425 PSDFmin=+0.004391 G=OK(+0.0005734) MF=OK(active=20/20,min=+1.139e-11,slack=+6.769e-15)
[RMPCC 0039] OK solve=143.3ms pose=(0.298,0.529,0.283) u=(0.109,0.362) s=0.432 PSDFmin=+0.005141 G=OK(+0.009782) MF=OK(active=20/20,min=+7.11e-14,slack=+6.363e-17)
[RMPCC 0040] OK solve=143.8ms pose=(0.309,0.532,0.320) u=(0.108,0.429) s=0.446 PSDFmin=+0.00202 G=OK(+1.565e-14) MF=OK(active=20/20,min=+1.035e-10,slack=+2.588e-14)
[RMPCC 0041] OK solve=147.6ms pose=(0.319,0.535,0.363) u=(0.105,0.326) s=0.456 PSDFmin=+0.006396 G=OK(+0.00872) MF=OK(active=20/20,min=+6.395e-14,slack=+4.679e-17)
[RMPCC 0042] OK solve=134.9ms pose=(0.329,0.539,0.395) u=(0.098,0.321) s=0.464 PSDFmin=-0.004696 G=OK(+0.002987) MF=OK(active=20/20,min=+1.484e-09,slack=+1.254e-12)
[RMPCC 0043] OK solve=139.0ms pose=(0.338,0.543,0.427) u=(0.099,0.177) s=0.474 PSDFmin=+0.007541 G=OK(+8.227e-11) MF=OK(active=19/20,min=+5.651e-09,slack=+1.679e-12)
[RMPCC 0044] OK solve=141.4ms pose=(0.347,0.547,0.445) u=(0.096,-0.039) s=0.484 PSDFmin=+0.01642 G=OK(+0.01518) MF=OK(active=20/20,min=+9.017e-09,slack=+1.012e-11)
[RMPCC 0045] OK solve=155.1ms pose=(0.356,0.551,0.441) u=(0.102,-0.040) s=0.496 PSDFmin=+0.01532 G=OK(+0.009223) MF=OK(active=20/20,min=+8.147e-13,slack=+7.785e-16)
[RMPCC 0046] OK solve=138.3ms pose=(0.365,0.555,0.437) u=(0.098,0.159) s=0.503 PSDFmin=+0.01649 G=OK(+0.01373) MF=OK(active=20/20,min=+5.34e-15,slack=+3.874e-17)
[RMPCC 0047] OK solve=148.4ms pose=(0.374,0.560,0.453) u=(0.104,-0.030) s=0.513 PSDFmin=+0.01456 G=OK(+0.01233) MF=OK(active=20/20,min=+1.022e-14,slack=+2.693e-17)
[RMPCC 0048] OK solve=144.4ms pose=(0.383,0.564,0.450) u=(0.118,0.072) s=0.527 PSDFmin=+0.01379 G=OK(+0.008404) MF=OK(active=20/20,min=+8.913e-15,slack=+3.108e-17)
[RMPCC 0049] OK solve=136.3ms pose=(0.394,0.569,0.457) u=(0.117,0.087) s=0.535 PSDFmin=+0.01212 G=OK(+0.009676) MF=OK(active=20/20,min=+1.159e-14,slack=+4.773e-17)
[RMPCC 0050] OK solve=135.5ms pose=(0.404,0.574,0.466) u=(0.121,-0.149) s=0.547 PSDFmin=+0.006659 G=OK(+0.006021) MF=OK(active=20/20,min=+1.779e-14,slack=+2.933e-17)
[RMPCC 0051] OK solve=144.6ms pose=(0.415,0.580,0.451) u=(0.128,0.128) s=0.562 PSDFmin=+0.01187 G=OK(+0.009399) MF=OK(active=20/20,min=+5.188e-13,slack=+6.158e-17)
[RMPCC 0052] OK solve=134.4ms pose=(0.427,0.585,0.464) u=(0.142,-0.204) s=0.580 PSDFmin=+0.007475 G=OK(+0.002106) MF=OK(active=20/20,min=+2.467e-08,slack=+1.232e-11)
[RMPCC 0053] OK solve=136.4ms pose=(0.439,0.592,0.443) u=(0.133,0.042) s=0.586 PSDFmin=+0.01046 G=OK(+0.008171) MF=OK(active=20/20,min=+1.87e-10,slack=+5.083e-14)
[RMPCC 0054] OK solve=132.1ms pose=(0.451,0.597,0.447) u=(0.144,-0.200) s=0.601 PSDFmin=+0.007402 G=OK(+0.004163) MF=OK(active=20/20,min=+1.258e-08,slack=+1.058e-10)
[RMPCC 0055] OK solve=123.9ms pose=(0.464,0.604,0.427) u=(0.160,0.075) s=0.621 PSDFmin=-0.003124 G=OK(+0.005405) MF=OK(active=20/20,min=+9.484e-14,slack=+1.598e-16)
[RMPCC 0056] OK solve=136.2ms pose=(0.479,0.610,0.435) u=(0.148,-0.208) s=0.629 PSDFmin=+0.007408 G=OK(+0.006178) MF=OK(active=16/20,min=+1.957e-14,slack=+3.481e-17)
[RMPCC 0057] OK solve=137.1ms pose=(0.492,0.617,0.414) u=(0.173,0.021) s=0.646 PSDFmin=+0.01116 G=OK(+0.007091) MF=OK(active=20/20,min=+3.736e-14,slack=+5.379e-17)
[RMPCC 0058] OK solve=145.9ms pose=(0.508,0.624,0.416) u=(0.194,-0.369) s=0.668 PSDFmin=-0.008644 G=OK(+1.488e-13) MF=OK(active=20/20,min=+5.385e-15,slack=+6.323e-17)
[RMPCC 0059] OK solve=136.5ms pose=(0.526,0.631,0.379) u=(0.138,-0.464) s=0.680 PSDFmin=-0.005006 G=OK(+0.004986) MF=OK(active=8/20,min=+7.658e-12,slack=+3.36e-14)
[RMPCC 0060] OK solve=134.1ms pose=(0.539,0.637,0.333) u=(0.160,-0.146) s=0.696 PSDFmin=+0.005606 G=OK(+2.22e-15) MF=OK(active=19/20,min=+2.85e-14,slack=+7.577e-17)
[RMPCC 0061] OK solve=187.3ms pose=(0.554,0.642,0.318) u=(0.155,-0.273) s=0.710 PSDFmin=+0.00276 G=OK(+3.031e-14) MF=OK(active=20/20,min=+1.156e-13,slack=+1.047e-15)
[RMPCC 0062] OK solve=260.2ms pose=(0.569,0.647,0.291) u=(0.139,-0.308) s=0.726 PSDFmin=+0.006208 G=OK(+0.006175) MF=OK(active=20/20,min=+9.97e-14,slack=+2.289e-16)
[RMPCC 0063] OK solve=289.2ms pose=(0.582,0.651,0.260) u=(0.149,-0.442) s=0.740 PSDFmin=+0.004682 G=OK(+5.551e-16) MF=OK(active=19/20,min=+4.473e-15,slack=+3.203e-17)
[RMPCC 0064] OK solve=142.9ms pose=(0.596,0.654,0.216) u=(0.123,-0.157) s=0.755 PSDFmin=-0.002227 G=OK(+0.006311) MF=OK(active=20/20,min=+3.586e-11,slack=+4.811e-14)
[RMPCC 0065] OK solve=133.5ms pose=(0.608,0.657,0.200) u=(0.121,-0.380) s=0.767 PSDFmin=-0.01797 G=OK(+0.008783) MF=OK(active=19/20,min=+7.893e-13,slack=+2.1e-15)
[RMPCC 0066] OK solve=126.0ms pose=(0.620,0.659,0.162) u=(0.113,-0.144) s=0.779 PSDFmin=-0.01101 G=OK(+4.441e-16) MF=OK(active=17/20,min=+1.423e-14,slack=+1.758e-17)
[RMPCC 0067] OK solve=132.7ms pose=(0.631,0.661,0.148) u=(0.098,-0.481) s=0.790 PSDFmin=-0.03598 G=OK(+0.01102) MF=OK(active=12/20,min=+3.557e-14,slack=+4.048e-17)
[RMPCC 0068] OK solve=139.8ms pose=(0.641,0.663,0.100) u=(0.114,-0.182) s=0.799 PSDFmin=-0.00663 G=OK(+7.161e-14) MF=OK(active=16/20,min=+3.169e-12,slack=+3.52e-15)
[RMPCC 0069] OK solve=139.6ms pose=(0.652,0.664,0.082) u=(0.102,-0.397) s=0.811 PSDFmin=-0.02326 G=OK(+0.01096) MF=OK(active=13/20,min=+2.995e-14,slack=+1.69e-15)
[RMPCC 0070] OK solve=133.1ms pose=(0.662,0.665,0.042) u=(0.114,-0.122) s=0.818 PSDFmin=+0.000595 G=OK(+1.332e-15) MF=OK(active=15/20,min=+6.4e-14,slack=+5.618e-17)
[RMPCC 0071] OK solve=127.9ms pose=(0.674,0.665,0.030) u=(0.111,-0.142) s=0.829 PSDFmin=+0.009277 G=OK(+0.01323) MF=OK(active=19/20,min=-1.214e-14,slack=+1.635e-14)
[RMPCC 0072] OK solve=266.2ms pose=(0.685,0.666,0.016) u=(0.189,-0.427) s=0.841 PSDFmin=+0.006823 G=OK(+0.009265) MF=OK(active=20/20,min=+1.83e-15,slack=+5.321e-17)
[RMPCC 0073] OK solve=403.6ms pose=(0.704,0.666,-0.027) u=(0.105,-0.330) s=0.859 PSDFmin=-0.01974 G=OK(+0.01299) MF=OK(active=19/20,min=+2.67e-14,slack=+5.955e-17)
[RMPCC 0074] OK solve=273.4ms pose=(0.714,0.666,-0.060) u=(0.084,-0.474) s=0.867 PSDFmin=+0.002414 G=OK(+3.286e-14) MF=OK(active=11/20,min=+4.745e-13,slack=+1.995e-15)
[RMPCC 0075] OK solve=150.4ms pose=(0.723,0.665,-0.107) u=(0.075,-0.338) s=0.878 PSDFmin=+0.011 G=OK(+0.01028) MF=OK(active=20/20,min=+7.158e-15,slack=+5.626e-17)
[RMPCC 0076] OK solve=266.6ms pose=(0.730,0.664,-0.141) u=(0.089,-0.371) s=0.883 PSDFmin=-0.004349 G=OK(+0.0009159) MF=OK(active=20/20,min=+3.974e-12,slack=+9.583e-15)
[RMPCC 0077] OK solve=260.7ms pose=(0.739,0.663,-0.178) u=(0.073,-0.588) s=0.895 PSDFmin=-0.0007303 G=OK(+2.165e-14) MF=OK(active=9/20,min=+9.948e-11,slack=+8.233e-14)
[RMPCC 0078] OK solve=145.3ms pose=(0.746,0.662,-0.237) u=(0.060,-0.594) s=0.900 PSDFmin=+0.003947 G=OK(+2.643e-10) MF=OK(active=19/20,min=+1.995e-13,slack=+5.95e-16)
[RMPCC 0079] OK solve=270.2ms pose=(0.752,0.660,-0.296) u=(0.077,-0.432) s=0.908 PSDFmin=+0.0004458 G=OK(+4.063e-14) MF=OK(active=20/20,min=+1.604e-14,slack=+5.569e-17)
[RMPCC 0080] OK solve=399.1ms pose=(0.759,0.658,-0.340) u=(0.061,-0.326) s=0.915 PSDFmin=-0.01057 G=OK(+4.087e-12) MF=OK(active=17/20,min=+6.397e-13,slack=+3.226e-14)
[RMPCC 0081] OK solve=277.2ms pose=(0.765,0.656,-0.372) u=(0.059,-1.086) s=0.921 PSDFmin=+0.004476 G=OK(+1.554e-15) MF=OK(active=5/20,min=+0.1098,slack=+3.474e-17)
[RMPCC 0082] OK solve=143.2ms pose=(0.771,0.654,-0.481) u=(0.037,-0.538) s=0.927 PSDFmin=+0.009012 G=OK(+0.01061) MF=OK(active=20/20,min=+3.988e-11,slack=+9.872e-14)
[RMPCC 0083] OK solve=133.8ms pose=(0.774,0.652,-0.535) u=(0.075,-0.570) s=0.931 PSDFmin=+0.008662 G=OK(+0.01015) MF=OK(active=20/20,min=+1.391e-14,slack=+1.731e-16)
[RMPCC 0084] OK solve=136.8ms pose=(0.780,0.648,-0.592) u=(0.038,-0.305) s=0.938 PSDFmin=-0.01394 G=OK(+0.008243) MF=OK(active=20/20,min=+3.508e-10,slack=+6.502e-13)
[RMPCC 0085] OK solve=260.6ms pose=(0.784,0.646,-0.622) u=(0.096,-0.515) s=0.942 PSDFmin=+0.005424 G=OK(+0.0001437) MF=OK(active=17/20,min=+3.165e-13,slack=+3.58e-16)
[RMPCC 0086] OK solve=394.4ms pose=(0.791,0.641,-0.674) u=(0.048,-0.606) s=0.952 PSDFmin=+0.006636 G=OK(+0.007577) MF=OK(active=19/20,min=+1.801e-11,slack=+2.258e-14)
[RMPCC 0087] OK solve=264.2ms pose=(0.795,0.638,-0.734) u=(0.105,-0.249) s=0.957 PSDFmin=+0.001654 G=OK(+0.001709) MF=OK(active=19/20,min=+2.633e-11,slack=+3.574e-14)
[RMPCC 0088] OK solve=151.3ms pose=(0.803,0.631,-0.759) u=(0.053,-0.604) s=0.967 PSDFmin=+0.0001314 G=OK(+0.001095) MF=OK(active=20/20,min=+2.413e-12,slack=+2.9e-15)
[RMPCC 0089] OK solve=138.3ms pose=(0.807,0.627,-0.820) u=(0.100,-0.270) s=0.972 PSDFmin=+0.006991 G=OK(+0.002154) MF=OK(active=19/20,min=+2.198e-12,slack=+2.079e-15)
[RMPCC 0090] OK solve=277.3ms pose=(0.814,0.620,-0.847) u=(0.050,-0.139) s=0.982 PSDFmin=-0.002484 G=OK(+0.005412) MF=OK(active=20/20,min=+6.399e-12,slack=+4.675e-14)
[RMPCC 0091] OK solve=274.9ms pose=(0.817,0.616,-0.861) u=(0.109,-0.305) s=0.987 PSDFmin=-0.004261 G=OK(+0.001022) MF=OK(active=18/20,min=+1.423e-14,slack=+2.07e-17)
[RMPCC 0092] OK solve=143.0ms pose=(0.824,0.608,-0.891) u=(0.090,-0.096) s=0.998 PSDFmin=+0.001554 G=OK(+0.004851) MF=OK(active=6/20,min=+7.822e-14,slack=+5.801e-17)
[RMPCC 0093] OK solve=139.6ms pose=(0.830,0.601,-0.901) u=(0.179,0.374) s=1.012 PSDFmin=-0.01357 G=OK(+0.004793) MF=OK(active=20/20,min=+6.477e-13,slack=+8.779e-15)
[RMPCC 0094] OK solve=153.8ms pose=(0.841,0.586,-0.863) u=(0.112,1.128) s=1.030 PSDFmin=-0.004545 G=OK(+1.435e-12) MF=OK(active=8/20,min=+0.02474,slack=+8.902e-15)
[RMPCC 0095] OK solve=126.3ms pose=(0.848,0.578,-0.751) u=(0.122,0.611) s=1.035 PSDFmin=+0.004897 G=OK(+0.003741) MF=OK(active=10/20,min=+1.009e-10,slack=+1.224e-13)
[RMPCC 0096] OK solve=269.5ms pose=(0.857,0.570,-0.690) u=(0.131,0.245) s=1.049 PSDFmin=-0.009397 G=OK(+0) MF=OK(active=20/20,min=-1.42e-14,slack=+0.102)
[RMPCC 0097] OK solve=398.7ms pose=(0.867,0.561,-0.665) u=(0.066,0.336) s=1.060 PSDFmin=+0.001007 G=OK(+1.199e-14) MF=OK(active=11/20,min=+1.213e-13,slack=+1.92e-16)
[RMPCC 0098] OK solve=389.5ms pose=(0.872,0.557,-0.632) u=(0.072,0.833) s=1.069 PSDFmin=-0.001979 G=OK(+4.685e-14) MF=OK(active=19/20,min=+8.23e-14,slack=+5.876e-16)
[RMPCC 0099] OK solve=263.3ms pose=(0.878,0.553,-0.548) u=(0.116,0.438) s=1.074 PSDFmin=+0.001703 G=OK(+5.54e-13) MF=OK(active=17/20,min=+1.702e-11,slack=+2.524e-14)
[RMPCC 0100] OK solve=130.3ms pose=(0.888,0.547,-0.504) u=(0.083,1.199) s=1.085 PSDFmin=-0.0162 G=OK(+0.007461) MF=OK(active=20/20,min=+7.33e-13,slack=+2.32e-15)
[RMPCC 0101] OK solve=132.4ms pose=(0.895,0.543,-0.385) u=(0.087,0.808) s=1.094 PSDFmin=-0.008587 G=OK(+0.004163) MF=OK(active=8/20,min=+3.832e-12,slack=+4.812e-16)
[RMPCC 0102] OK solve=131.0ms pose=(0.903,0.540,-0.304) u=(0.127,0.327) s=1.102 PSDFmin=+0.00261 G=OK(+4.441e-16) MF=OK(active=18/20,min=+5.35e-15,slack=+2.134e-17)
[RMPCC 0103] OK solve=146.9ms pose=(0.915,0.536,-0.271) u=(0.063,0.822) s=1.112 PSDFmin=-0.008488 G=OK(+0.01389) MF=OK(active=20/20,min=+1.489e-10,slack=+1.04e-12)
[RMPCC 0104] OK solve=144.2ms pose=(0.922,0.534,-0.189) u=(0.099,0.363) s=1.115 PSDFmin=-9.828e-05 G=OK(+2.442e-15) MF=OK(active=19/20,min=+1.252e-14,slack=+8.342e-17)
[RMPCC 0105] OK solve=138.3ms pose=(0.931,0.532,-0.153) u=(0.069,0.380) s=1.125 PSDFmin=+0.001114 G=OK(+3.464e-14) MF=OK(active=17/20,min=+1.928e-13,slack=+9.278e-16)
[RMPCC 0106] OK solve=139.7ms pose=(0.938,0.531,-0.115) u=(0.083,0.301) s=1.131 PSDFmin=+0.006116 G=OK(+0.004748) MF=OK(active=20/20,min=+1.431e-10,slack=+4.039e-13)
[RMPCC 0107] OK solve=125.9ms pose=(0.946,0.530,-0.085) u=(0.074,0.091) s=1.139 PSDFmin=-0.009961 G=OK(+0.01999) MF=OK(active=20/20,min=+7.824e-14,slack=+2.712e-16)
[RMPCC 0108] OK solve=135.6ms pose=(0.954,0.530,-0.075) u=(0.072,0.411) s=1.147 PSDFmin=-0.009081 G=OK(+2.442e-15) MF=OK(active=18/20,min=+7.025e-14,slack=+8.45e-17)
[RMPCC 0109] OK solve=130.5ms pose=(0.961,0.529,-0.034) u=(0.076,0.379) s=1.154 PSDFmin=-0.02259 G=OK(+0.009749) MF=OK(active=11/20,min=+1.208e-11,slack=+9.17e-15)
[RMPCC 0110] OK solve=143.4ms pose=(0.968,0.529,0.003) u=(0.082,0.152) s=1.161 PSDFmin=-0.002637 G=OK(+2.22e-15) MF=OK(active=16/20,min=+1.339e-14,slack=+6.519e-17)
[RMPCC 0111] OK solve=135.7ms pose=(0.977,0.529,0.019) u=(0.051,0.437) s=1.170 PSDFmin=+0.0009582 G=OK(+1.277e-15) MF=OK(active=18/20,min=+8.913e-15,slack=+3.133e-17)
[RMPCC 0112] OK solve=143.5ms pose=(0.982,0.529,0.062) u=(0.090,0.158) s=1.175 PSDFmin=+0.0006124 G=OK(+1.651e-13) MF=OK(active=19/20,min=+9.326e-13,slack=+1.752e-15)
[RMPCC 0113] OK solve=132.1ms pose=(0.991,0.530,0.078) u=(0.048,0.317) s=1.184 PSDFmin=+0.0005474 G=OK(+5.823e-14) MF=OK(active=19/20,min=+4.908e-12,slack=+1.893e-14)
[RMPCC 0114] OK solve=132.5ms pose=(0.995,0.530,0.110) u=(0.083,0.228) s=1.189 PSDFmin=-0.02072 G=OK(+0.00913) MF=OK(active=15/20,min=+1.261e-12,slack=+1.929e-15)
[RMPCC 0115] OK solve=128.2ms pose=(1.004,0.531,0.133) u=(0.082,0.085) s=1.197 PSDFmin=+0.0005253 G=OK(+2.032e-14) MF=OK(active=13/20,min=+6.254e-13,slack=+1.035e-15)
[RMPCC 0116] OK solve=132.8ms pose=(1.012,0.532,0.141) u=(0.071,0.250) s=1.205 PSDFmin=-0.0005458 G=OK(+1.095e-13) MF=OK(active=17/20,min=+3.408e-12,slack=+1.656e-14)
[RMPCC 0117] OK solve=132.7ms pose=(1.019,0.533,0.166) u=(0.056,0.311) s=1.212 PSDFmin=-0.003976 G=OK(+0.004178) MF=OK(active=19/20,min=+2.515e-11,slack=+5.798e-14)
[RMPCC 0118] OK solve=265.6ms pose=(1.024,0.534,0.197) u=(0.043,0.755) s=1.218 PSDFmin=+0.004342 G=OK(+0.005028) MF=OK(active=13/20,min=+4.902e-10,slack=+3.89e-12)
[RMPCC 0119] OK solve=396.0ms pose=(1.029,0.535,0.273) u=(0.093,0.345) s=1.222 PSDFmin=-0.005674 G=OK(+0.004611) MF=OK(active=19/20,min=+3.422e-13,slack=+1.715e-15)
[RMPCC 0120] OK solve=393.0ms pose=(1.038,0.537,0.307) u=(0.050,0.492) s=1.231 PSDFmin=-0.0056 G=OK(+0.001169) MF=OK(active=16/20,min=+6.208e-11,slack=+1.122e-13)
[RMPCC 0121] OK solve=414.6ms pose=(1.042,0.539,0.357) u=(0.106,0.500) s=1.235 PSDFmin=+0.006106 G=OK(+0.003785) MF=OK(active=15/20,min=-1.921e-11,slack=+1.213e-12)
[RMPCC 0122] OK solve=404.0ms pose=(1.052,0.542,0.406) u=(0.075,0.260) s=1.245 PSDFmin=+0.002294 G=OK(+3.112e-12) MF=OK(active=19/20,min=+6.788e-11,slack=+1.937e-13)
[RMPCC 0123] OK solve=257.4ms pose=(1.059,0.545,0.433) u=(0.129,0.688) s=1.252 PSDFmin=+0.005548 G=OK(+0.004625) MF=OK(active=17/20,min=+9.796e-15,slack=+2.571e-17)
[RMPCC 0124] OK solve=273.5ms pose=(1.071,0.551,0.501) u=(0.064,0.593) s=1.268 PSDFmin=+0.004772 G=OK(+0.004253) MF=OK(active=20/20,min=+1.549e-11,slack=+4.014e-14)
[RMPCC 0125] OK solve=402.0ms pose=(1.076,0.554,0.561) u=(0.091,0.820) s=1.274 PSDFmin=+0.006913 G=OK(+0.006363) MF=OK(active=19/20,min=+1.016e-11,slack=+1.556e-14)
[RMPCC 0126] OK solve=262.6ms pose=(1.084,0.559,0.643) u=(0.047,0.409) s=1.283 PSDFmin=+0.004393 G=OK(+0.003735) MF=OK(active=19/20,min=+7.79e-11,slack=+1.781e-13)
[RMPCC 0127] OK solve=134.0ms pose=(1.088,0.562,0.683) u=(0.114,0.139) s=1.288 PSDFmin=-0.0006806 G=OK(+3.404e-06) MF=OK(active=20/20,min=+2.979e-11,slack=+7.064e-14)
[RMPCC 0128] OK solve=143.0ms pose=(1.097,0.569,0.697) u=(0.057,0.358) s=1.299 PSDFmin=+0.003685 G=OK(+0.004873) MF=OK(active=17/20,min=+1.739e-12,slack=+1.838e-15)
[RMPCC 0129] OK solve=132.4ms pose=(1.101,0.572,0.733) u=(0.116,0.284) s=1.305 PSDFmin=-0.01315 G=OK(+0.003537) MF=OK(active=20/20,min=+5.378e-13,slack=+1.378e-15)
[RMPCC 0130] OK solve=270.5ms pose=(1.110,0.580,0.762) u=(0.058,1.200) s=1.316 PSDFmin=-0.0004591 G=OK(+0.002472) MF=OK(active=11/20,min=-1.52e-10,slack=+0.09833)
[RMPCC 0131] OK solve=262.1ms pose=(1.114,0.584,0.882) u=(0.113,0.581) s=1.322 PSDFmin=-0.00743 G=OK(+0.006186) MF=OK(active=16/20,min=+9.597e-12,slack=+1.024e-12)
[RMPCC 0132] OK solve=261.3ms pose=(1.121,0.593,0.940) u=(0.056,0.290) s=1.333 PSDFmin=+5.277e-05 G=OK(+0.002558) MF=OK(active=10/20,min=+2.649e-09,slack=+2.197e-12)
[RMPCC 0133] OK solve=282.5ms pose=(1.124,0.597,0.969) u=(0.135,0.068) s=1.339 PSDFmin=-0.01131 G=OK(+0.007966) MF=OK(active=16/20,min=+2.284e-11,slack=+3.415e-14)
[RMPCC 0134] OK solve=130.3ms pose=(1.132,0.608,0.975) u=(0.169,-0.551) s=1.351 PSDFmin=+0.009025 G=OK(+0.005144) MF=OK(active=7/20,min=+0.09501,slack=+1.825e-17)
[RMPCC 0135] OK solve=131.7ms pose=(1.142,0.622,0.920) u=(0.127,-1.171) s=1.367 PSDFmin=-0.01562 G=OK(+0.005523) MF=OK(active=20/20,min=+2.312e-14,slack=+3.198e-17)
[RMPCC 0136] OK solve=129.9ms pose=(1.149,0.633,0.803) u=(0.121,-1.200) s=1.380 PSDFmin=+0.01221 G=OK(+0.0104) MF=OK(active=5/20,min=+0.145,slack=+2.281e-17)
[RMPCC 0137] OK solve=132.3ms pose=(1.158,0.641,0.683) u=(0.172,-0.599) s=1.391 PSDFmin=-0.01647 G=OK(+0.0117) MF=OK(active=20/20,min=+5.331e-15,slack=+1.684e-17)
[RMPCC 0138] OK solve=131.1ms pose=(1.171,0.652,0.623) u=(0.126,-1.200) s=1.407 PSDFmin=+0.006435 G=OK(+0.0001707) MF=OK(active=3/20,min=+0.1992,slack=+2.052e-16)
[RMPCC 0139] OK solve=281.3ms pose=(1.181,0.660,0.503) u=(0.124,-1.200) s=1.421 PSDFmin=-0.001628 G=OK(+0.01593) MF=OK(active=20/20,min=+4.478e-15,slack=+3.764e-17)
[RMPCC 0140] OK solve=273.8ms pose=(1.192,0.665,0.383) u=(0.127,-0.608) s=1.429 PSDFmin=-0.001552 G=OK(+0.01157) MF=OK(active=14/20,min=+0.0199,slack=+1.869e-15)
[RMPCC 0141] OK solve=163.7ms pose=(1.204,0.670,0.323) u=(0.094,-0.575) s=1.446 PSDFmin=+0.01185 G=OK(+0.01286) MF=OK(active=14/20,min=+5.347e-15,slack=+1.769e-17)
[RMPCC 0142] OK solve=145.0ms pose=(1.213,0.673,0.265) u=(0.063,-0.263) s=1.449 PSDFmin=-0.003513 G=OK(+0.005898) MF=OK(active=20/20,min=+2.181e-10,slack=+3.026e-12)
[RMPCC 0143] OK solve=133.2ms pose=(1.219,0.675,0.239) u=(0.148,-1.001) s=1.462 PSDFmin=+0.002866 G=OK(+0.01582) MF=OK(active=16/20,min=+2.489e-14,slack=+2.541e-17)
[RMPCC 0144] OK solve=134.6ms pose=(1.233,0.678,0.139) u=(0.081,-0.613) s=1.466 PSDFmin=-0.003123 G=OK(+0.0009) MF=OK(active=20/20,min=+2.577e-13,slack=+9.689e-16)
[RMPCC 0145] OK solve=127.0ms pose=(1.241,0.679,0.077) u=(0.139,-0.773) s=1.476 PSDFmin=+0.001507 G=OK(+0.01077) MF=OK(active=17/20,min=+4.264e-14,slack=+1.656e-17)
[RMPCC 0146] OK solve=138.7ms pose=(1.255,0.681,0.000) u=(0.078,-0.375) s=1.490 PSDFmin=+0.003196 G=OK(+0.01944) MF=OK(active=20/20,min=+1.305e-12,slack=+1.021e-14)
[RMPCC 0147] OK solve=139.1ms pose=(1.263,0.681,-0.037) u=(0.123,-0.146) s=1.496 PSDFmin=+0.006501 G=OK(+0.01174) MF=OK(active=20/20,min=+2.226e-11,slack=+1.026e-13)
[RMPCC 0148] OK solve=135.4ms pose=(1.275,0.680,-0.052) u=(0.128,-0.248) s=1.508 PSDFmin=+0.002408 G=OK(+0.01141) MF=OK(active=20/20,min=+7.878e-11,slack=+5.518e-13)
[RMPCC 0149] OK solve=141.5ms pose=(1.288,0.679,-0.077) u=(0.116,0.021) s=1.521 PSDFmin=+0.004389 G=OK(+0.005135) MF=OK(active=20/20,min=+5.182e-14,slack=+3.37e-16)
[RMPCC 0150] OK solve=133.2ms pose=(1.299,0.679,-0.075) u=(0.133,-0.115) s=1.532 PSDFmin=+0.00354 G=OK(+0.01754) MF=OK(active=20/20,min=+1.697e-10,slack=+2.687e-13)
[RMPCC 0151] OK solve=139.5ms pose=(1.313,0.678,-0.086) u=(0.127,0.258) s=1.545 PSDFmin=-0.003631 G=OK(+0.00183) MF=OK(active=20/20,min=+4.377e-11,slack=+6.011e-14)
[RMPCC 0152] OK solve=149.0ms pose=(1.325,0.676,-0.060) u=(0.114,0.257) s=1.558 PSDFmin=-0.02047 G=OK(+1.094e-13) MF=OK(active=9/20,min=+2.124e-10,slack=+5.132e-15)
[RMPCC 0153] OK solve=135.9ms pose=(1.337,0.676,-0.035) u=(0.128,0.015) s=1.569 PSDFmin=+0.003514 G=OK(+2.087e-14) MF=OK(active=18/20,min=+6.304e-13,slack=+1.555e-15)
[RMPCC 0154] OK solve=127.5ms pose=(1.350,0.675,-0.033) u=(0.148,0.213) s=1.582 PSDFmin=+0.0138 G=OK(+0.01295) MF=OK(active=20/20,min=+7.131e-15,slack=+2.599e-17)
[RMPCC 0155] OK solve=128.5ms pose=(1.364,0.675,-0.012) u=(0.190,0.410) s=1.595 PSDFmin=-0.007234 G=OK(+0.01251) MF=OK(active=20/20,min=-1.186e-12,slack=+7.642e-14)
[RMPCC 0156] OK solve=137.0ms pose=(1.383,0.675,0.029) u=(0.173,0.098) s=1.615 PSDFmin=+0.000546 G=OK(+1.147e-13) MF=OK(active=16/20,min=+1.425e-12,slack=+2.838e-15)
[RMPCC 0157] OK solve=129.3ms pose=(1.401,0.675,0.039) u=(0.119,0.615) s=1.632 PSDFmin=+0.00094 G=OK(+1.735e-13) MF=OK(active=17/20,min=+8.104e-12,slack=+1.094e-14)
[RMPCC 0158] OK solve=120.4ms pose=(1.413,0.676,0.100) u=(0.129,0.256) s=1.640 PSDFmin=+0.01211 G=OK(+0.01158) MF=OK(active=19/20,min=+1.859e-12,slack=+4.135e-15)
[RMPCC 0159] OK solve=139.2ms pose=(1.425,0.677,0.126) u=(0.137,-0.036) s=1.657 PSDFmin=+0.01434 G=OK(+0.01323) MF=OK(active=20/20,min=+1.108e-11,slack=+2.18e-14)
[RMPCC 0160] OK solve=256.7ms pose=(1.439,0.679,0.122) u=(0.089,0.037) s=1.665 PSDFmin=+0.005264 G=OK(+0.005309) MF=OK(active=20/20,min=+8.959e-15,slack=+7.76e-17)
[RMPCC 0161] OK solve=263.5ms pose=(1.448,0.680,0.126) u=(0.110,0.184) s=1.680 PSDFmin=+0.01007 G=OK(+0.003766) MF=OK(active=18/20,min=+7.141e-15,slack=+3.587e-17)
[RMPCC 0162] OK solve=267.3ms pose=(1.459,0.681,0.145) u=(0.071,0.266) s=1.689 PSDFmin=+0.006995 G=OK(+0.006884) MF=OK(active=20/20,min=+2.72e-14,slack=+1.108e-16)
[RMPCC 0163] OK solve=401.4ms pose=(1.466,0.682,0.171) u=(0.095,0.259) s=1.692 PSDFmin=+0.006977 G=OK(+3.504e-12) MF=OK(active=19/20,min=+4.975e-13,slack=+4.765e-14)
[RMPCC 0164] OK solve=402.8ms pose=(1.475,0.684,0.197) u=(0.051,0.283) s=1.707 PSDFmin=+0.005282 G=OK(+0.007263) MF=OK(active=17/20,min=+2.14e-14,slack=+8.983e-17)
[RMPCC 0165] OK solve=412.1ms pose=(1.480,0.685,0.225) u=(0.104,0.615) s=1.712 PSDFmin=+0.001757 G=OK(+0.005085) MF=OK(active=18/20,min=+3.054e-12,slack=+5.589e-13)
[RMPCC 0166] OK solve=427.3ms pose=(1.490,0.687,0.287) u=(0.052,0.454) s=1.719 PSDFmin=-0.004016 G=OK(+0.006931) MF=OK(active=19/20,min=+7.538e-09,slack=+2.722e-11)
[RMPCC 0167] OK solve=397.7ms pose=(1.495,0.688,0.332) u=(0.092,0.427) s=1.728 PSDFmin=+0.001165 G=OK(+1.49e-11) MF=OK(active=17/20,min=-3.313e-12,slack=+2.112e-13)
[RMPCC 0168] OK solve=397.2ms pose=(1.504,0.691,0.375) u=(0.057,0.822) s=1.737 PSDFmin=+0.006128 G=OK(+0.002139) MF=OK(active=19/20,min=+2.767e-10,slack=+4.803e-13)
[RMPCC 0169] OK solve=402.9ms pose=(1.509,0.694,0.457) u=(0.089,0.372) s=1.742 PSDFmin=-0.008493 G=OK(+0.005811) MF=OK(active=19/20,min=+1.635e-14,slack=+3.029e-15)
[RMPCC 0170] OK solve=395.5ms pose=(1.517,0.697,0.494) u=(0.062,0.905) s=1.751 PSDFmin=+0.002931 G=OK(+0.003722) MF=OK(active=14/20,min=+6.202e-08,slack=+3.848e-11)
[RMPCC 0171] OK solve=398.5ms pose=(1.523,0.700,0.585) u=(0.061,0.434) s=1.759 PSDFmin=+0.008359 G=OK(+0.007335) MF=OK(active=19/20,min=+7.397e-09,slack=+8.814e-12)
[RMPCC 0172] OK solve=270.0ms pose=(1.528,0.704,0.628) u=(0.062,0.178) s=1.765 PSDFmin=-0.002143 G=OK(+0.004849) MF=OK(active=18/20,min=+6.402e-11,slack=+1.428e-13)
[RMPCC 0173] OK solve=133.2ms pose=(1.533,0.707,0.646) u=(0.093,0.650) s=1.771 PSDFmin=+0.008585 G=OK(+0.004146) MF=OK(active=19/20,min=+7.867e-12,slack=+1.374e-14)
[RMPCC 0174] OK solve=271.3ms pose=(1.540,0.713,0.711) u=(0.047,0.324) s=1.780 PSDFmin=+0.00138 G=OK(+0.008411) MF=OK(active=20/20,min=+4.625e-13,slack=+4.686e-15)
[RMPCC 0175] OK solve=275.9ms pose=(1.544,0.716,0.743) u=(0.083,0.339) s=1.785 PSDFmin=-0.004221 G=OK(+1.21e-13) MF=OK(active=19/20,min=+1.47e-12,slack=+1.303e-15)
[RMPCC 0176] OK solve=156.6ms pose=(1.550,0.722,0.777) u=(0.052,0.152) s=1.793 PSDFmin=-0.002444 G=OK(+0.005295) MF=OK(active=14/20,min=+3.448e-10,slack=+1.163e-12)
[RMPCC 0177] OK solve=137.1ms pose=(1.553,0.725,0.793) u=(0.102,0.336) s=1.798 PSDFmin=+0.003755 G=OK(+0.006029) MF=OK(active=16/20,min=+1.357e-10,slack=+2.065e-13)
[RMPCC 0178] OK solve=131.2ms pose=(1.561,0.733,0.826) u=(0.054,0.163) s=1.809 PSDFmin=-0.001187 G=OK(+0.005921) MF=OK(active=20/20,min=+2.66e-11,slack=+5.971e-14)
[RMPCC 0179] OK solve=133.1ms pose=(1.564,0.737,0.842) u=(0.128,0.152) s=1.823 PSDFmin=-0.003259 G=OK(+0.004113) MF=OK(active=17/20,min=+1.151e-12,slack=+3.243e-15)
[RMPCC 0180] OK solve=143.0ms pose=(1.573,0.746,0.858) u=(0.120,-0.090) s=1.826 PSDFmin=+0.0007248 G=OK(+1.211e-09) MF=OK(active=13/20,min=+2.631e-08,slack=+1.183e-11)
[RMPCC 0181] OK solve=143.5ms pose=(1.581,0.755,0.849) u=(0.237,-0.562) s=1.840 PSDFmin=-0.008984 G=OK(+0.005572) MF=OK(active=18/20,min=+3.832e-13,slack=+3.015e-15)
[RMPCC 0182] OK solve=150.4ms pose=(1.596,0.773,0.793) u=(0.118,-1.200) s=1.861 PSDFmin=-0.008627 G=OK(+0.002824) MF=OK(active=16/20,min=+0.08707,slack=+3.099e-14)
[RMPCC 0183] OK solve=206.9ms pose=(1.605,0.781,0.673) u=(0.107,-0.836) s=1.876 PSDFmin=+0.002266 G=OK(+1.155e-14) MF=OK(active=7/20,min=+9.878e-13,slack=+1.942e-16)
[RMPCC 0184] OK solve=144.6ms pose=(1.613,0.788,0.589) u=(0.152,-0.353) s=1.884 PSDFmin=-0.01773 G=OK(+0.005512) MF=OK(active=20/20,min=+7.11e-15,slack=+1.991e-17)
[RMPCC 0185] OK solve=145.5ms pose=(1.626,0.797,0.554) u=(0.097,-1.012) s=1.899 PSDFmin=-0.01202 G=OK(+0.006106) MF=OK(active=14/20,min=+0.08099,slack=+2.973e-15)
[RMPCC 0186] OK solve=149.3ms pose=(1.634,0.802,0.452) u=(0.097,-0.602) s=1.909 PSDFmin=+0.001931 G=OK(+5.329e-15) MF=OK(active=9/20,min=+7.56e-11,slack=+8.474e-15)
[RMPCC 0187] OK solve=145.4ms pose=(1.643,0.806,0.392) u=(0.150,-0.187) s=1.918 PSDFmin=-0.01533 G=OK(+0.008492) MF=OK(active=20/20,min=+1.184e-13,slack=+1.202e-15)
[RMPCC 0188] OK solve=155.3ms pose=(1.657,0.812,0.373) u=(0.103,-0.944) s=1.933 PSDFmin=-0.01804 G=OK(+0.01105) MF=OK(active=15/20,min=+0.1394,slack=+7.279e-16)
[RMPCC 0189] OK solve=151.1ms pose=(1.666,0.815,0.279) u=(0.087,-0.442) s=1.939 PSDFmin=-0.001758 G=OK(+5.886e-12) MF=OK(active=8/20,min=+3.175e-09,slack=+2.85e-13)
[RMPCC 0190] OK solve=274.0ms pose=(1.675,0.818,0.235) u=(0.112,-0.160) s=1.945 PSDFmin=-0.01076 G=OK(+8.133e-12) MF=OK(active=19/20,min=+7.166e-12,slack=+1.425e-13)
[RMPCC 0191] OK solve=283.3ms pose=(1.685,0.820,0.219) u=(0.092,-1.061) s=1.956 PSDFmin=-0.03539 G=OK(+0.01977) MF=OK(active=16/20,min=+3.376e-14,slack=+4.693e-17)
[RMPCC 0192] OK solve=141.1ms pose=(1.694,0.822,0.113) u=(0.093,-0.501) s=1.965 PSDFmin=-0.007924 G=OK(+7.521e-12) MF=OK(active=5/20,min=+1.453e-09,slack=+2.487e-13)
[RMPCC 0193] OK solve=148.3ms pose=(1.704,0.823,0.063) u=(0.173,-0.082) s=1.974 PSDFmin=-0.002626 G=OK(+0.01238) MF=OK(active=15/20,min=+2.161e-12,slack=+1.896e-14)
[RMPCC 0194] OK solve=146.3ms pose=(1.721,0.825,0.054) u=(0.111,-1.200) s=1.991 PSDFmin=-0.01631 G=OK(+0.001892) MF=OK(active=18/20,min=+8.623e-10,slack=+1.287e-12)
[RMPCC 0195] OK solve=144.7ms pose=(1.732,0.825,-0.066) u=(0.129,-0.548) s=1.995 PSDFmin=-0.003604 G=OK(+5.329e-15) MF=OK(active=9/20,min=+2.417e-13,slack=+9.294e-17)
[RMPCC 0196] OK solve=136.3ms pose=(1.745,0.824,-0.120) u=(0.173,-0.064) s=2.010 PSDFmin=-0.007903 G=OK(+0.02056) MF=OK(active=16/20,min=+8.26e-13,slack=+9.068e-15)
[RMPCC 0197] OK solve=267.4ms pose=(1.762,0.822,-0.127) u=(0.086,-1.118) s=2.027 PSDFmin=-0.004593 G=OK(+0.005403) MF=OK(active=12/20,min=+1.961e-11,slack=+1.958e-13)
[RMPCC 0198] OK solve=272.7ms pose=(1.771,0.821,-0.239) u=(0.051,-0.553) s=2.029 PSDFmin=-0.01672 G=OK(+6.813e-12) MF=OK(active=8/20,min=+2.873e-10,slack=+7.433e-13)
[RMPCC 0199] OK solve=132.3ms pose=(1.776,0.820,-0.294) u=(0.031,-0.271) s=2.044 PSDFmin=+0.0113 G=OK(+0.01264) MF=OK(active=14/20,min=+6.063e-13,slack=+9.422e-15)
[RMPCC 0200] OK solve=265.2ms pose=(1.778,0.819,-0.321) u=(0.206,0.114) s=2.046 PSDFmin=-0.009118 G=OK(+0.009939) MF=OK(active=20/20,min=+5.362e-14,slack=+3.342e-16)
[RMPCC 0201] OK solve=416.8ms pose=(1.798,0.813,-0.310) u=(0.145,-1.048) s=2.063 PSDFmin=+0.003457 G=OK(+0.003138) MF=OK(active=16/20,min=+2.424e-11,slack=+9.423e-14)
[RMPCC 0202] OK solve=398.4ms pose=(1.812,0.808,-0.415) u=(0.073,-1.029) s=2.082 PSDFmin=-0.001454 G=OK(+1.892e-11) MF=OK(active=18/20,min=+3.553e-11,slack=+1.862e-13)
[RMPCC 0203] OK solve=278.1ms pose=(1.818,0.805,-0.517) u=(0.036,-0.964) s=2.090 PSDFmin=+0.002788 G=OK(+0.003347) MF=OK(active=16/20,min=+1.171e-08,slack=+5.445e-12)
[RMPCC 0204] OK solve=129.1ms pose=(1.822,0.803,-0.614) u=(0.068,-0.676) s=2.093 PSDFmin=+0.009736 G=OK(+0.008608) MF=OK(active=20/20,min=-4.197e-13,slack=+6.865e-15)
[RMPCC 0205] OK solve=276.9ms pose=(1.827,0.799,-0.681) u=(0.079,-0.777) s=2.102 PSDFmin=-0.009689 G=OK(+0.006955) MF=OK(active=20/20,min=+2.99e-10,slack=+8.314e-13)
[RMPCC 0206] OK solve=279.8ms pose=(1.833,0.794,-0.759) u=(0.039,-0.835) s=2.105 PSDFmin=+0.009156 G=OK(+0.008054) MF=OK(active=18/20,min=+1.932e-10,slack=+3.22e-13)
[RMPCC 0207] OK solve=142.0ms pose=(1.836,0.792,-0.843) u=(0.103,-0.825) s=2.115 PSDFmin=+0.003433 G=OK(+0.007603) MF=OK(active=20/20,min=+4.534e-14,slack=+4.575e-17)
[RMPCC 0208] OK solve=141.2ms pose=(1.843,0.784,-0.925) u=(0.060,-0.712) s=2.118 PSDFmin=+0.009911 G=OK(+0.008625) MF=OK(active=20/20,min=+5.459e-12,slack=+3.052e-14)
[RMPCC 0209] OK solve=141.2ms pose=(1.847,0.779,-0.996) u=(0.115,-0.950) s=2.130 PSDFmin=-0.004432 G=OK(+0.008696) MF=OK(active=20/20,min=+1.812e-13,slack=+3.648e-16)
[RMPCC 0210] OK solve=139.2ms pose=(1.853,0.770,-1.091) u=(0.141,-0.734) s=2.144 PSDFmin=+0.005881 G=OK(+0.00999) MF=OK(active=18/20,min=+0.002731,slack=+8.241e-15)
[RMPCC 0211] OK solve=139.2ms pose=(1.859,0.757,-1.165) u=(0.110,-0.687) s=2.149 PSDFmin=+0.01383 G=OK(+0.01222) MF=OK(active=20/20,min=+1.377e-13,slack=+1.347e-14)
[RMPCC 0212] OK solve=124.7ms pose=(1.864,0.747,-1.233) u=(0.148,-0.804) s=2.161 PSDFmin=-0.00339 G=OK(+0.01455) MF=OK(active=20/20,min=+0.02142,slack=+1.466e-13)
[RMPCC 0213] OK solve=130.7ms pose=(1.869,0.733,-1.314) u=(0.146,-0.537) s=2.174 PSDFmin=+0.002431 G=OK(+3.664e-09) MF=OK(active=13/20,min=+3.164e-10,slack=+1.453e-13)
[RMPCC 0214] OK solve=130.4ms pose=(1.872,0.719,-1.367) u=(0.158,-0.249) s=2.189 PSDFmin=+0.007961 G=OK(+0.01352) MF=OK(active=20/20,min=+1.493e-13,slack=+2.226e-16)
[RMPCC 0215] OK solve=134.9ms pose=(1.876,0.703,-1.392) u=(0.158,-0.886) s=2.205 PSDFmin=-0.02542 G=OK(+0.01951) MF=OK(active=20/20,min=+8.763e-11,slack=+3.147e-13)
[RMPCC 0216] OK solve=137.2ms pose=(1.878,0.688,-1.481) u=(0.148,-0.465) s=2.214 PSDFmin=-0.01013 G=OK(+1.93e-09) MF=OK(active=7/20,min=+0.2,slack=+9.586e-12)
[RMPCC 0217] OK solve=129.9ms pose=(1.880,0.673,-1.527) u=(0.159,-0.158) s=2.228 PSDFmin=+0.002438 G=OK(+5.193e-13) MF=OK(active=19/20,min=+8.657e-12,slack=+1.755e-14)
[RMPCC 0218] OK solve=132.8ms pose=(1.880,0.657,-1.543) u=(0.233,0.045) s=2.244 PSDFmin=+0.006589 G=OK(+0.01737) MF=OK(active=20/20,min=+2.733e-13,slack=+3.259e-15)
[RMPCC 0219] OK solve=129.9ms pose=(1.881,0.634,-1.539) u=(0.206,-0.869) s=2.263 PSDFmin=-0.0128 G=OK(+8.198e-12) MF=OK(active=20/20,min=+4.138e-12,slack=+1.634e-14)
[RMPCC 0220] OK solve=132.9ms pose=(1.882,0.613,-1.626) u=(0.139,-0.407) s=2.279 PSDFmin=-0.01822 G=OK(+0.00178) MF=OK(active=8/20,min=+2.29e-08,slack=+2.148e-12)
[RMPCC 0221] OK solve=134.0ms pose=(1.881,0.599,-1.666) u=(0.150,-0.116) s=2.296 PSDFmin=-0.002197 G=OK(+9.992e-16) MF=OK(active=17/20,min=+1.779e-14,slack=+2.642e-17)
[RMPCC 0222] OK solve=141.1ms pose=(1.880,0.585,-1.678) u=(0.191,-0.905) s=2.313 PSDFmin=-0.0008793 G=OK(+3.453e-14) MF=OK(active=18/20,min=+7.186e-13,slack=+1.157e-14)
[RMPCC 0223] OK solve=158.6ms pose=(1.878,0.566,-1.768) u=(0.130,-0.633) s=2.331 PSDFmin=-0.02347 G=OK(+1.266e-14) MF=OK(active=13/20,min=+5.707e-14,slack=+2.273e-16)
[RMPCC 0224] OK solve=142.4ms pose=(1.875,0.553,-1.832) u=(0.115,-0.405) s=2.334 PSDFmin=+0.00199 G=OK(+2.232e-14) MF=OK(active=14/20,min=+8.219e-14,slack=+4.821e-16)
[RMPCC 0225] OK solve=136.9ms pose=(1.872,0.542,-1.872) u=(0.101,-0.142) s=2.352 PSDFmin=+0.002875 G=OK(+0.001868) MF=OK(active=20/20,min=+4.82e-17,slack=+5.13e-17)
Acados solver failed with status 4
Acados residuals [stat, eq, ineq, comp]: [132.12886   0.0142    0.2512    0.02074]
Acados SQP iterations: 1
RMPCC-MF diagnostics captured before infeasibility recovery.
RMPCC-MF failed-iterate infeasibility candidates:
  - {'constraint': 'row_m_soft_after_slack', 'stages': array([ 1, 10, 11, 12, 13, 16, 17, 19, 20]), 'minimum_residual': -0.25120386722596416}
  - {'constraint': 'dynamics_or_stage0_equality', 'maximum_residual': 0.014204123139149871}
RMPCC-MF inactive Row M stages are trivially feasible.
RMPCC-MF minimum box residuals [state | input]: 5.341270217107589e-17 | 3.885780586188048e-14
SQP_RTI solver failed with status 4. Starting infeasible recovery.
Backup solver is unavailable; falling back to safe stop.
Applied nominal_safe_controller safe-stop plan after infeasible RMPCC-MF solve.
[RMPCC 0226] SAFE_STOP solve=220.9ms pose=(1.869,0.532,-1.886) u=(0.001,0.000) s=2.354 PSDFmin=+0.002909 G=FAIL(-0.182) MF=FAIL(active=20/20,min=n/a,slack=n/a)
[RMPCC 0227] OK solve=135.4ms pose=(1.869,0.532,-1.886) u=(0.005,0.085) s=2.357 PSDFmin=+0.003232 G=OK(+9.664e-09) MF=OK(active=20/20,min=+0.2,slack=+1.266e-11)
[RMPCC 0228] OK solve=129.6ms pose=(1.869,0.531,-1.878) u=(0.014,0.262) s=2.354 PSDFmin=+0.004368 G=OK(+0.003345) MF=OK(active=20/20,min=+0.2,slack=+5.773e-17)
[RMPCC 0229] OK solve=139.7ms pose=(1.868,0.530,-1.852) u=(0.027,0.226) s=2.354 PSDFmin=+0.005017 G=OK(+0.004001) MF=OK(active=20/20,min=+2.133e-14,slack=+4.285e-17)
[RMPCC 0230] OK solve=148.8ms pose=(1.868,0.528,-1.829) u=(0.062,0.336) s=2.371 PSDFmin=+0.005559 G=OK(+0.004524) MF=OK(active=20/20,min=+9.951e-13,slack=+2.465e-15)
[RMPCC 0231] OK solve=137.5ms pose=(1.866,0.522,-1.796) u=(0.059,0.362) s=2.374 PSDFmin=+0.0001547 G=OK(+0.005313) MF=OK(active=20/20,min=+9.319e-09,slack=+4.535e-12)
[RMPCC 0232] OK solve=138.8ms pose=(1.865,0.516,-1.759) u=(0.073,0.346) s=2.375 PSDFmin=+0.001145 G=OK(+1.468e-10) MF=OK(active=19/20,min=+4.52e-09,slack=+4.713e-12)
[RMPCC 0233] OK solve=126.8ms pose=(1.863,0.509,-1.725) u=(0.082,0.419) s=2.377 PSDFmin=+0.01124 G=OK(+0.01063) MF=OK(active=20/20,min=+8.301e-12,slack=+2.751e-13)
[RMPCC 0234] OK solve=132.3ms pose=(1.862,0.501,-1.683) u=(0.087,0.189) s=2.394 PSDFmin=+0.01066 G=OK(+0.01054) MF=OK(active=20/20,min=+1.983e-10,slack=+2.082e-12)
[RMPCC 0235] OK solve=130.5ms pose=(1.861,0.492,-1.664) u=(0.084,0.260) s=2.396 PSDFmin=-0.001623 G=OK(+0.0114) MF=OK(active=20/20,min=+3.007e-12,slack=+1.893e-14)
[RMPCC 0236] OK solve=134.6ms pose=(1.860,0.483,-1.638) u=(0.086,0.026) s=2.413 PSDFmin=+0.007898 G=OK(+0.006117) MF=OK(active=19/20,min=+2.282e-11,slack=+1.108e-12)
[RMPCC 0237] OK solve=140.4ms pose=(1.860,0.475,-1.635) u=(0.068,-0.206) s=2.427 PSDFmin=+0.009514 G=OK(+0.008588) MF=OK(active=20/20,min=+7.952e-14,slack=+1.592e-16)
[RMPCC 0238] OK solve=138.1ms pose=(1.859,0.468,-1.656) u=(0.038,-0.361) s=2.430 PSDFmin=+0.007819 G=OK(+0.008754) MF=OK(active=20/20,min=+3.382e-11,slack=+7.802e-14)
[RMPCC 0239] OK solve=275.7ms pose=(1.859,0.464,-1.692) u=(0.078,-0.860) s=2.437 PSDFmin=+0.00257 G=OK(+0.003871) MF=OK(active=20/20,min=+6.283e-12,slack=+9.629e-15)
[RMPCC 0240] OK solve=279.0ms pose=(1.858,0.457,-1.778) u=(0.041,-0.428) s=2.445 PSDFmin=+0.001784 G=OK(+0.006666) MF=OK(active=18/20,min=+1.084e-11,slack=+3.473e-14)
[RMPCC 0241] OK solve=145.7ms pose=(1.857,0.453,-1.821) u=(0.073,-0.625) s=2.447 PSDFmin=+0.003774 G=OK(+0.004673) MF=OK(active=20/20,min=+1.06e-12,slack=+1.897e-14)
[RMPCC 0242] OK solve=279.9ms pose=(1.855,0.445,-1.883) u=(0.036,-0.384) s=2.456 PSDFmin=+0.008188 G=OK(+0.007145) MF=OK(active=20/20,min=+1.818e-09,slack=+4.11e-12)
[RMPCC 0243] OK solve=449.6ms pose=(1.854,0.442,-1.922) u=(0.092,-0.771) s=2.459 PSDFmin=+0.006967 G=OK(+0.00502) MF=OK(active=18/20,min=+1.022e-14,slack=+1.813e-17)
[RMPCC 0244] OK solve=271.9ms pose=(1.851,0.433,-1.999) u=(0.051,-0.436) s=2.468 PSDFmin=+0.005845 G=OK(+0.003848) MF=OK(active=18/20,min=+4.829e-11,slack=+1.075e-13)
[RMPCC 0245] OK solve=300.1ms pose=(1.849,0.429,-2.042) u=(0.076,-0.887) s=2.477 PSDFmin=+0.00678 G=OK(+0.00423) MF=OK(active=20/20,min=+1.326e-12,slack=+2.574e-14)
[RMPCC 0246] OK solve=282.2ms pose=(1.846,0.422,-2.131) u=(0.067,-0.423) s=2.484 PSDFmin=-0.001431 G=OK(+0.002061) MF=OK(active=19/20,min=+2.063e-09,slack=+6.588e-12)
[RMPCC 0247] OK solve=146.7ms pose=(1.842,0.416,-2.173) u=(0.060,-0.342) s=2.491 PSDFmin=-0.008132 G=OK(+0.004216) MF=OK(active=16/20,min=+3.019e-08,slack=+1.788e-11)
[RMPCC 0248] OK solve=139.9ms pose=(1.839,0.411,-2.208) u=(0.060,-0.684) s=2.497 PSDFmin=+0.009485 G=OK(+0.006228) MF=OK(active=16/20,min=+6.741e-10,slack=+3.482e-12)
[RMPCC 0249] OK solve=135.8ms pose=(1.835,0.407,-2.276) u=(0.152,-0.274) s=2.503 PSDFmin=-0.01156 G=OK(+0.003959) MF=OK(active=20/20,min=+6.533e-14,slack=+1.379e-15)
[RMPCC 0250] OK solve=278.9ms pose=(1.825,0.395,-2.303) u=(0.102,-0.288) s=2.523 PSDFmin=-0.0001163 G=OK(+0.0009575) MF=OK(active=17/20,min=+3.051e-09,slack=+5.537e-12)
[RMPCC 0251] OK solve=264.4ms pose=(1.818,0.387,-2.332) u=(0.050,-0.685) s=2.533 PSDFmin=+0.00702 G=OK(+0.002913) MF=OK(active=18/20,min=+5.296e-10,slack=+1.101e-12)
[RMPCC 0252] OK solve=132.7ms pose=(1.815,0.384,-2.401) u=(0.173,-0.299) s=2.533 PSDFmin=-0.02335 G=OK(+0.005911) MF=OK(active=20/20,min=+6.117e-13,slack=+5.653e-15)
[RMPCC 0253] OK solve=147.5ms pose=(1.802,0.372,-2.431) u=(0.154,-0.173) s=2.555 PSDFmin=-0.007006 G=OK(+0.003637) MF=OK(active=17/20,min=+8.177e-14,slack=+6.069e-17)
[RMPCC 0254] OK solve=136.2ms pose=(1.790,0.362,-2.448) u=(0.130,0.057) s=2.565 PSDFmin=+0.006497 G=OK(+0.005705) MF=OK(active=15/20,min=+1.467e-11,slack=+4.302e-15)
[RMPCC 0255] OK solve=279.4ms pose=(1.780,0.354,-2.442) u=(0.065,0.575) s=2.586 PSDFmin=-0.01396 G=OK(+0.006132) MF=OK(active=20/20,min=+6.592e-13,slack=+1.261e-14)
[RMPCC 0256] OK solve=264.3ms pose=(1.775,0.350,-2.385) u=(0.099,0.734) s=2.586 PSDFmin=-0.0008055 G=OK(+0.004423) MF=OK(active=17/20,min=+4.796e-13,slack=+3.376e-13)
[RMPCC 0257] OK solve=129.6ms pose=(1.768,0.343,-2.311) u=(0.108,0.557) s=2.597 PSDFmin=+0.000915 G=OK(+0.005356) MF=OK(active=18/20,min=+2.136e-14,slack=+4.003e-17)
[RMPCC 0258] OK solve=130.0ms pose=(1.761,0.335,-2.256) u=(0.088,1.200) s=2.607 PSDFmin=-0.01206 G=OK(+0.00532) MF=OK(active=19/20,min=+1.919e-06,slack=+1.445e-12)
[RMPCC 0259] OK solve=134.7ms pose=(1.755,0.328,-2.136) u=(0.101,0.845) s=2.618 PSDFmin=+0.003288 G=OK(+4.169e-09) MF=OK(active=9/20,min=+0.05354,slack=+1.681e-10)
[RMPCC 0260] OK solve=141.6ms pose=(1.750,0.319,-2.051) u=(0.146,0.353) s=2.623 PSDFmin=-0.01597 G=OK(+0.007104) MF=OK(active=20/20,min=+6.08e-14,slack=+4.338e-16)
[RMPCC 0261] OK solve=134.7ms pose=(1.743,0.306,-2.016) u=(0.099,1.056) s=2.638 PSDFmin=-0.01666 G=OK(+0.009228) MF=OK(active=14/20,min=+0.03834,slack=+3.04e-17)
[RMPCC 0262] OK solve=141.5ms pose=(1.739,0.298,-1.910) u=(0.100,0.556) s=2.648 PSDFmin=-0.004831 G=OK(+5.107e-15) MF=OK(active=8/20,min=+9.169e-12,slack=+2.738e-15)
[RMPCC 0263] OK solve=147.0ms pose=(1.736,0.288,-1.855) u=(0.119,0.187) s=2.657 PSDFmin=-0.01771 G=OK(+4.302e-16) MF=OK(active=19/20,min=+1.808e-15,slack=+3.215e-17)
[RMPCC 0264] OK solve=145.3ms pose=(1.732,0.277,-1.836) u=(0.095,0.951) s=2.664 PSDFmin=-0.02731 G=OK(+0.01643) MF=OK(active=16/20,min=+5.421e-10,slack=+6.774e-13)
[RMPCC 0265] OK solve=141.3ms pose=(1.730,0.268,-1.741) u=(0.089,0.504) s=2.675 PSDFmin=-0.009989 G=OK(+9.328e-13) MF=OK(active=6/20,min=+3.428e-09,slack=+2.939e-13)
[RMPCC 0266] OK solve=138.1ms pose=(1.728,0.259,-1.690) u=(0.148,0.124) s=2.681 PSDFmin=-0.005845 G=OK(+6.591e-13) MF=OK(active=13/20,min=+1.241e-12,slack=+1.191e-14)
[RMPCC 0267] OK solve=278.6ms pose=(1.727,0.244,-1.678) u=(0.108,0.766) s=2.693 PSDFmin=+0.0004977 G=OK(+0.0006963) MF=OK(active=17/20,min=+1.715e-12,slack=+4.445e-14)
[RMPCC 0268] OK solve=269.6ms pose=(1.725,0.233,-1.601) u=(0.106,0.332) s=2.705 PSDFmin=-0.01723 G=OK(+0.01319) MF=OK(active=17/20,min=+2.205e-09,slack=+3.082e-12)
[RMPCC 0269] OK solve=136.7ms pose=(1.725,0.223,-1.568) u=(0.081,0.606) s=2.710 PSDFmin=-0.002773 G=OK(+4.293e-11) MF=OK(active=18/20,min=-3.434e-11,slack=+7.92e-13)
[RMPCC 0270] OK solve=136.4ms pose=(1.725,0.215,-1.508) u=(0.074,0.267) s=2.722 PSDFmin=-0.004103 G=OK(+0.01023) MF=OK(active=14/20,min=+4.986e-09,slack=+5.11e-12)
[RMPCC 0271] OK solve=131.5ms pose=(1.726,0.207,-1.481) u=(0.107,0.132) s=2.728 PSDFmin=+0.007526 G=OK(+0.009108) MF=OK(active=19/20,min=+4.082e-12,slack=+2.893e-14)
[RMPCC 0272] OK solve=269.6ms pose=(1.727,0.197,-1.468) u=(0.064,0.621) s=2.734 PSDFmin=+0.004055 G=OK(+0.003169) MF=OK(active=20/20,min=+1.496e-13,slack=+1.839e-13)
[RMPCC 0273] OK solve=392.7ms pose=(1.727,0.190,-1.406) u=(0.067,0.277) s=2.740 PSDFmin=+0.003162 G=OK(+0.002591) MF=OK(active=19/20,min=+9.757e-11,slack=+1.3e-13)
[RMPCC 0274] OK solve=439.9ms pose=(1.728,0.184,-1.378) u=(0.069,0.405) s=2.751 PSDFmin=-0.001315 G=OK(+0.004451) MF=OK(active=18/20,min=-2.165e-14,slack=+6.776e-15)
[RMPCC 0275] OK solve=287.8ms pose=(1.730,0.177,-1.337) u=(0.061,0.229) s=2.757 PSDFmin=+0.008256 G=OK(+0.007454) MF=OK(active=18/20,min=+8.334e-13,slack=+9.212e-15)
[RMPCC 0276] OK solve=132.8ms pose=(1.731,0.171,-1.314) u=(0.064,0.378) s=2.763 PSDFmin=+0.008259 G=OK(+0.006781) MF=OK(active=20/20,min=+2.529e-13,slack=+6.949e-16)
[RMPCC 0277] OK solve=146.1ms pose=(1.733,0.165,-1.277) u=(0.055,0.349) s=2.769 PSDFmin=+0.007442 G=OK(+0.006471) MF=OK(active=20/20,min=+1.268e-12,slack=+3.051e-15)
[RMPCC 0278] OK solve=271.2ms pose=(1.734,0.159,-1.242) u=(0.052,0.425) s=2.775 PSDFmin=+0.00623 G=OK(+0.005235) MF=OK(active=20/20,min=+7.294e-13,slack=+3.712e-14)
[RMPCC 0279] OK solve=268.8ms pose=(1.736,0.155,-1.199) u=(0.044,0.373) s=2.781 PSDFmin=+0.006064 G=OK(+0.005127) MF=OK(active=19/20,min=+5.217e-14,slack=+3.41e-15)
[RMPCC 0280] OK solve=133.8ms pose=(1.738,0.150,-1.162) u=(0.048,0.364) s=2.786 PSDFmin=+0.006882 G=OK(+0.005894) MF=OK(active=20/20,min=+1.152e-11,slack=+6.175e-15)
[RMPCC 0281] OK solve=135.3ms pose=(1.739,0.146,-1.125) u=(0.039,0.350) s=2.792 PSDFmin=+0.006548 G=OK(+0.005431) MF=OK(active=20/20,min=+8.689e-10,slack=+1.091e-12)
[RMPCC 0282] OK solve=134.9ms pose=(1.741,0.143,-1.091) u=(0.039,0.331) s=2.796 PSDFmin=+0.006725 G=OK(+0.005706) MF=OK(active=20/20,min=+1.681e-09,slack=+4.047e-12)
[RMPCC 0283] OK solve=139.0ms pose=(1.743,0.139,-1.057) u=(0.032,0.387) s=2.800 PSDFmin=+0.005859 G=OK(+0.004776) MF=OK(active=20/20,min=+9.387e-12,slack=+4.489e-12)
[RMPCC 0284] OK solve=183.7ms pose=(1.745,0.136,-1.019) u=(0.031,0.287) s=2.804 PSDFmin=+0.006387 G=OK(+0.005422) MF=OK(active=20/20,min=+4.673e-11,slack=+9.549e-13)
[RMPCC 0285] OK solve=149.4ms pose=(1.746,0.134,-0.990) u=(0.031,0.338) s=2.810 PSDFmin=+0.006165 G=OK(+0.005099) MF=OK(active=20/20,min=+3.873e-11,slack=+1.125e-13)
[RMPCC 0286] OK solve=146.1ms pose=(1.748,0.131,-0.956) u=(0.029,0.321) s=2.812 PSDFmin=+0.006057 G=OK(+0.00505) MF=OK(active=20/20,min=+6.749e-09,slack=+1.726e-12)
[RMPCC 0287] OK solve=139.2ms pose=(1.750,0.129,-0.924) u=(0.028,0.292) s=2.814 PSDFmin=+0.006297 G=OK(+0.005266) MF=OK(active=20/20,min=+8.433e-11,slack=+8.949e-14)
[RMPCC 0288] OK solve=135.6ms pose=(1.751,0.126,-0.895) u=(0.027,0.276) s=2.817 PSDFmin=+0.006283 G=OK(+0.00525) MF=OK(active=20/20,min=+4.574e-07,slack=+9.844e-11)
[RMPCC 0289] OK solve=138.4ms pose=(1.753,0.124,-0.867) u=(0.028,0.270) s=2.820 PSDFmin=+0.006331 G=OK(+0.005292) MF=OK(active=20/20,min=+2.113e-13,slack=+5.042e-14)
[RMPCC 0290] OK solve=133.2ms pose=(1.755,0.122,-0.840) u=(0.025,0.275) s=2.822 PSDFmin=+0.006233 G=OK(+0.005205) MF=OK(active=20/20,min=+3.471e-08,slack=+7.901e-12)
[RMPCC 0291] OK solve=132.1ms pose=(1.756,0.120,-0.813) u=(0.027,0.294) s=2.827 PSDFmin=+0.006156 G=OK(+0.005115) MF=OK(active=20/20,min=+2.438e-09,slack=+1.957e-12)
[RMPCC 0292] OK solve=126.2ms pose=(1.758,0.118,-0.784) u=(0.023,0.327) s=2.829 PSDFmin=+0.00594 G=OK(+0.004909) MF=OK(active=20/20,min=+9.101e-11,slack=+1.499e-13)
[RMPCC 0293] OK solve=132.0ms pose=(1.760,0.117,-0.751) u=(0.022,0.333) s=2.831 PSDFmin=+0.005808 G=OK(+0.004779) MF=OK(active=20/20,min=+0.0005757,slack=+1.346e-13)
[RMPCC 0294] OK solve=128.7ms pose=(1.761,0.115,-0.718) u=(0.022,0.309) s=2.833 PSDFmin=+0.005823 G=OK(+0.004793) MF=OK(active=20/20,min=+0.017,slack=+1.236e-13)
[RMPCC 0295] OK solve=138.2ms pose=(1.763,0.114,-0.687) u=(0.021,0.287) s=2.835 PSDFmin=+0.005839 G=OK(+0.00481) MF=OK(active=20/20,min=+0.03253,slack=+3.318e-14)
[RMPCC 0296] OK solve=159.1ms pose=(1.765,0.113,-0.658) u=(0.021,0.267) s=2.837 PSDFmin=+0.005852 G=OK(+0.004825) MF=OK(active=20/20,min=+0.0488,slack=+1.023e-12)
[RMPCC 0297] OK solve=150.5ms pose=(1.766,0.111,-0.631) u=(0.021,0.248) s=2.839 PSDFmin=+0.005872 G=OK(+0.004844) MF=OK(active=20/20,min=+0.06544,slack=+1.718e-14)
[RMPCC 0298] OK solve=145.8ms pose=(1.768,0.110,-0.607) u=(0.020,0.230) s=2.841 PSDFmin=+0.005896 G=OK(+0.004867) MF=OK(active=20/20,min=+0.08217,slack=+4.805e-17)
[RMPCC 0299] OK solve=133.9ms pose=(1.770,0.109,-0.584) u=(0.020,0.214) s=2.843 PSDFmin=+0.005916 G=OK(+0.00489) MF=OK(active=20/20,min=+0.09867,slack=+4.682e-14)
[RMPCC 0300] OK solve=143.8ms pose=(1.771,0.108,-0.562) u=(0.020,0.200) s=2.845 PSDFmin=+0.005938 G=OK(+0.004911) MF=OK(active=20/20,min=+0.1148,slack=+7.989e-15)
[RMPCC 0301] OK solve=135.8ms pose=(1.773,0.107,-0.542) u=(0.019,0.186) s=2.848 PSDFmin=+0.005959 G=OK(+0.004931) MF=OK(active=20/20,min=+0.1301,slack=+4.422e-12)
[RMPCC 0302] OK solve=134.4ms pose=(1.775,0.106,-0.524) u=(0.019,0.174) s=2.850 PSDFmin=+0.005991 G=OK(+0.004965) MF=OK(active=20/20,min=+0.144,slack=+3.147e-13)
[RMPCC 0303] OK solve=131.9ms pose=(1.776,0.105,-0.506) u=(0.019,0.162) s=2.852 PSDFmin=+0.006037 G=OK(+0.005013) MF=OK(active=20/20,min=+0.1568,slack=+8.445e-17)
[RMPCC 0304] OK solve=133.4ms pose=(1.778,0.104,-0.490) u=(0.016,0.151) s=2.852 PSDFmin=+0.006095 G=OK(+0.005076) MF=OK(active=20/20,min=+0.1677,slack=+8.336e-17)
[RMPCC 0305] OK solve=135.1ms pose=(1.779,0.103,-0.475) u=(0.016,0.141) s=2.854 PSDFmin=+0.006158 G=OK(+0.00514) MF=OK(active=20/20,min=+0.1758,slack=+5.816e-13)
[RMPCC 0306] OK solve=139.8ms pose=(1.781,0.102,-0.461) u=(0.016,0.132) s=2.856 PSDFmin=+0.00623 G=OK(+0.005213) MF=OK(active=20/20,min=+0.1832,slack=+1.014e-13)
[RMPCC 0307] OK solve=139.0ms pose=(1.782,0.102,-0.448) u=(0.016,0.124) s=2.858 PSDFmin=+0.00631 G=OK(+0.005293) MF=OK(active=20/20,min=+0.1892,slack=+6.615e-13)
[RMPCC 0308] OK solve=132.0ms pose=(1.784,0.101,-0.435) u=(0.014,0.116) s=2.858 PSDFmin=+0.006395 G=OK(+0.005382) MF=OK(active=20/20,min=+0.1937,slack=+4.156e-17)
[RMPCC 0309] OK solve=143.0ms pose=(1.785,0.100,-0.424) u=(0.014,0.109) s=2.860 PSDFmin=+0.006483 G=OK(+0.00547) MF=OK(active=20/20,min=+0.1962,slack=+4.424e-13)
[RMPCC 0310] OK solve=134.9ms pose=(1.786,0.100,-0.413) u=(0.015,0.103) s=2.862 PSDFmin=+0.006575 G=OK(+0.005563) MF=OK(active=20/20,min=+0.1981,slack=+4.547e-13)
[RMPCC 0311] OK solve=135.7ms pose=(1.788,0.099,-0.403) u=(0.013,0.096) s=2.862 PSDFmin=+0.00667 G=OK(+0.00566) MF=OK(active=20/20,min=+0.1993,slack=+2.094e-16)
[RMPCC 0312] OK solve=138.3ms pose=(1.789,0.099,-0.393) u=(0.013,0.090) s=2.864 PSDFmin=+0.006766 G=OK(+0.005756) MF=OK(active=20/20,min=+0.1996,slack=+3.299e-17)
[RMPCC 0313] OK solve=143.6ms pose=(1.790,0.098,-0.384) u=(0.011,0.085) s=2.864 PSDFmin=+0.006862 G=OK(+0.005855) MF=OK(active=20/20,min=+0.1999,slack=+3.954e-16)
[RMPCC 0314] OK solve=137.4ms pose=(1.791,0.098,-0.375) u=(0.012,0.080) s=2.866 PSDFmin=+0.006958 G=OK(+0.005951) MF=OK(active=20/20,min=+0.2,slack=+1.123e-15)
[RMPCC 0315] OK solve=134.3ms pose=(1.792,0.097,-0.367) u=(0.010,0.076) s=2.866 PSDFmin=+0.007055 G=OK(+0.006049) MF=OK(active=20/20,min=+0.2,slack=+7.961e-14)
[RMPCC 0316] OK solve=128.1ms pose=(1.793,0.097,-0.360) u=(0.011,0.072) s=2.869 PSDFmin=+0.007151 G=OK(+0.006144) MF=OK(active=20/20,min=+0.2,slack=+1.559e-12)
[RMPCC 0317] OK solve=132.2ms pose=(1.794,0.097,-0.352) u=(0.010,0.068) s=2.869 PSDFmin=+0.007246 G=OK(+0.006241) MF=OK(active=20/20,min=+0.2,slack=+5.036e-15)
[RMPCC 0318] OK solve=130.2ms pose=(1.795,0.096,-0.346) u=(0.011,0.064) s=2.871 PSDFmin=+0.00734 G=OK(+0.006335) MF=OK(active=20/20,min=+0.2,slack=+2.944e-17)
[RMPCC 0319] OK solve=137.9ms pose=(1.796,0.096,-0.339) u=(0.009,0.061) s=2.871 PSDFmin=+0.007434 G=OK(+0.00643) MF=OK(active=20/20,min=+0.2,slack=+1.427e-12)
[RMPCC 0320] OK solve=147.3ms pose=(1.797,0.096,-0.333) u=(0.010,0.058) s=2.873 PSDFmin=+0.007526 G=OK(+0.006521) MF=OK(active=20/20,min=+0.2,slack=+1.324e-14)
[RMPCC 0321] OK solve=136.5ms pose=(1.798,0.095,-0.327) u=(0.009,0.055) s=2.873 PSDFmin=+0.007617 G=OK(+0.006613) MF=OK(active=20/20,min=+0.2,slack=+5.044e-15)
[RMPCC 0322] OK solve=132.1ms pose=(1.799,0.095,-0.322) u=(0.008,0.052) s=2.873 PSDFmin=+0.007706 G=OK(+0.006702) MF=OK(active=20/20,min=+0.2,slack=+1.092e-15)
[RMPCC 0323] OK solve=138.2ms pose=(1.800,0.095,-0.317) u=(0.009,0.049) s=2.875 PSDFmin=+0.007792 G=OK(+0.006789) MF=OK(active=20/20,min=+0.2,slack=+5.407e-15)
[RMPCC 0324] OK solve=135.6ms pose=(1.800,0.094,-0.312) u=(0.007,0.047) s=2.875 PSDFmin=+0.007877 G=OK(+0.006874) MF=OK(active=20/20,min=+0.2,slack=+6.782e-15)
[RMPCC 0325] OK solve=134.7ms pose=(1.801,0.094,-0.307) u=(0.007,0.045) s=2.876 PSDFmin=+0.00796 G=OK(+0.006957) MF=OK(active=20/20,min=+0.2,slack=+1.589e-14)
[RMPCC 0326] OK solve=140.2ms pose=(1.802,0.094,-0.302) u=(0.008,0.043) s=2.877 PSDFmin=+0.008041 G=OK(+0.007038) MF=OK(active=20/20,min=+0.2,slack=+2.95e-14)
[RMPCC 0327] OK solve=135.7ms pose=(1.802,0.094,-0.298) u=(0.007,0.041) s=2.877 PSDFmin=+0.00812 G=OK(+0.007118) MF=OK(active=20/20,min=+0.2,slack=+4.913e-14)
[RMPCC 0328] OK solve=132.5ms pose=(1.803,0.094,-0.294) u=(0.006,0.039) s=2.878 PSDFmin=+0.008197 G=OK(+0.007195) MF=OK(active=20/20,min=+0.2,slack=+1.082e-13)
[RMPCC 0329] OK solve=146.1ms pose=(1.804,0.093,-0.290) u=(0.006,0.037) s=2.878 PSDFmin=+0.008272 G=OK(+0.00727) MF=OK(active=20/20,min=+0.2,slack=+1.997e-13)
[RMPCC 0330] OK solve=136.4ms pose=(1.804,0.093,-0.287) u=(0.006,0.035) s=2.879 PSDFmin=+0.008344 G=OK(+0.007343) MF=OK(active=20/20,min=+0.2,slack=+3.044e-13)
[RMPCC 0331] OK solve=140.9ms pose=(1.805,0.093,-0.283) u=(0.006,0.034) s=2.880 PSDFmin=+0.008416 G=OK(+0.007414) MF=OK(active=20/20,min=+0.2,slack=+4.822e-13)
[RMPCC 0332] OK solve=140.0ms pose=(1.805,0.093,-0.280) u=(0.006,0.032) s=2.880 PSDFmin=+0.008485 G=OK(+0.007484) MF=OK(active=20/20,min=+0.2,slack=+7.46e-13)
[RMPCC 0333] OK solve=133.7ms pose=(1.806,0.093,-0.277) u=(0.005,0.031) s=2.881 PSDFmin=+0.008553 G=OK(+0.007551) MF=OK(active=20/20,min=+0.2,slack=+1.025e-12)
[RMPCC 0334] OK solve=135.8ms pose=(1.806,0.093,-0.273) u=(0.005,0.030) s=2.881 PSDFmin=+0.008619 G=OK(+0.007618) MF=OK(active=20/20,min=+0.2,slack=+1.314e-12)
[RMPCC 0335] OK solve=133.9ms pose=(1.807,0.092,-0.270) u=(0.005,0.028) s=2.882 PSDFmin=+0.008683 G=OK(+0.007682) MF=OK(active=20/20,min=+0.2,slack=+1.418e-12)
[RMPCC 0336] OK solve=140.5ms pose=(1.807,0.092,-0.268) u=(0.005,0.027) s=2.882 PSDFmin=+0.008745 G=OK(+0.007744) MF=OK(active=20/20,min=+0.2,slack=+1.473e-12)
[RMPCC 0337] OK solve=135.1ms pose=(1.808,0.092,-0.265) u=(0.005,0.026) s=2.883 PSDFmin=+0.008805 G=OK(+0.007804) MF=OK(active=20/20,min=+0.2,slack=+7.979e-13)
[RMPCC 0338] OK solve=132.3ms pose=(1.808,0.092,-0.262) u=(0.004,0.024) s=2.883 PSDFmin=+0.008862 G=OK(+0.007861) MF=OK(active=20/20,min=+0.2,slack=+4.892e-13)
[RMPCC 0339] OK solve=134.2ms pose=(1.809,0.092,-0.260) u=(0.004,0.023) s=2.884 PSDFmin=+0.008917 G=OK(+0.007916) MF=OK(active=20/20,min=+0.2,slack=+8.351e-13)
목적지에 도착했습니다! 현재 위치: [1.80921 0.09182], 시간: 34.00초
Using rmpcc optimizer with differential_drive dynamics:
median:  0.14127051830291748
std:  0.08745715924183817
min:  0.12036657333374023
max:  0.4496006965637207
Simulation finished.
Run outcome: status=success, reason=None, final_time=34.00000000000021, distance_to_goal=0.00973490153495871
Optimizer runtime stats: safe_stop_count=1, backup_feasible_qp_success_count=0, plant_input_apply_count=340, last_solve_mode=sqp_rti
Trial history saved to /home/taek111/projects/psdf_mpcc/benchmark_runs/maze_rectangle_nominal/mf_scale_0p6/data/trial_history_MPC_rmpcc_rectangle_maze_mf_scale_0p6.csv
RMPCC constraint history saved to /home/taek111/projects/psdf_mpcc/benchmark_runs/maze_rectangle_nominal/mf_scale_0p6/data/rmpcc_constraints_MPC_rmpcc_rectangle_maze_mf_scale_0p6.csv
RMPCC debug history saved to /home/taek111/projects/psdf_mpcc/benchmark_runs/maze_rectangle_nominal/mf_scale_0p6/data/cycle_raw.csv
RMPCC debug history saved to /home/taek111/projects/psdf_mpcc/benchmark_runs/maze_rectangle_nominal/mf_scale_0p6/data/covariance_trajectory.csv
Pose-SDF data saved to /home/taek111/projects/psdf_mpcc/benchmark_runs/maze_rectangle_nominal/mf_scale_0p6/data/pose_sdf_MPC_rmpcc_rectangle_maze_mf_scale_0p6.csv
Total data points: 340
SDF statistics - Min: 0.0022, Max: 0.0616, Mean: 0.0140
