RMPCC configured from config: horizon=20, tf=2.0, use_obstacle_constraint=True, use_row_mf=True, d_col=0.001, d_min=0.001, d_mf_mask=0.001, mf_slack_linear=100.0, mf_slack_quadratic=1.0, chance_epsilon=0.2, mf_active_start_step=1, mf_active_end_step=None, mf_active_terminal=True, sigma_f0=0.0002, sigma_l0=0.00025, sigma_psi0=0.00025, q_f0=0.0, q_l0=0.0, q_psi0=0.0, alpha_f=0.0006, alpha_v=0.00012, alpha_kappa=0.003, beta_v=0.006, beta_kappa=0.0024, beta_omega=0.0024, enable_backup_solver=False, debug_mf=True, debug_infeasibility=True, augmented_psdf_device=cpu
Resetting rmpcc optimizer for clean state...
Trial failure criteria enabled: movement_window_sec=5.0, movement_threshold=0.005, max_consecutive_solver_failures=10
generating global path with A* + Line of Sight
시작 위치: [0.3 0.2]
목적지: [0.8 0.8]
도착 판정 기준: position <= 0.01m, angle <= 0.01rad
Setting up RMPCC-MF optimizer...
RMPCC-MF Row M configuration: enabled=True, active only when phi > d_mf_mask=0.001, configured stages=[1, 2, 3, 4, 5, 6, 7, 8, 9, 10, 11, 12, 13, 14, 15, 16, 17, 18, 19, 20]
/home/taek111/projects/psdf_mpcc/models/geometry_utils.py:241: UserWarning: Creating a tensor from a list of numpy.ndarrays is extremely slow. Please consider converting the list to a single numpy.ndarray with numpy.array() before converting to a tensor. (Triggered internally at ../torch/csrc/utils/tensor_new.cpp:230.)
  edgesA = torch.tensor(edgesA, dtype=torch.float32)
Added two affine safety rows at intermediate/terminal stages: 0=HARD guard/recovery, 1=SOFT MF
field AcadosOcpDims.N has been migrated to AcadosOcpOptions.N_horizon. setting AcadosOcpOptions.N_horizon = N. For future comppatibility, please use AcadosOcpOptions.N_horizon directly.

WARNING: Gauss-Newton Hessian approximation with EXTERNAL cost type not well defined!
got cost_type EXTERNAL for cost_type_0, cost_type, cost_type_e, hessian_approx: 'GAUSS_NEWTON'.
With this setting, acados will proceed computing the exact Hessian for the cost term and no Hessian contribution from constraints and dynamics.
If the external cost is a linear least squares cost, this coincides with the Gauss-Newton Hessian.
Note: There is also the option to use the external cost module with a numerical Hessian approximation (see `ext_cost_num_hess`).
OR the option to provide a symbolic custom Hessian approximation (see `cost_expr_ext_cost_custom_hess`).

acados was compiled without OpenMP.
RMPCC-MF backup SQP_WITH_FEASIBLE_QP solver disabled; using nominal safe-stop recovery.
[RMPCC 0000] OK solve=63.7ms pose=(0.300,0.200,0.000) u=(0.091,-0.000) s=0.016 PSDFmin=-0.0149 G=OK(+0.104) MF=OK(active=20/20,min=+0.2,slack=+3.032e-13)
[RMPCC 0001] OK solve=56.5ms pose=(0.309,0.200,-0.000) u=(0.069,1.108) s=0.026 PSDFmin=+0.01377 G=OK(+9.548e-15) MF=OK(active=18/20,min=+0.2,slack=+2.516e-17)
[RMPCC 0002] OK solve=65.1ms pose=(0.316,0.200,0.111) u=(0.071,0.814) s=0.031 PSDFmin=+0.01368 G=OK(+0.009737) MF=OK(active=20/20,min=+1.271e-11,slack=+1.011e-14)
[RMPCC 0003] OK solve=56.9ms pose=(0.323,0.201,0.192) u=(0.103,0.555) s=0.040 PSDFmin=+0.01452 G=OK(+0.01297) MF=OK(active=20/20,min=+1.47e-10,slack=+2.961e-13)
[RMPCC 0004] OK solve=59.3ms pose=(0.333,0.203,0.248) u=(0.088,0.941) s=0.048 PSDFmin=-0.0118 G=OK(+0.0128) MF=OK(active=20/20,min=+9.779e-15,slack=+3.346e-17)
[RMPCC 0005] OK solve=57.1ms pose=(0.342,0.205,0.342) u=(0.105,0.446) s=0.057 PSDFmin=+0.009981 G=OK(+0.003871) MF=OK(active=18/20,min=+7.959e-14,slack=+9.975e-17)
[RMPCC 0006] OK solve=67.6ms pose=(0.352,0.208,0.386) u=(0.123,0.521) s=0.067 PSDFmin=+0.01228 G=OK(+0.01831) MF=OK(active=20/20,min=+8.191e-13,slack=+2.015e-15)
[RMPCC 0007] OK solve=60.5ms pose=(0.363,0.213,0.438) u=(0.158,0.873) s=0.080 PSDFmin=-0.001658 G=OK(+0.001616) MF=OK(active=20/20,min=+7.755e-09,slack=+7.271e-11)
[RMPCC 0008] OK solve=60.9ms pose=(0.377,0.220,0.526) u=(0.116,0.442) s=0.095 PSDFmin=+0.01506 G=OK(+0.01345) MF=OK(active=19/20,min=+1.873e-11,slack=+4.123e-15)
[RMPCC 0009] OK solve=51.5ms pose=(0.387,0.226,0.570) u=(0.139,0.280) s=0.106 PSDFmin=-0.01523 G=OK(+0.01916) MF=OK(active=20/20,min=+8.898e-15,slack=+1.661e-17)
[RMPCC 0010] OK solve=54.4ms pose=(0.399,0.233,0.598) u=(0.123,0.582) s=0.120 PSDFmin=+0.01037 G=OK(+0.01324) MF=OK(active=18/20,min=+1.05e-09,slack=+4.487e-12)
[RMPCC 0011] OK solve=60.2ms pose=(0.409,0.240,0.656) u=(0.120,0.210) s=0.126 PSDFmin=-0.002212 G=OK(+0.01816) MF=OK(active=20/20,min=+7.122e-15,slack=+1.721e-17)
[RMPCC 0012] OK solve=58.7ms pose=(0.419,0.247,0.677) u=(0.120,0.934) s=0.143 PSDFmin=+0.004544 G=OK(+0.007167) MF=OK(active=19/20,min=+4.928e-13,slack=+2.416e-15)
[RMPCC 0013] OK solve=58.6ms pose=(0.428,0.255,0.771) u=(0.122,0.410) s=0.147 PSDFmin=-0.01375 G=OK(+0.01437) MF=OK(active=20/20,min=+2.051e-12,slack=+1.505e-15)
[RMPCC 0014] OK solve=60.1ms pose=(0.437,0.263,0.812) u=(0.124,0.600) s=0.158 PSDFmin=+0.01404 G=OK(+0.01248) MF=OK(active=17/20,min=+6.634e-12,slack=+6.299e-14)
[RMPCC 0015] OK solve=53.0ms pose=(0.445,0.272,0.872) u=(0.114,0.735) s=0.171 PSDFmin=-0.005444 G=OK(+0.006973) MF=OK(active=20/20,min=+3.01e-13,slack=+1.263e-15)
[RMPCC 0016] OK solve=57.8ms pose=(0.453,0.281,0.945) u=(0.116,0.675) s=0.182 PSDFmin=-0.0101 G=OK(+0.003392) MF=OK(active=15/20,min=+3.782e-09,slack=+1.478e-12)
[RMPCC 0017] OK solve=58.5ms pose=(0.459,0.290,1.013) u=(0.141,0.265) s=0.193 PSDFmin=+0.01348 G=OK(+0.01367) MF=OK(active=18/20,min=-1.882e-13,slack=+7.308e-15)
[RMPCC 0018] OK solve=59.5ms pose=(0.467,0.302,1.039) u=(0.104,1.200) s=0.207 PSDFmin=-0.003882 G=OK(+0.009108) MF=OK(active=20/20,min=+5.347e-12,slack=+1.261e-14)
[RMPCC 0019] OK solve=55.6ms pose=(0.472,0.311,1.159) u=(0.138,0.522) s=0.217 PSDFmin=-0.00836 G=OK(+0.008476) MF=OK(active=13/20,min=+6.453e-12,slack=+1.165e-15)
[RMPCC 0020] OK solve=56.3ms pose=(0.478,0.324,1.211) u=(0.103,0.733) s=0.229 PSDFmin=+0.01105 G=OK(+0.01166) MF=OK(active=17/20,min=+2.206e-10,slack=+3.855e-13)
[RMPCC 0021] OK solve=50.3ms pose=(0.481,0.334,1.285) u=(0.134,0.236) s=0.242 PSDFmin=-0.003667 G=OK(+0.01245) MF=OK(active=20/20,min=+7.819e-14,slack=+3.474e-17)
[RMPCC 0022] OK solve=56.7ms pose=(0.485,0.347,1.308) u=(0.141,0.711) s=0.255 PSDFmin=+0.01203 G=OK(+0.01337) MF=OK(active=19/20,min=+1.855e-09,slack=+8.158e-14)
[RMPCC 0023] OK solve=55.9ms pose=(0.489,0.360,1.379) u=(0.140,0.282) s=0.269 PSDFmin=+0.01651 G=OK(+0.01514) MF=OK(active=20/20,min=+1.794e-13,slack=+9.129e-17)
[RMPCC 0024] OK solve=61.2ms pose=(0.491,0.374,1.408) u=(0.146,0.491) s=0.284 PSDFmin=+0.01725 G=OK(+0.01705) MF=OK(active=20/20,min=+1.954e-14,slack=+1.887e-17)
[RMPCC 0025] OK solve=60.0ms pose=(0.494,0.388,1.457) u=(0.157,0.229) s=0.300 PSDFmin=+0.02024 G=OK(+0.0189) MF=OK(active=20/20,min=+0.01387,slack=+1.971e-17)
[RMPCC 0026] OK solve=59.9ms pose=(0.496,0.404,1.480) u=(0.157,0.340) s=0.317 PSDFmin=+0.02193 G=OK(+0.02088) MF=OK(active=20/20,min=-1.323e-14,slack=+6.448e-15)
[RMPCC 0027] OK solve=53.3ms pose=(0.497,0.420,1.514) u=(0.159,0.119) s=0.334 PSDFmin=+0.0244 G=OK(+0.02275) MF=OK(active=20/20,min=+3.118e-15,slack=+2.766e-17)
[RMPCC 0028] OK solve=60.0ms pose=(0.498,0.435,1.526) u=(0.150,0.298) s=0.339 PSDFmin=+0.01961 G=OK(+0.02082) MF=OK(active=20/20,min=+9.355e-10,slack=+2.513e-12)
[RMPCC 0029] OK solve=53.6ms pose=(0.499,0.450,1.555) u=(0.163,-0.026) s=0.354 PSDFmin=+0.01068 G=OK(+0.01425) MF=OK(active=20/20,min=+3.208e-12,slack=+7.946e-15)
[RMPCC 0030] OK solve=57.9ms pose=(0.499,0.467,1.553) u=(0.167,0.166) s=0.373 PSDFmin=+0.01369 G=OK(+0.01227) MF=OK(active=20/20,min=+1.121e-09,slack=+7.101e-13)
[RMPCC 0031] OK solve=59.4ms pose=(0.499,0.483,1.569) u=(0.174,0.035) s=0.387 PSDFmin=+0.01649 G=OK(+0.0156) MF=OK(active=20/20,min=+9.804e-11,slack=+1.775e-11)
[RMPCC 0032] OK solve=59.0ms pose=(0.499,0.501,1.573) u=(0.174,0.137) s=0.405 PSDFmin=+0.01951 G=OK(+0.01776) MF=OK(active=20/20,min=+4.024e-13,slack=+9.237e-15)
[RMPCC 0033] OK solve=61.0ms pose=(0.499,0.518,1.587) u=(0.168,-0.274) s=0.419 PSDFmin=+0.006738 G=OK(+0.005074) MF=OK(active=20/20,min=+1.246e-14,slack=+3.003e-17)
[RMPCC 0034] OK solve=66.4ms pose=(0.499,0.535,1.559) u=(0.171,0.066) s=0.441 PSDFmin=+0.01287 G=OK(+0.01102) MF=OK(active=20/20,min=+6.593e-12,slack=+6.023e-15)
[RMPCC 0035] OK solve=64.6ms pose=(0.499,0.552,1.566) u=(0.170,-0.062) s=0.455 PSDFmin=+0.01516 G=OK(+0.01397) MF=OK(active=20/20,min=+4.959e-14,slack=+3.561e-14)
[RMPCC 0036] OK solve=66.0ms pose=(0.499,0.569,1.560) u=(0.165,-0.020) s=0.469 PSDFmin=+0.01559 G=OK(+0.0141) MF=OK(active=20/20,min=+8.015e-15,slack=+2.187e-17)
[RMPCC 0037] OK solve=55.1ms pose=(0.499,0.586,1.558) u=(0.162,-0.220) s=0.484 PSDFmin=+0.01321 G=OK(+0.01154) MF=OK(active=20/20,min=+1.318e-14,slack=+7.594e-16)
[RMPCC 0038] OK solve=57.0ms pose=(0.500,0.602,1.536) u=(0.159,-0.111) s=0.499 PSDFmin=+0.01438 G=OK(+0.01236) MF=OK(active=20/20,min=+3.937e-12,slack=+2.437e-14)
[RMPCC 0039] OK solve=59.8ms pose=(0.500,0.618,1.524) u=(0.154,-0.340) s=0.513 PSDFmin=+0.01227 G=OK(+0.01048) MF=OK(active=20/20,min=-5.393e-13,slack=+1.395e-13)
[RMPCC 0040] OK solve=68.5ms pose=(0.501,0.633,1.490) u=(0.150,-0.324) s=0.527 PSDFmin=+0.01235 G=OK(+0.01058) MF=OK(active=20/20,min=+2.94e-14,slack=+9.151e-17)
[RMPCC 0041] OK solve=70.6ms pose=(0.502,0.648,1.458) u=(0.144,-0.481) s=0.541 PSDFmin=+0.01145 G=OK(+0.009601) MF=OK(active=20/20,min=+2.828e-09,slack=+1.451e-12)
[RMPCC 0042] OK solve=68.1ms pose=(0.504,0.662,1.410) u=(0.141,-0.597) s=0.555 PSDFmin=+0.01122 G=OK(+0.009188) MF=OK(active=20/20,min=+8.9e-15,slack=+1.836e-17)
[RMPCC 0043] OK solve=68.1ms pose=(0.506,0.676,1.350) u=(0.136,-0.747) s=0.569 PSDFmin=+0.01063 G=OK(+0.008667) MF=OK(active=20/20,min=+1.131e-12,slack=+1.943e-12)
[RMPCC 0044] OK solve=68.0ms pose=(0.509,0.690,1.276) u=(0.130,-0.900) s=0.583 PSDFmin=+0.01019 G=OK(+0.008205) MF=OK(active=20/20,min=+4.422e-12,slack=+1.222e-14)
[RMPCC 0045] OK solve=71.6ms pose=(0.513,0.702,1.186) u=(0.125,-1.055) s=0.597 PSDFmin=+0.009973 G=OK(+0.00794) MF=OK(active=20/20,min=+1.32e-08,slack=+2.889e-12)
[RMPCC 0046] OK solve=69.4ms pose=(0.517,0.714,1.080) u=(0.134,-1.097) s=0.622 PSDFmin=+0.01055 G=OK(+0.008384) MF=OK(active=20/20,min=+1.806e-12,slack=+5.637e-14)
[RMPCC 0047] OK solve=62.0ms pose=(0.524,0.725,0.970) u=(0.126,-1.039) s=0.635 PSDFmin=+0.01119 G=OK(+0.009199) MF=OK(active=20/20,min=+5.775e-14,slack=+2.313e-17)
[RMPCC 0048] OK solve=56.9ms pose=(0.531,0.736,0.866) u=(0.117,-0.946) s=0.647 PSDFmin=+0.01202 G=OK(+0.01018) MF=OK(active=20/20,min=+0.02025,slack=+3.551e-17)
[RMPCC 0049] OK solve=64.7ms pose=(0.538,0.745,0.772) u=(0.120,-0.805) s=0.666 PSDFmin=+0.01327 G=OK(+0.01149) MF=OK(active=20/20,min=+0.06101,slack=+2.382e-16)
[RMPCC 0050] OK solve=59.2ms pose=(0.547,0.753,0.691) u=(0.117,-0.697) s=0.684 PSDFmin=+0.01487 G=OK(+0.0132) MF=OK(active=20/20,min=+0.1078,slack=+4.408e-17)
[RMPCC 0051] OK solve=51.5ms pose=(0.556,0.761,0.622) u=(0.112,-0.601) s=0.699 PSDFmin=+0.01669 G=OK(+0.01513) MF=OK(active=20/20,min=+0.1575,slack=+5.533e-17)
[RMPCC 0052] OK solve=58.3ms pose=(0.565,0.767,0.562) u=(0.108,-0.520) s=0.714 PSDFmin=+0.01864 G=OK(+0.01716) MF=OK(active=20/20,min=+0.1828,slack=+3.122e-15)
[RMPCC 0053] OK solve=59.6ms pose=(0.574,0.773,0.510) u=(0.108,-0.454) s=0.732 PSDFmin=+0.02067 G=OK(+0.01925) MF=OK(active=20/20,min=+0.1954,slack=+3.682e-17)
[RMPCC 0054] OK solve=59.2ms pose=(0.584,0.778,0.464) u=(0.102,-0.398) s=0.745 PSDFmin=+0.02277 G=OK(+0.02141) MF=OK(active=20/20,min=+0.2,slack=+1.117e-12)
[RMPCC 0055] OK solve=57.4ms pose=(0.593,0.783,0.424) u=(0.101,-0.350) s=0.760 PSDFmin=+0.02486 G=OK(+0.02355) MF=OK(active=20/20,min=+0.2,slack=+1.278e-14)
[RMPCC 0056] OK solve=51.7ms pose=(0.602,0.787,0.389) u=(0.101,-0.312) s=0.775 PSDFmin=+0.02697 G=OK(+0.02569) MF=OK(active=20/20,min=+0.2,slack=+3.071e-17)
[RMPCC 0057] OK solve=59.6ms pose=(0.611,0.791,0.358) u=(0.093,-0.276) s=0.783 PSDFmin=+0.02904 G=OK(+0.02781) MF=OK(active=20/20,min=+0.2,slack=+9.781e-12)
[RMPCC 0058] OK solve=70.6ms pose=(0.620,0.794,0.331) u=(0.094,-0.246) s=0.798 PSDFmin=+0.03155 G=OK(+0.02984) MF=OK(active=20/20,min=+0.2,slack=+2.445e-12)
[RMPCC 0059] OK solve=65.5ms pose=(0.629,0.797,0.306) u=(0.088,-0.220) s=0.805 PSDFmin=+0.03525 G=OK(+0.03358) MF=OK(active=20/20,min=+0.2,slack=+1.267e-11)
[RMPCC 0060] OK solve=65.3ms pose=(0.637,0.800,0.284) u=(0.082,-0.196) s=0.813 PSDFmin=+0.03874 G=OK(+0.03773) MF=OK(active=20/20,min=+0.2,slack=+2.94e-11)
[RMPCC 0061] OK solve=67.4ms pose=(0.645,0.802,0.264) u=(0.086,-0.179) s=0.828 PSDFmin=+0.0421 G=OK(+0.04109) MF=OK(active=20/20,min=+0.2,slack=+1.371e-13)
[RMPCC 0062] OK solve=67.3ms pose=(0.653,0.804,0.246) u=(0.082,-0.163) s=0.836 PSDFmin=+0.04512 G=OK(+0.04411) MF=OK(active=20/20,min=+0.2,slack=+2.516e-14)
[RMPCC 0063] OK solve=49.6ms pose=(0.661,0.806,0.230) u=(0.078,-0.147) s=0.843 PSDFmin=+0.04783 G=OK(+0.04682) MF=OK(active=20/20,min=+0.2,slack=+2.97e-17)
[RMPCC 0064] OK solve=56.3ms pose=(0.669,0.808,0.215) u=(0.074,-0.134) s=0.851 PSDFmin=+0.05029 G=OK(+0.04928) MF=OK(active=20/20,min=+0.2,slack=+6.619e-13)
[RMPCC 0065] OK solve=60.0ms pose=(0.676,0.809,0.202) u=(0.072,-0.122) s=0.859 PSDFmin=+0.05252 G=OK(+0.05152) MF=OK(active=20/20,min=+0.2,slack=+3.687e-11)
[RMPCC 0066] OK solve=55.6ms pose=(0.683,0.811,0.190) u=(0.070,-0.112) s=0.866 PSDFmin=+0.05458 G=OK(+0.05357) MF=OK(active=20/20,min=+0.2,slack=+2.654e-17)
[RMPCC 0067] OK solve=62.1ms pose=(0.690,0.812,0.179) u=(0.059,-0.101) s=0.866 PSDFmin=+0.0563 G=OK(+0.05529) MF=OK(active=20/20,min=+0.2,slack=+5.94e-17)
[RMPCC 0068] OK solve=56.1ms pose=(0.696,0.813,0.168) u=(0.058,-0.092) s=0.874 PSDFmin=+0.05789 G=OK(+0.05688) MF=OK(active=20/20,min=+0.2,slack=+3.78e-17)
[RMPCC 0069] OK solve=59.5ms pose=(0.702,0.814,0.159) u=(0.058,-0.085) s=0.881 PSDFmin=+0.05939 G=OK(+0.05838) MF=OK(active=20/20,min=+0.2,slack=+3.258e-17)
[RMPCC 0070] OK solve=64.8ms pose=(0.707,0.815,0.151) u=(0.059,-0.079) s=0.889 PSDFmin=+0.06081 G=OK(+0.0598) MF=OK(active=20/20,min=+0.2,slack=+3.566e-11)
[RMPCC 0071] OK solve=66.6ms pose=(0.713,0.816,0.143) u=(0.050,-0.072) s=0.889 PSDFmin=+0.06201 G=OK(+0.06101) MF=OK(active=20/20,min=+0.2,slack=+1.986e-15)
[RMPCC 0072] OK solve=62.8ms pose=(0.718,0.817,0.136) u=(0.051,-0.067) s=0.897 PSDFmin=+0.06316 G=OK(+0.06215) MF=OK(active=20/20,min=+0.2,slack=+2.765e-17)
[RMPCC 0073] OK solve=57.5ms pose=(0.723,0.817,0.129) u=(0.043,-0.061) s=0.897 PSDFmin=+0.06413 G=OK(+0.06313) MF=OK(active=20/20,min=+0.2,slack=+3.079e-16)
[RMPCC 0074] OK solve=52.4ms pose=(0.728,0.818,0.123) u=(0.045,-0.056) s=0.904 PSDFmin=+0.06508 G=OK(+0.06408) MF=OK(active=20/20,min=+0.2,slack=+7.809e-16)
[RMPCC 0075] OK solve=51.0ms pose=(0.732,0.819,0.117) u=(0.048,-0.053) s=0.912 PSDFmin=+0.06601 G=OK(+0.06501) MF=OK(active=20/20,min=+0.2,slack=+8.424e-17)
[RMPCC 0076] OK solve=54.6ms pose=(0.737,0.819,0.112) u=(0.041,-0.048) s=0.912 PSDFmin=+0.06681 G=OK(+0.06581) MF=OK(active=20/20,min=+0.2,slack=+1.015e-16)
[RMPCC 0077] OK solve=63.9ms pose=(0.741,0.820,0.107) u=(0.044,-0.045) s=0.919 PSDFmin=+0.06759 G=OK(+0.06659) MF=OK(active=20/20,min=+0.2,slack=+1.74e-16)
[RMPCC 0078] OK solve=55.0ms pose=(0.745,0.820,0.103) u=(0.037,-0.042) s=0.919 PSDFmin=+0.06827 G=OK(+0.06727) MF=OK(active=20/20,min=+0.2,slack=+1.338e-16)
[RMPCC 0079] OK solve=51.4ms pose=(0.749,0.820,0.098) u=(0.031,-0.038) s=0.919 PSDFmin=+0.06853 G=OK(+0.06753) MF=OK(active=20/20,min=+0.2,slack=+4.324e-14)
[RMPCC 0080] OK solve=55.3ms pose=(0.752,0.821,0.095) u=(0.036,-0.036) s=0.927 PSDFmin=+0.06852 G=OK(+0.06752) MF=OK(active=20/20,min=+0.2,slack=+9.651e-17)
[RMPCC 0081] OK solve=55.5ms pose=(0.756,0.821,0.091) u=(0.031,-0.033) s=0.927 PSDFmin=+0.06849 G=OK(+0.06749) MF=OK(active=20/20,min=+0.2,slack=+3.573e-14)
[RMPCC 0082] OK solve=53.2ms pose=(0.759,0.821,0.088) u=(0.035,-0.031) s=0.935 PSDFmin=+0.06847 G=OK(+0.06747) MF=OK(active=20/20,min=+0.2,slack=+4.534e-17)
[RMPCC 0083] OK solve=55.8ms pose=(0.762,0.822,0.085) u=(0.030,-0.029) s=0.935 PSDFmin=+0.06845 G=OK(+0.06745) MF=OK(active=20/20,min=+0.2,slack=+8.179e-15)
[RMPCC 0084] OK solve=53.8ms pose=(0.765,0.822,0.082) u=(0.025,-0.026) s=0.935 PSDFmin=+0.06843 G=OK(+0.06743) MF=OK(active=20/20,min=+0.2,slack=+1.264e-13)
[RMPCC 0085] OK solve=58.4ms pose=(0.768,0.822,0.079) u=(0.031,-0.025) s=0.942 PSDFmin=+0.06842 G=OK(+0.06742) MF=OK(active=20/20,min=+0.2,slack=+1.309e-15)
[RMPCC 0086] OK solve=56.3ms pose=(0.771,0.822,0.077) u=(0.026,-0.023) s=0.942 PSDFmin=+0.0684 G=OK(+0.0674) MF=OK(active=20/20,min=+0.2,slack=+1.441e-14)
[RMPCC 0087] OK solve=57.8ms pose=(0.773,0.823,0.074) u=(0.022,-0.021) s=0.942 PSDFmin=+0.06839 G=OK(+0.06739) MF=OK(active=20/20,min=+0.2,slack=+1.086e-13)
[RMPCC 0088] OK solve=53.7ms pose=(0.776,0.823,0.072) u=(0.018,-0.020) s=0.942 PSDFmin=+0.06839 G=OK(+0.06739) MF=OK(active=20/20,min=+0.2,slack=+6.212e-13)
[RMPCC 0089] OK solve=56.8ms pose=(0.777,0.823,0.070) u=(0.025,-0.019) s=0.950 PSDFmin=+0.06838 G=OK(+0.06738) MF=OK(active=20/20,min=+0.2,slack=+3.299e-14)
[RMPCC 0090] OK solve=58.2ms pose=(0.780,0.823,0.068) u=(0.022,-0.017) s=0.950 PSDFmin=+0.06836 G=OK(+0.06736) MF=OK(active=20/20,min=+0.2,slack=+5.238e-13)
[RMPCC 0091] OK solve=65.0ms pose=(0.782,0.823,0.067) u=(0.018,-0.016) s=0.950 PSDFmin=+0.06835 G=OK(+0.06735) MF=OK(active=20/20,min=+0.2,slack=+4.946e-12)
[RMPCC 0092] OK solve=66.0ms pose=(0.784,0.823,0.065) u=(0.015,-0.015) s=0.950 PSDFmin=+0.06835 G=OK(+0.06735) MF=OK(active=20/20,min=+0.2,slack=+1.211e-12)
[RMPCC 0093] OK solve=64.8ms pose=(0.785,0.823,0.064) u=(0.022,-0.014) s=0.957 PSDFmin=+0.06835 G=OK(+0.06735) MF=OK(active=20/20,min=+0.2,slack=+5.016e-16)
[RMPCC 0094] OK solve=65.3ms pose=(0.788,0.824,0.062) u=(0.019,-0.013) s=0.957 PSDFmin=+0.06833 G=OK(+0.06733) MF=OK(active=20/20,min=+0.2,slack=+1.349e-14)
[RMPCC 0095] OK solve=49.4ms pose=(0.790,0.824,0.061) u=(0.016,-0.012) s=0.957 PSDFmin=+0.06832 G=OK(+0.06732) MF=OK(active=20/20,min=+0.2,slack=+3.153e-14)
[RMPCC 0096] OK solve=57.7ms pose=(0.791,0.824,0.060) u=(0.014,-0.011) s=0.957 PSDFmin=+0.06832 G=OK(+0.06732) MF=OK(active=20/20,min=+0.2,slack=+9.3e-13)
[RMPCC 0097] OK solve=58.2ms pose=(0.793,0.824,0.058) u=(0.011,-0.011) s=0.957 PSDFmin=+0.06833 G=OK(+0.06733) MF=OK(active=20/20,min=+0.2,slack=+1.114e-12)
[RMPCC 0098] OK solve=54.7ms pose=(0.794,0.824,0.057) u=(0.020,-0.010) s=0.965 PSDFmin=+0.06832 G=OK(+0.06732) MF=OK(active=20/20,min=+0.2,slack=+1.664e-15)
[RMPCC 0099] OK solve=51.8ms pose=(0.796,0.824,0.056) u=(0.017,-0.010) s=0.965 PSDFmin=+0.0683 G=OK(+0.0673) MF=OK(active=20/20,min=+0.2,slack=+6.691e-16)
[RMPCC 0100] OK solve=60.8ms pose=(0.797,0.824,0.055) u=(0.014,-0.009) s=0.965 PSDFmin=+0.06829 G=OK(+0.06729) MF=OK(active=20/20,min=+0.2,slack=+2.755e-15)
[RMPCC 0101] OK solve=55.0ms pose=(0.799,0.824,0.054) u=(0.012,-0.008) s=0.965 PSDFmin=+0.06829 G=OK(+0.06729) MF=OK(active=20/20,min=+0.2,slack=+1.628e-16)
[RMPCC 0102] OK solve=53.8ms pose=(0.800,0.824,0.054) u=(0.010,-0.008) s=0.965 PSDFmin=+0.0683 G=OK(+0.0673) MF=OK(active=20/20,min=+0.2,slack=+8.996e-16)
[RMPCC 0103] OK solve=67.1ms pose=(0.801,0.824,0.053) u=(0.008,-0.007) s=0.965 PSDFmin=+0.0683 G=OK(+0.0673) MF=OK(active=20/20,min=+0.2,slack=+5.549e-15)
[RMPCC 0104] OK solve=61.2ms pose=(0.802,0.824,0.052) u=(0.007,-0.007) s=0.965 PSDFmin=+0.06831 G=OK(+0.06731) MF=OK(active=20/20,min=+0.2,slack=+2.514e-15)
[RMPCC 0105] OK solve=54.5ms pose=(0.802,0.824,0.051) u=(0.006,-0.007) s=0.965 PSDFmin=+0.06832 G=OK(+0.06732) MF=OK(active=20/20,min=+0.2,slack=+2.804e-15)
[RMPCC 0106] OK solve=61.0ms pose=(0.803,0.824,0.051) u=(0.006,-0.006) s=0.966 PSDFmin=+0.06833 G=OK(+0.06733) MF=OK(active=20/20,min=+0.2,slack=+1.501e-15)
[RMPCC 0107] OK solve=61.5ms pose=(0.804,0.824,0.050) u=(0.014,-0.006) s=0.973 PSDFmin=+0.06832 G=OK(+0.06732) MF=OK(active=20/20,min=+0.2,slack=+8.415e-12)
[RMPCC 0108] OK solve=53.5ms pose=(0.805,0.825,0.049) u=(0.012,-0.006) s=0.973 PSDFmin=+0.0683 G=OK(+0.0673) MF=OK(active=20/20,min=+0.2,slack=+1.107e-12)
[RMPCC 0109] OK solve=59.9ms pose=(0.806,0.825,0.049) u=(0.010,-0.005) s=0.973 PSDFmin=+0.0683 G=OK(+0.0673) MF=OK(active=20/20,min=+0.2,slack=+3.315e-12)
[RMPCC 0110] OK solve=63.3ms pose=(0.807,0.825,0.048) u=(0.008,-0.005) s=0.973 PSDFmin=+0.0683 G=OK(+0.0673) MF=OK(active=20/20,min=+0.2,slack=+6.293e-12)
[RMPCC 0111] OK solve=53.9ms pose=(0.808,0.825,0.048) u=(0.007,-0.005) s=0.973 PSDFmin=+0.06831 G=OK(+0.06731) MF=OK(active=20/20,min=+0.2,slack=+2.301e-11)
[RMPCC 0112] OK solve=59.3ms pose=(0.809,0.825,0.047) u=(0.006,-0.005) s=0.973 PSDFmin=+0.06831 G=OK(+0.06731) MF=OK(active=20/20,min=+0.2,slack=+6.306e-12)
[RMPCC 0113] OK solve=52.6ms pose=(0.809,0.825,0.047) u=(0.005,-0.004) s=0.973 PSDFmin=+0.06832 G=OK(+0.06732) MF=OK(active=20/20,min=+0.2,slack=+8.8e-13)
[RMPCC 0114] OK solve=61.7ms pose=(0.810,0.825,0.046) u=(0.004,-0.004) s=0.973 PSDFmin=+0.06833 G=OK(+0.06733) MF=OK(active=20/20,min=+0.2,slack=+1.088e-11)
[RMPCC 0115] OK solve=53.4ms pose=(0.810,0.825,0.046) u=(0.004,-0.004) s=0.973 PSDFmin=+0.06833 G=OK(+0.06733) MF=OK(active=20/20,min=+0.2,slack=+5.162e-12)
[RMPCC 0116] OK solve=64.5ms pose=(0.811,0.825,0.046) u=(0.004,-0.004) s=0.974 PSDFmin=+0.06834 G=OK(+0.06734) MF=OK(active=20/20,min=+0.2,slack=+9.371e-12)
[RMPCC 0117] OK solve=54.6ms pose=(0.811,0.825,0.045) u=(0.004,-0.004) s=0.974 PSDFmin=+0.06835 G=OK(+0.06734) MF=OK(active=20/20,min=+0.2,slack=+6.341e-12)
[RMPCC 0118] OK solve=62.0ms pose=(0.811,0.825,0.045) u=(0.004,-0.004) s=0.974 PSDFmin=+0.06835 G=OK(+0.06735) MF=OK(active=20/20,min=+0.2,slack=+2.319e-11)
[RMPCC 0119] OK solve=58.1ms pose=(0.812,0.825,0.044) u=(0.004,-0.004) s=0.975 PSDFmin=+0.06836 G=OK(+0.06736) MF=OK(active=20/20,min=+0.2,slack=+2.572e-11)
[RMPCC 0120] OK solve=55.2ms pose=(0.812,0.825,0.044) u=(0.004,-0.003) s=0.975 PSDFmin=+0.06836 G=OK(+0.06736) MF=OK(active=20/20,min=+0.2,slack=+6.387e-11)
[RMPCC 0121] OK solve=55.7ms pose=(0.812,0.825,0.044) u=(0.003,-0.003) s=0.975 PSDFmin=+0.06837 G=OK(+0.06737) MF=OK(active=20/20,min=+0.2,slack=+9.273e-15)
[RMPCC 0122] OK solve=56.2ms pose=(0.813,0.825,0.043) u=(0.003,-0.003) s=0.976 PSDFmin=+0.06838 G=OK(+0.06738) MF=OK(active=20/20,min=+0.2,slack=+1.441e-10)
[RMPCC 0123] OK solve=50.5ms pose=(0.813,0.825,0.043) u=(0.003,-0.003) s=0.976 PSDFmin=+0.06838 G=OK(+0.06738) MF=OK(active=20/20,min=+0.2,slack=+3.896e-14)
[RMPCC 0124] OK solve=56.0ms pose=(0.813,0.825,0.043) u=(0.003,-0.003) s=0.976 PSDFmin=+0.06838 G=OK(+0.06738) MF=OK(active=20/20,min=+0.2,slack=+7.113e-15)
[RMPCC 0125] OK solve=64.7ms pose=(0.814,0.825,0.042) u=(0.003,-0.003) s=0.977 PSDFmin=+0.06838 G=OK(+0.06738) MF=OK(active=20/20,min=+0.2,slack=+9.738e-15)
[RMPCC 0126] OK solve=57.2ms pose=(0.814,0.825,0.042) u=(0.003,-0.003) s=0.977 PSDFmin=+0.06839 G=OK(+0.06739) MF=OK(active=20/20,min=+0.2,slack=+8.421e-15)
[RMPCC 0127] OK solve=54.1ms pose=(0.814,0.825,0.042) u=(0.007,-0.003) s=0.980 PSDFmin=+0.06839 G=OK(+0.06739) MF=OK(active=20/20,min=+0.2,slack=+2.726e-12)
목적지에 도착했습니다! 현재 위치: [0.81504 0.82499], 시간: 12.80초
Using rmpcc optimizer with differential_drive dynamics:
median:  0.058457136154174805
std:  0.005112139624035819
min:  0.04939889907836914
max:  0.07160139083862305
Simulation finished.
Run outcome: status=success, reason=None, final_time=12.79999999999997, distance_to_goal=0.009955732537246197
Optimizer runtime stats: safe_stop_count=0, backup_feasible_qp_success_count=0, plant_input_apply_count=128, last_solve_mode=sqp_rti
Trial history saved to /home/taek111/projects/psdf_mpcc/debug_runs/rmpcc_tuning/p5-c0p3_s_path_r1/data/trial_history_MPC_rmpcc_rectangle_s_path_p5-c0p3_s_path_r1.csv
RMPCC constraint history saved to /home/taek111/projects/psdf_mpcc/debug_runs/rmpcc_tuning/p5-c0p3_s_path_r1/data/rmpcc_constraints_MPC_rmpcc_rectangle_s_path_p5-c0p3_s_path_r1.csv
RMPCC debug history saved to /home/taek111/projects/psdf_mpcc/debug_runs/rmpcc_tuning/p5-c0p3_s_path_r1/data/cycle_raw.csv
RMPCC debug history saved to /home/taek111/projects/psdf_mpcc/debug_runs/rmpcc_tuning/p5-c0p3_s_path_r1/data/covariance_trajectory.csv
Pose-SDF data saved to /home/taek111/projects/psdf_mpcc/debug_runs/rmpcc_tuning/p5-c0p3_s_path_r1/data/pose_sdf_MPC_rmpcc_rectangle_s_path_p5-c0p3_s_path_r1.csv
Total data points: 128
SDF statistics - Min: 0.0117, Max: 0.1050, Mean: 0.0515
