COMMAND: python3 test_nmpc.py --single --config /home/taek111/projects/psdf_mpcc/benchmark_runs/maze_rectangle_dd_gaussian_20260916/safe/dcbf/seed43/config.yaml --maze-type maze --robot-shape rectangle --dynamics-type differential_drive --optimizer-type dcbf --path-planner astar --simulation-time 60 --no-animation --no-plots
Running single test...
Start perturbation: seed=43, pose=[0.0798845901334352, 0.808563566401577, -1.6000727958625], delta=[0.004884590133435201, 0.013563566401577118, -0.029276469067603488], clearance=0.015151 m, attempts=1
Start pose saved to /home/taek111/projects/psdf_mpcc/benchmark_runs/maze_rectangle_dd_gaussian_20260916/safe/dcbf/seed43/data/start_pose_MPC_DCBF_rectangle_maze_gaussian_20260916_startseed43.json
generating global path with A* + Line of Sight
시작 위치: [0.07988 0.80856]
목적지: [1.8  0.09]
도착 판정 기준: position <= 0.01m, angle <= 0.01rad

******************************************************************************
This program contains Ipopt, a library for large-scale nonlinear optimization.
 Ipopt is released as open source code under the Eclipse Public License (EPL).
         For more information visit https://github.com/coin-or/Ipopt
******************************************************************************

solver time:  0.685581
plant_input_stage0: full=[0.08623 1.     ], physical=[0.08623 1.     ]
solver time:  0.77161
plant_input_stage0: full=[0.08532 0.42246], physical=[0.08532 0.42246]
solver time:  0.678134
plant_input_stage0: full=[0.08492 0.03162], physical=[0.08492 0.03162]
solver time:  0.696491
plant_input_stage0: full=[0.08431 0.0554 ], physical=[0.08431 0.0554 ]
solver time:  0.654525
plant_input_stage0: full=[0.08362 0.07442], physical=[0.08362 0.07442]
solver time:  0.7907
plant_input_stage0: full=[0.08282 0.08649], physical=[0.08282 0.08649]
solver time:  0.756169
plant_input_stage0: full=[0.0819  0.08404], physical=[0.0819  0.08404]
solver time:  0.870006
plant_input_stage0: full=[0.08083 0.07728], physical=[0.08083 0.07728]
solver time:  0.929887
plant_input_stage0: full=[0.0796  0.03804], physical=[0.0796  0.03804]
solver time:  0.822081
plant_input_stage0: full=[ 0.07838 -0.00744], physical=[ 0.07838 -0.00744]
solver time:  0.758916
plant_input_stage0: full=[ 0.07705 -0.03864], physical=[ 0.07705 -0.03864]
solver time:  0.701108
plant_input_stage0: full=[ 0.07568 -0.05905], physical=[ 0.07568 -0.05905]
solver time:  0.797693
plant_input_stage0: full=[ 0.07427 -0.07157], physical=[ 0.07427 -0.07157]
solver time:  0.848756
plant_input_stage0: full=[ 0.07276 -0.07815], physical=[ 0.07276 -0.07815]
solver time:  0.752484
plant_input_stage0: full=[ 0.07113 -0.08066], physical=[ 0.07113 -0.08066]
solver time:  0.911799
plant_input_stage0: full=[ 0.06952 -0.07973], physical=[ 0.06952 -0.07973]
solver time:  0.788042
plant_input_stage0: full=[ 0.06773 -0.07731], physical=[ 0.06773 -0.07731]
solver time:  0.793905
plant_input_stage0: full=[ 0.06582 -0.06713], physical=[ 0.06582 -0.06713]
solver time:  0.748578
plant_input_stage0: full=[0.06381 0.02295], physical=[0.06381 0.02295]
solver time:  0.761698
plant_input_stage0: full=[0.06182 0.01934], physical=[0.06182 0.01934]
solver time:  0.811192
plant_input_stage0: full=[0.05977 0.01622], physical=[0.05977 0.01622]
solver time:  0.863119
plant_input_stage0: full=[0.05896 0.01658], physical=[0.05896 0.01658]
solver time:  0.943785
plant_input_stage0: full=[ 0.06332 -0.08278], physical=[ 0.06332 -0.08278]
solver time:  0.951329
plant_input_stage0: full=[0.06976 0.01527], physical=[0.06976 0.01527]
solver time:  0.985129
plant_input_stage0: full=[ 0.07309 -0.1005 ], physical=[ 0.07309 -0.1005 ]
solver time:  0.978818
plant_input_stage0: full=[ 0.08968 -0.78117], physical=[ 0.08968 -0.78117]
solver time:  1.131108
plant_input_stage0: full=[0.08607 0.45157], physical=[0.08607 0.45157]
solver time:  1.1885
plant_input_stage0: full=[0.08315 1.     ], physical=[0.08315 1.     ]
solver time:  1.109148
plant_input_stage0: full=[0.05562 1.     ], physical=[0.05562 1.     ]
solver time:  1.067726
plant_input_stage0: full=[0.05276 1.     ], physical=[0.05276 1.     ]
solver time:  1.177297
plant_input_stage0: full=[0.05138 1.     ], physical=[0.05138 1.     ]
solver time:  1.218704
plant_input_stage0: full=[0.05024 1.     ], physical=[0.05024 1.     ]
solver time:  1.291326
plant_input_stage0: full=[0.0551 1.    ], physical=[0.0551 1.    ]
solver time:  1.157154
plant_input_stage0: full=[0.06011 1.     ], physical=[0.06011 1.     ]
solver time:  1.097025
plant_input_stage0: full=[0.06471 1.     ], physical=[0.06471 1.     ]
solver time:  0.722154
plant_input_stage0: full=[0.06896 1.     ], physical=[0.06896 1.     ]
solver time:  0.672128
plant_input_stage0: full=[0.07284 1.     ], physical=[0.07284 1.     ]
solver time:  0.711319
plant_input_stage0: full=[0.07633 1.     ], physical=[0.07633 1.     ]
solver time:  0.683247
plant_input_stage0: full=[0.07941 1.     ], physical=[0.07941 1.     ]
solver time:  0.7585
plant_input_stage0: full=[0.08199 1.     ], physical=[0.08199 1.     ]
solver time:  0.674618
plant_input_stage0: full=[0.08401 1.     ], physical=[0.08401 1.     ]
solver time:  0.834608
plant_input_stage0: full=[0.11035 1.     ], physical=[0.11035 1.     ]
solver time:  0.86718
plant_input_stage0: full=[0.10502 0.45659], physical=[0.10502 0.45659]
solver time:  0.82958
plant_input_stage0: full=[0.09889 0.19167], physical=[0.09889 0.19167]
solver time:  0.804931
plant_input_stage0: full=[0.09294 0.12363], physical=[0.09294 0.12363]
solver time:  0.812608
plant_input_stage0: full=[0.08732 0.07475], physical=[0.08732 0.07475]
solver time:  0.876423
plant_input_stage0: full=[0.08469 0.03762], physical=[0.08469 0.03762]
solver time:  0.791731
plant_input_stage0: full=[0.08461 0.00834], physical=[0.08461 0.00834]
solver time:  0.999681
plant_input_stage0: full=[0.08453 0.06946], physical=[0.08453 0.06946]
solver time:  0.944705
plant_input_stage0: full=[0.08445 0.07557], physical=[0.08445 0.07557]
solver time:  0.932428
plant_input_stage0: full=[0.08437 0.06938], physical=[0.08437 0.06938]
solver time:  0.838556
plant_input_stage0: full=[0.08428 0.06687], physical=[0.08428 0.06687]
solver time:  1.071314
plant_input_stage0: full=[0.0841  0.06517], physical=[0.0841  0.06517]
solver time:  1.165659
plant_input_stage0: full=[0.11364 0.07495], physical=[0.11364 0.07495]
solver time:  1.117769
plant_input_stage0: full=[0.1067  0.03709], physical=[0.1067  0.03709]
solver time:  0.962893
plant_input_stage0: full=[0.10013 0.2661 ], physical=[0.10013 0.2661 ]
solver time:  1.25604
plant_input_stage0: full=[0.09392 0.81689], physical=[0.09392 0.81689]
solver time:  1.724493
plant_input_stage0: full=[0.08847 0.00004], physical=[0.08847 0.00004]
solver time:  1.457502
plant_input_stage0: full=[0.08604 0.03132], physical=[0.08604 0.03132]
solver time:  1.120567
plant_input_stage0: full=[0.086   0.05312], physical=[0.086   0.05312]
solver time:  1.05134
plant_input_stage0: full=[0.08596 0.04988], physical=[0.08596 0.04988]
solver time:  1.038155
plant_input_stage0: full=[0.08593 0.04684], physical=[0.08593 0.04684]
solver time:  1.234275
plant_input_stage0: full=[0.0859  0.04398], physical=[0.0859  0.04398]
solver time:  1.156841
plant_input_stage0: full=[0.08587 0.04129], physical=[0.08587 0.04129]
solver time:  1.031426
plant_input_stage0: full=[0.08585 0.03876], physical=[0.08585 0.03876]
solver time:  0.939318
plant_input_stage0: full=[0.08583 0.03635], physical=[0.08583 0.03635]
solver time:  0.908734
plant_input_stage0: full=[0.08581 0.03414], physical=[0.08581 0.03414]
solver time:  0.833244
plant_input_stage0: full=[0.0858  0.03206], physical=[0.0858  0.03206]
solver time:  0.782816
plant_input_stage0: full=[0.08579 0.0301 ], physical=[0.08579 0.0301 ]
solver time:  0.943325
plant_input_stage0: full=[0.08577 0.02825], physical=[0.08577 0.02825]
solver time:  0.988116
plant_input_stage0: full=[0.08576 0.02651], physical=[0.08576 0.02651]
solver time:  0.838793
plant_input_stage0: full=[0.08575 0.02397], physical=[0.08575 0.02397]
solver time:  1.095994
plant_input_stage0: full=[0.08573 0.00785], physical=[0.08573 0.00785]
solver time:  0.99733
plant_input_stage0: full=[0.08429 0.10882], physical=[0.08429 0.10882]
solver time:  1.420858
plant_input_stage0: full=[0.08193 0.21163], physical=[0.08193 0.21163]
solver time:  1.106644
plant_input_stage0: full=[0.07593 0.31141], physical=[0.07593 0.31141]
solver time:  1.299906
plant_input_stage0: full=[0.07046 0.45893], physical=[0.07046 0.45893]
solver time:  1.116896
plant_input_stage0: full=[0.06508 0.5945 ], physical=[0.06508 0.5945 ]
solver time:  2.219768
plant_input_stage0: full=[0.05995 0.75329], physical=[0.05995 0.75329]
solver time:  1.383247
plant_input_stage0: full=[0.05503 0.95967], physical=[0.05503 0.95967]
solver time:  0.951534
plant_input_stage0: full=[ 0.07999 -0.57698], physical=[ 0.07999 -0.57698]
solver time:  0.927936
plant_input_stage0: full=[ 0.08182 -0.49757], physical=[ 0.08182 -0.49757]
solver time:  0.956363
plant_input_stage0: full=[ 0.08281 -0.5105 ], physical=[ 0.08281 -0.5105 ]
solver time:  1.058451
plant_input_stage0: full=[ 0.08369 -0.44581], physical=[ 0.08369 -0.44581]
solver time:  1.116935
plant_input_stage0: full=[ 0.08433 -0.39382], physical=[ 0.08433 -0.39382]
solver time:  1.137767
plant_input_stage0: full=[ 0.08477 -0.35457], physical=[ 0.08477 -0.35457]
solver time:  1.038442
plant_input_stage0: full=[ 0.08509 -0.32631], physical=[ 0.08509 -0.32631]
solver time:  1.11413
plant_input_stage0: full=[ 0.08525 -0.30931], physical=[ 0.08525 -0.30931]
solver time:  1.496697
plant_input_stage0: full=[ 0.08529 -0.3041 ], physical=[ 0.08529 -0.3041 ]
solver time:  1.272037
plant_input_stage0: full=[ 0.08524 -0.31582], physical=[ 0.08524 -0.31582]
solver time:  1.34093
plant_input_stage0: full=[ 0.0851  -0.35728], physical=[ 0.0851  -0.35728]
solver time:  1.277761
plant_input_stage0: full=[ 0.08492 -0.47283], physical=[ 0.08492 -0.47283]
solver time:  1.386424
plant_input_stage0: full=[ 0.0847  -0.82093], physical=[ 0.0847  -0.82093]
solver time:  1.521676
plant_input_stage0: full=[ 0.08447 -0.3619 ], physical=[ 0.08447 -0.3619 ]
solver time:  1.523317
plant_input_stage0: full=[ 0.08399 -0.11306], physical=[ 0.08399 -0.11306]
solver time:  1.565384
plant_input_stage0: full=[ 0.11028 -0.14766], physical=[ 0.11028 -0.14766]
solver time:  1.658912
plant_input_stage0: full=[ 0.10363 -0.02608], physical=[ 0.10363 -0.02608]
solver time:  1.69745
plant_input_stage0: full=[ 0.09734 -0.01585], physical=[ 0.09734 -0.01585]
solver time:  1.52477
plant_input_stage0: full=[ 0.09144 -0.00972], physical=[ 0.09144 -0.00972]
solver time:  1.762332
plant_input_stage0: full=[ 0.08588 -0.00476], physical=[ 0.08588 -0.00476]
solver time:  1.663549
plant_input_stage0: full=[ 0.08084 -0.00127], physical=[ 0.08084 -0.00127]
solver time:  1.797476
plant_input_stage0: full=[0.08023 0.00188], physical=[0.08023 0.00188]
solver time:  1.512988
plant_input_stage0: full=[0.07965 0.1286 ], physical=[0.07965 0.1286 ]
solver time:  1.484373
plant_input_stage0: full=[0.08064 0.02957], physical=[0.08064 0.02957]
solver time:  1.836215
plant_input_stage0: full=[ 0.08204 -0.08832], physical=[ 0.08204 -0.08832]
solver time:  1.795228
plant_input_stage0: full=[ 0.08196 -0.01357], physical=[ 0.08196 -0.01357]
solver time:  1.484872
plant_input_stage0: full=[0.08151 0.051  ], physical=[0.08151 0.051  ]
solver time:  2.316954
plant_input_stage0: full=[0.08169 0.00071], physical=[0.08169 0.00071]
solver time:  2.982143
plant_input_stage0: full=[0.10528 0.04332], physical=[0.10528 0.04332]
solver time:  2.563411
plant_input_stage0: full=[ 0.09634 -0.32804], physical=[ 0.09634 -0.32804]
solver time:  2.410652
plant_input_stage0: full=[ 0.10159 -0.94404], physical=[ 0.10159 -0.94404]
solver time:  2.462456
plant_input_stage0: full=[ 0.07881 -1.     ], physical=[ 0.07881 -1.     ]
solver time:  2.248356
plant_input_stage0: full=[ 0.0769 -1.    ], physical=[ 0.0769 -1.    ]
solver time:  2.351644
plant_input_stage0: full=[ 0.07728 -1.     ], physical=[ 0.07728 -1.     ]
solver time:  2.928518
plant_input_stage0: full=[ 0.07641 -1.     ], physical=[ 0.07641 -1.     ]
solver time:  2.977959
plant_input_stage0: full=[ 0.07541 -1.     ], physical=[ 0.07541 -1.     ]
solver time:  3.150625
plant_input_stage0: full=[ 0.076   -0.99992], physical=[ 0.076   -0.99992]
solver time:  2.025345
plant_input_stage0: full=[ 0.07738 -0.90376], physical=[ 0.07738 -0.90376]
solver time:  2.024498
plant_input_stage0: full=[ 0.07987 -0.17379], physical=[ 0.07987 -0.17379]
solver time:  2.157585
plant_input_stage0: full=[0.07965 0.32826], physical=[0.07965 0.32826]
solver time:  2.336778
plant_input_stage0: full=[0.08244 0.31787], physical=[0.08244 0.31787]
solver time:  2.220182
plant_input_stage0: full=[0.08236 0.22399], physical=[0.08236 0.22399]
solver time:  2.404863
plant_input_stage0: full=[0.08392 0.15177], physical=[0.08392 0.15177]
solver time:  2.303368
plant_input_stage0: full=[0.08403 0.10558], physical=[0.08403 0.10558]
solver time:  2.842078
plant_input_stage0: full=[0.08437 0.32526], physical=[0.08437 0.32526]
solver time:  3.717328
plant_input_stage0: full=[0.08434 0.32373], physical=[0.08434 0.32373]
solver time:  2.610118
plant_input_stage0: full=[0.08419 0.34237], physical=[0.08419 0.34237]
solver time:  2.160047
plant_input_stage0: full=[0.08419 0.08156], physical=[0.08419 0.08156]
solver time:  2.957666
plant_input_stage0: full=[0.08153 0.75383], physical=[0.08153 0.75383]
solver time:  2.072545
plant_input_stage0: full=[0.07676 1.     ], physical=[0.07676 1.     ]
solver time:  2.070504
plant_input_stage0: full=[0.10009 1.     ], physical=[0.10009 1.     ]
solver time:  2.689818
plant_input_stage0: full=[0.09841 1.     ], physical=[0.09841 1.     ]
solver time:  2.728942
plant_input_stage0: full=[0.09566 1.     ], physical=[0.09566 1.     ]
solver time:  2.153478
plant_input_stage0: full=[0.09199 1.     ], physical=[0.09199 1.     ]
solver time:  1.898673
plant_input_stage0: full=[0.08754 0.60912], physical=[0.08754 0.60912]
solver time:  1.98528
plant_input_stage0: full=[0.08315 0.08726], physical=[0.08315 0.08726]
solver time:  2.171008
plant_input_stage0: full=[0.08274 0.05479], physical=[0.08274 0.05479]
solver time:  3.253881
plant_input_stage0: full=[0.08231 0.03038], physical=[0.08231 0.03038]
solver time:  2.472981
plant_input_stage0: full=[0.08185 0.01235], physical=[0.08185 0.01235]
solver time:  2.065943
plant_input_stage0: full=[ 0.08136 -0.00029], physical=[ 0.08136 -0.00029]
solver time:  2.673528
plant_input_stage0: full=[ 0.08087 -0.0095 ], physical=[ 0.08087 -0.0095 ]
solver time:  2.894225
plant_input_stage0: full=[ 0.08035 -0.01414], physical=[ 0.08035 -0.01414]
solver time:  2.007416
plant_input_stage0: full=[ 0.08023 -0.09119], physical=[ 0.08023 -0.09119]
solver time:  1.993299
plant_input_stage0: full=[0.08137 0.01921], physical=[0.08137 0.01921]
solver time:  1.981259
plant_input_stage0: full=[0.08196 0.05498], physical=[0.08196 0.05498]
solver time:  2.11685
plant_input_stage0: full=[0.08196 0.05151], physical=[0.08196 0.05151]
solver time:  2.160702
plant_input_stage0: full=[0.08178 0.00921], physical=[0.08178 0.00921]
solver time:  2.100251
plant_input_stage0: full=[ 0.08128 -0.09351], physical=[ 0.08128 -0.09351]
solver time:  2.501953
plant_input_stage0: full=[ 0.102 -0.241], physical=[ 0.102 -0.241]
solver time:  2.907373
plant_input_stage0: full=[0.09172 0.47508], physical=[0.09172 0.47508]
solver time:  2.279553
plant_input_stage0: full=[0.08063 1.     ], physical=[0.08063 1.     ]
solver time:  2.534152
plant_input_stage0: full=[0.07927 1.     ], physical=[0.07927 1.     ]
solver time:  2.497839
plant_input_stage0: full=[0.07756 1.     ], physical=[0.07756 1.     ]
solver time:  2.894914
plant_input_stage0: full=[0.07734 1.     ], physical=[0.07734 1.     ]
solver time:  2.794525
plant_input_stage0: full=[0.07727 1.     ], physical=[0.07727 1.     ]
solver time:  2.343604
plant_input_stage0: full=[0.07686 0.99984], physical=[0.07686 0.99984]
solver time:  2.102633
plant_input_stage0: full=[0.07772 0.95975], physical=[0.07772 0.95975]
solver time:  2.176109
plant_input_stage0: full=[0.08114 0.81385], physical=[0.08114 0.81385]
solver time:  2.355051
plant_input_stage0: full=[ 0.081   -0.12966], physical=[ 0.081   -0.12966]
solver time:  2.672303
plant_input_stage0: full=[ 0.08108 -0.3536 ], physical=[ 0.08108 -0.3536 ]
solver time:  2.221536
plant_input_stage0: full=[ 0.08208 -0.28603], physical=[ 0.08208 -0.28603]
solver time:  2.358824
plant_input_stage0: full=[ 0.08368 -0.18877], physical=[ 0.08368 -0.18877]
solver time:  2.244262
plant_input_stage0: full=[ 0.08431 -0.12944], physical=[ 0.08431 -0.12944]
solver time:  2.25628
plant_input_stage0: full=[ 0.0845 -0.0908], physical=[ 0.0845 -0.0908]
solver time:  2.531259
plant_input_stage0: full=[ 0.08457 -0.36897], physical=[ 0.08457 -0.36897]
solver time:  2.30557
plant_input_stage0: full=[ 0.08506 -0.37293], physical=[ 0.08506 -0.37293]
solver time:  2.923784
plant_input_stage0: full=[ 0.08502 -0.40483], physical=[ 0.08502 -0.40483]
solver time:  3.020761
plant_input_stage0: full=[ 0.08457 -0.33449], physical=[ 0.08457 -0.33449]
solver time:  2.494525
plant_input_stage0: full=[ 0.08501 -0.84771], physical=[ 0.08501 -0.84771]
solver time:  2.150808
plant_input_stage0: full=[ 0.11085 -1.     ], physical=[ 0.11085 -1.     ]
solver time:  2.048107
plant_input_stage0: full=[ 0.10722 -1.     ], physical=[ 0.10722 -1.     ]
solver time:  1.971307
plant_input_stage0: full=[ 0.10264 -1.     ], physical=[ 0.10264 -1.     ]
solver time:  1.886115
plant_input_stage0: full=[ 0.09725 -0.40062], physical=[ 0.09725 -0.40062]
solver time:  1.905868
plant_input_stage0: full=[ 0.0914  -0.00001], physical=[ 0.0914  -0.00001]
solver time:  2.091338
plant_input_stage0: full=[0.08584 0.     ], physical=[0.08584 0.     ]
solver time:  1.981454
plant_input_stage0: full=[ 0.0857  -0.01274], physical=[ 0.0857  -0.01274]
solver time:  2.280088
plant_input_stage0: full=[ 0.0857  -0.01226], physical=[ 0.0857  -0.01226]
solver time:  1.994159
plant_input_stage0: full=[ 0.0857  -0.01151], physical=[ 0.0857  -0.01151]
solver time:  2.451169
plant_input_stage0: full=[ 0.0857 -0.0108], physical=[ 0.0857 -0.0108]
solver time:  1.859905
plant_input_stage0: full=[ 0.0857  -0.01012], physical=[ 0.0857  -0.01012]
solver time:  1.955199
plant_input_stage0: full=[ 0.0857 -0.0095], physical=[ 0.0857 -0.0095]
solver time:  1.843443
plant_input_stage0: full=[ 0.08569 -0.00892], physical=[ 0.08569 -0.00892]
solver time:  1.871023
plant_input_stage0: full=[0.08566 0.00873], physical=[0.08566 0.00873]
solver time:  1.804184
plant_input_stage0: full=[0.0856 0.0221], physical=[0.0856 0.0221]
solver time:  1.927935
plant_input_stage0: full=[0.08552 0.03112], physical=[0.08552 0.03112]
solver time:  1.803609
plant_input_stage0: full=[0.08542 0.03972], physical=[0.08542 0.03972]
solver time:  1.863907
plant_input_stage0: full=[0.0853  0.04798], physical=[0.0853  0.04798]
solver time:  1.945976
plant_input_stage0: full=[0.08516 0.05792], physical=[0.08516 0.05792]
solver time:  1.943105
plant_input_stage0: full=[0.085   0.06601], physical=[0.085   0.06601]
solver time:  2.031883
plant_input_stage0: full=[0.08482 0.07359], physical=[0.08482 0.07359]
solver time:  2.045965
plant_input_stage0: full=[0.08463 0.08092], physical=[0.08463 0.08092]
solver time:  1.728351
plant_input_stage0: full=[0.08438 0.07552], physical=[0.08438 0.07552]
solver time:  1.817761
plant_input_stage0: full=[0.08412 0.06989], physical=[0.08412 0.06989]
solver time:  1.890574
plant_input_stage0: full=[0.08387 0.06231], physical=[0.08387 0.06231]
solver time:  1.715807
plant_input_stage0: full=[0.08356 0.05065], physical=[0.08356 0.05065]
solver time:  1.880672
plant_input_stage0: full=[0.08325 0.03465], physical=[0.08325 0.03465]
solver time:  1.638088
plant_input_stage0: full=[ 0.08299 -0.02807], physical=[ 0.08299 -0.02807]
solver time:  1.751999
plant_input_stage0: full=[ 0.08276 -0.0717 ], physical=[ 0.08276 -0.0717 ]
solver time:  1.483881
plant_input_stage0: full=[ 0.08251 -0.09977], physical=[ 0.08251 -0.09977]
solver time:  1.499927
plant_input_stage0: full=[ 0.08231 -0.07612], physical=[ 0.08231 -0.07612]
solver time:  1.635124
plant_input_stage0: full=[0.08221 0.09643], physical=[0.08221 0.09643]
solver time:  1.981994
plant_input_stage0: full=[0.08282 0.08763], physical=[0.08282 0.08763]
solver time:  1.664498
plant_input_stage0: full=[0.08281 0.08111], physical=[0.08281 0.08111]
solver time:  1.689038
plant_input_stage0: full=[0.08248 0.07662], physical=[0.08248 0.07662]
solver time:  1.851123
plant_input_stage0: full=[0.11044 0.08016], physical=[0.11044 0.08016]
solver time:  1.630675
plant_input_stage0: full=[ 0.10038 -0.03682], physical=[ 0.10038 -0.03682]
solver time:  1.883621
plant_input_stage0: full=[ 0.09373 -0.08632], physical=[ 0.09373 -0.08632]
solver time:  1.692664
plant_input_stage0: full=[0.08851 0.57469], physical=[0.08851 0.57469]
solver time:  2.091889
plant_input_stage0: full=[0.0802 1.    ], physical=[0.0802 1.    ]
solver time:  2.760904
plant_input_stage0: full=[0.08009 1.     ], physical=[0.08009 1.     ]
solver time:  2.211834
plant_input_stage0: full=[0.0787 1.    ], physical=[0.0787 1.    ]
solver time:  1.990647
plant_input_stage0: full=[0.07607 0.18506], physical=[0.07607 0.18506]
solver time:  1.961422
plant_input_stage0: full=[0.07215 0.73961], physical=[0.07215 0.73961]
solver time:  2.263849
plant_input_stage0: full=[0.07437 1.     ], physical=[0.07437 1.     ]
solver time:  1.915825
plant_input_stage0: full=[0.08011 0.60196], physical=[0.08011 0.60196]
solver time:  1.821264
plant_input_stage0: full=[ 0.07927 -0.25724], physical=[ 0.07927 -0.25724]
solver time:  1.856549
plant_input_stage0: full=[ 0.07993 -0.3032 ], physical=[ 0.07993 -0.3032 ]
solver time:  2.234039
plant_input_stage0: full=[ 0.08141 -0.19624], physical=[ 0.08141 -0.19624]
solver time:  2.148804
plant_input_stage0: full=[ 0.08701 -0.13149], physical=[ 0.08701 -0.13149]
solver time:  2.118272
plant_input_stage0: full=[ 0.08464 -0.09142], physical=[ 0.08464 -0.09142]
solver time:  2.340137
plant_input_stage0: full=[ 0.0838  -0.36817], physical=[ 0.0838  -0.36817]
solver time:  2.212634
plant_input_stage0: full=[ 0.08438 -0.35914], physical=[ 0.08438 -0.35914]
solver time:  1.874233
plant_input_stage0: full=[ 0.08452 -0.36908], physical=[ 0.08452 -0.36908]
solver time:  2.241762
plant_input_stage0: full=[ 0.08378 -0.28587], physical=[ 0.08378 -0.28587]
solver time:  1.86911
plant_input_stage0: full=[ 0.08249 -0.48893], physical=[ 0.08249 -0.48893]
solver time:  1.936749
plant_input_stage0: full=[ 0.083   -0.95173], physical=[ 0.083   -0.95173]
solver time:  2.156012
plant_input_stage0: full=[ 0.09354 -1.     ], physical=[ 0.09354 -1.     ]
solver time:  1.646654
plant_input_stage0: full=[ 0.09247 -1.     ], physical=[ 0.09247 -1.     ]
solver time:  1.812138
plant_input_stage0: full=[ 0.0904 -1.    ], physical=[ 0.0904 -1.    ]
solver time:  1.664314
plant_input_stage0: full=[ 0.08724 -1.     ], physical=[ 0.08724 -1.     ]
solver time:  1.784854
plant_input_stage0: full=[ 0.08329 -0.63609], physical=[ 0.08329 -0.63609]
solver time:  1.791775
plant_input_stage0: full=[ 0.07868 -0.07169], physical=[ 0.07868 -0.07169]
solver time:  1.498156
plant_input_stage0: full=[ 0.07607 -0.04659], physical=[ 0.07607 -0.04659]
solver time:  1.769517
plant_input_stage0: full=[ 0.07466 -0.02713], physical=[ 0.07466 -0.02713]
solver time:  1.539069
plant_input_stage0: full=[ 0.07317 -0.01286], physical=[ 0.07317 -0.01286]
solver time:  1.473009
plant_input_stage0: full=[ 0.07156 -0.00248], physical=[ 0.07156 -0.00248]
solver time:  1.596225
plant_input_stage0: full=[0.0698 0.005 ], physical=[0.0698 0.005 ]
solver time:  1.491773
plant_input_stage0: full=[0.06796 0.00907], physical=[0.06796 0.00907]
solver time:  1.611217
plant_input_stage0: full=[0.06603 0.01238], physical=[0.06603 0.01238]
solver time:  1.671431
plant_input_stage0: full=[ 0.06399 -0.00222], physical=[ 0.06399 -0.00222]
solver time:  1.643868
plant_input_stage0: full=[ 0.06191 -0.0136 ], physical=[ 0.06191 -0.0136 ]
solver time:  1.621993
plant_input_stage0: full=[ 0.05977 -0.01146], physical=[ 0.05977 -0.01146]
solver time:  1.620804
plant_input_stage0: full=[ 0.05759 -0.00945], physical=[ 0.05759 -0.00945]
solver time:  2.025005
plant_input_stage0: full=[ 0.05682 -0.00761], physical=[ 0.05682 -0.00761]
solver time:  2.058264
plant_input_stage0: full=[0.06197 0.18606], physical=[0.06197 0.18606]
solver time:  1.832221
plant_input_stage0: full=[ 0.06898 -0.05829], physical=[ 0.06898 -0.05829]
solver time:  1.811316
plant_input_stage0: full=[0.07237 0.09524], physical=[0.07237 0.09524]
solver time:  1.63469
plant_input_stage0: full=[0.0911  0.23672], physical=[0.0911  0.23672]
solver time:  2.066734
plant_input_stage0: full=[ 0.092   -0.55494], physical=[ 0.092   -0.55494]
solver time:  1.905494
plant_input_stage0: full=[ 0.10189 -1.     ], physical=[ 0.10189 -1.     ]
solver time:  2.087561
plant_input_stage0: full=[ 0.05067 -1.     ], physical=[ 0.05067 -1.     ]
solver time:  2.155959
plant_input_stage0: full=[ 0.04927 -1.     ], physical=[ 0.04927 -1.     ]
solver time:  2.810064
plant_input_stage0: full=[ 0.04834 -1.     ], physical=[ 0.04834 -1.     ]
solver time:  2.229965
plant_input_stage0: full=[ 0.04911 -1.     ], physical=[ 0.04911 -1.     ]
solver time:  1.958952
plant_input_stage0: full=[ 0.05473 -1.     ], physical=[ 0.05473 -1.     ]
solver time:  1.358977
plant_input_stage0: full=[ 0.05991 -1.     ], physical=[ 0.05991 -1.     ]
solver time:  1.28133
plant_input_stage0: full=[ 0.0647 -1.    ], physical=[ 0.0647 -1.    ]
solver time:  1.280512
plant_input_stage0: full=[ 0.06914 -1.     ], physical=[ 0.06914 -1.     ]
solver time:  1.265526
plant_input_stage0: full=[ 0.07322 -1.     ], physical=[ 0.07322 -1.     ]
solver time:  1.15671
plant_input_stage0: full=[ 0.07691 -1.     ], physical=[ 0.07691 -1.     ]
solver time:  1.286726
plant_input_stage0: full=[ 0.08015 -1.     ], physical=[ 0.08015 -1.     ]
solver time:  1.197124
plant_input_stage0: full=[ 0.08288 -1.     ], physical=[ 0.08288 -1.     ]
solver time:  1.330599
plant_input_stage0: full=[ 0.08498 -1.     ], physical=[ 0.08498 -1.     ]
solver time:  1.590302
plant_input_stage0: full=[ 0.11005 -1.     ], physical=[ 0.11005 -1.     ]
solver time:  1.430517
plant_input_stage0: full=[ 0.10414 -0.07234], physical=[ 0.10414 -0.07234]
solver time:  1.407938
plant_input_stage0: full=[ 0.09388 -0.02415], physical=[ 0.09388 -0.02415]
solver time:  1.737383
plant_input_stage0: full=[0.08388 0.45331], physical=[0.08388 0.45331]
solver time:  1.512394
plant_input_stage0: full=[0.08788 0.06373], physical=[0.08788 0.06373]
solver time:  1.687943
plant_input_stage0: full=[ 0.08529 -0.22433], physical=[ 0.08529 -0.22433]
solver time:  1.713529
plant_input_stage0: full=[ 0.08555 -0.41647], physical=[ 0.08555 -0.41647]
solver time:  1.771561
plant_input_stage0: full=[ 0.08569 -0.20699], physical=[ 0.08569 -0.20699]
solver time:  1.799397
plant_input_stage0: full=[ 0.08565 -0.01019], physical=[ 0.08565 -0.01019]
solver time:  1.679373
plant_input_stage0: full=[ 0.08555 -0.02534], physical=[ 0.08555 -0.02534]
solver time:  1.979512
plant_input_stage0: full=[ 0.08543 -0.0364 ], physical=[ 0.08543 -0.0364 ]
solver time:  1.813014
plant_input_stage0: full=[ 0.08527 -0.04697], physical=[ 0.08527 -0.04697]
solver time:  1.410779
plant_input_stage0: full=[ 0.08509 -0.05711], physical=[ 0.08509 -0.05711]
solver time:  1.464429
plant_input_stage0: full=[ 0.08488 -0.0682 ], physical=[ 0.08488 -0.0682 ]
solver time:  1.343816
plant_input_stage0: full=[ 0.08464 -0.07935], physical=[ 0.08464 -0.07935]
solver time:  1.626436
plant_input_stage0: full=[ 0.08436 -0.08318], physical=[ 0.08436 -0.08318]
solver time:  1.56146
plant_input_stage0: full=[ 0.08405 -0.07982], physical=[ 0.08405 -0.07982]
solver time:  1.470939
plant_input_stage0: full=[ 0.0837  -0.07362], physical=[ 0.0837  -0.07362]
solver time:  1.551528
plant_input_stage0: full=[ 0.08335 -0.05238], physical=[ 0.08335 -0.05238]
solver time:  1.571861
plant_input_stage0: full=[ 0.08296 -0.01862], physical=[ 0.08296 -0.01862]
solver time:  1.752917
plant_input_stage0: full=[0.08254 0.00606], physical=[0.08254 0.00606]
solver time:  2.055459
plant_input_stage0: full=[0.0821  0.02274], physical=[0.0821  0.02274]
solver time:  2.018457
plant_input_stage0: full=[0.08165 0.03433], physical=[0.08165 0.03433]
solver time:  1.969114
plant_input_stage0: full=[0.08118 0.04156], physical=[0.08118 0.04156]
solver time:  2.07036
plant_input_stage0: full=[0.08071 0.04575], physical=[0.08071 0.04575]
solver time:  1.657472
plant_input_stage0: full=[0.0804  0.06726], physical=[0.0804  0.06726]
solver time:  1.702147
plant_input_stage0: full=[ 0.08139 -0.00553], physical=[ 0.08139 -0.00553]
solver time:  1.705914
plant_input_stage0: full=[ 0.08201 -0.05514], physical=[ 0.08201 -0.05514]
solver time:  1.852271
plant_input_stage0: full=[ 0.08191 -0.05102], physical=[ 0.08191 -0.05102]
solver time:  1.824535
plant_input_stage0: full=[ 0.0819  -0.04118], physical=[ 0.0819  -0.04118]
solver time:  1.623343
plant_input_stage0: full=[0.08143 0.05712], physical=[0.08143 0.05712]
solver time:  1.747521
plant_input_stage0: full=[0.10122 0.39328], physical=[0.10122 0.39328]
solver time:  2.120241
plant_input_stage0: full=[ 0.08934 -0.43555], physical=[ 0.08934 -0.43555]
solver time:  2.30228
plant_input_stage0: full=[ 0.08137 -1.     ], physical=[ 0.08137 -1.     ]
solver time:  2.272689
plant_input_stage0: full=[ 0.07971 -1.     ], physical=[ 0.07971 -1.     ]
solver time:  1.972613
plant_input_stage0: full=[ 0.07774 -1.     ], physical=[ 0.07774 -1.     ]
solver time:  2.755668
plant_input_stage0: full=[ 0.07799 -1.     ], physical=[ 0.07799 -1.     ]
solver time:  1.905078
plant_input_stage0: full=[ 0.07682 -1.     ], physical=[ 0.07682 -1.     ]
solver time:  2.242952
plant_input_stage0: full=[ 0.07478 -0.56514], physical=[ 0.07478 -0.56514]
solver time:  2.109592
plant_input_stage0: full=[ 0.07485 -1.     ], physical=[ 0.07485 -1.     ]
solver time:  1.698167
plant_input_stage0: full=[ 0.0787  -0.92604], physical=[ 0.0787  -0.92604]
solver time:  2.486513
plant_input_stage0: full=[0.08111 0.03481], physical=[0.08111 0.03481]
solver time:  2.037822
plant_input_stage0: full=[0.07997 0.34744], physical=[0.07997 0.34744]
solver time:  2.142869
plant_input_stage0: full=[0.08086 0.28223], physical=[0.08086 0.28223]
solver time:  2.040112
plant_input_stage0: full=[0.08271 0.18627], physical=[0.08271 0.18627]
solver time:  2.013025
plant_input_stage0: full=[0.08391 0.12734], physical=[0.08391 0.12734]
solver time:  1.984058
plant_input_stage0: full=[0.0841 0.0894], physical=[0.0841 0.0894]
solver time:  1.763045
plant_input_stage0: full=[0.08414 0.36078], physical=[0.08414 0.36078]
solver time:  2.332936
plant_input_stage0: full=[0.084   0.36096], physical=[0.084   0.36096]
solver time:  2.542414
plant_input_stage0: full=[0.08413 0.38541], physical=[0.08413 0.38541]
solver time:  2.305258
plant_input_stage0: full=[0.08401 0.22818], physical=[0.08401 0.22818]
solver time:  1.940647
plant_input_stage0: full=[0.08141 0.792  ], physical=[0.08141 0.792  ]
solver time:  2.095339
plant_input_stage0: full=[0.07625 1.     ], physical=[0.07625 1.     ]
solver time:  1.947524
plant_input_stage0: full=[0.09522 1.     ], physical=[0.09522 1.     ]
solver time:  1.787135
plant_input_stage0: full=[0.09355 1.     ], physical=[0.09355 1.     ]
solver time:  2.058762
plant_input_stage0: full=[0.09085 1.     ], physical=[0.09085 1.     ]
solver time:  1.756688
plant_input_stage0: full=[0.08727 1.     ], physical=[0.08727 1.     ]
solver time:  1.8466
plant_input_stage0: full=[0.083  0.2016], physical=[0.083  0.2016]
solver time:  1.665632
plant_input_stage0: full=[0.07841 0.09117], physical=[0.07841 0.09117]
solver time:  1.742434
plant_input_stage0: full=[0.07708 0.06082], physical=[0.07708 0.06082]
solver time:  1.822413
plant_input_stage0: full=[0.07561 0.03818], physical=[0.07561 0.03818]
solver time:  1.657007
plant_input_stage0: full=[0.07407 0.0212 ], physical=[0.07407 0.0212 ]
solver time:  1.941975
plant_input_stage0: full=[0.07238 0.00867], physical=[0.07238 0.00867]
solver time:  1.815881
plant_input_stage0: full=[ 0.07058 -0.00022], physical=[ 0.07058 -0.00022]
solver time:  1.860944
plant_input_stage0: full=[ 0.06867 -0.00652], physical=[ 0.06867 -0.00652]
solver time:  1.965071
plant_input_stage0: full=[ 0.06669 -0.00502], physical=[ 0.06669 -0.00502]
solver time:  1.476497
plant_input_stage0: full=[0.06459 0.01954], physical=[0.06459 0.01954]
solver time:  1.607726
plant_input_stage0: full=[0.06244 0.01751], physical=[0.06244 0.01751]
solver time:  1.806717
plant_input_stage0: full=[0.06025 0.01527], physical=[0.06025 0.01527]
solver time:  1.659315
plant_input_stage0: full=[0.058   0.01251], physical=[0.058   0.01251]
solver time:  1.56371
plant_input_stage0: full=[0.05605 0.01062], physical=[0.05605 0.01062]
solver time:  1.716559
plant_input_stage0: full=[0.05519 0.00891], physical=[0.05519 0.00891]
solver time:  1.626377
plant_input_stage0: full=[0.05473 0.00744], physical=[0.05473 0.00744]
solver time:  1.740569
plant_input_stage0: full=[0.05992 0.00637], physical=[0.05992 0.00637]
solver time:  1.571992
plant_input_stage0: full=[0.05775 0.00554], physical=[0.05775 0.00554]
solver time:  1.830555
plant_input_stage0: full=[0.0558  0.00503], physical=[0.0558  0.00503]
solver time:  1.674571
plant_input_stage0: full=[0.05394 0.00491], physical=[0.05394 0.00491]
solver time:  2.109189
plant_input_stage0: full=[ 0.05215 -0.09074], physical=[ 0.05215 -0.09074]
solver time:  1.825598
plant_input_stage0: full=[0.05313 0.41403], physical=[0.05313 0.41403]
solver time:  2.607577
plant_input_stage0: full=[0.04218 1.     ], physical=[0.04218 1.     ]
solver time:  3.090057
plant_input_stage0: full=[0.04261 1.     ], physical=[0.04261 1.     ]
solver time:  2.199967
plant_input_stage0: full=[0.04291 1.     ], physical=[0.04291 1.     ]
solver time:  2.579426
plant_input_stage0: full=[0.04292 1.     ], physical=[0.04292 1.     ]
solver time:  2.829841
plant_input_stage0: full=[0.0423  0.91201], physical=[0.0423  0.91201]
solver time:  2.594892
plant_input_stage0: full=[0.0404  0.83709], physical=[0.0404  0.83709]
solver time:  2.0649
plant_input_stage0: full=[0.03843 0.82716], physical=[0.03843 0.82716]
solver time:  2.121009
plant_input_stage0: full=[0.03652 0.76587], physical=[0.03652 0.76587]
solver time:  1.617801
plant_input_stage0: full=[0.0345  0.74107], physical=[0.0345  0.74107]
solver time:  1.746715
plant_input_stage0: full=[0.03253 0.68593], physical=[0.03253 0.68593]
solver time:  1.89046
plant_input_stage0: full=[0.03064 0.65988], physical=[0.03064 0.65988]
solver time:  2.059921
plant_input_stage0: full=[0.02883 0.60889], physical=[0.02883 0.60889]
solver time:  2.038308
plant_input_stage0: full=[0.02711 0.58378], physical=[0.02711 0.58378]
solver time:  2.247479
plant_input_stage0: full=[0.02545 0.48494], physical=[0.02545 0.48494]
solver time:  1.814532
plant_input_stage0: full=[0.02393 0.00443], physical=[0.02393 0.00443]
solver time:  1.844806
plant_input_stage0: full=[0.02247 0.00387], physical=[0.02247 0.00387]
solver time:  1.614823
plant_input_stage0: full=[0.0211  0.00307], physical=[0.0211  0.00307]
solver time:  1.547012
plant_input_stage0: full=[0.01982 0.00255], physical=[0.01982 0.00255]
solver time:  1.772485
plant_input_stage0: full=[0.01861 0.00219], physical=[0.01861 0.00219]
solver time:  1.691468
plant_input_stage0: full=[0.01748 0.00193], physical=[0.01748 0.00193]
solver time:  1.740907
plant_input_stage0: full=[0.01642 0.00174], physical=[0.01642 0.00174]
solver time:  1.577245
plant_input_stage0: full=[0.01542 0.00161], physical=[0.01542 0.00161]
solver time:  1.780139
plant_input_stage0: full=[0.01448 0.00151], physical=[0.01448 0.00151]
solver time:  1.891926
plant_input_stage0: full=[0.0136  0.00144], physical=[0.0136  0.00144]
solver time:  1.667739
plant_input_stage0: full=[0.01277 0.00139], physical=[0.01277 0.00139]
solver time:  2.372977
plant_input_stage0: full=[0.01199 0.00137], physical=[0.01199 0.00137]
solver time:  2.328512
plant_input_stage0: full=[0.01126 0.00135], physical=[0.01126 0.00135]
solver time:  1.920686
plant_input_stage0: full=[0.01058 0.00136], physical=[0.01058 0.00136]
solver time:  1.783603
plant_input_stage0: full=[0.00993 0.00137], physical=[0.00993 0.00137]
solver time:  1.578043
plant_input_stage0: full=[0.00933 0.00139], physical=[0.00933 0.00139]
solver time:  1.605749
plant_input_stage0: full=[0.00876 0.00143], physical=[0.00876 0.00143]
solver time:  1.955974
plant_input_stage0: full=[0.00823 0.00147], physical=[0.00823 0.00147]
solver time:  1.874748
plant_input_stage0: full=[0.00773 0.00151], physical=[0.00773 0.00151]
solver time:  1.766397
plant_input_stage0: full=[0.00726 0.00156], physical=[0.00726 0.00156]
solver time:  1.816476
plant_input_stage0: full=[0.00682 0.00162], physical=[0.00682 0.00162]
solver time:  1.829852
plant_input_stage0: full=[0.0064  0.00169], physical=[0.0064  0.00169]
목적지에 도착했습니다! 현재 위치: [1.8096  0.09746], 시간: 37.80초
Using dcbf optimizer with differential_drive dynamics:
median:  1.7859945
std:  0.5679937435323611
min:  0.654525
max:  3.717328
Simulation finished.
Run outcome: status=success, reason=None, final_time=37.80000000000027, distance_to_goal=0.009876199589916193
Trial history saved to /home/taek111/projects/psdf_mpcc/benchmark_runs/maze_rectangle_dd_gaussian_20260916/safe/dcbf/seed43/data/trial_history_MPC_DCBF_rectangle_maze_gaussian_20260916_startseed43.csv
Single test completed.
RESULT dcbf 43 success None
