COMMAND: python3 test_nmpc.py --single --config /home/taek111/projects/psdf_mpcc/benchmark_runs/maze_rectangle_dd_gaussian_20260916/safe/obca/seed42/config.yaml --maze-type maze --robot-shape rectangle --dynamics-type differential_drive --optimizer-type obca --path-planner astar --simulation-time 60 --no-animation --no-plots
Running single test...
Start perturbation: seed=42, pose=[0.08109434159508863, 0.7742003178751901, -1.5332737670045737], delta=[0.006094341595088627, -0.020799682124809912, 0.03752255979032287], clearance=0.021124 m, attempts=1
Start pose saved to /home/taek111/projects/psdf_mpcc/benchmark_runs/maze_rectangle_dd_gaussian_20260916/safe/obca/seed42/data/start_pose_MPC_OBCA_rectangle_maze_gaussian_20260916_startseed42.json
generating global path with A* + Line of Sight
시작 위치: [0.08109 0.7742 ]
목적지: [1.8  0.09]
도착 판정 기준: position <= 0.01m, angle <= 0.01rad

******************************************************************************
This program contains Ipopt, a library for large-scale nonlinear optimization.
 Ipopt is released as open source code under the Eclipse Public License (EPL).
         For more information visit https://github.com/coin-or/Ipopt
******************************************************************************

solver time:  1.566698
plant_input_stage0: full=[0.08592 0.54013], physical=[0.08592 0.54013]
solver time:  1.659313
plant_input_stage0: full=[0.08265 0.37478], physical=[0.08265 0.37478]
solver time:  1.680331
plant_input_stage0: full=[0.08187 0.24094], physical=[0.08187 0.24094]
solver time:  1.706304
plant_input_stage0: full=[0.08089 0.13598], physical=[0.08089 0.13598]
solver time:  1.903286
plant_input_stage0: full=[0.07979 0.06009], physical=[0.07979 0.06009]
solver time:  1.551803
plant_input_stage0: full=[0.0786  0.00419], physical=[0.0786  0.00419]
solver time:  1.824834
plant_input_stage0: full=[ 0.07731 -0.03461], physical=[ 0.07731 -0.03461]
solver time:  1.722346
plant_input_stage0: full=[ 0.07598 -0.06017], physical=[ 0.07598 -0.06017]
solver time:  1.643698
plant_input_stage0: full=[ 0.07462 -0.07625], physical=[ 0.07462 -0.07625]
solver time:  1.618132
plant_input_stage0: full=[ 0.07319 -0.08511], physical=[ 0.07319 -0.08511]
solver time:  1.67456
plant_input_stage0: full=[ 0.07165 -0.08886], physical=[ 0.07165 -0.08886]
solver time:  1.696111
plant_input_stage0: full=[ 0.06992 -0.08907], physical=[ 0.06992 -0.08907]
solver time:  1.815428
plant_input_stage0: full=[ 0.06811 -0.08591], physical=[ 0.06811 -0.08591]
solver time:  1.801528
plant_input_stage0: full=[ 0.06615 -0.07041], physical=[ 0.06615 -0.07041]
solver time:  1.853186
plant_input_stage0: full=[0.06406 0.02687], physical=[0.06406 0.02687]
solver time:  1.863138
plant_input_stage0: full=[0.06202 0.02322], physical=[0.06202 0.02322]
solver time:  2.032412
plant_input_stage0: full=[0.06024 0.01985], physical=[0.06024 0.01985]
solver time:  2.052309
plant_input_stage0: full=[0.06408 0.01685], physical=[0.06408 0.01685]
solver time:  2.269721
plant_input_stage0: full=[0.06935 0.01851], physical=[0.06935 0.01851]
solver time:  2.306124
plant_input_stage0: full=[0.07177 0.01739], physical=[0.07177 0.01739]
solver time:  2.336648
plant_input_stage0: full=[ 0.09249 -1.     ], physical=[ 0.09249 -1.     ]
solver time:  2.6015
plant_input_stage0: full=[0.08641 0.05615], physical=[0.08641 0.05615]
solver time:  2.531766
plant_input_stage0: full=[0.08431 0.76872], physical=[0.08431 0.76872]
solver time:  2.576633
plant_input_stage0: full=[0.06848 1.     ], physical=[0.06848 1.     ]
solver time:  2.922575
plant_input_stage0: full=[0.0555 1.    ], physical=[0.0555 1.    ]
solver time:  2.234597
plant_input_stage0: full=[0.0532 1.    ], physical=[0.0532 1.    ]
solver time:  2.78418
plant_input_stage0: full=[0.05172 1.     ], physical=[0.05172 1.     ]
solver time:  2.665519
plant_input_stage0: full=[0.05043 1.     ], physical=[0.05043 1.     ]
solver time:  2.325604
plant_input_stage0: full=[0.05175 1.     ], physical=[0.05175 1.     ]
solver time:  3.516798
plant_input_stage0: full=[0.05697 1.     ], physical=[0.05697 1.     ]
solver time:  2.518811
plant_input_stage0: full=[0.06182 1.     ], physical=[0.06182 1.     ]
solver time:  2.167094
plant_input_stage0: full=[0.06629 1.     ], physical=[0.06629 1.     ]
solver time:  1.883731
plant_input_stage0: full=[0.07043 1.     ], physical=[0.07043 1.     ]
solver time:  1.783163
plant_input_stage0: full=[0.07417 1.     ], physical=[0.07417 1.     ]
solver time:  1.925439
plant_input_stage0: full=[0.07751 1.     ], physical=[0.07751 1.     ]
solver time:  2.295017
plant_input_stage0: full=[0.08038 1.     ], physical=[0.08038 1.     ]
solver time:  1.920496
plant_input_stage0: full=[0.08266 1.     ], physical=[0.08266 1.     ]
solver time:  1.973501
plant_input_stage0: full=[0.10965 1.     ], physical=[0.10965 1.     ]
solver time:  2.447019
plant_input_stage0: full=[0.10431 0.10517], physical=[0.10431 0.10517]
solver time:  1.856672
plant_input_stage0: full=[0.09811 0.06277], physical=[0.09811 0.06277]
solver time:  2.351605
plant_input_stage0: full=[0.09227 0.03305], physical=[0.09227 0.03305]
solver time:  3.247622
plant_input_stage0: full=[0.08684 0.01257], physical=[0.08684 0.01257]
solver time:  1.841621
plant_input_stage0: full=[ 0.08537 -0.00433], physical=[ 0.08537 -0.00433]
solver time:  1.791105
plant_input_stage0: full=[ 0.08544 -0.01214], physical=[ 0.08544 -0.01214]
solver time:  2.22203
plant_input_stage0: full=[0.08553 0.04615], physical=[0.08553 0.04615]
solver time:  2.260755
plant_input_stage0: full=[0.08548 0.04246], physical=[0.08548 0.04246]
solver time:  2.195765
plant_input_stage0: full=[0.08567 0.03922], physical=[0.08567 0.03922]
solver time:  3.649104
plant_input_stage0: full=[0.10104 0.03869], physical=[0.10104 0.03869]
solver time:  2.113435
plant_input_stage0: full=[0.0857  0.03808], physical=[0.0857  0.03808]
solver time:  2.326385
plant_input_stage0: full=[0.08585 0.03952], physical=[0.08585 0.03952]
solver time:  3.82761
plant_input_stage0: full=[0.10504 0.06825], physical=[0.10504 0.06825]
solver time:  3.63978
plant_input_stage0: full=[0.08534 0.15228], physical=[0.08534 0.15228]
solver time:  3.966644
plant_input_stage0: full=[0.08439 1.     ], physical=[0.08439 1.     ]
solver time:  2.988119
plant_input_stage0: full=[0.08566 0.93773], physical=[0.08566 0.93773]
solver time:  3.93432
plant_input_stage0: full=[ 0.08595 -0.04716], physical=[ 0.08595 -0.04716]
solver time:  3.196044
plant_input_stage0: full=[ 0.08592 -0.04181], physical=[ 0.08592 -0.04181]
solver time:  2.809616
plant_input_stage0: full=[ 0.08589 -0.03394], physical=[ 0.08589 -0.03394]
solver time:  2.899253
plant_input_stage0: full=[ 0.08587 -0.03301], physical=[ 0.08587 -0.03301]
solver time:  2.656287
plant_input_stage0: full=[ 0.08585 -0.02375], physical=[ 0.08585 -0.02375]
solver time:  3.564153
plant_input_stage0: full=[ 0.08583 -0.01538], physical=[ 0.08583 -0.01538]
solver time:  3.111746
plant_input_stage0: full=[ 0.08581 -0.01044], physical=[ 0.08581 -0.01044]
solver time:  3.050709
plant_input_stage0: full=[ 0.08739 -0.71108], physical=[ 0.08739 -0.71108]
solver time:  2.685325
plant_input_stage0: full=[0.08557 0.71354], physical=[0.08557 0.71354]
solver time:  2.957558
plant_input_stage0: full=[ 0.08578 -0.01125], physical=[ 0.08578 -0.01125]
solver time:  2.927698
plant_input_stage0: full=[ 0.08576 -0.00797], physical=[ 0.08576 -0.00797]
solver time:  3.005586
plant_input_stage0: full=[ 0.08575 -0.00464], physical=[ 0.08575 -0.00464]
solver time:  2.996085
plant_input_stage0: full=[0.08568 0.00216], physical=[0.08568 0.00216]
solver time:  3.099229
plant_input_stage0: full=[0.0851  0.04371], physical=[0.0851  0.04371]
solver time:  2.90685
plant_input_stage0: full=[0.08243 0.18794], physical=[0.08243 0.18794]
solver time:  3.220235
plant_input_stage0: full=[0.07935 0.25365], physical=[0.07935 0.25365]
solver time:  4.798988
plant_input_stage0: full=[0.07619 0.30431], physical=[0.07619 0.30431]
solver time:  3.703751
plant_input_stage0: full=[0.07283 0.3727 ], physical=[0.07283 0.3727 ]
solver time:  3.974855
plant_input_stage0: full=[0.0692  0.49418], physical=[0.0692  0.49418]
solver time:  3.8056
plant_input_stage0: full=[0.06645 0.50197], physical=[0.06645 0.50197]
solver time:  4.619809
plant_input_stage0: full=[0.06249 0.77951], physical=[0.06249 0.77951]
solver time:  5.211544
plant_input_stage0: full=[0.05943 0.75431], physical=[0.05943 0.75431]
solver time:  3.595726
plant_input_stage0: full=[ 0.07758 -0.84256], physical=[ 0.07758 -0.84256]
solver time:  4.148259
plant_input_stage0: full=[ 0.08025 -0.59301], physical=[ 0.08025 -0.59301]
solver time:  4.30197
plant_input_stage0: full=[ 0.10795 -0.5464 ], physical=[ 0.10795 -0.5464 ]
solver time:  4.129739
plant_input_stage0: full=[ 0.10267 -0.54911], physical=[ 0.10267 -0.54911]
solver time:  4.73499
plant_input_stage0: full=[ 0.09749 -0.48953], physical=[ 0.09749 -0.48953]
solver time:  4.412252
plant_input_stage0: full=[ 0.09234 -0.44209], physical=[ 0.09234 -0.44209]
solver time:  3.701044
plant_input_stage0: full=[ 0.08729 -0.4047 ], physical=[ 0.08729 -0.4047 ]
solver time:  3.727286
plant_input_stage0: full=[ 0.08563 -0.3792 ], physical=[ 0.08563 -0.3792 ]
solver time:  3.780229
plant_input_stage0: full=[ 0.08572 -0.36866], physical=[ 0.08572 -0.36866]
solver time:  3.814775
plant_input_stage0: full=[ 0.08568 -0.37594], physical=[ 0.08568 -0.37594]
solver time:  4.772598
plant_input_stage0: full=[ 0.08555 -0.41295], physical=[ 0.08555 -0.41295]
solver time:  3.942205
plant_input_stage0: full=[ 0.08531 -0.51199], physical=[ 0.08531 -0.51199]
solver time:  4.495355
plant_input_stage0: full=[ 0.08499 -0.28464], physical=[ 0.08499 -0.28464]
solver time:  5.738313
plant_input_stage0: full=[-0.11085 -0.24963], physical=[-0.11085 -0.24963]
solver time:  3.614408
plant_input_stage0: full=[0.08518 0.28983], physical=[0.08518 0.28983]
solver time:  5.473017
plant_input_stage0: full=[-0.07917 -0.25223], physical=[-0.07917 -0.25223]
solver time:  4.177056
plant_input_stage0: full=[0.08511 0.26263], physical=[0.08511 0.26263]
solver time:  10.455674
plant_input_stage0: full=[-0.01226  1.     ], physical=[-0.01226  1.     ]
solver time:  6.185994
plant_input_stage0: full=[ 0.08418 -0.99999], physical=[ 0.08418 -0.99999]
solver time:  5.487853
plant_input_stage0: full=[ 0.08424 -0.25052], physical=[ 0.08424 -0.25052]
solver time:  5.234406
plant_input_stage0: full=[ 0.11092 -0.13457], physical=[ 0.11092 -0.13457]
solver time:  5.113471
plant_input_stage0: full=[ 0.10424 -0.04902], physical=[ 0.10424 -0.04902]
solver time:  6.747484
plant_input_stage0: full=[ 0.09794 -0.03096], physical=[ 0.09794 -0.03096]
solver time:  6.078301
plant_input_stage0: full=[ 0.09201 -0.01831], physical=[ 0.09201 -0.01831]
solver time:  6.426106
plant_input_stage0: full=[ 0.08644 -0.00917], physical=[ 0.08644 -0.00917]
solver time:  7.722676
plant_input_stage0: full=[0.08133 0.0595 ], physical=[0.08133 0.0595 ]
solver time:  7.912416
plant_input_stage0: full=[0.08168 0.02598], physical=[0.08168 0.02598]
solver time:  6.712924
plant_input_stage0: full=[ 0.08211 -0.01514], physical=[ 0.08211 -0.01514]
solver time:  6.462579
plant_input_stage0: full=[ 0.08215 -0.02495], physical=[ 0.08215 -0.02495]
solver time:  7.701718
plant_input_stage0: full=[ 0.08201 -0.00861], physical=[ 0.08201 -0.00861]
solver time:  6.567365
plant_input_stage0: full=[ 0.08196 -0.01853], physical=[ 0.08196 -0.01853]
solver time:  10.426905
plant_input_stage0: full=[0.08155 0.03401], physical=[0.08155 0.03401]
solver time:  13.291333
plant_input_stage0: full=[0.08163 0.00995], physical=[0.08163 0.00995]
solver time:  8.966594
plant_input_stage0: full=[0.10446 0.19261], physical=[0.10446 0.19261]
solver time:  7.062325
plant_input_stage0: full=[ 0.09954 -0.56795], physical=[ 0.09954 -0.56795]
solver time:  6.070854
plant_input_stage0: full=[ 0.0987  -0.75868], physical=[ 0.0987  -0.75868]
solver time:  6.394382
plant_input_stage0: full=[ 0.07898 -1.     ], physical=[ 0.07898 -1.     ]
solver time:  6.600243
plant_input_stage0: full=[ 0.07718 -1.     ], physical=[ 0.07718 -1.     ]
solver time:  6.115591
plant_input_stage0: full=[ 0.07748 -1.     ], physical=[ 0.07748 -1.     ]
solver time:  5.96095
plant_input_stage0: full=[ 0.077 -1.   ], physical=[ 0.077 -1.   ]
solver time:  5.450946
plant_input_stage0: full=[ 0.07556 -1.     ], physical=[ 0.07556 -1.     ]
solver time:  5.773358
plant_input_stage0: full=[ 0.0762  -0.99999], physical=[ 0.0762  -0.99999]
solver time:  6.173693
plant_input_stage0: full=[ 0.07873 -0.94032], physical=[ 0.07873 -0.94032]
solver time:  3.784703
plant_input_stage0: full=[ 0.08117 -0.10834], physical=[ 0.08117 -0.10834]
solver time:  4.176399
plant_input_stage0: full=[0.08261 0.34074], physical=[0.08261 0.34074]
solver time:  4.589333
plant_input_stage0: full=[0.08259 0.31994], physical=[0.08259 0.31994]
solver time:  4.279157
plant_input_stage0: full=[0.08337 0.21393], physical=[0.08337 0.21393]
solver time:  4.436255
plant_input_stage0: full=[0.08391 0.14542], physical=[0.08391 0.14542]
solver time:  4.825878
plant_input_stage0: full=[0.084   0.10168], physical=[0.084   0.10168]
solver time:  4.686813
plant_input_stage0: full=[0.08433 0.33986], physical=[0.08433 0.33986]
solver time:  4.517824
plant_input_stage0: full=[0.0842  0.33912], physical=[0.0842  0.33912]
solver time:  3.939318
plant_input_stage0: full=[0.08427 0.36048], physical=[0.08427 0.36048]
solver time:  4.128325
plant_input_stage0: full=[0.08439 0.15329], physical=[0.08439 0.15329]
solver time:  4.214834
plant_input_stage0: full=[0.08196 0.77358], physical=[0.08196 0.77358]
solver time:  4.131435
plant_input_stage0: full=[0.07717 1.     ], physical=[0.07717 1.     ]
solver time:  3.765086
plant_input_stage0: full=[0.10051 1.     ], physical=[0.10051 1.     ]
solver time:  4.593446
plant_input_stage0: full=[0.09858 1.     ], physical=[0.09858 1.     ]
solver time:  4.148899
plant_input_stage0: full=[0.09561 1.     ], physical=[0.09561 1.     ]
solver time:  4.768326
plant_input_stage0: full=[0.09174 1.     ], physical=[0.09174 1.     ]
solver time:  5.14561
plant_input_stage0: full=[0.08711 0.43846], physical=[0.08711 0.43846]
solver time:  4.581226
plant_input_stage0: full=[0.08315 0.09358], physical=[0.08315 0.09358]
solver time:  4.183069
plant_input_stage0: full=[0.08276 0.05994], physical=[0.08276 0.05994]
solver time:  4.071454
plant_input_stage0: full=[0.08235 0.03454], physical=[0.08235 0.03454]
solver time:  4.844944
plant_input_stage0: full=[0.08192 0.01567], physical=[0.08192 0.01567]
solver time:  4.258266
plant_input_stage0: full=[ 0.08149 -0.00989], physical=[ 0.08149 -0.00989]
solver time:  5.124331
plant_input_stage0: full=[ 0.08163 -0.04972], physical=[ 0.08163 -0.04972]
solver time:  5.123142
plant_input_stage0: full=[0.08211 0.00547], physical=[0.08211 0.00547]
solver time:  5.712177
plant_input_stage0: full=[0.08222 0.02598], physical=[0.08222 0.02598]
solver time:  5.761468
plant_input_stage0: full=[0.0821  0.02017], physical=[0.0821  0.02017]
solver time:  6.336899
plant_input_stage0: full=[0.08192 0.01153], physical=[0.08192 0.01153]
solver time:  8.948807
plant_input_stage0: full=[0.08193 0.02576], physical=[0.08193 0.02576]
solver time:  8.712679
plant_input_stage0: full=[ 0.08158 -0.02015], physical=[ 0.08158 -0.02015]
solver time:  10.478377
plant_input_stage0: full=[ 0.10764 -0.55449], physical=[ 0.10764 -0.55449]
solver time:  12.93565
plant_input_stage0: full=[0.1021  0.86342], physical=[0.1021  0.86342]
solver time:  12.256325
plant_input_stage0: full=[0.09289 0.44846], physical=[0.09289 0.44846]
solver time:  11.460076
plant_input_stage0: full=[0.08077 1.     ], physical=[0.08077 1.     ]
solver time:  9.575836
plant_input_stage0: full=[0.07886 1.     ], physical=[0.07886 1.     ]
solver time:  6.700106
plant_input_stage0: full=[0.0783 1.    ], physical=[0.0783 1.    ]
solver time:  6.049476
plant_input_stage0: full=[0.07805 1.     ], physical=[0.07805 1.     ]
solver time:  6.975667
plant_input_stage0: full=[0.07768 1.     ], physical=[0.07768 1.     ]
solver time:  5.872875
plant_input_stage0: full=[0.07758 0.98064], physical=[0.07758 0.98064]
solver time:  7.631552
plant_input_stage0: full=[0.07913 0.92122], physical=[0.07913 0.92122]
solver time:  6.480015
plant_input_stage0: full=[0.08209 0.24389], physical=[0.08209 0.24389]
solver time:  4.32244
plant_input_stage0: full=[ 0.08193 -0.33064], physical=[ 0.08193 -0.33064]
solver time:  4.690998
plant_input_stage0: full=[ 0.08387 -0.32043], physical=[ 0.08387 -0.32043]
solver time:  5.079763
plant_input_stage0: full=[ 0.08375 -0.20779], physical=[ 0.08375 -0.20779]
solver time:  5.778771
plant_input_stage0: full=[ 0.08421 -0.14097], physical=[ 0.08421 -0.14097]
solver time:  5.45025
plant_input_stage0: full=[ 0.08443 -0.09819], physical=[ 0.08443 -0.09819]
solver time:  5.645795
plant_input_stage0: full=[ 0.08447 -0.36301], physical=[ 0.08447 -0.36301]
solver time:  7.092851
plant_input_stage0: full=[ 0.08469 -0.35932], physical=[ 0.08469 -0.35932]
solver time:  15.0371
plant_input_stage0: full=[ 0.08515 -0.37843], physical=[ 0.08515 -0.37843]
solver time:  10.84543
plant_input_stage0: full=[ 0.08553 -0.43807], physical=[ 0.08553 -0.43807]
solver time:  9.134279
plant_input_stage0: full=[ 0.08532 -0.5986 ], physical=[ 0.08532 -0.5986 ]
solver time:  6.937645
plant_input_stage0: full=[ 0.08245 -1.     ], physical=[ 0.08245 -1.     ]
solver time:  7.662071
plant_input_stage0: full=[ 0.1101 -1.    ], physical=[ 0.1101 -1.    ]
solver time:  5.833861
plant_input_stage0: full=[ 0.10556 -1.     ], physical=[ 0.10556 -1.     ]
solver time:  8.278297
plant_input_stage0: full=[ 0.10019 -0.56571], physical=[ 0.10019 -0.56571]
solver time:  7.894424
plant_input_stage0: full=[ 0.09424 -0.00001], physical=[ 0.09424 -0.00001]
solver time:  5.228782
plant_input_stage0: full=[ 0.0885  -0.00001], physical=[ 0.0885  -0.00001]
solver time:  4.881521
plant_input_stage0: full=[ 0.08572 -0.0087 ], physical=[ 0.08572 -0.0087 ]
solver time:  4.696103
plant_input_stage0: full=[ 0.08572 -0.01686], physical=[ 0.08572 -0.01686]
solver time:  3.881895
plant_input_stage0: full=[ 0.08571 -0.01582], physical=[ 0.08571 -0.01582]
solver time:  5.463338
plant_input_stage0: full=[ 0.08571 -0.01485], physical=[ 0.08571 -0.01485]
solver time:  6.829094
plant_input_stage0: full=[ 0.08571 -0.01393], physical=[ 0.08571 -0.01393]
solver time:  4.918047
plant_input_stage0: full=[ 0.0857  -0.01305], physical=[ 0.0857  -0.01305]
solver time:  4.941566
plant_input_stage0: full=[ 0.0857  -0.01226], physical=[ 0.0857  -0.01226]
solver time:  4.099673
plant_input_stage0: full=[ 0.08569 -0.00602], physical=[ 0.08569 -0.00602]
solver time:  3.04625
plant_input_stage0: full=[0.08564 0.014  ], physical=[0.08564 0.014  ]
solver time:  2.958236
plant_input_stage0: full=[0.08557 0.02481], physical=[0.08557 0.02481]
solver time:  3.148966
plant_input_stage0: full=[0.08547 0.0345 ], physical=[0.08547 0.0345 ]
solver time:  3.097191
plant_input_stage0: full=[0.08536 0.04305], physical=[0.08536 0.04305]
solver time:  4.139524
plant_input_stage0: full=[0.08523 0.05128], physical=[0.08523 0.05128]
solver time:  4.006429
plant_input_stage0: full=[0.08508 0.05775], physical=[0.08508 0.05775]
solver time:  3.710185
plant_input_stage0: full=[0.08491 0.06172], physical=[0.08491 0.06172]
solver time:  5.007331
plant_input_stage0: full=[0.08472 0.06324], physical=[0.08472 0.06324]
solver time:  3.949761
plant_input_stage0: full=[0.08452 0.0646 ], physical=[0.08452 0.0646 ]
solver time:  4.551842
plant_input_stage0: full=[0.08431 0.06045], physical=[0.08431 0.06045]
solver time:  4.317598
plant_input_stage0: full=[0.08406 0.05037], physical=[0.08406 0.05037]
solver time:  3.325258
plant_input_stage0: full=[0.08383 0.04009], physical=[0.08383 0.04009]
solver time:  3.577858
plant_input_stage0: full=[0.08357 0.02566], physical=[0.08357 0.02566]
solver time:  3.562624
plant_input_stage0: full=[0.08332 0.00941], physical=[0.08332 0.00941]
solver time:  3.255288
plant_input_stage0: full=[ 0.08311 -0.01644], physical=[ 0.08311 -0.01644]
solver time:  3.758365
plant_input_stage0: full=[ 0.08303 -0.06201], physical=[ 0.08303 -0.06201]
solver time:  3.452107
plant_input_stage0: full=[ 0.08315 -0.09273], physical=[ 0.08315 -0.09273]
solver time:  4.082348
plant_input_stage0: full=[0.0831  0.05258], physical=[0.0831  0.05258]
solver time:  4.734755
plant_input_stage0: full=[0.08301 0.10416], physical=[0.08301 0.10416]
solver time:  4.537035
plant_input_stage0: full=[0.08282 0.09561], physical=[0.08282 0.09561]
solver time:  5.076913
plant_input_stage0: full=[0.08273 0.0895 ], physical=[0.08273 0.0895 ]
solver time:  5.294659
plant_input_stage0: full=[0.08256 0.08594], physical=[0.08256 0.08594]
solver time:  5.462703
plant_input_stage0: full=[0.10759 0.08915], physical=[0.10759 0.08915]
solver time:  5.210917
plant_input_stage0: full=[ 0.10016 -0.11167], physical=[ 0.10016 -0.11167]
solver time:  5.054427
plant_input_stage0: full=[0.09312 0.23007], physical=[0.09312 0.23007]
solver time:  5.495919
plant_input_stage0: full=[0.08854 0.87971], physical=[0.08854 0.87971]
solver time:  5.324576
plant_input_stage0: full=[0.07964 1.     ], physical=[0.07964 1.     ]
solver time:  4.769528
plant_input_stage0: full=[0.07933 1.     ], physical=[0.07933 1.     ]
solver time:  3.589606
plant_input_stage0: full=[0.07784 0.64645], physical=[0.07784 0.64645]
solver time:  3.801191
plant_input_stage0: full=[0.07601 0.3192 ], physical=[0.07601 0.3192 ]
solver time:  3.026289
plant_input_stage0: full=[0.07591 0.99997], physical=[0.07591 0.99997]
solver time:  3.189168
plant_input_stage0: full=[0.08134 0.86517], physical=[0.08134 0.86517]
solver time:  2.948586
plant_input_stage0: full=[ 0.08066 -0.13763], physical=[ 0.08066 -0.13763]
solver time:  2.874393
plant_input_stage0: full=[ 0.08084 -0.31048], physical=[ 0.08084 -0.31048]
solver time:  2.761232
plant_input_stage0: full=[ 0.08232 -0.19746], physical=[ 0.08232 -0.19746]
solver time:  3.10894
plant_input_stage0: full=[ 0.08299 -0.13186], physical=[ 0.08299 -0.13186]
solver time:  3.202729
plant_input_stage0: full=[ 0.08333 -0.09126], physical=[ 0.08333 -0.09126]
solver time:  2.84276
plant_input_stage0: full=[ 0.08366 -0.06417], physical=[ 0.08366 -0.06417]
solver time:  2.887404
plant_input_stage0: full=[ 0.08352 -0.48247], physical=[ 0.08352 -0.48247]
solver time:  3.100182
plant_input_stage0: full=[ 0.08367 -0.47559], physical=[ 0.08367 -0.47559]
solver time:  3.114595
plant_input_stage0: full=[ 0.08384 -0.49601], physical=[ 0.08384 -0.49601]
solver time:  3.883475
plant_input_stage0: full=[ 0.08374 -0.5055 ], physical=[ 0.08374 -0.5055 ]
solver time:  3.663384
plant_input_stage0: full=[ 0.08121 -0.75376], physical=[ 0.08121 -0.75376]
solver time:  3.560025
plant_input_stage0: full=[ 0.09529 -1.     ], physical=[ 0.09529 -1.     ]
solver time:  3.391384
plant_input_stage0: full=[ 0.09421 -1.     ], physical=[ 0.09421 -1.     ]
solver time:  3.256073
plant_input_stage0: full=[ 0.09207 -1.     ], physical=[ 0.09207 -1.     ]
solver time:  4.02165
plant_input_stage0: full=[ 0.08903 -1.     ], physical=[ 0.08903 -1.     ]
solver time:  4.880447
plant_input_stage0: full=[ 0.08508 -0.76962], physical=[ 0.08508 -0.76962]
solver time:  4.968106
plant_input_stage0: full=[ 0.08041 -0.06253], physical=[ 0.08041 -0.06253]
solver time:  4.405668
plant_input_stage0: full=[ 0.07669 -0.03993], physical=[ 0.07669 -0.03993]
solver time:  3.240368
plant_input_stage0: full=[ 0.07534 -0.02256], physical=[ 0.07534 -0.02256]
solver time:  2.93046
plant_input_stage0: full=[ 0.0739  -0.00977], physical=[ 0.0739  -0.00977]
solver time:  2.600317
plant_input_stage0: full=[ 0.07237 -0.00045], physical=[ 0.07237 -0.00045]
solver time:  3.036181
plant_input_stage0: full=[0.07073 0.00537], physical=[0.07073 0.00537]
solver time:  2.778828
plant_input_stage0: full=[0.06897 0.00977], physical=[0.06897 0.00977]
solver time:  3.280467
plant_input_stage0: full=[0.06707 0.01261], physical=[0.06707 0.01261]
solver time:  3.041345
plant_input_stage0: full=[0.06511 0.00647], physical=[0.06511 0.00647]
solver time:  3.353217
plant_input_stage0: full=[ 0.06309 -0.01192], physical=[ 0.06309 -0.01192]
solver time:  3.226575
plant_input_stage0: full=[ 0.06098 -0.00995], physical=[ 0.06098 -0.00995]
solver time:  3.051667
plant_input_stage0: full=[ 0.05918 -0.00812], physical=[ 0.05918 -0.00812]
solver time:  2.891167
plant_input_stage0: full=[ 0.06396 -0.00656], physical=[ 0.06396 -0.00656]
solver time:  3.187088
plant_input_stage0: full=[ 0.06954 -0.0053 ], physical=[ 0.06954 -0.0053 ]
solver time:  2.923514
plant_input_stage0: full=[ 0.07196 -0.00125], physical=[ 0.07196 -0.00125]
solver time:  3.491436
plant_input_stage0: full=[0.07318 0.35478], physical=[0.07318 0.35478]
solver time:  3.494261
plant_input_stage0: full=[0.09035 0.03622], physical=[0.09035 0.03622]
solver time:  3.081782
plant_input_stage0: full=[ 0.08899 -0.35454], physical=[ 0.08899 -0.35454]
solver time:  2.996248
plant_input_stage0: full=[ 0.09484 -1.     ], physical=[ 0.09484 -1.     ]
solver time:  4.395875
plant_input_stage0: full=[ 0.05026 -1.     ], physical=[ 0.05026 -1.     ]
solver time:  3.988336
plant_input_stage0: full=[ 0.04872 -1.     ], physical=[ 0.04872 -1.     ]
solver time:  3.72013
plant_input_stage0: full=[ 0.0481 -1.    ], physical=[ 0.0481 -1.    ]
solver time:  4.819599
plant_input_stage0: full=[ 0.0481 -1.    ], physical=[ 0.0481 -1.    ]
solver time:  3.63646
plant_input_stage0: full=[ 0.0538 -1.    ], physical=[ 0.0538 -1.    ]
solver time:  3.189025
plant_input_stage0: full=[ 0.05905 -1.     ], physical=[ 0.05905 -1.     ]
solver time:  3.955986
plant_input_stage0: full=[ 0.06391 -1.     ], physical=[ 0.06391 -1.     ]
solver time:  2.925454
plant_input_stage0: full=[ 0.06841 -1.     ], physical=[ 0.06841 -1.     ]
solver time:  2.434811
plant_input_stage0: full=[ 0.07255 -1.     ], physical=[ 0.07255 -1.     ]
solver time:  2.405743
plant_input_stage0: full=[ 0.07631 -1.     ], physical=[ 0.07631 -1.     ]
solver time:  2.157629
plant_input_stage0: full=[ 0.07964 -1.     ], physical=[ 0.07964 -1.     ]
solver time:  2.261732
plant_input_stage0: full=[ 0.08246 -1.     ], physical=[ 0.08246 -1.     ]
solver time:  2.41153
plant_input_stage0: full=[ 0.08468 -1.     ], physical=[ 0.08468 -1.     ]
solver time:  2.601951
plant_input_stage0: full=[ 0.11172 -1.     ], physical=[ 0.11172 -1.     ]
solver time:  2.425093
plant_input_stage0: full=[ 0.10448 -0.23283], physical=[ 0.10448 -0.23283]
solver time:  2.202128
plant_input_stage0: full=[ 0.09619 -0.04806], physical=[ 0.09619 -0.04806]
solver time:  2.416506
plant_input_stage0: full=[0.08476 0.47173], physical=[0.08476 0.47173]
solver time:  2.455035
plant_input_stage0: full=[0.08827 0.06723], physical=[0.08827 0.06723]
solver time:  3.004538
plant_input_stage0: full=[ 0.08525 -0.21253], physical=[ 0.08525 -0.21253]
solver time:  2.965517
plant_input_stage0: full=[ 0.08554 -0.40282], physical=[ 0.08554 -0.40282]
solver time:  2.630099
plant_input_stage0: full=[ 0.08568 -0.24858], physical=[ 0.08568 -0.24858]
solver time:  2.877535
plant_input_stage0: full=[ 0.08566 -0.00657], physical=[ 0.08566 -0.00657]
solver time:  3.142093
plant_input_stage0: full=[ 0.08556 -0.02329], physical=[ 0.08556 -0.02329]
solver time:  3.009182
plant_input_stage0: full=[ 0.08544 -0.03445], physical=[ 0.08544 -0.03445]
solver time:  3.482286
plant_input_stage0: full=[ 0.08529 -0.04508], physical=[ 0.08529 -0.04508]
solver time:  3.25838
plant_input_stage0: full=[ 0.08511 -0.05399], physical=[ 0.08511 -0.05399]
solver time:  2.942461
plant_input_stage0: full=[ 0.0849  -0.06343], physical=[ 0.0849  -0.06343]
solver time:  2.502236
plant_input_stage0: full=[ 0.08466 -0.0685 ], physical=[ 0.08466 -0.0685 ]
solver time:  2.925313
plant_input_stage0: full=[ 0.08439 -0.06895], physical=[ 0.08439 -0.06895]
solver time:  2.99733
plant_input_stage0: full=[ 0.0841  -0.06565], physical=[ 0.0841  -0.06565]
solver time:  2.504919
plant_input_stage0: full=[ 0.08378 -0.0576 ], physical=[ 0.08378 -0.0576 ]
solver time:  2.497054
plant_input_stage0: full=[ 0.08343 -0.04687], physical=[ 0.08343 -0.04687]
solver time:  2.509106
plant_input_stage0: full=[ 0.08307 -0.03527], physical=[ 0.08307 -0.03527]
solver time:  2.694443
plant_input_stage0: full=[ 0.08268 -0.01595], physical=[ 0.08268 -0.01595]
solver time:  2.923953
plant_input_stage0: full=[0.08228 0.00712], physical=[0.08228 0.00712]
solver time:  3.098933
plant_input_stage0: full=[0.08188 0.04234], physical=[0.08188 0.04234]
solver time:  3.194792
plant_input_stage0: full=[0.08176 0.06369], physical=[0.08176 0.06369]
solver time:  2.962601
plant_input_stage0: full=[0.08219 0.02355], physical=[0.08219 0.02355]
solver time:  2.552481
plant_input_stage0: full=[ 0.08235 -0.03434], physical=[ 0.08235 -0.03434]
solver time:  2.891246
plant_input_stage0: full=[ 0.08224 -0.04107], physical=[ 0.08224 -0.04107]
solver time:  3.019561
plant_input_stage0: full=[ 0.08207 -0.01884], physical=[ 0.08207 -0.01884]
solver time:  2.88182
plant_input_stage0: full=[ 0.08188 -0.01621], physical=[ 0.08188 -0.01621]
solver time:  3.010408
plant_input_stage0: full=[ 0.08197 -0.04219], physical=[ 0.08197 -0.04219]
solver time:  3.219722
plant_input_stage0: full=[0.08151 0.05588], physical=[0.08151 0.05588]
solver time:  3.378296
plant_input_stage0: full=[0.10222 0.41234], physical=[0.10222 0.41234]
solver time:  3.239853
plant_input_stage0: full=[ 0.09123 -0.43103], physical=[ 0.09123 -0.43103]
solver time:  3.557483
plant_input_stage0: full=[ 0.0818 -1.    ], physical=[ 0.0818 -1.    ]
solver time:  3.095663
plant_input_stage0: full=[ 0.07979 -1.     ], physical=[ 0.07979 -1.     ]
solver time:  3.785765
plant_input_stage0: full=[ 0.07796 -1.     ], physical=[ 0.07796 -1.     ]
solver time:  3.316323
plant_input_stage0: full=[ 0.07815 -1.     ], physical=[ 0.07815 -1.     ]
solver time:  3.13903
plant_input_stage0: full=[ 0.07716 -1.     ], physical=[ 0.07716 -1.     ]
solver time:  3.09594
plant_input_stage0: full=[ 0.07709 -0.78676], physical=[ 0.07709 -0.78676]
solver time:  2.804829
plant_input_stage0: full=[ 0.07725 -0.94773], physical=[ 0.07725 -0.94773]
solver time:  2.375659
plant_input_stage0: full=[ 0.08121 -0.80283], physical=[ 0.08121 -0.80283]
solver time:  2.23519
plant_input_stage0: full=[0.08101 0.14617], physical=[0.08101 0.14617]
solver time:  2.434691
plant_input_stage0: full=[0.08145 0.35518], physical=[0.08145 0.35518]
solver time:  2.328492
plant_input_stage0: full=[0.08263 0.25467], physical=[0.08263 0.25467]
solver time:  2.32699
plant_input_stage0: full=[0.0834  0.16914], physical=[0.0834  0.16914]
solver time:  2.327077
plant_input_stage0: full=[0.08379 0.11614], physical=[0.08379 0.11614]
solver time:  2.395083
plant_input_stage0: full=[0.08408 0.08187], physical=[0.08408 0.08187]
solver time:  2.625952
plant_input_stage0: full=[0.08377 0.39955], physical=[0.08377 0.39955]
solver time:  2.299162
plant_input_stage0: full=[0.08409 0.4007 ], physical=[0.08409 0.4007 ]
solver time:  2.560403
plant_input_stage0: full=[0.08423 0.42938], physical=[0.08423 0.42938]
solver time:  2.80389
plant_input_stage0: full=[0.08416 0.34951], physical=[0.08416 0.34951]
solver time:  2.376281
plant_input_stage0: full=[0.08183 0.82537], physical=[0.08183 0.82537]
solver time:  2.118132
plant_input_stage0: full=[0.09549 1.     ], physical=[0.09549 1.     ]
solver time:  2.256466
plant_input_stage0: full=[0.09465 1.     ], physical=[0.09465 1.     ]
solver time:  2.254747
plant_input_stage0: full=[0.09271 1.     ], physical=[0.09271 1.     ]
solver time:  2.307999
plant_input_stage0: full=[0.0898 1.    ], physical=[0.0898 1.    ]
solver time:  2.42058
plant_input_stage0: full=[0.08605 1.     ], physical=[0.08605 1.     ]
solver time:  2.000571
plant_input_stage0: full=[0.08159 0.08734], physical=[0.08159 0.08734]
solver time:  2.171968
plant_input_stage0: full=[0.07815 0.05725], physical=[0.07815 0.05725]
solver time:  2.023631
plant_input_stage0: full=[0.07683 0.03438], physical=[0.07683 0.03438]
solver time:  2.205553
plant_input_stage0: full=[0.07535 0.01738], physical=[0.07535 0.01738]
solver time:  2.194463
plant_input_stage0: full=[0.07374 0.00492], physical=[0.07374 0.00492]
solver time:  2.262966
plant_input_stage0: full=[ 0.07204 -0.00381], physical=[ 0.07204 -0.00381]
solver time:  2.28452
plant_input_stage0: full=[ 0.07021 -0.00991], physical=[ 0.07021 -0.00991]
solver time:  2.261665
plant_input_stage0: full=[ 0.06828 -0.01407], physical=[ 0.06828 -0.01407]
solver time:  2.346539
plant_input_stage0: full=[0.06626 0.0021 ], physical=[0.06626 0.0021 ]
solver time:  2.174525
plant_input_stage0: full=[0.06416 0.01679], physical=[0.06416 0.01679]
solver time:  2.326628
plant_input_stage0: full=[0.062  0.0146], physical=[0.062  0.0146]
solver time:  2.367012
plant_input_stage0: full=[0.06011 0.01195], physical=[0.06011 0.01195]
solver time:  2.466088
plant_input_stage0: full=[0.0587  0.01015], physical=[0.0587  0.01015]
solver time:  2.556664
plant_input_stage0: full=[0.05752 0.0085 ], physical=[0.05752 0.0085 ]
solver time:  2.417736
plant_input_stage0: full=[0.05642 0.00706], physical=[0.05642 0.00706]
solver time:  2.83198
plant_input_stage0: full=[0.05536 0.00584], physical=[0.05536 0.00584]
solver time:  2.849001
plant_input_stage0: full=[0.05972 0.00499], physical=[0.05972 0.00499]
solver time:  3.344593
plant_input_stage0: full=[0.0576  0.00439], physical=[0.0576  0.00439]
solver time:  2.800266
plant_input_stage0: full=[0.05557 0.00405], physical=[0.05557 0.00405]
solver time:  2.855324
plant_input_stage0: full=[0.05363 0.00432], physical=[0.05363 0.00432]
solver time:  3.716751
plant_input_stage0: full=[0.05123 0.00773], physical=[0.05123 0.00773]
solver time:  4.32482
plant_input_stage0: full=[0.05148 1.     ], physical=[0.05148 1.     ]
solver time:  4.95826
plant_input_stage0: full=[ 0.01655 -0.1016 ], physical=[ 0.01655 -0.1016 ]
solver time:  3.802983
plant_input_stage0: full=[0.03918 1.     ], physical=[0.03918 1.     ]
solver time:  3.19513
plant_input_stage0: full=[0.03997 1.     ], physical=[0.03997 1.     ]
solver time:  3.712002
plant_input_stage0: full=[0.04053 1.     ], physical=[0.04053 1.     ]
solver time:  3.083447
plant_input_stage0: full=[0.04082 1.     ], physical=[0.04082 1.     ]
solver time:  3.278147
plant_input_stage0: full=[0.04034 1.     ], physical=[0.04034 1.     ]
solver time:  3.836419
plant_input_stage0: full=[0.03904 0.81527], physical=[0.03904 0.81527]
solver time:  5.57417
plant_input_stage0: full=[0.03715 0.75382], physical=[0.03715 0.75382]
solver time:  3.478901
plant_input_stage0: full=[0.0352  0.72854], physical=[0.0352  0.72854]
solver time:  3.356763
plant_input_stage0: full=[0.03323 0.68582], physical=[0.03323 0.68582]
solver time:  3.238101
plant_input_stage0: full=[0.03132 0.65423], physical=[0.03132 0.65423]
solver time:  3.139021
plant_input_stage0: full=[0.02948 0.61692], physical=[0.02948 0.61692]
solver time:  4.727428
plant_input_stage0: full=[0.02774 0.58359], physical=[0.02774 0.58359]
solver time:  3.803204
plant_input_stage0: full=[0.02606 0.55002], physical=[0.02606 0.55002]
solver time:  4.052332
plant_input_stage0: full=[0.0245  0.13628], physical=[0.0245  0.13628]
solver time:  4.53852
plant_input_stage0: full=[0.02301 0.00256], physical=[0.02301 0.00256]
solver time:  3.616865
plant_input_stage0: full=[0.02161 0.00226], physical=[0.02161 0.00226]
solver time:  3.241019
plant_input_stage0: full=[0.02029 0.0021 ], physical=[0.02029 0.0021 ]
solver time:  3.385556
plant_input_stage0: full=[0.01906 0.00196], physical=[0.01906 0.00196]
solver time:  2.762367
plant_input_stage0: full=[0.0179  0.00183], physical=[0.0179  0.00183]
solver time:  2.799389
plant_input_stage0: full=[0.01681 0.00173], physical=[0.01681 0.00173]
solver time:  2.455895
plant_input_stage0: full=[0.01579 0.00164], physical=[0.01579 0.00164]
solver time:  3.036403
plant_input_stage0: full=[0.01483 0.00158], physical=[0.01483 0.00158]
solver time:  3.356729
plant_input_stage0: full=[0.01392 0.00152], physical=[0.01392 0.00152]
solver time:  2.623803
plant_input_stage0: full=[0.01308 0.00148], physical=[0.01308 0.00148]
solver time:  3.671212
plant_input_stage0: full=[0.01228 0.00146], physical=[0.01228 0.00146]
solver time:  3.178828
plant_input_stage0: full=[0.01153 0.00144], physical=[0.01153 0.00144]
solver time:  2.55526
plant_input_stage0: full=[0.01083 0.00144], physical=[0.01083 0.00144]
solver time:  2.326838
plant_input_stage0: full=[0.01017 0.00145], physical=[0.01017 0.00145]
solver time:  2.30917
plant_input_stage0: full=[0.00955 0.00147], physical=[0.00955 0.00147]
solver time:  2.268681
plant_input_stage0: full=[0.00897 0.0015 ], physical=[0.00897 0.0015 ]
solver time:  2.358797
plant_input_stage0: full=[0.00843 0.00154], physical=[0.00843 0.00154]
solver time:  2.433676
plant_input_stage0: full=[0.00791 0.00158], physical=[0.00791 0.00158]
solver time:  2.041162
plant_input_stage0: full=[0.00743 0.00164], physical=[0.00743 0.00164]
solver time:  2.300416
plant_input_stage0: full=[0.00698 0.0017 ], physical=[0.00698 0.0017 ]
solver time:  1.997385
plant_input_stage0: full=[0.00655 0.00176], physical=[0.00655 0.00176]
solver time:  2.00716
plant_input_stage0: full=[ 0.00615 -0.0046 ], physical=[ 0.00615 -0.0046 ]
목적지에 도착했습니다! 현재 위치: [1.80994 0.09731], 시간: 37.90초
Using obca optimizer with differential_drive dynamics:
median:  3.255288
std:  1.9709013237839386
min:  1.551803
max:  15.0371
Simulation finished.
Run outcome: status=success, reason=None, final_time=37.90000000000027, distance_to_goal=0.009497118789356891
Trial history saved to /home/taek111/projects/psdf_mpcc/benchmark_runs/maze_rectangle_dd_gaussian_20260916/safe/obca/seed42/data/trial_history_MPC_OBCA_rectangle_maze_gaussian_20260916_startseed42.csv
Single test completed.
RESULT obca 42 success None
