COMMAND: python3 test_nmpc.py --single --config /home/taek111/projects/psdf_mpcc/debug_runs/maze_dd_rectangle_20260910/psdf/config.yaml --maze-type maze --robot-shape rectangle --dynamics-type differential_drive --optimizer-type psdf --path-planner astar --simulation-time 60 --no-perturb-start --no-animation
RUNTIME: 3.8.10 (default, Mar 18 2025, 20:04:55) 
[GCC 9.4.0] numpy 1.24.4 torch 1.13.1+cpu casadi 3.7.1
Running single test...
Resetting psdf optimizer for clean state...
generating global path with A* + Line of Sight
시작 위치: [0.075 0.795]
목적지: [1.8  0.09]
도착 판정 기준: position <= 0.01m, angle <= 0.01rad
Warning: PSDF wrapper not initialized, skipping obstacle update
Setting up PSDF optimizer...
vertices.shape: (4, 2)
psdfWrapper initialized with vertices shape: (4, 2)
/home/taek111/projects/psdf_mpcc/models/geometry_utils.py:241: UserWarning: Creating a tensor from a list of numpy.ndarrays is extremely slow. Please consider converting the list to a single numpy.ndarray with numpy.array() before converting to a tensor. (Triggered internally at ../torch/csrc/utils/tensor_new.cpp:230.)
  edgesA = torch.tensor(edgesA, dtype=torch.float32)
Added HARD obstacle avoidance constraint with d_safe = 0.0001
acados PSDF cache miss or source/config changed: rebuilding.
field AcadosOcpDims.N has been migrated to AcadosOcpOptions.N_horizon. setting AcadosOcpOptions.N_horizon = N. For future comppatibility, please use AcadosOcpOptions.N_horizon directly.
rm -f libacados_ocp_solver_differential_drive_psdf.so
rm -f differential_drive_psdf_constraints/differential_drive_psdf_constr_h_fun_jac_uxt_zt.o differential_drive_psdf_constraints/differential_drive_psdf_constr_h_fun.o acados_solver_differential_drive_psdf.o
cc -fPIC -std=c99   -O2 -I/home/taek111/projects/acados/include -I/home/taek111/projects/acados/include/acados -I/home/taek111/projects/acados/include/blasfeo/include -I/home/taek111/projects/acados/include/hpipm/include  -c -o differential_drive_psdf_constraints/differential_drive_psdf_constr_h_fun_jac_uxt_zt.o differential_drive_psdf_constraints/differential_drive_psdf_constr_h_fun_jac_uxt_zt.c
cc -fPIC -std=c99   -O2 -I/home/taek111/projects/acados/include -I/home/taek111/projects/acados/include/acados -I/home/taek111/projects/acados/include/blasfeo/include -I/home/taek111/projects/acados/include/hpipm/include  -c -o differential_drive_psdf_constraints/differential_drive_psdf_constr_h_fun.o differential_drive_psdf_constraints/differential_drive_psdf_constr_h_fun.c
cc -fPIC -std=c99   -O2 -I/home/taek111/projects/acados/include -I/home/taek111/projects/acados/include/acados -I/home/taek111/projects/acados/include/blasfeo/include -I/home/taek111/projects/acados/include/hpipm/include  -c -o acados_solver_differential_drive_psdf.o acados_solver_differential_drive_psdf.c
cc -fPIC -std=c99   -O2 -I/home/taek111/projects/acados/include -I/home/taek111/projects/acados/include/acados -I/home/taek111/projects/acados/include/blasfeo/include -I/home/taek111/projects/acados/include/hpipm/include  -c -o differential_drive_psdf_model/differential_drive_psdf_expl_ode_fun.o differential_drive_psdf_model/differential_drive_psdf_expl_ode_fun.c
cc -fPIC -std=c99   -O2 -I/home/taek111/projects/acados/include -I/home/taek111/projects/acados/include/acados -I/home/taek111/projects/acados/include/blasfeo/include -I/home/taek111/projects/acados/include/hpipm/include  -c -o differential_drive_psdf_model/differential_drive_psdf_expl_vde_forw.o differential_drive_psdf_model/differential_drive_psdf_expl_vde_forw.c
cc -fPIC -std=c99   -O2 -I/home/taek111/projects/acados/include -I/home/taek111/projects/acados/include/acados -I/home/taek111/projects/acados/include/blasfeo/include -I/home/taek111/projects/acados/include/hpipm/include  -c -o differential_drive_psdf_model/differential_drive_psdf_expl_vde_adj.o differential_drive_psdf_model/differential_drive_psdf_expl_vde_adj.c
cc -shared differential_drive_psdf_constraints/differential_drive_psdf_constr_h_fun_jac_uxt_zt.o differential_drive_psdf_constraints/differential_drive_psdf_constr_h_fun.o acados_solver_differential_drive_psdf.o differential_drive_psdf_model/differential_drive_psdf_expl_ode_fun.o differential_drive_psdf_model/differential_drive_psdf_expl_vde_forw.o differential_drive_psdf_model/differential_drive_psdf_expl_vde_adj.o -o libacados_ocp_solver_differential_drive_psdf.so -L/home/taek111/projects/acados/lib -lacados -lhpipm -lblasfeo -lm  \
-L -l
acados was compiled without OpenMP.
x_ws, u_ws : [ 0.075   0.795  -1.5708] [0. 0.]
solver time:  0.5365023612976074
plant_input_stage0: full=[0.13667 0.00518], physical=[0.13667 0.00518]
solver time:  0.3079826831817627
plant_input_stage0: full=[ 0.23947 -0.62022], physical=[ 0.23947 -0.62022]
solver time:  0.2501084804534912
plant_input_stage0: full=[0.23559 0.57967], physical=[0.23559 0.57967]
solver time:  0.2639005184173584
plant_input_stage0: full=[0.23288 0.33395], physical=[0.23288 0.33395]
solver time:  0.24892115592956543
plant_input_stage0: full=[0.24803 0.03868], physical=[0.24803 0.03868]
solver time:  0.2519388198852539
plant_input_stage0: full=[0.25725 0.59991], physical=[0.25725 0.59991]
solver time:  0.2698681354522705
plant_input_stage0: full=[0.20524 1.     ], physical=[0.20524 1.     ]
solver time:  0.2493901252746582
plant_input_stage0: full=[0.15737 1.     ], physical=[0.15737 1.     ]
solver time:  0.2790992259979248
plant_input_stage0: full=[0.10434 1.     ], physical=[0.10434 1.     ]
solver time:  0.26848435401916504
plant_input_stage0: full=[0.11442 1.     ], physical=[0.11442 1.     ]
solver time:  0.2607254981994629
plant_input_stage0: full=[0.12541 1.     ], physical=[0.12541 1.     ]
solver time:  0.3137238025665283
plant_input_stage0: full=[0.12792 1.     ], physical=[0.12792 1.     ]
solver time:  0.2586665153503418
plant_input_stage0: full=[0.12984 1.     ], physical=[0.12984 1.     ]
solver time:  0.2660098075866699
plant_input_stage0: full=[0.13504 1.     ], physical=[0.13504 1.     ]
solver time:  0.256650447845459
plant_input_stage0: full=[0.14176 1.     ], physical=[0.14176 1.     ]
solver time:  0.2786905765533447
plant_input_stage0: full=[0.15261 1.     ], physical=[0.15261 1.     ]
solver time:  0.30558204650878906
plant_input_stage0: full=[0.16034 1.     ], physical=[0.16034 1.     ]
solver time:  0.2808103561401367
plant_input_stage0: full=[0.2632 1.    ], physical=[0.2632 1.    ]
solver time:  0.25504064559936523
plant_input_stage0: full=[0.22815 1.     ], physical=[0.22815 1.     ]
solver time:  0.2523841857910156
plant_input_stage0: full=[0.18323 1.     ], physical=[0.18323 1.     ]
solver time:  0.23708486557006836
plant_input_stage0: full=[0.19225 1.     ], physical=[0.19225 1.     ]
solver time:  0.24242115020751953
plant_input_stage0: full=[0.20828 0.99998], physical=[0.20828 0.99998]
solver time:  0.28306150436401367
plant_input_stage0: full=[0.21857 1.     ], physical=[0.21857 1.     ]
solver time:  0.2402191162109375
plant_input_stage0: full=[0.32174 0.97936], physical=[0.32174 0.97936]
solver time:  0.25150537490844727
plant_input_stage0: full=[0.24948 0.58254], physical=[0.24948 0.58254]
solver time:  0.24403786659240723
plant_input_stage0: full=[0.23073 0.3029 ], physical=[0.23073 0.3029 ]
solver time:  0.2769439220428467
plant_input_stage0: full=[0.23344 0.20789], physical=[0.23344 0.20789]
solver time:  0.2798149585723877
plant_input_stage0: full=[0.23271 0.20977], physical=[0.23271 0.20977]
solver time:  0.2555360794067383
plant_input_stage0: full=[0.22889 0.25305], physical=[0.22889 0.25305]
solver time:  0.2736823558807373
plant_input_stage0: full=[0.22569 0.26985], physical=[0.22569 0.26985]
solver time:  0.2484898567199707
plant_input_stage0: full=[0.22531 0.3305 ], physical=[0.22531 0.3305 ]
solver time:  0.24562406539916992
plant_input_stage0: full=[0.2282  0.36867], physical=[0.2282  0.36867]
solver time:  0.2871377468109131
plant_input_stage0: full=[ 0.22936 -0.5205 ], physical=[ 0.22936 -0.5205 ]
solver time:  0.23842406272888184
plant_input_stage0: full=[ 0.23792 -0.53701], physical=[ 0.23792 -0.53701]
solver time:  0.2571072578430176
plant_input_stage0: full=[ 0.2147 -1.    ], physical=[ 0.2147 -1.    ]
solver time:  0.22908902168273926
plant_input_stage0: full=[ 0.2111  -0.83648], physical=[ 0.2111  -0.83648]
solver time:  0.28612422943115234
plant_input_stage0: full=[ 0.22239 -0.57986], physical=[ 0.22239 -0.57986]
solver time:  0.24091744422912598
plant_input_stage0: full=[ 0.22796 -0.57001], physical=[ 0.22796 -0.57001]
solver time:  0.24996018409729004
plant_input_stage0: full=[ 0.37659 -0.60392], physical=[ 0.37659 -0.60392]
solver time:  0.25481677055358887
plant_input_stage0: full=[ 0.25404 -1.     ], physical=[ 0.25404 -1.     ]
solver time:  0.2782607078552246
plant_input_stage0: full=[ 0.22086 -0.60391], physical=[ 0.22086 -0.60391]
solver time:  0.2814490795135498
plant_input_stage0: full=[ 0.2126 -0.8741], physical=[ 0.2126 -0.8741]
solver time:  0.26393818855285645
plant_input_stage0: full=[ 0.19458 -1.     ], physical=[ 0.19458 -1.     ]
solver time:  0.24074745178222656
plant_input_stage0: full=[ 0.16821 -1.     ], physical=[ 0.16821 -1.     ]
solver time:  0.2616868019104004
plant_input_stage0: full=[ 0.19801 -1.     ], physical=[ 0.19801 -1.     ]
solver time:  0.25902676582336426
plant_input_stage0: full=[ 0.1711 -1.    ], physical=[ 0.1711 -1.    ]
solver time:  0.25641822814941406
plant_input_stage0: full=[ 0.15763 -1.     ], physical=[ 0.15763 -1.     ]
solver time:  0.2736177444458008
plant_input_stage0: full=[ 0.14819 -0.96014], physical=[ 0.14819 -0.96014]
solver time:  0.26313138008117676
plant_input_stage0: full=[ 0.13569 -0.62359], physical=[ 0.13569 -0.62359]
solver time:  0.2386782169342041
plant_input_stage0: full=[ 0.21787 -0.41803], physical=[ 0.21787 -0.41803]
solver time:  0.25167059898376465
plant_input_stage0: full=[ 0.21003 -0.24753], physical=[ 0.21003 -0.24753]
solver time:  0.2592196464538574
plant_input_stage0: full=[0.23303 0.82389], physical=[0.23303 0.82389]
solver time:  0.2512514591217041
plant_input_stage0: full=[0.1463 1.    ], physical=[0.1463 1.    ]
solver time:  0.24088215827941895
plant_input_stage0: full=[0.18165 1.     ], physical=[0.18165 1.     ]
solver time:  0.24471020698547363
plant_input_stage0: full=[0.19722 1.     ], physical=[0.19722 1.     ]
solver time:  0.2126479148864746
plant_input_stage0: full=[0.17425 1.     ], physical=[0.17425 1.     ]
solver time:  0.2632462978363037
plant_input_stage0: full=[0.14791 1.     ], physical=[0.14791 1.     ]
solver time:  0.21163535118103027
plant_input_stage0: full=[0.14846 1.     ], physical=[0.14846 1.     ]
solver time:  0.24117231369018555
plant_input_stage0: full=[0.15267 1.     ], physical=[0.15267 1.     ]
solver time:  0.2512383460998535
plant_input_stage0: full=[0.16595 1.     ], physical=[0.16595 1.     ]
solver time:  0.2377643585205078
plant_input_stage0: full=[0.18255 1.     ], physical=[0.18255 1.     ]
solver time:  0.24289226531982422
plant_input_stage0: full=[0.1838 1.    ], physical=[0.1838 1.    ]
solver time:  0.22374725341796875
plant_input_stage0: full=[0.17392 1.     ], physical=[0.17392 1.     ]
solver time:  0.27264928817749023
plant_input_stage0: full=[0.18138 1.     ], physical=[0.18138 1.     ]
solver time:  0.2358241081237793
plant_input_stage0: full=[0.20472 1.     ], physical=[0.20472 1.     ]
solver time:  0.26984739303588867
plant_input_stage0: full=[0.18074 1.     ], physical=[0.18074 1.     ]
solver time:  0.2505803108215332
plant_input_stage0: full=[0.16554 1.     ], physical=[0.16554 1.     ]
solver time:  0.25676536560058594
plant_input_stage0: full=[0.15954 0.73494], physical=[0.15954 0.73494]
solver time:  0.22257208824157715
plant_input_stage0: full=[0.14622 0.54167], physical=[0.14622 0.54167]
solver time:  0.2648813724517822
plant_input_stage0: full=[0.22369 0.26572], physical=[0.22369 0.26572]
solver time:  0.24146366119384766
plant_input_stage0: full=[0.21658 0.15072], physical=[0.21658 0.15072]
solver time:  0.2635655403137207
plant_input_stage0: full=[ 0.22181 -0.68227], physical=[ 0.22181 -0.68227]
solver time:  0.22800207138061523
plant_input_stage0: full=[ 0.1519 -1.    ], physical=[ 0.1519 -1.    ]
solver time:  0.24963903427124023
plant_input_stage0: full=[ 0.15175 -1.     ], physical=[ 0.15175 -1.     ]
solver time:  0.22862482070922852
plant_input_stage0: full=[ 0.2182 -1.    ], physical=[ 0.2182 -1.    ]
solver time:  0.3679971694946289
plant_input_stage0: full=[ 0.19756 -1.     ], physical=[ 0.19756 -1.     ]
solver time:  0.2886931896209717
plant_input_stage0: full=[ 0.16488 -1.     ], physical=[ 0.16488 -1.     ]
solver time:  0.29682469367980957
plant_input_stage0: full=[ 0.17421 -1.     ], physical=[ 0.17421 -1.     ]
solver time:  0.29512906074523926
plant_input_stage0: full=[ 0.19213 -1.     ], physical=[ 0.19213 -1.     ]
solver time:  0.2911710739135742
plant_input_stage0: full=[ 0.21193 -0.74144], physical=[ 0.21193 -0.74144]
solver time:  0.27062463760375977
plant_input_stage0: full=[ 0.22689 -0.49525], physical=[ 0.22689 -0.49525]
solver time:  0.2401876449584961
plant_input_stage0: full=[ 0.2363 -0.1423], physical=[ 0.2363 -0.1423]
solver time:  0.2468419075012207
plant_input_stage0: full=[0.24133 0.08574], physical=[0.24133 0.08574]
solver time:  0.29398059844970703
plant_input_stage0: full=[0.24113 0.1997 ], physical=[0.24113 0.1997 ]
solver time:  0.25356149673461914
plant_input_stage0: full=[0.24143 0.05598], physical=[0.24143 0.05598]
solver time:  0.23604559898376465
plant_input_stage0: full=[0.23674 0.17104], physical=[0.23674 0.17104]
solver time:  0.2278895378112793
plant_input_stage0: full=[0.24375 0.20666], physical=[0.24375 0.20666]
solver time:  0.2786104679107666
plant_input_stage0: full=[0.24021 0.9895 ], physical=[0.24021 0.9895 ]
solver time:  0.24123263359069824
plant_input_stage0: full=[0.13056 1.     ], physical=[0.13056 1.     ]
solver time:  0.2421252727508545
plant_input_stage0: full=[0.17218 1.     ], physical=[0.17218 1.     ]
solver time:  0.2233433723449707
plant_input_stage0: full=[0.16772 1.     ], physical=[0.16772 1.     ]
solver time:  0.21545052528381348
plant_input_stage0: full=[0.14669 1.     ], physical=[0.14669 1.     ]
solver time:  0.21707940101623535
plant_input_stage0: full=[0.13277 1.     ], physical=[0.13277 1.     ]
solver time:  0.25591611862182617
plant_input_stage0: full=[0.11963 0.84493], physical=[0.11963 0.84493]
solver time:  0.27609825134277344
plant_input_stage0: full=[0.10412 0.53905], physical=[0.10412 0.53905]
solver time:  0.24399375915527344
plant_input_stage0: full=[0.22819 0.11625], physical=[0.22819 0.11625]
solver time:  0.2516024112701416
plant_input_stage0: full=[0.22005 0.14723], physical=[0.22005 0.14723]
solver time:  0.3164339065551758
plant_input_stage0: full=[ 0.2496  -0.81569], physical=[ 0.2496  -0.81569]
solver time:  0.25856637954711914
plant_input_stage0: full=[ 0.18776 -1.     ], physical=[ 0.18776 -1.     ]
solver time:  0.2524549961090088
plant_input_stage0: full=[ 0.17931 -1.     ], physical=[ 0.17931 -1.     ]
solver time:  0.24207615852355957
plant_input_stage0: full=[ 0.17899 -1.     ], physical=[ 0.17899 -1.     ]
solver time:  0.22466540336608887
plant_input_stage0: full=[ 0.17864 -1.     ], physical=[ 0.17864 -1.     ]
solver time:  0.29349279403686523
plant_input_stage0: full=[ 0.17417 -1.     ], physical=[ 0.17417 -1.     ]
solver time:  0.25376272201538086
plant_input_stage0: full=[ 0.16748 -1.     ], physical=[ 0.16748 -1.     ]
solver time:  0.2836148738861084
plant_input_stage0: full=[ 0.15878 -1.     ], physical=[ 0.15878 -1.     ]
solver time:  0.2661900520324707
plant_input_stage0: full=[ 0.15101 -1.     ], physical=[ 0.15101 -1.     ]
solver time:  0.2772672176361084
plant_input_stage0: full=[ 0.14233 -1.     ], physical=[ 0.14233 -1.     ]
solver time:  0.3029484748840332
plant_input_stage0: full=[ 0.13185 -1.     ], physical=[ 0.13185 -1.     ]
solver time:  0.25161004066467285
plant_input_stage0: full=[ 0.12381 -1.     ], physical=[ 0.12381 -1.     ]
solver time:  0.26493191719055176
plant_input_stage0: full=[ 0.11219 -1.     ], physical=[ 0.11219 -1.     ]
solver time:  0.2560276985168457
plant_input_stage0: full=[ 0.14157 -1.     ], physical=[ 0.14157 -1.     ]
solver time:  0.3102564811706543
plant_input_stage0: full=[ 0.14479 -1.     ], physical=[ 0.14479 -1.     ]
solver time:  0.2874610424041748
plant_input_stage0: full=[ 0.14054 -1.     ], physical=[ 0.14054 -1.     ]
solver time:  0.25519394874572754
plant_input_stage0: full=[ 0.13794 -1.     ], physical=[ 0.13794 -1.     ]
solver time:  0.25021958351135254
plant_input_stage0: full=[ 0.14396 -1.     ], physical=[ 0.14396 -1.     ]
solver time:  0.2681155204772949
plant_input_stage0: full=[ 0.15244 -1.     ], physical=[ 0.15244 -1.     ]
solver time:  0.2608201503753662
plant_input_stage0: full=[ 0.16195 -1.     ], physical=[ 0.16195 -1.     ]
solver time:  0.27801012992858887
plant_input_stage0: full=[ 0.17253 -1.     ], physical=[ 0.17253 -1.     ]
solver time:  0.28505778312683105
plant_input_stage0: full=[ 0.27376 -1.     ], physical=[ 0.27376 -1.     ]
solver time:  0.2665719985961914
plant_input_stage0: full=[ 0.23088 -1.     ], physical=[ 0.23088 -1.     ]
solver time:  0.22585105895996094
plant_input_stage0: full=[ 0.19464 -1.     ], physical=[ 0.19464 -1.     ]
solver time:  0.250929594039917
plant_input_stage0: full=[ 0.21497 -0.64266], physical=[ 0.21497 -0.64266]
solver time:  0.2926907539367676
plant_input_stage0: full=[ 0.2298  -0.39732], physical=[ 0.2298  -0.39732]
solver time:  0.2647082805633545
plant_input_stage0: full=[ 0.23614 -0.19596], physical=[ 0.23614 -0.19596]
solver time:  0.2608363628387451
plant_input_stage0: full=[ 0.23881 -0.06806], physical=[ 0.23881 -0.06806]
solver time:  0.2656722068786621
plant_input_stage0: full=[0.23797 0.03244], physical=[0.23797 0.03244]
solver time:  0.25454187393188477
plant_input_stage0: full=[ 0.23335 -0.06303], physical=[ 0.23335 -0.06303]
solver time:  0.28761839866638184
plant_input_stage0: full=[ 0.2276  -0.08408], physical=[ 0.2276  -0.08408]
solver time:  0.2585737705230713
plant_input_stage0: full=[ 0.23211 -0.15364], physical=[ 0.23211 -0.15364]
solver time:  0.2580714225769043
plant_input_stage0: full=[ 0.2045 -1.    ], physical=[ 0.2045 -1.    ]
solver time:  0.2934727668762207
plant_input_stage0: full=[ 0.13997 -1.     ], physical=[ 0.13997 -1.     ]
solver time:  0.24534964561462402
plant_input_stage0: full=[ 0.19529 -1.     ], physical=[ 0.19529 -1.     ]
solver time:  0.2498459815979004
plant_input_stage0: full=[ 0.17327 -1.     ], physical=[ 0.17327 -1.     ]
solver time:  0.2415773868560791
plant_input_stage0: full=[ 0.19795 -0.99998], physical=[ 0.19795 -0.99998]
solver time:  0.27237486839294434
plant_input_stage0: full=[ 0.12445 -0.90708], physical=[ 0.12445 -0.90708]
solver time:  0.24434566497802734
plant_input_stage0: full=[ 0.09421 -0.44447], physical=[ 0.09421 -0.44447]
solver time:  0.25443029403686523
plant_input_stage0: full=[ 0.23136 -0.0482 ], physical=[ 0.23136 -0.0482 ]
solver time:  0.25066614151000977
plant_input_stage0: full=[ 0.22236 -0.12857], physical=[ 0.22236 -0.12857]
solver time:  0.24103379249572754
plant_input_stage0: full=[0.24044 0.75759], physical=[0.24044 0.75759]
solver time:  0.22284698486328125
plant_input_stage0: full=[0.1763 1.    ], physical=[0.1763 1.    ]
solver time:  0.25259876251220703
plant_input_stage0: full=[0.19007 1.     ], physical=[0.19007 1.     ]
solver time:  0.2850174903869629
plant_input_stage0: full=[0.18745 1.     ], physical=[0.18745 1.     ]
solver time:  0.24652791023254395
plant_input_stage0: full=[0.17813 1.     ], physical=[0.17813 1.     ]
solver time:  0.24490857124328613
plant_input_stage0: full=[0.16471 1.     ], physical=[0.16471 1.     ]
solver time:  0.2309582233428955
plant_input_stage0: full=[0.17116 1.     ], physical=[0.17116 1.     ]
solver time:  0.24959540367126465
plant_input_stage0: full=[0.17294 1.     ], physical=[0.17294 1.     ]
solver time:  0.2475895881652832
plant_input_stage0: full=[0.1702 1.    ], physical=[0.1702 1.    ]
solver time:  0.24416804313659668
plant_input_stage0: full=[0.16467 1.     ], physical=[0.16467 1.     ]
solver time:  0.24658799171447754
plant_input_stage0: full=[0.15692 1.     ], physical=[0.15692 1.     ]
solver time:  0.2604789733886719
plant_input_stage0: full=[0.18492 1.     ], physical=[0.18492 1.     ]
solver time:  0.29392313957214355
plant_input_stage0: full=[0.16325 1.     ], physical=[0.16325 1.     ]
solver time:  0.26311612129211426
plant_input_stage0: full=[0.14189 1.     ], physical=[0.14189 1.     ]
solver time:  0.2712991237640381
plant_input_stage0: full=[0.12353 1.     ], physical=[0.12353 1.     ]
solver time:  0.2909386157989502
plant_input_stage0: full=[0.11274 1.     ], physical=[0.11274 1.     ]
solver time:  0.2729365825653076
plant_input_stage0: full=[0.10742 1.     ], physical=[0.10742 1.     ]
solver time:  0.30832719802856445
plant_input_stage0: full=[0.0969 1.    ], physical=[0.0969 1.    ]
solver time:  0.2704768180847168
plant_input_stage0: full=[0.08109 1.     ], physical=[0.08109 1.     ]
solver time:  0.23177099227905273
plant_input_stage0: full=[0.06825 1.     ], physical=[0.06825 1.     ]
solver time:  0.23413944244384766
plant_input_stage0: full=[0.05841 1.     ], physical=[0.05841 1.     ]
solver time:  0.28202199935913086
plant_input_stage0: full=[0.0515 1.    ], physical=[0.0515 1.    ]
solver time:  0.23671460151672363
plant_input_stage0: full=[0.04768 0.89213], physical=[0.04768 0.89213]
solver time:  0.2776613235473633
plant_input_stage0: full=[0.04607 0.55775], physical=[0.04607 0.55775]
solver time:  0.23542141914367676
plant_input_stage0: full=[0.04316 0.34151], physical=[0.04316 0.34151]
solver time:  0.2600383758544922
plant_input_stage0: full=[0.03756 0.19881], physical=[0.03756 0.19881]
solver time:  0.2453446388244629
plant_input_stage0: full=[0.03124 0.10528], physical=[0.03124 0.10528]
solver time:  0.2305593490600586
plant_input_stage0: full=[0.02514 0.04629], physical=[0.02514 0.04629]
solver time:  0.25157666206359863
plant_input_stage0: full=[0.01967 0.01089], physical=[0.01967 0.01089]
solver time:  0.25295186042785645
plant_input_stage0: full=[ 0.01503 -0.00885], physical=[ 0.01503 -0.00885]
목적지에 도착했습니다! 현재 위치: [1.81507 0.08519], 시간: 16.80초
Using psdf optimizer with differential_drive dynamics:
median:  0.2553650140762329
std:  0.0314868112040659
min:  0.21163535118103027
max:  0.5365023612976074
Simulation finished.
Run outcome: status=success, reason=None, final_time=16.79999999999997, distance_to_goal=0.009319409589055885
Trial history saved to /home/taek111/projects/psdf_mpcc/debug_runs/maze_dd_rectangle_20260910/psdf/data/trial_history_MPC_psdf_rectangle_maze_20260910.csv
Pose-SDF data saved to /home/taek111/projects/psdf_mpcc/debug_runs/maze_dd_rectangle_20260910/psdf/data/pose_sdf_MPC_psdf_rectangle_maze_20260910.csv
Total data points: 168
SDF statistics - Min: 0.0016, Max: 0.0566, Mean: 0.0128
Generating plots...
The PostScript backend does not support transparency; partially transparent artists will be rendered opaque.
The PostScript backend does not support transparency; partially transparent artists will be rendered opaque.
The PostScript backend does not support transparency; partially transparent artists will be rendered opaque.
Single test completed.
RESULT: {"status": "success", "failure_reason": null, "goal_reached": true, "final_time": 16.79999999999997, "distance_to_goal": 0.009319409589055885, "current_name": "MPC_psdf_rectangle_maze_20260910", "output_root_dir": "/home/taek111/projects/psdf_mpcc/debug_runs/maze_dd_rectangle_20260910/psdf", "wall_seconds": 50.44292043600001, "method": "psdf", "cli": ["--single", "--config", "/home/taek111/projects/psdf_mpcc/debug_runs/maze_dd_rectangle_20260910/psdf/config.yaml", "--maze-type", "maze", "--robot-shape", "rectangle", "--dynamics-type", "differential_drive", "--optimizer-type", "psdf", "--path-planner", "astar", "--simulation-time", "60", "--no-perturb-start", "--no-animation"], "source_commit": "65b8b6f37408873e2638b3e20ea01c5be5b46bbd"}
