RMPCC configured from config: covariance_growth_scale=0.2, alpha_f=0.0004, alpha_v=8e-05, alpha_kappa=0.002, beta_v=0.004, beta_kappa=0.0016, beta_omega=0.0016
Resetting rmpcc optimizer for clean state...
generating global path with A* + Line of Sight
시작 위치: [0.075 0.795]
목적지: [1.8  0.09]
도착 판정 기준: position <= 0.01m, angle <= 0.01rad
Setting up RMPCC-MF optimizer...
RMPCC-MF Row M configuration: enabled=True, active only when phi > d_mf_mask=0.001, configured stages=[1, 2, 3, 4, 5, 6, 7, 8, 9, 10, 11, 12, 13, 14, 15, 16, 17, 18, 19, 20]
/home/taek111/projects/psdf_mpcc/models/geometry_utils.py:241: UserWarning: Creating a tensor from a list of numpy.ndarrays is extremely slow. Please consider converting the list to a single numpy.ndarray with numpy.array() before converting to a tensor. (Triggered internally at ../torch/csrc/utils/tensor_new.cpp:230.)
  edgesA = torch.tensor(edgesA, dtype=torch.float32)
Added two affine safety rows at intermediate/terminal stages: 0=HARD guard/recovery, 1=SOFT MF
field AcadosOcpDims.N has been migrated to AcadosOcpOptions.N_horizon. setting AcadosOcpOptions.N_horizon = N. For future comppatibility, please use AcadosOcpOptions.N_horizon directly.

WARNING: Gauss-Newton Hessian approximation with EXTERNAL cost type not well defined!
got cost_type EXTERNAL for cost_type_0, cost_type, cost_type_e, hessian_approx: 'GAUSS_NEWTON'.
With this setting, acados will proceed computing the exact Hessian for the cost term and no Hessian contribution from constraints and dynamics.
If the external cost is a linear least squares cost, this coincides with the Gauss-Newton Hessian.
Note: There is also the option to use the external cost module with a numerical Hessian approximation (see `ext_cost_num_hess`).
OR the option to provide a symbolic custom Hessian approximation (see `cost_expr_ext_cost_custom_hess`).

acados was compiled without OpenMP.
RMPCC-MF backup SQP_WITH_FEASIBLE_QP solver disabled; using nominal safe-stop recovery.
[RMPCC 0000] OK solve=141.6ms pose=(0.075,0.795,-1.571) u=(0.123,0.000) s=0.013 PSDFmin=+0.03 G=OK(+0.04134) MF=OK(active=20/20,min=+0.2,slack=+7.52e-12)
[RMPCC 0001] OK solve=137.0ms pose=(0.075,0.783,-1.571) u=(0.114,0.088) s=0.024 PSDFmin=-0.002916 G=OK(+3.121e-14) MF=OK(active=20/20,min=+0.2,slack=+1.198e-16)
[RMPCC 0002] OK solve=142.2ms pose=(0.075,0.771,-1.562) u=(0.117,0.098) s=0.035 PSDFmin=+0.002403 G=OK(+0.000207) MF=OK(active=14/20,min=+1.245e-14,slack=+2.043e-17)
[RMPCC 0003] OK solve=136.7ms pose=(0.075,0.760,-1.552) u=(0.127,-0.196) s=0.041 PSDFmin=+0.01299 G=OK(+0.01207) MF=OK(active=20/20,min=+3.558e-14,slack=+5.381e-17)
[RMPCC 0004] OK solve=139.1ms pose=(0.075,0.747,-1.572) u=(0.166,0.142) s=0.055 PSDFmin=+0.008804 G=OK(+0.008188) MF=OK(active=20/20,min=+2.806e-13,slack=+1.704e-15)
[RMPCC 0005] OK solve=132.3ms pose=(0.075,0.730,-1.558) u=(0.132,0.164) s=0.057 PSDFmin=-0.01592 G=OK(+0.009425) MF=OK(active=20/20,min=+5.961e-14,slack=+1.082e-16)
[RMPCC 0006] OK solve=132.3ms pose=(0.075,0.717,-1.541) u=(0.134,-0.148) s=0.071 PSDFmin=+0.003081 G=OK(+0.003463) MF=OK(active=18/20,min=+1.324e-10,slack=+2.164e-12)
[RMPCC 0007] OK solve=147.9ms pose=(0.076,0.704,-1.556) u=(0.130,0.204) s=0.088 PSDFmin=+0.004023 G=OK(+0.003567) MF=OK(active=20/20,min=+9.206e-11,slack=+7.776e-14)
[RMPCC 0008] OK solve=197.6ms pose=(0.076,0.691,-1.536) u=(0.146,-0.122) s=0.105 PSDFmin=+0.0098 G=OK(+0.01167) MF=OK(active=20/20,min=+1.26e-12,slack=+1.854e-15)
[RMPCC 0009] OK solve=127.0ms pose=(0.077,0.676,-1.548) u=(0.145,0.444) s=0.108 PSDFmin=+0.003049 G=OK(+0.009056) MF=OK(active=20/20,min=+7.371e-13,slack=+1.722e-15)
[RMPCC 0010] OK solve=135.0ms pose=(0.077,0.662,-1.503) u=(0.136,0.076) s=0.124 PSDFmin=+0.004672 G=OK(+0.0099) MF=OK(active=20/20,min=+3.567e-15,slack=+1.45e-17)
[RMPCC 0011] OK solve=133.3ms pose=(0.078,0.648,-1.496) u=(0.109,0.728) s=0.143 PSDFmin=+0.008874 G=OK(+0.007055) MF=OK(active=20/20,min=+1.492e-12,slack=+1.447e-15)
[RMPCC 0012] OK solve=137.0ms pose=(0.079,0.637,-1.423) u=(0.122,0.358) s=0.147 PSDFmin=-0.0002106 G=OK(+0.0004247) MF=OK(active=20/20,min=+7.152e-15,slack=+4.63e-17)
[RMPCC 0013] OK solve=137.8ms pose=(0.080,0.625,-1.387) u=(0.064,0.357) s=0.165 PSDFmin=+0.008291 G=OK(+0.007131) MF=OK(active=16/20,min=-2.502e-15,slack=+4.662e-15)
[RMPCC 0014] OK solve=143.0ms pose=(0.082,0.619,-1.351) u=(0.112,0.630) s=0.169 PSDFmin=+0.004085 G=OK(+0.004493) MF=OK(active=20/20,min=+8.806e-14,slack=+1.268e-16)
[RMPCC 0015] OK solve=118.4ms pose=(0.084,0.608,-1.288) u=(0.077,0.539) s=0.187 PSDFmin=+0.00989 G=OK(+0.00856) MF=OK(active=20/20,min=+3.387e-11,slack=+2.049e-13)
[RMPCC 0016] OK solve=131.6ms pose=(0.086,0.600,-1.235) u=(0.082,0.803) s=0.206 PSDFmin=+0.00305 G=OK(+0.003327) MF=OK(active=20/20,min=+6.054e-14,slack=+1.424e-16)
[RMPCC 0017] OK solve=137.1ms pose=(0.089,0.593,-1.154) u=(0.087,0.859) s=0.214 PSDFmin=+0.009913 G=OK(+0.008129) MF=OK(active=20/20,min=+1.342e-12,slack=+1.691e-14)
[RMPCC 0018] OK solve=138.7ms pose=(0.092,0.585,-1.068) u=(0.067,0.959) s=0.221 PSDFmin=+0.008285 G=OK(+0.006964) MF=OK(active=20/20,min=-2.435e-12,slack=+8.519e-14)
[RMPCC 0019] OK solve=141.3ms pose=(0.096,0.579,-0.972) u=(0.098,1.084) s=0.228 PSDFmin=+0.01004 G=OK(+0.007741) MF=OK(active=20/20,min=+3.895e-13,slack=+2.532e-14)
[RMPCC 0020] OK solve=121.8ms pose=(0.101,0.571,-0.864) u=(0.095,1.200) s=0.238 PSDFmin=+0.009401 G=OK(+0.007544) MF=OK(active=20/20,min=+1.967e-11,slack=+3.144e-14)
[RMPCC 0021] OK solve=130.2ms pose=(0.107,0.564,-0.744) u=(0.120,1.200) s=0.251 PSDFmin=+0.01018 G=OK(+0.008153) MF=OK(active=20/20,min=+3.86e-13,slack=+5.854e-16)
[RMPCC 0022] OK solve=128.1ms pose=(0.116,0.555,-0.624) u=(0.120,1.200) s=0.254 PSDFmin=+0.01104 G=OK(+0.009011) MF=OK(active=20/20,min=+8.975e-14,slack=+4.066e-17)
[RMPCC 0023] OK solve=119.8ms pose=(0.126,0.549,-0.504) u=(0.132,1.088) s=0.266 PSDFmin=+0.01253 G=OK(+0.01043) MF=OK(active=20/20,min=+2.135e-14,slack=+3.142e-17)
[RMPCC 0024] OK solve=142.2ms pose=(0.137,0.542,-0.395) u=(0.144,0.978) s=0.281 PSDFmin=+0.01472 G=OK(+0.0126) MF=OK(active=20/20,min=+3.813e-09,slack=+9.451e-13)
[RMPCC 0025] OK solve=139.0ms pose=(0.151,0.537,-0.298) u=(0.154,0.877) s=0.296 PSDFmin=+0.01755 G=OK(+0.01545) MF=OK(active=20/20,min=+1.689e-06,slack=+1.354e-10)
[RMPCC 0026] OK solve=138.4ms pose=(0.165,0.532,-0.210) u=(0.156,0.789) s=0.309 PSDFmin=+0.00872 G=OK(+0.007719) MF=OK(active=20/20,min=+1.286e-12,slack=+1.289e-16)
[RMPCC 0027] OK solve=133.5ms pose=(0.181,0.529,-0.131) u=(0.157,0.719) s=0.324 PSDFmin=+0.005923 G=OK(+0.003614) MF=OK(active=20/20,min=+3.696e-13,slack=+1.952e-16)
[RMPCC 0028] OK solve=143.4ms pose=(0.196,0.527,-0.059) u=(0.156,0.626) s=0.339 PSDFmin=+0.007484 G=OK(+0.006478) MF=OK(active=20/20,min=+1.999e-12,slack=+2.382e-15)
[RMPCC 0029] OK solve=145.9ms pose=(0.212,0.526,0.004) u=(0.147,0.595) s=0.349 PSDFmin=+0.005709 G=OK(+0.004436) MF=OK(active=20/20,min=+5.909e-13,slack=+2.415e-14)
[RMPCC 0030] OK solve=146.1ms pose=(0.227,0.526,0.063) u=(0.142,0.499) s=0.364 PSDFmin=+0.006398 G=OK(+0.005275) MF=OK(active=20/20,min=+6.396e-14,slack=+6.032e-17)
[RMPCC 0031] OK solve=132.3ms pose=(0.241,0.527,0.113) u=(0.138,0.476) s=0.378 PSDFmin=+0.004744 G=OK(+0.003091) MF=OK(active=20/20,min=+9.95e-14,slack=+7.747e-17)
[RMPCC 0032] OK solve=141.3ms pose=(0.254,0.528,0.161) u=(0.133,0.421) s=0.392 PSDFmin=+0.004801 G=OK(+0.003085) MF=OK(active=20/20,min=+4.975e-14,slack=+9.142e-17)
[RMPCC 0033] OK solve=127.2ms pose=(0.268,0.530,0.203) u=(0.128,0.418) s=0.405 PSDFmin=+0.0005958 G=OK(+5.911e-09) MF=OK(active=20/20,min=+9.951e-14,slack=+6.214e-17)
[RMPCC 0034] OK solve=126.1ms pose=(0.280,0.533,0.244) u=(0.123,0.249) s=0.415 PSDFmin=+0.008205 G=OK(+1.472e-12) MF=OK(active=19/20,min=+0.1015,slack=+5.131e-14)
[RMPCC 0035] OK solve=133.2ms pose=(0.292,0.536,0.269) u=(0.124,0.074) s=0.429 PSDFmin=+0.01434 G=OK(+0.004912) MF=OK(active=20/20,min=+2.179e-14,slack=+2.817e-17)
[RMPCC 0036] OK solve=128.9ms pose=(0.304,0.539,0.277) u=(0.121,0.206) s=0.441 PSDFmin=+0.01383 G=OK(+0.01066) MF=OK(active=20/20,min=-3.572e-11,slack=+2.48e-12)
[RMPCC 0037] OK solve=127.1ms pose=(0.315,0.543,0.297) u=(0.121,0.130) s=0.453 PSDFmin=+0.008971 G=OK(+0.006436) MF=OK(active=20/20,min=+5.873e-10,slack=+9.857e-13)
[RMPCC 0038] OK solve=130.4ms pose=(0.327,0.546,0.310) u=(0.120,0.228) s=0.465 PSDFmin=+0.01071 G=OK(+0.008807) MF=OK(active=20/20,min=+2.378e-07,slack=+1.282e-10)
[RMPCC 0039] OK solve=142.7ms pose=(0.338,0.550,0.333) u=(0.127,0.108) s=0.477 PSDFmin=+0.01006 G=OK(+6.036e-08) MF=OK(active=20/20,min=+7.679e-08,slack=+2.74e-11)
[RMPCC 0040] OK solve=132.4ms pose=(0.350,0.554,0.344) u=(0.131,0.213) s=0.489 PSDFmin=+0.01049 G=OK(+0.007024) MF=OK(active=20/20,min=+1.282e-10,slack=+2.606e-12)
[RMPCC 0041] OK solve=124.8ms pose=(0.363,0.558,0.365) u=(0.135,0.115) s=0.502 PSDFmin=+0.008226 G=OK(+0.004924) MF=OK(active=20/20,min=+2.482e-11,slack=+6.48e-14)
[RMPCC 0042] OK solve=135.1ms pose=(0.375,0.563,0.377) u=(0.140,0.159) s=0.516 PSDFmin=+0.008786 G=OK(+0.002882) MF=OK(active=20/20,min=+3.146e-07,slack=+1.799e-10)
[RMPCC 0043] OK solve=143.1ms pose=(0.388,0.568,0.393) u=(0.142,0.096) s=0.530 PSDFmin=+0.007926 G=OK(+0.002739) MF=OK(active=20/20,min=+1.038e-07,slack=+4.147e-11)
[RMPCC 0044] OK solve=138.5ms pose=(0.401,0.574,0.402) u=(0.145,0.104) s=0.544 PSDFmin=+0.007854 G=OK(+0.002741) MF=OK(active=20/20,min=+3.706e-10,slack=+3.797e-12)
[RMPCC 0045] OK solve=139.6ms pose=(0.415,0.579,0.412) u=(0.150,0.067) s=0.562 PSDFmin=+0.007161 G=OK(+0.002672) MF=OK(active=20/20,min=+2.92e-09,slack=+3.109e-11)
[RMPCC 0046] OK solve=130.5ms pose=(0.429,0.585,0.419) u=(0.156,0.025) s=0.580 PSDFmin=+0.0066 G=OK(+0.001552) MF=OK(active=20/20,min=+1.136e-10,slack=+5.084e-14)
[RMPCC 0047] OK solve=123.4ms pose=(0.443,0.592,0.422) u=(0.150,-0.016) s=0.589 PSDFmin=+0.006098 G=OK(+0.001577) MF=OK(active=20/20,min=+1.552e-08,slack=+1.018e-11)
[RMPCC 0048] OK solve=138.2ms pose=(0.457,0.598,0.420) u=(0.155,-0.050) s=0.604 PSDFmin=+0.005795 G=OK(+0.000476) MF=OK(active=20/20,min=+1.293e-13,slack=+1.397e-15)
[RMPCC 0049] OK solve=153.2ms pose=(0.471,0.604,0.415) u=(0.162,-0.066) s=0.622 PSDFmin=+0.005586 G=OK(+1.273e-12) MF=OK(active=20/20,min=+5.331e-15,slack=+1.615e-17)
[RMPCC 0050] OK solve=132.3ms pose=(0.485,0.611,0.408) u=(0.170,-0.086) s=0.644 PSDFmin=+0.005388 G=OK(+1.582e-13) MF=OK(active=20/20,min=+7.935e-13,slack=+2.249e-15)
[RMPCC 0051] OK solve=130.2ms pose=(0.501,0.618,0.400) u=(0.162,-0.182) s=0.652 PSDFmin=-0.0007651 G=OK(+0.0006266) MF=OK(active=20/20,min=+6.072e-08,slack=+1.292e-10)
[RMPCC 0052] OK solve=146.0ms pose=(0.516,0.624,0.382) u=(0.159,-0.150) s=0.670 PSDFmin=+0.001057 G=OK(+6.661e-16) MF=OK(active=19/20,min=+1.07e-14,slack=+4.437e-17)
[RMPCC 0053] OK solve=146.7ms pose=(0.531,0.630,0.367) u=(0.155,-0.241) s=0.693 PSDFmin=+0.004955 G=OK(+0.003567) MF=OK(active=20/20,min=+4.639e-09,slack=+5.566e-12)
[RMPCC 0054] OK solve=131.1ms pose=(0.545,0.635,0.343) u=(0.142,-0.300) s=0.700 PSDFmin=+0.004723 G=OK(+0.00323) MF=OK(active=20/20,min=+1.748e-11,slack=+2.568e-11)
[RMPCC 0055] OK solve=131.5ms pose=(0.559,0.640,0.313) u=(0.134,-0.377) s=0.714 PSDFmin=-0.005622 G=OK(+0.003273) MF=OK(active=20/20,min=+4.285e-13,slack=+1.541e-15)
[RMPCC 0056] OK solve=128.2ms pose=(0.571,0.644,0.275) u=(0.127,-0.245) s=0.728 PSDFmin=+0.001528 G=OK(+1.776e-15) MF=OK(active=19/20,min=+2.848e-14,slack=+5.525e-17)
[RMPCC 0057] OK solve=143.9ms pose=(0.584,0.648,0.250) u=(0.119,-0.318) s=0.740 PSDFmin=+0.005291 G=OK(+0.003937) MF=OK(active=20/20,min=+1.485e-12,slack=+7.94e-13)
[RMPCC 0058] OK solve=142.8ms pose=(0.595,0.651,0.219) u=(0.122,-0.179) s=0.755 PSDFmin=+0.005696 G=OK(+0.004485) MF=OK(active=20/20,min=+1.781e-09,slack=+4.268e-12)
[RMPCC 0059] OK solve=142.5ms pose=(0.607,0.653,0.201) u=(0.122,-0.185) s=0.764 PSDFmin=-0.01074 G=OK(+0.005022) MF=OK(active=20/20,min=+3.053e-12,slack=+1.416e-14)
[RMPCC 0060] OK solve=128.4ms pose=(0.619,0.656,0.182) u=(0.105,-0.298) s=0.776 PSDFmin=-0.002492 G=OK(+4.485e-14) MF=OK(active=18/20,min=+0.01657,slack=+3.582e-15)
[RMPCC 0061] OK solve=133.7ms pose=(0.629,0.658,0.152) u=(0.108,-0.309) s=0.787 PSDFmin=-0.005399 G=OK(+0.005209) MF=OK(active=12/20,min=+3.576e-09,slack=+3.691e-11)
[RMPCC 0062] OK solve=140.4ms pose=(0.640,0.659,0.122) u=(0.114,-0.177) s=0.797 PSDFmin=+0.0005503 G=OK(+4.834e-12) MF=OK(active=16/20,min=+4.552e-09,slack=+9.642e-12)
[RMPCC 0063] OK solve=143.4ms pose=(0.651,0.661,0.104) u=(0.115,-0.292) s=0.809 PSDFmin=+0.0008834 G=OK(+7.871e-12) MF=OK(active=19/20,min=+5.142e-12,slack=+7.03e-14)
[RMPCC 0064] OK solve=130.2ms pose=(0.663,0.662,0.075) u=(0.111,-0.225) s=0.819 PSDFmin=+0.008218 G=OK(+0.008089) MF=OK(active=19/20,min=+9.261e-14,slack=+2.41e-16)
[RMPCC 0065] OK solve=144.0ms pose=(0.674,0.663,0.052) u=(0.134,-0.226) s=0.830 PSDFmin=-0.0009895 G=OK(+0.007033) MF=OK(active=20/20,min=+2.609e-12,slack=+2.173e-14)
[RMPCC 0066] OK solve=143.1ms pose=(0.687,0.663,0.030) u=(0.102,-0.507) s=0.843 PSDFmin=-0.00341 G=OK(+5.995e-15) MF=OK(active=18/20,min=+1.238e-16,slack=+1.273e-16)
[RMPCC 0067] OK solve=131.5ms pose=(0.698,0.664,-0.021) u=(0.105,-0.508) s=0.852 PSDFmin=-0.02484 G=OK(+0.009368) MF=OK(active=13/20,min=+2.957e-09,slack=+6.964e-12)
[RMPCC 0068] OK solve=142.0ms pose=(0.708,0.663,-0.072) u=(0.099,-0.344) s=0.864 PSDFmin=+0.001659 G=OK(+2.22e-15) MF=OK(active=11/20,min=+7.156e-15,slack=+5.107e-17)
[RMPCC 0069] OK solve=122.3ms pose=(0.718,0.663,-0.106) u=(0.092,-0.481) s=0.873 PSDFmin=+0.007354 G=OK(+0.006345) MF=OK(active=20/20,min=+1.057e-11,slack=+2.093e-13)
[RMPCC 0070] OK solve=137.2ms pose=(0.727,0.662,-0.154) u=(0.108,-0.256) s=0.883 PSDFmin=+0.01086 G=OK(+0.01012) MF=OK(active=20/20,min=+2.388e-13,slack=+4.394e-15)
[RMPCC 0071] OK solve=142.2ms pose=(0.738,0.660,-0.180) u=(0.054,-0.896) s=0.893 PSDFmin=+0.003136 G=OK(+0.003526) MF=OK(active=20/20,min=+1.999e-10,slack=+3.474e-13)
[RMPCC 0072] OK solve=133.5ms pose=(0.743,0.659,-0.269) u=(0.092,-0.411) s=0.899 PSDFmin=-0.009159 G=OK(+0.005076) MF=OK(active=20/20,min=+8.44e-12,slack=+7.705e-15)
[RMPCC 0073] OK solve=130.6ms pose=(0.752,0.657,-0.311) u=(0.049,-1.037) s=0.907 PSDFmin=+0.001802 G=OK(+4.726e-09) MF=OK(active=18/20,min=+4.155e-11,slack=+5.899e-14)
[RMPCC 0074] OK solve=141.4ms pose=(0.757,0.655,-0.414) u=(0.076,-0.492) s=0.912 PSDFmin=+0.006983 G=OK(+0.006069) MF=OK(active=20/20,min=+2.372e-10,slack=+2.141e-12)
[RMPCC 0075] OK solve=150.1ms pose=(0.764,0.652,-0.463) u=(0.058,-0.352) s=0.919 PSDFmin=+0.00311 G=OK(+0.004121) MF=OK(active=20/20,min=+1.07e-14,slack=+3.804e-17)
[RMPCC 0076] OK solve=143.1ms pose=(0.769,0.650,-0.499) u=(0.061,-0.527) s=0.928 PSDFmin=+0.003064 G=OK(+0.005848) MF=OK(active=20/20,min=+2.889e-10,slack=+4.826e-13)
[RMPCC 0077] OK solve=269.0ms pose=(0.774,0.647,-0.551) u=(0.093,-0.586) s=0.934 PSDFmin=+0.006676 G=OK(+0.00482) MF=OK(active=20/20,min=+2.238e-10,slack=+2.778e-13)
[RMPCC 0078] OK solve=280.6ms pose=(0.782,0.642,-0.610) u=(0.046,-0.458) s=0.944 PSDFmin=+0.006457 G=OK(+0.005428) MF=OK(active=19/20,min=+1.125e-11,slack=+3.413e-14)
[RMPCC 0079] OK solve=279.8ms pose=(0.786,0.639,-0.656) u=(0.116,-0.591) s=0.948 PSDFmin=+0.007634 G=OK(+0.003095) MF=OK(active=20/20,min=+4.442e-14,slack=+7.66e-17)
[RMPCC 0080] OK solve=267.6ms pose=(0.795,0.632,-0.715) u=(0.058,-0.366) s=0.960 PSDFmin=+0.006504 G=OK(+0.005294) MF=OK(active=19/20,min=+4.363e-12,slack=+7.656e-15)
[RMPCC 0081] OK solve=136.0ms pose=(0.799,0.628,-0.751) u=(0.112,-0.447) s=0.966 PSDFmin=+0.007392 G=OK(+0.004999) MF=OK(active=20/20,min=+3.86e-10,slack=+4.795e-13)
[RMPCC 0082] OK solve=130.5ms pose=(0.808,0.621,-0.796) u=(0.091,-0.296) s=0.980 PSDFmin=+0.003853 G=OK(+0.003363) MF=OK(active=20/20,min=+7.348e-12,slack=+8.29e-15)
[RMPCC 0083] OK solve=125.8ms pose=(0.814,0.614,-0.826) u=(0.122,-0.038) s=0.986 PSDFmin=+0.006408 G=OK(+0.00358) MF=OK(active=20/20,min=+4.268e-14,slack=+4.258e-17)
[RMPCC 0084] OK solve=139.3ms pose=(0.822,0.605,-0.830) u=(0.106,-0.022) s=0.998 PSDFmin=-0.000486 G=OK(+0.0001386) MF=OK(active=20/20,min=+1.399e-11,slack=+7.671e-14)
[RMPCC 0085] OK solve=133.7ms pose=(0.829,0.597,-0.832) u=(0.144,0.511) s=1.012 PSDFmin=+0.000183 G=OK(+0.00238) MF=OK(active=19/20,min=+7.251e-13,slack=+3.16e-16)
[RMPCC 0086] OK solve=145.5ms pose=(0.839,0.587,-0.781) u=(0.186,0.384) s=1.030 PSDFmin=+0.004 G=OK(+1.394e-12) MF=OK(active=19/20,min=+9.036e-13,slack=+4.819e-15)
[RMPCC 0087] OK solve=153.1ms pose=(0.852,0.574,-0.742) u=(0.136,0.910) s=1.041 PSDFmin=+0.004794 G=OK(+2.091e-10) MF=OK(active=20/20,min=-2.333e-11,slack=+3.609e-12)
[RMPCC 0088] OK solve=153.9ms pose=(0.862,0.564,-0.651) u=(0.105,1.199) s=1.054 PSDFmin=-0.0168 G=OK(+0.003308) MF=OK(active=20/20,min=+5.189e-12,slack=+1.263e-14)
[RMPCC 0089] OK solve=146.0ms pose=(0.871,0.558,-0.531) u=(0.098,1.004) s=1.065 PSDFmin=-0.01001 G=OK(-1.665e-16) MF=OK(active=8/20,min=+0.05409,slack=+6.637e-14)
[RMPCC 0090] OK solve=127.8ms pose=(0.879,0.553,-0.431) u=(0.121,0.457) s=1.075 PSDFmin=-0.005288 G=OK(+2.22e-16) MF=OK(active=13/20,min=+1.423e-14,slack=+1.601e-17)
[RMPCC 0091] OK solve=132.8ms pose=(0.890,0.548,-0.385) u=(0.106,0.804) s=1.087 PSDFmin=-0.03181 G=OK(+0.006353) MF=OK(active=14/20,min=+4.939e-10,slack=+1.972e-12)
[RMPCC 0092] OK solve=141.6ms pose=(0.900,0.544,-0.305) u=(0.126,0.323) s=1.097 PSDFmin=-0.007489 G=OK(+2.442e-15) MF=OK(active=17/20,min=+1.761e-13,slack=+2.069e-16)
[RMPCC 0093] OK solve=145.9ms pose=(0.912,0.540,-0.272) u=(0.105,0.864) s=1.109 PSDFmin=-0.02398 G=OK(+3.719e-15) MF=OK(active=15/20,min=+0.02696,slack=+3.817e-13)
[RMPCC 0094] OK solve=164.8ms pose=(0.922,0.537,-0.186) u=(0.107,0.371) s=1.115 PSDFmin=-0.0004212 G=OK(+1.845e-12) MF=OK(active=10/20,min=+9.772e-11,slack=+6.688e-14)
[RMPCC 0095] OK solve=184.7ms pose=(0.933,0.535,-0.149) u=(0.114,0.424) s=1.126 PSDFmin=-0.01662 G=OK(+0.00129) MF=OK(active=16/20,min=+2.199e-12,slack=+2.304e-14)
[RMPCC 0096] OK solve=132.4ms pose=(0.944,0.534,-0.106) u=(0.112,0.187) s=1.138 PSDFmin=+0.001262 G=OK(-6.328e-15) MF=OK(active=14/20,min=+7.545e-11,slack=+2.853e-13)
[RMPCC 0097] OK solve=131.3ms pose=(0.955,0.532,-0.088) u=(0.097,0.406) s=1.148 PSDFmin=+0.009783 G=OK(+0.008931) MF=OK(active=20/20,min=-4.583e-15,slack=+3.525e-15)
[RMPCC 0098] OK solve=138.0ms pose=(0.965,0.532,-0.047) u=(0.104,0.158) s=1.158 PSDFmin=+0.01318 G=OK(+0.01248) MF=OK(active=20/20,min=+1.443e-10,slack=+4.004e-13)
[RMPCC 0099] OK solve=132.0ms pose=(0.975,0.531,-0.031) u=(0.102,0.104) s=1.168 PSDFmin=+0.01405 G=OK(+0.01606) MF=OK(active=20/20,min=+5.361e-14,slack=+3.197e-16)
[RMPCC 0100] OK solve=135.7ms pose=(0.985,0.531,-0.021) u=(0.093,0.647) s=1.178 PSDFmin=+0.003679 G=OK(+0.003183) MF=OK(active=20/20,min=+8.817e-14,slack=+2.402e-16)
[RMPCC 0101] OK solve=127.6ms pose=(0.995,0.531,0.044) u=(0.113,0.247) s=1.188 PSDFmin=+0.002366 G=OK(+0.009005) MF=OK(active=20/20,min=+2.723e-12,slack=+4.759e-15)
[RMPCC 0102] OK solve=132.0ms pose=(1.006,0.531,0.068) u=(0.081,0.891) s=1.199 PSDFmin=-0.007608 G=OK(+4.455e-12) MF=OK(active=20/20,min=+1.687e-14,slack=+2.678e-15)
[RMPCC 0103] OK solve=130.5ms pose=(1.014,0.532,0.158) u=(0.108,0.397) s=1.207 PSDFmin=+0.0004928 G=OK(+3.645e-13) MF=OK(active=14/20,min=+2.081e-11,slack=+1.373e-14)
[RMPCC 0104] OK solve=138.7ms pose=(1.025,0.533,0.197) u=(0.080,0.599) s=1.218 PSDFmin=-0.01008 G=OK(+0.0008239) MF=OK(active=16/20,min=+9.056e-13,slack=+1.916e-14)
[RMPCC 0105] OK solve=129.3ms pose=(1.032,0.535,0.257) u=(0.088,0.253) s=1.226 PSDFmin=+0.002382 G=OK(+3.886e-15) MF=OK(active=18/20,min=+2.85e-14,slack=+7.67e-17)
[RMPCC 0106] OK solve=142.8ms pose=(1.041,0.537,0.283) u=(0.045,0.933) s=1.234 PSDFmin=+0.0009422 G=OK(+0.0008005) MF=OK(active=20/20,min=+1.947e-10,slack=+9.328e-13)
[RMPCC 0107] OK solve=126.9ms pose=(1.045,0.538,0.376) u=(0.086,0.441) s=1.238 PSDFmin=+0.007769 G=OK(+0.006649) MF=OK(active=19/20,min=+3.147e-11,slack=+2.062e-13)
[RMPCC 0108] OK solve=130.2ms pose=(1.053,0.542,0.420) u=(0.063,0.334) s=1.246 PSDFmin=+0.007525 G=OK(+0.006572) MF=OK(active=20/20,min=+1.602e-14,slack=+2.972e-17)
[RMPCC 0109] OK solve=133.5ms pose=(1.059,0.544,0.453) u=(0.065,0.306) s=1.252 PSDFmin=+0.007559 G=OK(+0.00662) MF=OK(active=20/20,min=+5.769e-13,slack=+1.2e-14)
[RMPCC 0110] OK solve=143.0ms pose=(1.065,0.547,0.484) u=(0.045,0.279) s=1.258 PSDFmin=+0.006006 G=OK(+0.004837) MF=OK(active=20/20,min=+8.337e-12,slack=+1.517e-14)
[RMPCC 0111] OK solve=138.5ms pose=(1.069,0.549,0.512) u=(0.061,0.447) s=1.265 PSDFmin=+0.006073 G=OK(+0.005406) MF=OK(active=20/20,min=+8.569e-13,slack=+7.322e-16)
[RMPCC 0112] OK solve=139.7ms pose=(1.074,0.552,0.556) u=(0.067,0.415) s=1.271 PSDFmin=+0.007211 G=OK(+1.277e-14) MF=OK(active=20/20,min=+1.07e-14,slack=+4.706e-17)
[RMPCC 0113] OK solve=134.5ms pose=(1.080,0.556,0.598) u=(0.063,0.493) s=1.278 PSDFmin=+0.006236 G=OK(+5.262e-14) MF=OK(active=20/20,min=+1.854e-13,slack=+6.387e-16)
[RMPCC 0114] OK solve=147.5ms pose=(1.085,0.559,0.647) u=(0.092,0.393) s=1.284 PSDFmin=+0.006812 G=OK(+0.005178) MF=OK(active=20/20,min=+4.627e-14,slack=+8.431e-17)
[RMPCC 0115] OK solve=165.7ms pose=(1.092,0.565,0.687) u=(0.054,0.449) s=1.293 PSDFmin=+0.006369 G=OK(+0.0004734) MF=OK(active=20/20,min=+9.963e-14,slack=+1.54e-16)
[RMPCC 0116] OK solve=151.2ms pose=(1.097,0.568,0.731) u=(0.099,0.386) s=1.299 PSDFmin=+0.007461 G=OK(+0.004175) MF=OK(active=20/20,min=-1.209e-12,slack=+1.871e-13)
[RMPCC 0117] OK solve=145.9ms pose=(1.104,0.575,0.770) u=(0.088,0.280) s=1.309 PSDFmin=+0.00619 G=OK(+0.001725) MF=OK(active=20/20,min=+5.335e-14,slack=+5.564e-17)
[RMPCC 0118] OK solve=143.0ms pose=(1.110,0.581,0.798) u=(0.115,0.239) s=1.317 PSDFmin=+0.006672 G=OK(+0.003914) MF=OK(active=20/20,min=+1.648e-14,slack=+4.862e-17)
[RMPCC 0119] OK solve=138.0ms pose=(1.118,0.589,0.822) u=(0.125,0.157) s=1.329 PSDFmin=+0.005987 G=OK(+0.003599) MF=OK(active=20/20,min=+1.182e-11,slack=+6.177e-14)
[RMPCC 0120] OK solve=140.3ms pose=(1.127,0.598,0.838) u=(0.145,-0.156) s=1.341 PSDFmin=+0.004951 G=OK(+0.002641) MF=OK(active=20/20,min=+1.057e-10,slack=+1.097e-12)
[RMPCC 0121] OK solve=150.4ms pose=(1.136,0.609,0.822) u=(0.198,-0.682) s=1.355 PSDFmin=+0.00553 G=OK(+0.00217) MF=OK(active=20/20,min=+2.802e-14,slack=+1.332e-16)
[RMPCC 0122] OK solve=153.4ms pose=(1.150,0.624,0.754) u=(0.138,-0.689) s=1.375 PSDFmin=+0.004534 G=OK(+0.003108) MF=OK(active=20/20,min=+1.781e-14,slack=+4.545e-17)
[RMPCC 0123] OK solve=159.4ms pose=(1.160,0.633,0.685) u=(0.127,-0.859) s=1.388 PSDFmin=+0.005332 G=OK(+0.003433) MF=OK(active=20/20,min=+7.11e-14,slack=+4.281e-17)
[RMPCC 0124] OK solve=153.2ms pose=(1.170,0.641,0.599) u=(0.142,-0.782) s=1.401 PSDFmin=+0.006135 G=OK(+0.004184) MF=OK(active=20/20,min=+4.975e-14,slack=+1.291e-17)
[RMPCC 0125] OK solve=147.2ms pose=(1.182,0.649,0.521) u=(0.142,-0.978) s=1.415 PSDFmin=+0.007956 G=OK(+0.005822) MF=OK(active=20/20,min=+1.288e-12,slack=+8.814e-14)
[RMPCC 0126] OK solve=149.7ms pose=(1.194,0.656,0.423) u=(0.142,-0.513) s=1.428 PSDFmin=+0.009831 G=OK(+0.008177) MF=OK(active=20/20,min=+1.082e-12,slack=+3.34e-15)
[RMPCC 0127] OK solve=138.1ms pose=(1.207,0.662,0.372) u=(0.134,-0.951) s=1.443 PSDFmin=+0.005725 G=OK(+0.01128) MF=OK(active=20/20,min=+8.361e-15,slack=+1.283e-15)
[RMPCC 0128] OK solve=134.9ms pose=(1.219,0.667,0.277) u=(0.140,-0.410) s=1.451 PSDFmin=+0.008349 G=OK(+0.01358) MF=OK(active=20/20,min=+1.066e-14,slack=+1.824e-17)
[RMPCC 0129] OK solve=130.8ms pose=(1.233,0.671,0.236) u=(0.131,-0.673) s=1.465 PSDFmin=+0.005363 G=OK(+0.01052) MF=OK(active=20/20,min=+7.124e-15,slack=+1.838e-17)
[RMPCC 0130] OK solve=119.5ms pose=(1.245,0.674,0.168) u=(0.138,-0.271) s=1.478 PSDFmin=-0.001411 G=OK(+0.01783) MF=OK(active=20/20,min=+1.464e-12,slack=+5.453e-15)
[RMPCC 0131] OK solve=137.7ms pose=(1.259,0.676,0.141) u=(0.129,-0.467) s=1.492 PSDFmin=+0.002544 G=OK(+3.331e-15) MF=OK(active=19/20,min=+5.348e-15,slack=+1.896e-17)
[RMPCC 0132] OK solve=134.8ms pose=(1.272,0.678,0.094) u=(0.134,-0.169) s=1.505 PSDFmin=+0.009154 G=OK(+0.008118) MF=OK(active=20/20,min=+3.655e-13,slack=+5.036e-15)
[RMPCC 0133] OK solve=133.1ms pose=(1.285,0.679,0.077) u=(0.128,-0.242) s=1.521 PSDFmin=+0.01131 G=OK(+0.01062) MF=OK(active=20/20,min=+1.102e-12,slack=+1.712e-15)
[RMPCC 0134] OK solve=144.4ms pose=(1.298,0.680,0.053) u=(0.127,-0.100) s=1.531 PSDFmin=-0.0004559 G=OK(+0.01684) MF=OK(active=20/20,min=+7.133e-15,slack=+4.036e-17)
[RMPCC 0135] OK solve=140.0ms pose=(1.311,0.681,0.043) u=(0.125,-0.181) s=1.543 PSDFmin=+0.001894 G=OK(+4.663e-15) MF=OK(active=19/20,min=+5.991e-14,slack=+3.987e-16)
[RMPCC 0136] OK solve=138.3ms pose=(1.323,0.681,0.025) u=(0.124,-0.101) s=1.556 PSDFmin=+0.009141 G=OK(+0.007058) MF=OK(active=20/20,min=+1.179e-13,slack=+6.96e-16)
[RMPCC 0137] OK solve=142.9ms pose=(1.335,0.682,0.015) u=(0.125,-0.091) s=1.568 PSDFmin=+0.009587 G=OK(+0.008521) MF=OK(active=20/20,min=+1.69e-09,slack=+2.681e-11)
[RMPCC 0138] OK solve=135.9ms pose=(1.348,0.682,0.006) u=(0.130,-0.036) s=1.581 PSDFmin=+0.00921 G=OK(+0.008132) MF=OK(active=20/20,min=+1.265e-12,slack=+2.458e-15)
[RMPCC 0139] OK solve=133.0ms pose=(1.361,0.682,0.002) u=(0.139,-0.094) s=1.594 PSDFmin=+0.01137 G=OK(+0.008609) MF=OK(active=20/20,min=+5.008e-13,slack=+3.473e-15)
[RMPCC 0140] OK solve=132.3ms pose=(1.375,0.682,-0.007) u=(0.144,0.084) s=1.607 PSDFmin=+0.008941 G=OK(+0.007574) MF=OK(active=20/20,min=+1.683e-12,slack=+1.122e-14)
[RMPCC 0141] OK solve=131.1ms pose=(1.389,0.682,0.001) u=(0.145,0.062) s=1.617 PSDFmin=+0.0123 G=OK(+0.011) MF=OK(active=20/20,min=+4.699e-12,slack=+9.845e-15)
[RMPCC 0142] OK solve=136.2ms pose=(1.404,0.682,0.007) u=(0.146,0.161) s=1.636 PSDFmin=+0.01099 G=OK(+0.009545) MF=OK(active=20/20,min=+4.806e-14,slack=+9.549e-17)
[RMPCC 0143] OK solve=134.0ms pose=(1.418,0.682,0.024) u=(0.143,0.140) s=1.650 PSDFmin=+0.00977 G=OK(+0.01126) MF=OK(active=20/20,min=+1.424e-14,slack=+2.767e-17)
[RMPCC 0144] OK solve=142.4ms pose=(1.433,0.682,0.038) u=(0.124,0.395) s=1.663 PSDFmin=+0.002166 G=OK(+0.006013) MF=OK(active=20/20,min=+5.595e-11,slack=+1.273e-12)
[RMPCC 0145] OK solve=149.6ms pose=(1.445,0.683,0.077) u=(0.125,0.090) s=1.677 PSDFmin=+0.001664 G=OK(+0.01024) MF=OK(active=20/20,min=+1.452e-11,slack=+3.96e-14)
[RMPCC 0146] OK solve=143.3ms pose=(1.457,0.684,0.086) u=(0.085,0.697) s=1.689 PSDFmin=+2.021e-05 G=OK(+7.232e-12) MF=OK(active=20/20,min=+4.088e-13,slack=+2.521e-14)
[RMPCC 0147] OK solve=147.9ms pose=(1.466,0.684,0.156) u=(0.096,0.378) s=1.692 PSDFmin=+0.006607 G=OK(+0.005829) MF=OK(active=16/20,min=+8.912e-15,slack=+2.991e-17)
[RMPCC 0148] OK solve=134.7ms pose=(1.475,0.686,0.193) u=(0.096,0.233) s=1.708 PSDFmin=-0.01435 G=OK(+0.009389) MF=OK(active=20/20,min=+5.886e-12,slack=+9.031e-14)
[RMPCC 0149] OK solve=135.5ms pose=(1.485,0.688,0.217) u=(0.082,0.369) s=1.717 PSDFmin=+0.003857 G=OK(+1.376e-11) MF=OK(active=18/20,min=-8.629e-12,slack=+5.524e-13)
[RMPCC 0150] OK solve=178.9ms pose=(1.493,0.689,0.254) u=(0.049,0.588) s=1.725 PSDFmin=+0.005482 G=OK(+0.004892) MF=OK(active=20/20,min=+7.135e-15,slack=+3.104e-17)
[RMPCC 0151] OK solve=132.1ms pose=(1.497,0.691,0.312) u=(0.084,0.259) s=1.730 PSDFmin=+0.003289 G=OK(+0.006415) MF=OK(active=20/20,min=+2.794e-13,slack=+1.778e-15)
[RMPCC 0152] OK solve=131.1ms pose=(1.505,0.693,0.338) u=(0.041,1.038) s=1.738 PSDFmin=+0.001422 G=OK(+0.003254) MF=OK(active=20/20,min=+3.678e-09,slack=+8.215e-12)
[RMPCC 0153] OK solve=138.0ms pose=(1.509,0.695,0.442) u=(0.060,0.504) s=1.742 PSDFmin=+0.00646 G=OK(+0.005869) MF=OK(active=20/20,min=+2.135e-14,slack=+3.017e-17)
[RMPCC 0154] OK solve=131.2ms pose=(1.515,0.697,0.493) u=(0.056,0.536) s=1.749 PSDFmin=+0.00599 G=OK(+0.006346) MF=OK(active=20/20,min=+1.782e-14,slack=+6.052e-17)
[RMPCC 0155] OK solve=122.8ms pose=(1.520,0.700,0.546) u=(0.100,0.323) s=1.756 PSDFmin=+0.007662 G=OK(+0.006121) MF=OK(active=20/20,min=+9.23e-16,slack=+1.01e-14)
[RMPCC 0156] OK solve=129.6ms pose=(1.528,0.705,0.579) u=(0.050,0.504) s=1.766 PSDFmin=+0.004377 G=OK(+0.005803) MF=OK(active=20/20,min=+4.401e-13,slack=+4.074e-16)
[RMPCC 0157] OK solve=127.4ms pose=(1.532,0.708,0.629) u=(0.094,0.608) s=1.771 PSDFmin=+0.008552 G=OK(+0.006157) MF=OK(active=20/20,min=+2.553e-12,slack=+2.448e-15)
[RMPCC 0158] OK solve=132.3ms pose=(1.540,0.713,0.690) u=(0.052,0.298) s=1.780 PSDFmin=+0.005721 G=OK(+0.0049) MF=OK(active=20/20,min=+4.175e-11,slack=+4.506e-14)
[RMPCC 0159] OK solve=140.9ms pose=(1.544,0.717,0.719) u=(0.106,0.513) s=1.786 PSDFmin=+0.008113 G=OK(+0.001958) MF=OK(active=20/20,min=+6.273e-13,slack=+1.208e-15)
[RMPCC 0160] OK solve=144.6ms pose=(1.552,0.724,0.771) u=(0.082,0.220) s=1.796 PSDFmin=+0.006448 G=OK(+0.0006386) MF=OK(active=20/20,min=+4.323e-12,slack=+1.037e-14)
[RMPCC 0161] OK solve=134.4ms pose=(1.558,0.729,0.793) u=(0.119,0.337) s=1.807 PSDFmin=+0.007231 G=OK(+0.0009217) MF=OK(active=20/20,min=+1.319e-18,slack=+1.262e-17)
[RMPCC 0162] OK solve=140.8ms pose=(1.566,0.738,0.826) u=(0.144,0.078) s=1.823 PSDFmin=+0.003421 G=OK(+0.002726) MF=OK(active=20/20,min=+4.667e-12,slack=+9.514e-15)
[RMPCC 0163] OK solve=130.3ms pose=(1.576,0.748,0.834) u=(0.167,-0.255) s=1.839 PSDFmin=+0.005112 G=OK(+0.003118) MF=OK(active=20/20,min=+9.643e-13,slack=+8.669e-15)
[RMPCC 0164] OK solve=129.1ms pose=(1.587,0.761,0.809) u=(0.183,-0.211) s=1.857 PSDFmin=+0.006358 G=OK(+0.004394) MF=OK(active=20/20,min=+1.207e-17,slack=+1.207e-17)
[RMPCC 0165] OK solve=142.1ms pose=(1.600,0.774,0.788) u=(0.136,-0.961) s=1.865 PSDFmin=+0.005065 G=OK(+0.003178) MF=OK(active=20/20,min=+5.362e-15,slack=+3.257e-17)
[RMPCC 0166] OK solve=133.2ms pose=(1.610,0.784,0.692) u=(0.089,-1.200) s=1.878 PSDFmin=-0.01975 G=OK(+0.003385) MF=OK(active=20/20,min=+2.519e-10,slack=+3.409e-15)
[RMPCC 0167] OK solve=137.4ms pose=(1.616,0.789,0.572) u=(0.104,-0.794) s=1.887 PSDFmin=+0.002692 G=OK(+3.369e-10) MF=OK(active=8/20,min=+0.0935,slack=+1.341e-11)
[RMPCC 0168] OK solve=140.2ms pose=(1.625,0.795,0.492) u=(0.136,-0.457) s=1.898 PSDFmin=+0.006575 G=OK(+0.005009) MF=OK(active=20/20,min=+7.255e-13,slack=+4.321e-15)
[RMPCC 0169] OK solve=143.7ms pose=(1.637,0.801,0.447) u=(0.168,-1.166) s=1.911 PSDFmin=+0.0001305 G=OK(+0.0007707) MF=OK(active=20/20,min=+2.899e-12,slack=+7.969e-14)
[RMPCC 0170] OK solve=138.6ms pose=(1.652,0.809,0.330) u=(0.124,-0.653) s=1.927 PSDFmin=-0.01785 G=OK(+0.00987) MF=OK(active=18/20,min=+2.46e-10,slack=+1.365e-12)
[RMPCC 0171] OK solve=276.5ms pose=(1.664,0.813,0.265) u=(0.121,-0.644) s=1.939 PSDFmin=-0.01533 G=OK(+1.716e-05) MF=OK(active=18/20,min=+4.685e-11,slack=+7.898e-13)
[RMPCC 0172] OK solve=265.4ms pose=(1.676,0.816,0.200) u=(0.109,-0.339) s=1.946 PSDFmin=-0.001595 G=OK(+0.006165) MF=OK(active=13/20,min=+3.47e-12,slack=+2.064e-15)
[RMPCC 0173] OK solve=136.1ms pose=(1.686,0.818,0.166) u=(0.132,-0.246) s=1.957 PSDFmin=+0.00887 G=OK(+0.01308) MF=OK(active=19/20,min=-1.847e-12,slack=+7.283e-14)
[RMPCC 0174] OK solve=140.8ms pose=(1.699,0.820,0.142) u=(0.139,-0.621) s=1.970 PSDFmin=-0.001232 G=OK(+0.01935) MF=OK(active=20/20,min=+2.012e-12,slack=+8.449e-15)
[RMPCC 0175] OK solve=132.3ms pose=(1.713,0.822,0.080) u=(0.138,-0.223) s=1.980 PSDFmin=+0.003257 G=OK(+0.01239) MF=OK(active=18/20,min=+3.741e-12,slack=+1.823e-14)
[RMPCC 0176] OK solve=139.5ms pose=(1.727,0.823,0.057) u=(0.113,-1.046) s=1.994 PSDFmin=+0.002177 G=OK(+0.003896) MF=OK(active=20/20,min=+8.347e-11,slack=+6.166e-14)
[RMPCC 0177] OK solve=137.5ms pose=(1.738,0.824,-0.047) u=(0.142,-0.448) s=2.009 PSDFmin=+0.005474 G=OK(+0.008155) MF=OK(active=20/20,min=+1.068e-14,slack=+2.082e-17)
[RMPCC 0178] OK solve=134.8ms pose=(1.752,0.823,-0.092) u=(0.114,-0.560) s=2.012 PSDFmin=+0.008007 G=OK(+0.01001) MF=OK(active=20/20,min=+6.311e-09,slack=+1.332e-11)
[RMPCC 0179] OK solve=136.3ms pose=(1.764,0.822,-0.148) u=(0.119,-0.315) s=2.027 PSDFmin=-3.79e-05 G=OK(+0.005166) MF=OK(active=20/20,min=+7.118e-14,slack=+1.265e-16)
[RMPCC 0180] OK solve=145.0ms pose=(1.776,0.820,-0.179) u=(0.091,-0.782) s=2.044 PSDFmin=+0.009486 G=OK(+0.008228) MF=OK(active=17/20,min=+2.703e-13,slack=+3.252e-16)
[RMPCC 0181] OK solve=139.0ms pose=(1.785,0.819,-0.258) u=(0.113,-0.580) s=2.046 PSDFmin=+0.002538 G=OK(+0.003948) MF=OK(active=20/20,min=+3.188e-11,slack=+7.594e-14)
[RMPCC 0182] OK solve=144.9ms pose=(1.796,0.816,-0.316) u=(0.089,-0.734) s=2.063 PSDFmin=+0.01079 G=OK(+0.00932) MF=OK(active=20/20,min=+5.089e-11,slack=+9.616e-14)
[RMPCC 0183] OK solve=149.1ms pose=(1.804,0.813,-0.389) u=(0.083,-0.787) s=2.074 PSDFmin=+0.001144 G=OK(+0.002299) MF=OK(active=20/20,min=+1.283e-13,slack=+5.085e-16)
[RMPCC 0184] OK solve=131.6ms pose=(1.812,0.810,-0.468) u=(0.083,-0.925) s=2.082 PSDFmin=+0.01087 G=OK(+0.008876) MF=OK(active=20/20,min=+1.424e-14,slack=+2.823e-17)
[RMPCC 0185] OK solve=129.9ms pose=(1.819,0.806,-0.560) u=(0.067,-1.179) s=2.089 PSDFmin=+0.004029 G=OK(+0.004029) MF=OK(active=20/20,min=+3.759e-11,slack=+3.96e-13)
[RMPCC 0186] OK solve=137.8ms pose=(1.825,0.803,-0.678) u=(0.093,-1.009) s=2.094 PSDFmin=+0.00973 G=OK(+0.007976) MF=OK(active=20/20,min=+1.001e-17,slack=+1.001e-17)
[RMPCC 0187] OK solve=135.5ms pose=(1.832,0.797,-0.779) u=(0.091,-1.192) s=2.102 PSDFmin=+0.009127 G=OK(+0.007234) MF=OK(active=20/20,min=+1.779e-13,slack=+2.264e-16)
[RMPCC 0188] OK solve=138.8ms pose=(1.838,0.790,-0.898) u=(0.129,-1.087) s=2.115 PSDFmin=+0.009855 G=OK(+0.007787) MF=OK(active=20/20,min=+0.0277,slack=+5.014e-14)
[RMPCC 0189] OK solve=137.1ms pose=(1.847,0.780,-1.007) u=(0.128,-1.061) s=2.130 PSDFmin=+0.01085 G=OK(+0.008807) MF=OK(active=20/20,min=+2.565e-07,slack=+1.121e-10)
[RMPCC 0190] OK solve=129.0ms pose=(1.853,0.770,-1.113) u=(0.141,-0.713) s=2.144 PSDFmin=+0.01229 G=OK(+0.01043) MF=OK(active=20/20,min=-3.547e-15,slack=+2.348e-17)
[RMPCC 0191] OK solve=147.6ms pose=(1.860,0.757,-1.184) u=(0.133,-0.876) s=2.149 PSDFmin=+0.01456 G=OK(+0.01262) MF=OK(active=20/20,min=-2.135e-13,slack=+3.851e-14)
[RMPCC 0192] OK solve=161.9ms pose=(1.865,0.745,-1.272) u=(0.154,-0.515) s=2.162 PSDFmin=+0.009004 G=OK(+0.008206) MF=OK(active=20/20,min=+7.668e-13,slack=+4.743e-14)
[RMPCC 0193] OK solve=160.6ms pose=(1.869,0.730,-1.324) u=(0.157,-0.692) s=2.177 PSDFmin=+0.004489 G=OK(+0.01531) MF=OK(active=20/20,min=+1.031e-13,slack=+2.096e-16)
[RMPCC 0194] OK solve=158.3ms pose=(1.873,0.715,-1.393) u=(0.164,-0.289) s=2.193 PSDFmin=+0.002476 G=OK(+0.003837) MF=OK(active=20/20,min=+7.115e-14,slack=+9.144e-17)
[RMPCC 0195] OK solve=149.4ms pose=(1.876,0.699,-1.422) u=(0.163,-0.343) s=2.208 PSDFmin=+0.005026 G=OK(+0.01767) MF=OK(active=20/20,min=+2.291e-12,slack=+5.72e-15)
[RMPCC 0196] OK solve=140.6ms pose=(1.878,0.682,-1.456) u=(0.159,-0.427) s=2.221 PSDFmin=+0.001086 G=OK(+6.661e-16) MF=OK(active=20/20,min=+1.154e-10,slack=+2.97e-13)
[RMPCC 0197] OK solve=136.5ms pose=(1.880,0.667,-1.499) u=(0.151,-0.274) s=2.235 PSDFmin=-0.01323 G=OK(+0.01372) MF=OK(active=20/20,min=+2.133e-14,slack=+2.465e-17)
[RMPCC 0198] OK solve=127.6ms pose=(1.881,0.652,-1.526) u=(0.155,-0.055) s=2.248 PSDFmin=+0.003467 G=OK(+2.785e-13) MF=OK(active=18/20,min=+4.226e-12,slack=+1.288e-14)
[RMPCC 0199] OK solve=137.6ms pose=(1.882,0.636,-1.532) u=(0.154,-0.091) s=2.263 PSDFmin=+0.01579 G=OK(+0.01404) MF=OK(active=20/20,min=+3.513e-12,slack=+1.053e-14)
[RMPCC 0200] OK solve=143.4ms pose=(1.882,0.621,-1.541) u=(0.174,-0.265) s=2.279 PSDFmin=+0.009808 G=OK(+0.00876) MF=OK(active=20/20,min=+2.352e-16,slack=+2.413e-16)
[RMPCC 0201] OK solve=135.2ms pose=(1.883,0.603,-1.567) u=(0.171,0.059) s=2.295 PSDFmin=+0.0003074 G=OK(+0.01479) MF=OK(active=20/20,min=+5.704e-14,slack=+2.051e-16)
[RMPCC 0202] OK solve=146.8ms pose=(1.883,0.586,-1.561) u=(0.135,-0.531) s=2.313 PSDFmin=-0.00357 G=OK(+3.664e-15) MF=OK(active=18/20,min=+7.11e-14,slack=+4.416e-17)
[RMPCC 0203] OK solve=134.3ms pose=(1.883,0.573,-1.614) u=(0.113,-0.406) s=2.315 PSDFmin=-0.005285 G=OK(+7.128e-14) MF=OK(active=9/20,min=+3.741e-08,slack=+1.87e-12)
[RMPCC 0204] OK solve=129.9ms pose=(1.883,0.562,-1.655) u=(0.124,-0.156) s=2.332 PSDFmin=+0.0002037 G=OK(+7.949e-14) MF=OK(active=15/20,min=+5.802e-12,slack=+4.217e-15)
[RMPCC 0205] OK solve=144.7ms pose=(1.882,0.549,-1.671) u=(0.111,-0.165) s=2.335 PSDFmin=+0.001002 G=OK(+1.02e-12) MF=OK(active=16/20,min=+6.001e-10,slack=+5.991e-13)
[RMPCC 0206] OK solve=126.1ms pose=(1.881,0.538,-1.687) u=(0.131,-0.313) s=2.352 PSDFmin=+0.009353 G=OK(+0.008358) MF=OK(active=20/20,min=+7.243e-13,slack=+2.464e-14)
[RMPCC 0207] OK solve=131.7ms pose=(1.879,0.525,-1.718) u=(0.109,-0.053) s=2.372 PSDFmin=+0.01183 G=OK(+0.01033) MF=OK(active=20/20,min=+2.846e-14,slack=+3.832e-17)
[RMPCC 0208] OK solve=139.6ms pose=(1.877,0.514,-1.724) u=(0.103,-0.298) s=2.376 PSDFmin=+0.00699 G=OK(+0.006362) MF=OK(active=20/20,min=+1.665e-13,slack=+8.706e-16)
[RMPCC 0209] OK solve=139.2ms pose=(1.876,0.504,-1.753) u=(0.123,0.013) s=2.394 PSDFmin=-0.01942 G=OK(+0.01756) MF=OK(active=20/20,min=+3.669e-12,slack=+4.378e-15)
[RMPCC 0210] OK solve=135.2ms pose=(1.874,0.492,-1.752) u=(0.078,-0.675) s=2.396 PSDFmin=-0.0002034 G=OK(+8.09e-13) MF=OK(active=11/20,min=+0.09074,slack=+2.519e-14)
[RMPCC 0211] OK solve=133.8ms pose=(1.872,0.484,-1.820) u=(0.094,-0.378) s=2.413 PSDFmin=+0.005235 G=OK(+3.109e-15) MF=OK(active=19/20,min=+7.143e-15,slack=+3.771e-17)
[RMPCC 0212] OK solve=142.6ms pose=(1.870,0.475,-1.857) u=(0.071,-0.339) s=2.413 PSDFmin=+0.007232 G=OK(+0.006261) MF=OK(active=20/20,min=+7.658e-13,slack=+2.711e-14)
[RMPCC 0213] OK solve=127.2ms pose=(1.868,0.468,-1.891) u=(0.089,-0.276) s=2.430 PSDFmin=+0.007625 G=OK(+0.009157) MF=OK(active=20/20,min=+8.446e-15,slack=+4.594e-17)
[RMPCC 0214] OK solve=124.3ms pose=(1.865,0.460,-1.919) u=(0.060,-0.641) s=2.442 PSDFmin=+0.003385 G=OK(+0.003652) MF=OK(active=20/20,min=+1.114e-14,slack=+4.149e-17)
[RMPCC 0215] OK solve=137.0ms pose=(1.863,0.454,-1.983) u=(0.100,-0.263) s=2.447 PSDFmin=+0.0006309 G=OK(+0.007322) MF=OK(active=20/20,min=+1.236e-09,slack=+3.118e-12)
[RMPCC 0216] OK solve=140.1ms pose=(1.859,0.445,-2.009) u=(0.053,-0.752) s=2.456 PSDFmin=+0.003422 G=OK(+0.004873) MF=OK(active=19/20,min=+1.779e-14,slack=+3.087e-17)
[RMPCC 0217] OK solve=135.3ms pose=(1.857,0.440,-2.085) u=(0.093,-0.333) s=2.461 PSDFmin=+0.004178 G=OK(+0.007311) MF=OK(active=20/20,min=+2.916e-12,slack=+3.232e-15)
[RMPCC 0218] OK solve=136.9ms pose=(1.852,0.432,-2.118) u=(0.051,-0.420) s=2.472 PSDFmin=+0.007113 G=OK(+0.005179) MF=OK(active=20/20,min=+2.846e-14,slack=+3.403e-17)
[RMPCC 0219] OK solve=131.2ms pose=(1.850,0.428,-2.160) u=(0.078,-0.184) s=2.477 PSDFmin=+0.007532 G=OK(+0.00626) MF=OK(active=20/20,min=+1.796e-09,slack=+3.12e-12)
[RMPCC 0220] OK solve=119.8ms pose=(1.845,0.421,-2.178) u=(0.042,-0.646) s=2.485 PSDFmin=+0.008244 G=OK(+0.005961) MF=OK(active=20/20,min=-2.333e-14,slack=+5.494e-15)
[RMPCC 0221] OK solve=137.3ms pose=(1.843,0.418,-2.243) u=(0.113,-0.465) s=2.491 PSDFmin=+0.00855 G=OK(+0.005937) MF=OK(active=20/20,min=+1.84e-11,slack=+4.36e-13)
[RMPCC 0222] OK solve=137.8ms pose=(1.836,0.409,-2.289) u=(0.062,-0.403) s=2.502 PSDFmin=+0.005825 G=OK(+0.004822) MF=OK(active=20/20,min=+6.123e-13,slack=+1.228e-15)
[RMPCC 0223] OK solve=134.9ms pose=(1.832,0.404,-2.330) u=(0.125,-0.344) s=2.512 PSDFmin=+0.007014 G=OK(+0.004328) MF=OK(active=20/20,min=+4.272e-14,slack=+9.246e-17)
[RMPCC 0224] OK solve=141.1ms pose=(1.823,0.395,-2.364) u=(0.097,-0.117) s=2.523 PSDFmin=+0.007248 G=OK(+0.004618) MF=OK(active=20/20,min=+1.299e-11,slack=+4.329e-14)
[RMPCC 0225] OK solve=149.7ms pose=(1.816,0.389,-2.376) u=(0.143,-0.124) s=2.533 PSDFmin=+0.001177 G=OK(+0.003147) MF=OK(active=20/20,min=-1.133e-11,slack=+2.344e-12)
[RMPCC 0226] OK solve=138.0ms pose=(1.806,0.379,-2.388) u=(0.144,0.037) s=2.544 PSDFmin=+0.005295 G=OK(+0.003612) MF=OK(active=20/20,min=+1.373e-13,slack=+9.44e-15)
[RMPCC 0227] OK solve=135.6ms pose=(1.795,0.369,-2.384) u=(0.202,0.235) s=2.565 PSDFmin=+0.006347 G=OK(+0.003741) MF=OK(active=20/20,min=+6.072e-14,slack=+2.353e-15)
[RMPCC 0228] OK solve=133.1ms pose=(1.781,0.355,-2.361) u=(0.128,0.541) s=2.586 PSDFmin=+0.004704 G=OK(+0.003425) MF=OK(active=20/20,min=+3.592e-15,slack=+4.02e-17)
[RMPCC 0229] OK solve=133.6ms pose=(1.772,0.346,-2.307) u=(0.125,0.900) s=2.597 PSDFmin=-0.004957 G=OK(+0.003678) MF=OK(active=20/20,min=+4.27e-13,slack=+2.039e-15)
[RMPCC 0230] OK solve=141.2ms pose=(1.763,0.337,-2.217) u=(0.099,1.200) s=2.607 PSDFmin=-0.01334 G=OK(+0.001962) MF=OK(active=17/20,min=+3.559e-13,slack=+5.929e-16)
[RMPCC 0231] OK solve=128.5ms pose=(1.757,0.329,-2.097) u=(0.116,0.577) s=2.612 PSDFmin=-0.006707 G=OK(+3.946e-13) MF=OK(active=16/20,min=+0.1317,slack=+1.095e-14)
[RMPCC 0232] OK solve=142.2ms pose=(1.751,0.319,-2.039) u=(0.095,1.200) s=2.623 PSDFmin=-0.01791 G=OK(+0.000351) MF=OK(active=15/20,min=+1.297e-12,slack=+7.077e-15)
[RMPCC 0233] OK solve=131.3ms pose=(1.747,0.310,-1.919) u=(0.123,0.561) s=2.633 PSDFmin=-0.006363 G=OK(+5.485e-14) MF=OK(active=12/20,min=+1.355e-08,slack=+2.698e-14)
[RMPCC 0234] OK solve=138.3ms pose=(1.743,0.299,-1.863) u=(0.116,0.636) s=2.644 PSDFmin=-0.02335 G=OK(+0.009038) MF=OK(active=15/20,min=+1.195e-10,slack=+1.954e-13)
[RMPCC 0235] OK solve=134.2ms pose=(1.740,0.287,-1.800) u=(0.133,0.219) s=2.655 PSDFmin=+0.005837 G=OK(+0.003867) MF=OK(active=17/20,min=+1.284e-13,slack=+5.246e-16)
[RMPCC 0236] OK solve=132.7ms pose=(1.737,0.275,-1.778) u=(0.130,0.532) s=2.664 PSDFmin=+0.007194 G=OK(+0.01166) MF=OK(active=20/20,min=+2.566e-13,slack=+8.773e-16)
[RMPCC 0237] OK solve=136.3ms pose=(1.734,0.262,-1.724) u=(0.134,0.253) s=2.677 PSDFmin=+0.001804 G=OK(+0.002398) MF=OK(active=20/20,min=+4.276e-14,slack=+1.606e-16)
[RMPCC 0238] OK solve=133.3ms pose=(1.732,0.249,-1.699) u=(0.094,0.662) s=2.687 PSDFmin=-0.01761 G=OK(+0.0009601) MF=OK(active=20/20,min=-4.218e-13,slack=+3.805e-13)
[RMPCC 0239] OK solve=128.9ms pose=(1.731,0.239,-1.633) u=(0.107,0.269) s=2.699 PSDFmin=+0.006499 G=OK(+0.00498) MF=OK(active=14/20,min=+1.387e-11,slack=+1.857e-14)
[RMPCC 0240] OK solve=134.3ms pose=(1.730,0.229,-1.606) u=(0.105,0.283) s=2.705 PSDFmin=+0.01351 G=OK(+0.01204) MF=OK(active=20/20,min=+1.523e-12,slack=+1.387e-14)
[RMPCC 0241] OK solve=136.6ms pose=(1.730,0.218,-1.578) u=(0.111,0.275) s=2.716 PSDFmin=+0.008314 G=OK(+0.007679) MF=OK(active=20/20,min=+1.631e-13,slack=+1.45e-15)
[RMPCC 0242] OK solve=138.7ms pose=(1.730,0.207,-1.550) u=(0.081,0.410) s=2.728 PSDFmin=-0.01054 G=OK(+0.008347) MF=OK(active=20/20,min=+1.323e-10,slack=+7.244e-12)
[RMPCC 0243] OK solve=127.7ms pose=(1.730,0.199,-1.509) u=(0.084,0.265) s=2.734 PSDFmin=+0.007932 G=OK(+0.005508) MF=OK(active=18/20,min=-3.272e-12,slack=+2.322e-13)
[RMPCC 0244] OK solve=155.5ms pose=(1.730,0.191,-1.483) u=(0.079,0.359) s=2.740 PSDFmin=+0.01108 G=OK(+0.00973) MF=OK(active=20/20,min=+1.072e-11,slack=+5.081e-14)
[RMPCC 0245] OK solve=167.1ms pose=(1.731,0.183,-1.447) u=(0.078,0.389) s=2.751 PSDFmin=+0.01015 G=OK(+0.009213) MF=OK(active=20/20,min=+1.391e-13,slack=+6.121e-16)
[RMPCC 0246] OK solve=154.2ms pose=(1.732,0.175,-1.408) u=(0.064,0.421) s=2.757 PSDFmin=+0.009653 G=OK(+0.008605) MF=OK(active=20/20,min=+3.694e-11,slack=+1.02e-13)
[RMPCC 0247] OK solve=155.8ms pose=(1.733,0.169,-1.366) u=(0.060,0.379) s=2.763 PSDFmin=+0.007808 G=OK(+0.007196) MF=OK(active=20/20,min=+7.066e-12,slack=+1.793e-14)
[RMPCC 0248] OK solve=146.3ms pose=(1.734,0.163,-1.328) u=(0.051,0.436) s=2.769 PSDFmin=+0.008468 G=OK(+0.007436) MF=OK(active=20/20,min=+5.803e-14,slack=+4.16e-15)
[RMPCC 0249] OK solve=134.9ms pose=(1.735,0.158,-1.284) u=(0.050,0.421) s=2.775 PSDFmin=+0.008296 G=OK(+0.007267) MF=OK(active=20/20,min=+9.338e-10,slack=+3.452e-11)
[RMPCC 0250] OK solve=140.8ms pose=(1.737,0.153,-1.242) u=(0.044,0.440) s=2.781 PSDFmin=+0.007814 G=OK(+0.00678) MF=OK(active=20/20,min=+2.726e-13,slack=+1.101e-14)
[RMPCC 0251] OK solve=136.3ms pose=(1.738,0.149,-1.198) u=(0.042,0.441) s=2.786 PSDFmin=+0.00747 G=OK(+0.006433) MF=OK(active=20/20,min=+8.286e-12,slack=+9.583e-15)
[RMPCC 0252] OK solve=153.6ms pose=(1.740,0.145,-1.154) u=(0.039,0.447) s=2.792 PSDFmin=+0.007072 G=OK(+0.006039) MF=OK(active=20/20,min=+6.115e-11,slack=+1.426e-12)
[RMPCC 0253] OK solve=149.5ms pose=(1.741,0.141,-1.109) u=(0.037,0.447) s=2.798 PSDFmin=+0.006729 G=OK(+0.005696) MF=OK(active=20/20,min=+4.068e-08,slack=+1.228e-11)
[RMPCC 0254] OK solve=141.2ms pose=(1.743,0.138,-1.065) u=(0.033,0.444) s=2.801 PSDFmin=+0.006352 G=OK(+0.005321) MF=OK(active=20/20,min=+6.688e-11,slack=+4.491e-15)
[RMPCC 0255] OK solve=134.5ms pose=(1.745,0.135,-1.020) u=(0.030,0.436) s=2.804 PSDFmin=+0.006017 G=OK(+0.004986) MF=OK(active=20/20,min=+6.117e-10,slack=+2.57e-11)
[RMPCC 0256] OK solve=129.3ms pose=(1.746,0.132,-0.977) u=(0.030,0.433) s=2.809 PSDFmin=+0.005746 G=OK(+0.004707) MF=OK(active=20/20,min=+3.64e-10,slack=+1.64e-12)
[RMPCC 0257] OK solve=127.3ms pose=(1.748,0.130,-0.933) u=(0.028,0.426) s=2.812 PSDFmin=+0.005437 G=OK(+0.004403) MF=OK(active=20/20,min=+3.579e-09,slack=+7.151e-12)
[RMPCC 0258] OK solve=128.8ms pose=(1.750,0.128,-0.891) u=(0.026,0.413) s=2.815 PSDFmin=+0.005172 G=OK(+0.004142) MF=OK(active=20/20,min=+9.662e-06,slack=+1.139e-10)
[RMPCC 0259] OK solve=144.4ms pose=(1.751,0.126,-0.849) u=(0.026,0.402) s=2.818 PSDFmin=+0.004936 G=OK(+0.003902) MF=OK(active=20/20,min=+3.659e-06,slack=+5.351e-13)
[RMPCC 0260] OK solve=143.7ms pose=(1.753,0.124,-0.809) u=(0.025,0.373) s=2.820 PSDFmin=+0.00489 G=OK(+0.003864) MF=OK(active=20/20,min=+0.01254,slack=+2.505e-14)
[RMPCC 0261] OK solve=135.8ms pose=(1.755,0.122,-0.772) u=(0.024,0.344) s=2.822 PSDFmin=+0.004866 G=OK(+0.00384) MF=OK(active=20/20,min=+0.02625,slack=+1.204e-13)
[RMPCC 0262] OK solve=166.0ms pose=(1.756,0.120,-0.737) u=(0.026,0.318) s=2.827 PSDFmin=+0.004893 G=OK(+0.003864) MF=OK(active=20/20,min=+0.04365,slack=+5.192e-15)
[RMPCC 0263] OK solve=147.9ms pose=(1.758,0.118,-0.706) u=(0.025,0.295) s=2.829 PSDFmin=+0.004897 G=OK(+0.00387) MF=OK(active=20/20,min=+0.06177,slack=+1.617e-12)
[RMPCC 0264] OK solve=136.5ms pose=(1.760,0.117,-0.676) u=(0.024,0.272) s=2.831 PSDFmin=+0.004892 G=OK(+0.003868) MF=OK(active=20/20,min=+0.07905,slack=+1.55e-13)
[RMPCC 0265] OK solve=130.7ms pose=(1.762,0.115,-0.649) u=(0.023,0.251) s=2.833 PSDFmin=+0.004894 G=OK(+0.00387) MF=OK(active=20/20,min=+0.09566,slack=+3.249e-12)
[RMPCC 0266] OK solve=136.4ms pose=(1.764,0.114,-0.624) u=(0.022,0.232) s=2.835 PSDFmin=+0.004894 G=OK(+0.003872) MF=OK(active=20/20,min=+0.1116,slack=+3.223e-14)
[RMPCC 0267] OK solve=131.3ms pose=(1.766,0.113,-0.601) u=(0.021,0.215) s=2.837 PSDFmin=+0.004899 G=OK(+0.003877) MF=OK(active=20/20,min=+0.1267,slack=+1.476e-11)
[RMPCC 0268] OK solve=139.8ms pose=(1.767,0.111,-0.579) u=(0.021,0.199) s=2.839 PSDFmin=+0.004909 G=OK(+0.003889) MF=OK(active=20/20,min=+0.1407,slack=+7.48e-17)
[RMPCC 0269] OK solve=145.6ms pose=(1.769,0.110,-0.559) u=(0.020,0.185) s=2.841 PSDFmin=+0.004918 G=OK(+0.003897) MF=OK(active=20/20,min=+0.1534,slack=+2.586e-17)
[RMPCC 0270] OK solve=137.2ms pose=(1.771,0.109,-0.541) u=(0.020,0.172) s=2.843 PSDFmin=+0.004932 G=OK(+0.003911) MF=OK(active=20/20,min=+0.1647,slack=+2.979e-16)
[RMPCC 0271] OK solve=132.1ms pose=(1.773,0.108,-0.523) u=(0.019,0.160) s=2.845 PSDFmin=+0.004949 G=OK(+0.003926) MF=OK(active=20/20,min=+0.1743,slack=+1.518e-14)
[RMPCC 0272] OK solve=143.9ms pose=(1.774,0.107,-0.508) u=(0.019,0.149) s=2.848 PSDFmin=+0.004965 G=OK(+0.003942) MF=OK(active=20/20,min=+0.1823,slack=+1.511e-13)
[RMPCC 0273] OK solve=134.2ms pose=(1.776,0.106,-0.493) u=(0.019,0.139) s=2.850 PSDFmin=+0.00498 G=OK(+0.003959) MF=OK(active=20/20,min=+0.1884,slack=+2.352e-13)
[RMPCC 0274] OK solve=135.7ms pose=(1.778,0.105,-0.479) u=(0.018,0.129) s=2.852 PSDFmin=+0.005009 G=OK(+0.00399) MF=OK(active=20/20,min=+0.1929,slack=+2.261e-17)
[RMPCC 0275] OK solve=131.9ms pose=(1.779,0.104,-0.466) u=(0.018,0.121) s=2.854 PSDFmin=+0.005051 G=OK(+0.004033) MF=OK(active=20/20,min=+0.1961,slack=+1.522e-14)
[RMPCC 0276] OK solve=131.0ms pose=(1.781,0.104,-0.454) u=(0.018,0.113) s=2.856 PSDFmin=+0.005103 G=OK(+0.004086) MF=OK(active=20/20,min=+0.1982,slack=+1.018e-14)
[RMPCC 0277] OK solve=133.3ms pose=(1.782,0.103,-0.442) u=(0.015,0.106) s=2.856 PSDFmin=+0.005164 G=OK(+0.004151) MF=OK(active=20/20,min=+0.1993,slack=+2.974e-13)
[RMPCC 0278] OK solve=133.4ms pose=(1.784,0.102,-0.432) u=(0.015,0.099) s=2.858 PSDFmin=+0.005229 G=OK(+0.004216) MF=OK(active=20/20,min=+0.1997,slack=+4.703e-17)
[RMPCC 0279] OK solve=138.3ms pose=(1.785,0.102,-0.422) u=(0.015,0.093) s=2.860 PSDFmin=+0.0053 G=OK(+0.004287) MF=OK(active=20/20,min=+0.1999,slack=+5.542e-16)
[RMPCC 0280] OK solve=139.6ms pose=(1.787,0.101,-0.413) u=(0.013,0.087) s=2.860 PSDFmin=+0.005375 G=OK(+0.004365) MF=OK(active=20/20,min=+0.2,slack=+4.105e-13)
[RMPCC 0281] OK solve=137.7ms pose=(1.788,0.100,-0.404) u=(0.014,0.082) s=2.862 PSDFmin=+0.005451 G=OK(+0.004442) MF=OK(active=20/20,min=+0.2,slack=+1.943e-12)
[RMPCC 0282] OK solve=137.9ms pose=(1.789,0.100,-0.396) u=(0.014,0.077) s=2.864 PSDFmin=+0.005532 G=OK(+0.004522) MF=OK(active=20/20,min=+0.2,slack=+3.37e-14)
[RMPCC 0283] OK solve=140.4ms pose=(1.790,0.099,-0.388) u=(0.012,0.072) s=2.864 PSDFmin=+0.005614 G=OK(+0.004607) MF=OK(active=20/20,min=+0.2,slack=+1.5e-14)
[RMPCC 0284] OK solve=127.7ms pose=(1.791,0.099,-0.381) u=(0.013,0.068) s=2.866 PSDFmin=+0.005696 G=OK(+0.004689) MF=OK(active=20/20,min=+0.2,slack=+2.99e-16)
[RMPCC 0285] OK solve=132.3ms pose=(1.793,0.098,-0.374) u=(0.011,0.064) s=2.866 PSDFmin=+0.00578 G=OK(+0.004774) MF=OK(active=20/20,min=+0.2,slack=+2.561e-12)
[RMPCC 0286] OK solve=132.8ms pose=(1.794,0.098,-0.368) u=(0.011,0.061) s=2.869 PSDFmin=+0.005863 G=OK(+0.004857) MF=OK(active=20/20,min=+0.2,slack=+2.256e-15)
[RMPCC 0287] OK solve=140.6ms pose=(1.795,0.098,-0.362) u=(0.010,0.057) s=2.869 PSDFmin=+0.005946 G=OK(+0.004941) MF=OK(active=20/20,min=+0.2,slack=+4.458e-13)
[RMPCC 0288] OK solve=131.9ms pose=(1.796,0.097,-0.356) u=(0.011,0.054) s=2.871 PSDFmin=+0.006028 G=OK(+0.005023) MF=OK(active=20/20,min=+0.2,slack=+1.437e-14)
[RMPCC 0289] OK solve=141.1ms pose=(1.797,0.097,-0.351) u=(0.009,0.051) s=2.871 PSDFmin=+0.006109 G=OK(+0.005105) MF=OK(active=20/20,min=+0.2,slack=+1.374e-13)
[RMPCC 0290] OK solve=139.5ms pose=(1.797,0.097,-0.345) u=(0.010,0.049) s=2.873 PSDFmin=+0.00619 G=OK(+0.005185) MF=OK(active=20/20,min=+0.2,slack=+8.44e-14)
[RMPCC 0291] OK solve=152.4ms pose=(1.798,0.096,-0.341) u=(0.009,0.046) s=2.873 PSDFmin=+0.006269 G=OK(+0.005266) MF=OK(active=20/20,min=+0.2,slack=+1.553e-13)
[RMPCC 0292] OK solve=149.9ms pose=(1.799,0.096,-0.336) u=(0.008,0.044) s=2.873 PSDFmin=+0.006347 G=OK(+0.005344) MF=OK(active=20/20,min=+0.2,slack=+3.45e-13)
[RMPCC 0293] OK solve=136.6ms pose=(1.800,0.096,-0.332) u=(0.009,0.041) s=2.875 PSDFmin=+0.006423 G=OK(+0.00542) MF=OK(active=20/20,min=+0.2,slack=+4.036e-14)
[RMPCC 0294] OK solve=132.2ms pose=(1.801,0.095,-0.327) u=(0.007,0.039) s=2.875 PSDFmin=+0.006498 G=OK(+0.005495) MF=OK(active=20/20,min=+0.2,slack=+7.901e-14)
[RMPCC 0295] OK solve=131.6ms pose=(1.801,0.095,-0.323) u=(0.007,0.037) s=2.875 PSDFmin=+0.00657 G=OK(+0.005568) MF=OK(active=20/20,min=+0.2,slack=+6.795e-15)
[RMPCC 0296] OK solve=141.2ms pose=(1.802,0.095,-0.320) u=(0.008,0.036) s=2.877 PSDFmin=+0.006641 G=OK(+0.005639) MF=OK(active=20/20,min=+0.2,slack=+1.937e-15)
[RMPCC 0297] OK solve=135.6ms pose=(1.803,0.095,-0.316) u=(0.006,0.034) s=2.877 PSDFmin=+0.006711 G=OK(+0.005709) MF=OK(active=20/20,min=+0.2,slack=+4.499e-15)
[RMPCC 0298] OK solve=133.5ms pose=(1.803,0.095,-0.313) u=(0.006,0.032) s=2.878 PSDFmin=+0.006778 G=OK(+0.005776) MF=OK(active=20/20,min=+0.2,slack=+5.331e-15)
[RMPCC 0299] OK solve=138.0ms pose=(1.804,0.094,-0.310) u=(0.006,0.031) s=2.878 PSDFmin=+0.006844 G=OK(+0.005842) MF=OK(active=20/20,min=+0.2,slack=+7.137e-15)
[RMPCC 0300] OK solve=133.8ms pose=(1.805,0.094,-0.306) u=(0.006,0.029) s=2.879 PSDFmin=+0.006907 G=OK(+0.005906) MF=OK(active=20/20,min=+0.2,slack=+6.261e-15)
[RMPCC 0301] OK solve=134.2ms pose=(1.805,0.094,-0.304) u=(0.006,0.028) s=2.879 PSDFmin=+0.006969 G=OK(+0.005968) MF=OK(active=20/20,min=+0.2,slack=+1.062e-14)
[RMPCC 0302] OK solve=113.5ms pose=(1.806,0.094,-0.301) u=(0.005,0.027) s=2.880 PSDFmin=+0.00703 G=OK(+0.006028) MF=OK(active=20/20,min=+0.2,slack=+8.73e-14)
[RMPCC 0303] OK solve=133.9ms pose=(1.806,0.094,-0.298) u=(0.005,0.025) s=2.880 PSDFmin=+0.007088 G=OK(+0.006087) MF=OK(active=20/20,min=+0.2,slack=+7.503e-14)
[RMPCC 0304] OK solve=128.2ms pose=(1.807,0.094,-0.296) u=(0.005,0.025) s=2.881 PSDFmin=+0.007146 G=OK(+0.006145) MF=OK(active=20/20,min=+0.2,slack=+1.649e-12)
[RMPCC 0305] OK solve=125.7ms pose=(1.807,0.093,-0.293) u=(0.005,0.024) s=2.881 PSDFmin=+0.007202 G=OK(+0.006201) MF=OK(active=20/20,min=+0.2,slack=+8.532e-13)
[RMPCC 0306] OK solve=134.7ms pose=(1.808,0.093,-0.291) u=(0.005,0.022) s=2.882 PSDFmin=+0.007255 G=OK(+0.006254) MF=OK(active=20/20,min=+0.2,slack=+2.924e-13)
[RMPCC 0307] OK solve=138.6ms pose=(1.808,0.093,-0.288) u=(0.004,0.021) s=2.882 PSDFmin=+0.007307 G=OK(+0.006306) MF=OK(active=20/20,min=+0.2,slack=+1.843e-13)
[RMPCC 0308] OK solve=140.7ms pose=(1.809,0.093,-0.286) u=(0.004,0.020) s=2.883 PSDFmin=+0.007357 G=OK(+0.006356) MF=OK(active=20/20,min=+0.2,slack=+1.16e-13)
목적지에 도착했습니다! 현재 위치: [1.80895 0.09284], 시간: 30.90초
Using rmpcc optimizer with differential_drive dynamics:
median:  0.13714909553527832
std:  0.02098241131995155
min:  0.1134958267211914
max:  0.28055500984191895
Simulation finished.
Run outcome: status=success, reason=None, final_time=30.90000000000017, distance_to_goal=0.009843957318118206
Optimizer runtime stats: safe_stop_count=0, backup_feasible_qp_success_count=0, plant_input_apply_count=309, last_solve_mode=sqp_rti
Trial history saved to /home/taek111/projects/psdf_mpcc/benchmark_runs/maze_rectangle_nominal/mf_scale_0p2/data/trial_history_MPC_rmpcc_rectangle_maze_mf_scale_0p2.csv
RMPCC constraint history saved to /home/taek111/projects/psdf_mpcc/benchmark_runs/maze_rectangle_nominal/mf_scale_0p2/data/rmpcc_constraints_MPC_rmpcc_rectangle_maze_mf_scale_0p2.csv
RMPCC debug history saved to /home/taek111/projects/psdf_mpcc/benchmark_runs/maze_rectangle_nominal/mf_scale_0p2/data/cycle_raw.csv
RMPCC debug history saved to /home/taek111/projects/psdf_mpcc/benchmark_runs/maze_rectangle_nominal/mf_scale_0p2/data/covariance_trajectory.csv
Pose-SDF data saved to /home/taek111/projects/psdf_mpcc/benchmark_runs/maze_rectangle_nominal/mf_scale_0p2/data/pose_sdf_MPC_rmpcc_rectangle_maze_mf_scale_0p2.csv
Total data points: 309
SDF statistics - Min: 0.0050, Max: 0.0566, Mean: 0.0133
