COMMAND: python3 test_nmpc.py --single --config /home/taek111/projects/psdf_mpcc/debug_runs/obca_dcbf_params_20260910/obca/config.yaml --maze-type maze --robot-shape rectangle --dynamics-type differential_drive --optimizer-type obca --path-planner astar --simulation-time 60 --no-perturb-start --no-animation
RUNTIME: 3.8.10 (default, Mar 18 2025, 20:04:55) 
[GCC 9.4.0] numpy 1.24.4 torch 1.13.1+cpu casadi 3.7.1
Running single test...
generating global path with A* + Line of Sight
시작 위치: [0.075 0.795]
목적지: [1.8  0.09]
도착 판정 기준: position <= 0.01m, angle <= 0.01rad

******************************************************************************
This program contains Ipopt, a library for large-scale nonlinear optimization.
 Ipopt is released as open source code under the Eclipse Public License (EPL).
         For more information visit https://github.com/coin-or/Ipopt
******************************************************************************

solver time:  0.953665
plant_input_stage0: full=[0.0845  0.81891], physical=[0.0845  0.81891]
solver time:  0.914688
plant_input_stage0: full=[0.08476 0.58844], physical=[0.08476 0.58844]
solver time:  0.866754
plant_input_stage0: full=[0.0844  0.26737], physical=[0.0844  0.26737]
solver time:  0.903174
plant_input_stage0: full=[0.08365 0.04462], physical=[0.08365 0.04462]
solver time:  1.00753
plant_input_stage0: full=[0.08275 0.0545 ], physical=[0.08275 0.0545 ]
solver time:  1.0155
plant_input_stage0: full=[0.08175 0.06647], physical=[0.08175 0.06647]
solver time:  0.992558
plant_input_stage0: full=[0.08066 0.06683], physical=[0.08066 0.06683]
solver time:  1.01782
plant_input_stage0: full=[0.07949 0.04149], physical=[0.07949 0.04149]
solver time:  1.016517
plant_input_stage0: full=[ 0.07823 -0.01422], physical=[ 0.07823 -0.01422]
solver time:  1.046548
plant_input_stage0: full=[ 0.07692 -0.05234], physical=[ 0.07692 -0.05234]
solver time:  1.053001
plant_input_stage0: full=[ 0.07564 -0.07727], physical=[ 0.07564 -0.07727]
solver time:  1.05654
plant_input_stage0: full=[ 0.07425 -0.09152], physical=[ 0.07425 -0.09152]
solver time:  1.066161
plant_input_stage0: full=[ 0.07279 -0.09901], physical=[ 0.07279 -0.09901]
solver time:  1.065818
plant_input_stage0: full=[ 0.07122 -0.1013 ], physical=[ 0.07122 -0.1013 ]
solver time:  1.085813
plant_input_stage0: full=[ 0.06954 -0.10026], physical=[ 0.06954 -0.10026]
solver time:  1.026446
plant_input_stage0: full=[ 0.0678  -0.09612], physical=[ 0.0678  -0.09612]
solver time:  1.095968
plant_input_stage0: full=[ 0.06602 -0.02995], physical=[ 0.06602 -0.02995]
solver time:  1.133521
plant_input_stage0: full=[0.06411 0.02885], physical=[0.06411 0.02885]
solver time:  1.154871
plant_input_stage0: full=[0.06271 0.02508], physical=[0.06271 0.02508]
solver time:  1.138009
plant_input_stage0: full=[0.06631 0.02183], physical=[0.06631 0.02183]
solver time:  1.242207
plant_input_stage0: full=[0.0708  0.01904], physical=[0.0708  0.01904]
solver time:  1.238512
plant_input_stage0: full=[0.07272 0.02105], physical=[0.07272 0.02105]
solver time:  1.470942
plant_input_stage0: full=[ 0.07392 -0.15969], physical=[ 0.07392 -0.15969]
solver time:  1.482405
plant_input_stage0: full=[ 0.09057 -0.88484], physical=[ 0.09057 -0.88484]
solver time:  1.457267
plant_input_stage0: full=[0.08651 0.42341], physical=[0.08651 0.42341]
solver time:  1.411798
plant_input_stage0: full=[0.08637 1.     ], physical=[0.08637 1.     ]
solver time:  1.466078
plant_input_stage0: full=[0.05676 1.     ], physical=[0.05676 1.     ]
solver time:  1.336607
plant_input_stage0: full=[0.05338 1.     ], physical=[0.05338 1.     ]
solver time:  1.331432
plant_input_stage0: full=[0.05186 1.     ], physical=[0.05186 1.     ]
solver time:  1.34354
plant_input_stage0: full=[0.0508 1.    ], physical=[0.0508 1.    ]
solver time:  1.382712
plant_input_stage0: full=[0.05615 1.     ], physical=[0.05615 1.     ]
solver time:  1.415192
plant_input_stage0: full=[0.06108 1.     ], physical=[0.06108 1.     ]
solver time:  1.513718
plant_input_stage0: full=[0.06561 1.     ], physical=[0.06561 1.     ]
solver time:  1.382027
plant_input_stage0: full=[0.06978 1.     ], physical=[0.06978 1.     ]
solver time:  1.12947
plant_input_stage0: full=[0.07357 1.     ], physical=[0.07357 1.     ]
solver time:  1.172312
plant_input_stage0: full=[0.07698 1.     ], physical=[0.07698 1.     ]
solver time:  1.256217
plant_input_stage0: full=[0.07995 1.     ], physical=[0.07995 1.     ]
solver time:  1.167249
plant_input_stage0: full=[0.08243 1.     ], physical=[0.08243 1.     ]
solver time:  1.154021
plant_input_stage0: full=[0.11275 1.     ], physical=[0.11275 1.     ]
solver time:  1.074309
plant_input_stage0: full=[0.10824 1.     ], physical=[0.10824 1.     ]
solver time:  1.061793
plant_input_stage0: full=[0.10279 0.28682], physical=[0.10279 0.28682]
solver time:  1.070145
plant_input_stage0: full=[0.09668 0.19344], physical=[0.09668 0.19344]
solver time:  1.069095
plant_input_stage0: full=[0.09086 0.12521], physical=[0.09086 0.12521]
solver time:  1.128908
plant_input_stage0: full=[0.08536 0.07596], physical=[0.08536 0.07596]
solver time:  1.124745
plant_input_stage0: full=[0.08474 0.03655], physical=[0.08474 0.03655]
solver time:  1.137002
plant_input_stage0: full=[0.08464 0.02686], physical=[0.08464 0.02686]
solver time:  1.409868
plant_input_stage0: full=[0.08453 0.08825], physical=[0.08453 0.08825]
solver time:  1.246203
plant_input_stage0: full=[0.08445 0.08042], physical=[0.08445 0.08042]
solver time:  1.248105
plant_input_stage0: full=[0.08431 0.07436], physical=[0.08431 0.07436]
solver time:  1.245858
plant_input_stage0: full=[0.08422 0.07227], physical=[0.08422 0.07227]
solver time:  1.297315
plant_input_stage0: full=[0.08413 0.07146], physical=[0.08413 0.07146]
solver time:  1.612657
plant_input_stage0: full=[0.11189 0.08462], physical=[0.11189 0.08462]
solver time:  1.642586
plant_input_stage0: full=[0.10506 0.08188], physical=[0.10506 0.08188]
solver time:  1.692184
plant_input_stage0: full=[0.09867 0.41425], physical=[0.09867 0.41425]
solver time:  1.913551
plant_input_stage0: full=[0.09248 0.5352 ], physical=[0.09248 0.5352 ]
solver time:  1.909672
plant_input_stage0: full=[0.08696 0.00004], physical=[0.08696 0.00004]
solver time:  1.739308
plant_input_stage0: full=[0.08603 0.04623], physical=[0.08603 0.04623]
solver time:  1.457277
plant_input_stage0: full=[0.08599 0.05221], physical=[0.08599 0.05221]
solver time:  1.430741
plant_input_stage0: full=[0.08595 0.04902], physical=[0.08595 0.04902]
solver time:  1.504962
plant_input_stage0: full=[0.08592 0.04603], physical=[0.08592 0.04603]
solver time:  1.467411
plant_input_stage0: full=[0.08589 0.04322], physical=[0.08589 0.04322]
solver time:  1.486562
plant_input_stage0: full=[0.08587 0.04058], physical=[0.08587 0.04058]
solver time:  1.358874
plant_input_stage0: full=[0.08585 0.0381 ], physical=[0.08585 0.0381 ]
solver time:  1.503268
plant_input_stage0: full=[0.08583 0.0357 ], physical=[0.08583 0.0357 ]
solver time:  1.211205
plant_input_stage0: full=[0.08581 0.03357], physical=[0.08581 0.03357]
solver time:  1.225577
plant_input_stage0: full=[0.08579 0.03151], physical=[0.08579 0.03151]
solver time:  1.328638
plant_input_stage0: full=[0.08578 0.02958], physical=[0.08578 0.02958]
solver time:  1.462195
plant_input_stage0: full=[0.08577 0.02778], physical=[0.08577 0.02778]
solver time:  1.356978
plant_input_stage0: full=[0.08543 0.04966], physical=[0.08543 0.04966]
solver time:  1.325407
plant_input_stage0: full=[0.0836  0.15113], physical=[0.0836  0.15113]
solver time:  1.35804
plant_input_stage0: full=[0.08066 0.2479 ], physical=[0.08066 0.2479 ]
solver time:  1.417077
plant_input_stage0: full=[0.07758 0.29718], physical=[0.07758 0.29718]
solver time:  1.474842
plant_input_stage0: full=[0.07441 0.34999], physical=[0.07441 0.34999]
solver time:  1.549491
plant_input_stage0: full=[0.07108 0.42176], physical=[0.07108 0.42176]
solver time:  1.577647
plant_input_stage0: full=[0.0675  0.51609], physical=[0.0675  0.51609]
solver time:  1.787606
plant_input_stage0: full=[0.0638  0.68608], physical=[0.0638  0.68608]
solver time:  1.4528
plant_input_stage0: full=[0.06106 0.65317], physical=[0.06106 0.65317]
solver time:  1.555225
plant_input_stage0: full=[ 0.07796 -0.71221], physical=[ 0.07796 -0.71221]
solver time:  2.505471
plant_input_stage0: full=[0.05535 1.     ], physical=[0.05535 1.     ]
solver time:  2.279436
plant_input_stage0: full=[ 0.07934 -0.87689], physical=[ 0.07934 -0.87689]
solver time:  1.952798
plant_input_stage0: full=[ 0.08135 -0.72541], physical=[ 0.08135 -0.72541]
solver time:  1.855383
plant_input_stage0: full=[ 0.08279 -0.61446], physical=[ 0.08279 -0.61446]
solver time:  1.805219
plant_input_stage0: full=[ 0.08384 -0.53129], physical=[ 0.08384 -0.53129]
solver time:  1.710388
plant_input_stage0: full=[ 0.08463 -0.46857], physical=[ 0.08463 -0.46857]
solver time:  1.773976
plant_input_stage0: full=[ 0.08521 -0.42214], physical=[ 0.08521 -0.42214]
solver time:  1.649252
plant_input_stage0: full=[ 0.08553 -0.38969], physical=[ 0.08553 -0.38969]
solver time:  2.038028
plant_input_stage0: full=[ 0.08568 -0.37116], physical=[ 0.08568 -0.37116]
solver time:  1.690176
plant_input_stage0: full=[ 0.0857  -0.36807], physical=[ 0.0857  -0.36807]
solver time:  1.798199
plant_input_stage0: full=[ 0.08561 -0.38696], physical=[ 0.08561 -0.38696]
solver time:  1.92004
plant_input_stage0: full=[ 0.08542 -0.44632], physical=[ 0.08542 -0.44632]
solver time:  1.871515
plant_input_stage0: full=[ 0.08514 -0.55139], physical=[ 0.08514 -0.55139]
solver time:  3.098351
plant_input_stage0: full=[ 0.0848  -0.09488], physical=[ 0.0848  -0.09488]
solver time:  2.331265
plant_input_stage0: full=[-0.11848 -0.22608], physical=[-0.11848 -0.22608]
solver time:  1.766514
plant_input_stage0: full=[0.08499 0.27704], physical=[0.08499 0.27704]
solver time:  2.787015
plant_input_stage0: full=[ 0.08444 -0.1012 ], physical=[ 0.08444 -0.1012 ]
solver time:  1.884923
plant_input_stage0: full=[-0.07995 -0.20025], physical=[-0.07995 -0.20025]
solver time:  1.770744
plant_input_stage0: full=[-0.11793 -0.0497 ], physical=[-0.11793 -0.0497 ]
solver time:  2.596763
plant_input_stage0: full=[-0.09484 -0.04603], physical=[-0.09484 -0.04603]
solver time:  1.745781
plant_input_stage0: full=[0.08579 0.48143], physical=[0.08579 0.48143]
solver time:  1.623825
plant_input_stage0: full=[ 0.08529 -0.08382], physical=[ 0.08529 -0.08382]
solver time:  2.196583
plant_input_stage0: full=[-0.10233 -0.25943], physical=[-0.10233 -0.25943]
solver time:  2.185106
plant_input_stage0: full=[-0.09011 -0.05245], physical=[-0.09011 -0.05245]
solver time:  1.781984
plant_input_stage0: full=[0.08594 0.40935], physical=[0.08594 0.40935]
solver time:  1.646328
plant_input_stage0: full=[ 0.08543 -0.0793 ], physical=[ 0.08543 -0.0793 ]
solver time:  2.068679
plant_input_stage0: full=[ 0.08491 -0.09121], physical=[ 0.08491 -0.09121]
solver time:  2.243315
plant_input_stage0: full=[-0.0907  -0.22396], physical=[-0.0907  -0.22396]
solver time:  1.768361
plant_input_stage0: full=[0.08493 0.24367], physical=[0.08493 0.24367]
solver time:  2.257894
plant_input_stage0: full=[-0.0898  -0.23426], physical=[-0.0898  -0.23426]
solver time:  1.839918
plant_input_stage0: full=[0.08493 0.25495], physical=[0.08493 0.25495]
solver time:  2.36418
plant_input_stage0: full=[-0.11496 -0.23731], physical=[-0.11496 -0.23731]
solver time:  1.731325
plant_input_stage0: full=[0.08507 0.28412], physical=[0.08507 0.28412]
solver time:  2.122258
plant_input_stage0: full=[-0.02013 -0.29355], physical=[-0.02013 -0.29355]
solver time:  1.942808
plant_input_stage0: full=[0.08463 0.23779], physical=[0.08463 0.23779]
solver time:  2.785117
plant_input_stage0: full=[ 0.08407 -0.09677], physical=[ 0.08407 -0.09677]
solver time:  2.192619
plant_input_stage0: full=[ 0.11066 -0.19929], physical=[ 0.11066 -0.19929]
solver time:  2.28647
plant_input_stage0: full=[ 0.104   -0.02756], physical=[ 0.104   -0.02756]
solver time:  2.980372
plant_input_stage0: full=[ 0.0977  -0.01665], physical=[ 0.0977  -0.01665]
solver time:  3.119222
plant_input_stage0: full=[ 0.09177 -0.00887], physical=[ 0.09177 -0.00887]
solver time:  2.836213
plant_input_stage0: full=[ 0.08621 -0.00194], physical=[ 0.08621 -0.00194]
solver time:  2.93156
plant_input_stage0: full=[0.08116 0.08225], physical=[0.08116 0.08225]
solver time:  3.168335
plant_input_stage0: full=[0.08168 0.02212], physical=[0.08168 0.02212]
solver time:  3.166616
plant_input_stage0: full=[ 0.08212 -0.01667], physical=[ 0.08212 -0.01667]
solver time:  3.517067
plant_input_stage0: full=[ 0.08214 -0.02332], physical=[ 0.08214 -0.02332]
solver time:  3.404156
plant_input_stage0: full=[ 0.08207 -0.01354], physical=[ 0.08207 -0.01354]
solver time:  3.156475
plant_input_stage0: full=[ 0.08195 -0.01109], physical=[ 0.08195 -0.01109]
solver time:  4.268932
plant_input_stage0: full=[0.08153 0.04716], physical=[0.08153 0.04716]
solver time:  4.839811
plant_input_stage0: full=[ 0.08174 -0.00638], physical=[ 0.08174 -0.00638]
solver time:  3.876374
plant_input_stage0: full=[0.10474 0.09176], physical=[0.10474 0.09176]
solver time:  4.747878
plant_input_stage0: full=[ 0.09932 -0.44855], physical=[ 0.09932 -0.44855]
solver time:  2.966261
plant_input_stage0: full=[ 0.10227 -0.94506], physical=[ 0.10227 -0.94506]
solver time:  3.275603
plant_input_stage0: full=[ 0.07889 -1.     ], physical=[ 0.07889 -1.     ]
solver time:  2.510582
plant_input_stage0: full=[ 0.07706 -1.     ], physical=[ 0.07706 -1.     ]
solver time:  2.709187
plant_input_stage0: full=[ 0.07735 -1.     ], physical=[ 0.07735 -1.     ]
solver time:  2.45476
plant_input_stage0: full=[ 0.07703 -1.     ], physical=[ 0.07703 -1.     ]
solver time:  3.050752
plant_input_stage0: full=[ 0.07572 -1.     ], physical=[ 0.07572 -1.     ]
solver time:  2.49225
plant_input_stage0: full=[ 0.07666 -0.99999], physical=[ 0.07666 -0.99999]
solver time:  2.678186
plant_input_stage0: full=[ 0.07944 -0.92012], physical=[ 0.07944 -0.92012]
solver time:  2.655229
plant_input_stage0: full=[ 0.08236 -0.01182], physical=[ 0.08236 -0.01182]
solver time:  2.082147
plant_input_stage0: full=[0.0816  0.35107], physical=[0.0816  0.35107]
solver time:  1.965266
plant_input_stage0: full=[0.08245 0.30793], physical=[0.08245 0.30793]
solver time:  1.879255
plant_input_stage0: full=[0.0834  0.20193], physical=[0.0834  0.20193]
solver time:  2.001692
plant_input_stage0: full=[0.0839  0.13769], physical=[0.0839  0.13769]
solver time:  2.027204
plant_input_stage0: full=[0.08407 0.0965 ], physical=[0.08407 0.0965 ]
solver time:  2.103179
plant_input_stage0: full=[0.08426 0.35252], physical=[0.08426 0.35252]
solver time:  2.062211
plant_input_stage0: full=[0.08408 0.35258], physical=[0.08408 0.35258]
solver time:  1.964592
plant_input_stage0: full=[0.08441 0.37667], physical=[0.08441 0.37667]
solver time:  2.029065
plant_input_stage0: full=[0.08455 0.21723], physical=[0.08455 0.21723]
solver time:  2.118263
plant_input_stage0: full=[0.08232 0.79081], physical=[0.08232 0.79081]
solver time:  1.935161
plant_input_stage0: full=[0.07752 1.     ], physical=[0.07752 1.     ]
solver time:  1.917216
plant_input_stage0: full=[0.1006 1.    ], physical=[0.1006 1.    ]
solver time:  2.053431
plant_input_stage0: full=[0.09851 1.     ], physical=[0.09851 1.     ]
solver time:  1.991588
plant_input_stage0: full=[0.0954 1.    ], physical=[0.0954 1.    ]
solver time:  2.278497
plant_input_stage0: full=[0.09141 1.     ], physical=[0.09141 1.     ]
solver time:  2.243625
plant_input_stage0: full=[0.08667 0.27873], physical=[0.08667 0.27873]
solver time:  2.038134
plant_input_stage0: full=[0.08311 0.09905], physical=[0.08311 0.09905]
solver time:  2.090485
plant_input_stage0: full=[0.08272 0.06452], physical=[0.08272 0.06452]
solver time:  2.017044
plant_input_stage0: full=[0.08231 0.03838], physical=[0.08231 0.03838]
solver time:  2.184736
plant_input_stage0: full=[0.08188 0.01887], physical=[0.08188 0.01887]
solver time:  2.061229
plant_input_stage0: full=[ 0.08145 -0.00695], physical=[ 0.08145 -0.00695]
solver time:  2.444041
plant_input_stage0: full=[ 0.08168 -0.04139], physical=[ 0.08168 -0.04139]
solver time:  2.310085
plant_input_stage0: full=[0.08215 0.00995], physical=[0.08215 0.00995]
solver time:  2.477958
plant_input_stage0: full=[0.08223 0.02715], physical=[0.08223 0.02715]
solver time:  2.384565
plant_input_stage0: full=[0.08209 0.01625], physical=[0.08209 0.01625]
solver time:  2.546878
plant_input_stage0: full=[0.08205 0.02361], physical=[0.08205 0.02361]
solver time:  3.619557
plant_input_stage0: full=[0.08186 0.00702], physical=[0.08186 0.00702]
solver time:  2.704908
plant_input_stage0: full=[ 0.08138 -0.05741], physical=[ 0.08138 -0.05741]
solver time:  3.121085
plant_input_stage0: full=[ 0.10561 -0.50504], physical=[ 0.10561 -0.50504]
solver time:  3.115448
plant_input_stage0: full=[0.10115 0.89039], physical=[0.10115 0.89039]
solver time:  2.950824
plant_input_stage0: full=[0.09293 0.47019], physical=[0.09293 0.47019]
solver time:  3.151525
plant_input_stage0: full=[0.08047 1.     ], physical=[0.08047 1.     ]
solver time:  3.031994
plant_input_stage0: full=[0.07857 1.     ], physical=[0.07857 1.     ]
solver time:  3.2263
plant_input_stage0: full=[0.07835 1.     ], physical=[0.07835 1.     ]
solver time:  3.009993
plant_input_stage0: full=[0.078 1.   ], physical=[0.078 1.   ]
solver time:  3.324089
plant_input_stage0: full=[0.07765 1.     ], physical=[0.07765 1.     ]
solver time:  2.305688
plant_input_stage0: full=[0.07754 0.97313], physical=[0.07754 0.97313]
solver time:  2.175067
plant_input_stage0: full=[0.07894 0.91055], physical=[0.07894 0.91055]
solver time:  2.06658
plant_input_stage0: full=[0.08178 0.19859], physical=[0.08178 0.19859]
solver time:  2.241388
plant_input_stage0: full=[ 0.08389 -0.33588], physical=[ 0.08389 -0.33588]
solver time:  2.083625
plant_input_stage0: full=[ 0.08297 -0.31317], physical=[ 0.08297 -0.31317]
solver time:  2.017568
plant_input_stage0: full=[ 0.08376 -0.20371], physical=[ 0.08376 -0.20371]
solver time:  2.289951
plant_input_stage0: full=[ 0.08421 -0.13845], physical=[ 0.08421 -0.13845]
solver time:  2.35153
plant_input_stage0: full=[ 0.08445 -0.09654], physical=[ 0.08445 -0.09654]
solver time:  2.311796
plant_input_stage0: full=[ 0.08444 -0.36736], physical=[ 0.08444 -0.36736]
solver time:  2.604802
plant_input_stage0: full=[ 0.08475 -0.36444], physical=[ 0.08475 -0.36444]
solver time:  2.736242
plant_input_stage0: full=[ 0.0852  -0.38512], physical=[ 0.0852  -0.38512]
solver time:  2.571194
plant_input_stage0: full=[ 0.08558 -0.4483 ], physical=[ 0.08558 -0.4483 ]
solver time:  2.211518
plant_input_stage0: full=[ 0.08449 -0.61417], physical=[ 0.08449 -0.61417]
solver time:  2.02231
plant_input_stage0: full=[ 0.08247 -1.     ], physical=[ 0.08247 -1.     ]
solver time:  2.410722
plant_input_stage0: full=[ 0.11 -1.  ], physical=[ 0.11 -1.  ]
solver time:  2.29881
plant_input_stage0: full=[ 0.10542 -1.     ], physical=[ 0.10542 -1.     ]
solver time:  2.182188
plant_input_stage0: full=[ 0.10001 -0.5204 ], physical=[ 0.10001 -0.5204 ]
solver time:  2.379741
plant_input_stage0: full=[ 0.09404 -0.00001], physical=[ 0.09404 -0.00001]
solver time:  2.449611
plant_input_stage0: full=[ 0.08832 -0.00001], physical=[ 0.08832 -0.00001]
solver time:  2.173981
plant_input_stage0: full=[ 0.08572 -0.00929], physical=[ 0.08572 -0.00929]
solver time:  2.0615
plant_input_stage0: full=[ 0.08572 -0.01687], physical=[ 0.08572 -0.01687]
solver time:  2.172708
plant_input_stage0: full=[ 0.08571 -0.01583], physical=[ 0.08571 -0.01583]
solver time:  2.094824
plant_input_stage0: full=[ 0.08571 -0.01486], physical=[ 0.08571 -0.01486]
solver time:  2.045923
plant_input_stage0: full=[ 0.08571 -0.01394], physical=[ 0.08571 -0.01394]
solver time:  1.880812
plant_input_stage0: full=[ 0.0857  -0.01306], physical=[ 0.0857  -0.01306]
solver time:  1.755094
plant_input_stage0: full=[ 0.0857  -0.01227], physical=[ 0.0857  -0.01227]
solver time:  1.855756
plant_input_stage0: full=[ 0.08569 -0.00522], physical=[ 0.08569 -0.00522]
solver time:  1.769965
plant_input_stage0: full=[0.08564 0.01435], physical=[0.08564 0.01435]
solver time:  1.800771
plant_input_stage0: full=[0.08556 0.02474], physical=[0.08556 0.02474]
solver time:  1.931489
plant_input_stage0: full=[0.08547 0.03484], physical=[0.08547 0.03484]
solver time:  1.886084
plant_input_stage0: full=[0.08536 0.04338], physical=[0.08536 0.04338]
solver time:  2.00809
plant_input_stage0: full=[0.08523 0.0516 ], physical=[0.08523 0.0516 ]
solver time:  1.899836
plant_input_stage0: full=[0.08508 0.05795], physical=[0.08508 0.05795]
solver time:  1.732103
plant_input_stage0: full=[0.08491 0.06188], physical=[0.08491 0.06188]
solver time:  1.711412
plant_input_stage0: full=[0.08472 0.06328], physical=[0.08472 0.06328]
solver time:  1.693984
plant_input_stage0: full=[0.08451 0.06404], physical=[0.08451 0.06404]
solver time:  1.509353
plant_input_stage0: full=[0.0843  0.06026], physical=[0.0843  0.06026]
solver time:  1.525092
plant_input_stage0: full=[0.08405 0.04997], physical=[0.08405 0.04997]
solver time:  1.73041
plant_input_stage0: full=[0.08382 0.04053], physical=[0.08382 0.04053]
solver time:  1.565109
plant_input_stage0: full=[0.08356 0.02451], physical=[0.08356 0.02451]
solver time:  1.458041
plant_input_stage0: full=[0.08331 0.00907], physical=[0.08331 0.00907]
solver time:  1.515795
plant_input_stage0: full=[ 0.0831  -0.01788], physical=[ 0.0831  -0.01788]
solver time:  1.471409
plant_input_stage0: full=[ 0.08303 -0.06329], physical=[ 0.08303 -0.06329]
solver time:  1.5183
plant_input_stage0: full=[ 0.08315 -0.09354], physical=[ 0.08315 -0.09354]
solver time:  1.548841
plant_input_stage0: full=[0.0831  0.05966], physical=[0.0831  0.05966]
solver time:  1.68977
plant_input_stage0: full=[0.08299 0.10383], physical=[0.08299 0.10383]
solver time:  1.675608
plant_input_stage0: full=[0.08281 0.09538], physical=[0.08281 0.09538]
solver time:  2.036935
plant_input_stage0: full=[0.08275 0.08936], physical=[0.08275 0.08936]
solver time:  1.987801
plant_input_stage0: full=[0.08253 0.08588], physical=[0.08253 0.08588]
solver time:  1.933701
plant_input_stage0: full=[0.10735 0.08942], physical=[0.10735 0.08942]
solver time:  1.952048
plant_input_stage0: full=[ 0.09993 -0.1126 ], physical=[ 0.09993 -0.1126 ]
solver time:  2.095578
plant_input_stage0: full=[0.09291 0.2432 ], physical=[0.09291 0.2432 ]
solver time:  2.295176
plant_input_stage0: full=[0.08846 0.89584], physical=[0.08846 0.89584]
solver time:  2.978643
plant_input_stage0: full=[0.07963 1.     ], physical=[0.07963 1.     ]
solver time:  2.803066
plant_input_stage0: full=[0.07934 1.     ], physical=[0.07934 1.     ]
solver time:  2.369894
plant_input_stage0: full=[0.07773 0.6227 ], physical=[0.07773 0.6227 ]
solver time:  2.076916
plant_input_stage0: full=[0.07596 0.3375 ], physical=[0.07596 0.3375 ]
solver time:  1.852291
plant_input_stage0: full=[0.07606 0.99998], physical=[0.07606 0.99998]
solver time:  1.924205
plant_input_stage0: full=[0.08123 0.83876], physical=[0.08123 0.83876]
solver time:  1.907901
plant_input_stage0: full=[ 0.08066 -0.14864], physical=[ 0.08066 -0.14864]
solver time:  1.957126
plant_input_stage0: full=[ 0.08088 -0.30513], physical=[ 0.08088 -0.30513]
solver time:  1.836329
plant_input_stage0: full=[ 0.08233 -0.19439], physical=[ 0.08233 -0.19439]
solver time:  1.891142
plant_input_stage0: full=[ 0.08298 -0.12993], physical=[ 0.08298 -0.12993]
solver time:  2.108098
plant_input_stage0: full=[ 0.0833 -0.09  ], physical=[ 0.0833 -0.09  ]
solver time:  1.831014
plant_input_stage0: full=[ 0.08366 -0.06331], physical=[ 0.08366 -0.06331]
solver time:  1.77471
plant_input_stage0: full=[ 0.08349 -0.48757], physical=[ 0.08349 -0.48757]
solver time:  1.89437
plant_input_stage0: full=[ 0.08367 -0.48071], physical=[ 0.08367 -0.48071]
solver time:  2.007491
plant_input_stage0: full=[ 0.08384 -0.50155], physical=[ 0.08384 -0.50155]
solver time:  1.931275
plant_input_stage0: full=[ 0.08375 -0.52599], physical=[ 0.08375 -0.52599]
solver time:  1.940592
plant_input_stage0: full=[ 0.08119 -0.75317], physical=[ 0.08119 -0.75317]
solver time:  1.848479
plant_input_stage0: full=[ 0.09537 -1.     ], physical=[ 0.09537 -1.     ]
solver time:  1.859123
plant_input_stage0: full=[ 0.09425 -1.     ], physical=[ 0.09425 -1.     ]
solver time:  1.840088
plant_input_stage0: full=[ 0.09206 -1.     ], physical=[ 0.09206 -1.     ]
solver time:  1.847176
plant_input_stage0: full=[ 0.08898 -1.     ], physical=[ 0.08898 -1.     ]
solver time:  1.738671
plant_input_stage0: full=[ 0.085   -0.72929], physical=[ 0.085   -0.72929]
solver time:  1.721913
plant_input_stage0: full=[ 0.0803  -0.06326], physical=[ 0.0803  -0.06326]
solver time:  1.831242
plant_input_stage0: full=[ 0.07666 -0.04054], physical=[ 0.07666 -0.04054]
solver time:  1.674851
plant_input_stage0: full=[ 0.0753 -0.0231], physical=[ 0.0753 -0.0231]
solver time:  1.673093
plant_input_stage0: full=[ 0.07387 -0.01024], physical=[ 0.07387 -0.01024]
solver time:  1.789594
plant_input_stage0: full=[ 0.07233 -0.00086], physical=[ 0.07233 -0.00086]
solver time:  1.893955
plant_input_stage0: full=[0.07068 0.00501], physical=[0.07068 0.00501]
solver time:  2.109378
plant_input_stage0: full=[0.06893 0.00945], physical=[0.06893 0.00945]
solver time:  2.312307
plant_input_stage0: full=[0.06703 0.01233], physical=[0.06703 0.01233]
solver time:  2.629964
plant_input_stage0: full=[0.06506 0.00565], physical=[0.06506 0.00565]
solver time:  2.144129
plant_input_stage0: full=[ 0.06304 -0.01196], physical=[ 0.06304 -0.01196]
solver time:  1.91185
plant_input_stage0: full=[ 0.06093 -0.00998], physical=[ 0.06093 -0.00998]
solver time:  2.15084
plant_input_stage0: full=[ 0.05918 -0.00815], physical=[ 0.05918 -0.00815]
solver time:  2.022579
plant_input_stage0: full=[ 0.06416 -0.00659], physical=[ 0.06416 -0.00659]
solver time:  2.092577
plant_input_stage0: full=[ 0.06964 -0.00532], physical=[ 0.06964 -0.00532]
solver time:  1.996286
plant_input_stage0: full=[0.07197 0.00577], physical=[0.07197 0.00577]
solver time:  2.130078
plant_input_stage0: full=[0.07321 0.35794], physical=[0.07321 0.35794]
solver time:  2.386579
plant_input_stage0: full=[0.09125 0.02944], physical=[0.09125 0.02944]
solver time:  2.124506
plant_input_stage0: full=[ 0.08971 -0.41234], physical=[ 0.08971 -0.41234]
solver time:  2.056057
plant_input_stage0: full=[ 0.09457 -1.     ], physical=[ 0.09457 -1.     ]
solver time:  2.418589
plant_input_stage0: full=[ 0.05012 -1.     ], physical=[ 0.05012 -1.     ]
solver time:  1.961188
plant_input_stage0: full=[ 0.04863 -1.     ], physical=[ 0.04863 -1.     ]
solver time:  2.308626
plant_input_stage0: full=[ 0.04803 -1.     ], physical=[ 0.04803 -1.     ]
solver time:  2.25543
plant_input_stage0: full=[ 0.0484 -1.    ], physical=[ 0.0484 -1.    ]
solver time:  2.400242
plant_input_stage0: full=[ 0.05408 -1.     ], physical=[ 0.05408 -1.     ]
solver time:  2.025525
plant_input_stage0: full=[ 0.05931 -1.     ], physical=[ 0.05931 -1.     ]
solver time:  2.808787
plant_input_stage0: full=[ 0.06415 -1.     ], physical=[ 0.06415 -1.     ]
solver time:  1.630268
plant_input_stage0: full=[ 0.06863 -1.     ], physical=[ 0.06863 -1.     ]
solver time:  1.524439
plant_input_stage0: full=[ 0.07276 -1.     ], physical=[ 0.07276 -1.     ]
solver time:  1.354757
plant_input_stage0: full=[ 0.0765 -1.    ], physical=[ 0.0765 -1.    ]
solver time:  1.432396
plant_input_stage0: full=[ 0.0798 -1.    ], physical=[ 0.0798 -1.    ]
solver time:  1.592822
plant_input_stage0: full=[ 0.0826 -1.    ], physical=[ 0.0826 -1.    ]
solver time:  1.656244
plant_input_stage0: full=[ 0.08478 -1.     ], physical=[ 0.08478 -1.     ]
solver time:  1.573684
plant_input_stage0: full=[ 0.11113 -1.     ], physical=[ 0.11113 -1.     ]
solver time:  1.526442
plant_input_stage0: full=[ 0.10437 -0.18448], physical=[ 0.10437 -0.18448]
solver time:  1.552679
plant_input_stage0: full=[ 0.09547 -0.04474], physical=[ 0.09547 -0.04474]
solver time:  1.656295
plant_input_stage0: full=[0.08437 0.46858], physical=[0.08437 0.46858]
solver time:  1.646708
plant_input_stage0: full=[0.08814 0.06788], physical=[0.08814 0.06788]
solver time:  1.751353
plant_input_stage0: full=[ 0.08526 -0.21604], physical=[ 0.08526 -0.21604]
solver time:  1.687438
plant_input_stage0: full=[ 0.08554 -0.40759], physical=[ 0.08554 -0.40759]
solver time:  1.704252
plant_input_stage0: full=[ 0.08568 -0.23303], physical=[ 0.08568 -0.23303]
solver time:  1.92298
plant_input_stage0: full=[ 0.08565 -0.00774], physical=[ 0.08565 -0.00774]
solver time:  1.880477
plant_input_stage0: full=[ 0.08556 -0.02391], physical=[ 0.08556 -0.02391]
solver time:  2.069966
plant_input_stage0: full=[ 0.08544 -0.03505], physical=[ 0.08544 -0.03505]
solver time:  2.340959
plant_input_stage0: full=[ 0.08529 -0.04563], physical=[ 0.08529 -0.04563]
solver time:  2.255874
plant_input_stage0: full=[ 0.0851  -0.05447], physical=[ 0.0851  -0.05447]
solver time:  1.93042
plant_input_stage0: full=[ 0.08489 -0.0633 ], physical=[ 0.08489 -0.0633 ]
solver time:  1.782222
plant_input_stage0: full=[ 0.08465 -0.0688 ], physical=[ 0.08465 -0.0688 ]
solver time:  1.791618
plant_input_stage0: full=[ 0.08438 -0.06906], physical=[ 0.08438 -0.06906]
solver time:  1.82274
plant_input_stage0: full=[ 0.08409 -0.0656 ], physical=[ 0.08409 -0.0656 ]
solver time:  1.763804
plant_input_stage0: full=[ 0.08376 -0.05752], physical=[ 0.08376 -0.05752]
solver time:  1.802407
plant_input_stage0: full=[ 0.08341 -0.04681], physical=[ 0.08341 -0.04681]
solver time:  1.894959
plant_input_stage0: full=[ 0.08306 -0.03419], physical=[ 0.08306 -0.03419]
solver time:  1.846654
plant_input_stage0: full=[ 0.08267 -0.01525], physical=[ 0.08267 -0.01525]
solver time:  2.146649
plant_input_stage0: full=[0.08226 0.00777], physical=[0.08226 0.00777]
solver time:  2.007768
plant_input_stage0: full=[0.08186 0.04369], physical=[0.08186 0.04369]
solver time:  2.18853
plant_input_stage0: full=[0.08177 0.06256], physical=[0.08177 0.06256]
solver time:  2.082689
plant_input_stage0: full=[0.0822  0.02363], physical=[0.0822  0.02363]
solver time:  1.865658
plant_input_stage0: full=[ 0.08235 -0.03694], physical=[ 0.08235 -0.03694]
solver time:  1.912264
plant_input_stage0: full=[ 0.08225 -0.0412 ], physical=[ 0.08225 -0.0412 ]
solver time:  2.040382
plant_input_stage0: full=[ 0.08205 -0.01751], physical=[ 0.08205 -0.01751]
solver time:  2.109399
plant_input_stage0: full=[ 0.08192 -0.02104], physical=[ 0.08192 -0.02104]
solver time:  2.332252
plant_input_stage0: full=[ 0.08193 -0.03186], physical=[ 0.08193 -0.03186]
solver time:  2.899927
plant_input_stage0: full=[0.08144 0.06096], physical=[0.08144 0.06096]
solver time:  2.399961
plant_input_stage0: full=[0.1021  0.38873], physical=[0.1021  0.38873]
solver time:  2.516159
plant_input_stage0: full=[ 0.09123 -0.43605], physical=[ 0.09123 -0.43605]
solver time:  2.47977
plant_input_stage0: full=[ 0.08126 -1.     ], physical=[ 0.08126 -1.     ]
solver time:  2.37201
plant_input_stage0: full=[ 0.07971 -1.     ], physical=[ 0.07971 -1.     ]
solver time:  2.143459
plant_input_stage0: full=[ 0.07795 -1.     ], physical=[ 0.07795 -1.     ]
solver time:  2.12171
plant_input_stage0: full=[ 0.07804 -1.     ], physical=[ 0.07804 -1.     ]
solver time:  2.455227
plant_input_stage0: full=[ 0.0776 -1.    ], physical=[ 0.0776 -1.    ]
solver time:  2.079327
plant_input_stage0: full=[ 0.07706 -0.80188], physical=[ 0.07706 -0.80188]
solver time:  2.098155
plant_input_stage0: full=[ 0.07734 -0.94586], physical=[ 0.07734 -0.94586]
solver time:  1.597342
plant_input_stage0: full=[ 0.08104 -0.77639], physical=[ 0.08104 -0.77639]
solver time:  1.675866
plant_input_stage0: full=[0.08104 0.1583 ], physical=[0.08104 0.1583 ]
solver time:  1.601761
plant_input_stage0: full=[0.08149 0.35387], physical=[0.08149 0.35387]
solver time:  1.667208
plant_input_stage0: full=[0.08265 0.2527 ], physical=[0.08265 0.2527 ]
solver time:  1.693252
plant_input_stage0: full=[0.08342 0.168  ], physical=[0.08342 0.168  ]
solver time:  1.65171
plant_input_stage0: full=[0.08376 0.11543], physical=[0.08376 0.11543]
solver time:  1.638582
plant_input_stage0: full=[0.08408 0.08141], physical=[0.08408 0.08141]
solver time:  1.832748
plant_input_stage0: full=[0.08376 0.40024], physical=[0.08376 0.40024]
solver time:  1.776861
plant_input_stage0: full=[0.08412 0.40201], physical=[0.08412 0.40201]
solver time:  2.056938
plant_input_stage0: full=[0.08426 0.43178], physical=[0.08426 0.43178]
solver time:  1.854318
plant_input_stage0: full=[0.08398 0.35995], physical=[0.08398 0.35995]
solver time:  1.692756
plant_input_stage0: full=[0.08192 0.83173], physical=[0.08192 0.83173]
solver time:  1.594254
plant_input_stage0: full=[0.09549 1.     ], physical=[0.09549 1.     ]
solver time:  1.60351
plant_input_stage0: full=[0.09463 1.     ], physical=[0.09463 1.     ]
solver time:  1.587184
plant_input_stage0: full=[0.09267 1.     ], physical=[0.09267 1.     ]
solver time:  1.636478
plant_input_stage0: full=[0.08973 1.     ], physical=[0.08973 1.     ]
solver time:  1.767305
plant_input_stage0: full=[0.08596 1.     ], physical=[0.08596 1.     ]
solver time:  1.495158
plant_input_stage0: full=[0.08148 0.07967], physical=[0.08148 0.07967]
solver time:  1.46715
plant_input_stage0: full=[0.07814 0.05139], physical=[0.07814 0.05139]
solver time:  1.513065
plant_input_stage0: full=[0.0768 0.03  ], physical=[0.0768 0.03  ]
solver time:  1.598381
plant_input_stage0: full=[0.07532 0.01411], physical=[0.07532 0.01411]
solver time:  1.536363
plant_input_stage0: full=[0.0737  0.00251], physical=[0.0737  0.00251]
solver time:  1.625126
plant_input_stage0: full=[ 0.07199 -0.00557], physical=[ 0.07199 -0.00557]
solver time:  1.590398
plant_input_stage0: full=[ 0.07016 -0.01118], physical=[ 0.07016 -0.01118]
solver time:  1.592053
plant_input_stage0: full=[ 0.06823 -0.01399], physical=[ 0.06823 -0.01399]
solver time:  1.644292
plant_input_stage0: full=[0.0662  0.00201], physical=[0.0662  0.00201]
solver time:  1.591712
plant_input_stage0: full=[0.0641  0.01588], physical=[0.0641  0.01588]
solver time:  1.687046
plant_input_stage0: full=[0.06194 0.01376], physical=[0.06194 0.01376]
solver time:  1.982435
plant_input_stage0: full=[0.06006 0.01117], physical=[0.06006 0.01117]
solver time:  1.835347
plant_input_stage0: full=[0.05866 0.00942], physical=[0.05866 0.00942]
solver time:  2.224797
plant_input_stage0: full=[0.05749 0.00785], physical=[0.05749 0.00785]
solver time:  1.909273
plant_input_stage0: full=[0.0564  0.00647], physical=[0.0564  0.00647]
solver time:  1.789773
plant_input_stage0: full=[0.05534 0.00533], physical=[0.05534 0.00533]
solver time:  1.798332
plant_input_stage0: full=[0.05967 0.00454], physical=[0.05967 0.00454]
solver time:  1.956
plant_input_stage0: full=[0.05756 0.00399], physical=[0.05756 0.00399]
solver time:  1.996492
plant_input_stage0: full=[0.05553 0.00367], physical=[0.05553 0.00367]
solver time:  1.997783
plant_input_stage0: full=[0.05359 0.00393], physical=[0.05359 0.00393]
solver time:  1.934494
plant_input_stage0: full=[0.0505 0.0071], physical=[0.0505 0.0071]
solver time:  2.514048
plant_input_stage0: full=[0.05076 1.     ], physical=[0.05076 1.     ]
solver time:  2.378774
plant_input_stage0: full=[0.04593 1.     ], physical=[0.04593 1.     ]
solver time:  1.966051
plant_input_stage0: full=[0.0452 1.    ], physical=[0.0452 1.    ]
solver time:  2.434741
plant_input_stage0: full=[0.04506 0.99753], physical=[0.04506 0.99753]
solver time:  2.124691
plant_input_stage0: full=[0.04313 0.91275], physical=[0.04313 0.91275]
solver time:  2.166053
plant_input_stage0: full=[0.04097 0.90011], physical=[0.04097 0.90011]
solver time:  2.2504
plant_input_stage0: full=[0.03902 0.82491], physical=[0.03902 0.82491]
solver time:  2.294798
plant_input_stage0: full=[0.03705 0.81286], physical=[0.03705 0.81286]
solver time:  1.975897
plant_input_stage0: full=[0.03506 0.73662], physical=[0.03506 0.73662]
solver time:  2.050111
plant_input_stage0: full=[0.03305 0.72424], physical=[0.03305 0.72424]
solver time:  1.904031
plant_input_stage0: full=[0.03115 0.65287], physical=[0.03115 0.65287]
solver time:  2.351909
plant_input_stage0: full=[0.0293  0.64226], physical=[0.0293  0.64226]
solver time:  2.090456
plant_input_stage0: full=[0.02757 0.57478], physical=[0.02757 0.57478]
solver time:  2.100609
plant_input_stage0: full=[0.02587 0.56752], physical=[0.02587 0.56752]
solver time:  1.974995
plant_input_stage0: full=[0.02433 0.08306], physical=[0.02433 0.08306]
solver time:  2.083589
plant_input_stage0: full=[0.02285 0.0049 ], physical=[0.02285 0.0049 ]
solver time:  2.823023
plant_input_stage0: full=[0.02146 0.00329], physical=[0.02146 0.00329]
solver time:  2.121619
plant_input_stage0: full=[0.02015 0.00265], physical=[0.02015 0.00265]
solver time:  2.028612
plant_input_stage0: full=[0.01893 0.00225], physical=[0.01893 0.00225]
solver time:  2.221508
plant_input_stage0: full=[0.01777 0.00197], physical=[0.01777 0.00197]
solver time:  1.870396
plant_input_stage0: full=[0.01669 0.00177], physical=[0.01669 0.00177]
solver time:  1.690062
plant_input_stage0: full=[0.01568 0.00162], physical=[0.01568 0.00162]
solver time:  1.706918
plant_input_stage0: full=[0.01472 0.0015 ], physical=[0.01472 0.0015 ]
solver time:  1.729095
plant_input_stage0: full=[0.01383 0.00142], physical=[0.01383 0.00142]
solver time:  1.700847
plant_input_stage0: full=[0.01298 0.00137], physical=[0.01298 0.00137]
solver time:  1.660575
plant_input_stage0: full=[0.01219 0.00133], physical=[0.01219 0.00133]
solver time:  1.662825
plant_input_stage0: full=[0.01145 0.00132], physical=[0.01145 0.00132]
solver time:  1.650199
plant_input_stage0: full=[0.01076 0.00131], physical=[0.01076 0.00131]
solver time:  1.619414
plant_input_stage0: full=[0.0101  0.00132], physical=[0.0101  0.00132]
solver time:  1.586332
plant_input_stage0: full=[0.00949 0.00134], physical=[0.00949 0.00134]
solver time:  1.638783
plant_input_stage0: full=[0.00891 0.00137], physical=[0.00891 0.00137]
solver time:  1.594905
plant_input_stage0: full=[0.00837 0.00141], physical=[0.00837 0.00141]
solver time:  1.556617
plant_input_stage0: full=[0.00786 0.00145], physical=[0.00786 0.00145]
solver time:  1.527385
plant_input_stage0: full=[0.00738 0.0015 ], physical=[0.00738 0.0015 ]
solver time:  1.618847
plant_input_stage0: full=[0.00693 0.00156], physical=[0.00693 0.00156]
solver time:  1.606803
plant_input_stage0: full=[0.00651 0.00162], physical=[0.00651 0.00162]
solver time:  1.616617
plant_input_stage0: full=[0.00611 0.00169], physical=[0.00611 0.00169]
목적지에 도착했습니다! 현재 위치: [1.81001 0.0973 ], 시간: 39.60초
Using obca optimizer with differential_drive dynamics:
median:  1.888613
std:  0.5639531964336245
min:  0.866754
max:  4.839811
Simulation finished.
Run outcome: status=success, reason=None, final_time=39.60000000000029, distance_to_goal=0.009430968846625162
Trial history saved to /home/taek111/projects/psdf_mpcc/debug_runs/obca_dcbf_params_20260910/obca/data/trial_history_MPC_OBCA_rectangle_maze_dcbf_params_20260910.csv
Generating plots...
The PostScript backend does not support transparency; partially transparent artists will be rendered opaque.
The PostScript backend does not support transparency; partially transparent artists will be rendered opaque.
Single test completed.
RESULT: {"status": "success", "failure_reason": null, "goal_reached": true, "final_time": 39.60000000000029, "distance_to_goal": 0.009430968846625162, "current_name": "MPC_OBCA_rectangle_maze_dcbf_params_20260910", "output_root_dir": "/home/taek111/projects/psdf_mpcc/debug_runs/obca_dcbf_params_20260910/obca", "wall_seconds": 1168.165478643, "method": "obca", "cli": ["--single", "--config", "/home/taek111/projects/psdf_mpcc/debug_runs/obca_dcbf_params_20260910/obca/config.yaml", "--maze-type", "maze", "--robot-shape", "rectangle", "--dynamics-type", "differential_drive", "--optimizer-type", "obca", "--path-planner", "astar", "--simulation-time", "60", "--no-perturb-start", "--no-animation"], "optimizer_source_sha256": "736a8a0b875bf8dc2a55a7fff31f7fcc0262c25f556990743a7da7ca03251626", "optimizer_source_unchanged_during_run": true, "source_commit": "65b8b6f37408873e2638b3e20ea01c5be5b46bbd"}
