RMPCC configured from config: horizon=20, tf=2.0, use_obstacle_constraint=True, use_row_mf=True, d_col=0.001, d_min=0.001, d_mf_mask=0.001, mf_slack_linear=100.0, mf_slack_quadratic=1.0, chance_epsilon=0.2, mf_active_start_step=1, mf_active_end_step=10, mf_active_terminal=False, sigma_f0=0.0002, sigma_l0=0.00025, sigma_psi0=0.00025, q_f0=0.0, q_l0=0.0, q_psi0=0.0, alpha_f=0.002, alpha_v=0.0004, alpha_kappa=0.01, beta_v=0.02, beta_kappa=0.008, beta_omega=0.008, enable_backup_solver=False, debug_mf=True, debug_infeasibility=True, augmented_psdf_device=cpu
Resetting rmpcc optimizer for clean state...
Trial failure criteria enabled: movement_window_sec=5.0, movement_threshold=0.005, max_consecutive_solver_failures=10
generating global path with A* + Line of Sight
시작 위치: [0.075 0.795]
목적지: [1.8  0.09]
도착 판정 기준: position <= 0.01m, angle <= 0.01rad
Setting up RMPCC-MF optimizer...
RMPCC-MF Row M configuration: enabled=True, active only when phi > d_mf_mask=0.001, configured stages=[1, 2, 3, 4, 5, 6, 7, 8, 9, 10]
Added two affine safety rows at intermediate/terminal stages: 0=HARD guard/recovery, 1=SOFT MF
field AcadosOcpDims.N has been migrated to AcadosOcpOptions.N_horizon. setting AcadosOcpOptions.N_horizon = N. For future comppatibility, please use AcadosOcpOptions.N_horizon directly.

WARNING: Gauss-Newton Hessian approximation with EXTERNAL cost type not well defined!
got cost_type EXTERNAL for cost_type_0, cost_type, cost_type_e, hessian_approx: 'GAUSS_NEWTON'.
With this setting, acados will proceed computing the exact Hessian for the cost term and no Hessian contribution from constraints and dynamics.
If the external cost is a linear least squares cost, this coincides with the Gauss-Newton Hessian.
Note: There is also the option to use the external cost module with a numerical Hessian approximation (see `ext_cost_num_hess`).
OR the option to provide a symbolic custom Hessian approximation (see `cost_expr_ext_cost_custom_hess`).

acados was compiled without OpenMP.
RMPCC-MF backup SQP_WITH_FEASIBLE_QP solver disabled; using nominal safe-stop recovery.
[RMPCC 0000] OK solve=128.7ms pose=(0.075,0.795,-1.571) u=(0.123,0.000) s=0.013 PSDFmin=+0.03 G=OK(+0.04134) MF=OK(active=10/20,min=+0.2,slack=+7.52e-12)
[RMPCC 0001] OK solve=121.1ms pose=(0.075,0.783,-1.571) u=(0.114,0.088) s=0.024 PSDFmin=-0.002916 G=OK(+1.599e-12) MF=OK(active=10/20,min=+0.2,slack=+8.156e-13)
[RMPCC 0002] OK solve=126.0ms pose=(0.075,0.771,-1.562) u=(0.112,0.025) s=0.035 PSDFmin=+0.001808 G=OK(+8.826e-15) MF=OK(active=10/20,min=+2.174e-11,slack=+6.825e-15)
[RMPCC 0003] OK solve=112.3ms pose=(0.075,0.760,-1.559) u=(0.113,-0.070) s=0.041 PSDFmin=+0.002203 G=OK(+3.899e-13) MF=OK(active=10/20,min=+3.052e-09,slack=+1.785e-12)
[RMPCC 0004] OK solve=123.7ms pose=(0.075,0.749,-1.566) u=(0.125,0.097) s=0.055 PSDFmin=+0.001015 G=OK(+1.277e-15) MF=OK(active=10/20,min=+5.748e-14,slack=+1.953e-16)
[RMPCC 0005] OK solve=120.1ms pose=(0.075,0.736,-1.557) u=(0.117,-0.069) s=0.056 PSDFmin=+0.001807 G=OK(+1.665e-16) MF=OK(active=10/20,min=+6.451e-15,slack=+1.159e-17)
[RMPCC 0006] OK solve=121.5ms pose=(0.075,0.725,-1.564) u=(0.116,0.226) s=0.071 PSDFmin=+0.00153 G=OK(+3.264e-14) MF=OK(active=10/20,min=+7.878e-13,slack=+1.967e-15)
[RMPCC 0007] OK solve=117.4ms pose=(0.076,0.713,-1.541) u=(0.113,-0.007) s=0.072 PSDFmin=+0.001153 G=OK(+1.277e-15) MF=OK(active=10/20,min=+2.449e-14,slack=+6.311e-17)
[RMPCC 0008] OK solve=111.3ms pose=(0.076,0.702,-1.542) u=(0.093,0.319) s=0.088 PSDFmin=+0.0008754 G=OK(+1.832e-13) MF=OK(active=10/20,min=+2.152e-12,slack=+5.354e-15)
[RMPCC 0009] OK solve=114.0ms pose=(0.076,0.692,-1.510) u=(0.106,0.075) s=0.089 PSDFmin=+0.001595 G=OK(+8.937e-15) MF=OK(active=10/20,min=+3.395e-13,slack=+1.124e-15)
[RMPCC 0010] OK solve=131.8ms pose=(0.077,0.682,-1.502) u=(0.083,-0.054) s=0.105 PSDFmin=+0.002072 G=OK(+3.886e-16) MF=OK(active=10/20,min=+5.801e-15,slack=+2.798e-17)
[RMPCC 0011] OK solve=131.0ms pose=(0.077,0.674,-1.508) u=(0.101,0.042) s=0.107 PSDFmin=+0.001025 G=OK(+5.329e-15) MF=OK(active=10/20,min=+7.878e-11,slack=+1.541e-13)
[RMPCC 0012] OK solve=267.7ms pose=(0.078,0.663,-1.504) u=(0.050,0.025) s=0.124 PSDFmin=+0.002045 G=OK(+7.456e-11) MF=OK(active=10/20,min=+1.957e-09,slack=+2.723e-12)
[RMPCC 0013] OK solve=241.0ms pose=(0.078,0.658,-1.501) u=(0.131,0.272) s=0.126 PSDFmin=+0.0025 G=OK(+2.22e-16) MF=OK(active=9/20,min=+1.355e-13,slack=+4.9e-17)
[RMPCC 0014] OK solve=257.4ms pose=(0.079,0.645,-1.474) u=(0.070,0.262) s=0.144 PSDFmin=+0.00127 G=OK(+4.352e-12) MF=OK(active=10/20,min=+3.523e-11,slack=+3.651e-14)
[RMPCC 0015] OK solve=282.7ms pose=(0.080,0.638,-1.448) u=(0.112,0.306) s=0.147 PSDFmin=+0.003535 G=OK(+0.002) MF=OK(active=9/20,min=+7.82e-14,slack=+3.982e-17)
[RMPCC 0016] OK solve=264.9ms pose=(0.081,0.627,-1.417) u=(0.090,0.518) s=0.165 PSDFmin=+0.005043 G=OK(+0.001806) MF=OK(active=10/20,min=+1.512e-14,slack=+2.466e-17)
[RMPCC 0017] OK solve=365.8ms pose=(0.083,0.618,-1.365) u=(0.047,0.254) s=0.185 PSDFmin=+0.002417 G=OK(+0.001448) MF=OK(active=9/20,min=+1.881e-09,slack=+1.835e-12)
[RMPCC 0018] OK solve=254.8ms pose=(0.084,0.614,-1.340) u=(0.114,0.110) s=0.190 PSDFmin=+0.009057 G=OK(+0.008766) MF=OK(active=9/20,min=+1.263e-12,slack=+2.206e-15)
[RMPCC 0019] OK solve=246.5ms pose=(0.086,0.603,-1.329) u=(0.057,0.989) s=0.204 PSDFmin=+0.007301 G=OK(+0.005923) MF=OK(active=10/20,min=+7.117e-12,slack=+2.75e-14)
[RMPCC 0020] OK solve=243.7ms pose=(0.088,0.597,-1.230) u=(0.079,0.666) s=0.209 PSDFmin=+0.00939 G=OK(+0.00836) MF=OK(active=9/20,min=+7.115e-15,slack=+1.003e-17)
[RMPCC 0021] OK solve=253.8ms pose=(0.090,0.590,-1.163) u=(0.039,0.734) s=0.215 PSDFmin=-0.001453 G=OK(+1.614e-13) MF=OK(active=10/20,min=+5.372e-11,slack=+6.907e-14)
[RMPCC 0022] OK solve=356.6ms pose=(0.092,0.586,-1.090) u=(0.091,0.916) s=0.220 PSDFmin=+0.01044 G=OK(+0.008677) MF=OK(active=8/20,min=+2.221e-12,slack=+1.91e-15)
[RMPCC 0023] OK solve=372.1ms pose=(0.096,0.578,-0.998) u=(0.055,1.015) s=0.228 PSDFmin=+0.0003182 G=OK(+0.0008179) MF=OK(active=9/20,min=+3.74e-14,slack=+9.256e-17)
[RMPCC 0024] OK solve=375.0ms pose=(0.099,0.573,-0.897) u=(0.044,0.728) s=0.232 PSDFmin=+0.01017 G=OK(+0.008917) MF=OK(active=9/20,min=+2.637e-13,slack=+7.525e-16)
[RMPCC 0025] OK solve=264.5ms pose=(0.102,0.570,-0.824) u=(0.118,0.652) s=0.238 PSDFmin=+0.006766 G=OK(+0.006118) MF=OK(active=9/20,min=+2.171e-13,slack=+3.642e-16)
[RMPCC 0026] OK solve=276.8ms pose=(0.110,0.561,-0.759) u=(0.059,0.996) s=0.251 PSDFmin=+0.01043 G=OK(+0.009119) MF=OK(active=10/20,min=+2.312e-14,slack=+2.645e-17)
[RMPCC 0027] OK solve=240.9ms pose=(0.114,0.557,-0.659) u=(0.144,0.697) s=0.252 PSDFmin=+0.01079 G=OK(+0.00903) MF=OK(active=9/20,min=+1.32e-08,slack=+2.583e-11)
[RMPCC 0028] OK solve=245.6ms pose=(0.125,0.548,-0.590) u=(0.072,1.200) s=0.265 PSDFmin=-0.0008034 G=OK(+0.0001989) MF=OK(active=10/20,min=+4.962e-12,slack=+1.41e-15)
[RMPCC 0029] OK solve=244.6ms pose=(0.131,0.544,-0.470) u=(0.131,0.764) s=0.280 PSDFmin=+0.01381 G=OK(+0.01198) MF=OK(active=9/20,min=+3.358e-12,slack=+4.687e-16)
[RMPCC 0030] OK solve=128.2ms pose=(0.143,0.539,-0.393) u=(0.066,1.200) s=0.285 PSDFmin=-0.004652 G=OK(+1.277e-15) MF=OK(active=10/20,min=+8.901e-15,slack=+1.921e-17)
[RMPCC 0031] OK solve=124.2ms pose=(0.149,0.536,-0.273) u=(0.146,0.754) s=0.292 PSDFmin=+0.01294 G=OK(+0.01035) MF=OK(active=6/20,min=+0.06422,slack=+1.881e-12)
[RMPCC 0032] OK solve=133.2ms pose=(0.163,0.532,-0.198) u=(0.141,0.306) s=0.306 PSDFmin=+0.002452 G=OK(+4.108e-15) MF=OK(active=10/20,min=+4.461e-15,slack=+2.044e-17)
[RMPCC 0033] OK solve=152.4ms pose=(0.177,0.529,-0.167) u=(0.158,1.049) s=0.320 PSDFmin=+0.004568 G=OK(+1.64e-12) MF=OK(active=10/20,min=+0.1582,slack=+2.646e-14)
[RMPCC 0034] OK solve=151.1ms pose=(0.193,0.527,-0.062) u=(0.172,0.462) s=0.332 PSDFmin=+0.0007029 G=OK(+5.24e-11) MF=OK(active=10/20,min=+1.199e-09,slack=+9.963e-13)
[RMPCC 0035] OK solve=154.6ms pose=(0.210,0.526,-0.016) u=(0.172,0.098) s=0.347 PSDFmin=+0.006092 G=OK(+2.187e-13) MF=OK(active=10/20,min=+5.575e-13,slack=+5.145e-15)
[RMPCC 0036] OK solve=124.2ms pose=(0.227,0.525,-0.006) u=(0.129,0.913) s=0.364 PSDFmin=+0.001596 G=OK(+2.276e-15) MF=OK(active=10/20,min=+7.588e-15,slack=+3.903e-17)
[RMPCC 0037] OK solve=128.9ms pose=(0.240,0.525,0.085) u=(0.163,0.393) s=0.377 PSDFmin=+0.00595 G=OK(+3.281e-13) MF=OK(active=10/20,min=+2.674e-12,slack=+4.092e-15)
[RMPCC 0038] OK solve=136.8ms pose=(0.256,0.527,0.124) u=(0.142,0.077) s=0.393 PSDFmin=+0.001453 G=OK(+1.796e-10) MF=OK(active=10/20,min=+1.559e-09,slack=+3.387e-12)
[RMPCC 0039] OK solve=136.8ms pose=(0.270,0.528,0.132) u=(0.144,-0.040) s=0.408 PSDFmin=+0.0005327 G=OK(+3.202e-12) MF=OK(active=10/20,min=+4.87e-10,slack=+1.737e-12)
[RMPCC 0040] OK solve=124.9ms pose=(0.284,0.530,0.128) u=(0.140,0.268) s=0.422 PSDFmin=+0.002735 G=OK(+8.327e-16) MF=OK(active=10/20,min=+1.691e-14,slack=+3.606e-17)
[RMPCC 0041] OK solve=124.4ms pose=(0.298,0.532,0.155) u=(0.140,0.336) s=0.436 PSDFmin=+0.0005367 G=OK(+4.024e-11) MF=OK(active=10/20,min=+1.018e-09,slack=+8.616e-13)
[RMPCC 0042] OK solve=127.9ms pose=(0.312,0.534,0.189) u=(0.141,0.439) s=0.449 PSDFmin=+0.00108 G=OK(+6.323e-12) MF=OK(active=10/20,min=+1.22e-08,slack=+4.659e-12)
[RMPCC 0043] OK solve=121.6ms pose=(0.326,0.537,0.232) u=(0.142,0.493) s=0.461 PSDFmin=+0.001499 G=OK(+7.914e-11) MF=OK(active=10/20,min=+0.02074,slack=+8.811e-13)
[RMPCC 0044] OK solve=120.1ms pose=(0.340,0.540,0.282) u=(0.145,0.420) s=0.475 PSDFmin=+0.001588 G=OK(+3.164e-11) MF=OK(active=10/20,min=+0.08927,slack=+2.121e-11)
[RMPCC 0045] OK solve=132.5ms pose=(0.354,0.544,0.324) u=(0.147,0.354) s=0.490 PSDFmin=+0.001578 G=OK(+1.11e-16) MF=OK(active=10/20,min=+0.1436,slack=+6.061e-15)
[RMPCC 0046] OK solve=153.5ms pose=(0.368,0.549,0.359) u=(0.138,0.356) s=0.504 PSDFmin=+0.001586 G=OK(+6.295e-12) MF=OK(active=10/20,min=+7.508e-09,slack=+2.978e-12)
[RMPCC 0047] OK solve=130.7ms pose=(0.381,0.554,0.395) u=(0.126,0.326) s=0.518 PSDFmin=+0.00123 G=OK(+2.901e-12) MF=OK(active=10/20,min=+5.418e-11,slack=+2.615e-14)
[RMPCC 0048] OK solve=126.5ms pose=(0.392,0.559,0.427) u=(0.115,0.298) s=0.531 PSDFmin=+0.001216 G=OK(+4.7e-12) MF=OK(active=10/20,min=+4.203e-11,slack=+2.69e-14)
[RMPCC 0049] OK solve=130.9ms pose=(0.403,0.563,0.457) u=(0.107,0.260) s=0.544 PSDFmin=+0.001203 G=OK(+3.419e-11) MF=OK(active=10/20,min=+1.016e-10,slack=+8.244e-14)
[RMPCC 0050] OK solve=124.9ms pose=(0.413,0.568,0.483) u=(0.095,0.219) s=0.553 PSDFmin=+0.003928 G=OK(+0.002648) MF=OK(active=10/20,min=+5.711e-12,slack=+1.268e-14)
[RMPCC 0051] OK solve=126.3ms pose=(0.421,0.573,0.505) u=(0.115,0.001) s=0.562 PSDFmin=+0.01035 G=OK(+0.006013) MF=OK(active=10/20,min=+1.106e-11,slack=+1.842e-14)
[RMPCC 0052] OK solve=126.0ms pose=(0.431,0.578,0.505) u=(0.134,0.133) s=0.580 PSDFmin=+0.007741 G=OK(+0.006304) MF=OK(active=10/20,min=+2.313e-14,slack=+4.257e-17)
[RMPCC 0053] OK solve=121.2ms pose=(0.443,0.585,0.518) u=(0.143,-0.023) s=0.587 PSDFmin=+0.00496 G=OK(+0.002823) MF=OK(active=10/20,min=+7.121e-15,slack=+1.53e-17)
[RMPCC 0054] OK solve=109.7ms pose=(0.455,0.592,0.516) u=(0.150,0.091) s=0.602 PSDFmin=+0.001434 G=OK(+1.742e-10) MF=OK(active=10/20,min=+1.928e-11,slack=+4.112e-14)
[RMPCC 0055] OK solve=131.1ms pose=(0.468,0.599,0.525) u=(0.167,-0.210) s=0.621 PSDFmin=+0.002111 G=OK(+2.909e-11) MF=OK(active=10/20,min=-2.07e-13,slack=+5.75e-14)
[RMPCC 0056] OK solve=131.0ms pose=(0.483,0.607,0.504) u=(0.167,-0.098) s=0.632 PSDFmin=-0.007784 G=OK(+6.983e-13) MF=OK(active=10/20,min=+3.817e-10,slack=+2.657e-13)
[RMPCC 0057] OK solve=121.4ms pose=(0.497,0.615,0.494) u=(0.165,-0.289) s=0.648 PSDFmin=-0.0004688 G=OK(+9.939e-13) MF=OK(active=10/20,min=+4.623e-11,slack=+4.276e-14)
[RMPCC 0058] OK solve=113.2ms pose=(0.512,0.623,0.466) u=(0.163,-0.186) s=0.669 PSDFmin=-0.02064 G=OK(+7.696e-13) MF=OK(active=10/20,min=+9.28e-12,slack=+2.649e-14)
[RMPCC 0059] OK solve=118.9ms pose=(0.526,0.631,0.447) u=(0.144,-0.365) s=0.680 PSDFmin=-0.005256 G=OK(+2.206e-13) MF=OK(active=10/20,min=+1.585e-12,slack=+1.442e-14)
[RMPCC 0060] OK solve=128.0ms pose=(0.539,0.637,0.410) u=(0.145,-0.148) s=0.696 PSDFmin=-0.02795 G=OK(+1.638e-11) MF=OK(active=10/20,min=+1.354e-08,slack=+1.268e-11)
[RMPCC 0061] OK solve=121.0ms pose=(0.553,0.643,0.396) u=(0.124,-0.435) s=0.709 PSDFmin=-0.009354 G=OK(+1.155e-14) MF=OK(active=10/20,min=+4.912e-13,slack=+8.828e-16)
[RMPCC 0062] OK solve=117.3ms pose=(0.564,0.647,0.352) u=(0.145,-0.134) s=0.724 PSDFmin=-0.02454 G=OK(+0.001274) MF=OK(active=10/20,min=+7.218e-10,slack=+1.397e-12)
[RMPCC 0063] OK solve=121.4ms pose=(0.578,0.652,0.339) u=(0.115,-0.466) s=0.736 PSDFmin=-0.002369 G=OK(+1.996e-12) MF=OK(active=10/20,min=+1.838e-10,slack=+1.029e-13)
[RMPCC 0064] OK solve=114.0ms pose=(0.589,0.656,0.292) u=(0.130,-0.194) s=0.748 PSDFmin=-0.01787 G=OK(+0.009112) MF=OK(active=10/20,min=+1.779e-14,slack=+2.887e-17)
[RMPCC 0065] OK solve=119.3ms pose=(0.601,0.660,0.273) u=(0.113,-0.680) s=0.761 PSDFmin=-0.0001448 G=OK(+4.419e-12) MF=OK(active=10/20,min=+2.46e-11,slack=+5.988e-14)
[RMPCC 0066] OK solve=132.6ms pose=(0.612,0.663,0.205) u=(0.114,-0.300) s=0.772 PSDFmin=+0.001004 G=OK(+1.365e-12) MF=OK(active=10/20,min=+3.678e-11,slack=+9.146e-14)
[RMPCC 0067] OK solve=122.8ms pose=(0.623,0.665,0.175) u=(0.098,-0.675) s=0.783 PSDFmin=+0.0009542 G=OK(+7.514e-13) MF=OK(active=10/20,min=+5.988e-12,slack=+2.614e-14)
[RMPCC 0068] OK solve=124.6ms pose=(0.633,0.667,0.107) u=(0.129,-0.286) s=0.793 PSDFmin=-0.006655 G=OK(+9.992e-16) MF=OK(active=10/20,min=+1.068e-14,slack=+1.762e-17)
[RMPCC 0069] OK solve=118.4ms pose=(0.646,0.668,0.079) u=(0.104,-0.757) s=0.806 PSDFmin=+0.001024 G=OK(+3.277e-12) MF=OK(active=10/20,min=+2.855e-11,slack=+2.153e-13)
[RMPCC 0070] OK solve=109.9ms pose=(0.656,0.669,0.003) u=(0.119,-0.337) s=0.812 PSDFmin=+0.0008212 G=OK(+1.196e-11) MF=OK(active=10/20,min=+8.431e-11,slack=+3.015e-13)
[RMPCC 0071] OK solve=151.4ms pose=(0.668,0.669,-0.031) u=(0.081,-0.137) s=0.825 PSDFmin=+0.00133 G=OK(+1.532e-14) MF=OK(active=10/20,min=+1.799e-13,slack=+5.414e-16)
[RMPCC 0072] OK solve=148.9ms pose=(0.676,0.669,-0.044) u=(0.105,-0.080) s=0.832 PSDFmin=-0.006743 G=OK(+1.288e-14) MF=OK(active=10/20,min=+1.742e-12,slack=+1.793e-15)
[RMPCC 0073] OK solve=135.8ms pose=(0.687,0.669,-0.052) u=(0.080,-0.063) s=0.842 PSDFmin=+0.001583 G=OK(+2.887e-15) MF=OK(active=10/20,min=+1.245e-13,slack=+1.845e-16)
[RMPCC 0074] OK solve=119.0ms pose=(0.695,0.668,-0.059) u=(0.110,-0.251) s=0.850 PSDFmin=+0.0008502 G=OK(+8.282e-13) MF=OK(active=10/20,min=+2.072e-12,slack=+5.187e-14)
[RMPCC 0075] OK solve=252.4ms pose=(0.706,0.668,-0.084) u=(0.077,-0.405) s=0.861 PSDFmin=+0.001054 G=OK(+1.221e-15) MF=OK(active=10/20,min=+4.625e-14,slack=+6.805e-17)
[RMPCC 0076] OK solve=251.6ms pose=(0.713,0.667,-0.124) u=(0.039,-0.354) s=0.867 PSDFmin=+0.001356 G=OK(+4.492e-12) MF=OK(active=8/20,min=+9.88e-10,slack=+1.127e-12)
[RMPCC 0077] OK solve=121.8ms pose=(0.717,0.666,-0.160) u=(0.160,-0.515) s=0.873 PSDFmin=-0.0002195 G=OK(+9.304e-13) MF=OK(active=10/20,min=+4.72e-11,slack=+1.65e-13)
[RMPCC 0078] OK solve=117.5ms pose=(0.733,0.664,-0.211) u=(0.080,-0.672) s=0.888 PSDFmin=+0.0004908 G=OK(+1.521e-14) MF=OK(active=10/20,min=+5.917e-12,slack=+5.698e-15)
[RMPCC 0079] OK solve=228.0ms pose=(0.741,0.662,-0.278) u=(0.091,-0.280) s=0.896 PSDFmin=+0.0007819 G=OK(+3.191e-10) MF=OK(active=10/20,min=+1.376e-08,slack=+2.262e-11)
[RMPCC 0080] OK solve=375.5ms pose=(0.749,0.660,-0.307) u=(0.082,-0.739) s=0.905 PSDFmin=+0.001524 G=OK(+9.992e-15) MF=OK(active=7/20,min=+2.278e-13,slack=+4.478e-16)
[RMPCC 0081] OK solve=370.5ms pose=(0.757,0.657,-0.380) u=(0.079,-1.130) s=0.913 PSDFmin=+0.002442 G=OK(+5.284e-12) MF=OK(active=9/20,min=+3.634e-10,slack=+2.436e-13)
[RMPCC 0082] OK solve=383.0ms pose=(0.764,0.654,-0.493) u=(0.095,-0.522) s=0.920 PSDFmin=+0.0009794 G=OK(+7.294e-14) MF=OK(active=8/20,min=+4.628e-12,slack=+2.803e-15)
[RMPCC 0083] OK solve=403.5ms pose=(0.773,0.650,-0.546) u=(0.082,-0.191) s=0.931 PSDFmin=+0.001311 G=OK(+4.274e-14) MF=OK(active=9/20,min=+7.521e-11,slack=+1.261e-13)
[RMPCC 0084] OK solve=417.0ms pose=(0.780,0.646,-0.565) u=(0.041,-0.946) s=0.940 PSDFmin=+0.0007111 G=OK(+6.61e-12) MF=OK(active=8/20,min=+1.068e-11,slack=+1.854e-14)
[RMPCC 0085] OK solve=360.3ms pose=(0.783,0.643,-0.659) u=(0.115,-0.433) s=0.944 PSDFmin=+0.001229 G=OK(+3.886e-15) MF=OK(active=7/20,min=+6.403e-14,slack=+7.971e-17)
[RMPCC 0086] OK solve=260.5ms pose=(0.792,0.636,-0.703) u=(0.071,-0.185) s=0.955 PSDFmin=+0.001191 G=OK(+1.068e-10) MF=OK(active=9/20,min=+7.015e-11,slack=+1.861e-13)
[RMPCC 0087] OK solve=249.3ms pose=(0.798,0.632,-0.721) u=(0.076,-0.828) s=0.965 PSDFmin=+0.005819 G=OK(+0.004356) MF=OK(active=10/20,min=+5.378e-10,slack=+7.27e-13)
[RMPCC 0088] OK solve=281.9ms pose=(0.804,0.627,-0.804) u=(0.040,-0.416) s=0.970 PSDFmin=+0.007885 G=OK(+0.006825) MF=OK(active=8/20,min=+1.424e-13,slack=+2.502e-16)
[RMPCC 0089] OK solve=123.3ms pose=(0.806,0.624,-0.846) u=(0.117,-0.147) s=0.974 PSDFmin=+0.003928 G=OK(+0.002826) MF=OK(active=10/20,min=+2.45e-12,slack=+5.938e-15)
[RMPCC 0090] OK solve=133.3ms pose=(0.814,0.615,-0.860) u=(0.058,-0.184) s=0.985 PSDFmin=+0.001529 G=OK(+2.288e-13) MF=OK(active=10/20,min=+1.608e-12,slack=+2.362e-15)
[RMPCC 0091] OK solve=119.4ms pose=(0.818,0.611,-0.879) u=(0.114,-0.177) s=0.996 PSDFmin=-0.0002325 G=OK(+5.462e-13) MF=OK(active=10/20,min=+7.723e-12,slack=+1.361e-14)
[RMPCC 0092] OK solve=120.9ms pose=(0.825,0.602,-0.896) u=(0.120,0.077) s=1.002 PSDFmin=-0.000258 G=OK(+1.086e-12) MF=OK(active=10/20,min=+3.101e-11,slack=+5.904e-14)
[RMPCC 0093] OK solve=128.1ms pose=(0.833,0.593,-0.889) u=(0.132,0.997) s=1.014 PSDFmin=-0.01739 G=OK(+1.993e-12) MF=OK(active=10/20,min=+2.95e-11,slack=+4.67e-14)
[RMPCC 0094] OK solve=130.4ms pose=(0.841,0.582,-0.789) u=(0.123,0.628) s=1.030 PSDFmin=-0.007716 G=OK(+1.943e-15) MF=OK(active=8/20,min=+2.149e-14,slack=+1.862e-16)
[RMPCC 0095] OK solve=122.5ms pose=(0.850,0.574,-0.726) u=(0.136,0.262) s=1.039 PSDFmin=-0.024 G=OK(+4.926e-13) MF=OK(active=10/20,min=+5.204e-14,slack=+1.653e-14)
[RMPCC 0096] OK solve=127.8ms pose=(0.860,0.565,-0.700) u=(0.108,0.223) s=1.052 PSDFmin=-0.009102 G=OK(+1.332e-14) MF=OK(active=10/20,min=+4.29e-13,slack=+9.444e-16)
[RMPCC 0097] OK solve=134.4ms pose=(0.868,0.558,-0.678) u=(0.093,1.039) s=1.063 PSDFmin=-0.02859 G=OK(+3.78e-13) MF=OK(active=10/20,min=+1.52e-11,slack=+1.256e-14)
[RMPCC 0098] OK solve=133.3ms pose=(0.875,0.552,-0.574) u=(0.106,0.487) s=1.072 PSDFmin=-0.01354 G=OK(+3.109e-15) MF=OK(active=10/20,min=+1.175e-13,slack=+2.275e-16)
[RMPCC 0099] OK solve=139.3ms pose=(0.884,0.546,-0.525) u=(0.106,0.926) s=1.083 PSDFmin=-0.03228 G=OK(+3.731e-12) MF=OK(active=10/20,min=+9.37e-11,slack=+1.191e-13)
[RMPCC 0100] OK solve=139.2ms pose=(0.893,0.541,-0.432) u=(0.090,0.557) s=1.093 PSDFmin=-0.006702 G=OK(+2.673e-11) MF=OK(active=9/20,min=+8e-10,slack=+1.168e-12)
[RMPCC 0101] OK solve=143.7ms pose=(0.901,0.537,-0.377) u=(0.089,0.308) s=1.102 PSDFmin=-0.02175 G=OK(+0.01265) MF=OK(active=10/20,min=+1.097e-10,slack=+3.294e-13)
[RMPCC 0102] OK solve=147.1ms pose=(0.910,0.534,-0.346) u=(0.088,0.800) s=1.111 PSDFmin=+0.0006136 G=OK(+7.057e-12) MF=OK(active=10/20,min=+6.896e-10,slack=+3.045e-13)
[RMPCC 0103] OK solve=134.1ms pose=(0.918,0.531,-0.266) u=(0.075,0.674) s=1.112 PSDFmin=-0.00983 G=OK(+1.277e-15) MF=OK(active=10/20,min=+4.444e-14,slack=+3.561e-17)
[RMPCC 0104] OK solve=272.5ms pose=(0.925,0.529,-0.198) u=(0.100,0.443) s=1.125 PSDFmin=+0.001084 G=OK(+1.443e-15) MF=OK(active=10/20,min=+1.172e-14,slack=+6.598e-17)
[RMPCC 0105] OK solve=256.3ms pose=(0.935,0.527,-0.154) u=(0.061,0.519) s=1.128 PSDFmin=+0.001044 G=OK(+6.452e-09) MF=OK(active=9/20,min=+2.302e-07,slack=+1.612e-10)
[RMPCC 0106] OK solve=142.1ms pose=(0.941,0.526,-0.102) u=(0.104,0.661) s=1.138 PSDFmin=-0.003262 G=OK(+4.885e-15) MF=OK(active=10/20,min=+1.824e-13,slack=+3.438e-16)
[RMPCC 0107] OK solve=269.4ms pose=(0.951,0.525,-0.036) u=(0.088,0.342) s=1.144 PSDFmin=+0.001263 G=OK(+6.987e-12) MF=OK(active=10/20,min=+5.346e-11,slack=+1.464e-13)
[RMPCC 0108] OK solve=246.9ms pose=(0.960,0.525,-0.002) u=(0.117,0.306) s=1.153 PSDFmin=-0.00354 G=OK(+2.22e-16) MF=OK(active=9/20,min=+1.068e-14,slack=+2.495e-17)
[RMPCC 0109] OK solve=265.5ms pose=(0.972,0.524,0.029) u=(0.091,0.900) s=1.167 PSDFmin=+0.001811 G=OK(+1.799e-14) MF=OK(active=10/20,min=+1.586e-13,slack=+4.876e-16)
[RMPCC 0110] OK solve=259.1ms pose=(0.981,0.525,0.119) u=(0.125,0.385) s=1.174 PSDFmin=-0.0007426 G=OK(+1.038e-12) MF=OK(active=8/20,min=+1.788e-11,slack=+4.037e-14)
[RMPCC 0111] OK solve=255.2ms pose=(0.993,0.526,0.157) u=(0.098,0.439) s=1.186 PSDFmin=+0.000942 G=OK(+4.335e-14) MF=OK(active=10/20,min=+9.908e-13,slack=+2.249e-15)
[RMPCC 0112] OK solve=409.7ms pose=(1.003,0.528,0.201) u=(0.088,0.191) s=1.196 PSDFmin=+0.0006152 G=OK(+8.882e-15) MF=OK(active=8/20,min=+1.967e-12,slack=+2.827e-15)
[RMPCC 0113] OK solve=365.7ms pose=(1.012,0.530,0.220) u=(0.107,0.536) s=1.205 PSDFmin=+0.002165 G=OK(+3.422e-11) MF=OK(active=9/20,min=+8.061e-10,slack=+1.144e-12)
[RMPCC 0114] OK solve=393.4ms pose=(1.022,0.532,0.274) u=(0.055,0.266) s=1.215 PSDFmin=+0.0009463 G=OK(+1.126e-13) MF=OK(active=7/20,min=+4.447e-12,slack=+6.385e-15)
[RMPCC 0115] OK solve=393.9ms pose=(1.027,0.533,0.300) u=(0.128,0.554) s=1.220 PSDFmin=+0.001327 G=OK(+2.427e-12) MF=OK(active=7/20,min=+4.891e-09,slack=+5.303e-12)
[RMPCC 0116] OK solve=375.0ms pose=(1.040,0.537,0.356) u=(0.065,0.371) s=1.233 PSDFmin=+0.001314 G=OK(+1.446e-12) MF=OK(active=9/20,min=+5.838e-11,slack=+7.341e-14)
[RMPCC 0117] OK solve=356.0ms pose=(1.046,0.539,0.393) u=(0.115,0.375) s=1.239 PSDFmin=+0.001052 G=OK(+5.229e-14) MF=OK(active=9/20,min=+1.839e-12,slack=+1.939e-15)
[RMPCC 0118] OK solve=353.4ms pose=(1.056,0.544,0.431) u=(0.058,0.347) s=1.249 PSDFmin=-0.003965 G=OK(+1.568e-11) MF=OK(active=8/20,min=+8.627e-10,slack=+1.047e-12)
[RMPCC 0119] OK solve=372.2ms pose=(1.062,0.546,0.465) u=(0.107,1.110) s=1.257 PSDFmin=+0.003538 G=OK(+0.003732) MF=OK(active=5/20,min=+2.124e-12,slack=+2.819e-15)
[RMPCC 0120] OK solve=384.8ms pose=(1.071,0.551,0.576) u=(0.061,0.549) s=1.268 PSDFmin=+0.007215 G=OK(+0.005594) MF=OK(active=8/20,min=+4.471e-12,slack=+3.238e-15)
[RMPCC 0121] OK solve=355.4ms pose=(1.076,0.554,0.631) u=(0.094,0.218) s=1.274 PSDFmin=+0.006225 G=OK(+0.005279) MF=OK(active=9/20,min=+7.182e-10,slack=+1.064e-11)
[RMPCC 0122] OK solve=241.4ms pose=(1.084,0.560,0.653) u=(0.047,0.227) s=1.284 PSDFmin=+0.006043 G=OK(+0.005003) MF=OK(active=9/20,min=+4.192e-12,slack=+9.99e-15)
[RMPCC 0123] OK solve=123.9ms pose=(1.088,0.563,0.676) u=(0.092,0.302) s=1.288 PSDFmin=+0.003305 G=OK(+0.004009) MF=OK(active=10/20,min=+3.81e-13,slack=+8.527e-16)
[RMPCC 0124] OK solve=141.6ms pose=(1.095,0.569,0.706) u=(0.062,0.629) s=1.298 PSDFmin=+0.008904 G=OK(+0.006786) MF=OK(active=10/20,min=+9.729e-13,slack=+1.254e-15)
[RMPCC 0125] OK solve=136.7ms pose=(1.100,0.573,0.769) u=(0.104,0.296) s=1.304 PSDFmin=+0.005956 G=OK(+0.005117) MF=OK(active=10/20,min=+1.425e-14,slack=+4.14e-17)
[RMPCC 0126] OK solve=120.9ms pose=(1.107,0.580,0.798) u=(0.070,0.215) s=1.314 PSDFmin=+0.009037 G=OK(+0.005226) MF=OK(active=10/20,min=+4.09e-13,slack=+3.888e-16)
[RMPCC 0127] OK solve=122.2ms pose=(1.112,0.585,0.820) u=(0.114,0.147) s=1.321 PSDFmin=-0.001151 G=OK(+0.0004504) MF=OK(active=10/20,min=+7.817e-12,slack=+9.586e-15)
[RMPCC 0128] OK solve=123.4ms pose=(1.120,0.593,0.834) u=(0.072,0.025) s=1.332 PSDFmin=+0.006072 G=OK(+0.005083) MF=OK(active=6/20,min=-2.895e-13,slack=+1.227e-13)
[RMPCC 0129] OK solve=122.3ms pose=(1.125,0.598,0.837) u=(0.128,0.033) s=1.339 PSDFmin=+0.009191 G=OK(+0.007195) MF=OK(active=10/20,min=+3.037e-12,slack=+2.573e-15)
[RMPCC 0130] OK solve=108.4ms pose=(1.133,0.608,0.840) u=(0.185,-0.227) s=1.352 PSDFmin=+0.007163 G=OK(+0.006002) MF=OK(active=10/20,min=+4.141e-11,slack=+7.12e-13)
[RMPCC 0131] OK solve=121.1ms pose=(1.145,0.622,0.817) u=(0.132,-1.200) s=1.370 PSDFmin=+0.00162 G=OK(+0.003258) MF=OK(active=10/20,min=+1.049e-13,slack=+7.512e-17)
[RMPCC 0132] OK solve=117.1ms pose=(1.154,0.631,0.697) u=(0.115,-0.577) s=1.383 PSDFmin=+0.004114 G=OK(+0.006189) MF=OK(active=10/20,min=+1.173e-11,slack=+5.55e-15)
[RMPCC 0133] OK solve=114.6ms pose=(1.163,0.639,0.640) u=(0.113,-0.602) s=1.395 PSDFmin=-0.0002803 G=OK(+0.006322) MF=OK(active=10/20,min=+1.667e-11,slack=+1.381e-13)
[RMPCC 0134] OK solve=121.4ms pose=(1.172,0.646,0.580) u=(0.110,-0.242) s=1.406 PSDFmin=-0.001168 G=OK(+0.007166) MF=OK(active=9/20,min=+6.68e-10,slack=+8.242e-13)
[RMPCC 0135] OK solve=253.3ms pose=(1.182,0.652,0.555) u=(0.136,-1.200) s=1.417 PSDFmin=+0.0008667 G=OK(+5.873e-14) MF=OK(active=10/20,min=+8.71e-13,slack=+0.435)
[RMPCC 0136] OK solve=242.1ms pose=(1.193,0.659,0.435) u=(0.111,-0.696) s=1.428 PSDFmin=+0.001522 G=OK(+7.772e-16) MF=OK(active=7/20,min=+9.686e-14,slack=+5.551e-17)
[RMPCC 0137] OK solve=124.9ms pose=(1.203,0.663,0.366) u=(0.106,-0.963) s=1.441 PSDFmin=+0.001675 G=OK(+7.141e-12) MF=OK(active=10/20,min=+7.306e-11,slack=+1.009e-13)
[RMPCC 0138] OK solve=126.7ms pose=(1.213,0.667,0.269) u=(0.104,-0.530) s=1.449 PSDFmin=-0.001163 G=OK(+5.107e-15) MF=OK(active=10/20,min=+4.072e-12,slack=+5.839e-15)
[RMPCC 0139] OK solve=120.7ms pose=(1.223,0.670,0.216) u=(0.112,-0.298) s=1.462 PSDFmin=+0.0004345 G=OK(+1.139e-12) MF=OK(active=10/20,min=+2.288e-12,slack=+9.04e-15)
[RMPCC 0140] OK solve=126.0ms pose=(1.234,0.672,0.187) u=(0.103,-0.123) s=1.467 PSDFmin=-8.304e-06 G=OK(+1.023e-13) MF=OK(active=10/20,min=+5.684e-11,slack=+2.753e-14)
[RMPCC 0141] OK solve=120.2ms pose=(1.244,0.674,0.174) u=(0.106,-0.730) s=1.477 PSDFmin=+0.0007542 G=OK(+1.425e-09) MF=OK(active=10/20,min=+2.677e-08,slack=+4.51e-11)
[RMPCC 0142] OK solve=120.7ms pose=(1.255,0.676,0.101) u=(0.126,-0.332) s=1.490 PSDFmin=-0.01763 G=OK(+5.506e-13) MF=OK(active=10/20,min=+1.539e-11,slack=+1.428e-14)
[RMPCC 0143] OK solve=120.0ms pose=(1.267,0.677,0.068) u=(0.109,-0.113) s=1.505 PSDFmin=-0.003799 G=OK(+8.86e-14) MF=OK(active=10/20,min=+1.694e-12,slack=+6.01e-15)
[RMPCC 0144] OK solve=118.7ms pose=(1.278,0.678,0.057) u=(0.086,0.060) s=1.511 PSDFmin=-0.02618 G=OK(+4.414e-10) MF=OK(active=10/20,min=+6.694e-09,slack=+1.18e-11)
[RMPCC 0145] OK solve=137.5ms pose=(1.287,0.679,0.063) u=(0.134,-0.322) s=1.521 PSDFmin=-0.009546 G=OK(+6.439e-15) MF=OK(active=10/20,min=+3.95e-14,slack=+4.236e-16)
[RMPCC 0146] OK solve=132.4ms pose=(1.300,0.680,0.031) u=(0.101,-0.089) s=1.533 PSDFmin=-0.02569 G=OK(+0.002647) MF=OK(active=10/20,min=+2.737e-11,slack=+2.261e-14)
[RMPCC 0147] OK solve=142.4ms pose=(1.310,0.680,0.022) u=(0.119,-0.154) s=1.543 PSDFmin=-0.00242 G=OK(+1.51e-14) MF=OK(active=10/20,min=-6.41e-15,slack=+6.983e-16)
[RMPCC 0148] OK solve=106.4ms pose=(1.322,0.680,0.006) u=(0.119,0.112) s=1.555 PSDFmin=-0.01669 G=OK(+0.003056) MF=OK(active=10/20,min=+8.886e-12,slack=+8.015e-15)
[RMPCC 0149] OK solve=118.1ms pose=(1.334,0.680,0.017) u=(0.128,-0.208) s=1.567 PSDFmin=-0.000628 G=OK(+4.679e-12) MF=OK(active=10/20,min=+8.279e-11,slack=+7.549e-14)
[RMPCC 0150] OK solve=125.7ms pose=(1.347,0.680,-0.003) u=(0.131,0.031) s=1.579 PSDFmin=+0.000987 G=OK(+6.766e-11) MF=OK(active=10/20,min=+6.03e-09,slack=+1.038e-11)
[RMPCC 0151] OK solve=138.6ms pose=(1.360,0.680,-0.000) u=(0.131,-0.064) s=1.592 PSDFmin=+0.0006207 G=OK(+3.188e-12) MF=OK(active=10/20,min=+1.96e-10,slack=+3.849e-13)
[RMPCC 0152] OK solve=133.8ms pose=(1.373,0.680,-0.007) u=(0.148,0.229) s=1.605 PSDFmin=-0.01057 G=OK(+1.443e-15) MF=OK(active=10/20,min=+5.372e-15,slack=+4.281e-17)
[RMPCC 0153] OK solve=148.1ms pose=(1.388,0.680,0.016) u=(0.151,-0.033) s=1.616 PSDFmin=+0.000582 G=OK(+3.421e-13) MF=OK(active=10/20,min=+3.652e-13,slack=+6.339e-15)
[RMPCC 0154] OK solve=124.1ms pose=(1.403,0.680,0.013) u=(0.130,0.263) s=1.635 PSDFmin=-0.008872 G=OK(+1.681e-12) MF=OK(active=10/20,min=+1.49e-11,slack=+6.555e-14)
[RMPCC 0155] OK solve=123.5ms pose=(1.416,0.681,0.039) u=(0.144,-0.018) s=1.641 PSDFmin=-5.857e-05 G=OK(+1.591e-12) MF=OK(active=10/20,min=+1.804e-11,slack=+6.068e-14)
[RMPCC 0156] OK solve=131.9ms pose=(1.430,0.681,0.037) u=(0.121,-0.114) s=1.661 PSDFmin=-0.01786 G=OK(+1.132e-14) MF=OK(active=10/20,min=+4.814e-14,slack=+1.073e-15)
[RMPCC 0157] OK solve=134.8ms pose=(1.442,0.682,0.026) u=(0.126,0.309) s=1.674 PSDFmin=-0.002735 G=OK(+8.882e-16) MF=OK(active=10/20,min=+6.254e-15,slack=+3.647e-17)
[RMPCC 0158] OK solve=248.3ms pose=(1.455,0.682,0.057) u=(0.063,0.499) s=1.687 PSDFmin=-0.008088 G=OK(+6.705e-13) MF=OK(active=9/20,min=+4.96e-11,slack=+1.897e-14)
[RMPCC 0159] OK solve=360.7ms pose=(1.461,0.682,0.107) u=(0.093,0.364) s=1.691 PSDFmin=+0.001075 G=OK(+1.11e-16) MF=OK(active=8/20,min=+8.893e-15,slack=+1.084e-17)
[RMPCC 0160] OK solve=378.8ms pose=(1.470,0.683,0.143) u=(0.092,0.573) s=1.702 PSDFmin=+0.002033 G=OK(+3.331e-15) MF=OK(active=8/20,min=+4.639e-14,slack=+2.005e-16)
[RMPCC 0161] OK solve=255.1ms pose=(1.480,0.685,0.201) u=(0.058,0.272) s=1.712 PSDFmin=+0.001024 G=OK(+1.255e-14) MF=OK(active=9/20,min=+1.252e-12,slack=+1.386e-15)
[RMPCC 0162] OK solve=123.5ms pose=(1.485,0.686,0.228) u=(0.101,0.329) s=1.717 PSDFmin=+0.001064 G=OK(+3.233e-12) MF=OK(active=10/20,min=+1.41e-09,slack=+3.199e-12)
[RMPCC 0163] OK solve=259.8ms pose=(1.495,0.688,0.261) u=(0.050,0.643) s=1.728 PSDFmin=+8.873e-05 G=OK(+3.331e-16) MF=OK(active=10/20,min=+5.458e-12,slack=+8.205e-15)
[RMPCC 0164] OK solve=384.9ms pose=(1.500,0.689,0.325) u=(0.117,0.866) s=1.732 PSDFmin=+0.00273 G=OK(+3.109e-15) MF=OK(active=8/20,min=+1.779e-14,slack=+2.49e-17)
[RMPCC 0165] OK solve=349.9ms pose=(1.511,0.693,0.412) u=(0.099,0.577) s=1.744 PSDFmin=+0.00103 G=OK(+1.546e-10) MF=OK(active=9/20,min=+2.695e-09,slack=+1.913e-12)
[RMPCC 0166] OK solve=381.5ms pose=(1.520,0.697,0.469) u=(0.104,0.731) s=1.755 PSDFmin=+0.001 G=OK(+1.012e-12) MF=OK(active=7/20,min=+6.923e-12,slack=+1.44e-14)
[RMPCC 0167] OK solve=361.2ms pose=(1.529,0.702,0.542) u=(0.054,0.499) s=1.765 PSDFmin=+0.001099 G=OK(+2.875e-14) MF=OK(active=8/20,min=+5.092e-13,slack=+1.119e-15)
[RMPCC 0168] OK solve=244.9ms pose=(1.534,0.705,0.592) u=(0.072,0.709) s=1.770 PSDFmin=+0.0009529 G=OK(+3.406e-12) MF=OK(active=9/20,min=+4.252e-12,slack=+1.002e-14)
[RMPCC 0169] OK solve=130.5ms pose=(1.540,0.709,0.663) u=(0.053,0.342) s=1.778 PSDFmin=+0.0006214 G=OK(+1.277e-14) MF=OK(active=10/20,min=+1.138e-12,slack=+7.859e-16)
[RMPCC 0170] OK solve=234.3ms pose=(1.544,0.712,0.697) u=(0.103,0.434) s=1.783 PSDFmin=+0.0009566 G=OK(+6.829e-13) MF=OK(active=10/20,min=+7.029e-12,slack=+2.64e-14)
[RMPCC 0171] OK solve=254.2ms pose=(1.552,0.718,0.741) u=(0.051,0.324) s=1.793 PSDFmin=+0.001143 G=OK(+1.281e-13) MF=OK(active=9/20,min=+3.42e-13,slack=+9.741e-16)
[RMPCC 0172] OK solve=131.5ms pose=(1.556,0.722,0.773) u=(0.025,0.632) s=1.798 PSDFmin=+0.0009668 G=OK(+7.527e-14) MF=OK(active=10/20,min=+8.387e-11,slack=+1.356e-13)
[RMPCC 0173] OK solve=262.5ms pose=(1.558,0.724,0.836) u=(0.127,0.404) s=1.807 PSDFmin=+0.001292 G=OK(+5.683e-09) MF=OK(active=10/20,min=+6.837e-08,slack=+7.057e-11)
[RMPCC 0174] OK solve=255.4ms pose=(1.566,0.733,0.877) u=(0.063,0.277) s=1.813 PSDFmin=+0.001602 G=OK(+2.598e-14) MF=OK(active=9/20,min=+5.977e-13,slack=+8.341e-16)
[RMPCC 0175] OK solve=124.0ms pose=(1.570,0.738,0.904) u=(0.137,0.047) s=1.823 PSDFmin=+0.001473 G=OK(+1.039e-10) MF=OK(active=10/20,min=+3.149e-09,slack=+4.07e-12)
[RMPCC 0176] OK solve=136.8ms pose=(1.579,0.749,0.909) u=(0.183,-0.265) s=1.839 PSDFmin=+0.001222 G=OK(+5.684e-11) MF=OK(active=10/20,min=+6.408e-10,slack=+2.304e-12)
[RMPCC 0177] OK solve=135.4ms pose=(1.590,0.763,0.883) u=(0.115,-0.075) s=1.857 PSDFmin=+0.0008355 G=OK(+4.441e-16) MF=OK(active=10/20,min=+1.423e-14,slack=+2.254e-17)
[RMPCC 0178] OK solve=123.3ms pose=(1.597,0.772,0.875) u=(0.105,-1.152) s=1.862 PSDFmin=-0.001277 G=OK(+9.992e-15) MF=OK(active=10/20,min=+4.112e-13,slack=+8.614e-16)
[RMPCC 0179] OK solve=128.5ms pose=(1.604,0.780,0.760) u=(0.112,-0.550) s=1.876 PSDFmin=+0.0004141 G=OK(+3.504e-11) MF=OK(active=10/20,min=+9.824e-11,slack=+1.704e-12)
[RMPCC 0180] OK solve=118.7ms pose=(1.612,0.788,0.705) u=(0.106,-0.223) s=1.883 PSDFmin=-0.004715 G=OK(+8.882e-16) MF=OK(active=10/20,min=+2.846e-14,slack=+3.361e-17)
[RMPCC 0181] OK solve=131.9ms pose=(1.620,0.795,0.683) u=(0.080,-1.045) s=1.896 PSDFmin=+0.0009287 G=OK(+2.087e-14) MF=OK(active=10/20,min=+7.228e-13,slack=+1.565e-15)
[RMPCC 0182] OK solve=124.4ms pose=(1.626,0.800,0.578) u=(0.101,-0.494) s=1.901 PSDFmin=-0.004226 G=OK(+6.661e-16) MF=OK(active=10/20,min=+1.956e-14,slack=+1.617e-17)
[RMPCC 0183] OK solve=138.2ms pose=(1.635,0.805,0.529) u=(0.089,-0.685) s=1.912 PSDFmin=+0.001304 G=OK(+1.465e-13) MF=OK(active=10/20,min=+1.83e-12,slack=+9.003e-15)
[RMPCC 0184] OK solve=135.1ms pose=(1.643,0.810,0.460) u=(0.089,-0.302) s=1.920 PSDFmin=+0.001033 G=OK(+1.041e-12) MF=OK(active=10/20,min=+5.042e-11,slack=+1.078e-13)
[RMPCC 0185] OK solve=238.4ms pose=(1.651,0.814,0.430) u=(0.074,-0.733) s=1.929 PSDFmin=+0.0009942 G=OK(+6.617e-11) MF=OK(active=10/20,min=+1.128e-08,slack=+9.101e-12)
[RMPCC 0186] OK solve=243.2ms pose=(1.657,0.817,0.357) u=(0.089,-0.326) s=1.936 PSDFmin=+0.001253 G=OK(+2.365e-13) MF=OK(active=9/20,min=+4.884e-12,slack=+9.861e-15)
[RMPCC 0187] OK solve=121.4ms pose=(1.666,0.820,0.324) u=(0.098,-1.007) s=1.939 PSDFmin=+0.001038 G=OK(+2.22e-16) MF=OK(active=10/20,min=+3.29e-14,slack=+3.513e-17)
[RMPCC 0188] OK solve=137.3ms pose=(1.675,0.823,0.223) u=(0.069,-0.489) s=1.952 PSDFmin=+0.001435 G=OK(+3.875e-10) MF=OK(active=10/20,min=+1.385e-08,slack=+2.145e-11)
[RMPCC 0189] OK solve=115.5ms pose=(1.682,0.825,0.174) u=(0.112,-0.886) s=1.952 PSDFmin=+0.0008872 G=OK(+3.242e-14) MF=OK(active=10/20,min=+1.958e-12,slack=+4.511e-15)
[RMPCC 0190] OK solve=128.3ms pose=(1.693,0.827,0.086) u=(0.095,-0.408) s=1.965 PSDFmin=+0.001343 G=OK(+1.11e-14) MF=OK(active=10/20,min=+7.939e-13,slack=+1.689e-15)
[RMPCC 0191] OK solve=121.1ms pose=(1.702,0.827,0.045) u=(0.120,-0.567) s=1.973 PSDFmin=+0.002381 G=OK(+7.461e-10) MF=OK(active=10/20,min=+6.634e-08,slack=+6.531e-11)
[RMPCC 0192] OK solve=251.1ms pose=(1.714,0.828,-0.012) u=(0.093,-0.233) s=1.985 PSDFmin=+0.001475 G=OK(+1.952e-13) MF=OK(active=10/20,min=+9.54e-12,slack=+4.318e-15)
[RMPCC 0193] OK solve=379.4ms pose=(1.723,0.828,-0.035) u=(0.124,-0.650) s=1.994 PSDFmin=+0.001923 G=OK(+4.441e-16) MF=OK(active=8/20,min=+1.067e-14,slack=+1.003e-17)
[RMPCC 0194] OK solve=392.2ms pose=(1.736,0.827,-0.100) u=(0.089,-0.284) s=2.006 PSDFmin=+0.00685 G=OK(+0.01137) MF=OK(active=8/20,min=+9.513e-13,slack=+2.676e-15)
[RMPCC 0195] OK solve=379.9ms pose=(1.745,0.827,-0.128) u=(0.183,-0.920) s=2.011 PSDFmin=+0.002166 G=OK(+4.086e-14) MF=OK(active=9/20,min=+1.486e-12,slack=+1.303e-15)
[RMPCC 0196] OK solve=375.5ms pose=(1.763,0.824,-0.220) u=(0.102,-0.510) s=2.027 PSDFmin=+0.01173 G=OK(+0.01031) MF=OK(active=8/20,min=+2.844e-12,slack=+1.556e-14)
[RMPCC 0197] OK solve=369.4ms pose=(1.773,0.822,-0.271) u=(0.102,-0.310) s=2.043 PSDFmin=-0.0004859 G=OK(+1.554e-15) MF=OK(active=9/20,min=+4.623e-14,slack=+4.879e-17)
[RMPCC 0198] OK solve=287.3ms pose=(1.783,0.819,-0.302) u=(0.102,-0.631) s=2.046 PSDFmin=+0.004092 G=OK(+0.008296) MF=OK(active=7/20,min=+2.633e-13,slack=+4.071e-16)
[RMPCC 0199] OK solve=253.1ms pose=(1.792,0.816,-0.365) u=(0.086,-0.863) s=2.063 PSDFmin=-0.00963 G=OK(+9.992e-14) MF=OK(active=10/20,min=+6.097e-14,slack=+1.252e-16)
[RMPCC 0200] OK solve=241.4ms pose=(1.800,0.813,-0.452) u=(0.065,-0.923) s=2.065 PSDFmin=-0.0001635 G=OK(+2.243e-14) MF=OK(active=3/20,min=+1.319e-11,slack=+3.874e-16)
[RMPCC 0201] OK solve=243.9ms pose=(1.806,0.810,-0.544) u=(0.066,-0.422) s=2.077 PSDFmin=+0.0008098 G=OK(+2.232e-11) MF=OK(active=6/20,min=+2.866e-10,slack=+7.378e-13)
[RMPCC 0202] OK solve=363.5ms pose=(1.812,0.807,-0.586) u=(0.033,-0.383) s=2.082 PSDFmin=+0.00814 G=OK(+0.006647) MF=OK(active=7/20,min=+1.423e-14,slack=+2.036e-17)
[RMPCC 0203] OK solve=360.2ms pose=(1.815,0.805,-0.624) u=(0.168,-0.654) s=2.086 PSDFmin=+0.005917 G=OK(+0.004723) MF=OK(active=8/20,min=+2.846e-14,slack=+3.514e-17)
[RMPCC 0204] OK solve=390.8ms pose=(1.828,0.795,-0.690) u=(0.084,-0.639) s=2.103 PSDFmin=+0.006872 G=OK(+0.005996) MF=OK(active=8/20,min=+7.144e-15,slack=+3.817e-17)
[RMPCC 0205] OK solve=279.2ms pose=(1.835,0.790,-0.754) u=(0.042,-0.600) s=2.115 PSDFmin=+0.007569 G=OK(+0.006548) MF=OK(active=9/20,min=+8.127e-12,slack=+8.368e-14)
[RMPCC 0206] OK solve=242.4ms pose=(1.838,0.787,-0.814) u=(0.031,-0.566) s=2.116 PSDFmin=+0.007628 G=OK(+0.006707) MF=OK(active=10/20,min=+8.198e-12,slack=+1.226e-14)
[RMPCC 0207] OK solve=239.7ms pose=(1.840,0.785,-0.870) u=(0.093,-0.777) s=2.116 PSDFmin=+0.004636 G=OK(+0.003837) MF=OK(active=9/20,min=+2.605e-11,slack=+2.039e-14)
[RMPCC 0208] OK solve=242.5ms pose=(1.846,0.778,-0.948) u=(0.069,-0.809) s=2.130 PSDFmin=+0.001882 G=OK(+7.547e-08) MF=OK(active=10/20,min=+3.236e-09,slack=+2.642e-12)
[RMPCC 0209] OK solve=365.1ms pose=(1.850,0.772,-1.029) u=(0.102,-1.200) s=2.131 PSDFmin=-0.0001282 G=OK(+9.023e-10) MF=OK(active=9/20,min=+3.591e-09,slack=+3.531e-12)
[RMPCC 0210] OK solve=246.0ms pose=(1.855,0.763,-1.149) u=(0.095,-0.570) s=2.145 PSDFmin=+0.002425 G=OK(+1.221e-14) MF=OK(active=9/20,min=+2.418e-13,slack=+2.099e-16)
[RMPCC 0211] OK solve=127.3ms pose=(1.859,0.755,-1.206) u=(0.100,-0.796) s=2.151 PSDFmin=+0.001055 G=OK(+3.65e-11) MF=OK(active=10/20,min=+4.157e-10,slack=+8.583e-13)
[RMPCC 0212] OK solve=122.0ms pose=(1.863,0.745,-1.286) u=(0.133,-0.337) s=2.161 PSDFmin=-0.006785 G=OK(+6.057e-13) MF=OK(active=10/20,min=+1.149e-10,slack=+6.659e-15)
[RMPCC 0213] OK solve=136.0ms pose=(1.866,0.733,-1.319) u=(0.157,-0.602) s=2.174 PSDFmin=+0.0004799 G=OK(+6.635e-13) MF=OK(active=10/20,min=+1.634e-09,slack=+1.55e-13)
[RMPCC 0214] OK solve=134.6ms pose=(1.870,0.717,-1.379) u=(0.162,-0.514) s=2.190 PSDFmin=-0.01961 G=OK(+1.33e-09) MF=OK(active=10/20,min=+1.666e-08,slack=+1.621e-11)
[RMPCC 0215] OK solve=132.1ms pose=(1.873,0.701,-1.431) u=(0.168,-0.284) s=2.206 PSDFmin=-0.004507 G=OK(+2.22e-16) MF=OK(active=10/20,min=+0.05027,slack=+2.364e-17)
[RMPCC 0216] OK solve=134.6ms pose=(1.876,0.685,-1.459) u=(0.148,-0.590) s=2.217 PSDFmin=-0.02738 G=OK(+4.569e-11) MF=OK(active=10/20,min=+4.731e-10,slack=+3.925e-13)
[RMPCC 0217] OK solve=119.9ms pose=(1.877,0.670,-1.518) u=(0.155,-0.240) s=2.231 PSDFmin=-0.01011 G=OK(+6.18e-13) MF=OK(active=10/20,min=+6.973e-08,slack=+5.147e-14)
[RMPCC 0218] OK solve=125.7ms pose=(1.878,0.655,-1.542) u=(0.155,-0.257) s=2.247 PSDFmin=-0.02507 G=OK(+0.00467) MF=OK(active=10/20,min=-5.687e-11,slack=+1.343e-12)
[RMPCC 0219] OK solve=117.4ms pose=(1.879,0.639,-1.568) u=(0.154,0.002) s=2.262 PSDFmin=-0.002741 G=OK(+2.989e-12) MF=OK(active=10/20,min=+1.436e-10,slack=+1.16e-13)
[RMPCC 0220] OK solve=128.4ms pose=(1.879,0.624,-1.568) u=(0.146,-0.404) s=2.278 PSDFmin=-0.01717 G=OK(+0.00822) MF=OK(active=10/20,min=+7.755e-13,slack=+1.059e-15)
[RMPCC 0221] OK solve=138.2ms pose=(1.879,0.609,-1.608) u=(0.145,-0.119) s=2.280 PSDFmin=-8.31e-05 G=OK(+2.739e-11) MF=OK(active=10/20,min=+4.7e-10,slack=+9.394e-13)
[RMPCC 0222] OK solve=125.5ms pose=(1.878,0.595,-1.620) u=(0.130,-0.147) s=2.296 PSDFmin=-0.007123 G=OK(+2.28e-12) MF=OK(active=10/20,min=+8.016e-13,slack=+2.739e-14)
[RMPCC 0223] OK solve=109.9ms pose=(1.877,0.582,-1.635) u=(0.131,0.064) s=2.313 PSDFmin=+0.0008193 G=OK(+8.396e-12) MF=OK(active=10/20,min=+2.006e-11,slack=+1.149e-13)
[RMPCC 0224] OK solve=125.5ms pose=(1.877,0.569,-1.628) u=(0.105,-0.227) s=2.316 PSDFmin=+0.0004832 G=OK(+9.963e-11) MF=OK(active=10/20,min=+1.033e-09,slack=+2.327e-12)
[RMPCC 0225] OK solve=122.7ms pose=(1.876,0.558,-1.651) u=(0.109,-0.000) s=2.332 PSDFmin=+0.001431 G=OK(+2.491e-13) MF=OK(active=10/20,min=+2.553e-12,slack=+5.517e-15)
[RMPCC 0226] OK solve=137.2ms pose=(1.875,0.547,-1.651) u=(0.111,-0.188) s=2.350 PSDFmin=-0.01091 G=OK(+6.661e-16) MF=OK(active=10/20,min=+1.779e-14,slack=+3.038e-17)
[RMPCC 0227] OK solve=138.1ms pose=(1.874,0.536,-1.670) u=(0.104,0.049) s=2.354 PSDFmin=+0.0004055 G=OK(+7.708e-09) MF=OK(active=10/20,min=+1.191e-07,slack=+2.315e-10)
[RMPCC 0228] OK solve=131.5ms pose=(1.873,0.526,-1.665) u=(0.094,-0.258) s=2.372 PSDFmin=-0.01319 G=OK(+3.799e-12) MF=OK(active=10/20,min=+1.829e-11,slack=+1.423e-13)
[RMPCC 0229] OK solve=123.6ms pose=(1.872,0.517,-1.691) u=(0.124,0.033) s=2.376 PSDFmin=-0.000878 G=OK(+2.478e-13) MF=OK(active=10/20,min=+3.972e-12,slack=+1.411e-14)
[RMPCC 0230] OK solve=132.2ms pose=(1.871,0.504,-1.687) u=(0.076,-0.329) s=2.394 PSDFmin=-0.01361 G=OK(+1.066e-14) MF=OK(active=10/20,min=+1.816e-13,slack=+3.92e-16)
[RMPCC 0231] OK solve=119.6ms pose=(1.870,0.497,-1.720) u=(0.104,-0.065) s=2.396 PSDFmin=+0.0009774 G=OK(+2.22e-15) MF=OK(active=10/20,min=+2.853e-14,slack=+1.046e-16)
[RMPCC 0232] OK solve=127.9ms pose=(1.868,0.486,-1.727) u=(0.070,-0.275) s=2.413 PSDFmin=+0.0007251 G=OK(+4.019e-14) MF=OK(active=10/20,min=+7.144e-13,slack=+3.816e-15)
[RMPCC 0233] OK solve=120.7ms pose=(1.867,0.480,-1.754) u=(0.079,-0.293) s=2.413 PSDFmin=+0.001771 G=OK(+8.882e-16) MF=OK(active=10/20,min=+1.069e-14,slack=+2.796e-17)
[RMPCC 0234] OK solve=128.0ms pose=(1.866,0.472,-1.784) u=(0.077,-0.280) s=2.430 PSDFmin=+0.001081 G=OK(+4.219e-15) MF=OK(active=10/20,min=+2.065e-13,slack=+4.238e-16)
[RMPCC 0235] OK solve=262.2ms pose=(1.864,0.464,-1.811) u=(0.078,-0.515) s=2.430 PSDFmin=+0.001501 G=OK(+2.22e-16) MF=OK(active=10/20,min=+7.131e-15,slack=+2.517e-17)
[RMPCC 0236] OK solve=243.7ms pose=(1.862,0.457,-1.863) u=(0.079,-0.725) s=2.445 PSDFmin=+0.0009808 G=OK(+2.478e-12) MF=OK(active=8/20,min=+5.973e-11,slack=+7.576e-14)
[RMPCC 0237] OK solve=123.7ms pose=(1.860,0.449,-1.935) u=(0.074,-0.486) s=2.453 PSDFmin=-0.00404 G=OK(+8.948e-14) MF=OK(active=10/20,min=+1.295e-11,slack=+6.52e-15)
[RMPCC 0238] OK solve=250.8ms pose=(1.857,0.442,-1.984) u=(0.081,-1.149) s=2.459 PSDFmin=+0.001794 G=OK(+0) MF=OK(active=7/20,min=+9.949e-14,slack=+1.253e-17)
[RMPCC 0239] OK solve=248.7ms pose=(1.854,0.435,-2.099) u=(0.047,-0.570) s=2.467 PSDFmin=+0.006374 G=OK(+0.00553) MF=OK(active=9/20,min=+4.088e-14,slack=+2.819e-17)
[RMPCC 0240] OK solve=270.7ms pose=(1.852,0.431,-2.156) u=(0.119,-0.214) s=2.473 PSDFmin=+0.007011 G=OK(+0.007257) MF=OK(active=10/20,min=+1.615e-11,slack=+5.245e-14)
[RMPCC 0241] OK solve=380.0ms pose=(1.845,0.421,-2.177) u=(0.078,-0.644) s=2.485 PSDFmin=+0.004531 G=OK(+0.003662) MF=OK(active=9/20,min=+5.323e-11,slack=+1.251e-13)
[RMPCC 0242] OK solve=383.7ms pose=(1.841,0.414,-2.242) u=(0.084,-0.490) s=2.493 PSDFmin=+0.000467 G=OK(+7.196e-13) MF=OK(active=8/20,min=+9.929e-12,slack=+1.671e-14)
[RMPCC 0243] OK solve=375.6ms pose=(1.836,0.408,-2.291) u=(0.042,-0.245) s=2.502 PSDFmin=+0.001462 G=OK(+2.728e-09) MF=OK(active=8/20,min=+3.511e-07,slack=+1.227e-10)
[RMPCC 0244] OK solve=250.9ms pose=(1.833,0.405,-2.315) u=(0.094,-0.416) s=2.506 PSDFmin=+0.0005958 G=OK(+1.925e-12) MF=OK(active=9/20,min=+3.417e-12,slack=+6.324e-15)
[RMPCC 0245] OK solve=244.7ms pose=(1.826,0.398,-2.357) u=(0.047,-0.208) s=2.515 PSDFmin=+0.0008361 G=OK(+2.29e-09) MF=OK(active=10/20,min=+4.025e-09,slack=+1.324e-11)
[RMPCC 0246] OK solve=274.6ms pose=(1.823,0.394,-2.378) u=(0.117,-0.590) s=2.523 PSDFmin=+0.00134 G=OK(+1.11e-14) MF=OK(active=9/20,min=+1.567e-13,slack=+3.703e-16)
[RMPCC 0247] OK solve=127.8ms pose=(1.815,0.386,-2.437) u=(0.065,-0.457) s=2.533 PSDFmin=-0.0007135 G=OK(+3.553e-15) MF=OK(active=10/20,min=+3.449e-11,slack=+4.756e-14)
[RMPCC 0248] OK solve=118.4ms pose=(1.810,0.382,-2.482) u=(0.131,-0.255) s=2.544 PSDFmin=+0.0009737 G=OK(+1.223e-12) MF=OK(active=9/20,min=+1.702e-12,slack=+3.91e-14)
[RMPCC 0249] OK solve=121.7ms pose=(1.799,0.374,-2.508) u=(0.174,0.017) s=2.555 PSDFmin=+0.0007042 G=OK(+5.418e-14) MF=OK(active=10/20,min=+1.366e-12,slack=+2.255e-15)
[RMPCC 0250] OK solve=123.4ms pose=(1.785,0.364,-2.506) u=(0.149,1.200) s=2.576 PSDFmin=+0.0007297 G=OK(+5.44e-14) MF=OK(active=10/20,min=+9.253e-13,slack=+1.585e-15)
[RMPCC 0251] OK solve=104.6ms pose=(1.773,0.355,-2.386) u=(0.109,0.806) s=2.586 PSDFmin=-0.005404 G=OK(+8.749e-14) MF=OK(active=10/20,min=+3.337e-12,slack=+6.529e-15)
[RMPCC 0252] OK solve=123.5ms pose=(1.765,0.347,-2.305) u=(0.128,0.703) s=2.597 PSDFmin=+0.000896 G=OK(+8.882e-16) MF=OK(active=10/20,min=+2.135e-14,slack=+3.748e-17)
[RMPCC 0253] OK solve=116.1ms pose=(1.757,0.338,-2.235) u=(0.100,1.200) s=2.607 PSDFmin=-0.01654 G=OK(+1.621e-14) MF=OK(active=10/20,min=+1.714e-13,slack=+9.12e-16)
[RMPCC 0254] OK solve=124.4ms pose=(1.751,0.330,-2.115) u=(0.135,0.559) s=2.618 PSDFmin=-0.002045 G=OK(+3.908e-14) MF=OK(active=10/20,min=+9.033e-13,slack=+8.714e-16)
[RMPCC 0255] OK solve=259.8ms pose=(1.744,0.318,-2.059) u=(0.198,1.200) s=2.628 PSDFmin=-0.0152 G=OK(+0.008929) MF=OK(active=10/20,min=-7.084e-15,slack=+0.02938)
[RMPCC 0256] OK solve=414.5ms pose=(1.734,0.301,-1.939) u=(0.131,1.037) s=2.648 PSDFmin=+0.002003 G=OK(+4.64e-11) MF=OK(active=6/20,min=+0.1904,slack=+2.549e-12)
[RMPCC 0257] OK solve=245.3ms pose=(1.730,0.289,-1.835) u=(0.070,0.671) s=2.658 PSDFmin=+0.0002893 G=OK(+1.132e-14) MF=OK(active=9/20,min=+1.174e-13,slack=+1.448e-16)
[RMPCC 0258] OK solve=109.6ms pose=(1.728,0.282,-1.768) u=(0.095,0.488) s=2.664 PSDFmin=+0.0009932 G=OK(+2.665e-15) MF=OK(active=10/20,min=+4.536e-14,slack=+6.707e-17)
[RMPCC 0259] OK solve=132.6ms pose=(1.726,0.273,-1.720) u=(0.048,0.321) s=2.669 PSDFmin=+0.001 G=OK(+5.387e-13) MF=OK(active=10/20,min=+9.675e-12,slack=+1.824e-14)
[RMPCC 0260] OK solve=118.8ms pose=(1.725,0.268,-1.687) u=(0.104,0.479) s=2.675 PSDFmin=+0.001 G=OK(+1.332e-15) MF=OK(active=10/20,min=+2.966e-12,slack=+1.189e-14)
[RMPCC 0261] OK solve=121.6ms pose=(1.724,0.258,-1.640) u=(0.052,0.307) s=2.681 PSDFmin=+0.001001 G=OK(+4.896e-13) MF=OK(active=10/20,min=+5.309e-12,slack=+1.057e-14)
[RMPCC 0262] OK solve=142.8ms pose=(1.724,0.252,-1.609) u=(0.091,0.454) s=2.687 PSDFmin=+0.001 G=OK(+2.782e-13) MF=OK(active=10/20,min=+4.071e-13,slack=+2.127e-15)
[RMPCC 0263] OK solve=144.0ms pose=(1.723,0.243,-1.563) u=(0.054,0.242) s=2.696 PSDFmin=+0.001006 G=OK(+3.967e-12) MF=OK(active=10/20,min=+8.982e-13,slack=+1.374e-14)
[RMPCC 0264] OK solve=145.8ms pose=(1.723,0.238,-1.539) u=(0.082,0.368) s=2.699 PSDFmin=+0.001 G=OK(+4.663e-15) MF=OK(active=10/20,min=+1.691e-14,slack=+3.063e-17)
[RMPCC 0265] OK solve=147.8ms pose=(1.724,0.230,-1.503) u=(0.049,0.197) s=2.705 PSDFmin=+0.001029 G=OK(+3.331e-15) MF=OK(active=10/20,min=+2.49e-14,slack=+2.774e-17)
[RMPCC 0266] OK solve=139.1ms pose=(1.724,0.225,-1.483) u=(0.081,0.275) s=2.710 PSDFmin=+0.000997 G=OK(+1.683e-12) MF=OK(active=10/20,min=+5.118e-11,slack=+8.783e-14)
[RMPCC 0267] OK solve=113.0ms pose=(1.725,0.217,-1.455) u=(0.048,0.199) s=2.716 PSDFmin=+0.001108 G=OK(+1.066e-12) MF=OK(active=10/20,min=+7.139e-12,slack=+7.017e-15)
[RMPCC 0268] OK solve=132.4ms pose=(1.725,0.212,-1.435) u=(0.076,0.156) s=2.722 PSDFmin=+0.001017 G=OK(+2.841e-10) MF=OK(active=10/20,min=+2.339e-08,slack=+1.158e-11)
[RMPCC 0269] OK solve=126.4ms pose=(1.726,0.204,-1.420) u=(0.044,0.226) s=2.728 PSDFmin=+0.001029 G=OK(+2.947e-13) MF=OK(active=10/20,min=+3.491e-12,slack=+2.482e-15)
[RMPCC 0270] OK solve=122.3ms pose=(1.727,0.200,-1.397) u=(0.070,0.152) s=2.734 PSDFmin=+0.001006 G=OK(+4.998e-08) MF=OK(active=10/20,min=+3.496e-07,slack=+1.679e-10)
[RMPCC 0271] OK solve=133.1ms pose=(1.728,0.193,-1.382) u=(0.038,0.215) s=2.740 PSDFmin=+0.0009789 G=OK(+6.639e-14) MF=OK(active=10/20,min=+3.81e-12,slack=+1.869e-15)
[RMPCC 0272] OK solve=125.4ms pose=(1.729,0.189,-1.360) u=(0.067,0.178) s=2.745 PSDFmin=+0.001018 G=OK(+6.27e-09) MF=OK(active=10/20,min=+3.432e-08,slack=+1.561e-11)
[RMPCC 0273] OK solve=132.5ms pose=(1.730,0.183,-1.343) u=(0.034,0.238) s=2.751 PSDFmin=+0.0009929 G=OK(+1.066e-14) MF=OK(active=10/20,min=+7.25e-13,slack=+2.703e-16)
[RMPCC 0274] OK solve=136.8ms pose=(1.731,0.180,-1.319) u=(0.059,0.212) s=2.751 PSDFmin=+0.001028 G=OK(+3.895e-13) MF=OK(active=10/20,min=+1.545e-11,slack=+3.784e-15)
[RMPCC 0275] OK solve=131.0ms pose=(1.732,0.174,-1.298) u=(0.029,0.216) s=2.757 PSDFmin=+0.001006 G=OK(+3.417e-11) MF=OK(active=10/20,min=+8.242e-10,slack=+2.483e-13)
[RMPCC 0276] OK solve=151.9ms pose=(1.733,0.171,-1.276) u=(0.055,0.284) s=2.763 PSDFmin=+0.001032 G=OK(+3.775e-15) MF=OK(active=10/20,min=+1.667e-11,slack=+4.635e-15)
[RMPCC 0277] OK solve=146.3ms pose=(1.735,0.166,-1.248) u=(0.027,0.316) s=2.769 PSDFmin=+0.001068 G=OK(+1.094e-12) MF=OK(active=10/20,min=+4.144e-09,slack=+4.872e-13)
[RMPCC 0278] OK solve=133.9ms pose=(1.736,0.163,-1.216) u=(0.054,0.259) s=2.769 PSDFmin=+0.001002 G=OK(+7.116e-12) MF=OK(active=10/20,min=+3.918e-08,slack=+4.078e-12)
[RMPCC 0279] OK solve=114.3ms pose=(1.738,0.158,-1.190) u=(0.027,0.263) s=2.781 PSDFmin=+0.001007 G=OK(+2.475e-12) MF=OK(active=10/20,min=+2.911e-09,slack=+4.353e-13)
[RMPCC 0280] OK solve=127.1ms pose=(1.739,0.156,-1.164) u=(0.053,0.292) s=2.781 PSDFmin=+0.001007 G=OK(+8.944e-10) MF=OK(active=10/20,min=+2.749e-08,slack=+4.485e-12)
[RMPCC 0281] OK solve=130.6ms pose=(1.741,0.151,-1.135) u=(0.026,0.338) s=2.786 PSDFmin=+0.001741 G=OK(+0.0004627) MF=OK(active=10/20,min=+3.64e-10,slack=+5.188e-14)
[RMPCC 0282] OK solve=115.1ms pose=(1.742,0.148,-1.101) u=(0.039,0.274) s=2.791 PSDFmin=+0.0009874 G=OK(+1.243e-13) MF=OK(active=10/20,min=+1.406e-09,slack=+1.238e-13)
[RMPCC 0283] OK solve=133.9ms pose=(1.744,0.145,-1.073) u=(0.020,0.327) s=2.794 PSDFmin=+0.0009987 G=OK(+7.949e-14) MF=OK(active=10/20,min=+5.912e-12,slack=+2.301e-16)
[RMPCC 0284] OK solve=118.0ms pose=(1.745,0.143,-1.041) u=(0.048,0.284) s=2.798 PSDFmin=+0.001336 G=OK(+0.000327) MF=OK(active=10/20,min=+5.057e-09,slack=+4.995e-13)
[RMPCC 0285] OK solve=123.0ms pose=(1.747,0.139,-1.012) u=(0.024,0.331) s=2.804 PSDFmin=+0.001522 G=OK(+0.0004112) MF=OK(active=10/20,min=+6.222e-08,slack=+2.961e-12)
[RMPCC 0286] OK solve=125.0ms pose=(1.748,0.137,-0.979) u=(0.031,0.215) s=2.804 PSDFmin=+0.001803 G=OK(+0.0007892) MF=OK(active=10/20,min=+1.526e-09,slack=+1.339e-13)
[RMPCC 0287] OK solve=250.3ms pose=(1.750,0.134,-0.958) u=(0.020,0.220) s=2.810 PSDFmin=+0.002241 G=OK(+0.001158) MF=OK(active=10/20,min=+6.81e-09,slack=+1.837e-12)
[RMPCC 0288] OK solve=375.3ms pose=(1.751,0.133,-0.936) u=(0.030,0.297) s=2.812 PSDFmin=+0.001961 G=OK(+0.000915) MF=OK(active=9/20,min=+2.303e-09,slack=+1.474e-13)
[RMPCC 0289] OK solve=373.9ms pose=(1.753,0.130,-0.906) u=(0.021,0.255) s=2.816 PSDFmin=+0.001765 G=OK(+0.0007535) MF=OK(active=8/20,min=+2.338e-09,slack=+1.835e-13)
[RMPCC 0290] OK solve=247.8ms pose=(1.754,0.129,-0.881) u=(0.026,0.232) s=2.818 PSDFmin=+0.002005 G=OK(+0.001005) MF=OK(active=9/20,min=+2.843e-13,slack=+3.772e-17)
[RMPCC 0291] OK solve=251.7ms pose=(1.756,0.127,-0.858) u=(0.025,0.254) s=2.821 PSDFmin=+0.002236 G=OK(+0.001228) MF=OK(active=10/20,min=+5.033e-09,slack=+8.34e-14)
[RMPCC 0292] OK solve=394.3ms pose=(1.757,0.125,-0.832) u=(0.026,0.109) s=2.825 PSDFmin=+0.002407 G=OK(+0.001424) MF=OK(active=9/20,min=-3.971e-12,slack=+0.004793)
[RMPCC 0293] OK solve=385.5ms pose=(1.759,0.123,-0.821) u=(0.014,0.184) s=2.827 PSDFmin=+0.00258 G=OK(+0.001578) MF=OK(active=9/20,min=+2.341e-09,slack=+1.755e-13)
[RMPCC 0294] OK solve=368.2ms pose=(1.760,0.122,-0.803) u=(0.029,0.256) s=2.829 PSDFmin=+0.0027 G=OK(+0.001626) MF=OK(active=9/20,min=+3.775e-10,slack=+1.284e-14)
[RMPCC 0295] OK solve=248.4ms pose=(1.762,0.120,-0.777) u=(0.014,0.176) s=2.831 PSDFmin=+0.00283 G=OK(+0.001824) MF=OK(active=9/20,min=+7.374e-11,slack=+2.453e-14)
[RMPCC 0296] OK solve=248.5ms pose=(1.763,0.119,-0.759) u=(0.033,0.193) s=2.833 PSDFmin=+0.002807 G=OK(+0.001795) MF=OK(active=10/20,min=+5.501e-09,slack=+4.507e-13)
[RMPCC 0297] OK solve=248.6ms pose=(1.766,0.116,-0.740) u=(0.016,0.238) s=2.835 PSDFmin=+0.002803 G=OK(+0.001806) MF=OK(active=9/20,min=+8.167e-10,slack=+1.089e-13)
[RMPCC 0298] OK solve=137.4ms pose=(1.767,0.115,-0.716) u=(0.019,0.162) s=2.837 PSDFmin=+0.002846 G=OK(+0.001843) MF=OK(active=10/20,min=+1.876e-11,slack=+5.613e-16)
[RMPCC 0299] OK solve=127.0ms pose=(1.768,0.114,-0.700) u=(0.010,0.184) s=2.839 PSDFmin=+0.002898 G=OK(+0.001889) MF=OK(active=10/20,min=+3.129e-13,slack=+2.49e-16)
[RMPCC 0300] OK solve=120.4ms pose=(1.769,0.113,-0.682) u=(0.027,0.187) s=2.841 PSDFmin=+0.002877 G=OK(+0.001863) MF=OK(active=10/20,min=+1.016e-09,slack=+2.713e-12)
[RMPCC 0301] OK solve=130.2ms pose=(1.771,0.112,-0.663) u=(0.013,0.179) s=2.843 PSDFmin=+0.002949 G=OK(+0.001933) MF=OK(active=10/20,min=+1.407e-08,slack=+1.493e-12)
[RMPCC 0302] OK solve=143.6ms pose=(1.772,0.111,-0.645) u=(0.021,0.159) s=2.845 PSDFmin=+0.00299 G=OK(+0.001963) MF=OK(active=10/20,min=+1.854e-10,slack=+4.169e-14)
[RMPCC 0303] OK solve=115.9ms pose=(1.774,0.110,-0.629) u=(0.016,0.171) s=2.848 PSDFmin=+0.003058 G=OK(+0.002038) MF=OK(active=10/20,min=+1.523e-08,slack=+3.232e-12)
[RMPCC 0304] OK solve=117.4ms pose=(1.775,0.109,-0.612) u=(0.017,0.164) s=2.848 PSDFmin=+0.003134 G=OK(+0.002112) MF=OK(active=10/20,min=+3.29e-08,slack=+2.379e-12)
[RMPCC 0305] OK solve=179.7ms pose=(1.777,0.108,-0.596) u=(0.017,0.174) s=2.850 PSDFmin=+0.00323 G=OK(+0.002208) MF=OK(active=10/20,min=+3.423e-08,slack=+2.855e-13)
[RMPCC 0306] OK solve=126.6ms pose=(1.778,0.107,-0.578) u=(0.017,0.168) s=2.852 PSDFmin=+0.003339 G=OK(+0.002316) MF=OK(active=10/20,min=+0.01474,slack=+2.764e-17)
[RMPCC 0307] OK solve=123.0ms pose=(1.779,0.106,-0.562) u=(0.018,0.159) s=2.854 PSDFmin=+0.003457 G=OK(+0.002435) MF=OK(active=10/20,min=+0.03694,slack=+2.919e-17)
[RMPCC 0308] OK solve=123.8ms pose=(1.781,0.105,-0.546) u=(0.015,0.149) s=2.854 PSDFmin=+0.003581 G=OK(+0.002564) MF=OK(active=10/20,min=+0.06081,slack=+5.103e-17)
[RMPCC 0309] OK solve=140.4ms pose=(1.782,0.104,-0.531) u=(0.015,0.139) s=2.856 PSDFmin=+0.003706 G=OK(+0.00269) MF=OK(active=10/20,min=+0.08161,slack=+4.359e-17)
[RMPCC 0310] OK solve=139.6ms pose=(1.783,0.103,-0.517) u=(0.016,0.131) s=2.858 PSDFmin=+0.003836 G=OK(+0.00282) MF=OK(active=10/20,min=+0.1025,slack=+1.399e-15)
[RMPCC 0311] OK solve=165.1ms pose=(1.785,0.103,-0.504) u=(0.013,0.122) s=2.858 PSDFmin=+0.003968 G=OK(+0.002955) MF=OK(active=10/20,min=+0.1236,slack=+7.755e-15)
[RMPCC 0312] OK solve=128.4ms pose=(1.786,0.102,-0.492) u=(0.014,0.115) s=2.860 PSDFmin=+0.004099 G=OK(+0.003087) MF=OK(active=10/20,min=+0.1397,slack=+3.621e-17)
[RMPCC 0313] OK solve=127.2ms pose=(1.787,0.101,-0.480) u=(0.014,0.108) s=2.862 PSDFmin=+0.004232 G=OK(+0.00322) MF=OK(active=10/20,min=+0.155,slack=+3.999e-17)
[RMPCC 0314] OK solve=126.7ms pose=(1.788,0.101,-0.469) u=(0.012,0.102) s=2.862 PSDFmin=+0.004366 G=OK(+0.003356) MF=OK(active=10/20,min=+0.1696,slack=+3.433e-17)
[RMPCC 0315] OK solve=154.4ms pose=(1.790,0.100,-0.459) u=(0.013,0.096) s=2.864 PSDFmin=+0.004498 G=OK(+0.003488) MF=OK(active=10/20,min=+0.1788,slack=+8.436e-13)
[RMPCC 0316] OK solve=122.1ms pose=(1.791,0.100,-0.450) u=(0.011,0.090) s=2.864 PSDFmin=+0.00463 G=OK(+0.003622) MF=OK(active=10/20,min=+0.1876,slack=+5.831e-17)
[RMPCC 0317] OK solve=114.6ms pose=(1.792,0.099,-0.441) u=(0.012,0.085) s=2.866 PSDFmin=+0.004759 G=OK(+0.003751) MF=OK(active=10/20,min=+0.192,slack=+6.787e-17)
[RMPCC 0318] OK solve=124.0ms pose=(1.793,0.099,-0.432) u=(0.010,0.081) s=2.866 PSDFmin=+0.004887 G=OK(+0.003881) MF=OK(active=10/20,min=+0.1963,slack=+1.929e-13)
[RMPCC 0319] OK solve=129.8ms pose=(1.794,0.098,-0.424) u=(0.011,0.076) s=2.869 PSDFmin=+0.005012 G=OK(+0.004005) MF=OK(active=10/20,min=+0.1978,slack=+2.984e-16)
[RMPCC 0320] OK solve=126.6ms pose=(1.795,0.098,-0.416) u=(0.009,0.072) s=2.869 PSDFmin=+0.005136 G=OK(+0.004131) MF=OK(active=10/20,min=+0.1994,slack=+2.973e-13)
[RMPCC 0321] OK solve=123.0ms pose=(1.795,0.097,-0.409) u=(0.010,0.068) s=2.871 PSDFmin=+0.005257 G=OK(+0.004251) MF=OK(active=10/20,min=+0.1996,slack=+4.538e-15)
[RMPCC 0322] OK solve=122.5ms pose=(1.796,0.097,-0.402) u=(0.009,0.065) s=2.871 PSDFmin=+0.005376 G=OK(+0.004371) MF=OK(active=10/20,min=+0.2,slack=+5.734e-15)
[RMPCC 0323] OK solve=123.1ms pose=(1.797,0.097,-0.396) u=(0.010,0.062) s=2.873 PSDFmin=+0.005493 G=OK(+0.004487) MF=OK(active=10/20,min=+0.2,slack=+1.524e-14)
[RMPCC 0324] OK solve=134.5ms pose=(1.798,0.096,-0.390) u=(0.009,0.058) s=2.873 PSDFmin=+0.005607 G=OK(+0.004603) MF=OK(active=10/20,min=+0.2,slack=+3.592e-16)
[RMPCC 0325] OK solve=118.7ms pose=(1.799,0.096,-0.384) u=(0.008,0.055) s=2.873 PSDFmin=+0.005718 G=OK(+0.004714) MF=OK(active=10/20,min=+0.2,slack=+9.326e-17)
[RMPCC 0326] OK solve=125.4ms pose=(1.800,0.096,-0.378) u=(0.009,0.053) s=2.875 PSDFmin=+0.005826 G=OK(+0.004822) MF=OK(active=10/20,min=+0.2,slack=+6.51e-14)
[RMPCC 0327] OK solve=120.5ms pose=(1.800,0.095,-0.373) u=(0.007,0.050) s=2.875 PSDFmin=+0.005932 G=OK(+0.004929) MF=OK(active=10/20,min=+0.2,slack=+3.929e-13)
[RMPCC 0328] OK solve=124.2ms pose=(1.801,0.095,-0.368) u=(0.007,0.047) s=2.875 PSDFmin=+0.006034 G=OK(+0.005031) MF=OK(active=10/20,min=+0.2,slack=+3.684e-14)
[RMPCC 0329] OK solve=119.7ms pose=(1.802,0.095,-0.363) u=(0.007,0.045) s=2.876 PSDFmin=+0.006133 G=OK(+0.00513) MF=OK(active=10/20,min=+0.2,slack=+2.105e-14)
[RMPCC 0330] OK solve=116.0ms pose=(1.802,0.094,-0.359) u=(0.007,0.043) s=2.877 PSDFmin=+0.006229 G=OK(+0.005226) MF=OK(active=10/20,min=+0.2,slack=+1.536e-14)
[RMPCC 0331] OK solve=127.2ms pose=(1.803,0.094,-0.354) u=(0.006,0.041) s=2.877 PSDFmin=+0.006323 G=OK(+0.00532) MF=OK(active=10/20,min=+0.2,slack=+4.82e-14)
[RMPCC 0332] OK solve=119.7ms pose=(1.804,0.094,-0.350) u=(0.006,0.039) s=2.878 PSDFmin=+0.006413 G=OK(+0.005411) MF=OK(active=10/20,min=+0.2,slack=+1.1e-13)
[RMPCC 0333] OK solve=142.3ms pose=(1.804,0.094,-0.346) u=(0.006,0.038) s=2.879 PSDFmin=+0.006502 G=OK(+0.0055) MF=OK(active=10/20,min=+0.2,slack=+1.789e-13)
[RMPCC 0334] OK solve=136.7ms pose=(1.805,0.094,-0.343) u=(0.006,0.036) s=2.879 PSDFmin=+0.006588 G=OK(+0.005586) MF=OK(active=10/20,min=+0.2,slack=+3.045e-13)
[RMPCC 0335] OK solve=132.5ms pose=(1.805,0.093,-0.339) u=(0.005,0.034) s=2.880 PSDFmin=+0.006672 G=OK(+0.00567) MF=OK(active=10/20,min=+0.2,slack=+4.299e-13)
[RMPCC 0336] OK solve=122.4ms pose=(1.806,0.093,-0.335) u=(0.005,0.033) s=2.880 PSDFmin=+0.006753 G=OK(+0.005751) MF=OK(active=10/20,min=+0.2,slack=+5.504e-13)
[RMPCC 0337] OK solve=127.0ms pose=(1.806,0.093,-0.332) u=(0.005,0.032) s=2.881 PSDFmin=+0.006832 G=OK(+0.00583) MF=OK(active=10/20,min=+0.2,slack=+6.896e-13)
[RMPCC 0338] OK solve=129.6ms pose=(1.807,0.093,-0.329) u=(0.005,0.030) s=2.881 PSDFmin=+0.006908 G=OK(+0.005907) MF=OK(active=10/20,min=+0.2,slack=+8.358e-13)
[RMPCC 0339] OK solve=119.4ms pose=(1.807,0.093,-0.326) u=(0.005,0.029) s=2.882 PSDFmin=+0.006983 G=OK(+0.005982) MF=OK(active=10/20,min=+0.2,slack=+9.615e-13)
[RMPCC 0340] OK solve=124.4ms pose=(1.808,0.093,-0.323) u=(0.005,0.028) s=2.882 PSDFmin=+0.007055 G=OK(+0.006054) MF=OK(active=10/20,min=+0.2,slack=+1.012e-12)
[RMPCC 0341] OK solve=127.1ms pose=(1.808,0.092,-0.320) u=(0.004,0.027) s=2.883 PSDFmin=+0.007125 G=OK(+0.006124) MF=OK(active=10/20,min=+0.2,slack=+1.081e-12)
[RMPCC 0342] OK solve=124.7ms pose=(1.808,0.092,-0.318) u=(0.004,0.026) s=2.883 PSDFmin=+0.007193 G=OK(+0.006192) MF=OK(active=10/20,min=+0.2,slack=+1.153e-12)
목적지에 도착했습니다! 현재 위치: [1.80888 0.09221], 시간: 34.30초
Using rmpcc optimizer with differential_drive dynamics:
median:  0.132523775100708
std:  0.08951005696364872
min:  0.10456228256225586
max:  0.41696667671203613
Simulation finished.
Run outcome: status=success, reason=None, final_time=34.30000000000022, distance_to_goal=0.009992888094429461
Optimizer runtime stats: safe_stop_count=0, backup_feasible_qp_success_count=0, plant_input_apply_count=343, last_solve_mode=sqp_rti
Trial history saved to /home/taek111/projects/psdf_mpcc/debug_runs/rmpcc_tuning/p4-h10_maze_r1/data/trial_history_MPC_rmpcc_rectangle_maze_p4-h10_maze_r1.csv
RMPCC constraint history saved to /home/taek111/projects/psdf_mpcc/debug_runs/rmpcc_tuning/p4-h10_maze_r1/data/rmpcc_constraints_MPC_rmpcc_rectangle_maze_p4-h10_maze_r1.csv
RMPCC debug history saved to /home/taek111/projects/psdf_mpcc/debug_runs/rmpcc_tuning/p4-h10_maze_r1/data/cycle_raw.csv
RMPCC debug history saved to /home/taek111/projects/psdf_mpcc/debug_runs/rmpcc_tuning/p4-h10_maze_r1/data/covariance_trajectory.csv
Pose-SDF data saved to /home/taek111/projects/psdf_mpcc/debug_runs/rmpcc_tuning/p4-h10_maze_r1/data/pose_sdf_MPC_rmpcc_rectangle_maze_p4-h10_maze_r1.csv
Total data points: 343
SDF statistics - Min: 0.0029, Max: 0.0574, Mean: 0.0148
