COMMAND: python3 test_nmpc.py --single --config /home/taek111/projects/psdf_mpcc/debug_runs/maze_dd_rectangle_dcbf_casadi_20260909/dcbf/config.yaml --maze-type maze --robot-shape rectangle --dynamics-type differential_drive --optimizer-type dcbf --path-planner astar --simulation-time 60 --no-perturb-start --no-animation
RUNTIME: 3.8.10 (default, Mar 18 2025, 20:04:55) 
[GCC 9.4.0]
Running single test...
generating global path with A* + Line of Sight
시작 위치: [0.075 0.795]
목적지: [1.8  0.09]
도착 판정 기준: position <= 0.01m, angle <= 0.01rad

******************************************************************************
This program contains Ipopt, a library for large-scale nonlinear optimization.
 Ipopt is released as open source code under the Eclipse Public License (EPL).
         For more information visit https://github.com/coin-or/Ipopt
******************************************************************************

solver time:  0.23059
plant_input_stage0: full=[0.5 0.5], physical=[0.5 0.5]
solver time:  0.255843
plant_input_stage0: full=[0.5     0.35153], physical=[0.5     0.35153]
solver time:  0.30944
plant_input_stage0: full=[0.36625 0.5    ], physical=[0.36625 0.5    ]
solver time:  0.276178
plant_input_stage0: full=[0.16306 0.5    ], physical=[0.16306 0.5    ]
solver time:  0.296101
plant_input_stage0: full=[0.12527 0.5    ], physical=[0.12527 0.5    ]
solver time:  0.300014
plant_input_stage0: full=[0.01843 0.5    ], physical=[0.01843 0.5    ]
solver time:  0.297312
plant_input_stage0: full=[0.10909 0.5    ], physical=[0.10909 0.5    ]
solver time:  0.321783
plant_input_stage0: full=[0.09649 0.5    ], physical=[0.09649 0.5    ]
solver time:  0.293664
plant_input_stage0: full=[0.08287 0.5    ], physical=[0.08287 0.5    ]
solver time:  0.291302
plant_input_stage0: full=[0.07092 0.5    ], physical=[0.07092 0.5    ]
solver time:  0.321364
plant_input_stage0: full=[0.06161 0.5    ], physical=[0.06161 0.5    ]
solver time:  0.314252
plant_input_stage0: full=[0.05364 0.5    ], physical=[0.05364 0.5    ]
solver time:  0.326307
plant_input_stage0: full=[0.04753 0.5    ], physical=[0.04753 0.5    ]
solver time:  0.309595
plant_input_stage0: full=[0.04287 0.5    ], physical=[0.04287 0.5    ]
solver time:  0.32726
plant_input_stage0: full=[0.037 0.5  ], physical=[0.037 0.5  ]
solver time:  0.386763
plant_input_stage0: full=[0.03551 0.5    ], physical=[0.03551 0.5    ]
solver time:  0.320459
plant_input_stage0: full=[0.03291 0.5    ], physical=[0.03291 0.5    ]
solver time:  0.373245
plant_input_stage0: full=[0.03227 0.5    ], physical=[0.03227 0.5    ]
solver time:  0.344176
plant_input_stage0: full=[0.08168 0.5    ], physical=[0.08168 0.5    ]
solver time:  0.271536
plant_input_stage0: full=[0.10113 0.5    ], physical=[0.10113 0.5    ]
solver time:  0.269926
plant_input_stage0: full=[0.11269 0.5    ], physical=[0.11269 0.5    ]
solver time:  0.260582
plant_input_stage0: full=[0.12184 0.5    ], physical=[0.12184 0.5    ]
solver time:  0.272593
plant_input_stage0: full=[0.12229 0.5    ], physical=[0.12229 0.5    ]
solver time:  0.257886
plant_input_stage0: full=[0.13394 0.5    ], physical=[0.13394 0.5    ]
solver time:  0.260607
plant_input_stage0: full=[0.138 0.5  ], physical=[0.138 0.5  ]
solver time:  0.263315
plant_input_stage0: full=[0.14724 0.5    ], physical=[0.14724 0.5    ]
solver time:  0.253903
plant_input_stage0: full=[0.14867 0.5    ], physical=[0.14867 0.5    ]
solver time:  0.244411
plant_input_stage0: full=[0.13923 0.5    ], physical=[0.13923 0.5    ]
solver time:  0.238211
plant_input_stage0: full=[0.16474 0.5    ], physical=[0.16474 0.5    ]
solver time:  0.261114
plant_input_stage0: full=[0.18599 0.5    ], physical=[0.18599 0.5    ]
solver time:  0.335401
plant_input_stage0: full=[0.20086 0.5    ], physical=[0.20086 0.5    ]
solver time:  0.309877
plant_input_stage0: full=[0.33381 0.5    ], physical=[0.33381 0.5    ]
solver time:  0.448403
plant_input_stage0: full=[0.41733 0.06074], physical=[0.41733 0.06074]
solver time:  0.39367
plant_input_stage0: full=[0.32746 0.04205], physical=[0.32746 0.04205]
solver time:  0.476835
plant_input_stage0: full=[-0.14905  0.45813], physical=[-0.14905  0.45813]
solver time:  0.62314
plant_input_stage0: full=[0.25942 0.5    ], physical=[0.25942 0.5    ]
solver time:  0.473344
plant_input_stage0: full=[0.1916 0.5   ], physical=[0.1916 0.5   ]
solver time:  0.467549
plant_input_stage0: full=[0.14174 0.5    ], physical=[0.14174 0.5    ]
solver time:  0.595496
plant_input_stage0: full=[0.15291 0.5    ], physical=[0.15291 0.5    ]
solver time:  0.404918
plant_input_stage0: full=[0.12415 0.5    ], physical=[0.12415 0.5    ]
solver time:  0.416757
plant_input_stage0: full=[0.102 0.5  ], physical=[0.102 0.5  ]
solver time:  0.484155
plant_input_stage0: full=[0.08319 0.5    ], physical=[0.08319 0.5    ]
solver time:  0.794656
plant_input_stage0: full=[0.06846 0.5    ], physical=[0.06846 0.5    ]
solver time:  0.853487
plant_input_stage0: full=[0.05713 0.5    ], physical=[0.05713 0.5    ]
solver time:  0.749639
plant_input_stage0: full=[0.04982 0.00189], physical=[0.04982 0.00189]
solver time:  0.626591
plant_input_stage0: full=[ 0.0421 -0.5   ], physical=[ 0.0421 -0.5   ]
solver time:  0.424091
plant_input_stage0: full=[ 0.03471 -0.5    ], physical=[ 0.03471 -0.5    ]
solver time:  0.423987
plant_input_stage0: full=[ 0.02986 -0.5    ], physical=[ 0.02986 -0.5    ]
solver time:  0.38291
plant_input_stage0: full=[ 0.02675 -0.5    ], physical=[ 0.02675 -0.5    ]
solver time:  0.373569
plant_input_stage0: full=[ 0.01939 -0.26956], physical=[ 0.01939 -0.26956]
solver time:  0.356793
plant_input_stage0: full=[ 0.0111  -0.01764], physical=[ 0.0111  -0.01764]
solver time:  0.389009
plant_input_stage0: full=[ 0.00884 -0.01438], physical=[ 0.00884 -0.01438]
solver time:  0.346646
plant_input_stage0: full=[ 0.00705 -0.01143], physical=[ 0.00705 -0.01143]
solver time:  0.379053
plant_input_stage0: full=[ 0.00562 -0.00911], physical=[ 0.00562 -0.00911]
solver time:  0.360113
plant_input_stage0: full=[ 0.00448 -0.00725], physical=[ 0.00448 -0.00725]
solver time:  0.345247
plant_input_stage0: full=[ 0.00356 -0.00578], physical=[ 0.00356 -0.00578]
solver time:  0.38524
plant_input_stage0: full=[ 0.00281 -0.00459], physical=[ 0.00281 -0.00459]
solver time:  0.350821
plant_input_stage0: full=[ 0.0023  -0.00364], physical=[ 0.0023  -0.00364]
solver time:  0.384496
plant_input_stage0: full=[ 0.00183 -0.00296], physical=[ 0.00183 -0.00296]
solver time:  0.374812
plant_input_stage0: full=[ 0.00142 -0.00235], physical=[ 0.00142 -0.00235]
solver time:  0.364842
plant_input_stage0: full=[ 0.0011  -0.00182], physical=[ 0.0011  -0.00182]
solver time:  0.365382
plant_input_stage0: full=[ 0.00083 -0.00141], physical=[ 0.00083 -0.00141]
solver time:  0.401341
plant_input_stage0: full=[ 0.00061 -0.00105], physical=[ 0.00061 -0.00105]
solver time:  0.400586
plant_input_stage0: full=[ 0.00043 -0.00076], physical=[ 0.00043 -0.00076]
solver time:  0.438069
plant_input_stage0: full=[ 0.00053 -0.00061], physical=[ 0.00053 -0.00061]
solver time:  0.394022
plant_input_stage0: full=[ 0.0004  -0.00068], physical=[ 0.0004  -0.00068]
solver time:  0.419362
plant_input_stage0: full=[ 0.00029 -0.00051], physical=[ 0.00029 -0.00051]
solver time:  0.484447
plant_input_stage0: full=[ 0.0002  -0.00036], physical=[ 0.0002  -0.00036]
solver time:  0.371689
plant_input_stage0: full=[ 0.00014 -0.00025], physical=[ 0.00014 -0.00025]
solver time:  0.388001
plant_input_stage0: full=[ 0.00009 -0.00017], physical=[ 0.00009 -0.00017]
solver time:  0.385945
plant_input_stage0: full=[ 0.00006 -0.00011], physical=[ 0.00006 -0.00011]
solver time:  0.385195
plant_input_stage0: full=[ 0.00004 -0.00007], physical=[ 0.00004 -0.00007]
solver time:  0.377862
plant_input_stage0: full=[ 0.00002 -0.00004], physical=[ 0.00002 -0.00004]
solver time:  0.368433
plant_input_stage0: full=[ 0.00001 -0.00003], physical=[ 0.00001 -0.00003]
solver time:  0.401316
plant_input_stage0: full=[ 0.00001 -0.00002], physical=[ 0.00001 -0.00002]
solver time:  0.379492
plant_input_stage0: full=[ 0.00001 -0.00001], physical=[ 0.00001 -0.00001]
solver time:  0.374253
plant_input_stage0: full=[ 0.      -0.00001], physical=[ 0.      -0.00001]
solver time:  0.394086
plant_input_stage0: full=[ 0. -0.], physical=[ 0. -0.]
solver time:  0.38873
plant_input_stage0: full=[ 0. -0.], physical=[ 0. -0.]
solver time:  0.370284
plant_input_stage0: full=[ 0. -0.], physical=[ 0. -0.]
solver time:  0.375935
plant_input_stage0: full=[ 0. -0.], physical=[ 0. -0.]
solver time:  0.374937
plant_input_stage0: full=[ 0. -0.], physical=[ 0. -0.]
solver time:  0.382667
plant_input_stage0: full=[ 0. -0.], physical=[ 0. -0.]
solver time:  0.383386
plant_input_stage0: full=[ 0. -0.], physical=[ 0. -0.]
solver time:  0.379397
plant_input_stage0: full=[ 0. -0.], physical=[ 0. -0.]
solver time:  0.370908
plant_input_stage0: full=[ 0. -0.], physical=[ 0. -0.]
solver time:  0.374864
plant_input_stage0: full=[ 0. -0.], physical=[ 0. -0.]
solver time:  0.370418
plant_input_stage0: full=[ 0. -0.], physical=[ 0. -0.]
solver time:  0.381677
plant_input_stage0: full=[ 0. -0.], physical=[ 0. -0.]
solver time:  0.371257
plant_input_stage0: full=[ 0. -0.], physical=[ 0. -0.]
solver time:  0.373928
plant_input_stage0: full=[ 0. -0.], physical=[ 0. -0.]
solver time:  0.412313
plant_input_stage0: full=[ 0. -0.], physical=[ 0. -0.]
solver time:  0.369694
plant_input_stage0: full=[ 0. -0.], physical=[ 0. -0.]
solver time:  0.377084
plant_input_stage0: full=[ 0. -0.], physical=[ 0. -0.]
solver time:  0.392477
plant_input_stage0: full=[ 0. -0.], physical=[ 0. -0.]
solver time:  0.379473
plant_input_stage0: full=[ 0. -0.], physical=[ 0. -0.]
solver time:  0.373465
plant_input_stage0: full=[ 0. -0.], physical=[ 0. -0.]
solver time:  0.375044
plant_input_stage0: full=[ 0. -0.], physical=[ 0. -0.]
solver time:  0.377169
plant_input_stage0: full=[ 0. -0.], physical=[ 0. -0.]
solver time:  0.382066
plant_input_stage0: full=[ 0. -0.], physical=[ 0. -0.]
solver time:  0.375593
plant_input_stage0: full=[ 0. -0.], physical=[ 0. -0.]
solver time:  0.376854
plant_input_stage0: full=[ 0. -0.], physical=[ 0. -0.]
solver time:  0.370831
plant_input_stage0: full=[ 0. -0.], physical=[ 0. -0.]
solver time:  0.370398
plant_input_stage0: full=[ 0. -0.], physical=[ 0. -0.]
solver time:  0.382782
plant_input_stage0: full=[ 0. -0.], physical=[ 0. -0.]
solver time:  0.392612
plant_input_stage0: full=[ 0. -0.], physical=[ 0. -0.]
solver time:  0.372256
plant_input_stage0: full=[ 0. -0.], physical=[ 0. -0.]
solver time:  0.434168
plant_input_stage0: full=[ 0. -0.], physical=[ 0. -0.]
solver time:  0.399177
plant_input_stage0: full=[ 0. -0.], physical=[ 0. -0.]
solver time:  0.384482
plant_input_stage0: full=[ 0. -0.], physical=[ 0. -0.]
solver time:  0.3867
plant_input_stage0: full=[ 0. -0.], physical=[ 0. -0.]
solver time:  0.387227
plant_input_stage0: full=[ 0. -0.], physical=[ 0. -0.]
solver time:  0.396755
plant_input_stage0: full=[ 0. -0.], physical=[ 0. -0.]
solver time:  0.462743
plant_input_stage0: full=[ 0. -0.], physical=[ 0. -0.]
solver time:  0.374898
plant_input_stage0: full=[ 0. -0.], physical=[ 0. -0.]
solver time:  0.388905
plant_input_stage0: full=[ 0. -0.], physical=[ 0. -0.]
solver time:  0.377887
plant_input_stage0: full=[ 0. -0.], physical=[ 0. -0.]
solver time:  0.378886
plant_input_stage0: full=[ 0. -0.], physical=[ 0. -0.]
solver time:  0.396804
plant_input_stage0: full=[ 0. -0.], physical=[ 0. -0.]
solver time:  0.384922
plant_input_stage0: full=[ 0. -0.], physical=[ 0. -0.]
solver time:  0.441485
plant_input_stage0: full=[ 0. -0.], physical=[ 0. -0.]
solver time:  0.444224
plant_input_stage0: full=[0. 0.], physical=[0. 0.]
solver time:  0.41553
plant_input_stage0: full=[ 0. -0.], physical=[ 0. -0.]
solver time:  0.387642
plant_input_stage0: full=[ 0. -0.], physical=[ 0. -0.]
solver time:  0.378538
plant_input_stage0: full=[ 0. -0.], physical=[ 0. -0.]
solver time:  0.37587
plant_input_stage0: full=[ 0. -0.], physical=[ 0. -0.]
solver time:  0.378528
plant_input_stage0: full=[0. 0.], physical=[0. 0.]
solver time:  0.379103
plant_input_stage0: full=[0. 0.], physical=[0. 0.]
solver time:  0.376772
plant_input_stage0: full=[ 0. -0.], physical=[ 0. -0.]
solver time:  0.380466
plant_input_stage0: full=[ 0. -0.], physical=[ 0. -0.]
solver time:  0.382053
plant_input_stage0: full=[ 0. -0.], physical=[ 0. -0.]
solver time:  0.409197
plant_input_stage0: full=[ 0. -0.], physical=[ 0. -0.]
solver time:  0.379046
plant_input_stage0: full=[ 0. -0.], physical=[ 0. -0.]
solver time:  0.38394
plant_input_stage0: full=[ 0. -0.], physical=[ 0. -0.]
solver time:  0.378712
plant_input_stage0: full=[ 0. -0.], physical=[ 0. -0.]
solver time:  0.373036
plant_input_stage0: full=[ 0. -0.], physical=[ 0. -0.]
solver time:  0.3743
plant_input_stage0: full=[ 0. -0.], physical=[ 0. -0.]
solver time:  0.38741
plant_input_stage0: full=[ 0. -0.], physical=[ 0. -0.]
solver time:  0.373602
plant_input_stage0: full=[ 0. -0.], physical=[ 0. -0.]
solver time:  0.376483
plant_input_stage0: full=[ 0. -0.], physical=[ 0. -0.]
solver time:  0.393187
plant_input_stage0: full=[ 0. -0.], physical=[ 0. -0.]
solver time:  0.371423
plant_input_stage0: full=[ 0. -0.], physical=[ 0. -0.]
solver time:  0.372171
plant_input_stage0: full=[ 0. -0.], physical=[ 0. -0.]
solver time:  0.388129
plant_input_stage0: full=[ 0. -0.], physical=[ 0. -0.]
solver time:  0.387598
plant_input_stage0: full=[ 0. -0.], physical=[ 0. -0.]
solver time:  0.39448
plant_input_stage0: full=[ 0. -0.], physical=[ 0. -0.]
solver time:  0.374319
plant_input_stage0: full=[ 0. -0.], physical=[ 0. -0.]
solver time:  0.38337
plant_input_stage0: full=[ 0. -0.], physical=[ 0. -0.]
solver time:  0.386131
plant_input_stage0: full=[ 0. -0.], physical=[ 0. -0.]
solver time:  0.38082
plant_input_stage0: full=[ 0. -0.], physical=[ 0. -0.]
solver time:  0.381318
plant_input_stage0: full=[ 0. -0.], physical=[ 0. -0.]
solver time:  0.385607
plant_input_stage0: full=[ 0. -0.], physical=[ 0. -0.]
solver time:  0.394616
plant_input_stage0: full=[ 0. -0.], physical=[ 0. -0.]
solver time:  0.379815
plant_input_stage0: full=[ 0. -0.], physical=[ 0. -0.]
solver time:  0.377477
plant_input_stage0: full=[ 0. -0.], physical=[ 0. -0.]
solver time:  0.389604
plant_input_stage0: full=[ 0. -0.], physical=[ 0. -0.]
solver time:  0.386707
plant_input_stage0: full=[ 0. -0.], physical=[ 0. -0.]
solver time:  0.441049
plant_input_stage0: full=[ 0. -0.], physical=[ 0. -0.]
solver time:  0.405664
plant_input_stage0: full=[ 0. -0.], physical=[ 0. -0.]
solver time:  0.383412
plant_input_stage0: full=[ 0. -0.], physical=[ 0. -0.]
solver time:  0.379557
plant_input_stage0: full=[ 0. -0.], physical=[ 0. -0.]
solver time:  0.385483
plant_input_stage0: full=[ 0. -0.], physical=[ 0. -0.]
solver time:  0.3786
plant_input_stage0: full=[ 0. -0.], physical=[ 0. -0.]
solver time:  0.384079
plant_input_stage0: full=[ 0. -0.], physical=[ 0. -0.]
solver time:  0.378913
plant_input_stage0: full=[ 0. -0.], physical=[ 0. -0.]
solver time:  0.374315
plant_input_stage0: full=[ 0. -0.], physical=[ 0. -0.]
solver time:  0.379014
plant_input_stage0: full=[ 0. -0.], physical=[ 0. -0.]
solver time:  0.389058
plant_input_stage0: full=[ 0. -0.], physical=[ 0. -0.]
solver time:  0.377182
plant_input_stage0: full=[ 0. -0.], physical=[ 0. -0.]
solver time:  0.376548
plant_input_stage0: full=[ 0. -0.], physical=[ 0. -0.]
solver time:  0.373287
plant_input_stage0: full=[ 0. -0.], physical=[ 0. -0.]
solver time:  0.417711
plant_input_stage0: full=[ 0. -0.], physical=[ 0. -0.]
solver time:  0.415165
plant_input_stage0: full=[ 0. -0.], physical=[ 0. -0.]
solver time:  0.456575
plant_input_stage0: full=[ 0. -0.], physical=[ 0. -0.]
solver time:  0.386629
plant_input_stage0: full=[ 0. -0.], physical=[ 0. -0.]
solver time:  0.382576
plant_input_stage0: full=[ 0. -0.], physical=[ 0. -0.]
solver time:  0.381269
plant_input_stage0: full=[ 0. -0.], physical=[ 0. -0.]
solver time:  0.374602
plant_input_stage0: full=[ 0. -0.], physical=[ 0. -0.]
solver time:  0.379293
plant_input_stage0: full=[ 0. -0.], physical=[ 0. -0.]
solver time:  0.382276
plant_input_stage0: full=[ 0. -0.], physical=[ 0. -0.]
solver time:  0.374021
plant_input_stage0: full=[ 0. -0.], physical=[ 0. -0.]
solver time:  0.374785
plant_input_stage0: full=[ 0. -0.], physical=[ 0. -0.]
solver time:  0.390485
plant_input_stage0: full=[ 0. -0.], physical=[ 0. -0.]
solver time:  0.405162
plant_input_stage0: full=[ 0. -0.], physical=[ 0. -0.]
solver time:  0.381018
plant_input_stage0: full=[ 0. -0.], physical=[ 0. -0.]
solver time:  0.387218
plant_input_stage0: full=[ 0. -0.], physical=[ 0. -0.]
solver time:  0.38404
plant_input_stage0: full=[ 0. -0.], physical=[ 0. -0.]
solver time:  0.379069
plant_input_stage0: full=[ 0. -0.], physical=[ 0. -0.]
solver time:  0.393382
plant_input_stage0: full=[ 0. -0.], physical=[ 0. -0.]
solver time:  0.424981
plant_input_stage0: full=[ 0. -0.], physical=[ 0. -0.]
solver time:  0.382383
plant_input_stage0: full=[ 0. -0.], physical=[ 0. -0.]
solver time:  0.379164
plant_input_stage0: full=[ 0. -0.], physical=[ 0. -0.]
solver time:  0.371795
plant_input_stage0: full=[ 0. -0.], physical=[ 0. -0.]
solver time:  0.397509
plant_input_stage0: full=[ 0. -0.], physical=[ 0. -0.]
solver time:  0.380009
plant_input_stage0: full=[ 0. -0.], physical=[ 0. -0.]
solver time:  0.381375
plant_input_stage0: full=[ 0. -0.], physical=[ 0. -0.]
solver time:  0.378938
plant_input_stage0: full=[ 0. -0.], physical=[ 0. -0.]
solver time:  0.386416
plant_input_stage0: full=[ 0. -0.], physical=[ 0. -0.]
solver time:  0.413303
plant_input_stage0: full=[ 0. -0.], physical=[ 0. -0.]
solver time:  0.377065
plant_input_stage0: full=[ 0. -0.], physical=[ 0. -0.]
solver time:  0.405816
plant_input_stage0: full=[ 0. -0.], physical=[ 0. -0.]
solver time:  0.399783
plant_input_stage0: full=[ 0. -0.], physical=[ 0. -0.]
solver time:  0.383748
plant_input_stage0: full=[ 0. -0.], physical=[ 0. -0.]
solver time:  0.375601
plant_input_stage0: full=[ 0. -0.], physical=[ 0. -0.]
solver time:  0.374118
plant_input_stage0: full=[ 0. -0.], physical=[ 0. -0.]
solver time:  0.38474
plant_input_stage0: full=[ 0. -0.], physical=[ 0. -0.]
solver time:  0.377226
plant_input_stage0: full=[ 0. -0.], physical=[ 0. -0.]
solver time:  0.380185
plant_input_stage0: full=[ 0. -0.], physical=[ 0. -0.]
solver time:  0.376177
plant_input_stage0: full=[ 0. -0.], physical=[ 0. -0.]
solver time:  0.381337
plant_input_stage0: full=[ 0. -0.], physical=[ 0. -0.]
solver time:  0.412519
plant_input_stage0: full=[ 0. -0.], physical=[ 0. -0.]
solver time:  0.382009
plant_input_stage0: full=[ 0. -0.], physical=[ 0. -0.]
solver time:  0.376783
plant_input_stage0: full=[ 0. -0.], physical=[ 0. -0.]
solver time:  0.374573
plant_input_stage0: full=[ 0. -0.], physical=[ 0. -0.]
solver time:  0.378143
plant_input_stage0: full=[ 0. -0.], physical=[ 0. -0.]
solver time:  0.375722
plant_input_stage0: full=[ 0. -0.], physical=[ 0. -0.]
solver time:  0.376242
plant_input_stage0: full=[ 0. -0.], physical=[ 0. -0.]
solver time:  0.378666
plant_input_stage0: full=[ 0. -0.], physical=[ 0. -0.]
solver time:  0.387904
plant_input_stage0: full=[ 0. -0.], physical=[ 0. -0.]
solver time:  0.370282
plant_input_stage0: full=[ 0. -0.], physical=[ 0. -0.]
solver time:  0.372985
plant_input_stage0: full=[ 0. -0.], physical=[ 0. -0.]
solver time:  0.387131
plant_input_stage0: full=[ 0. -0.], physical=[ 0. -0.]
solver time:  0.379505
plant_input_stage0: full=[ 0. -0.], physical=[ 0. -0.]
solver time:  0.371535
plant_input_stage0: full=[ 0. -0.], physical=[ 0. -0.]
solver time:  0.382617
plant_input_stage0: full=[ 0. -0.], physical=[ 0. -0.]
solver time:  0.407554
plant_input_stage0: full=[ 0. -0.], physical=[ 0. -0.]
solver time:  0.381105
plant_input_stage0: full=[ 0. -0.], physical=[ 0. -0.]
solver time:  0.386802
plant_input_stage0: full=[ 0. -0.], physical=[ 0. -0.]
solver time:  0.383707
plant_input_stage0: full=[ 0. -0.], physical=[ 0. -0.]
solver time:  0.379165
plant_input_stage0: full=[ 0. -0.], physical=[ 0. -0.]
solver time:  0.386495
plant_input_stage0: full=[ 0. -0.], physical=[ 0. -0.]
solver time:  0.387868
plant_input_stage0: full=[ 0. -0.], physical=[ 0. -0.]
solver time:  0.40731
plant_input_stage0: full=[ 0. -0.], physical=[ 0. -0.]
solver time:  0.375774
plant_input_stage0: full=[ 0. -0.], physical=[ 0. -0.]
solver time:  0.380867
plant_input_stage0: full=[ 0. -0.], physical=[ 0. -0.]
solver time:  0.38811
plant_input_stage0: full=[ 0. -0.], physical=[ 0. -0.]
solver time:  0.37459
plant_input_stage0: full=[ 0. -0.], physical=[ 0. -0.]
solver time:  0.384243
plant_input_stage0: full=[ 0. -0.], physical=[ 0. -0.]
solver time:  0.388748
plant_input_stage0: full=[ 0. -0.], physical=[ 0. -0.]
solver time:  0.384145
plant_input_stage0: full=[ 0. -0.], physical=[ 0. -0.]
solver time:  0.391503
plant_input_stage0: full=[ 0. -0.], physical=[ 0. -0.]
solver time:  0.376411
plant_input_stage0: full=[ 0. -0.], physical=[ 0. -0.]
solver time:  0.404273
plant_input_stage0: full=[ 0. -0.], physical=[ 0. -0.]
solver time:  0.386229
plant_input_stage0: full=[ 0. -0.], physical=[ 0. -0.]
solver time:  0.432982
plant_input_stage0: full=[ 0. -0.], physical=[ 0. -0.]
solver time:  0.377043
plant_input_stage0: full=[ 0. -0.], physical=[ 0. -0.]
solver time:  0.388513
plant_input_stage0: full=[ 0. -0.], physical=[ 0. -0.]
solver time:  0.377282
plant_input_stage0: full=[ 0. -0.], physical=[ 0. -0.]
solver time:  0.393026
plant_input_stage0: full=[ 0. -0.], physical=[ 0. -0.]
solver time:  0.381536
plant_input_stage0: full=[ 0. -0.], physical=[ 0. -0.]
solver time:  0.371641
plant_input_stage0: full=[ 0. -0.], physical=[ 0. -0.]
solver time:  0.38349
plant_input_stage0: full=[ 0. -0.], physical=[ 0. -0.]
solver time:  0.434754
plant_input_stage0: full=[ 0. -0.], physical=[ 0. -0.]
solver time:  0.377385
plant_input_stage0: full=[ 0. -0.], physical=[ 0. -0.]
solver time:  0.380446
plant_input_stage0: full=[ 0. -0.], physical=[ 0. -0.]
solver time:  0.376854
plant_input_stage0: full=[ 0. -0.], physical=[ 0. -0.]
solver time:  0.3903
plant_input_stage0: full=[ 0. -0.], physical=[ 0. -0.]
solver time:  0.371729
plant_input_stage0: full=[ 0. -0.], physical=[ 0. -0.]
solver time:  0.379128
plant_input_stage0: full=[ 0. -0.], physical=[ 0. -0.]
solver time:  0.389209
plant_input_stage0: full=[ 0. -0.], physical=[ 0. -0.]
solver time:  0.380327
plant_input_stage0: full=[ 0. -0.], physical=[ 0. -0.]
solver time:  0.378207
plant_input_stage0: full=[ 0. -0.], physical=[ 0. -0.]
solver time:  0.380704
plant_input_stage0: full=[ 0. -0.], physical=[ 0. -0.]
solver time:  0.383436
plant_input_stage0: full=[ 0. -0.], physical=[ 0. -0.]
solver time:  0.383059
plant_input_stage0: full=[ 0. -0.], physical=[ 0. -0.]
solver time:  0.376562
plant_input_stage0: full=[ 0. -0.], physical=[ 0. -0.]
solver time:  0.381979
plant_input_stage0: full=[ 0. -0.], physical=[ 0. -0.]
solver time:  0.40305
plant_input_stage0: full=[ 0. -0.], physical=[ 0. -0.]
solver time:  0.379344
plant_input_stage0: full=[ 0. -0.], physical=[ 0. -0.]
solver time:  0.380468
plant_input_stage0: full=[ 0. -0.], physical=[ 0. -0.]
solver time:  0.402885
plant_input_stage0: full=[ 0. -0.], physical=[ 0. -0.]
solver time:  0.390888
plant_input_stage0: full=[ 0. -0.], physical=[ 0. -0.]
solver time:  0.38343
plant_input_stage0: full=[ 0. -0.], physical=[ 0. -0.]
solver time:  0.387944
plant_input_stage0: full=[ 0. -0.], physical=[ 0. -0.]
solver time:  0.390861
plant_input_stage0: full=[ 0. -0.], physical=[ 0. -0.]
solver time:  0.394066
plant_input_stage0: full=[ 0. -0.], physical=[ 0. -0.]
solver time:  0.382645
plant_input_stage0: full=[ 0. -0.], physical=[ 0. -0.]
solver time:  0.37933
plant_input_stage0: full=[ 0. -0.], physical=[ 0. -0.]
solver time:  0.382182
plant_input_stage0: full=[ 0. -0.], physical=[ 0. -0.]
solver time:  0.404524
plant_input_stage0: full=[ 0. -0.], physical=[ 0. -0.]
solver time:  0.422178
plant_input_stage0: full=[ 0. -0.], physical=[ 0. -0.]
solver time:  0.382523
plant_input_stage0: full=[ 0. -0.], physical=[ 0. -0.]
solver time:  0.377578
plant_input_stage0: full=[ 0. -0.], physical=[ 0. -0.]
solver time:  0.39334
plant_input_stage0: full=[ 0. -0.], physical=[ 0. -0.]
solver time:  0.385108
plant_input_stage0: full=[ 0. -0.], physical=[ 0. -0.]
solver time:  0.396131
plant_input_stage0: full=[ 0. -0.], physical=[ 0. -0.]
solver time:  0.398711
plant_input_stage0: full=[ 0. -0.], physical=[ 0. -0.]
solver time:  0.459163
plant_input_stage0: full=[ 0. -0.], physical=[ 0. -0.]
solver time:  0.428918
plant_input_stage0: full=[ 0. -0.], physical=[ 0. -0.]
solver time:  0.411801
plant_input_stage0: full=[ 0. -0.], physical=[ 0. -0.]
solver time:  0.498992
plant_input_stage0: full=[ 0. -0.], physical=[ 0. -0.]
solver time:  0.400799
plant_input_stage0: full=[ 0. -0.], physical=[ 0. -0.]
solver time:  0.425002
plant_input_stage0: full=[ 0. -0.], physical=[ 0. -0.]
solver time:  0.402486
plant_input_stage0: full=[ 0. -0.], physical=[ 0. -0.]
solver time:  0.416671
plant_input_stage0: full=[ 0. -0.], physical=[ 0. -0.]
solver time:  0.495459
plant_input_stage0: full=[ 0. -0.], physical=[ 0. -0.]
solver time:  0.477573
plant_input_stage0: full=[ 0. -0.], physical=[ 0. -0.]
solver time:  0.808695
plant_input_stage0: full=[ 0. -0.], physical=[ 0. -0.]
solver time:  0.436803
plant_input_stage0: full=[ 0. -0.], physical=[ 0. -0.]
solver time:  0.436993
plant_input_stage0: full=[ 0. -0.], physical=[ 0. -0.]
solver time:  0.404771
plant_input_stage0: full=[ 0. -0.], physical=[ 0. -0.]
solver time:  0.402504
plant_input_stage0: full=[ 0. -0.], physical=[ 0. -0.]
solver time:  0.391779
plant_input_stage0: full=[ 0. -0.], physical=[ 0. -0.]
solver time:  0.440366
plant_input_stage0: full=[ 0. -0.], physical=[ 0. -0.]
solver time:  0.382018
plant_input_stage0: full=[ 0. -0.], physical=[ 0. -0.]
solver time:  0.416104
plant_input_stage0: full=[ 0. -0.], physical=[ 0. -0.]
solver time:  0.384655
plant_input_stage0: full=[ 0. -0.], physical=[ 0. -0.]
solver time:  0.395279
plant_input_stage0: full=[ 0. -0.], physical=[ 0. -0.]
solver time:  0.395567
plant_input_stage0: full=[ 0. -0.], physical=[ 0. -0.]
solver time:  0.393033
plant_input_stage0: full=[ 0. -0.], physical=[ 0. -0.]
solver time:  0.383281
plant_input_stage0: full=[ 0. -0.], physical=[ 0. -0.]
solver time:  0.389335
plant_input_stage0: full=[ 0. -0.], physical=[ 0. -0.]
solver time:  0.38482
plant_input_stage0: full=[ 0. -0.], physical=[ 0. -0.]
solver time:  0.393727
plant_input_stage0: full=[ 0. -0.], physical=[ 0. -0.]
solver time:  0.391575
plant_input_stage0: full=[ 0. -0.], physical=[ 0. -0.]
solver time:  0.388241
plant_input_stage0: full=[ 0. -0.], physical=[ 0. -0.]
solver time:  0.391314
plant_input_stage0: full=[ 0. -0.], physical=[ 0. -0.]
solver time:  0.380474
plant_input_stage0: full=[ 0. -0.], physical=[ 0. -0.]
solver time:  0.392127
plant_input_stage0: full=[ 0. -0.], physical=[ 0. -0.]
solver time:  0.382293
plant_input_stage0: full=[ 0. -0.], physical=[ 0. -0.]
solver time:  0.37958
plant_input_stage0: full=[ 0. -0.], physical=[ 0. -0.]
solver time:  0.401213
plant_input_stage0: full=[ 0. -0.], physical=[ 0. -0.]
solver time:  0.383253
plant_input_stage0: full=[ 0. -0.], physical=[ 0. -0.]
solver time:  0.383949
plant_input_stage0: full=[ 0. -0.], physical=[ 0. -0.]
solver time:  0.388513
plant_input_stage0: full=[ 0. -0.], physical=[ 0. -0.]
solver time:  0.385217
plant_input_stage0: full=[ 0. -0.], physical=[ 0. -0.]
solver time:  0.381071
plant_input_stage0: full=[ 0. -0.], physical=[ 0. -0.]
solver time:  0.38145
plant_input_stage0: full=[ 0. -0.], physical=[ 0. -0.]
solver time:  0.393941
plant_input_stage0: full=[ 0. -0.], physical=[ 0. -0.]
solver time:  0.46787
plant_input_stage0: full=[ 0. -0.], physical=[ 0. -0.]
solver time:  0.415474
plant_input_stage0: full=[ 0. -0.], physical=[ 0. -0.]
solver time:  0.396406
plant_input_stage0: full=[ 0. -0.], physical=[ 0. -0.]
solver time:  0.431497
plant_input_stage0: full=[ 0. -0.], physical=[ 0. -0.]
solver time:  0.395641
plant_input_stage0: full=[ 0. -0.], physical=[ 0. -0.]
solver time:  0.387243
plant_input_stage0: full=[ 0. -0.], physical=[ 0. -0.]
solver time:  0.390785
plant_input_stage0: full=[ 0. -0.], physical=[ 0. -0.]
solver time:  0.386644
plant_input_stage0: full=[ 0. -0.], physical=[ 0. -0.]
solver time:  0.420431
plant_input_stage0: full=[ 0. -0.], physical=[ 0. -0.]
solver time:  0.430885
plant_input_stage0: full=[ 0. -0.], physical=[ 0. -0.]
solver time:  0.408313
plant_input_stage0: full=[ 0. -0.], physical=[ 0. -0.]
solver time:  0.408587
plant_input_stage0: full=[ 0. -0.], physical=[ 0. -0.]
solver time:  0.424013
plant_input_stage0: full=[ 0. -0.], physical=[ 0. -0.]
solver time:  0.415486
plant_input_stage0: full=[ 0. -0.], physical=[ 0. -0.]
solver time:  0.45114
plant_input_stage0: full=[ 0. -0.], physical=[ 0. -0.]
solver time:  0.571119
plant_input_stage0: full=[ 0. -0.], physical=[ 0. -0.]
solver time:  0.424451
plant_input_stage0: full=[ 0. -0.], physical=[ 0. -0.]
solver time:  0.481525
plant_input_stage0: full=[ 0. -0.], physical=[ 0. -0.]
solver time:  0.561752
plant_input_stage0: full=[ 0. -0.], physical=[ 0. -0.]
solver time:  0.44553
plant_input_stage0: full=[ 0. -0.], physical=[ 0. -0.]
solver time:  0.393212
plant_input_stage0: full=[ 0. -0.], physical=[ 0. -0.]
solver time:  0.434856
plant_input_stage0: full=[ 0. -0.], physical=[ 0. -0.]
solver time:  0.504214
plant_input_stage0: full=[ 0. -0.], physical=[ 0. -0.]
solver time:  0.471805
plant_input_stage0: full=[ 0. -0.], physical=[ 0. -0.]
solver time:  0.552203
plant_input_stage0: full=[ 0. -0.], physical=[ 0. -0.]
solver time:  0.433154
plant_input_stage0: full=[ 0. -0.], physical=[ 0. -0.]
solver time:  0.420203
plant_input_stage0: full=[ 0. -0.], physical=[ 0. -0.]
solver time:  0.455354
plant_input_stage0: full=[ 0. -0.], physical=[ 0. -0.]
solver time:  0.47714
plant_input_stage0: full=[ 0. -0.], physical=[ 0. -0.]
solver time:  0.664475
plant_input_stage0: full=[ 0. -0.], physical=[ 0. -0.]
solver time:  0.665784
plant_input_stage0: full=[ 0. -0.], physical=[ 0. -0.]
solver time:  0.456687
plant_input_stage0: full=[ 0. -0.], physical=[ 0. -0.]
solver time:  0.42947
plant_input_stage0: full=[ 0. -0.], physical=[ 0. -0.]
solver time:  0.450089
plant_input_stage0: full=[ 0. -0.], physical=[ 0. -0.]
solver time:  0.553269
plant_input_stage0: full=[ 0. -0.], physical=[ 0. -0.]
solver time:  0.451155
plant_input_stage0: full=[ 0. -0.], physical=[ 0. -0.]
solver time:  0.467481
plant_input_stage0: full=[ 0. -0.], physical=[ 0. -0.]
solver time:  0.425831
plant_input_stage0: full=[ 0. -0.], physical=[ 0. -0.]
solver time:  0.439374
plant_input_stage0: full=[ 0. -0.], physical=[ 0. -0.]
solver time:  0.491993
plant_input_stage0: full=[ 0. -0.], physical=[ 0. -0.]
solver time:  0.443511
plant_input_stage0: full=[ 0. -0.], physical=[ 0. -0.]
solver time:  0.442598
plant_input_stage0: full=[ 0. -0.], physical=[ 0. -0.]
solver time:  0.410087
plant_input_stage0: full=[ 0. -0.], physical=[ 0. -0.]
solver time:  0.435546
plant_input_stage0: full=[ 0. -0.], physical=[ 0. -0.]
solver time:  0.43432
plant_input_stage0: full=[ 0. -0.], physical=[ 0. -0.]
solver time:  0.48924
plant_input_stage0: full=[ 0. -0.], physical=[ 0. -0.]
solver time:  0.509925
plant_input_stage0: full=[ 0. -0.], physical=[ 0. -0.]
solver time:  0.489079
plant_input_stage0: full=[ 0. -0.], physical=[ 0. -0.]
solver time:  0.406976
plant_input_stage0: full=[ 0. -0.], physical=[ 0. -0.]
solver time:  0.415082
plant_input_stage0: full=[ 0. -0.], physical=[ 0. -0.]
solver time:  0.400313
plant_input_stage0: full=[ 0. -0.], physical=[ 0. -0.]
solver time:  0.388086
plant_input_stage0: full=[ 0. -0.], physical=[ 0. -0.]
solver time:  0.398765
plant_input_stage0: full=[ 0. -0.], physical=[ 0. -0.]
solver time:  0.398283
plant_input_stage0: full=[ 0. -0.], physical=[ 0. -0.]
solver time:  0.408007
plant_input_stage0: full=[ 0. -0.], physical=[ 0. -0.]
solver time:  0.395305
plant_input_stage0: full=[ 0. -0.], physical=[ 0. -0.]
solver time:  0.39051
plant_input_stage0: full=[ 0. -0.], physical=[ 0. -0.]
solver time:  0.439068
plant_input_stage0: full=[ 0. -0.], physical=[ 0. -0.]
solver time:  0.48787
plant_input_stage0: full=[ 0. -0.], physical=[ 0. -0.]
solver time:  0.465442
plant_input_stage0: full=[ 0. -0.], physical=[ 0. -0.]
solver time:  0.400854
plant_input_stage0: full=[ 0. -0.], physical=[ 0. -0.]
solver time:  0.369041
plant_input_stage0: full=[ 0. -0.], physical=[ 0. -0.]
solver time:  0.39419
plant_input_stage0: full=[ 0. -0.], physical=[ 0. -0.]
solver time:  0.378575
plant_input_stage0: full=[ 0. -0.], physical=[ 0. -0.]
solver time:  0.360789
plant_input_stage0: full=[ 0. -0.], physical=[ 0. -0.]
solver time:  0.40807
plant_input_stage0: full=[ 0. -0.], physical=[ 0. -0.]
solver time:  0.381445
plant_input_stage0: full=[ 0. -0.], physical=[ 0. -0.]
solver time:  0.390316
plant_input_stage0: full=[ 0. -0.], physical=[ 0. -0.]
solver time:  0.379997
plant_input_stage0: full=[ 0. -0.], physical=[ 0. -0.]
solver time:  0.37326
plant_input_stage0: full=[ 0. -0.], physical=[ 0. -0.]
solver time:  0.369513
plant_input_stage0: full=[ 0. -0.], physical=[ 0. -0.]
solver time:  0.448712
plant_input_stage0: full=[ 0. -0.], physical=[ 0. -0.]
solver time:  0.406125
plant_input_stage0: full=[ 0. -0.], physical=[ 0. -0.]
solver time:  0.424607
plant_input_stage0: full=[ 0. -0.], physical=[ 0. -0.]
solver time:  0.380497
plant_input_stage0: full=[ 0. -0.], physical=[ 0. -0.]
solver time:  0.393761
plant_input_stage0: full=[ 0. -0.], physical=[ 0. -0.]
solver time:  0.398248
plant_input_stage0: full=[ 0. -0.], physical=[ 0. -0.]
solver time:  0.375824
plant_input_stage0: full=[ 0. -0.], physical=[ 0. -0.]
solver time:  0.42071
plant_input_stage0: full=[ 0. -0.], physical=[ 0. -0.]
solver time:  0.37279
plant_input_stage0: full=[ 0. -0.], physical=[ 0. -0.]
solver time:  0.384292
plant_input_stage0: full=[ 0. -0.], physical=[ 0. -0.]
solver time:  0.380822
plant_input_stage0: full=[ 0. -0.], physical=[ 0. -0.]
solver time:  0.384351
plant_input_stage0: full=[ 0. -0.], physical=[ 0. -0.]
solver time:  0.433423
plant_input_stage0: full=[ 0. -0.], physical=[ 0. -0.]
solver time:  0.385389
plant_input_stage0: full=[ 0. -0.], physical=[ 0. -0.]
solver time:  0.464196
plant_input_stage0: full=[ 0. -0.], physical=[ 0. -0.]
solver time:  0.429085
plant_input_stage0: full=[ 0. -0.], physical=[ 0. -0.]
solver time:  0.381763
plant_input_stage0: full=[ 0. -0.], physical=[ 0. -0.]
solver time:  0.369579
plant_input_stage0: full=[ 0. -0.], physical=[ 0. -0.]
solver time:  0.372701
plant_input_stage0: full=[ 0. -0.], physical=[ 0. -0.]
solver time:  0.386778
plant_input_stage0: full=[ 0. -0.], physical=[ 0. -0.]
solver time:  0.413964
plant_input_stage0: full=[ 0. -0.], physical=[ 0. -0.]
solver time:  0.371318
plant_input_stage0: full=[ 0. -0.], physical=[ 0. -0.]
solver time:  0.386894
plant_input_stage0: full=[ 0. -0.], physical=[ 0. -0.]
solver time:  0.39145
plant_input_stage0: full=[ 0. -0.], physical=[ 0. -0.]
solver time:  0.444755
plant_input_stage0: full=[ 0. -0.], physical=[ 0. -0.]
solver time:  0.446405
plant_input_stage0: full=[ 0. -0.], physical=[ 0. -0.]
solver time:  0.503824
plant_input_stage0: full=[ 0. -0.], physical=[ 0. -0.]
solver time:  0.444019
plant_input_stage0: full=[ 0. -0.], physical=[ 0. -0.]
solver time:  0.458209
plant_input_stage0: full=[ 0. -0.], physical=[ 0. -0.]
solver time:  0.407899
plant_input_stage0: full=[ 0. -0.], physical=[ 0. -0.]
solver time:  0.398359
plant_input_stage0: full=[ 0. -0.], physical=[ 0. -0.]
solver time:  0.384751
plant_input_stage0: full=[ 0. -0.], physical=[ 0. -0.]
solver time:  0.403
plant_input_stage0: full=[ 0. -0.], physical=[ 0. -0.]
solver time:  0.382371
plant_input_stage0: full=[ 0. -0.], physical=[ 0. -0.]
solver time:  0.377596
plant_input_stage0: full=[ 0. -0.], physical=[ 0. -0.]
solver time:  0.378318
plant_input_stage0: full=[ 0. -0.], physical=[ 0. -0.]
solver time:  0.386586
plant_input_stage0: full=[ 0. -0.], physical=[ 0. -0.]
solver time:  0.389461
plant_input_stage0: full=[ 0. -0.], physical=[ 0. -0.]
solver time:  0.402418
plant_input_stage0: full=[ 0. -0.], physical=[ 0. -0.]
solver time:  0.406301
plant_input_stage0: full=[ 0. -0.], physical=[ 0. -0.]
solver time:  0.41278
plant_input_stage0: full=[ 0. -0.], physical=[ 0. -0.]
solver time:  0.417067
plant_input_stage0: full=[ 0. -0.], physical=[ 0. -0.]
solver time:  0.360053
plant_input_stage0: full=[ 0. -0.], physical=[ 0. -0.]
solver time:  0.374465
plant_input_stage0: full=[ 0. -0.], physical=[ 0. -0.]
solver time:  0.414105
plant_input_stage0: full=[ 0. -0.], physical=[ 0. -0.]
solver time:  0.365285
plant_input_stage0: full=[ 0. -0.], physical=[ 0. -0.]
solver time:  0.388849
plant_input_stage0: full=[ 0. -0.], physical=[ 0. -0.]
solver time:  0.382599
plant_input_stage0: full=[ 0. -0.], physical=[ 0. -0.]
solver time:  0.383818
plant_input_stage0: full=[ 0. -0.], physical=[ 0. -0.]
solver time:  0.376087
plant_input_stage0: full=[ 0. -0.], physical=[ 0. -0.]
solver time:  0.369313
plant_input_stage0: full=[ 0. -0.], physical=[ 0. -0.]
solver time:  0.399582
plant_input_stage0: full=[ 0. -0.], physical=[ 0. -0.]
solver time:  0.378367
plant_input_stage0: full=[ 0. -0.], physical=[ 0. -0.]
solver time:  0.392687
plant_input_stage0: full=[ 0. -0.], physical=[ 0. -0.]
solver time:  0.372378
plant_input_stage0: full=[ 0. -0.], physical=[ 0. -0.]
solver time:  0.379714
plant_input_stage0: full=[ 0. -0.], physical=[ 0. -0.]
solver time:  0.425785
plant_input_stage0: full=[ 0. -0.], physical=[ 0. -0.]
solver time:  0.379593
plant_input_stage0: full=[ 0. -0.], physical=[ 0. -0.]
solver time:  0.377365
plant_input_stage0: full=[ 0. -0.], physical=[ 0. -0.]
solver time:  0.375084
plant_input_stage0: full=[ 0. -0.], physical=[ 0. -0.]
solver time:  0.365553
plant_input_stage0: full=[ 0. -0.], physical=[ 0. -0.]
solver time:  0.402639
plant_input_stage0: full=[ 0. -0.], physical=[ 0. -0.]
solver time:  0.404852
plant_input_stage0: full=[ 0. -0.], physical=[ 0. -0.]
solver time:  0.411946
plant_input_stage0: full=[ 0. -0.], physical=[ 0. -0.]
solver time:  0.415241
plant_input_stage0: full=[ 0. -0.], physical=[ 0. -0.]
solver time:  0.385861
plant_input_stage0: full=[ 0. -0.], physical=[ 0. -0.]
solver time:  0.397989
plant_input_stage0: full=[ 0. -0.], physical=[ 0. -0.]
solver time:  0.379519
plant_input_stage0: full=[ 0. -0.], physical=[ 0. -0.]
solver time:  0.40687
plant_input_stage0: full=[ 0. -0.], physical=[ 0. -0.]
solver time:  0.399909
plant_input_stage0: full=[ 0. -0.], physical=[ 0. -0.]
solver time:  0.375387
plant_input_stage0: full=[ 0. -0.], physical=[ 0. -0.]
solver time:  0.36568
plant_input_stage0: full=[ 0. -0.], physical=[ 0. -0.]
solver time:  0.402674
plant_input_stage0: full=[ 0. -0.], physical=[ 0. -0.]
solver time:  0.375713
plant_input_stage0: full=[ 0. -0.], physical=[ 0. -0.]
solver time:  0.382554
plant_input_stage0: full=[ 0. -0.], physical=[ 0. -0.]
solver time:  0.37927
plant_input_stage0: full=[ 0. -0.], physical=[ 0. -0.]
solver time:  0.369384
plant_input_stage0: full=[ 0. -0.], physical=[ 0. -0.]
solver time:  0.375492
plant_input_stage0: full=[ 0. -0.], physical=[ 0. -0.]
solver time:  0.372538
plant_input_stage0: full=[ 0. -0.], physical=[ 0. -0.]
solver time:  0.378624
plant_input_stage0: full=[ 0. -0.], physical=[ 0. -0.]
solver time:  0.36651
plant_input_stage0: full=[ 0. -0.], physical=[ 0. -0.]
solver time:  0.408402
plant_input_stage0: full=[ 0. -0.], physical=[ 0. -0.]
solver time:  0.365604
plant_input_stage0: full=[ 0. -0.], physical=[ 0. -0.]
solver time:  0.373656
plant_input_stage0: full=[ 0. -0.], physical=[ 0. -0.]
solver time:  0.365216
plant_input_stage0: full=[ 0. -0.], physical=[ 0. -0.]
solver time:  0.36618
plant_input_stage0: full=[ 0. -0.], physical=[ 0. -0.]
solver time:  0.380112
plant_input_stage0: full=[ 0. -0.], physical=[ 0. -0.]
solver time:  0.367023
plant_input_stage0: full=[ 0. -0.], physical=[ 0. -0.]
solver time:  0.377143
plant_input_stage0: full=[ 0. -0.], physical=[ 0. -0.]
solver time:  0.370874
plant_input_stage0: full=[ 0. -0.], physical=[ 0. -0.]
solver time:  0.397052
plant_input_stage0: full=[ 0. -0.], physical=[ 0. -0.]
solver time:  0.379678
plant_input_stage0: full=[ 0. -0.], physical=[ 0. -0.]
solver time:  0.404572
plant_input_stage0: full=[ 0. -0.], physical=[ 0. -0.]
solver time:  0.412198
plant_input_stage0: full=[ 0. -0.], physical=[ 0. -0.]
solver time:  0.394968
plant_input_stage0: full=[ 0. -0.], physical=[ 0. -0.]
solver time:  0.39978
plant_input_stage0: full=[ 0. -0.], physical=[ 0. -0.]
solver time:  0.395327
plant_input_stage0: full=[ 0. -0.], physical=[ 0. -0.]
solver time:  0.406732
plant_input_stage0: full=[ 0. -0.], physical=[ 0. -0.]
solver time:  0.367414
plant_input_stage0: full=[ 0. -0.], physical=[ 0. -0.]
solver time:  0.385561
plant_input_stage0: full=[ 0. -0.], physical=[ 0. -0.]
solver time:  0.379071
plant_input_stage0: full=[ 0. -0.], physical=[ 0. -0.]
solver time:  0.3735
plant_input_stage0: full=[ 0. -0.], physical=[ 0. -0.]
solver time:  0.435719
plant_input_stage0: full=[ 0. -0.], physical=[ 0. -0.]
solver time:  0.432416
plant_input_stage0: full=[ 0. -0.], physical=[ 0. -0.]
solver time:  0.536047
plant_input_stage0: full=[ 0. -0.], physical=[ 0. -0.]
solver time:  0.411771
plant_input_stage0: full=[ 0. -0.], physical=[ 0. -0.]
solver time:  0.495658
plant_input_stage0: full=[ 0. -0.], physical=[ 0. -0.]
solver time:  0.421305
plant_input_stage0: full=[ 0. -0.], physical=[ 0. -0.]
solver time:  0.4102
plant_input_stage0: full=[ 0. -0.], physical=[ 0. -0.]
solver time:  0.383757
plant_input_stage0: full=[ 0. -0.], physical=[ 0. -0.]
solver time:  0.393652
plant_input_stage0: full=[ 0. -0.], physical=[ 0. -0.]
solver time:  0.380883
plant_input_stage0: full=[ 0. -0.], physical=[ 0. -0.]
solver time:  0.379429
plant_input_stage0: full=[ 0. -0.], physical=[ 0. -0.]
solver time:  0.38074
plant_input_stage0: full=[ 0. -0.], physical=[ 0. -0.]
solver time:  0.386402
plant_input_stage0: full=[ 0. -0.], physical=[ 0. -0.]
solver time:  0.375106
plant_input_stage0: full=[ 0. -0.], physical=[ 0. -0.]
solver time:  0.378471
plant_input_stage0: full=[ 0. -0.], physical=[ 0. -0.]
solver time:  0.383939
plant_input_stage0: full=[ 0. -0.], physical=[ 0. -0.]
solver time:  0.388042
plant_input_stage0: full=[ 0. -0.], physical=[ 0. -0.]
solver time:  0.377372
plant_input_stage0: full=[ 0. -0.], physical=[ 0. -0.]
solver time:  0.385748
plant_input_stage0: full=[ 0. -0.], physical=[ 0. -0.]
solver time:  0.380454
plant_input_stage0: full=[ 0. -0.], physical=[ 0. -0.]
solver time:  0.383593
plant_input_stage0: full=[ 0. -0.], physical=[ 0. -0.]
solver time:  0.378337
plant_input_stage0: full=[ 0. -0.], physical=[ 0. -0.]
solver time:  0.380802
plant_input_stage0: full=[ 0. -0.], physical=[ 0. -0.]
solver time:  0.376951
plant_input_stage0: full=[ 0. -0.], physical=[ 0. -0.]
solver time:  0.397084
plant_input_stage0: full=[ 0. -0.], physical=[ 0. -0.]
solver time:  0.379087
plant_input_stage0: full=[ 0. -0.], physical=[ 0. -0.]
solver time:  0.374865
plant_input_stage0: full=[ 0. -0.], physical=[ 0. -0.]
solver time:  0.389969
plant_input_stage0: full=[ 0. -0.], physical=[ 0. -0.]
solver time:  0.404059
plant_input_stage0: full=[ 0. -0.], physical=[ 0. -0.]
solver time:  0.38678
plant_input_stage0: full=[ 0. -0.], physical=[ 0. -0.]
solver time:  0.37841
plant_input_stage0: full=[ 0. -0.], physical=[ 0. -0.]
solver time:  0.386389
plant_input_stage0: full=[ 0. -0.], physical=[ 0. -0.]
solver time:  0.444973
plant_input_stage0: full=[ 0. -0.], physical=[ 0. -0.]
solver time:  0.378778
plant_input_stage0: full=[ 0. -0.], physical=[ 0. -0.]
solver time:  0.376712
plant_input_stage0: full=[ 0. -0.], physical=[ 0. -0.]
solver time:  0.38776
plant_input_stage0: full=[ 0. -0.], physical=[ 0. -0.]
solver time:  0.400026
plant_input_stage0: full=[ 0. -0.], physical=[ 0. -0.]
solver time:  0.377784
plant_input_stage0: full=[ 0. -0.], physical=[ 0. -0.]
solver time:  0.383971
plant_input_stage0: full=[ 0. -0.], physical=[ 0. -0.]
solver time:  0.389064
plant_input_stage0: full=[ 0. -0.], physical=[ 0. -0.]
solver time:  0.396196
plant_input_stage0: full=[ 0. -0.], physical=[ 0. -0.]
solver time:  0.391671
plant_input_stage0: full=[ 0. -0.], physical=[ 0. -0.]
solver time:  0.384512
plant_input_stage0: full=[ 0. -0.], physical=[ 0. -0.]
solver time:  0.390259
plant_input_stage0: full=[ 0. -0.], physical=[ 0. -0.]
solver time:  0.382437
plant_input_stage0: full=[ 0. -0.], physical=[ 0. -0.]
solver time:  0.404035
plant_input_stage0: full=[ 0. -0.], physical=[ 0. -0.]
solver time:  0.381928
plant_input_stage0: full=[ 0. -0.], physical=[ 0. -0.]
solver time:  0.410889
plant_input_stage0: full=[ 0. -0.], physical=[ 0. -0.]
solver time:  0.378747
plant_input_stage0: full=[ 0. -0.], physical=[ 0. -0.]
solver time:  0.380088
plant_input_stage0: full=[ 0. -0.], physical=[ 0. -0.]
solver time:  0.383752
plant_input_stage0: full=[ 0. -0.], physical=[ 0. -0.]
solver time:  0.381671
plant_input_stage0: full=[ 0. -0.], physical=[ 0. -0.]
solver time:  0.388571
plant_input_stage0: full=[ 0. -0.], physical=[ 0. -0.]
solver time:  0.381541
plant_input_stage0: full=[ 0. -0.], physical=[ 0. -0.]
solver time:  0.402156
plant_input_stage0: full=[ 0. -0.], physical=[ 0. -0.]
solver time:  0.393142
plant_input_stage0: full=[ 0. -0.], physical=[ 0. -0.]
solver time:  0.416757
plant_input_stage0: full=[ 0. -0.], physical=[ 0. -0.]
solver time:  0.385549
plant_input_stage0: full=[ 0. -0.], physical=[ 0. -0.]
solver time:  0.380434
plant_input_stage0: full=[ 0. -0.], physical=[ 0. -0.]
solver time:  0.388422
plant_input_stage0: full=[ 0. -0.], physical=[ 0. -0.]
solver time:  0.376568
plant_input_stage0: full=[ 0. -0.], physical=[ 0. -0.]
solver time:  0.388577
plant_input_stage0: full=[ 0. -0.], physical=[ 0. -0.]
solver time:  0.384123
plant_input_stage0: full=[ 0. -0.], physical=[ 0. -0.]
solver time:  0.387368
plant_input_stage0: full=[ 0. -0.], physical=[ 0. -0.]
solver time:  0.386313
plant_input_stage0: full=[ 0. -0.], physical=[ 0. -0.]
solver time:  0.3951
plant_input_stage0: full=[ 0. -0.], physical=[ 0. -0.]
solver time:  0.380802
plant_input_stage0: full=[ 0. -0.], physical=[ 0. -0.]
solver time:  0.38665
plant_input_stage0: full=[ 0. -0.], physical=[ 0. -0.]
solver time:  0.399619
plant_input_stage0: full=[ 0. -0.], physical=[ 0. -0.]
solver time:  0.446841
plant_input_stage0: full=[ 0. -0.], physical=[ 0. -0.]
solver time:  0.714557
plant_input_stage0: full=[ 0. -0.], physical=[ 0. -0.]
solver time:  0.406746
plant_input_stage0: full=[ 0. -0.], physical=[ 0. -0.]
solver time:  0.419365
plant_input_stage0: full=[ 0. -0.], physical=[ 0. -0.]
solver time:  0.413677
plant_input_stage0: full=[ 0. -0.], physical=[ 0. -0.]
solver time:  0.416059
plant_input_stage0: full=[ 0. -0.], physical=[ 0. -0.]
solver time:  0.485629
plant_input_stage0: full=[ 0. -0.], physical=[ 0. -0.]
solver time:  0.464053
plant_input_stage0: full=[ 0. -0.], physical=[ 0. -0.]
solver time:  0.463635
plant_input_stage0: full=[ 0. -0.], physical=[ 0. -0.]
solver time:  0.418852
plant_input_stage0: full=[ 0. -0.], physical=[ 0. -0.]
solver time:  0.440478
plant_input_stage0: full=[ 0. -0.], physical=[ 0. -0.]
solver time:  0.414696
plant_input_stage0: full=[ 0. -0.], physical=[ 0. -0.]
solver time:  0.424826
plant_input_stage0: full=[ 0. -0.], physical=[ 0. -0.]
solver time:  0.431412
plant_input_stage0: full=[ 0. -0.], physical=[ 0. -0.]
solver time:  0.418508
plant_input_stage0: full=[ 0. -0.], physical=[ 0. -0.]
solver time:  0.394707
plant_input_stage0: full=[ 0. -0.], physical=[ 0. -0.]
solver time:  0.396483
plant_input_stage0: full=[ 0. -0.], physical=[ 0. -0.]
solver time:  0.40088
plant_input_stage0: full=[ 0. -0.], physical=[ 0. -0.]
solver time:  0.39441
plant_input_stage0: full=[ 0. -0.], physical=[ 0. -0.]
solver time:  0.378943
plant_input_stage0: full=[ 0. -0.], physical=[ 0. -0.]
solver time:  0.389728
plant_input_stage0: full=[ 0. -0.], physical=[ 0. -0.]
solver time:  0.380143
plant_input_stage0: full=[ 0. -0.], physical=[ 0. -0.]
solver time:  0.401133
plant_input_stage0: full=[ 0. -0.], physical=[ 0. -0.]
solver time:  0.407966
plant_input_stage0: full=[ 0. -0.], physical=[ 0. -0.]
solver time:  0.394918
plant_input_stage0: full=[ 0. -0.], physical=[ 0. -0.]
solver time:  0.420266
plant_input_stage0: full=[ 0. -0.], physical=[ 0. -0.]
solver time:  0.399444
plant_input_stage0: full=[ 0. -0.], physical=[ 0. -0.]
solver time:  0.408104
plant_input_stage0: full=[ 0. -0.], physical=[ 0. -0.]
solver time:  0.397245
plant_input_stage0: full=[ 0. -0.], physical=[ 0. -0.]
시간 초과로 시뮬레이션 종료. 현재 위치: [0.51526 0.5424 ], 목적지까지 거리: 1.379m
Using dcbf optimizer with differential_drive dynamics:
median:  0.3863955
std:  0.0576149213199947
min:  0.23059
max:  0.853487
Simulation finished.
Run outcome: status=timeout, reason=timeout, final_time=60.00000000000058, distance_to_goal=1.3785396014237403
Trial history saved to /home/taek111/projects/psdf_mpcc/debug_runs/maze_dd_rectangle_dcbf_casadi_20260909/dcbf/data/trial_history_MPC_DCBF_rectangle_maze_20260909.csv
Generating plots...
The PostScript backend does not support transparency; partially transparent artists will be rendered opaque.
The PostScript backend does not support transparency; partially transparent artists will be rendered opaque.
Single test completed.
RESULT: {"status": "timeout", "failure_reason": "timeout", "goal_reached": false, "final_time": 60.00000000000058, "distance_to_goal": 1.3785396014237403, "current_name": "MPC_DCBF_rectangle_maze_20260909", "output_root_dir": "/home/taek111/projects/psdf_mpcc/debug_runs/maze_dd_rectangle_dcbf_casadi_20260909/dcbf", "wall_seconds": 469.2264927680003, "method": "dcbf", "cli": ["--single", "--config", "/home/taek111/projects/psdf_mpcc/debug_runs/maze_dd_rectangle_dcbf_casadi_20260909/dcbf/config.yaml", "--maze-type", "maze", "--robot-shape", "rectangle", "--dynamics-type", "differential_drive", "--optimizer-type", "dcbf", "--path-planner", "astar", "--simulation-time", "60", "--no-perturb-start", "--no-animation"], "source_commit": "467845eda44a075fe5dd8a89b37e23293febf9f7"}
