RMPCC configured from config: covariance_growth_scale=0.5, alpha_f=0.001, alpha_v=0.0002, alpha_kappa=0.005, beta_v=0.01, beta_kappa=0.004, beta_omega=0.004
Resetting rmpcc optimizer for clean state...
generating global path with A* + Line of Sight
시작 위치: [0.075 0.795]
목적지: [1.8  0.09]
도착 판정 기준: position <= 0.01m, angle <= 0.01rad
Setting up RMPCC-MF optimizer...
RMPCC-MF Row M configuration: enabled=True, active only when phi > d_mf_mask=0.001, configured stages=[1, 2, 3, 4, 5, 6, 7, 8, 9, 10, 11, 12, 13, 14, 15, 16, 17, 18, 19, 20]
/home/taek111/projects/psdf_mpcc/models/geometry_utils.py:241: UserWarning: Creating a tensor from a list of numpy.ndarrays is extremely slow. Please consider converting the list to a single numpy.ndarray with numpy.array() before converting to a tensor. (Triggered internally at ../torch/csrc/utils/tensor_new.cpp:230.)
  edgesA = torch.tensor(edgesA, dtype=torch.float32)
Added two affine safety rows at intermediate/terminal stages: 0=HARD guard/recovery, 1=SOFT MF
field AcadosOcpDims.N has been migrated to AcadosOcpOptions.N_horizon. setting AcadosOcpOptions.N_horizon = N. For future comppatibility, please use AcadosOcpOptions.N_horizon directly.

WARNING: Gauss-Newton Hessian approximation with EXTERNAL cost type not well defined!
got cost_type EXTERNAL for cost_type_0, cost_type, cost_type_e, hessian_approx: 'GAUSS_NEWTON'.
With this setting, acados will proceed computing the exact Hessian for the cost term and no Hessian contribution from constraints and dynamics.
If the external cost is a linear least squares cost, this coincides with the Gauss-Newton Hessian.
Note: There is also the option to use the external cost module with a numerical Hessian approximation (see `ext_cost_num_hess`).
OR the option to provide a symbolic custom Hessian approximation (see `cost_expr_ext_cost_custom_hess`).

acados was compiled without OpenMP.
RMPCC-MF backup SQP_WITH_FEASIBLE_QP solver disabled; using nominal safe-stop recovery.
[RMPCC 0000] OK solve=154.8ms pose=(0.075,0.795,-1.571) u=(0.123,0.000) s=0.013 PSDFmin=+0.03 G=OK(+0.04134) MF=OK(active=20/20,min=+0.2,slack=+7.52e-12)
[RMPCC 0001] OK solve=135.2ms pose=(0.075,0.783,-1.571) u=(0.114,0.088) s=0.024 PSDFmin=-0.002916 G=OK(+7.322e-10) MF=OK(active=20/20,min=+0.2,slack=+2.205e-12)
[RMPCC 0002] OK solve=142.4ms pose=(0.075,0.771,-1.562) u=(0.118,0.086) s=0.035 PSDFmin=+0.006262 G=OK(+0.004323) MF=OK(active=14/20,min=+5.78e-14,slack=+6.593e-17)
[RMPCC 0003] OK solve=143.8ms pose=(0.075,0.759,-1.553) u=(0.156,-0.047) s=0.041 PSDFmin=+0.01062 G=OK(+0.01891) MF=OK(active=20/20,min=+3.791e-13,slack=+6.387e-14)
[RMPCC 0004] OK solve=139.8ms pose=(0.075,0.744,-1.558) u=(0.151,0.224) s=0.055 PSDFmin=-0.006933 G=OK(+8.882e-16) MF=OK(active=20/20,min=+8.89e-15,slack=+3.928e-17)
[RMPCC 0005] OK solve=134.4ms pose=(0.076,0.729,-1.536) u=(0.112,0.055) s=0.071 PSDFmin=+0.00129 G=OK(+2.317e-13) MF=OK(active=11/20,min=+3.466e-12,slack=+9.531e-15)
[RMPCC 0006] OK solve=124.8ms pose=(0.076,0.717,-1.530) u=(0.141,-0.315) s=0.072 PSDFmin=+0.01037 G=OK(+0.006747) MF=OK(active=20/20,min=+1.134e-13,slack=+1.084e-14)
[RMPCC 0007] OK solve=139.2ms pose=(0.077,0.703,-1.562) u=(0.206,0.134) s=0.088 PSDFmin=-0.003307 G=OK(+2.587e-14) MF=OK(active=20/20,min=+1.233e-13,slack=+7.581e-16)
[RMPCC 0008] OK solve=139.1ms pose=(0.077,0.683,-1.548) u=(0.108,0.103) s=0.106 PSDFmin=+0.002582 G=OK(+0.008895) MF=OK(active=15/20,min=+2.19e-13,slack=+5.255e-16)
[RMPCC 0009] OK solve=130.1ms pose=(0.077,0.672,-1.538) u=(0.129,0.354) s=0.123 PSDFmin=-0.002804 G=OK(+1.078e-12) MF=OK(active=20/20,min=+3.378e-12,slack=+7.889e-15)
[RMPCC 0010] OK solve=150.6ms pose=(0.077,0.659,-1.503) u=(0.106,0.333) s=0.126 PSDFmin=-0.00322 G=OK(+0.003304) MF=OK(active=15/20,min=+1.623e-11,slack=+1.417e-14)
[RMPCC 0011] OK solve=145.3ms pose=(0.078,0.649,-1.469) u=(0.062,0.142) s=0.143 PSDFmin=+0.01128 G=OK(+0.006669) MF=OK(active=14/20,min=+1.542e-11,slack=+1.457e-14)
[RMPCC 0012] OK solve=262.8ms pose=(0.079,0.642,-1.455) u=(0.182,0.895) s=0.146 PSDFmin=+0.004696 G=OK(+0.003959) MF=OK(active=20/20,min=+1.544e-13,slack=+3.215e-16)
[RMPCC 0013] OK solve=403.3ms pose=(0.081,0.624,-1.366) u=(0.100,0.573) s=0.165 PSDFmin=-0.002533 G=OK(+0.002655) MF=OK(active=18/20,min=+3.319e-12,slack=+4.425e-15)
[RMPCC 0014] OK solve=422.7ms pose=(0.083,0.615,-1.308) u=(0.050,0.563) s=0.186 PSDFmin=+0.003793 G=OK(+0.005865) MF=OK(active=15/20,min=+4.47e-11,slack=+1.152e-13)
[RMPCC 0015] OK solve=617.3ms pose=(0.084,0.610,-1.252) u=(0.094,0.265) s=0.190 PSDFmin=+0.007487 G=OK(+0.005508) MF=OK(active=19/20,min=+5.683e-12,slack=+1.692e-14)
[RMPCC 0016] OK solve=418.3ms pose=(0.087,0.601,-1.226) u=(0.047,0.826) s=0.205 PSDFmin=+0.007882 G=OK(+0.005697) MF=OK(active=19/20,min=+3.699e-14,slack=+1.47e-15)
[RMPCC 0017] OK solve=401.6ms pose=(0.089,0.596,-1.143) u=(0.109,0.836) s=0.210 PSDFmin=+0.007095 G=OK(+0.005423) MF=OK(active=18/20,min=+1.247e-14,slack=+3.418e-17)
[RMPCC 0018] OK solve=400.4ms pose=(0.093,0.586,-1.059) u=(0.056,0.705) s=0.220 PSDFmin=+0.00886 G=OK(+0.007863) MF=OK(active=18/20,min=+2.048e-14,slack=+9.392e-16)
[RMPCC 0019] OK solve=477.2ms pose=(0.096,0.581,-0.989) u=(0.061,0.655) s=0.227 PSDFmin=-0.01539 G=OK(+0.002127) MF=OK(active=19/20,min=+7.377e-15,slack=+5.012e-17)
[RMPCC 0020] OK solve=300.3ms pose=(0.099,0.576,-0.923) u=(0.060,0.767) s=0.232 PSDFmin=+0.007189 G=OK(+0.005592) MF=OK(active=10/20,min=+7.759e-08,slack=+8.073e-11)
[RMPCC 0021] OK solve=167.1ms pose=(0.103,0.572,-0.847) u=(0.089,0.725) s=0.238 PSDFmin=+0.008507 G=OK(+0.007002) MF=OK(active=20/20,min=+1.422e-14,slack=+5.123e-17)
[RMPCC 0022] OK solve=292.5ms pose=(0.109,0.565,-0.774) u=(0.124,1.200) s=0.251 PSDFmin=+0.006782 G=OK(+0.006502) MF=OK(active=20/20,min=+4.694e-16,slack=+2.563e-17)
[RMPCC 0023] OK solve=401.7ms pose=(0.118,0.556,-0.654) u=(0.135,1.173) s=0.265 PSDFmin=+0.009881 G=OK(+0.00768) MF=OK(active=17/20,min=+2.863e-09,slack=+1.56e-12)
[RMPCC 0024] OK solve=285.8ms pose=(0.128,0.548,-0.537) u=(0.075,0.739) s=0.268 PSDFmin=+0.01152 G=OK(+0.01013) MF=OK(active=19/20,min=+6.064e-15,slack=+2.096e-15)
[RMPCC 0025] OK solve=140.9ms pose=(0.135,0.544,-0.463) u=(0.146,0.797) s=0.280 PSDFmin=+0.01299 G=OK(+0.01101) MF=OK(active=20/20,min=+1.07e-08,slack=+1.278e-10)
[RMPCC 0026] OK solve=134.6ms pose=(0.148,0.538,-0.383) u=(0.116,0.762) s=0.290 PSDFmin=+0.01546 G=OK(+0.01375) MF=OK(active=20/20,min=+8.458e-13,slack=+7.538e-12)
[RMPCC 0027] OK solve=132.8ms pose=(0.159,0.533,-0.307) u=(0.145,0.740) s=0.302 PSDFmin=+0.01836 G=OK(+0.01646) MF=OK(active=20/20,min=+1.108e-09,slack=+1.341e-12)
[RMPCC 0028] OK solve=137.7ms pose=(0.172,0.529,-0.233) u=(0.151,0.700) s=0.316 PSDFmin=+0.0148 G=OK(+0.01376) MF=OK(active=20/20,min=+1.07e-14,slack=+4.433e-17)
[RMPCC 0029] OK solve=165.0ms pose=(0.187,0.526,-0.163) u=(0.154,0.685) s=0.331 PSDFmin=+0.01239 G=OK(+0.01061) MF=OK(active=20/20,min=-2.923e-12,slack=+2.152e-13)
[RMPCC 0030] OK solve=139.9ms pose=(0.202,0.523,-0.095) u=(0.150,0.624) s=0.344 PSDFmin=+0.01049 G=OK(+0.008946) MF=OK(active=20/20,min=+4.04e-11,slack=+5.826e-14)
[RMPCC 0031] OK solve=140.4ms pose=(0.217,0.522,-0.032) u=(0.143,0.572) s=0.356 PSDFmin=+0.01173 G=OK(+0.0107) MF=OK(active=20/20,min=+4.69e-12,slack=+8.405e-14)
[RMPCC 0032] OK solve=140.7ms pose=(0.232,0.521,0.025) u=(0.136,0.545) s=0.369 PSDFmin=+0.008602 G=OK(+0.00719) MF=OK(active=20/20,min=-1.554e-13,slack=+3.391e-14)
[RMPCC 0033] OK solve=133.6ms pose=(0.245,0.521,0.080) u=(0.132,0.506) s=0.383 PSDFmin=+0.009728 G=OK(+0.008268) MF=OK(active=20/20,min=+5.058e-12,slack=+7.324e-15)
[RMPCC 0034] OK solve=130.5ms pose=(0.258,0.523,0.130) u=(0.127,0.491) s=0.396 PSDFmin=+0.005954 G=OK(+0.003453) MF=OK(active=20/20,min=+4.975e-14,slack=+5.658e-17)
[RMPCC 0035] OK solve=133.6ms pose=(0.271,0.524,0.179) u=(0.123,0.468) s=0.408 PSDFmin=+0.005594 G=OK(+0.002022) MF=OK(active=20/20,min=+2.843e-14,slack=+2.103e-17)
[RMPCC 0036] OK solve=137.6ms pose=(0.283,0.526,0.226) u=(0.118,0.520) s=0.420 PSDFmin=+0.003854 G=OK(+6.285e-13) MF=OK(active=20/20,min=+5.108e-11,slack=+1.173e-14)
[RMPCC 0037] OK solve=126.7ms pose=(0.295,0.529,0.278) u=(0.115,0.411) s=0.432 PSDFmin=+0.006311 G=OK(+0.009396) MF=OK(active=20/20,min=+3.117e-08,slack=+2.824e-11)
[RMPCC 0038] OK solve=144.1ms pose=(0.306,0.532,0.319) u=(0.110,0.414) s=0.443 PSDFmin=-0.001819 G=OK(+0.001803) MF=OK(active=20/20,min=+1.635e-09,slack=+2.526e-12)
[RMPCC 0039] OK solve=147.8ms pose=(0.316,0.536,0.361) u=(0.111,0.213) s=0.453 PSDFmin=+0.006975 G=OK(+5.167e-13) MF=OK(active=19/20,min=+2.646e-11,slack=+1.228e-14)
[RMPCC 0040] OK solve=513.4ms pose=(0.326,0.540,0.382) u=(0.107,-0.033) s=0.462 PSDFmin=+0.02058 G=OK(+0.01227) MF=OK(active=20/20,min=+1.096e-09,slack=+7.406e-13)
[RMPCC 0041] OK solve=199.7ms pose=(0.336,0.544,0.379) u=(0.105,0.113) s=0.473 PSDFmin=+0.01499 G=OK(+0.01092) MF=OK(active=20/20,min=+1.808e-09,slack=+1.584e-12)
[RMPCC 0042] OK solve=166.2ms pose=(0.346,0.547,0.390) u=(0.108,0.062) s=0.483 PSDFmin=+0.01495 G=OK(+0.01386) MF=OK(active=20/20,min=+7.132e-10,slack=+8.319e-13)
[RMPCC 0043] OK solve=152.6ms pose=(0.356,0.551,0.396) u=(0.112,0.239) s=0.496 PSDFmin=+0.01568 G=OK(+0.0126) MF=OK(active=20/20,min=+2.969e-12,slack=+2.884e-14)
[RMPCC 0044] OK solve=167.7ms pose=(0.366,0.556,0.420) u=(0.117,-0.011) s=0.505 PSDFmin=+0.01247 G=OK(+0.008233) MF=OK(active=20/20,min=+8.493e-11,slack=+2.712e-13)
[RMPCC 0045] OK solve=149.5ms pose=(0.377,0.561,0.419) u=(0.120,0.234) s=0.517 PSDFmin=+0.01274 G=OK(+0.01037) MF=OK(active=20/20,min=+8.887e-14,slack=+4.931e-17)
[RMPCC 0046] OK solve=163.4ms pose=(0.388,0.565,0.442) u=(0.129,-0.032) s=0.529 PSDFmin=+0.01026 G=OK(+0.004502) MF=OK(active=20/20,min=+1.792e-10,slack=+2.023e-13)
[RMPCC 0047] OK solve=150.4ms pose=(0.400,0.571,0.439) u=(0.130,0.132) s=0.544 PSDFmin=+0.01534 G=OK(+0.01224) MF=OK(active=20/20,min=+8.065e-13,slack=+1.612e-14)
[RMPCC 0048] OK solve=150.3ms pose=(0.411,0.576,0.452) u=(0.140,-0.063) s=0.561 PSDFmin=+0.008495 G=OK(+0.006067) MF=OK(active=20/20,min=+1.514e-14,slack=+4.556e-17)
[RMPCC 0049] OK solve=149.8ms pose=(0.424,0.583,0.446) u=(0.136,0.038) s=0.568 PSDFmin=+0.01127 G=OK(+0.0101) MF=OK(active=20/20,min=+6.106e-11,slack=+4.6e-12)
[RMPCC 0050] OK solve=163.3ms pose=(0.436,0.588,0.450) u=(0.144,-0.066) s=0.582 PSDFmin=+0.009898 G=OK(+0.00557) MF=OK(active=20/20,min=+1.022e-14,slack=+1.504e-17)
[RMPCC 0051] OK solve=150.8ms pose=(0.449,0.595,0.443) u=(0.155,-0.056) s=0.600 PSDFmin=+0.008704 G=OK(+0.006143) MF=OK(active=20/20,min=+3.265e-11,slack=+3.829e-14)
[RMPCC 0052] OK solve=154.2ms pose=(0.463,0.601,0.437) u=(0.168,-0.067) s=0.621 PSDFmin=+0.009316 G=OK(+0.005296) MF=OK(active=20/20,min=+2.894e-14,slack=+5.197e-16)
[RMPCC 0053] OK solve=172.6ms pose=(0.478,0.608,0.431) u=(0.168,-0.121) s=0.628 PSDFmin=+0.008737 G=OK(+0.005081) MF=OK(active=20/20,min=+8.885e-14,slack=+2.613e-16)
[RMPCC 0054] OK solve=163.4ms pose=(0.494,0.615,0.419) u=(0.190,-0.129) s=0.646 PSDFmin=-0.003359 G=OK(+0.00281) MF=OK(active=20/20,min=-2.358e-14,slack=+2.961e-14)
[RMPCC 0055] OK solve=153.1ms pose=(0.511,0.623,0.406) u=(0.162,-0.184) s=0.668 PSDFmin=-0.01207 G=OK(+0.006923) MF=OK(active=16/20,min=-2.686e-15,slack=+8.744e-16)
[RMPCC 0056] OK solve=257.2ms pose=(0.526,0.630,0.387) u=(0.161,-0.061) s=0.680 PSDFmin=+0.004548 G=OK(+3.93e-14) MF=OK(active=19/20,min=+1.197e-12,slack=+1.444e-15)
[RMPCC 0057] OK solve=271.9ms pose=(0.541,0.636,0.381) u=(0.154,-0.417) s=0.697 PSDFmin=-0.008017 G=OK(+0.005299) MF=OK(active=20/20,min=+1.446e-13,slack=+7.573e-16)
[RMPCC 0058] OK solve=211.6ms pose=(0.555,0.641,0.340) u=(0.154,-0.287) s=0.711 PSDFmin=+0.0008078 G=OK(+5.477e-10) MF=OK(active=19/20,min=-2.553e-10,slack=+1.669e-11)
[RMPCC 0059] OK solve=152.1ms pose=(0.570,0.647,0.311) u=(0.138,-0.364) s=0.727 PSDFmin=+0.003112 G=OK(+2.27e-12) MF=OK(active=19/20,min=+3.233e-13,slack=+1.013e-13)
[RMPCC 0060] OK solve=151.6ms pose=(0.583,0.651,0.275) u=(0.134,-0.326) s=0.740 PSDFmin=+0.007354 G=OK(+0.00725) MF=OK(active=20/20,min=+3.364e-13,slack=+2.49e-15)
[RMPCC 0061] OK solve=165.2ms pose=(0.596,0.654,0.242) u=(0.130,-0.365) s=0.755 PSDFmin=+0.005422 G=OK(+0.007952) MF=OK(active=20/20,min=+2.401e-13,slack=+5.695e-15)
[RMPCC 0062] OK solve=228.7ms pose=(0.608,0.658,0.206) u=(0.123,-0.206) s=0.767 PSDFmin=+0.00622 G=OK(+0.008809) MF=OK(active=20/20,min=+9.141e-15,slack=+3.226e-16)
[RMPCC 0063] OK solve=167.9ms pose=(0.620,0.660,0.185) u=(0.111,-0.304) s=0.779 PSDFmin=+0.002943 G=OK(+0.01004) MF=OK(active=20/20,min=+7.109e-14,slack=+1.474e-16)
[RMPCC 0064] OK solve=157.5ms pose=(0.631,0.662,0.155) u=(0.112,-0.238) s=0.790 PSDFmin=-0.0004309 G=OK(+0.005359) MF=OK(active=20/20,min=+8.954e-15,slack=+8.047e-17)
[RMPCC 0065] OK solve=181.8ms pose=(0.642,0.664,0.131) u=(0.101,-0.257) s=0.801 PSDFmin=-0.02727 G=OK(+0.01289) MF=OK(active=17/20,min=+8.753e-13,slack=+1.527e-15)
[RMPCC 0066] OK solve=160.3ms pose=(0.652,0.665,0.105) u=(0.100,-0.268) s=0.811 PSDFmin=-0.01117 G=OK(+1.187e-13) MF=OK(active=17/20,min=+4.138e-12,slack=+6.65e-15)
[RMPCC 0067] OK solve=164.0ms pose=(0.662,0.666,0.078) u=(0.082,-0.517) s=0.818 PSDFmin=-0.02847 G=OK(+0.00897) MF=OK(active=10/20,min=+3.241e-12,slack=+6.112e-16)
[RMPCC 0068] OK solve=155.0ms pose=(0.670,0.667,0.026) u=(0.101,-0.211) s=0.826 PSDFmin=+0.002106 G=OK(+9.782e-12) MF=OK(active=16/20,min=+3.854e-10,slack=+4.686e-13)
[RMPCC 0069] OK solve=212.9ms pose=(0.680,0.667,0.005) u=(0.101,-0.165) s=0.836 PSDFmin=+0.01368 G=OK(+0.01266) MF=OK(active=20/20,min=+4.974e-11,slack=+8.29e-14)
[RMPCC 0070] OK solve=152.4ms pose=(0.690,0.667,-0.011) u=(0.201,-0.406) s=0.846 PSDFmin=+0.009662 G=OK(+0.01627) MF=OK(active=20/20,min=+5.336e-15,slack=+4.062e-17)
[RMPCC 0071] OK solve=412.7ms pose=(0.711,0.667,-0.052) u=(0.104,-0.803) s=0.866 PSDFmin=+0.005512 G=OK(+0.005108) MF=OK(active=20/20,min=+3.204e-14,slack=+7.136e-17)
[RMPCC 0072] OK solve=510.5ms pose=(0.721,0.666,-0.132) u=(0.087,-0.422) s=0.877 PSDFmin=+0.0064 G=OK(+0.005647) MF=OK(active=16/20,min=+3.194e-13,slack=+5.799e-16)
[RMPCC 0073] OK solve=441.7ms pose=(0.730,0.665,-0.174) u=(0.045,-0.447) s=0.883 PSDFmin=-0.002084 G=OK(+4.132e-13) MF=OK(active=18/20,min=+3.574e-12,slack=+6.608e-15)
[RMPCC 0074] OK solve=300.9ms pose=(0.734,0.664,-0.219) u=(0.092,-0.705) s=0.890 PSDFmin=-0.001958 G=OK(+0.003516) MF=OK(active=16/20,min=+2.912e-12,slack=+1.84e-14)
[RMPCC 0075] OK solve=146.8ms pose=(0.743,0.662,-0.289) u=(0.048,-0.351) s=0.899 PSDFmin=+0.001053 G=OK(+5.044e-08) MF=OK(active=15/20,min=+7.242e-09,slack=+2.884e-11)
[RMPCC 0076] OK solve=300.6ms pose=(0.748,0.661,-0.325) u=(0.075,-0.696) s=0.901 PSDFmin=+0.004091 G=OK(+0.005706) MF=OK(active=20/20,min=+4.09e-13,slack=+4.528e-16)
[RMPCC 0077] OK solve=433.3ms pose=(0.755,0.659,-0.394) u=(0.072,-0.310) s=0.910 PSDFmin=+0.007342 G=OK(+0.005371) MF=OK(active=19/20,min=+3.758e-09,slack=+1.826e-11)
[RMPCC 0078] OK solve=430.0ms pose=(0.761,0.656,-0.425) u=(0.036,-0.709) s=0.917 PSDFmin=+0.0003463 G=OK(+0.007487) MF=OK(active=18/20,min=+1.068e-14,slack=+2.507e-17)
[RMPCC 0079] OK solve=415.2ms pose=(0.765,0.654,-0.496) u=(0.094,-0.627) s=0.920 PSDFmin=+0.001408 G=OK(+8.1e-10) MF=OK(active=16/20,min=+7.627e-09,slack=+7.804e-12)
[RMPCC 0080] OK solve=292.4ms pose=(0.773,0.650,-0.559) u=(0.047,-0.445) s=0.931 PSDFmin=+0.00895 G=OK(+0.007933) MF=OK(active=19/20,min=-1.637e-13,slack=+6.84e-15)
[RMPCC 0081] OK solve=280.2ms pose=(0.777,0.648,-0.603) u=(0.094,-0.516) s=0.936 PSDFmin=-0.003632 G=OK(+0.006598) MF=OK(active=20/20,min=+7.838e-13,slack=+3.504e-14)
[RMPCC 0082] OK solve=292.0ms pose=(0.784,0.642,-0.655) u=(0.067,-0.401) s=0.945 PSDFmin=-0.001277 G=OK(+0.001542) MF=OK(active=17/20,min=+3.178e-12,slack=+1.938e-15)
[RMPCC 0083] OK solve=136.3ms pose=(0.790,0.638,-0.695) u=(0.072,-0.649) s=0.952 PSDFmin=+0.009141 G=OK(+0.008916) MF=OK(active=19/20,min=+7.883e-10,slack=+7.415e-13)
[RMPCC 0084] OK solve=133.5ms pose=(0.795,0.633,-0.760) u=(0.072,-0.369) s=0.959 PSDFmin=+0.006659 G=OK(+0.004987) MF=OK(active=20/20,min=+4.523e-14,slack=+8.228e-16)
[RMPCC 0085] OK solve=136.9ms pose=(0.801,0.629,-0.797) u=(0.099,-0.327) s=0.966 PSDFmin=-0.004447 G=OK(+0.005953) MF=OK(active=20/20,min=+2.054e-11,slack=+7.316e-13)
[RMPCC 0086] OK solve=136.0ms pose=(0.807,0.621,-0.829) u=(0.084,-0.204) s=0.980 PSDFmin=+0.007886 G=OK(+0.005975) MF=OK(active=18/20,min=+5.696e-10,slack=+5.452e-13)
[RMPCC 0087] OK solve=147.0ms pose=(0.813,0.615,-0.850) u=(0.093,0.017) s=0.984 PSDFmin=-0.02064 G=OK(+0.007351) MF=OK(active=20/20,min=-2.286e-10,slack=+1.186e-11)
[RMPCC 0088] OK solve=142.0ms pose=(0.819,0.608,-0.848) u=(0.108,0.109) s=0.996 PSDFmin=-0.007048 G=OK(+0.001053) MF=OK(active=8/20,min=+1.423e-14,slack=+2.142e-17)
[RMPCC 0089] OK solve=131.8ms pose=(0.826,0.600,-0.837) u=(0.118,0.340) s=1.004 PSDFmin=+0.005209 G=OK(+0.00418) MF=OK(active=11/20,min=+1.503e-11,slack=+3.55e-14)
[RMPCC 0090] OK solve=131.7ms pose=(0.834,0.591,-0.803) u=(0.182,0.051) s=1.016 PSDFmin=-0.01135 G=OK(+0.003673) MF=OK(active=20/20,min=+1.399e-12,slack=+7.991e-15)
[RMPCC 0091] OK solve=144.1ms pose=(0.847,0.578,-0.798) u=(0.136,0.758) s=1.034 PSDFmin=-0.01156 G=OK(+1.196e-12) MF=OK(active=9/20,min=+2.857e-09,slack=+1.374e-12)
[RMPCC 0092] OK solve=132.3ms pose=(0.856,0.569,-0.722) u=(0.123,0.336) s=1.049 PSDFmin=-0.00594 G=OK(+4.818e-14) MF=OK(active=19/20,min=+1.801e-13,slack=+1.559e-15)
[RMPCC 0093] OK solve=135.0ms pose=(0.866,0.560,-0.689) u=(0.096,1.200) s=1.059 PSDFmin=-0.008866 G=OK(+0.00551) MF=OK(active=18/20,min=+4.759e-12,slack=+1.555e-14)
[RMPCC 0094] OK solve=155.9ms pose=(0.873,0.554,-0.569) u=(0.101,0.874) s=1.069 PSDFmin=-0.01493 G=OK(+0.006719) MF=OK(active=10/20,min=+4.976e-14,slack=+4.794e-17)
[RMPCC 0095] OK solve=144.5ms pose=(0.882,0.549,-0.481) u=(0.159,0.399) s=1.079 PSDFmin=+0.001249 G=OK(+3.422e-11) MF=OK(active=18/20,min=+1.833e-13,slack=+2.081e-14)
[RMPCC 0096] OK solve=142.3ms pose=(0.896,0.541,-0.442) u=(0.080,0.580) s=1.095 PSDFmin=+0.009412 G=OK(+0.004122) MF=OK(active=20/20,min=+3.697e-13,slack=+4.829e-16)
[RMPCC 0097] OK solve=134.9ms pose=(0.903,0.538,-0.384) u=(0.116,0.639) s=1.103 PSDFmin=+0.0009768 G=OK(+0.01162) MF=OK(active=20/20,min=+7.148e-15,slack=+4.247e-17)
[RMPCC 0098] OK solve=133.5ms pose=(0.914,0.534,-0.320) u=(0.077,0.783) s=1.112 PSDFmin=-0.01211 G=OK(+0.01401) MF=OK(active=19/20,min=+1.415e-10,slack=+1.329e-11)
[RMPCC 0099] OK solve=129.7ms pose=(0.921,0.531,-0.241) u=(0.093,0.342) s=1.114 PSDFmin=+0.005533 G=OK(+1.694e-13) MF=OK(active=19/20,min=+4.127e-12,slack=+7.93e-15)
[RMPCC 0100] OK solve=130.2ms pose=(0.930,0.529,-0.207) u=(0.075,0.519) s=1.125 PSDFmin=+0.001738 G=OK(+2.128e-12) MF=OK(active=20/20,min=+1.406e-11,slack=+1.157e-13)
[RMPCC 0101] OK solve=133.5ms pose=(0.937,0.528,-0.155) u=(0.066,0.504) s=1.130 PSDFmin=+0.0131 G=OK(+0.0114) MF=OK(active=20/20,min=+1.25e-14,slack=+6.503e-17)
[RMPCC 0102] OK solve=135.4ms pose=(0.944,0.527,-0.105) u=(0.078,0.347) s=1.138 PSDFmin=+0.006128 G=OK(+0.004618) MF=OK(active=20/20,min=+4.056e-15,slack=+6.413e-17)
[RMPCC 0103] OK solve=144.2ms pose=(0.952,0.526,-0.070) u=(0.053,0.518) s=1.145 PSDFmin=-0.001555 G=OK(+0.003557) MF=OK(active=20/20,min=+4.048e-11,slack=+3.358e-13)
[RMPCC 0104] OK solve=148.0ms pose=(0.957,0.525,-0.018) u=(0.092,0.202) s=1.152 PSDFmin=+0.005045 G=OK(+0.01442) MF=OK(active=16/20,min=+9.964e-10,slack=+9.115e-13)
[RMPCC 0105] OK solve=135.6ms pose=(0.966,0.525,0.002) u=(0.046,0.514) s=1.159 PSDFmin=+0.003295 G=OK(+0.002182) MF=OK(active=20/20,min=+1.474e-14,slack=+8.599e-17)
[RMPCC 0106] OK solve=135.6ms pose=(0.971,0.525,0.053) u=(0.122,0.184) s=1.164 PSDFmin=-0.01274 G=OK(+0.02074) MF=OK(active=20/20,min=+2.429e-12,slack=+9.44e-15)
[RMPCC 0107] OK solve=134.4ms pose=(0.983,0.526,0.072) u=(0.068,0.526) s=1.176 PSDFmin=-0.002233 G=OK(+3.28e-11) MF=OK(active=14/20,min=+4.269e-10,slack=+1.075e-12)
[RMPCC 0108] OK solve=138.4ms pose=(0.990,0.526,0.124) u=(0.093,0.203) s=1.183 PSDFmin=+0.01283 G=OK(+0.01196) MF=OK(active=15/20,min=+1.262e-10,slack=+1.189e-13)
[RMPCC 0109] OK solve=128.6ms pose=(0.999,0.527,0.145) u=(0.049,0.090) s=1.192 PSDFmin=+0.01221 G=OK(+0.01139) MF=OK(active=20/20,min=+3.924e-14,slack=+1.645e-16)
[RMPCC 0110] OK solve=131.9ms pose=(1.004,0.528,0.154) u=(0.113,0.207) s=1.197 PSDFmin=-0.008649 G=OK(+2.81e-13) MF=OK(active=20/20,min=+4.793e-13,slack=+2.481e-15)
[RMPCC 0111] OK solve=132.1ms pose=(1.015,0.530,0.174) u=(0.056,0.405) s=1.208 PSDFmin=+0.0009351 G=OK(+2.027e-13) MF=OK(active=12/20,min=+2.974e-12,slack=+9.51e-15)
[RMPCC 0112] OK solve=138.3ms pose=(1.021,0.531,0.215) u=(0.083,0.345) s=1.214 PSDFmin=+0.00216 G=OK(+3.599e-11) MF=OK(active=19/20,min=+1.11e-10,slack=+6.859e-13)
[RMPCC 0113] OK solve=263.6ms pose=(1.029,0.533,0.249) u=(0.076,0.641) s=1.222 PSDFmin=+0.005565 G=OK(+0.004699) MF=OK(active=20/20,min=+5.465e-10,slack=+3.766e-12)
[RMPCC 0114] OK solve=389.0ms pose=(1.036,0.535,0.313) u=(0.089,0.773) s=1.229 PSDFmin=+0.002981 G=OK(+0.003861) MF=OK(active=18/20,min=+2.678e-10,slack=+8.989e-13)
[RMPCC 0115] OK solve=392.0ms pose=(1.044,0.537,0.391) u=(0.078,0.355) s=1.238 PSDFmin=+0.006137 G=OK(+0.006016) MF=OK(active=16/20,min=+2.318e-14,slack=+9.701e-17)
[RMPCC 0116] OK solve=396.2ms pose=(1.052,0.540,0.426) u=(0.077,0.537) s=1.245 PSDFmin=-0.003401 G=OK(+0.004096) MF=OK(active=17/20,min=+1.618e-08,slack=+3.242e-11)
[RMPCC 0117] OK solve=392.6ms pose=(1.059,0.543,0.480) u=(0.080,0.492) s=1.252 PSDFmin=+0.001323 G=OK(+0.000317) MF=OK(active=16/20,min=+3.686e-09,slack=+2.447e-12)
[RMPCC 0118] OK solve=408.6ms pose=(1.066,0.547,0.529) u=(0.071,0.387) s=1.259 PSDFmin=+0.007138 G=OK(+0.00596) MF=OK(active=18/20,min=+1.179e-12,slack=+6.514e-15)
[RMPCC 0119] OK solve=395.2ms pose=(1.072,0.551,0.568) u=(0.087,0.804) s=1.269 PSDFmin=+0.006865 G=OK(+0.005271) MF=OK(active=19/20,min=+2.313e-14,slack=+3.728e-17)
[RMPCC 0120] OK solve=264.0ms pose=(1.079,0.555,0.648) u=(0.078,0.373) s=1.277 PSDFmin=+0.0005579 G=OK(+3.097e-05) MF=OK(active=18/20,min=+3.576e-11,slack=+2.837e-13)
[RMPCC 0121] OK solve=136.6ms pose=(1.086,0.560,0.686) u=(0.086,0.305) s=1.285 PSDFmin=+0.0008725 G=OK(+0.006047) MF=OK(active=19/20,min=+2.225e-08,slack=+1.381e-11)
[RMPCC 0122] OK solve=141.1ms pose=(1.092,0.566,0.716) u=(0.043,0.272) s=1.294 PSDFmin=+0.002299 G=OK(+0.006511) MF=OK(active=19/20,min=+8.892e-15,slack=+1.05e-17)
[RMPCC 0123] OK solve=136.4ms pose=(1.095,0.568,0.743) u=(0.117,0.311) s=1.298 PSDFmin=-0.000761 G=OK(+0.006162) MF=OK(active=20/20,min=-9.065e-13,slack=+2.675e-13)
[RMPCC 0124] OK solve=153.7ms pose=(1.104,0.576,0.774) u=(0.058,0.247) s=1.310 PSDFmin=-0.008242 G=OK(+7.574e-09) MF=OK(active=19/20,min=+9.162e-12,slack=+1.355e-14)
[RMPCC 0125] OK solve=141.2ms pose=(1.108,0.580,0.799) u=(0.110,0.211) s=1.315 PSDFmin=+0.002019 G=OK(+0.001741) MF=OK(active=18/20,min=+1.216e-08,slack=+1.215e-11)
[RMPCC 0126] OK solve=139.5ms pose=(1.116,0.588,0.820) u=(0.096,0.010) s=1.326 PSDFmin=+0.0002046 G=OK(+0.005379) MF=OK(active=20/20,min=+1.94e-12,slack=+1.466e-13)
[RMPCC 0127] OK solve=146.3ms pose=(1.122,0.595,0.821) u=(0.116,0.095) s=1.336 PSDFmin=-0.01006 G=OK(+0.004417) MF=OK(active=18/20,min=-2.414e-10,slack=+3.913e-12)
[RMPCC 0128] OK solve=133.7ms pose=(1.130,0.604,0.831) u=(0.148,-0.302) s=1.347 PSDFmin=+0.003119 G=OK(+0.003771) MF=OK(active=18/20,min=+5.746e-11,slack=+1.997e-12)
[RMPCC 0129] OK solve=270.2ms pose=(1.140,0.615,0.800) u=(0.332,-0.813) s=1.362 PSDFmin=+0.004454 G=OK(+0.003673) MF=OK(active=20/20,min=+1.798e-15,slack=+2.118e-17)
[RMPCC 0130] OK solve=390.9ms pose=(1.163,0.639,0.719) u=(0.166,-1.200) s=1.394 PSDFmin=+0.007359 G=OK(+0.005506) MF=OK(active=13/20,min=+9.193e-11,slack=+3.03e-13)
[RMPCC 0131] OK solve=264.1ms pose=(1.176,0.649,0.599) u=(0.091,-0.647) s=1.411 PSDFmin=+0.00565 G=OK(+0.008849) MF=OK(active=17/20,min=+3.257e-12,slack=+2.756e-15)
[RMPCC 0132] OK solve=147.4ms pose=(1.183,0.655,0.534) u=(0.120,-1.035) s=1.420 PSDFmin=+0.005124 G=OK(+0.01024) MF=OK(active=20/20,min=+7.768e-12,slack=+1.164e-13)
[RMPCC 0133] OK solve=147.7ms pose=(1.194,0.661,0.431) u=(0.114,-0.552) s=1.429 PSDFmin=+0.009085 G=OK(+0.01253) MF=OK(active=20/20,min=+3.407e-07,slack=+1.53e-13)
[RMPCC 0134] OK solve=144.1ms pose=(1.204,0.665,0.376) u=(0.118,-0.794) s=1.443 PSDFmin=+0.01546 G=OK(+0.01512) MF=OK(active=20/20,min=+2.236e-11,slack=+3.92e-13)
[RMPCC 0135] OK solve=129.5ms pose=(1.215,0.670,0.296) u=(0.100,-0.340) s=1.449 PSDFmin=-0.00668 G=OK(+0.007335) MF=OK(active=20/20,min=+3.926e-08,slack=+7.101e-11)
[RMPCC 0136] OK solve=140.1ms pose=(1.225,0.673,0.262) u=(0.132,-0.625) s=1.462 PSDFmin=+0.002735 G=OK(+5.03e-08) MF=OK(active=9/20,min=+1.231e-07,slack=+4.394e-11)
[RMPCC 0137] OK solve=136.6ms pose=(1.237,0.676,0.200) u=(0.107,-0.525) s=1.476 PSDFmin=+0.0101 G=OK(+0.01541) MF=OK(active=20/20,min=+7.167e-15,slack=+6.132e-17)
[RMPCC 0138] OK solve=131.3ms pose=(1.248,0.678,0.147) u=(0.108,-0.284) s=1.481 PSDFmin=-0.01343 G=OK(+0.01226) MF=OK(active=20/20,min=+1.265e-14,slack=+2.167e-16)
[RMPCC 0139] OK solve=132.9ms pose=(1.259,0.680,0.119) u=(0.142,-0.295) s=1.492 PSDFmin=-0.003444 G=OK(+1.03e-11) MF=OK(active=7/20,min=+4.147e-09,slack=+6.557e-12)
[RMPCC 0140] OK solve=133.0ms pose=(1.273,0.682,0.090) u=(0.130,-0.489) s=1.506 PSDFmin=+0.002266 G=OK(+3.109e-14) MF=OK(active=17/20,min=+9.173e-13,slack=+6.905e-16)
[RMPCC 0141] OK solve=145.9ms pose=(1.286,0.683,0.041) u=(0.131,-0.147) s=1.521 PSDFmin=-0.01231 G=OK(+0.01895) MF=OK(active=20/20,min=+8.883e-10,slack=+5.809e-12)
[RMPCC 0142] OK solve=129.2ms pose=(1.299,0.683,0.026) u=(0.109,-0.118) s=1.532 PSDFmin=+0.0002321 G=OK(+2.33e-09) MF=OK(active=19/20,min=+3.732e-09,slack=+6.661e-11)
[RMPCC 0143] OK solve=138.1ms pose=(1.310,0.683,0.014) u=(0.132,-0.157) s=1.543 PSDFmin=+0.008451 G=OK(+0.006468) MF=OK(active=19/20,min=+3.523e-10,slack=+3.832e-13)
[RMPCC 0144] OK solve=184.7ms pose=(1.323,0.684,-0.001) u=(0.123,0.041) s=1.556 PSDFmin=+0.01113 G=OK(+0.009468) MF=OK(active=20/20,min=+1.138e-13,slack=+3.379e-16)
[RMPCC 0145] OK solve=143.9ms pose=(1.335,0.684,0.003) u=(0.131,-0.079) s=1.568 PSDFmin=-0.008691 G=OK(+0.01886) MF=OK(active=20/20,min=-7.425e-11,slack=+4.151e-12)
[RMPCC 0146] OK solve=135.0ms pose=(1.348,0.684,-0.005) u=(0.124,-0.121) s=1.581 PSDFmin=-0.006857 G=OK(+8.882e-15) MF=OK(active=18/20,min=-4.8e-15,slack=+5.327e-16)
[RMPCC 0147] OK solve=138.5ms pose=(1.361,0.684,-0.017) u=(0.119,0.103) s=1.593 PSDFmin=-0.03177 G=OK(+0.008712) MF=OK(active=13/20,min=+1.129e-13,slack=+2.968e-15)
[RMPCC 0148] OK solve=131.7ms pose=(1.373,0.683,-0.007) u=(0.126,-0.148) s=1.605 PSDFmin=+0.0003367 G=OK(+6.661e-15) MF=OK(active=17/20,min=+5.182e-14,slack=+3.086e-16)
[RMPCC 0149] OK solve=134.7ms pose=(1.385,0.683,-0.022) u=(0.130,0.040) s=1.616 PSDFmin=+0.01225 G=OK(+0.0119) MF=OK(active=19/20,min=+1.895e-09,slack=+2.207e-12)
[RMPCC 0150] OK solve=140.7ms pose=(1.398,0.683,-0.018) u=(0.191,0.029) s=1.631 PSDFmin=+0.01251 G=OK(+0.01971) MF=OK(active=20/20,min=+1.249e-14,slack=+5.271e-17)
[RMPCC 0151] OK solve=133.9ms pose=(1.417,0.683,-0.015) u=(0.132,0.420) s=1.650 PSDFmin=-0.007064 G=OK(+1.11e-15) MF=OK(active=20/20,min=+7.125e-14,slack=+2.058e-16)
[RMPCC 0152] OK solve=137.5ms pose=(1.430,0.683,0.027) u=(0.105,0.476) s=1.662 PSDFmin=-0.02193 G=OK(+0.008746) MF=OK(active=11/20,min=+4.321e-14,slack=+1.12e-15)
[RMPCC 0153] OK solve=130.1ms pose=(1.441,0.683,0.075) u=(0.101,0.186) s=1.666 PSDFmin=+0.001629 G=OK(+7.705e-14) MF=OK(active=12/20,min=+2.091e-12,slack=+1.893e-15)
[RMPCC 0154] OK solve=140.0ms pose=(1.451,0.684,0.093) u=(0.103,0.240) s=1.683 PSDFmin=+0.01003 G=OK(+0.009355) MF=OK(active=20/20,min=+3.741e-11,slack=+2.275e-12)
[RMPCC 0155] OK solve=145.3ms pose=(1.461,0.685,0.117) u=(0.105,0.307) s=1.690 PSDFmin=+0.007088 G=OK(+0.006119) MF=OK(active=20/20,min=+6.933e-14,slack=+3.388e-16)
[RMPCC 0156] OK solve=268.5ms pose=(1.472,0.686,0.148) u=(0.080,0.410) s=1.704 PSDFmin=-0.01657 G=OK(+0.00886) MF=OK(active=20/20,min=+1.648e-12,slack=+1.217e-15)
[RMPCC 0157] OK solve=276.5ms pose=(1.480,0.687,0.189) u=(0.079,0.382) s=1.712 PSDFmin=+0.001943 G=OK(+1.554e-15) MF=OK(active=9/20,min=+7.144e-15,slack=+3.895e-17)
[RMPCC 0158] OK solve=147.0ms pose=(1.487,0.688,0.227) u=(0.066,0.318) s=1.719 PSDFmin=+0.008634 G=OK(+0.007538) MF=OK(active=20/20,min=+3.66e-14,slack=+1.091e-15)
[RMPCC 0159] OK solve=290.4ms pose=(1.494,0.690,0.259) u=(0.085,0.553) s=1.726 PSDFmin=+0.006877 G=OK(+0.005823) MF=OK(active=20/20,min=-2.338e-11,slack=+7.534e-13)
[RMPCC 0160] OK solve=264.8ms pose=(1.502,0.692,0.314) u=(0.078,0.438) s=1.735 PSDFmin=-0.0197 G=OK(+0.008623) MF=OK(active=19/20,min=+8.527e-14,slack=+6.328e-17)
[RMPCC 0161] OK solve=188.6ms pose=(1.509,0.694,0.358) u=(0.065,0.878) s=1.742 PSDFmin=-0.00395 G=OK(+1.373e-12) MF=OK(active=7/20,min=-2.089e-12,slack=+1.448e-14)
[RMPCC 0162] OK solve=146.8ms pose=(1.515,0.697,0.446) u=(0.049,0.758) s=1.750 PSDFmin=+0.007598 G=OK(+0.006664) MF=OK(active=19/20,min=-3.983e-12,slack=+4.3e-13)
[RMPCC 0163] OK solve=150.5ms pose=(1.520,0.699,0.522) u=(0.072,0.350) s=1.756 PSDFmin=-0.01338 G=OK(+7.489e-12) MF=OK(active=20/20,min=+8.248e-14,slack=+7.903e-15)
[RMPCC 0164] OK solve=298.3ms pose=(1.526,0.702,0.557) u=(0.052,0.146) s=1.763 PSDFmin=-0.001676 G=OK(+0.007153) MF=OK(active=12/20,min=+2.495e-09,slack=+1.129e-11)
[RMPCC 0165] OK solve=288.5ms pose=(1.531,0.705,0.571) u=(0.052,0.902) s=1.768 PSDFmin=+0.009361 G=OK(+0.008111) MF=OK(active=16/20,min=-9.481e-13,slack=+2.047e-13)
[RMPCC 0166] OK solve=146.4ms pose=(1.535,0.708,0.661) u=(0.115,0.410) s=1.773 PSDFmin=-0.0124 G=OK(+0.003898) MF=OK(active=20/20,min=+1.235e-12,slack=+3.236e-15)
[RMPCC 0167] OK solve=147.9ms pose=(1.544,0.715,0.702) u=(0.058,0.279) s=1.785 PSDFmin=+0.003184 G=OK(+0.004342) MF=OK(active=18/20,min=+2.471e-09,slack=+1.191e-12)
[RMPCC 0168] OK solve=148.8ms pose=(1.548,0.719,0.730) u=(0.129,0.932) s=1.792 PSDFmin=-0.005589 G=OK(+0.005921) MF=OK(active=20/20,min=+2.745e-11,slack=+3.609e-13)
[RMPCC 0169] OK solve=154.5ms pose=(1.558,0.727,0.823) u=(0.111,0.586) s=1.807 PSDFmin=-0.006957 G=OK(+5.264e-13) MF=OK(active=16/20,min=+4.093e-06,slack=+1.375e-14)
[RMPCC 0170] OK solve=156.5ms pose=(1.566,0.736,0.882) u=(0.117,0.354) s=1.822 PSDFmin=+0.006148 G=OK(+0.004363) MF=OK(active=12/20,min=+1.965e-13,slack=+5.109e-13)
[RMPCC 0171] OK solve=152.8ms pose=(1.573,0.745,0.918) u=(0.146,0.073) s=1.826 PSDFmin=+0.004928 G=OK(+0.005435) MF=OK(active=20/20,min=+1.482e-12,slack=+7.764e-15)
[RMPCC 0172] OK solve=147.8ms pose=(1.582,0.756,0.925) u=(0.193,-0.581) s=1.840 PSDFmin=-0.01982 G=OK(+0.004335) MF=OK(active=20/20,min=+1.275e-12,slack=+1.695e-14)
[RMPCC 0173] OK solve=145.4ms pose=(1.593,0.772,0.867) u=(0.096,-1.162) s=1.858 PSDFmin=+0.002402 G=OK(+4.357e-13) MF=OK(active=11/20,min=+7.097e-13,slack=+1.359e-14)
[RMPCC 0174] OK solve=146.4ms pose=(1.600,0.779,0.751) u=(0.151,-0.541) s=1.875 PSDFmin=-0.008965 G=OK(+0.007936) MF=OK(active=20/20,min=+1.427e-14,slack=+6.371e-17)
[RMPCC 0175] OK solve=149.7ms pose=(1.611,0.789,0.696) u=(0.089,-1.200) s=1.883 PSDFmin=-0.02093 G=OK(+0.003304) MF=OK(active=10/20,min=+7.811e-11,slack=+1.034e-13)
[RMPCC 0176] OK solve=163.8ms pose=(1.618,0.795,0.576) u=(0.121,-0.816) s=1.896 PSDFmin=+0.001053 G=OK(+5.047e-13) MF=OK(active=8/20,min=+0.06278,slack=+2.064e-13)
[RMPCC 0177] OK solve=161.9ms pose=(1.628,0.801,0.495) u=(0.194,-0.425) s=1.903 PSDFmin=-0.02073 G=OK(+0.009552) MF=OK(active=20/20,min=+2.208e-17,slack=+2.325e-17)
[RMPCC 0178] OK solve=290.1ms pose=(1.645,0.811,0.452) u=(0.115,-1.072) s=1.923 PSDFmin=-0.02061 G=OK(+0.01236) MF=OK(active=15/20,min=+0.1459,slack=+1.54e-13)
[RMPCC 0179] OK solve=284.4ms pose=(1.655,0.816,0.345) u=(0.098,-0.642) s=1.934 PSDFmin=+0.0009748 G=OK(+4.441e-16) MF=OK(active=8/20,min=+4.406e-13,slack=+3.015e-17)
[RMPCC 0180] OK solve=259.8ms pose=(1.664,0.819,0.281) u=(0.122,-0.406) s=1.939 PSDFmin=-0.005505 G=OK(+3.461e-12) MF=OK(active=19/20,min=-1.95e-12,slack=+1.996e-13)
[RMPCC 0181] OK solve=144.3ms pose=(1.676,0.822,0.240) u=(0.100,-0.962) s=1.952 PSDFmin=-0.02827 G=OK(+0.01917) MF=OK(active=16/20,min=+2.132e-14,slack=+2.483e-17)
[RMPCC 0182] OK solve=138.0ms pose=(1.686,0.825,0.144) u=(0.108,-0.540) s=1.956 PSDFmin=-0.0002843 G=OK(+1.288e-14) MF=OK(active=6/20,min=+1.084e-12,slack=+4.143e-16)
[RMPCC 0183] OK solve=149.8ms pose=(1.696,0.826,0.090) u=(0.186,-0.284) s=1.967 PSDFmin=-0.002517 G=OK(+3.23e-11) MF=OK(active=19/20,min=+2.024e-12,slack=+2.368e-14)
[RMPCC 0184] OK solve=142.5ms pose=(1.715,0.828,0.062) u=(0.097,-1.200) s=1.985 PSDFmin=-0.03212 G=OK(+0.01066) MF=OK(active=18/20,min=+2.985e-13,slack=+2.529e-16)
[RMPCC 0185] OK solve=143.7ms pose=(1.725,0.829,-0.058) u=(0.110,-0.562) s=1.995 PSDFmin=+0.0006552 G=OK(+4.441e-16) MF=OK(active=3/20,min=+1.535e-12,slack=+4.406e-17)
[RMPCC 0186] OK solve=140.2ms pose=(1.736,0.828,-0.115) u=(0.176,-0.166) s=2.006 PSDFmin=-0.002206 G=OK(+1.421e-14) MF=OK(active=18/20,min=+7.862e-14,slack=+1.333e-15)
[RMPCC 0187] OK solve=275.0ms pose=(1.753,0.826,-0.131) u=(0.135,-0.882) s=2.012 PSDFmin=+0.004546 G=OK(+0.008067) MF=OK(active=18/20,min=+3.598e-12,slack=+2.41e-14)
[RMPCC 0188] OK solve=271.8ms pose=(1.767,0.824,-0.219) u=(0.075,-0.431) s=2.027 PSDFmin=+0.006329 G=OK(+0.006503) MF=OK(active=18/20,min=+5.752e-14,slack=+6.717e-16)
[RMPCC 0189] OK solve=275.3ms pose=(1.774,0.823,-0.262) u=(0.113,-0.659) s=2.044 PSDFmin=+0.007475 G=OK(+0.00397) MF=OK(active=20/20,min=+2.769e-12,slack=+4.88e-15)
[RMPCC 0190] OK solve=410.0ms pose=(1.785,0.820,-0.328) u=(0.083,-0.667) s=2.046 PSDFmin=+0.002456 G=OK(+5.955e-13) MF=OK(active=18/20,min=+3.076e-12,slack=+5.947e-15)
[RMPCC 0191] OK solve=268.4ms pose=(1.793,0.817,-0.395) u=(0.113,-0.599) s=2.063 PSDFmin=+0.007504 G=OK(+0.006178) MF=OK(active=18/20,min=+2.274e-13,slack=+4.482e-16)
[RMPCC 0192] OK solve=262.9ms pose=(1.803,0.813,-0.455) u=(0.092,-1.126) s=2.074 PSDFmin=+0.005437 G=OK(+0.003315) MF=OK(active=20/20,min=+1.794e-12,slack=+1.04e-14)
[RMPCC 0193] OK solve=393.1ms pose=(1.811,0.809,-0.568) u=(0.060,-0.542) s=2.082 PSDFmin=+0.006223 G=OK(+0.00558) MF=OK(active=16/20,min=+4.662e-13,slack=+7.704e-16)
[RMPCC 0194] OK solve=403.3ms pose=(1.816,0.805,-0.622) u=(0.047,-0.236) s=2.087 PSDFmin=+0.002721 G=OK(+0.006199) MF=OK(active=19/20,min=+4.27e-14,slack=+6.598e-17)
[RMPCC 0195] OK solve=379.2ms pose=(1.820,0.803,-0.645) u=(0.053,-0.493) s=2.093 PSDFmin=+0.007389 G=OK(+0.005928) MF=OK(active=19/20,min=+7.234e-15,slack=+1.309e-16)
[RMPCC 0196] OK solve=401.7ms pose=(1.824,0.799,-0.695) u=(0.087,-0.888) s=2.097 PSDFmin=+0.006889 G=OK(+0.005143) MF=OK(active=19/20,min=+3.57e-14,slack=+1.807e-16)
[RMPCC 0197] OK solve=283.5ms pose=(1.831,0.794,-0.784) u=(0.087,-0.673) s=2.105 PSDFmin=+0.006658 G=OK(+0.005853) MF=OK(active=18/20,min=-6.235e-14,slack=+8.824e-15)
[RMPCC 0198] OK solve=137.0ms pose=(1.837,0.788,-0.851) u=(0.062,-1.200) s=2.116 PSDFmin=+0.002417 G=OK(+0.00573) MF=OK(active=20/20,min=+8.749e-12,slack=+7.577e-15)
[RMPCC 0199] OK solve=140.3ms pose=(1.841,0.783,-0.971) u=(0.082,-0.566) s=2.118 PSDFmin=+0.007319 G=OK(+0.006266) MF=OK(active=20/20,min=+5.547e-09,slack=+2.827e-12)
[RMPCC 0200] OK solve=135.0ms pose=(1.846,0.776,-1.027) u=(0.067,-0.792) s=2.130 PSDFmin=+0.008126 G=OK(+0.00676) MF=OK(active=20/20,min=+3.589e-13,slack=+7.29e-16)
[RMPCC 0201] OK solve=132.6ms pose=(1.849,0.770,-1.107) u=(0.136,-0.393) s=2.133 PSDFmin=-0.001003 G=OK(+0.007155) MF=OK(active=20/20,min=+2.844e-14,slack=+1.968e-17)
[RMPCC 0202] OK solve=135.4ms pose=(1.856,0.758,-1.146) u=(0.121,-0.780) s=2.146 PSDFmin=+0.01052 G=OK(+0.008746) MF=OK(active=16/20,min=+9.987e-13,slack=+3.671e-16)
[RMPCC 0203] OK solve=134.9ms pose=(1.861,0.747,-1.224) u=(0.111,-0.344) s=2.161 PSDFmin=+0.0061 G=OK(+0.01065) MF=OK(active=20/20,min=+5.881e-14,slack=+1.94e-16)
[RMPCC 0204] OK solve=143.6ms pose=(1.864,0.737,-1.258) u=(0.155,-0.850) s=2.169 PSDFmin=-0.01238 G=OK(+0.01337) MF=OK(active=20/20,min=+0.1946,slack=+9.147e-13)
[RMPCC 0205] OK solve=121.8ms pose=(1.869,0.722,-1.343) u=(0.159,-0.626) s=2.185 PSDFmin=-0.001308 G=OK(+7.308e-09) MF=OK(active=10/20,min=+0.206,slack=+2.773e-11)
[RMPCC 0206] OK solve=133.0ms pose=(1.873,0.707,-1.406) u=(0.172,-0.252) s=2.201 PSDFmin=+0.004187 G=OK(+6.887e-11) MF=OK(active=19/20,min=+5.014e-10,slack=+1.235e-12)
[RMPCC 0207] OK solve=128.6ms pose=(1.875,0.690,-1.431) u=(0.171,-0.601) s=2.212 PSDFmin=+0.00363 G=OK(+7.772e-16) MF=OK(active=20/20,min=+1.807e-15,slack=+3.031e-17)
[RMPCC 0208] OK solve=135.2ms pose=(1.878,0.673,-1.491) u=(0.188,-0.220) s=2.229 PSDFmin=+0.01076 G=OK(+0.009181) MF=OK(active=20/20,min=+6.943e-14,slack=+1.559e-16)
[RMPCC 0209] OK solve=137.3ms pose=(1.879,0.654,-1.513) u=(0.170,-0.602) s=2.248 PSDFmin=-0.003648 G=OK(+2.252e-11) MF=OK(active=20/20,min=-1.901e-12,slack=+1.412e-13)
[RMPCC 0210] OK solve=132.6ms pose=(1.880,0.637,-1.573) u=(0.149,-0.250) s=2.263 PSDFmin=-0.01273 G=OK(+0.01261) MF=OK(active=11/20,min=+2.997e-09,slack=+2.212e-12)
[RMPCC 0211] OK solve=135.7ms pose=(1.880,0.622,-1.598) u=(0.166,0.047) s=2.279 PSDFmin=+0.003089 G=OK(+2.752e-13) MF=OK(active=18/20,min=+5.067e-12,slack=+1.496e-14)
[RMPCC 0212] OK solve=135.9ms pose=(1.880,0.606,-1.594) u=(0.165,-0.614) s=2.295 PSDFmin=+0.0006471 G=OK(+3.154e-10) MF=OK(active=20/20,min=+7.783e-10,slack=+5.35e-12)
[RMPCC 0213] OK solve=128.7ms pose=(1.879,0.589,-1.655) u=(0.124,-0.271) s=2.298 PSDFmin=+0.01108 G=OK(+0.00867) MF=OK(active=19/20,min=+2.586e-11,slack=+4.612e-14)
[RMPCC 0214] OK solve=124.8ms pose=(1.878,0.577,-1.682) u=(0.135,-0.006) s=2.313 PSDFmin=+0.01325 G=OK(+0.01132) MF=OK(active=20/20,min=+2.88e-12,slack=+4.216e-13)
[RMPCC 0215] OK solve=125.7ms pose=(1.877,0.563,-1.683) u=(0.109,0.116) s=2.331 PSDFmin=+0.01126 G=OK(+0.01084) MF=OK(active=20/20,min=+8.932e-12,slack=+5.122e-14)
[RMPCC 0216] OK solve=121.5ms pose=(1.876,0.552,-1.671) u=(0.098,-0.089) s=2.334 PSDFmin=-0.003875 G=OK(+0.01246) MF=OK(active=20/20,min=+6.557e-12,slack=+2.414e-14)
[RMPCC 0217] OK solve=156.7ms pose=(1.875,0.543,-1.680) u=(0.094,0.198) s=2.351 PSDFmin=+0.001091 G=OK(+1.433e-13) MF=OK(active=19/20,min=+2.138e-12,slack=+6.66e-15)
[RMPCC 0218] OK solve=173.6ms pose=(1.874,0.533,-1.660) u=(0.091,0.001) s=2.354 PSDFmin=+0.01284 G=OK(+0.01254) MF=OK(active=20/20,min=+2.697e-11,slack=+2.425e-14)
[RMPCC 0219] OK solve=175.1ms pose=(1.873,0.524,-1.660) u=(0.129,0.082) s=2.372 PSDFmin=+0.0139 G=OK(+0.01429) MF=OK(active=20/20,min=+1.214e-12,slack=+2.648e-15)
[RMPCC 0220] OK solve=173.8ms pose=(1.872,0.511,-1.652) u=(0.092,-0.213) s=2.376 PSDFmin=+0.005988 G=OK(+0.005598) MF=OK(active=20/20,min=+4.395e-13,slack=+2.556e-15)
[RMPCC 0221] OK solve=172.5ms pose=(1.871,0.502,-1.673) u=(0.084,-0.311) s=2.394 PSDFmin=+0.009482 G=OK(+0.01216) MF=OK(active=20/20,min=+3.29e-14,slack=+3.941e-17)
[RMPCC 0222] OK solve=130.1ms pose=(1.870,0.494,-1.704) u=(0.109,-0.174) s=2.396 PSDFmin=+0.007732 G=OK(+0.00468) MF=OK(active=20/20,min=+3.119e-14,slack=+2.827e-15)
[RMPCC 0223] OK solve=133.5ms pose=(1.869,0.483,-1.722) u=(0.055,-0.382) s=2.413 PSDFmin=+0.00717 G=OK(+0.006141) MF=OK(active=20/20,min=+8.885e-15,slack=+1.923e-17)
[RMPCC 0224] OK solve=131.9ms pose=(1.868,0.478,-1.760) u=(0.097,-0.502) s=2.413 PSDFmin=+0.005805 G=OK(+0.005689) MF=OK(active=20/20,min=+7.642e-14,slack=+9.149e-17)
[RMPCC 0225] OK solve=131.9ms pose=(1.866,0.468,-1.810) u=(0.063,-0.458) s=2.430 PSDFmin=+0.00127 G=OK(+0.007664) MF=OK(active=20/20,min=+1.35e-12,slack=+2.073e-15)
[RMPCC 0226] OK solve=257.5ms pose=(1.865,0.462,-1.856) u=(0.071,-0.606) s=2.440 PSDFmin=+0.005273 G=OK(+0.005664) MF=OK(active=20/20,min=+1.6e-14,slack=+1.799e-17)
[RMPCC 0227] OK solve=300.1ms pose=(1.863,0.455,-1.917) u=(0.080,-0.258) s=2.446 PSDFmin=+0.008423 G=OK(+0.006957) MF=OK(active=19/20,min=+4.833e-12,slack=+1.183e-14)
[RMPCC 0228] OK solve=270.0ms pose=(1.860,0.448,-1.942) u=(0.040,-0.652) s=2.454 PSDFmin=+0.007411 G=OK(+0.006725) MF=OK(active=20/20,min=+1.312e-12,slack=+7.069e-15)
[RMPCC 0229] OK solve=402.8ms pose=(1.858,0.444,-2.008) u=(0.096,-0.671) s=2.458 PSDFmin=-4.007e-05 G=OK(+0.003503) MF=OK(active=19/20,min=+4.491e-09,slack=+9.747e-12)
[RMPCC 0230] OK solve=310.6ms pose=(1.854,0.435,-2.075) u=(0.049,-0.383) s=2.466 PSDFmin=+0.003191 G=OK(+0.00359) MF=OK(active=17/20,min=+5.475e-10,slack=+1.32e-12)
[RMPCC 0231] OK solve=132.5ms pose=(1.852,0.431,-2.113) u=(0.095,-0.376) s=2.473 PSDFmin=+0.007289 G=OK(+0.007312) MF=OK(active=20/20,min=+1.427e-14,slack=+6.188e-17)
[RMPCC 0232] OK solve=274.8ms pose=(1.847,0.423,-2.151) u=(0.047,-0.188) s=2.483 PSDFmin=+0.005008 G=OK(+0.002966) MF=OK(active=20/20,min=+8.899e-16,slack=+1.244e-17)
[RMPCC 0233] OK solve=322.3ms pose=(1.844,0.419,-2.170) u=(0.095,-0.634) s=2.487 PSDFmin=+0.005059 G=OK(+0.0005773) MF=OK(active=19/20,min=+4.195e-12,slack=+1.159e-13)
[RMPCC 0234] OK solve=276.0ms pose=(1.839,0.411,-2.233) u=(0.048,-0.317) s=2.497 PSDFmin=-0.01257 G=OK(+0.007548) MF=OK(active=20/20,min=+9.897e-08,slack=+1.18e-10)
[RMPCC 0235] OK solve=287.9ms pose=(1.836,0.407,-2.265) u=(0.089,-0.625) s=2.502 PSDFmin=+0.001053 G=OK(+0.004096) MF=OK(active=11/20,min=+6.41e-14,slack=+1.537e-16)
[RMPCC 0236] OK solve=140.6ms pose=(1.830,0.400,-2.327) u=(0.070,-0.295) s=2.512 PSDFmin=+0.00656 G=OK(+0.004863) MF=OK(active=20/20,min=+5.064e-10,slack=+1.117e-12)
[RMPCC 0237] OK solve=134.0ms pose=(1.826,0.395,-2.357) u=(0.095,-0.538) s=2.523 PSDFmin=+0.001356 G=OK(+0.003988) MF=OK(active=20/20,min=+3.44e-13,slack=+3.012e-15)
[RMPCC 0238] OK solve=144.9ms pose=(1.819,0.389,-2.410) u=(0.127,-0.248) s=2.533 PSDFmin=+0.002467 G=OK(+0.005779) MF=OK(active=20/20,min=+4.526e-11,slack=+9.707e-14)
[RMPCC 0239] OK solve=153.3ms pose=(1.809,0.380,-2.435) u=(0.158,0.033) s=2.544 PSDFmin=+0.007862 G=OK(+0.004931) MF=OK(active=20/20,min=+4.346e-13,slack=+1.173e-15)
[RMPCC 0240] OK solve=144.4ms pose=(1.798,0.370,-2.432) u=(0.148,0.284) s=2.565 PSDFmin=-0.01093 G=OK(+0.002591) MF=OK(active=20/20,min=+1.765e-12,slack=+8.119e-14)
[RMPCC 0241] OK solve=133.1ms pose=(1.786,0.360,-2.403) u=(0.112,0.438) s=2.576 PSDFmin=+0.002297 G=OK(+3.272e-12) MF=OK(active=10/20,min=+1.694e-08,slack=+6.686e-12)
[RMPCC 0242] OK solve=141.6ms pose=(1.778,0.353,-2.360) u=(0.153,0.218) s=2.586 PSDFmin=-0.01532 G=OK(+0.006201) MF=OK(active=20/20,min=-7.084e-15,slack=+2.178e-17)
[RMPCC 0243] OK solve=134.6ms pose=(1.767,0.342,-2.338) u=(0.089,1.200) s=2.597 PSDFmin=-0.01636 G=OK(+0.004775) MF=OK(active=10/20,min=+0.01061,slack=+5.65e-16)
[RMPCC 0244] OK solve=135.8ms pose=(1.761,0.335,-2.218) u=(0.104,0.975) s=2.607 PSDFmin=+0.00258 G=OK(+1.105e-12) MF=OK(active=9/20,min=+0.007519,slack=+2.382e-14)
[RMPCC 0245] OK solve=139.7ms pose=(1.755,0.327,-2.120) u=(0.153,0.425) s=2.618 PSDFmin=-0.01761 G=OK(+0.006403) MF=OK(active=20/20,min=+4.287e-12,slack=+3.757e-14)
[RMPCC 0246] OK solve=125.5ms pose=(1.747,0.314,-2.078) u=(0.104,1.200) s=2.630 PSDFmin=-0.02915 G=OK(+0.008273) MF=OK(active=10/20,min=+3.68e-13,slack=+6.853e-16)
[RMPCC 0247] OK solve=133.9ms pose=(1.742,0.305,-1.958) u=(0.111,0.799) s=2.640 PSDFmin=-0.01095 G=OK(-1.776e-15) MF=OK(active=7/20,min=+0.156,slack=+1.015e-13)
[RMPCC 0248] OK solve=135.1ms pose=(1.737,0.295,-1.878) u=(0.173,0.284) s=2.649 PSDFmin=-0.01359 G=OK(+2.498e-16) MF=OK(active=16/20,min=+3.065e-17,slack=+3.082e-17)
[RMPCC 0249] OK solve=275.0ms pose=(1.732,0.278,-1.850) u=(0.129,0.597) s=2.664 PSDFmin=-0.001724 G=OK(+4.319e-14) MF=OK(active=15/20,min=+9.51e-14,slack=+9.511e-16)
[RMPCC 0250] OK solve=431.9ms pose=(1.729,0.266,-1.790) u=(0.150,0.870) s=2.675 PSDFmin=-0.01397 G=OK(+0.01288) MF=OK(active=18/20,min=+3.457e-14,slack=+6.004e-16)
[RMPCC 0251] OK solve=410.2ms pose=(1.725,0.251,-1.703) u=(0.096,0.951) s=2.688 PSDFmin=-0.01485 G=OK(+1.332e-15) MF=OK(active=15/20,min=+2.274e-13,slack=+5.006e-17)
[RMPCC 0252] OK solve=261.8ms pose=(1.724,0.242,-1.608) u=(0.089,0.616) s=2.697 PSDFmin=-0.004215 G=OK(+1.399e-14) MF=OK(active=5/20,min=+0.1078,slack=+4.841e-16)
[RMPCC 0253] OK solve=120.9ms pose=(1.724,0.233,-1.546) u=(0.105,0.246) s=2.705 PSDFmin=+0.01009 G=OK(+0.003892) MF=OK(active=12/20,min=+4.98e-12,slack=+1.35e-14)
[RMPCC 0254] OK solve=130.7ms pose=(1.724,0.222,-1.522) u=(0.200,1.200) s=2.710 PSDFmin=+0.00355 G=OK(+0.004281) MF=OK(active=20/20,min=+9.511e-12,slack=+2.032e-13)
[RMPCC 0255] OK solve=137.8ms pose=(1.725,0.202,-1.402) u=(0.129,0.559) s=2.728 PSDFmin=-0.007228 G=OK(+0.01075) MF=OK(active=20/20,min=+1.799e-10,slack=+4.135e-13)
[RMPCC 0256] OK solve=132.3ms pose=(1.727,0.190,-1.346) u=(0.067,0.275) s=2.745 PSDFmin=+0.0001026 G=OK(+0.0002202) MF=OK(active=19/20,min=+1.182e-12,slack=+2.511e-15)
[RMPCC 0257] OK solve=137.1ms pose=(1.729,0.183,-1.318) u=(0.064,0.150) s=2.751 PSDFmin=+0.008238 G=OK(+0.006012) MF=OK(active=18/20,min=+6.647e-11,slack=+1.114e-12)
[RMPCC 0258] OK solve=138.3ms pose=(1.730,0.177,-1.303) u=(0.059,0.090) s=2.757 PSDFmin=+0.005779 G=OK(+0.005648) MF=OK(active=20/20,min=+2.201e-11,slack=+9.212e-13)
[RMPCC 0259] OK solve=134.9ms pose=(1.732,0.171,-1.294) u=(0.062,0.332) s=2.763 PSDFmin=-0.003883 G=OK(+0.005861) MF=OK(active=20/20,min=+6.381e-12,slack=+1.618e-13)
[RMPCC 0260] OK solve=133.1ms pose=(1.734,0.165,-1.261) u=(0.050,0.248) s=2.769 PSDFmin=+0.006291 G=OK(+0.005414) MF=OK(active=19/20,min=+3.345e-13,slack=+5.519e-16)
[RMPCC 0261] OK solve=129.7ms pose=(1.735,0.160,-1.236) u=(0.054,0.295) s=2.775 PSDFmin=+0.007015 G=OK(+0.006014) MF=OK(active=20/20,min=+1.303e-10,slack=+4.348e-12)
[RMPCC 0262] OK solve=270.7ms pose=(1.737,0.155,-1.207) u=(0.048,0.438) s=2.781 PSDFmin=+0.00488 G=OK(+0.003982) MF=OK(active=20/20,min=+8.857e-11,slack=+2.927e-12)
[RMPCC 0263] OK solve=407.9ms pose=(1.739,0.151,-1.163) u=(0.044,0.389) s=2.786 PSDFmin=+0.005416 G=OK(+0.004404) MF=OK(active=19/20,min=+4.187e-09,slack=+1.886e-12)
[RMPCC 0264] OK solve=403.4ms pose=(1.740,0.147,-1.124) u=(0.041,0.394) s=2.792 PSDFmin=+0.005004 G=OK(+0.004035) MF=OK(active=19/20,min=+8.726e-12,slack=+5.847e-13)
[RMPCC 0265] OK solve=286.3ms pose=(1.742,0.143,-1.085) u=(0.037,0.345) s=2.796 PSDFmin=+0.005474 G=OK(+0.004452) MF=OK(active=19/20,min=+5.493e-11,slack=+2.492e-14)
[RMPCC 0266] OK solve=143.8ms pose=(1.744,0.140,-1.050) u=(0.037,0.331) s=2.799 PSDFmin=+0.005461 G=OK(+0.004482) MF=OK(active=20/20,min=+4.377e-12,slack=+5.876e-13)
[RMPCC 0267] OK solve=139.8ms pose=(1.746,0.137,-1.017) u=(0.030,0.300) s=2.804 PSDFmin=+0.005423 G=OK(+0.004408) MF=OK(active=20/20,min=+2.074e-13,slack=+1.421e-15)
[RMPCC 0268] OK solve=137.0ms pose=(1.747,0.134,-0.987) u=(0.035,0.303) s=2.810 PSDFmin=+0.005548 G=OK(+0.004516) MF=OK(active=20/20,min=+7.908e-11,slack=+2.369e-12)
[RMPCC 0269] OK solve=132.7ms pose=(1.749,0.131,-0.957) u=(0.024,0.290) s=2.812 PSDFmin=+0.005379 G=OK(+0.004381) MF=OK(active=20/20,min=+2.322e-11,slack=+1.606e-12)
[RMPCC 0270] OK solve=136.5ms pose=(1.751,0.129,-0.928) u=(0.033,0.270) s=2.815 PSDFmin=+0.005586 G=OK(+0.004532) MF=OK(active=20/20,min=+1.497e-09,slack=+9.125e-12)
[RMPCC 0271] OK solve=139.8ms pose=(1.753,0.126,-0.901) u=(0.023,0.277) s=2.818 PSDFmin=+0.005493 G=OK(+0.004474) MF=OK(active=20/20,min=+2.388e-13,slack=+2.66e-14)
[RMPCC 0272] OK solve=142.2ms pose=(1.754,0.125,-0.873) u=(0.030,0.251) s=2.820 PSDFmin=+0.00558 G=OK(+0.004552) MF=OK(active=20/20,min=+3.674e-11,slack=+1.089e-12)
[RMPCC 0273] OK solve=146.4ms pose=(1.756,0.122,-0.848) u=(0.025,0.276) s=2.825 PSDFmin=+0.005522 G=OK(+0.004476) MF=OK(active=20/20,min=+3.341e-12,slack=+2.297e-13)
[RMPCC 0274] OK solve=132.5ms pose=(1.758,0.121,-0.820) u=(0.025,0.293) s=2.827 PSDFmin=+0.005406 G=OK(+0.00437) MF=OK(active=20/20,min=+8.396e-11,slack=+1.972e-12)
[RMPCC 0275] OK solve=127.9ms pose=(1.759,0.119,-0.791) u=(0.022,0.320) s=2.829 PSDFmin=+0.00525 G=OK(+0.004221) MF=OK(active=20/20,min=+1.51e-08,slack=+6.379e-13)
[RMPCC 0276] OK solve=137.8ms pose=(1.761,0.117,-0.759) u=(0.021,0.328) s=2.831 PSDFmin=+0.005132 G=OK(+0.004104) MF=OK(active=20/20,min=+0.002123,slack=+3.733e-15)
[RMPCC 0277] OK solve=133.0ms pose=(1.762,0.116,-0.726) u=(0.021,0.304) s=2.833 PSDFmin=+0.005153 G=OK(+0.004124) MF=OK(active=20/20,min=+0.01633,slack=+7.922e-12)
[RMPCC 0278] OK solve=139.8ms pose=(1.764,0.114,-0.696) u=(0.021,0.282) s=2.835 PSDFmin=+0.005162 G=OK(+0.004134) MF=OK(active=20/20,min=+0.0318,slack=+2.25e-15)
[RMPCC 0279] OK solve=130.3ms pose=(1.766,0.113,-0.668) u=(0.020,0.262) s=2.837 PSDFmin=+0.005181 G=OK(+0.004152) MF=OK(active=20/20,min=+0.0482,slack=+1.546e-11)
[RMPCC 0280] OK solve=132.0ms pose=(1.767,0.112,-0.641) u=(0.020,0.244) s=2.839 PSDFmin=+0.005201 G=OK(+0.004174) MF=OK(active=20/20,min=+0.06509,slack=+4.637e-17)
[RMPCC 0281] OK solve=185.8ms pose=(1.769,0.111,-0.617) u=(0.020,0.227) s=2.841 PSDFmin=+0.005221 G=OK(+0.004194) MF=OK(active=20/20,min=+0.08219,slack=+4.482e-13)
[RMPCC 0282] OK solve=137.9ms pose=(1.770,0.109,-0.594) u=(0.020,0.211) s=2.843 PSDFmin=+0.005243 G=OK(+0.004215) MF=OK(active=20/20,min=+0.09906,slack=+3.315e-13)
[RMPCC 0283] OK solve=133.5ms pose=(1.772,0.108,-0.573) u=(0.019,0.197) s=2.845 PSDFmin=+0.005265 G=OK(+0.004237) MF=OK(active=20/20,min=+0.1156,slack=+5.143e-14)
[RMPCC 0284] OK solve=149.5ms pose=(1.774,0.107,-0.554) u=(0.019,0.184) s=2.848 PSDFmin=+0.005293 G=OK(+0.004267) MF=OK(active=20/20,min=+0.1313,slack=+2.52e-17)
[RMPCC 0285] OK solve=140.5ms pose=(1.775,0.106,-0.535) u=(0.019,0.171) s=2.850 PSDFmin=+0.005337 G=OK(+0.004312) MF=OK(active=20/20,min=+0.1459,slack=+3.192e-13)
[RMPCC 0286] OK solve=147.8ms pose=(1.777,0.105,-0.518) u=(0.019,0.160) s=2.852 PSDFmin=+0.005393 G=OK(+0.00437) MF=OK(active=20/20,min=+0.1587,slack=+7.66e-15)
[RMPCC 0287] OK solve=137.5ms pose=(1.778,0.104,-0.502) u=(0.016,0.149) s=2.852 PSDFmin=+0.005461 G=OK(+0.004442) MF=OK(active=20/20,min=+0.1693,slack=+2.871e-13)
[RMPCC 0288] OK solve=134.8ms pose=(1.780,0.104,-0.487) u=(0.016,0.139) s=2.854 PSDFmin=+0.005533 G=OK(+0.004515) MF=OK(active=20/20,min=+0.1772,slack=+2.787e-17)
[RMPCC 0289] OK solve=137.3ms pose=(1.781,0.103,-0.473) u=(0.016,0.130) s=2.856 PSDFmin=+0.005613 G=OK(+0.004596) MF=OK(active=20/20,min=+0.1843,slack=+4.7e-14)
[RMPCC 0290] OK solve=140.8ms pose=(1.783,0.102,-0.460) u=(0.016,0.123) s=2.858 PSDFmin=+0.0057 G=OK(+0.004684) MF=OK(active=20/20,min=+0.1901,slack=+7.186e-14)
[RMPCC 0291] OK solve=141.4ms pose=(1.784,0.101,-0.448) u=(0.014,0.115) s=2.858 PSDFmin=+0.005792 G=OK(+0.00478) MF=OK(active=20/20,min=+0.1943,slack=+4.291e-17)
[RMPCC 0292] OK solve=147.0ms pose=(1.785,0.101,-0.436) u=(0.014,0.108) s=2.860 PSDFmin=+0.005886 G=OK(+0.004874) MF=OK(active=20/20,min=+0.1966,slack=+2.547e-13)
[RMPCC 0293] OK solve=143.4ms pose=(1.787,0.100,-0.426) u=(0.015,0.101) s=2.862 PSDFmin=+0.005984 G=OK(+0.004972) MF=OK(active=20/20,min=+0.1984,slack=+1.865e-13)
[RMPCC 0294] OK solve=146.2ms pose=(1.788,0.100,-0.416) u=(0.013,0.095) s=2.862 PSDFmin=+0.006085 G=OK(+0.005075) MF=OK(active=20/20,min=+0.1994,slack=+3.483e-13)
[RMPCC 0295] OK solve=140.6ms pose=(1.789,0.099,-0.406) u=(0.013,0.090) s=2.864 PSDFmin=+0.006186 G=OK(+0.005176) MF=OK(active=20/20,min=+0.1997,slack=+2.938e-13)
[RMPCC 0296] OK solve=134.3ms pose=(1.790,0.099,-0.397) u=(0.011,0.084) s=2.864 PSDFmin=+0.006287 G=OK(+0.00528) MF=OK(active=20/20,min=+0.2,slack=+6.341e-14)
[RMPCC 0297] OK solve=135.3ms pose=(1.791,0.098,-0.389) u=(0.012,0.080) s=2.866 PSDFmin=+0.006388 G=OK(+0.00538) MF=OK(active=20/20,min=+0.2,slack=+4.514e-17)
[RMPCC 0298] OK solve=134.1ms pose=(1.792,0.098,-0.381) u=(0.010,0.075) s=2.866 PSDFmin=+0.006489 G=OK(+0.005483) MF=OK(active=20/20,min=+0.2,slack=+7.048e-15)
[RMPCC 0299] OK solve=140.8ms pose=(1.793,0.097,-0.373) u=(0.011,0.071) s=2.869 PSDFmin=+0.006588 G=OK(+0.005582) MF=OK(active=20/20,min=+0.2,slack=+3.626e-14)
[RMPCC 0300] OK solve=131.8ms pose=(1.794,0.097,-0.366) u=(0.009,0.067) s=2.869 PSDFmin=+0.006688 G=OK(+0.005682) MF=OK(active=20/20,min=+0.2,slack=+1.816e-13)
[RMPCC 0301] OK solve=137.9ms pose=(1.795,0.097,-0.359) u=(0.010,0.064) s=2.871 PSDFmin=+0.006785 G=OK(+0.00578) MF=OK(active=20/20,min=+0.2,slack=+2.129e-12)
[RMPCC 0302] OK solve=132.9ms pose=(1.796,0.096,-0.353) u=(0.009,0.061) s=2.871 PSDFmin=+0.006883 G=OK(+0.005878) MF=OK(active=20/20,min=+0.2,slack=+3.356e-13)
[RMPCC 0303] OK solve=135.5ms pose=(1.797,0.096,-0.347) u=(0.010,0.057) s=2.873 PSDFmin=+0.006977 G=OK(+0.005972) MF=OK(active=20/20,min=+0.2,slack=+4.269e-17)
[RMPCC 0304] OK solve=132.1ms pose=(1.798,0.096,-0.341) u=(0.009,0.054) s=2.873 PSDFmin=+0.007071 G=OK(+0.006067) MF=OK(active=20/20,min=+0.2,slack=+5.72e-16)
[RMPCC 0305] OK solve=134.7ms pose=(1.799,0.095,-0.336) u=(0.008,0.051) s=2.873 PSDFmin=+0.007163 G=OK(+0.006159) MF=OK(active=20/20,min=+0.2,slack=+1.056e-14)
[RMPCC 0306] OK solve=134.0ms pose=(1.800,0.095,-0.330) u=(0.009,0.049) s=2.875 PSDFmin=+0.007252 G=OK(+0.006248) MF=OK(active=20/20,min=+0.2,slack=+2.727e-15)
[RMPCC 0307] OK solve=135.9ms pose=(1.800,0.095,-0.326) u=(0.007,0.047) s=2.875 PSDFmin=+0.00734 G=OK(+0.006337) MF=OK(active=20/20,min=+0.2,slack=+2.029e-14)
[RMPCC 0308] OK solve=149.0ms pose=(1.801,0.094,-0.321) u=(0.007,0.044) s=2.876 PSDFmin=+0.007425 G=OK(+0.006422) MF=OK(active=20/20,min=+0.2,slack=+3.45e-14)
[RMPCC 0309] OK solve=147.5ms pose=(1.802,0.094,-0.316) u=(0.008,0.042) s=2.877 PSDFmin=+0.007508 G=OK(+0.006505) MF=OK(active=20/20,min=+0.2,slack=+3.08e-14)
[RMPCC 0310] OK solve=135.4ms pose=(1.803,0.094,-0.312) u=(0.007,0.040) s=2.877 PSDFmin=+0.007589 G=OK(+0.006587) MF=OK(active=20/20,min=+0.2,slack=+6.04e-14)
[RMPCC 0311] OK solve=129.9ms pose=(1.803,0.094,-0.308) u=(0.006,0.038) s=2.878 PSDFmin=+0.007668 G=OK(+0.006666) MF=OK(active=20/20,min=+0.2,slack=+1.286e-13)
[RMPCC 0312] OK solve=131.7ms pose=(1.804,0.094,-0.304) u=(0.006,0.037) s=2.878 PSDFmin=+0.007745 G=OK(+0.006743) MF=OK(active=20/20,min=+0.2,slack=+2.258e-13)
[RMPCC 0313] OK solve=136.8ms pose=(1.804,0.093,-0.301) u=(0.006,0.035) s=2.879 PSDFmin=+0.00782 G=OK(+0.006818) MF=OK(active=20/20,min=+0.2,slack=+3.173e-13)
[RMPCC 0314] OK solve=129.4ms pose=(1.805,0.093,-0.297) u=(0.006,0.034) s=2.879 PSDFmin=+0.007893 G=OK(+0.006891) MF=OK(active=20/20,min=+0.2,slack=+5.834e-13)
[RMPCC 0315] OK solve=138.4ms pose=(1.805,0.093,-0.294) u=(0.005,0.032) s=2.880 PSDFmin=+0.007964 G=OK(+0.006962) MF=OK(active=20/20,min=+0.2,slack=+8.332e-13)
[RMPCC 0316] OK solve=130.5ms pose=(1.806,0.093,-0.291) u=(0.005,0.031) s=2.881 PSDFmin=+0.008033 G=OK(+0.007032) MF=OK(active=20/20,min=+0.2,slack=+1.081e-12)
[RMPCC 0317] OK solve=140.5ms pose=(1.806,0.093,-0.288) u=(0.005,0.029) s=2.881 PSDFmin=+0.008101 G=OK(+0.007099) MF=OK(active=20/20,min=+0.2,slack=+1.166e-12)
[RMPCC 0318] OK solve=135.2ms pose=(1.807,0.093,-0.285) u=(0.005,0.028) s=2.882 PSDFmin=+0.008166 G=OK(+0.007165) MF=OK(active=20/20,min=+0.2,slack=+1.342e-12)
[RMPCC 0319] OK solve=134.8ms pose=(1.807,0.092,-0.282) u=(0.005,0.027) s=2.882 PSDFmin=+0.00823 G=OK(+0.007229) MF=OK(active=20/20,min=+0.2,slack=+1.103e-12)
[RMPCC 0320] OK solve=138.4ms pose=(1.808,0.092,-0.279) u=(0.005,0.025) s=2.883 PSDFmin=+0.008289 G=OK(+0.007288) MF=OK(active=20/20,min=+0.2,slack=+1.722e-13)
[RMPCC 0321] OK solve=140.9ms pose=(1.808,0.092,-0.277) u=(0.004,0.024) s=2.883 PSDFmin=+0.008348 G=OK(+0.007347) MF=OK(active=20/20,min=+0.2,slack=+7.596e-13)
[RMPCC 0322] OK solve=131.3ms pose=(1.809,0.092,-0.274) u=(0.004,0.023) s=2.883 PSDFmin=+0.008405 G=OK(+0.007404) MF=OK(active=20/20,min=+0.2,slack=+9.947e-13)
목적지에 도착했습니다! 현재 위치: [1.80915 0.09201], 시간: 32.30초
Using rmpcc optimizer with differential_drive dynamics:
median:  0.14367127418518066
std:  0.09241201719691
min:  0.12093806266784668
max:  0.617335319519043
Simulation finished.
Run outcome: status=success, reason=None, final_time=32.30000000000019, distance_to_goal=0.009752627452582095
Optimizer runtime stats: safe_stop_count=0, backup_feasible_qp_success_count=0, plant_input_apply_count=323, last_solve_mode=sqp_rti
Trial history saved to /home/taek111/projects/psdf_mpcc/benchmark_runs/maze_rectangle_nominal/mf_scale_0p5/data/trial_history_MPC_rmpcc_rectangle_maze_mf_scale_0p5.csv
RMPCC constraint history saved to /home/taek111/projects/psdf_mpcc/benchmark_runs/maze_rectangle_nominal/mf_scale_0p5/data/rmpcc_constraints_MPC_rmpcc_rectangle_maze_mf_scale_0p5.csv
RMPCC debug history saved to /home/taek111/projects/psdf_mpcc/benchmark_runs/maze_rectangle_nominal/mf_scale_0p5/data/cycle_raw.csv
RMPCC debug history saved to /home/taek111/projects/psdf_mpcc/benchmark_runs/maze_rectangle_nominal/mf_scale_0p5/data/covariance_trajectory.csv
Pose-SDF data saved to /home/taek111/projects/psdf_mpcc/benchmark_runs/maze_rectangle_nominal/mf_scale_0p5/data/pose_sdf_MPC_rmpcc_rectangle_maze_mf_scale_0p5.csv
Total data points: 323
SDF statistics - Min: 0.0053, Max: 0.0620, Mean: 0.0141
