RMPCC configured from config: horizon=20, tf=2.0, use_obstacle_constraint=True, use_row_mf=True, d_col=0.001, d_min=0.001, d_mf_mask=0.001, mf_slack_linear=100.0, mf_slack_quadratic=1.0, chance_epsilon=0.2, mf_active_start_step=1, mf_active_end_step=10, mf_active_terminal=False, sigma_f0=0.0002, sigma_l0=0.00025, sigma_psi0=0.00025, q_f0=0.0, q_l0=0.0, q_psi0=0.0, alpha_f=0.002, alpha_v=0.0004, alpha_kappa=0.01, beta_v=0.02, beta_kappa=0.008, beta_omega=0.008, enable_backup_solver=False, debug_mf=True, debug_infeasibility=True, augmented_psdf_device=cpu
Resetting rmpcc optimizer for clean state...
Trial failure criteria enabled: movement_window_sec=5.0, movement_threshold=0.005, max_consecutive_solver_failures=10
generating global path with A* + Line of Sight
시작 위치: [0.3 0.2]
목적지: [0.8 0.8]
도착 판정 기준: position <= 0.01m, angle <= 0.01rad
Setting up RMPCC-MF optimizer...
RMPCC-MF Row M configuration: enabled=True, active only when phi > d_mf_mask=0.001, configured stages=[1, 2, 3, 4, 5, 6, 7, 8, 9, 10]
/home/taek111/projects/psdf_mpcc/models/geometry_utils.py:241: UserWarning: Creating a tensor from a list of numpy.ndarrays is extremely slow. Please consider converting the list to a single numpy.ndarray with numpy.array() before converting to a tensor. (Triggered internally at ../torch/csrc/utils/tensor_new.cpp:230.)
  edgesA = torch.tensor(edgesA, dtype=torch.float32)
Added two affine safety rows at intermediate/terminal stages: 0=HARD guard/recovery, 1=SOFT MF
field AcadosOcpDims.N has been migrated to AcadosOcpOptions.N_horizon. setting AcadosOcpOptions.N_horizon = N. For future comppatibility, please use AcadosOcpOptions.N_horizon directly.

WARNING: Gauss-Newton Hessian approximation with EXTERNAL cost type not well defined!
got cost_type EXTERNAL for cost_type_0, cost_type, cost_type_e, hessian_approx: 'GAUSS_NEWTON'.
With this setting, acados will proceed computing the exact Hessian for the cost term and no Hessian contribution from constraints and dynamics.
If the external cost is a linear least squares cost, this coincides with the Gauss-Newton Hessian.
Note: There is also the option to use the external cost module with a numerical Hessian approximation (see `ext_cost_num_hess`).
OR the option to provide a symbolic custom Hessian approximation (see `cost_expr_ext_cost_custom_hess`).

acados was compiled without OpenMP.
RMPCC-MF backup SQP_WITH_FEASIBLE_QP solver disabled; using nominal safe-stop recovery.
[RMPCC 0000] OK solve=67.4ms pose=(0.300,0.200,0.000) u=(0.091,-0.000) s=0.016 PSDFmin=-0.0149 G=OK(+0.104) MF=OK(active=10/20,min=+0.2,slack=+3.032e-13)
[RMPCC 0001] OK solve=57.6ms pose=(0.309,0.200,-0.000) u=(0.069,1.107) s=0.026 PSDFmin=+0.01377 G=OK(+2.589e-10) MF=OK(active=10/20,min=+0.2,slack=+1.081e-12)
[RMPCC 0002] OK solve=61.0ms pose=(0.316,0.200,0.111) u=(0.068,0.895) s=0.031 PSDFmin=+0.008865 G=OK(+0.004877) MF=OK(active=10/20,min=+0.1986,slack=+1.098e-15)
[RMPCC 0003] OK solve=63.5ms pose=(0.323,0.201,0.200) u=(0.080,0.899) s=0.040 PSDFmin=+0.003629 G=OK(+0.004721) MF=OK(active=10/20,min=+0.07514,slack=+1.78e-17)
[RMPCC 0004] OK solve=66.1ms pose=(0.331,0.202,0.290) u=(0.088,0.566) s=0.046 PSDFmin=+0.005598 G=OK(+0.002563) MF=OK(active=10/20,min=+5.71e-12,slack=+1.846e-14)
[RMPCC 0005] OK solve=66.0ms pose=(0.339,0.205,0.347) u=(0.097,0.459) s=0.055 PSDFmin=+0.006838 G=OK(+0.004811) MF=OK(active=10/20,min=+4.57e-13,slack=+5.067e-16)
[RMPCC 0006] OK solve=55.9ms pose=(0.348,0.208,0.393) u=(0.106,0.454) s=0.064 PSDFmin=+0.008962 G=OK(+0.006577) MF=OK(active=10/20,min=+3.968e-12,slack=+1.019e-14)
[RMPCC 0007] OK solve=61.8ms pose=(0.358,0.212,0.438) u=(0.110,0.442) s=0.075 PSDFmin=+0.007452 G=OK(+0.005451) MF=OK(active=10/20,min=+6.243e-15,slack=+2.646e-17)
[RMPCC 0008] OK solve=52.7ms pose=(0.368,0.217,0.482) u=(0.115,0.372) s=0.086 PSDFmin=+0.01232 G=OK(+0.01036) MF=OK(active=10/20,min=+7.575e-15,slack=+2.613e-17)
[RMPCC 0009] OK solve=55.5ms pose=(0.378,0.222,0.519) u=(0.110,0.271) s=0.097 PSDFmin=+0.009456 G=OK(+0.008294) MF=OK(active=10/20,min=+1.648e-14,slack=+4.655e-17)
[RMPCC 0010] OK solve=60.6ms pose=(0.388,0.228,0.547) u=(0.112,0.234) s=0.106 PSDFmin=+0.01044 G=OK(+0.0176) MF=OK(active=10/20,min=+2.454e-11,slack=+4.785e-14)
[RMPCC 0011] OK solve=54.6ms pose=(0.397,0.234,0.570) u=(0.101,0.479) s=0.119 PSDFmin=+0.0009939 G=OK(+1.443e-15) MF=OK(active=10/20,min=+5.931e-13,slack=+1.585e-15)
[RMPCC 0012] OK solve=64.5ms pose=(0.406,0.239,0.618) u=(0.115,0.522) s=0.125 PSDFmin=-0.004612 G=OK(+0.01274) MF=OK(active=10/20,min=+5.669e-13,slack=+2.53e-16)
[RMPCC 0013] OK solve=71.8ms pose=(0.415,0.246,0.670) u=(0.118,0.334) s=0.139 PSDFmin=+0.0006097 G=OK(+7.55e-15) MF=OK(active=10/20,min=+1.8e-13,slack=+5.637e-16)
[RMPCC 0014] OK solve=70.5ms pose=(0.424,0.253,0.704) u=(0.108,0.426) s=0.146 PSDFmin=-0.01115 G=OK(+0.0182) MF=OK(active=10/20,min=+2.912e-15,slack=+2.471e-16)
[RMPCC 0015] OK solve=58.0ms pose=(0.433,0.260,0.746) u=(0.112,0.572) s=0.158 PSDFmin=-0.002467 G=OK(+6.661e-15) MF=OK(active=10/20,min=+1.28e-13,slack=+3.089e-16)
[RMPCC 0016] OK solve=58.8ms pose=(0.441,0.268,0.803) u=(0.112,0.512) s=0.164 PSDFmin=-0.01354 G=OK(+0.01648) MF=OK(active=8/20,min=+2.852e-13,slack=+1.229e-16)
[RMPCC 0017] OK solve=54.5ms pose=(0.449,0.276,0.855) u=(0.103,1.020) s=0.175 PSDFmin=-0.01003 G=OK(+1.604e-09) MF=OK(active=10/20,min=+8.636e-09,slack=+8.871e-12)
[RMPCC 0018] OK solve=50.5ms pose=(0.455,0.283,0.957) u=(0.120,0.599) s=0.186 PSDFmin=-0.01223 G=OK(+0.01349) MF=OK(active=6/20,min=+3.466e-14,slack=+2.151e-17)
[RMPCC 0019] OK solve=51.7ms pose=(0.462,0.293,1.016) u=(0.218,0.025) s=0.197 PSDFmin=+0.001272 G=OK(+0.003) MF=OK(active=10/20,min=+6.108e-17,slack=+0.4089)
[RMPCC 0020] OK solve=122.7ms pose=(0.474,0.312,1.019) u=(0.109,0.307) s=0.219 PSDFmin=-0.004357 G=OK(+0.01109) MF=OK(active=10/20,min=+1.726e-13,slack=+2.776e-16)
[RMPCC 0021] OK solve=131.5ms pose=(0.479,0.321,1.050) u=(0.064,1.200) s=0.229 PSDFmin=-0.006954 G=OK(+0.006664) MF=OK(active=8/20,min=+7.738e-12,slack=+4.663e-15)
[RMPCC 0022] OK solve=53.9ms pose=(0.483,0.327,1.170) u=(0.177,0.529) s=0.230 PSDFmin=+0.007722 G=OK(+0.01545) MF=OK(active=8/20,min=+2.839e-12,slack=+7.804e-15)
[RMPCC 0023] OK solve=126.7ms pose=(0.490,0.343,1.223) u=(0.088,0.556) s=0.255 PSDFmin=+0.0138 G=OK(+0.01774) MF=OK(active=10/20,min=+2.848e-12,slack=+1.938e-14)
[RMPCC 0024] OK solve=217.6ms pose=(0.493,0.351,1.278) u=(0.128,0.693) s=0.256 PSDFmin=+0.0186 G=OK(+0.01745) MF=OK(active=8/20,min=+5.892e-11,slack=+8.756e-14)
[RMPCC 0025] OK solve=133.7ms pose=(0.496,0.363,1.347) u=(0.064,0.771) s=0.269 PSDFmin=+0.01637 G=OK(+0.02092) MF=OK(active=9/20,min=+3.051e-11,slack=+2.895e-14)
[RMPCC 0026] OK solve=53.6ms pose=(0.498,0.370,1.425) u=(0.144,0.363) s=0.284 PSDFmin=+0.02106 G=OK(+0.0216) MF=OK(active=10/20,min=+3.298e-12,slack=+5.055e-15)
[RMPCC 0027] OK solve=60.1ms pose=(0.500,0.384,1.461) u=(0.115,0.579) s=0.300 PSDFmin=+0.01168 G=OK(+0.02435) MF=OK(active=10/20,min=+5.345e-15,slack=+1.544e-17)
[RMPCC 0028] OK solve=53.9ms pose=(0.501,0.395,1.519) u=(0.142,0.200) s=0.302 PSDFmin=+0.01017 G=OK(+0.01335) MF=OK(active=10/20,min=+9.221e-10,slack=+4.56e-13)
[RMPCC 0029] OK solve=55.4ms pose=(0.502,0.410,1.539) u=(0.142,0.301) s=0.317 PSDFmin=+0.01587 G=OK(+0.01341) MF=OK(active=10/20,min=+5.047e-13,slack=+2.605e-16)
[RMPCC 0030] OK solve=55.5ms pose=(0.502,0.424,1.569) u=(0.167,-0.078) s=0.334 PSDFmin=-0.0005051 G=OK(+1.208e-08) MF=OK(active=10/20,min=+0.09523,slack=+3.574e-11)
[RMPCC 0031] OK solve=52.7ms pose=(0.502,0.441,1.561) u=(0.167,0.196) s=0.353 PSDFmin=+0.004839 G=OK(+0.002415) MF=OK(active=10/20,min=+8.116e-13,slack=+1.234e-14)
[RMPCC 0032] OK solve=57.0ms pose=(0.502,0.457,1.581) u=(0.144,-0.088) s=0.361 PSDFmin=+0.0009146 G=OK(+4.061e-11) MF=OK(active=10/20,min=+7.349e-11,slack=+1.058e-13)
[RMPCC 0033] OK solve=68.1ms pose=(0.502,0.472,1.572) u=(0.157,0.286) s=0.376 PSDFmin=+0.002041 G=OK(+1.018e-10) MF=OK(active=10/20,min=+2.811e-10,slack=+2.535e-13)
[RMPCC 0034] OK solve=66.0ms pose=(0.502,0.487,1.600) u=(0.162,0.017) s=0.391 PSDFmin=+0.001074 G=OK(+1.127e-11) MF=OK(active=10/20,min=+5.158e-11,slack=+5.911e-14)
[RMPCC 0035] OK solve=59.7ms pose=(0.502,0.504,1.602) u=(0.141,0.176) s=0.407 PSDFmin=+0.001107 G=OK(+1.598e-13) MF=OK(active=10/20,min=+3.796e-12,slack=+5.445e-15)
[RMPCC 0036] OK solve=51.1ms pose=(0.501,0.518,1.620) u=(0.128,-0.085) s=0.419 PSDFmin=+0.0009859 G=OK(+8.021e-14) MF=OK(active=10/20,min=+1.451e-13,slack=+3.441e-16)
[RMPCC 0037] OK solve=64.1ms pose=(0.501,0.530,1.611) u=(0.106,0.173) s=0.429 PSDFmin=+0.007115 G=OK(+0.005921) MF=OK(active=10/20,min=+4.802e-14,slack=+6.228e-17)
[RMPCC 0038] OK solve=56.6ms pose=(0.500,0.541,1.629) u=(0.135,-0.125) s=0.442 PSDFmin=+0.004863 G=OK(+0.003793) MF=OK(active=10/20,min=+1.07e-14,slack=+4.179e-17)
[RMPCC 0039] OK solve=56.4ms pose=(0.500,0.555,1.616) u=(0.108,-0.090) s=0.455 PSDFmin=+0.01092 G=OK(+0.009305) MF=OK(active=10/20,min=+6.683e-14,slack=+6.609e-16)
[RMPCC 0040] OK solve=57.6ms pose=(0.499,0.565,1.607) u=(0.128,-0.782) s=0.469 PSDFmin=+0.001039 G=OK(+2.62e-12) MF=OK(active=10/20,min=+4.488e-12,slack=+4.934e-14)
[RMPCC 0041] OK solve=54.9ms pose=(0.499,0.578,1.529) u=(0.112,-0.357) s=0.470 PSDFmin=+0.003165 G=OK(+0.00228) MF=OK(active=10/20,min=+2.318e-14,slack=+8.729e-17)
[RMPCC 0042] OK solve=56.8ms pose=(0.499,0.589,1.493) u=(0.108,-0.106) s=0.484 PSDFmin=+0.01287 G=OK(+0.01276) MF=OK(active=10/20,min=+8.709e-11,slack=+3.882e-13)
[RMPCC 0043] OK solve=50.9ms pose=(0.500,0.600,1.483) u=(0.121,0.260) s=0.499 PSDFmin=+0.007704 G=OK(+0.007322) MF=OK(active=10/20,min=+1.445e-12,slack=+8.73e-15)
[RMPCC 0044] OK solve=57.2ms pose=(0.501,0.612,1.509) u=(0.106,0.078) s=0.513 PSDFmin=+0.009697 G=OK(+0.008106) MF=OK(active=10/20,min=+1.464e-12,slack=+2.486e-15)
[RMPCC 0045] OK solve=58.0ms pose=(0.502,0.623,1.516) u=(0.115,0.087) s=0.513 PSDFmin=+0.01267 G=OK(+0.01141) MF=OK(active=10/20,min=+1.468e-13,slack=+2.96e-16)
[RMPCC 0046] OK solve=50.6ms pose=(0.502,0.634,1.525) u=(0.127,-0.406) s=0.527 PSDFmin=+0.004992 G=OK(+0.004265) MF=OK(active=10/20,min=+1.781e-14,slack=+4.635e-17)
[RMPCC 0047] OK solve=54.2ms pose=(0.503,0.647,1.485) u=(0.116,-0.247) s=0.541 PSDFmin=+0.01464 G=OK(+0.01052) MF=OK(active=10/20,min=+5.339e-14,slack=+1.049e-16)
[RMPCC 0048] OK solve=49.5ms pose=(0.504,0.659,1.460) u=(0.137,-0.231) s=0.555 PSDFmin=+0.01653 G=OK(+0.01574) MF=OK(active=10/20,min=+1.353e-12,slack=+2.148e-15)
[RMPCC 0049] OK solve=64.3ms pose=(0.505,0.672,1.437) u=(0.073,-0.535) s=0.569 PSDFmin=+0.01314 G=OK(+0.01257) MF=OK(active=10/20,min=+7.267e-12,slack=+2.171e-14)
[RMPCC 0050] OK solve=56.5ms pose=(0.506,0.679,1.383) u=(0.165,-0.370) s=0.583 PSDFmin=+0.01558 G=OK(+0.01437) MF=OK(active=10/20,min=+1.602e-14,slack=+3.464e-17)
[RMPCC 0051] OK solve=52.1ms pose=(0.509,0.696,1.346) u=(0.082,-0.951) s=0.597 PSDFmin=+0.01308 G=OK(+0.01198) MF=OK(active=10/20,min=-7.244e-13,slack=+1.567e-13)
[RMPCC 0052] OK solve=52.6ms pose=(0.511,0.704,1.251) u=(0.127,-0.665) s=0.597 PSDFmin=+0.01539 G=OK(+0.01387) MF=OK(active=10/20,min=-4.385e-15,slack=+9.529e-16)
[RMPCC 0053] OK solve=52.2ms pose=(0.515,0.716,1.185) u=(0.119,-0.857) s=0.624 PSDFmin=+0.01584 G=OK(+0.01405) MF=OK(active=10/20,min=+1.514e-14,slack=+4.112e-17)
[RMPCC 0054] OK solve=101.6ms pose=(0.520,0.727,1.099) u=(0.137,-0.920) s=0.635 PSDFmin=+0.0166 G=OK(+0.0146) MF=OK(active=10/20,min=+1.335e-14,slack=+2.822e-17)
[RMPCC 0055] OK solve=57.9ms pose=(0.526,0.739,1.007) u=(0.124,-0.853) s=0.648 PSDFmin=+0.01809 G=OK(+0.01627) MF=OK(active=10/20,min=-1.553e-15,slack=+6.576e-15)
[RMPCC 0056] OK solve=54.1ms pose=(0.533,0.749,0.922) u=(0.117,-0.945) s=0.666 PSDFmin=+0.02016 G=OK(+0.01835) MF=OK(active=10/20,min=+1.3e-10,slack=+2.035e-12)
[RMPCC 0057] OK solve=60.7ms pose=(0.540,0.759,0.827) u=(0.109,-0.990) s=0.680 PSDFmin=+0.02282 G=OK(+0.02107) MF=OK(active=10/20,min=+2.159e-13,slack=+9.242e-16)
[RMPCC 0058] OK solve=61.4ms pose=(0.547,0.767,0.728) u=(0.114,-0.879) s=0.699 PSDFmin=+0.02565 G=OK(+0.02393) MF=OK(active=10/20,min=+0.04819,slack=+2.566e-11)
[RMPCC 0059] OK solve=53.3ms pose=(0.555,0.774,0.640) u=(0.112,-0.765) s=0.714 PSDFmin=+0.02857 G=OK(+0.02692) MF=OK(active=10/20,min=+0.1104,slack=+1.668e-14)
[RMPCC 0060] OK solve=56.4ms pose=(0.564,0.781,0.564) u=(0.112,-0.661) s=0.729 PSDFmin=+0.03147 G=OK(+0.0299) MF=OK(active=10/20,min=+0.154,slack=+4.722e-12)
[RMPCC 0061] OK solve=63.5ms pose=(0.574,0.787,0.498) u=(0.111,-0.573) s=0.745 PSDFmin=+0.03435 G=OK(+0.03285) MF=OK(active=10/20,min=+0.1847,slack=+1.368e-16)
[RMPCC 0062] OK solve=57.3ms pose=(0.584,0.792,0.440) u=(0.101,-0.494) s=0.752 PSDFmin=+0.03716 G=OK(+0.03575) MF=OK(active=10/20,min=+0.2,slack=+1.35e-16)
[RMPCC 0063] OK solve=55.5ms pose=(0.593,0.796,0.391) u=(0.102,-0.427) s=0.767 PSDFmin=+0.03982 G=OK(+0.03846) MF=OK(active=10/20,min=+0.2,slack=+6.865e-14)
[RMPCC 0064] OK solve=55.3ms pose=(0.602,0.800,0.348) u=(0.102,-0.375) s=0.783 PSDFmin=+0.04241 G=OK(+0.04108) MF=OK(active=10/20,min=+0.2,slack=+2.183e-17)
[RMPCC 0065] OK solve=57.8ms pose=(0.612,0.804,0.311) u=(0.095,-0.328) s=0.790 PSDFmin=+0.0449 G=OK(+0.04364) MF=OK(active=10/20,min=+0.2,slack=+2.213e-17)
[RMPCC 0066] OK solve=66.0ms pose=(0.621,0.807,0.278) u=(0.088,-0.285) s=0.798 PSDFmin=+0.04746 G=OK(+0.04602) MF=OK(active=10/20,min=+0.2,slack=+6.534e-13)
[RMPCC 0067] OK solve=58.7ms pose=(0.629,0.809,0.249) u=(0.092,-0.252) s=0.813 PSDFmin=+0.05075 G=OK(+0.04913) MF=OK(active=10/20,min=+0.2,slack=+1.349e-12)
[RMPCC 0068] OK solve=54.1ms pose=(0.638,0.811,0.224) u=(0.086,-0.224) s=0.821 PSDFmin=+0.05411 G=OK(+0.05309) MF=OK(active=10/20,min=+0.2,slack=+5.968e-13)
[RMPCC 0069] OK solve=58.2ms pose=(0.647,0.813,0.202) u=(0.081,-0.197) s=0.828 PSDFmin=+0.05704 G=OK(+0.05603) MF=OK(active=10/20,min=+0.2,slack=+1.794e-11)
[RMPCC 0070] OK solve=59.8ms pose=(0.655,0.815,0.182) u=(0.077,-0.175) s=0.836 PSDFmin=+0.05961 G=OK(+0.0586) MF=OK(active=10/20,min=+0.2,slack=+4.577e-17)
[RMPCC 0071] OK solve=59.9ms pose=(0.662,0.816,0.165) u=(0.074,-0.156) s=0.843 PSDFmin=+0.06188 G=OK(+0.06087) MF=OK(active=10/20,min=+0.2,slack=+2.625e-17)
[RMPCC 0072] OK solve=66.1ms pose=(0.670,0.818,0.149) u=(0.072,-0.139) s=0.851 PSDFmin=+0.06389 G=OK(+0.06289) MF=OK(active=10/20,min=+0.2,slack=+4.735e-17)
[RMPCC 0073] OK solve=68.5ms pose=(0.677,0.819,0.135) u=(0.069,-0.125) s=0.859 PSDFmin=+0.06569 G=OK(+0.06469) MF=OK(active=10/20,min=+0.2,slack=+6.751e-17)
[RMPCC 0074] OK solve=64.7ms pose=(0.683,0.820,0.123) u=(0.068,-0.113) s=0.866 PSDFmin=+0.06731 G=OK(+0.06631) MF=OK(active=10/20,min=+0.2,slack=+7.958e-17)
[RMPCC 0075] OK solve=67.3ms pose=(0.690,0.820,0.111) u=(0.067,-0.102) s=0.874 PSDFmin=+0.06877 G=OK(+0.06776) MF=OK(active=10/20,min=+0.2,slack=+8.599e-16)
[RMPCC 0076] OK solve=51.8ms pose=(0.697,0.821,0.101) u=(0.056,-0.091) s=0.874 PSDFmin=+0.06999 G=OK(+0.06899) MF=OK(active=10/20,min=+0.2,slack=+9.412e-15)
[RMPCC 0077] OK solve=60.1ms pose=(0.702,0.822,0.092) u=(0.056,-0.082) s=0.881 PSDFmin=+0.07104 G=OK(+0.07004) MF=OK(active=10/20,min=+0.2,slack=+9.235e-15)
[RMPCC 0078] OK solve=55.0ms pose=(0.708,0.822,0.084) u=(0.057,-0.075) s=0.889 PSDFmin=+0.07101 G=OK(+0.07001) MF=OK(active=10/20,min=+0.2,slack=+1.879e-14)
[RMPCC 0079] OK solve=50.6ms pose=(0.714,0.823,0.076) u=(0.048,-0.068) s=0.889 PSDFmin=+0.07097 G=OK(+0.06997) MF=OK(active=10/20,min=+0.2,slack=+1.376e-14)
[RMPCC 0080] OK solve=62.5ms pose=(0.719,0.823,0.069) u=(0.050,-0.062) s=0.897 PSDFmin=+0.07095 G=OK(+0.06995) MF=OK(active=10/20,min=+0.2,slack=+4.48e-15)
[RMPCC 0081] OK solve=56.7ms pose=(0.723,0.823,0.063) u=(0.052,-0.057) s=0.904 PSDFmin=+0.07093 G=OK(+0.06993) MF=OK(active=10/20,min=+0.2,slack=+2.218e-15)
[RMPCC 0082] OK solve=56.3ms pose=(0.729,0.824,0.058) u=(0.044,-0.052) s=0.904 PSDFmin=+0.07089 G=OK(+0.06989) MF=OK(active=10/20,min=+0.2,slack=+1.995e-15)
[RMPCC 0083] OK solve=58.0ms pose=(0.733,0.824,0.052) u=(0.046,-0.048) s=0.912 PSDFmin=+0.07088 G=OK(+0.06988) MF=OK(active=10/20,min=+0.2,slack=+6.053e-16)
[RMPCC 0084] OK solve=57.0ms pose=(0.738,0.824,0.048) u=(0.039,-0.043) s=0.912 PSDFmin=+0.07085 G=OK(+0.06985) MF=OK(active=10/20,min=+0.2,slack=+1.825e-15)
[RMPCC 0085] OK solve=59.0ms pose=(0.742,0.824,0.043) u=(0.042,-0.040) s=0.919 PSDFmin=+0.07078 G=OK(+0.06983) MF=OK(active=10/20,min=+0.2,slack=+2.422e-16)
[RMPCC 0086] OK solve=56.7ms pose=(0.746,0.825,0.039) u=(0.036,-0.037) s=0.919 PSDFmin=+0.07073 G=OK(+0.06973) MF=OK(active=10/20,min=+0.2,slack=+4.456e-17)
[RMPCC 0087] OK solve=59.1ms pose=(0.749,0.825,0.036) u=(0.040,-0.034) s=0.927 PSDFmin=+0.07066 G=OK(+0.06966) MF=OK(active=10/20,min=+0.2,slack=+3.132e-17)
[RMPCC 0088] OK solve=58.9ms pose=(0.753,0.825,0.032) u=(0.034,-0.031) s=0.927 PSDFmin=+0.07061 G=OK(+0.06961) MF=OK(active=10/20,min=+0.2,slack=+2.821e-17)
[RMPCC 0089] OK solve=60.2ms pose=(0.757,0.825,0.029) u=(0.028,-0.028) s=0.927 PSDFmin=+0.07057 G=OK(+0.06957) MF=OK(active=10/20,min=+0.2,slack=+1.134e-15)
[RMPCC 0090] OK solve=56.4ms pose=(0.760,0.825,0.026) u=(0.033,-0.026) s=0.935 PSDFmin=+0.07051 G=OK(+0.06951) MF=OK(active=10/20,min=+0.2,slack=+2.843e-12)
[RMPCC 0091] OK solve=53.1ms pose=(0.763,0.825,0.024) u=(0.029,-0.024) s=0.935 PSDFmin=+0.07047 G=OK(+0.06947) MF=OK(active=10/20,min=+0.2,slack=+1.582e-15)
[RMPCC 0092] OK solve=57.8ms pose=(0.766,0.825,0.021) u=(0.024,-0.022) s=0.935 PSDFmin=+0.07043 G=OK(+0.06943) MF=OK(active=10/20,min=+0.2,slack=+1.561e-14)
[RMPCC 0093] OK solve=57.7ms pose=(0.768,0.825,0.019) u=(0.030,-0.021) s=0.942 PSDFmin=+0.07037 G=OK(+0.06937) MF=OK(active=10/20,min=+0.2,slack=+2.536e-17)
[RMPCC 0094] OK solve=59.0ms pose=(0.771,0.825,0.017) u=(0.026,-0.019) s=0.942 PSDFmin=+0.07033 G=OK(+0.06933) MF=OK(active=10/20,min=+0.2,slack=+6.861e-15)
[RMPCC 0095] OK solve=56.6ms pose=(0.774,0.825,0.015) u=(0.021,-0.018) s=0.942 PSDFmin=+0.0703 G=OK(+0.0693) MF=OK(active=10/20,min=+0.2,slack=+4.123e-14)
[RMPCC 0096] OK solve=57.2ms pose=(0.776,0.825,0.013) u=(0.028,-0.017) s=0.950 PSDFmin=+0.07024 G=OK(+0.06924) MF=OK(active=10/20,min=+0.2,slack=+5.831e-16)
[RMPCC 0097] OK solve=56.4ms pose=(0.779,0.825,0.012) u=(0.024,-0.016) s=0.950 PSDFmin=+0.07021 G=OK(+0.06921) MF=OK(active=10/20,min=+0.2,slack=+4.428e-15)
[RMPCC 0098] OK solve=67.8ms pose=(0.781,0.825,0.010) u=(0.020,-0.014) s=0.950 PSDFmin=+0.07018 G=OK(+0.06918) MF=OK(active=10/20,min=+0.2,slack=+1.913e-14)
[RMPCC 0099] OK solve=57.1ms pose=(0.783,0.826,0.009) u=(0.017,-0.013) s=0.950 PSDFmin=+0.07015 G=OK(+0.06915) MF=OK(active=10/20,min=+0.2,slack=+5.997e-14)
[RMPCC 0100] OK solve=53.1ms pose=(0.785,0.826,0.007) u=(0.014,-0.012) s=0.950 PSDFmin=+0.07012 G=OK(+0.06912) MF=OK(active=10/20,min=+0.2,slack=+1.105e-13)
[RMPCC 0101] OK solve=61.0ms pose=(0.786,0.826,0.006) u=(0.021,-0.012) s=0.957 PSDFmin=+0.07007 G=OK(+0.06907) MF=OK(active=10/20,min=+0.2,slack=+7.239e-16)
[RMPCC 0102] OK solve=58.3ms pose=(0.788,0.826,0.005) u=(0.018,-0.011) s=0.957 PSDFmin=+0.07004 G=OK(+0.06904) MF=OK(active=10/20,min=+0.2,slack=+5.583e-15)
[RMPCC 0103] OK solve=59.1ms pose=(0.790,0.826,0.004) u=(0.016,-0.010) s=0.957 PSDFmin=+0.07002 G=OK(+0.06902) MF=OK(active=10/20,min=+0.2,slack=+7.392e-14)
[RMPCC 0104] OK solve=51.8ms pose=(0.792,0.826,0.003) u=(0.013,-0.010) s=0.957 PSDFmin=+0.06999 G=OK(+0.06899) MF=OK(active=10/20,min=+0.2,slack=+2.683e-12)
[RMPCC 0105] OK solve=61.8ms pose=(0.793,0.826,0.002) u=(0.011,-0.009) s=0.957 PSDFmin=+0.06997 G=OK(+0.06897) MF=OK(active=10/20,min=+0.2,slack=+4.281e-16)
[RMPCC 0106] OK solve=53.9ms pose=(0.794,0.826,0.001) u=(0.019,-0.008) s=0.965 PSDFmin=+0.06992 G=OK(+0.06892) MF=OK(active=10/20,min=+0.2,slack=+1.017e-14)
[RMPCC 0107] OK solve=52.3ms pose=(0.796,0.826,0.000) u=(0.016,-0.008) s=0.965 PSDFmin=+0.0699 G=OK(+0.0689) MF=OK(active=10/20,min=+0.2,slack=+1.361e-15)
[RMPCC 0108] OK solve=50.4ms pose=(0.798,0.826,-0.001) u=(0.014,-0.007) s=0.965 PSDFmin=+0.06988 G=OK(+0.06888) MF=OK(active=10/20,min=+0.2,slack=+9.482e-15)
[RMPCC 0109] OK solve=54.6ms pose=(0.799,0.826,-0.001) u=(0.011,-0.007) s=0.965 PSDFmin=+0.06986 G=OK(+0.06886) MF=OK(active=10/20,min=+0.2,slack=+8.438e-16)
[RMPCC 0110] OK solve=60.0ms pose=(0.800,0.826,-0.002) u=(0.010,-0.006) s=0.965 PSDFmin=+0.06984 G=OK(+0.06884) MF=OK(active=10/20,min=+0.2,slack=+1.236e-15)
[RMPCC 0111] OK solve=53.5ms pose=(0.801,0.826,-0.003) u=(0.008,-0.006) s=0.965 PSDFmin=+0.06982 G=OK(+0.06882) MF=OK(active=10/20,min=+0.2,slack=+1.195e-14)
[RMPCC 0112] OK solve=58.7ms pose=(0.802,0.826,-0.003) u=(0.007,-0.006) s=0.965 PSDFmin=+0.0698 G=OK(+0.0688) MF=OK(active=10/20,min=+0.2,slack=+4.278e-14)
[RMPCC 0113] OK solve=62.7ms pose=(0.802,0.826,-0.004) u=(0.006,-0.005) s=0.966 PSDFmin=+0.06978 G=OK(+0.06878) MF=OK(active=10/20,min=+0.2,slack=+2.308e-15)
[RMPCC 0114] OK solve=56.5ms pose=(0.803,0.826,-0.004) u=(0.006,-0.005) s=0.966 PSDFmin=+0.06976 G=OK(+0.06876) MF=OK(active=10/20,min=+0.2,slack=+3.617e-15)
[RMPCC 0115] OK solve=55.5ms pose=(0.804,0.826,-0.005) u=(0.006,-0.005) s=0.967 PSDFmin=+0.06974 G=OK(+0.06874) MF=OK(active=10/20,min=+0.2,slack=+1.973e-14)
[RMPCC 0116] OK solve=56.4ms pose=(0.804,0.826,-0.005) u=(0.013,-0.005) s=0.973 PSDFmin=+0.06971 G=OK(+0.06871) MF=OK(active=10/20,min=+0.2,slack=+2.921e-13)
[RMPCC 0117] OK solve=57.7ms pose=(0.806,0.826,-0.006) u=(0.011,-0.005) s=0.973 PSDFmin=+0.0697 G=OK(+0.0687) MF=OK(active=10/20,min=+0.2,slack=+1.164e-14)
[RMPCC 0118] OK solve=54.4ms pose=(0.807,0.826,-0.006) u=(0.009,-0.004) s=0.973 PSDFmin=+0.06968 G=OK(+0.06868) MF=OK(active=10/20,min=+0.2,slack=+2.206e-14)
[RMPCC 0119] OK solve=52.9ms pose=(0.808,0.826,-0.007) u=(0.008,-0.004) s=0.973 PSDFmin=+0.06966 G=OK(+0.06866) MF=OK(active=10/20,min=+0.2,slack=+2.156e-14)
[RMPCC 0120] OK solve=60.0ms pose=(0.808,0.826,-0.007) u=(0.006,-0.004) s=0.973 PSDFmin=+0.06965 G=OK(+0.06865) MF=OK(active=10/20,min=+0.2,slack=+9.401e-15)
[RMPCC 0121] OK solve=59.2ms pose=(0.809,0.826,-0.008) u=(0.005,-0.004) s=0.973 PSDFmin=+0.06964 G=OK(+0.06864) MF=OK(active=10/20,min=+0.2,slack=+1.763e-14)
[RMPCC 0122] OK solve=63.0ms pose=(0.810,0.826,-0.008) u=(0.004,-0.003) s=0.973 PSDFmin=+0.06962 G=OK(+0.06862) MF=OK(active=10/20,min=+0.2,slack=+1.611e-14)
[RMPCC 0123] OK solve=62.8ms pose=(0.810,0.826,-0.008) u=(0.004,-0.003) s=0.973 PSDFmin=+0.06961 G=OK(+0.06861) MF=OK(active=10/20,min=+0.2,slack=+1.951e-14)
[RMPCC 0124] OK solve=65.9ms pose=(0.810,0.826,-0.009) u=(0.004,-0.003) s=0.974 PSDFmin=+0.0696 G=OK(+0.0686) MF=OK(active=10/20,min=+0.2,slack=+2.334e-14)
[RMPCC 0125] OK solve=66.6ms pose=(0.811,0.826,-0.009) u=(0.004,-0.003) s=0.974 PSDFmin=+0.06958 G=OK(+0.06858) MF=OK(active=10/20,min=+0.2,slack=+3.386e-14)
[RMPCC 0126] OK solve=68.9ms pose=(0.811,0.826,-0.009) u=(0.004,-0.003) s=0.974 PSDFmin=+0.06957 G=OK(+0.06857) MF=OK(active=10/20,min=+0.2,slack=+7.226e-14)
[RMPCC 0127] OK solve=62.1ms pose=(0.812,0.826,-0.010) u=(0.004,-0.003) s=0.975 PSDFmin=+0.06956 G=OK(+0.06856) MF=OK(active=10/20,min=+0.2,slack=+1.585e-13)
[RMPCC 0128] OK solve=54.3ms pose=(0.812,0.825,-0.010) u=(0.004,-0.003) s=0.975 PSDFmin=+0.06954 G=OK(+0.06854) MF=OK(active=10/20,min=+0.2,slack=+9.983e-14)
[RMPCC 0129] OK solve=50.4ms pose=(0.812,0.825,-0.010) u=(0.004,-0.003) s=0.976 PSDFmin=+0.06953 G=OK(+0.06853) MF=OK(active=10/20,min=+0.2,slack=+1.047e-13)
[RMPCC 0130] OK solve=65.4ms pose=(0.813,0.825,-0.011) u=(0.003,-0.003) s=0.976 PSDFmin=+0.06952 G=OK(+0.06852) MF=OK(active=10/20,min=+0.2,slack=+4.247e-14)
[RMPCC 0131] OK solve=65.1ms pose=(0.813,0.825,-0.011) u=(0.003,-0.003) s=0.976 PSDFmin=+0.06951 G=OK(+0.06851) MF=OK(active=10/20,min=+0.2,slack=+3.131e-14)
[RMPCC 0132] OK solve=55.8ms pose=(0.813,0.825,-0.011) u=(0.003,-0.002) s=0.977 PSDFmin=+0.0695 G=OK(+0.0685) MF=OK(active=10/20,min=+0.2,slack=+1.966e-15)
[RMPCC 0133] OK solve=56.8ms pose=(0.814,0.825,-0.011) u=(0.003,-0.002) s=0.977 PSDFmin=+0.06949 G=OK(+0.06849) MF=OK(active=10/20,min=+0.2,slack=+5.123e-16)
[RMPCC 0134] OK solve=56.3ms pose=(0.814,0.825,-0.012) u=(0.003,-0.002) s=0.977 PSDFmin=+0.06948 G=OK(+0.06848) MF=OK(active=10/20,min=+0.2,slack=+1.682e-13)
[RMPCC 0135] OK solve=58.5ms pose=(0.814,0.825,-0.012) u=(0.003,-0.002) s=0.977 PSDFmin=+0.06947 G=OK(+0.06847) MF=OK(active=10/20,min=+0.2,slack=+4.523e-13)
[RMPCC 0136] OK solve=55.3ms pose=(0.815,0.825,-0.012) u=(0.006,-0.002) s=0.980 PSDFmin=+0.06946 G=OK(+0.06846) MF=OK(active=10/20,min=+0.2,slack=+6.467e-14)
목적지에 도착했습니다! 현재 위치: [0.81529 0.82546], 시간: 13.70초
Using rmpcc optimizer with differential_drive dynamics:
median:  0.05768895149230957
std:  0.01890806665079462
min:  0.04948067665100098
max:  0.2176074981689453
Simulation finished.
Run outcome: status=success, reason=None, final_time=13.699999999999967, distance_to_goal=0.009717003388971551
Optimizer runtime stats: safe_stop_count=0, backup_feasible_qp_success_count=0, plant_input_apply_count=137, last_solve_mode=sqp_rti
Trial history saved to /home/taek111/projects/psdf_mpcc/debug_runs/rmpcc_tuning/p4-h10_s_path_r1/data/trial_history_MPC_rmpcc_rectangle_s_path_p4-h10_s_path_r1.csv
RMPCC constraint history saved to /home/taek111/projects/psdf_mpcc/debug_runs/rmpcc_tuning/p4-h10_s_path_r1/data/rmpcc_constraints_MPC_rmpcc_rectangle_s_path_p4-h10_s_path_r1.csv
RMPCC debug history saved to /home/taek111/projects/psdf_mpcc/debug_runs/rmpcc_tuning/p4-h10_s_path_r1/data/cycle_raw.csv
RMPCC debug history saved to /home/taek111/projects/psdf_mpcc/debug_runs/rmpcc_tuning/p4-h10_s_path_r1/data/covariance_trajectory.csv
Pose-SDF data saved to /home/taek111/projects/psdf_mpcc/debug_runs/rmpcc_tuning/p4-h10_s_path_r1/data/pose_sdf_MPC_rmpcc_rectangle_s_path_p4-h10_s_path_r1.csv
Total data points: 137
SDF statistics - Min: 0.0163, Max: 0.1050, Mean: 0.0552
