COMMAND: python3 test_nmpc.py --single --config /home/taek111/projects/psdf_mpcc/benchmark_runs/maze_rectangle_dd_gaussian_20260916/safe/obca/seed46/config.yaml --maze-type maze --robot-shape rectangle --dynamics-type differential_drive --optimizer-type obca --path-planner astar --simulation-time 60 --no-animation --no-plots
Running single test...
Start perturbation: seed=46, pose=[0.08960366647944791, 0.7716138896600709, -1.642269671771719], delta=[0.014603666479447908, -0.02338611033992899, -0.07147334497682234], clearance=0.010155 m, attempts=2
Start pose saved to /home/taek111/projects/psdf_mpcc/benchmark_runs/maze_rectangle_dd_gaussian_20260916/safe/obca/seed46/data/start_pose_MPC_OBCA_rectangle_maze_gaussian_20260916_startseed46.json
generating global path with A* + Line of Sight
시작 위치: [0.0896  0.77161]
목적지: [1.8  0.09]
도착 판정 기준: position <= 0.01m, angle <= 0.01rad

******************************************************************************
This program contains Ipopt, a library for large-scale nonlinear optimization.
 Ipopt is released as open source code under the Eclipse Public License (EPL).
         For more information visit https://github.com/coin-or/Ipopt
******************************************************************************

solver time:  1.996095
plant_input_stage0: full=[0.08327 1.     ], physical=[0.08327 1.     ]
solver time:  2.276006
plant_input_stage0: full=[0.0818  0.34608], physical=[0.0818  0.34608]
solver time:  2.165213
plant_input_stage0: full=[0.08096 0.23695], physical=[0.08096 0.23695]
solver time:  2.205775
plant_input_stage0: full=[0.07996 0.15174], physical=[0.07996 0.15174]
solver time:  2.47027
plant_input_stage0: full=[0.07888 0.08681], physical=[0.07888 0.08681]
solver time:  2.525427
plant_input_stage0: full=[0.07769 0.03871], physical=[0.07769 0.03871]
solver time:  2.386146
plant_input_stage0: full=[0.07644 0.00416], physical=[0.07644 0.00416]
solver time:  2.214959
plant_input_stage0: full=[ 0.0751  -0.02018], physical=[ 0.0751  -0.02018]
solver time:  2.237325
plant_input_stage0: full=[ 0.07371 -0.0365 ], physical=[ 0.07371 -0.0365 ]
solver time:  2.66312
plant_input_stage0: full=[ 0.07223 -0.04691], physical=[ 0.07223 -0.04691]
solver time:  2.2228
plant_input_stage0: full=[ 0.07052 -0.05286], physical=[ 0.07052 -0.05286]
solver time:  2.718105
plant_input_stage0: full=[ 0.0687  -0.05471], physical=[ 0.0687  -0.05471]
solver time:  3.384616
plant_input_stage0: full=[ 0.06681 -0.05514], physical=[ 0.06681 -0.05514]
solver time:  6.110452
plant_input_stage0: full=[ 0.06481 -0.00803], physical=[ 0.06481 -0.00803]
solver time:  3.133376
plant_input_stage0: full=[0.06268 0.02269], physical=[0.06268 0.02269]
solver time:  3.356472
plant_input_stage0: full=[0.06059 0.01934], physical=[0.06059 0.01934]
solver time:  3.238995
plant_input_stage0: full=[0.05932 0.01623], physical=[0.05932 0.01623]
solver time:  3.417461
plant_input_stage0: full=[0.06514 0.01722], physical=[0.06514 0.01722]
solver time:  4.521397
plant_input_stage0: full=[0.06978 0.01584], physical=[0.06978 0.01584]
solver time:  5.115209
plant_input_stage0: full=[ 0.07182 -0.02435], physical=[ 0.07182 -0.02435]
solver time:  3.919193
plant_input_stage0: full=[ 0.09171 -1.     ], physical=[ 0.09171 -1.     ]
solver time:  4.35682
plant_input_stage0: full=[0.08861 0.45863], physical=[0.08861 0.45863]
solver time:  4.967107
plant_input_stage0: full=[0.08431 0.73266], physical=[0.08431 0.73266]
solver time:  4.00532
plant_input_stage0: full=[0.06323 1.     ], physical=[0.06323 1.     ]
solver time:  5.73445
plant_input_stage0: full=[0.05299 1.     ], physical=[0.05299 1.     ]
solver time:  3.282137
plant_input_stage0: full=[0.05139 1.     ], physical=[0.05139 1.     ]
solver time:  3.160301
plant_input_stage0: full=[0.05007 1.     ], physical=[0.05007 1.     ]
solver time:  3.327241
plant_input_stage0: full=[0.04928 1.     ], physical=[0.04928 1.     ]
solver time:  3.362215
plant_input_stage0: full=[0.05182 1.     ], physical=[0.05182 1.     ]
solver time:  3.745079
plant_input_stage0: full=[0.05705 1.     ], physical=[0.05705 1.     ]
solver time:  3.869285
plant_input_stage0: full=[0.0619 1.    ], physical=[0.0619 1.    ]
solver time:  3.04722
plant_input_stage0: full=[0.06637 1.     ], physical=[0.06637 1.     ]
solver time:  2.580033
plant_input_stage0: full=[0.07051 1.     ], physical=[0.07051 1.     ]
solver time:  2.700879
plant_input_stage0: full=[0.07426 1.     ], physical=[0.07426 1.     ]
solver time:  2.825241
plant_input_stage0: full=[0.07759 1.     ], physical=[0.07759 1.     ]
solver time:  3.049981
plant_input_stage0: full=[0.08046 1.     ], physical=[0.08046 1.     ]
solver time:  2.82646
plant_input_stage0: full=[0.08274 1.     ], physical=[0.08274 1.     ]
solver time:  2.599019
plant_input_stage0: full=[0.10936 0.97159], physical=[0.10936 0.97159]
solver time:  2.493078
plant_input_stage0: full=[0.10392 0.10576], physical=[0.10392 0.10576]
solver time:  2.660941
plant_input_stage0: full=[0.09775 0.06288], physical=[0.09775 0.06288]
solver time:  2.735388
plant_input_stage0: full=[0.09193 0.03284], physical=[0.09193 0.03284]
solver time:  2.640431
plant_input_stage0: full=[0.08653 0.01215], physical=[0.08653 0.01215]
solver time:  2.781403
plant_input_stage0: full=[ 0.08537 -0.00521], physical=[ 0.08537 -0.00521]
solver time:  2.839187
plant_input_stage0: full=[ 0.08544 -0.00936], physical=[ 0.08544 -0.00936]
solver time:  3.142412
plant_input_stage0: full=[0.08548 0.04724], physical=[0.08548 0.04724]
solver time:  3.489827
plant_input_stage0: full=[0.0855  0.04348], physical=[0.0855  0.04348]
solver time:  3.116044
plant_input_stage0: full=[0.08561 0.04023], physical=[0.08561 0.04023]
solver time:  4.690783
plant_input_stage0: full=[0.10086 0.03977], physical=[0.10086 0.03977]
solver time:  3.222111
plant_input_stage0: full=[0.08573 0.0393 ], physical=[0.08573 0.0393 ]
solver time:  3.448232
plant_input_stage0: full=[0.08587 0.04105], physical=[0.08587 0.04105]
solver time:  5.502216
plant_input_stage0: full=[0.08586 0.02079], physical=[0.08586 0.02079]
solver time:  4.742158
plant_input_stage0: full=[0.08809 0.14857], physical=[0.08809 0.14857]
solver time:  4.85541
plant_input_stage0: full=[0.08436 1.     ], physical=[0.08436 1.     ]
solver time:  4.951334
plant_input_stage0: full=[0.08556 0.95645], physical=[0.08556 0.95645]
solver time:  5.994692
plant_input_stage0: full=[ 0.08595 -0.04785], physical=[ 0.08595 -0.04785]
solver time:  4.25746
plant_input_stage0: full=[ 0.08592 -0.04324], physical=[ 0.08592 -0.04324]
solver time:  4.496404
plant_input_stage0: full=[ 0.08589 -0.03976], physical=[ 0.08589 -0.03976]
solver time:  4.437256
plant_input_stage0: full=[ 0.08587 -0.02538], physical=[ 0.08587 -0.02538]
solver time:  4.057255
plant_input_stage0: full=[ 0.08585 -0.01899], physical=[ 0.08585 -0.01899]
solver time:  3.515845
plant_input_stage0: full=[ 0.08583 -0.0116 ], physical=[ 0.08583 -0.0116 ]
solver time:  3.550509
plant_input_stage0: full=[ 0.08581 -0.00761], physical=[ 0.08581 -0.00761]
solver time:  3.459282
plant_input_stage0: full=[ 0.08579 -0.00709], physical=[ 0.08579 -0.00709]
solver time:  3.35192
plant_input_stage0: full=[ 0.08578 -0.04265], physical=[ 0.08578 -0.04265]
solver time:  2.575541
plant_input_stage0: full=[ 0.08576 -0.00879], physical=[ 0.08576 -0.00879]
solver time:  2.50806
plant_input_stage0: full=[ 0.08574 -0.00557], physical=[ 0.08574 -0.00557]
solver time:  3.347583
plant_input_stage0: full=[ 0.08573 -0.00209], physical=[ 0.08573 -0.00209]
solver time:  2.938125
plant_input_stage0: full=[0.0857  0.00189], physical=[0.0857  0.00189]
solver time:  2.759174
plant_input_stage0: full=[0.08527 0.03469], physical=[0.08527 0.03469]
solver time:  2.959627
plant_input_stage0: full=[0.08293 0.16898], physical=[0.08293 0.16898]
solver time:  3.020227
plant_input_stage0: full=[0.07984 0.24298], physical=[0.07984 0.24298]
solver time:  2.978697
plant_input_stage0: full=[0.07665 0.2981 ], physical=[0.07665 0.2981 ]
solver time:  3.192814
plant_input_stage0: full=[0.07338 0.35742], physical=[0.07338 0.35742]
solver time:  3.208125
plant_input_stage0: full=[0.06995 0.47813], physical=[0.06995 0.47813]
solver time:  3.412455
plant_input_stage0: full=[0.067  0.4886], physical=[0.067  0.4886]
solver time:  3.826722
plant_input_stage0: full=[0.06304 0.75401], physical=[0.06304 0.75401]
solver time:  3.829987
plant_input_stage0: full=[0.06017 0.69967], physical=[0.06017 0.69967]
solver time:  4.85169
plant_input_stage0: full=[ 0.07769 -0.78728], physical=[ 0.07769 -0.78728]
solver time:  3.477059
plant_input_stage0: full=[ 0.08041 -0.51936], physical=[ 0.08041 -0.51936]
solver time:  3.943306
plant_input_stage0: full=[ 0.10856 -0.48256], physical=[ 0.10856 -0.48256]
solver time:  3.766094
plant_input_stage0: full=[ 0.10308 -0.53323], physical=[ 0.10308 -0.53323]
solver time:  4.026214
plant_input_stage0: full=[ 0.09783 -0.47599], physical=[ 0.09783 -0.47599]
solver time:  3.815658
plant_input_stage0: full=[ 0.09263 -0.43038], physical=[ 0.09263 -0.43038]
solver time:  3.718459
plant_input_stage0: full=[ 0.08754 -0.39441], physical=[ 0.08754 -0.39441]
solver time:  3.406333
plant_input_stage0: full=[ 0.08561 -0.36971], physical=[ 0.08561 -0.36971]
solver time:  3.505117
plant_input_stage0: full=[ 0.08569 -0.35964], physical=[ 0.08569 -0.35964]
solver time:  3.536751
plant_input_stage0: full=[ 0.08565 -0.36693], physical=[ 0.08565 -0.36693]
solver time:  4.449551
plant_input_stage0: full=[ 0.08552 -0.40342], physical=[ 0.08552 -0.40342]
solver time:  3.823041
plant_input_stage0: full=[ 0.08528 -0.50129], physical=[ 0.08528 -0.50129]
solver time:  3.581227
plant_input_stage0: full=[ 0.08497 -0.35521], physical=[ 0.08497 -0.35521]
solver time:  4.508433
plant_input_stage0: full=[-0.14449 -0.21051], physical=[-0.14449 -0.21051]
solver time:  5.828939
plant_input_stage0: full=[-0.00513  1.     ], physical=[-0.00513  1.     ]
solver time:  4.312963
plant_input_stage0: full=[ 0.08528 -0.71148], physical=[ 0.08528 -0.71148]
solver time:  4.292873
plant_input_stage0: full=[ 0.08504 -0.15817], physical=[ 0.08504 -0.15817]
solver time:  4.356604
plant_input_stage0: full=[-0.08817 -0.22219], physical=[-0.08817 -0.22219]
solver time:  3.86365
plant_input_stage0: full=[0.08507 0.23885], physical=[0.08507 0.23885]
solver time:  6.777328
plant_input_stage0: full=[ 0.0845  -0.09871], physical=[ 0.0845  -0.09871]
solver time:  4.459864
plant_input_stage0: full=[ 0.08393 -0.09051], physical=[ 0.08393 -0.09051]
solver time:  4.499456
plant_input_stage0: full=[-0.08785 -0.08076], physical=[-0.08785 -0.08076]
solver time:  4.276164
plant_input_stage0: full=[ 0.11348 -0.04845], physical=[ 0.11348 -0.04845]
solver time:  4.973869
plant_input_stage0: full=[ 0.1066  -0.03012], physical=[ 0.1066  -0.03012]
solver time:  4.372541
plant_input_stage0: full=[ 0.10014 -0.01746], physical=[ 0.10014 -0.01746]
solver time:  6.047179
plant_input_stage0: full=[ 0.09407 -0.00856], physical=[ 0.09407 -0.00856]
solver time:  5.139341
plant_input_stage0: full=[ 0.08837 -0.00312], physical=[ 0.08837 -0.00312]
solver time:  6.038671
plant_input_stage0: full=[0.08305 0.05765], physical=[0.08305 0.05765]
solver time:  5.614312
plant_input_stage0: full=[0.08146 0.05081], physical=[0.08146 0.05081]
solver time:  6.521578
plant_input_stage0: full=[ 0.08203 -0.00648], physical=[ 0.08203 -0.00648]
solver time:  7.285028
plant_input_stage0: full=[ 0.08219 -0.02512], physical=[ 0.08219 -0.02512]
solver time:  7.145944
plant_input_stage0: full=[ 0.08207 -0.0164 ], physical=[ 0.08207 -0.0164 ]
solver time:  6.75435
plant_input_stage0: full=[ 0.0819  -0.00024], physical=[ 0.0819  -0.00024]
solver time:  8.652917
plant_input_stage0: full=[ 0.08192 -0.02217], physical=[ 0.08192 -0.02217]
solver time:  9.241261
plant_input_stage0: full=[0.08153 0.04864], physical=[0.08153 0.04864]
solver time:  12.826536
plant_input_stage0: full=[0.0812  0.15064], physical=[0.0812  0.15064]
solver time:  9.381356
plant_input_stage0: full=[ 0.10261 -0.1597 ], physical=[ 0.10261 -0.1597 ]
solver time:  10.509048
plant_input_stage0: full=[ 0.09184 -0.43341], physical=[ 0.09184 -0.43341]
solver time:  9.342531
plant_input_stage0: full=[ 0.0796 -1.    ], physical=[ 0.0796 -1.    ]
solver time:  7.456986
plant_input_stage0: full=[ 0.07838 -1.     ], physical=[ 0.07838 -1.     ]
solver time:  7.597121
plant_input_stage0: full=[ 0.07709 -1.     ], physical=[ 0.07709 -1.     ]
solver time:  7.379596
plant_input_stage0: full=[ 0.07677 -1.     ], physical=[ 0.07677 -1.     ]
solver time:  6.185878
plant_input_stage0: full=[ 0.07672 -1.     ], physical=[ 0.07672 -1.     ]
solver time:  5.530037
plant_input_stage0: full=[ 0.07524 -1.     ], physical=[ 0.07524 -1.     ]
solver time:  5.11454
plant_input_stage0: full=[ 0.07682 -1.     ], physical=[ 0.07682 -1.     ]
solver time:  6.395507
plant_input_stage0: full=[ 0.081   -0.84144], physical=[ 0.081   -0.84144]
solver time:  4.510416
plant_input_stage0: full=[0.08136 0.13174], physical=[0.08136 0.13174]
solver time:  4.907404
plant_input_stage0: full=[0.08183 0.34912], physical=[0.08183 0.34912]
solver time:  5.068587
plant_input_stage0: full=[0.0826  0.30169], physical=[0.0826  0.30169]
solver time:  4.967468
plant_input_stage0: full=[0.08348 0.1992 ], physical=[0.08348 0.1992 ]
solver time:  4.161948
plant_input_stage0: full=[0.08385 0.13647], physical=[0.08385 0.13647]
solver time:  4.055873
plant_input_stage0: full=[0.08429 0.09592], physical=[0.08429 0.09592]
solver time:  4.48247
plant_input_stage0: full=[0.084   0.34753], physical=[0.084   0.34753]
solver time:  4.859057
plant_input_stage0: full=[0.08441 0.35235], physical=[0.08441 0.35235]
solver time:  4.311488
plant_input_stage0: full=[0.08475 0.38444], physical=[0.08475 0.38444]
solver time:  4.329651
plant_input_stage0: full=[0.08378 0.30758], physical=[0.08378 0.30758]
solver time:  4.605583
plant_input_stage0: full=[0.08331 0.83501], physical=[0.08331 0.83501]
solver time:  5.008784
plant_input_stage0: full=[0.09994 1.     ], physical=[0.09994 1.     ]
solver time:  5.106093
plant_input_stage0: full=[0.09892 1.     ], physical=[0.09892 1.     ]
solver time:  6.167387
plant_input_stage0: full=[0.09678 1.     ], physical=[0.09678 1.     ]
solver time:  6.519235
plant_input_stage0: full=[0.09364 1.     ], physical=[0.09364 1.     ]
solver time:  6.136531
plant_input_stage0: full=[0.08963 1.     ], physical=[0.08963 1.     ]
solver time:  6.245127
plant_input_stage0: full=[0.0849  0.15726], physical=[0.0849  0.15726]
solver time:  5.948088
plant_input_stage0: full=[0.08299 0.10783], physical=[0.08299 0.10783]
solver time:  5.566545
plant_input_stage0: full=[0.08262 0.0699 ], physical=[0.08262 0.0699 ]
solver time:  4.776589
plant_input_stage0: full=[0.08221 0.04102], physical=[0.08221 0.04102]
solver time:  4.681578
plant_input_stage0: full=[0.0818  0.01948], physical=[0.0818  0.01948]
solver time:  5.112349
plant_input_stage0: full=[ 0.08148 -0.01225], physical=[ 0.08148 -0.01225]
solver time:  5.775546
plant_input_stage0: full=[ 0.08188 -0.01887], physical=[ 0.08188 -0.01887]
solver time:  5.822914
plant_input_stage0: full=[0.08221 0.01797], physical=[0.08221 0.01797]
solver time:  4.989606
plant_input_stage0: full=[0.08219 0.02881], physical=[0.08219 0.02881]
solver time:  5.217873
plant_input_stage0: full=[0.08212 0.02355], physical=[0.08212 0.02355]
solver time:  5.534651
plant_input_stage0: full=[0.08194 0.00731], physical=[0.08194 0.00731]
solver time:  10.629928
plant_input_stage0: full=[ 0.08159 -0.01359], physical=[ 0.08159 -0.01359]
solver time:  7.517431
plant_input_stage0: full=[0.08175 0.01242], physical=[0.08175 0.01242]
solver time:  7.29029
plant_input_stage0: full=[ 0.1047  -0.48163], physical=[ 0.1047  -0.48163]
solver time:  6.755881
plant_input_stage0: full=[0.09496 0.43243], physical=[0.09496 0.43243]
solver time:  6.397663
plant_input_stage0: full=[0.08764 1.     ], physical=[0.08764 1.     ]
solver time:  5.062914
plant_input_stage0: full=[0.08014 1.     ], physical=[0.08014 1.     ]
solver time:  4.518755
plant_input_stage0: full=[0.07822 1.     ], physical=[0.07822 1.     ]
solver time:  6.241355
plant_input_stage0: full=[0.07853 1.     ], physical=[0.07853 1.     ]
solver time:  6.243721
plant_input_stage0: full=[0.07795 1.     ], physical=[0.07795 1.     ]
solver time:  7.185504
plant_input_stage0: full=[0.07791 0.99999], physical=[0.07791 0.99999]
solver time:  4.697423
plant_input_stage0: full=[0.07818 0.95718], physical=[0.07818 0.95718]
solver time:  5.542125
plant_input_stage0: full=[0.08042 0.88424], physical=[0.08042 0.88424]
solver time:  5.014112
plant_input_stage0: full=[ 0.08272 -0.01576], physical=[ 0.08272 -0.01576]
solver time:  4.833938
plant_input_stage0: full=[ 0.08235 -0.35733], physical=[ 0.08235 -0.35733]
solver time:  5.175604
plant_input_stage0: full=[ 0.08297 -0.29246], physical=[ 0.08297 -0.29246]
solver time:  4.908828
plant_input_stage0: full=[ 0.08381 -0.19192], physical=[ 0.08381 -0.19192]
solver time:  5.594896
plant_input_stage0: full=[ 0.08423 -0.13118], physical=[ 0.08423 -0.13118]
solver time:  5.64981
plant_input_stage0: full=[ 0.08454 -0.09179], physical=[ 0.08454 -0.09179]
solver time:  5.91187
plant_input_stage0: full=[ 0.08439 -0.3786 ], physical=[ 0.08439 -0.3786 ]
solver time:  6.157176
plant_input_stage0: full=[ 0.08491 -0.37888], physical=[ 0.08491 -0.37888]
solver time:  6.466303
plant_input_stage0: full=[ 0.08533 -0.40576], physical=[ 0.08533 -0.40576]
solver time:  5.730091
plant_input_stage0: full=[ 0.08515 -0.37601], physical=[ 0.08515 -0.37601]
solver time:  5.627789
plant_input_stage0: full=[ 0.08449 -0.7534 ], physical=[ 0.08449 -0.7534 ]
solver time:  5.182423
plant_input_stage0: full=[ 0.08274 -1.     ], physical=[ 0.08274 -1.     ]
solver time:  4.949335
plant_input_stage0: full=[ 0.10942 -1.     ], physical=[ 0.10942 -1.     ]
solver time:  4.043467
plant_input_stage0: full=[ 0.10474 -1.     ], physical=[ 0.10474 -1.     ]
solver time:  3.342471
plant_input_stage0: full=[ 0.09925 -0.40563], physical=[ 0.09925 -0.40563]
solver time:  4.812958
plant_input_stage0: full=[ 0.09329 -0.00001], physical=[ 0.09329 -0.00001]
solver time:  3.573218
plant_input_stage0: full=[ 0.08761 -0.00001], physical=[ 0.08761 -0.00001]
solver time:  3.673104
plant_input_stage0: full=[ 0.08572 -0.01103], physical=[ 0.08572 -0.01103]
solver time:  3.36837
plant_input_stage0: full=[ 0.08571 -0.01603], physical=[ 0.08571 -0.01603]
solver time:  3.271221
plant_input_stage0: full=[ 0.08571 -0.01504], physical=[ 0.08571 -0.01504]
solver time:  3.388709
plant_input_stage0: full=[ 0.08571 -0.01412], physical=[ 0.08571 -0.01412]
solver time:  2.970801
plant_input_stage0: full=[ 0.0857  -0.01324], physical=[ 0.0857  -0.01324]
solver time:  2.829201
plant_input_stage0: full=[ 0.0857  -0.01241], physical=[ 0.0857  -0.01241]
solver time:  3.011945
plant_input_stage0: full=[ 0.0857  -0.01166], physical=[ 0.0857  -0.01166]
solver time:  2.68032
plant_input_stage0: full=[ 0.08568 -0.00154], physical=[ 0.08568 -0.00154]
solver time:  2.570997
plant_input_stage0: full=[0.08563 0.01627], physical=[0.08563 0.01627]
solver time:  2.752808
plant_input_stage0: full=[0.08555 0.02559], physical=[0.08555 0.02559]
solver time:  3.294976
plant_input_stage0: full=[0.08546 0.03599], physical=[0.08546 0.03599]
solver time:  3.279789
plant_input_stage0: full=[0.08534 0.04512], physical=[0.08534 0.04512]
solver time:  4.03982
plant_input_stage0: full=[0.08521 0.05327], physical=[0.08521 0.05327]
solver time:  3.51855
plant_input_stage0: full=[0.08505 0.05913], physical=[0.08505 0.05913]
solver time:  3.313467
plant_input_stage0: full=[0.08488 0.06263], physical=[0.08488 0.06263]
solver time:  3.387483
plant_input_stage0: full=[0.0847  0.06522], physical=[0.0847  0.06522]
solver time:  2.842244
plant_input_stage0: full=[0.08448 0.06089], physical=[0.08448 0.06089]
solver time:  3.392704
plant_input_stage0: full=[0.08427 0.05969], physical=[0.08427 0.05969]
solver time:  4.042144
plant_input_stage0: full=[0.08401 0.04875], physical=[0.08401 0.04875]
solver time:  3.908663
plant_input_stage0: full=[0.08378 0.04   ], physical=[0.08378 0.04   ]
solver time:  3.620507
plant_input_stage0: full=[0.08352 0.02263], physical=[0.08352 0.02263]
solver time:  3.469949
plant_input_stage0: full=[0.08327 0.00759], physical=[0.08327 0.00759]
solver time:  2.44257
plant_input_stage0: full=[ 0.08307 -0.02471], physical=[ 0.08307 -0.02471]
solver time:  2.459163
plant_input_stage0: full=[ 0.08304 -0.06763], physical=[ 0.08304 -0.06763]
solver time:  2.251938
plant_input_stage0: full=[ 0.08314 -0.09608], physical=[ 0.08314 -0.09608]
solver time:  2.602699
plant_input_stage0: full=[0.08309 0.08837], physical=[0.08309 0.08837]
solver time:  2.295678
plant_input_stage0: full=[0.08296 0.10238], physical=[0.08296 0.10238]
solver time:  2.947359
plant_input_stage0: full=[0.08276 0.09433], physical=[0.08276 0.09433]
solver time:  3.073979
plant_input_stage0: full=[0.08274 0.08867], physical=[0.08274 0.08867]
solver time:  3.230522
plant_input_stage0: full=[0.08242 0.08556], physical=[0.08242 0.08556]
solver time:  3.376475
plant_input_stage0: full=[0.10639 0.09084], physical=[0.10639 0.09084]
solver time:  2.876304
plant_input_stage0: full=[ 0.09904 -0.1159 ], physical=[ 0.09904 -0.1159 ]
solver time:  3.137613
plant_input_stage0: full=[0.09226 0.29972], physical=[0.09226 0.29972]
solver time:  4.162728
plant_input_stage0: full=[0.08798 0.95868], physical=[0.08798 0.95868]
solver time:  3.992978
plant_input_stage0: full=[0.07954 1.     ], physical=[0.07954 1.     ]
solver time:  3.933284
plant_input_stage0: full=[0.07936 1.     ], physical=[0.07936 1.     ]
solver time:  3.776186
plant_input_stage0: full=[0.078   0.46874], physical=[0.078   0.46874]
solver time:  3.036398
plant_input_stage0: full=[0.07536 0.43425], physical=[0.07536 0.43425]
solver time:  3.058803
plant_input_stage0: full=[0.076 1.   ], physical=[0.076 1.   ]
solver time:  3.60798
plant_input_stage0: full=[0.08043 0.76114], physical=[0.08043 0.76114]
solver time:  3.047657
plant_input_stage0: full=[ 0.08079 -0.17818], physical=[ 0.08079 -0.17818]
solver time:  2.978294
plant_input_stage0: full=[ 0.08102 -0.29036], physical=[ 0.08102 -0.29036]
solver time:  3.028796
plant_input_stage0: full=[ 0.08237 -0.18602], physical=[ 0.08237 -0.18602]
solver time:  3.076536
plant_input_stage0: full=[ 0.083  -0.1247], physical=[ 0.083  -0.1247]
solver time:  3.012971
plant_input_stage0: full=[ 0.0833  -0.08661], physical=[ 0.0833  -0.08661]
solver time:  3.273957
plant_input_stage0: full=[ 0.08367 -0.06101], physical=[ 0.08367 -0.06101]
solver time:  3.35287
plant_input_stage0: full=[ 0.08344 -0.49753], physical=[ 0.08344 -0.49753]
solver time:  3.073641
plant_input_stage0: full=[ 0.08373 -0.49193], physical=[ 0.08373 -0.49193]
solver time:  3.403061
plant_input_stage0: full=[ 0.08389 -0.51539], physical=[ 0.08389 -0.51539]
solver time:  2.794578
plant_input_stage0: full=[ 0.08361 -0.50747], physical=[ 0.08361 -0.50747]
solver time:  2.729726
plant_input_stage0: full=[ 0.08122 -0.80779], physical=[ 0.08122 -0.80779]
solver time:  2.788204
plant_input_stage0: full=[ 0.09535 -1.     ], physical=[ 0.09535 -1.     ]
solver time:  2.938451
plant_input_stage0: full=[ 0.09429 -1.     ], physical=[ 0.09429 -1.     ]
solver time:  2.683472
plant_input_stage0: full=[ 0.09197 -1.     ], physical=[ 0.09197 -1.     ]
solver time:  2.781391
plant_input_stage0: full=[ 0.08872 -1.     ], physical=[ 0.08872 -1.     ]
solver time:  2.725042
plant_input_stage0: full=[ 0.0847  -0.64478], physical=[ 0.0847  -0.64478]
solver time:  3.084266
plant_input_stage0: full=[ 0.07995 -0.06754], physical=[ 0.07995 -0.06754]
solver time:  3.093014
plant_input_stage0: full=[ 0.07656 -0.04375], physical=[ 0.07656 -0.04375]
solver time:  2.673944
plant_input_stage0: full=[ 0.0752  -0.02536], physical=[ 0.0752  -0.02536]
solver time:  2.433299
plant_input_stage0: full=[ 0.07377 -0.01188], physical=[ 0.07377 -0.01188]
solver time:  2.659345
plant_input_stage0: full=[ 0.07223 -0.00203], physical=[ 0.07223 -0.00203]
solver time:  2.995382
plant_input_stage0: full=[0.07057 0.0051 ], physical=[0.07057 0.0051 ]
solver time:  2.678563
plant_input_stage0: full=[0.06881 0.00873], physical=[0.06881 0.00873]
solver time:  2.825899
plant_input_stage0: full=[0.06691 0.01186], physical=[0.06691 0.01186]
solver time:  2.875773
plant_input_stage0: full=[0.06494 0.00332], physical=[0.06494 0.00332]
solver time:  2.697863
plant_input_stage0: full=[ 0.06292 -0.01265], physical=[ 0.06292 -0.01265]
solver time:  2.919746
plant_input_stage0: full=[ 0.06081 -0.01061], physical=[ 0.06081 -0.01061]
solver time:  2.963424
plant_input_stage0: full=[ 0.05919 -0.00872], physical=[ 0.05919 -0.00872]
solver time:  2.967444
plant_input_stage0: full=[ 0.06469 -0.00711], physical=[ 0.06469 -0.00711]
solver time:  2.899696
plant_input_stage0: full=[ 0.06981 -0.00579], physical=[ 0.06981 -0.00579]
solver time:  2.874851
plant_input_stage0: full=[0.07205 0.02785], physical=[0.07205 0.02785]
solver time:  3.078146
plant_input_stage0: full=[0.07329 0.35245], physical=[0.07329 0.35245]
solver time:  3.103414
plant_input_stage0: full=[0.09258 0.02968], physical=[0.09258 0.02968]
solver time:  2.855512
plant_input_stage0: full=[ 0.09105 -0.53504], physical=[ 0.09105 -0.53504]
solver time:  2.887283
plant_input_stage0: full=[ 0.09272 -1.     ], physical=[ 0.09272 -1.     ]
solver time:  2.908423
plant_input_stage0: full=[ 0.04996 -1.     ], physical=[ 0.04996 -1.     ]
solver time:  3.108166
plant_input_stage0: full=[ 0.04854 -1.     ], physical=[ 0.04854 -1.     ]
solver time:  4.146751
plant_input_stage0: full=[ 0.04795 -1.     ], physical=[ 0.04795 -1.     ]
solver time:  3.039183
plant_input_stage0: full=[ 0.04908 -1.     ], physical=[ 0.04908 -1.     ]
solver time:  3.105076
plant_input_stage0: full=[ 0.0547 -1.    ], physical=[ 0.0547 -1.    ]
solver time:  3.476369
plant_input_stage0: full=[ 0.05988 -1.     ], physical=[ 0.05988 -1.     ]
solver time:  2.819537
plant_input_stage0: full=[ 0.06468 -1.     ], physical=[ 0.06468 -1.     ]
solver time:  2.381891
plant_input_stage0: full=[ 0.06913 -1.     ], physical=[ 0.06913 -1.     ]
solver time:  2.254205
plant_input_stage0: full=[ 0.07321 -1.     ], physical=[ 0.07321 -1.     ]
solver time:  1.956978
plant_input_stage0: full=[ 0.0769 -1.    ], physical=[ 0.0769 -1.    ]
solver time:  2.19416
plant_input_stage0: full=[ 0.08016 -1.     ], physical=[ 0.08016 -1.     ]
solver time:  2.216303
plant_input_stage0: full=[ 0.08288 -1.     ], physical=[ 0.08288 -1.     ]
solver time:  2.219663
plant_input_stage0: full=[ 0.08499 -1.     ], physical=[ 0.08499 -1.     ]
solver time:  2.594601
plant_input_stage0: full=[ 0.10998 -0.99999], physical=[ 0.10998 -0.99999]
solver time:  2.157579
plant_input_stage0: full=[ 0.10407 -0.07464], physical=[ 0.10407 -0.07464]
solver time:  2.195148
plant_input_stage0: full=[ 0.09389 -0.03711], physical=[ 0.09389 -0.03711]
solver time:  2.294286
plant_input_stage0: full=[0.08356 0.46003], physical=[0.08356 0.46003]
solver time:  2.096311
plant_input_stage0: full=[0.08784 0.06772], physical=[0.08784 0.06772]
solver time:  2.432467
plant_input_stage0: full=[ 0.0853  -0.22417], physical=[ 0.0853  -0.22417]
solver time:  2.377932
plant_input_stage0: full=[ 0.08555 -0.41669], physical=[ 0.08555 -0.41669]
solver time:  2.21936
plant_input_stage0: full=[ 0.08569 -0.19998], physical=[ 0.08569 -0.19998]
solver time:  2.460668
plant_input_stage0: full=[ 0.08565 -0.01036], physical=[ 0.08565 -0.01036]
solver time:  2.681588
plant_input_stage0: full=[ 0.08555 -0.02534], physical=[ 0.08555 -0.02534]
solver time:  2.864801
plant_input_stage0: full=[ 0.08543 -0.0364 ], physical=[ 0.08543 -0.0364 ]
solver time:  3.258472
plant_input_stage0: full=[ 0.08527 -0.0469 ], physical=[ 0.08527 -0.0469 ]
solver time:  2.802138
plant_input_stage0: full=[ 0.08509 -0.05556], physical=[ 0.08509 -0.05556]
solver time:  2.440617
plant_input_stage0: full=[ 0.08487 -0.06315], physical=[ 0.08487 -0.06315]
solver time:  2.757881
plant_input_stage0: full=[ 0.08463 -0.06931], physical=[ 0.08463 -0.06931]
solver time:  2.455366
plant_input_stage0: full=[ 0.08436 -0.06929], physical=[ 0.08436 -0.06929]
solver time:  2.408342
plant_input_stage0: full=[ 0.08406 -0.0656 ], physical=[ 0.08406 -0.0656 ]
solver time:  2.529841
plant_input_stage0: full=[ 0.08374 -0.0573 ], physical=[ 0.08374 -0.0573 ]
solver time:  2.765196
plant_input_stage0: full=[ 0.0834  -0.04707], physical=[ 0.0834  -0.04707]
solver time:  2.582359
plant_input_stage0: full=[ 0.08303 -0.0316 ], physical=[ 0.08303 -0.0316 ]
solver time:  2.552331
plant_input_stage0: full=[ 0.08263 -0.01368], physical=[ 0.08263 -0.01368]
solver time:  2.912698
plant_input_stage0: full=[0.08223 0.00922], physical=[0.08223 0.00922]
solver time:  3.357859
plant_input_stage0: full=[0.08183 0.04673], physical=[0.08183 0.04673]
solver time:  3.002834
plant_input_stage0: full=[0.08179 0.05989], physical=[0.08179 0.05989]
solver time:  2.699753
plant_input_stage0: full=[0.08219 0.02378], physical=[0.08219 0.02378]
solver time:  2.420634
plant_input_stage0: full=[ 0.08232 -0.04249], physical=[ 0.08232 -0.04249]
solver time:  2.615343
plant_input_stage0: full=[ 0.08226 -0.04138], physical=[ 0.08226 -0.04138]
solver time:  2.753784
plant_input_stage0: full=[ 0.08202 -0.01539], physical=[ 0.08202 -0.01539]
solver time:  2.838644
plant_input_stage0: full=[ 0.082   -0.03183], physical=[ 0.082   -0.03183]
solver time:  2.992336
plant_input_stage0: full=[ 0.08183 -0.00931], physical=[ 0.08183 -0.00931]
solver time:  4.019618
plant_input_stage0: full=[0.08131 0.07069], physical=[0.08131 0.07069]
solver time:  3.634026
plant_input_stage0: full=[0.10187 0.33764], physical=[0.10187 0.33764]
solver time:  3.192677
plant_input_stage0: full=[ 0.09127 -0.44632], physical=[ 0.09127 -0.44632]
solver time:  3.334189
plant_input_stage0: full=[ 0.08104 -1.     ], physical=[ 0.08104 -1.     ]
solver time:  3.955128
plant_input_stage0: full=[ 0.07948 -1.     ], physical=[ 0.07948 -1.     ]
solver time:  3.965935
plant_input_stage0: full=[ 0.07791 -1.     ], physical=[ 0.07791 -1.     ]
solver time:  3.303932
plant_input_stage0: full=[ 0.0777 -1.    ], physical=[ 0.0777 -1.    ]
solver time:  4.792878
plant_input_stage0: full=[ 0.07772 -1.     ], physical=[ 0.07772 -1.     ]
solver time:  2.950091
plant_input_stage0: full=[ 0.07702 -0.83376], physical=[ 0.07702 -0.83376]
solver time:  4.417904
plant_input_stage0: full=[ 0.07751 -0.94157], physical=[ 0.07751 -0.94157]
solver time:  2.496351
plant_input_stage0: full=[ 0.08093 -0.72266], physical=[ 0.08093 -0.72266]
solver time:  2.992321
plant_input_stage0: full=[0.08106 0.18539], physical=[0.08106 0.18539]
solver time:  2.411109
plant_input_stage0: full=[0.08156 0.35077], physical=[0.08156 0.35077]
solver time:  3.039826
plant_input_stage0: full=[0.08269 0.24979], physical=[0.08269 0.24979]
solver time:  2.516965
plant_input_stage0: full=[0.08344 0.1664 ], physical=[0.08344 0.1664 ]
solver time:  2.864031
plant_input_stage0: full=[0.08372 0.1145 ], physical=[0.08372 0.1145 ]
solver time:  2.484966
plant_input_stage0: full=[0.08408 0.08083], physical=[0.08408 0.08083]
solver time:  3.007861
plant_input_stage0: full=[0.08384 0.40082], physical=[0.08384 0.40082]
solver time:  3.856067
plant_input_stage0: full=[0.08419 0.40408], physical=[0.08419 0.40408]
solver time:  3.429432
plant_input_stage0: full=[0.08433 0.43649], physical=[0.08433 0.43649]
solver time:  2.799816
plant_input_stage0: full=[0.0833  0.37518], physical=[0.0833  0.37518]
solver time:  2.34054
plant_input_stage0: full=[0.08216 0.85013], physical=[0.08216 0.85013]
solver time:  2.191984
plant_input_stage0: full=[0.09548 1.     ], physical=[0.09548 1.     ]
solver time:  2.8745
plant_input_stage0: full=[0.09456 1.     ], physical=[0.09456 1.     ]
solver time:  3.582185
plant_input_stage0: full=[0.09255 1.     ], physical=[0.09255 1.     ]
solver time:  2.640534
plant_input_stage0: full=[0.08957 1.     ], physical=[0.08957 1.     ]
solver time:  2.484015
plant_input_stage0: full=[0.08577 1.     ], physical=[0.08577 1.     ]
solver time:  2.995938
plant_input_stage0: full=[0.08125 0.06464], physical=[0.08125 0.06464]
solver time:  3.112971
plant_input_stage0: full=[0.07809 0.03989], physical=[0.07809 0.03989]
solver time:  2.474453
plant_input_stage0: full=[0.07673 0.02142], physical=[0.07673 0.02142]
solver time:  2.286166
plant_input_stage0: full=[0.07524 0.00757], physical=[0.07524 0.00757]
solver time:  2.761557
plant_input_stage0: full=[ 0.07362 -0.00219], physical=[ 0.07362 -0.00219]
solver time:  2.271975
plant_input_stage0: full=[ 0.0719  -0.00903], physical=[ 0.0719  -0.00903]
solver time:  2.7036
plant_input_stage0: full=[ 0.07006 -0.01372], physical=[ 0.07006 -0.01372]
solver time:  2.401368
plant_input_stage0: full=[ 0.06812 -0.01555], physical=[ 0.06812 -0.01555]
solver time:  3.188688
plant_input_stage0: full=[0.06609 0.00238], physical=[0.06609 0.00238]
solver time:  2.906638
plant_input_stage0: full=[0.06398 0.01444], physical=[0.06398 0.01444]
solver time:  2.770936
plant_input_stage0: full=[0.06181 0.01244], physical=[0.06181 0.01244]
solver time:  3.584068
plant_input_stage0: full=[0.05995 0.00991], physical=[0.05995 0.00991]
solver time:  3.237193
plant_input_stage0: full=[0.05859 0.00828], physical=[0.05859 0.00828]
solver time:  2.810551
plant_input_stage0: full=[0.05743 0.00682], physical=[0.05743 0.00682]
solver time:  2.51659
plant_input_stage0: full=[0.05635 0.00557], physical=[0.05635 0.00557]
solver time:  2.715276
plant_input_stage0: full=[0.05529 0.00455], physical=[0.05529 0.00455]
solver time:  2.703573
plant_input_stage0: full=[0.05957 0.00387], physical=[0.05957 0.00387]
solver time:  2.817938
plant_input_stage0: full=[0.05747 0.00339], physical=[0.05747 0.00339]
solver time:  2.696927
plant_input_stage0: full=[0.05545 0.00311], physical=[0.05545 0.00311]
solver time:  2.768704
plant_input_stage0: full=[0.05351 0.00335], physical=[0.05351 0.00335]
solver time:  2.545568
plant_input_stage0: full=[0.04924 0.00625], physical=[0.04924 0.00625]
solver time:  2.768948
plant_input_stage0: full=[0.04914 1.     ], physical=[0.04914 1.     ]
solver time:  2.089984
plant_input_stage0: full=[ 0.01618 -0.10734], physical=[ 0.01618 -0.10734]
solver time:  2.787093
plant_input_stage0: full=[0.03919 1.     ], physical=[0.03919 1.     ]
solver time:  2.311566
plant_input_stage0: full=[0.03998 1.     ], physical=[0.03998 1.     ]
solver time:  2.56184
plant_input_stage0: full=[0.04055 1.     ], physical=[0.04055 1.     ]
solver time:  2.231936
plant_input_stage0: full=[0.04083 1.     ], physical=[0.04083 1.     ]
solver time:  2.249966
plant_input_stage0: full=[0.04041 1.     ], physical=[0.04041 1.     ]
solver time:  2.332225
plant_input_stage0: full=[0.03911 0.81796], physical=[0.03911 0.81796]
solver time:  2.629775
plant_input_stage0: full=[0.03722 0.75503], physical=[0.03722 0.75503]
solver time:  2.289438
plant_input_stage0: full=[0.03527 0.73062], physical=[0.03527 0.73062]
solver time:  2.343664
plant_input_stage0: full=[0.0333  0.68729], physical=[0.0333  0.68729]
solver time:  2.219497
plant_input_stage0: full=[0.03138 0.65596], physical=[0.03138 0.65596]
solver time:  2.546171
plant_input_stage0: full=[0.02955 0.61832], physical=[0.02955 0.61832]
solver time:  2.314049
plant_input_stage0: full=[0.0278  0.58506], physical=[0.0278  0.58506]
solver time:  2.248875
plant_input_stage0: full=[0.02612 0.5513 ], physical=[0.02612 0.5513 ]
solver time:  2.158265
plant_input_stage0: full=[0.02455 0.15528], physical=[0.02455 0.15528]
solver time:  2.64618
plant_input_stage0: full=[0.02306 0.00244], physical=[0.02306 0.00244]
solver time:  2.325576
plant_input_stage0: full=[0.02166 0.00221], physical=[0.02166 0.00221]
solver time:  2.469425
plant_input_stage0: full=[0.02034 0.00207], physical=[0.02034 0.00207]
solver time:  2.11808
plant_input_stage0: full=[0.0191  0.00194], physical=[0.0191  0.00194]
solver time:  2.23921
plant_input_stage0: full=[0.01794 0.00182], physical=[0.01794 0.00182]
solver time:  1.859139
plant_input_stage0: full=[0.01685 0.00173], physical=[0.01685 0.00173]
solver time:  1.837535
plant_input_stage0: full=[0.01582 0.00164], physical=[0.01582 0.00164]
solver time:  1.859797
plant_input_stage0: full=[0.01486 0.00158], physical=[0.01486 0.00158]
solver time:  1.901957
plant_input_stage0: full=[0.01395 0.00153], physical=[0.01395 0.00153]
solver time:  1.825744
plant_input_stage0: full=[0.0131  0.00149], physical=[0.0131  0.00149]
solver time:  1.794315
plant_input_stage0: full=[0.01231 0.00146], physical=[0.01231 0.00146]
solver time:  1.813377
plant_input_stage0: full=[0.01156 0.00145], physical=[0.01156 0.00145]
solver time:  1.799826
plant_input_stage0: full=[0.01085 0.00145], physical=[0.01085 0.00145]
solver time:  1.832498
plant_input_stage0: full=[0.01019 0.00146], physical=[0.01019 0.00146]
solver time:  1.819597
plant_input_stage0: full=[0.00957 0.00148], physical=[0.00957 0.00148]
solver time:  1.695632
plant_input_stage0: full=[0.00899 0.00151], physical=[0.00899 0.00151]
solver time:  1.731
plant_input_stage0: full=[0.00844 0.00154], physical=[0.00844 0.00154]
solver time:  1.786378
plant_input_stage0: full=[0.00793 0.00159], physical=[0.00793 0.00159]
solver time:  1.652563
plant_input_stage0: full=[0.00745 0.00164], physical=[0.00745 0.00164]
solver time:  1.782942
plant_input_stage0: full=[0.00699 0.0017 ], physical=[0.00699 0.0017 ]
solver time:  1.855274
plant_input_stage0: full=[0.00657 0.00177], physical=[0.00657 0.00177]
solver time:  1.707841
plant_input_stage0: full=[0.00617 0.00184], physical=[0.00617 0.00184]
목적지에 도착했습니다! 현재 위치: [1.80993 0.09732], 시간: 38.20초
Using obca optimizer with differential_drive dynamics:
median:  3.1145075
std:  1.5683184797534244
min:  1.652563
max:  12.826536
Simulation finished.
Run outcome: status=success, reason=None, final_time=38.20000000000027, distance_to_goal=0.009517709648401455
Trial history saved to /home/taek111/projects/psdf_mpcc/benchmark_runs/maze_rectangle_dd_gaussian_20260916/safe/obca/seed46/data/trial_history_MPC_OBCA_rectangle_maze_gaussian_20260916_startseed46.csv
Single test completed.
RESULT obca 46 success None
