RMPCC configured from config: covariance_growth_scale=0.7, alpha_f=0.0014, alpha_v=0.00028, alpha_kappa=0.006999999999999999, beta_v=0.013999999999999999, beta_kappa=0.0056, beta_omega=0.0056
Resetting rmpcc optimizer for clean state...
generating global path with A* + Line of Sight
시작 위치: [0.075 0.795]
목적지: [1.8  0.09]
도착 판정 기준: position <= 0.01m, angle <= 0.01rad
Setting up RMPCC-MF optimizer...
RMPCC-MF Row M configuration: enabled=True, active only when phi > d_mf_mask=0.001, configured stages=[1, 2, 3, 4, 5, 6, 7, 8, 9, 10, 11, 12, 13, 14, 15, 16, 17, 18, 19, 20]
/home/taek111/projects/psdf_mpcc/models/geometry_utils.py:241: UserWarning: Creating a tensor from a list of numpy.ndarrays is extremely slow. Please consider converting the list to a single numpy.ndarray with numpy.array() before converting to a tensor. (Triggered internally at ../torch/csrc/utils/tensor_new.cpp:230.)
  edgesA = torch.tensor(edgesA, dtype=torch.float32)
Added two affine safety rows at intermediate/terminal stages: 0=HARD guard/recovery, 1=SOFT MF
field AcadosOcpDims.N has been migrated to AcadosOcpOptions.N_horizon. setting AcadosOcpOptions.N_horizon = N. For future comppatibility, please use AcadosOcpOptions.N_horizon directly.

WARNING: Gauss-Newton Hessian approximation with EXTERNAL cost type not well defined!
got cost_type EXTERNAL for cost_type_0, cost_type, cost_type_e, hessian_approx: 'GAUSS_NEWTON'.
With this setting, acados will proceed computing the exact Hessian for the cost term and no Hessian contribution from constraints and dynamics.
If the external cost is a linear least squares cost, this coincides with the Gauss-Newton Hessian.
Note: There is also the option to use the external cost module with a numerical Hessian approximation (see `ext_cost_num_hess`).
OR the option to provide a symbolic custom Hessian approximation (see `cost_expr_ext_cost_custom_hess`).

acados was compiled without OpenMP.
RMPCC-MF backup SQP_WITH_FEASIBLE_QP solver disabled; using nominal safe-stop recovery.
[RMPCC 0000] OK solve=144.6ms pose=(0.075,0.795,-1.571) u=(0.123,0.000) s=0.013 PSDFmin=+0.03 G=OK(+0.04134) MF=OK(active=20/20,min=+0.2,slack=+7.52e-12)
[RMPCC 0001] OK solve=133.9ms pose=(0.075,0.783,-1.571) u=(0.114,0.088) s=0.024 PSDFmin=-0.002916 G=OK(+5.442e-10) MF=OK(active=20/20,min=+0.2,slack=+8.623e-13)
[RMPCC 0002] OK solve=156.1ms pose=(0.075,0.771,-1.562) u=(0.122,0.083) s=0.035 PSDFmin=+0.008831 G=OK(+0.007104) MF=OK(active=14/20,min=+1.489e-12,slack=+1.296e-15)
[RMPCC 0003] OK solve=271.1ms pose=(0.075,0.759,-1.554) u=(0.166,-0.040) s=0.041 PSDFmin=+0.006057 G=OK(+0.01387) MF=OK(active=20/20,min=+3.736e-12,slack=+5.486e-14)
[RMPCC 0004] OK solve=288.8ms pose=(0.075,0.742,-1.558) u=(0.130,0.335) s=0.055 PSDFmin=-0.007596 G=OK(+3.54e-11) MF=OK(active=19/20,min=+2.131e-10,slack=+4.779e-13)
[RMPCC 0005] OK solve=134.8ms pose=(0.076,0.729,-1.524) u=(0.119,0.080) s=0.071 PSDFmin=+0.002195 G=OK(+1.51e-13) MF=OK(active=8/20,min=+0.0677,slack=+8.135e-15)
[RMPCC 0006] OK solve=258.5ms pose=(0.076,0.718,-1.516) u=(0.161,-0.252) s=0.072 PSDFmin=+0.003084 G=OK(+0.01471) MF=OK(active=20/20,min=+1.159e-11,slack=+4.462e-13)
[RMPCC 0007] OK solve=406.1ms pose=(0.077,0.702,-1.541) u=(0.166,0.137) s=0.088 PSDFmin=-0.004754 G=OK(+0.0009078) MF=OK(active=19/20,min=+2.238e-10,slack=+1.239e-12)
[RMPCC 0008] OK solve=419.6ms pose=(0.077,0.685,-1.528) u=(0.108,0.124) s=0.105 PSDFmin=-0.004203 G=OK(+1.631e-11) MF=OK(active=11/20,min=+3.526e-10,slack=+2.452e-13)
[RMPCC 0009] OK solve=254.5ms pose=(0.078,0.674,-1.515) u=(0.149,0.204) s=0.108 PSDFmin=+0.01146 G=OK(+0.01315) MF=OK(active=14/20,min=+1.088e-12,slack=+6.272e-15)
[RMPCC 0010] OK solve=263.7ms pose=(0.079,0.659,-1.495) u=(0.086,0.423) s=0.124 PSDFmin=+0.001456 G=OK(+1.449e-10) MF=OK(active=20/20,min=+1.344e-09,slack=+6.456e-12)
[RMPCC 0011] OK solve=392.2ms pose=(0.079,0.651,-1.453) u=(0.043,0.211) s=0.143 PSDFmin=-0.01286 G=OK(+4.23e-10) MF=OK(active=14/20,min=+3.199e-08,slack=+1.332e-11)
[RMPCC 0012] OK solve=261.2ms pose=(0.080,0.646,-1.431) u=(0.115,-0.064) s=0.146 PSDFmin=+0.01277 G=OK(+0.01073) MF=OK(active=12/20,min=+1.132e-11,slack=+3.958e-14)
[RMPCC 0013] OK solve=265.0ms pose=(0.082,0.635,-1.438) u=(0.088,0.474) s=0.164 PSDFmin=-0.002108 G=OK(+0.00249) MF=OK(active=20/20,min=+2.425e-13,slack=+7.238e-16)
[RMPCC 0014] OK solve=268.8ms pose=(0.083,0.626,-1.390) u=(0.072,0.396) s=0.168 PSDFmin=+6.973e-05 G=OK(+0.001892) MF=OK(active=17/20,min=+3.201e-14,slack=+3.864e-17)
[RMPCC 0015] OK solve=127.3ms pose=(0.084,0.619,-1.351) u=(0.091,0.413) s=0.169 PSDFmin=+0.001721 G=OK(+0.007572) MF=OK(active=18/20,min=+4.549e-12,slack=+2.991e-13)
[RMPCC 0016] OK solve=256.3ms pose=(0.086,0.610,-1.310) u=(0.059,0.511) s=0.187 PSDFmin=+0.002693 G=OK(+0.005704) MF=OK(active=20/20,min=+6.165e-13,slack=+5.273e-16)
[RMPCC 0017] OK solve=273.1ms pose=(0.087,0.605,-1.259) u=(0.071,0.665) s=0.201 PSDFmin=+0.00444 G=OK(+0.003458) MF=OK(active=18/20,min=+3.132e-13,slack=+5.581e-16)
[RMPCC 0018] OK solve=263.1ms pose=(0.090,0.598,-1.192) u=(0.066,0.639) s=0.208 PSDFmin=-0.007008 G=OK(+0.002621) MF=OK(active=20/20,min=+1.526e-11,slack=+2.89e-14)
[RMPCC 0019] OK solve=415.4ms pose=(0.092,0.592,-1.128) u=(0.071,0.937) s=0.214 PSDFmin=+0.004428 G=OK(+0.003438) MF=OK(active=11/20,min=+1.559e-10,slack=+3.039e-13)
[RMPCC 0020] OK solve=391.0ms pose=(0.095,0.586,-1.034) u=(0.091,0.402) s=0.221 PSDFmin=+0.0002027 G=OK(+0.006745) MF=OK(active=18/20,min=+5.565e-11,slack=+7.238e-13)
[RMPCC 0021] OK solve=264.2ms pose=(0.100,0.578,-0.994) u=(0.066,1.200) s=0.232 PSDFmin=-0.002097 G=OK(+0.005164) MF=OK(active=18/20,min=+1.068e-09,slack=+7.633e-13)
[RMPCC 0022] OK solve=142.0ms pose=(0.103,0.572,-0.874) u=(0.075,0.570) s=0.238 PSDFmin=+0.007629 G=OK(+0.00681) MF=OK(active=13/20,min=+2.926e-09,slack=+2.219e-12)
[RMPCC 0023] OK solve=261.4ms pose=(0.108,0.566,-0.817) u=(0.037,0.734) s=0.251 PSDFmin=-0.004077 G=OK(+0.006995) MF=OK(active=20/20,min=+4.821e-13,slack=+5.156e-15)
[RMPCC 0024] OK solve=258.7ms pose=(0.111,0.564,-0.744) u=(0.104,1.200) s=0.252 PSDFmin=+0.00168 G=OK(+0.006301) MF=OK(active=17/20,min=+3.919e-09,slack=+6.975e-17)
[RMPCC 0025] OK solve=142.9ms pose=(0.118,0.557,-0.624) u=(0.082,0.684) s=0.265 PSDFmin=+0.00882 G=OK(+0.007389) MF=OK(active=20/20,min=+1.541e-13,slack=+1.33e-15)
[RMPCC 0026] OK solve=128.9ms pose=(0.125,0.552,-0.555) u=(0.050,0.332) s=0.266 PSDFmin=-0.008976 G=OK(+0.00815) MF=OK(active=20/20,min=+5.061e-15,slack=+6.484e-17)
[RMPCC 0027] OK solve=137.2ms pose=(0.129,0.549,-0.522) u=(0.113,1.200) s=0.269 PSDFmin=-0.003599 G=OK(+0.008795) MF=OK(active=17/20,min=+2.961e-11,slack=+5.692e-15)
[RMPCC 0028] OK solve=139.2ms pose=(0.139,0.544,-0.402) u=(0.123,0.703) s=0.281 PSDFmin=+0.01228 G=OK(+0.01055) MF=OK(active=15/20,min=+9.951e-14,slack=+3.905e-17)
[RMPCC 0029] OK solve=130.8ms pose=(0.150,0.539,-0.332) u=(0.099,0.312) s=0.296 PSDFmin=+0.006219 G=OK(+0.01015) MF=OK(active=20/20,min=+5.392e-13,slack=+1.257e-14)
[RMPCC 0030] OK solve=127.5ms pose=(0.160,0.536,-0.301) u=(0.137,1.176) s=0.302 PSDFmin=+0.0001007 G=OK(+0.01536) MF=OK(active=20/20,min=+0.0334,slack=+3.183e-17)
[RMPCC 0031] OK solve=133.0ms pose=(0.173,0.531,-0.183) u=(0.151,0.584) s=0.316 PSDFmin=+0.008758 G=OK(+0.005886) MF=OK(active=18/20,min=+3.114e-10,slack=+5.768e-15)
[RMPCC 0032] OK solve=134.6ms pose=(0.188,0.529,-0.125) u=(0.157,0.295) s=0.331 PSDFmin=+0.01636 G=OK(+0.01503) MF=OK(active=20/20,min=+3.446e-17,slack=+3.495e-17)
[RMPCC 0033] OK solve=130.9ms pose=(0.203,0.527,-0.095) u=(0.157,0.496) s=0.344 PSDFmin=+0.01286 G=OK(+0.01128) MF=OK(active=20/20,min=+1.714e-11,slack=+3.546e-14)
[RMPCC 0034] OK solve=133.3ms pose=(0.219,0.525,-0.046) u=(0.142,0.409) s=0.356 PSDFmin=+0.01277 G=OK(+0.0114) MF=OK(active=20/20,min=+7.134e-15,slack=+3.076e-17)
[RMPCC 0035] OK solve=132.4ms pose=(0.233,0.525,-0.005) u=(0.135,0.450) s=0.370 PSDFmin=+0.01331 G=OK(+0.01219) MF=OK(active=20/20,min=+1.337e-14,slack=+4.606e-17)
[RMPCC 0036] OK solve=142.7ms pose=(0.247,0.525,0.040) u=(0.129,0.426) s=0.384 PSDFmin=+0.009818 G=OK(+0.008232) MF=OK(active=20/20,min=+1.796e-11,slack=+3.336e-14)
[RMPCC 0037] OK solve=140.8ms pose=(0.260,0.525,0.083) u=(0.123,0.452) s=0.397 PSDFmin=+0.01075 G=OK(+0.008779) MF=OK(active=20/20,min=+1.958e-14,slack=+4.439e-17)
[RMPCC 0038] OK solve=125.8ms pose=(0.272,0.526,0.128) u=(0.118,0.455) s=0.409 PSDFmin=+0.006267 G=OK(+0.002864) MF=OK(active=20/20,min=+1.133e-13,slack=+3.277e-15)
[RMPCC 0039] OK solve=134.5ms pose=(0.283,0.528,0.174) u=(0.115,0.455) s=0.421 PSDFmin=+0.006109 G=OK(+0.0005853) MF=OK(active=20/20,min=+3.154e-13,slack=+4.634e-15)
[RMPCC 0040] OK solve=134.9ms pose=(0.295,0.530,0.219) u=(0.113,0.266) s=0.432 PSDFmin=+0.02034 G=OK(+0.01533) MF=OK(active=20/20,min=+6.399e-14,slack=+3.835e-17)
[RMPCC 0041] OK solve=154.4ms pose=(0.306,0.532,0.246) u=(0.112,0.211) s=0.443 PSDFmin=+0.0141 G=OK(+0.01252) MF=OK(active=20/20,min=+1.791e-11,slack=+2.987e-14)
[RMPCC 0042] OK solve=141.7ms pose=(0.317,0.535,0.267) u=(0.115,0.222) s=0.454 PSDFmin=+0.02148 G=OK(+0.01311) MF=OK(active=20/20,min=+3.023e-14,slack=+2.967e-17)
[RMPCC 0043] OK solve=127.7ms pose=(0.328,0.538,0.289) u=(0.090,0.341) s=0.463 PSDFmin=+0.01529 G=OK(+0.01384) MF=OK(active=20/20,min=+6.257e-15,slack=+3.983e-17)
[RMPCC 0044] OK solve=141.8ms pose=(0.336,0.540,0.323) u=(0.107,0.133) s=0.472 PSDFmin=+0.01605 G=OK(+0.01663) MF=OK(active=20/20,min=+2.009e-12,slack=+1.041e-14)
[RMPCC 0045] OK solve=143.3ms pose=(0.347,0.544,0.337) u=(0.094,0.521) s=0.482 PSDFmin=+0.0156 G=OK(+0.01435) MF=OK(active=20/20,min=+1.052e-16,slack=+1.052e-16)
[RMPCC 0046] OK solve=207.1ms pose=(0.355,0.547,0.389) u=(0.117,0.200) s=0.492 PSDFmin=+0.01191 G=OK(+0.01274) MF=OK(active=20/20,min=+7.427e-08,slack=+6.918e-11)
[RMPCC 0047] OK solve=145.0ms pose=(0.366,0.551,0.409) u=(0.108,0.251) s=0.504 PSDFmin=+0.01674 G=OK(+0.01432) MF=OK(active=20/20,min=+4.185e-13,slack=+6.911e-16)
[RMPCC 0048] OK solve=133.8ms pose=(0.376,0.556,0.434) u=(0.118,0.007) s=0.514 PSDFmin=+0.01133 G=OK(+0.006845) MF=OK(active=20/20,min=+1.742e-09,slack=+4.729e-12)
[RMPCC 0049] OK solve=135.1ms pose=(0.387,0.561,0.434) u=(0.126,0.313) s=0.527 PSDFmin=+0.01213 G=OK(+0.01095) MF=OK(active=20/20,min=+5.053e-10,slack=+3.751e-12)
[RMPCC 0050] OK solve=134.0ms pose=(0.398,0.566,0.466) u=(0.136,0.040) s=0.544 PSDFmin=+0.005363 G=OK(+0.007153) MF=OK(active=20/20,min=+8.647e-11,slack=+1.938e-13)
[RMPCC 0051] OK solve=131.7ms pose=(0.411,0.572,0.470) u=(0.128,0.196) s=0.552 PSDFmin=+0.01356 G=OK(+0.01099) MF=OK(active=20/20,min=+7.152e-13,slack=+1.107e-15)
[RMPCC 0052] OK solve=157.1ms pose=(0.422,0.578,0.489) u=(0.139,-0.080) s=0.565 PSDFmin=+0.008216 G=OK(+0.003043) MF=OK(active=20/20,min=+7.832e-17,slack=+7.832e-17)
[RMPCC 0053] OK solve=136.7ms pose=(0.434,0.584,0.481) u=(0.137,0.122) s=0.581 PSDFmin=+0.01021 G=OK(+0.008446) MF=OK(active=20/20,min=+1.469e-12,slack=+3.172e-15)
[RMPCC 0054] OK solve=136.4ms pose=(0.446,0.591,0.493) u=(0.157,-0.251) s=0.600 PSDFmin=+0.007371 G=OK(+0.002222) MF=OK(active=20/20,min=+2.676e-08,slack=+3.384e-11)
[RMPCC 0055] OK solve=147.5ms pose=(0.460,0.598,0.468) u=(0.154,0.016) s=0.608 PSDFmin=-0.007029 G=OK(+0.004567) MF=OK(active=20/20,min=+7.429e-12,slack=+1.207e-14)
[RMPCC 0056] OK solve=138.1ms pose=(0.474,0.605,0.470) u=(0.145,-0.144) s=0.623 PSDFmin=+0.006235 G=OK(+0.005807) MF=OK(active=13/20,min=+5.689e-14,slack=+5.029e-17)
[RMPCC 0057] OK solve=147.5ms pose=(0.487,0.612,0.456) u=(0.171,-0.145) s=0.644 PSDFmin=+0.0111 G=OK(+0.005154) MF=OK(active=20/20,min=+4.886e-14,slack=+3.32e-17)
[RMPCC 0058] OK solve=152.0ms pose=(0.502,0.619,0.441) u=(0.230,-0.022) s=0.654 PSDFmin=-0.004005 G=OK(+1.443e-15) MF=OK(active=20/20,min=+4.049e-15,slack=+5.239e-17)
[RMPCC 0059] OK solve=141.9ms pose=(0.523,0.629,0.439) u=(0.140,-0.539) s=0.677 PSDFmin=-0.004534 G=OK(+0.005612) MF=OK(active=10/20,min=+3.894e-11,slack=+4.685e-14)
[RMPCC 0060] OK solve=143.9ms pose=(0.536,0.635,0.385) u=(0.161,-0.195) s=0.695 PSDFmin=+0.002766 G=OK(+1.939e-12) MF=OK(active=19/20,min=+4.121e-11,slack=+6.238e-14)
[RMPCC 0061] OK solve=144.0ms pose=(0.551,0.641,0.366) u=(0.156,-0.475) s=0.707 PSDFmin=-0.00339 G=OK(+0.006945) MF=OK(active=20/20,min=+8.679e-14,slack=+6.415e-16)
[RMPCC 0062] OK solve=134.2ms pose=(0.565,0.647,0.318) u=(0.164,-0.204) s=0.724 PSDFmin=+0.002074 G=OK(+1.221e-15) MF=OK(active=19/20,min=+1.801e-15,slack=+2.453e-17)
[RMPCC 0063] OK solve=264.3ms pose=(0.581,0.652,0.298) u=(0.124,-0.722) s=0.739 PSDFmin=-0.006543 G=OK(+0.001126) MF=OK(active=20/20,min=+1.691e-14,slack=+4.065e-17)
[RMPCC 0064] OK solve=287.2ms pose=(0.593,0.655,0.226) u=(0.133,-0.314) s=0.754 PSDFmin=-0.01609 G=OK(+0.009574) MF=OK(active=15/20,min=+1.117e-10,slack=+7.989e-14)
[RMPCC 0065] OK solve=127.9ms pose=(0.606,0.658,0.194) u=(0.133,-0.217) s=0.764 PSDFmin=+0.002346 G=OK(+1.452e-13) MF=OK(active=19/20,min=-2.841e-14,slack=+7.213e-15)
[RMPCC 0066] OK solve=134.7ms pose=(0.619,0.661,0.172) u=(0.125,-0.195) s=0.778 PSDFmin=+0.008648 G=OK(+0.01127) MF=OK(active=20/20,min=+1.526e-11,slack=+3.013e-14)
[RMPCC 0067] OK solve=270.2ms pose=(0.631,0.663,0.153) u=(0.129,-0.326) s=0.790 PSDFmin=-0.004921 G=OK(+0.001257) MF=OK(active=20/20,min=+4.602e-12,slack=+1.325e-14)
[RMPCC 0068] OK solve=251.9ms pose=(0.644,0.665,0.120) u=(0.096,-0.446) s=0.803 PSDFmin=-0.02724 G=OK(+0.01129) MF=OK(active=12/20,min=+1.425e-14,slack=+3.656e-17)
[RMPCC 0069] OK solve=132.4ms pose=(0.653,0.666,0.076) u=(0.117,-0.156) s=0.812 PSDFmin=+0.003501 G=OK(+7.661e-15) MF=OK(active=16/20,min=+2.455e-13,slack=+3.229e-16)
[RMPCC 0070] OK solve=143.3ms pose=(0.665,0.667,0.060) u=(0.137,-0.330) s=0.820 PSDFmin=+0.01194 G=OK(+0.01491) MF=OK(active=20/20,min=+4.288e-14,slack=+2.447e-16)
[RMPCC 0071] OK solve=138.6ms pose=(0.679,0.668,0.027) u=(0.117,-0.056) s=0.834 PSDFmin=+0.01311 G=OK(+0.01405) MF=OK(active=20/20,min=+8.643e-11,slack=+2.917e-13)
[RMPCC 0072] OK solve=260.6ms pose=(0.690,0.668,0.021) u=(0.075,-0.873) s=0.846 PSDFmin=+0.002878 G=OK(+0.002721) MF=OK(active=20/20,min=+1.198e-14,slack=+1.353e-15)
[RMPCC 0073] OK solve=409.2ms pose=(0.698,0.668,-0.066) u=(0.116,-0.395) s=0.852 PSDFmin=+0.001006 G=OK(+7.49e-12) MF=OK(active=16/20,min=+9.26e-11,slack=+6.03e-14)
[RMPCC 0074] OK solve=406.6ms pose=(0.709,0.668,-0.105) u=(0.072,-0.330) s=0.865 PSDFmin=+0.001857 G=OK(+0.003003) MF=OK(active=19/20,min=+3.774e-15,slack=+2.234e-16)
[RMPCC 0075] OK solve=387.8ms pose=(0.717,0.667,-0.138) u=(0.055,-0.268) s=0.872 PSDFmin=+0.008714 G=OK(+0.009163) MF=OK(active=18/20,min=+2.168e-09,slack=+8.306e-12)
[RMPCC 0076] OK solve=409.7ms pose=(0.722,0.666,-0.165) u=(0.096,-0.535) s=0.878 PSDFmin=+0.0008917 G=OK(+0.002161) MF=OK(active=19/20,min=+3.619e-14,slack=+6.774e-16)
[RMPCC 0077] OK solve=397.5ms pose=(0.731,0.665,-0.219) u=(0.067,-0.830) s=0.884 PSDFmin=-0.002269 G=OK(+3.129e-13) MF=OK(active=17/20,min=+7.614e-16,slack=+7.848e-16)
[RMPCC 0078] OK solve=398.2ms pose=(0.738,0.663,-0.302) u=(0.056,-0.398) s=0.894 PSDFmin=+0.002935 G=OK(+0.001946) MF=OK(active=10/20,min=+5.323e-13,slack=+2.959e-15)
[RMPCC 0079] OK solve=399.0ms pose=(0.743,0.661,-0.341) u=(0.093,-0.112) s=0.899 PSDFmin=-0.01838 G=OK(+0.002173) MF=OK(active=17/20,min=+2.949e-13,slack=+3.459e-16)
[RMPCC 0080] OK solve=266.0ms pose=(0.752,0.658,-0.353) u=(0.049,-0.432) s=0.908 PSDFmin=-0.003488 G=OK(+0.00445) MF=OK(active=14/20,min=+1.831e-12,slack=+4.702e-15)
[RMPCC 0081] OK solve=137.6ms pose=(0.757,0.657,-0.396) u=(0.025,-0.534) s=0.912 PSDFmin=+0.00487 G=OK(+0.006804) MF=OK(active=17/20,min=+1.953e-11,slack=+7.631e-14)
[RMPCC 0082] OK solve=261.5ms pose=(0.759,0.656,-0.449) u=(0.102,-0.314) s=0.915 PSDFmin=-0.001516 G=OK(+2.502e-13) MF=OK(active=20/20,min=+6.931e-12,slack=+1.211e-14)
[RMPCC 0083] OK solve=422.3ms pose=(0.768,0.651,-0.481) u=(0.051,-0.981) s=0.927 PSDFmin=+0.003356 G=OK(+0.006099) MF=OK(active=14/20,min=+5.229e-11,slack=+4.044e-14)
[RMPCC 0084] OK solve=396.1ms pose=(0.773,0.649,-0.579) u=(0.120,-0.437) s=0.932 PSDFmin=+0.003805 G=OK(+0.006561) MF=OK(active=19/20,min=+4.526e-11,slack=+1.782e-13)
[RMPCC 0085] OK solve=406.2ms pose=(0.783,0.642,-0.622) u=(0.078,-0.351) s=0.944 PSDFmin=-0.01213 G=OK(+3.202e-09) MF=OK(active=18/20,min=+3.46e-08,slack=+3.595e-11)
[RMPCC 0086] OK solve=298.2ms pose=(0.789,0.638,-0.657) u=(0.039,-0.349) s=0.952 PSDFmin=-0.0001335 G=OK(+0.003473) MF=OK(active=15/20,min=+4.151e-12,slack=+6.825e-15)
[RMPCC 0087] OK solve=137.2ms pose=(0.792,0.635,-0.692) u=(0.072,-0.124) s=0.956 PSDFmin=+0.001818 G=OK(+0.004411) MF=OK(active=18/20,min=+2.281e-08,slack=+2.501e-11)
[RMPCC 0088] OK solve=131.4ms pose=(0.798,0.631,-0.705) u=(0.036,-0.322) s=0.965 PSDFmin=+0.002969 G=OK(+0.001725) MF=OK(active=20/20,min=+1.917e-13,slack=+8.01e-16)
[RMPCC 0089] OK solve=137.0ms pose=(0.801,0.628,-0.737) u=(0.075,-0.314) s=0.967 PSDFmin=+0.005917 G=OK(+0.006554) MF=OK(active=20/20,min=+1.69e-12,slack=+5.635e-15)
[RMPCC 0090] OK solve=268.9ms pose=(0.806,0.623,-0.768) u=(0.049,-0.140) s=0.979 PSDFmin=-0.01248 G=OK(+1.133e-09) MF=OK(active=20/20,min=+3.094e-09,slack=+1.693e-10)
[RMPCC 0091] OK solve=260.1ms pose=(0.810,0.620,-0.782) u=(0.073,-0.296) s=0.980 PSDFmin=+0.001878 G=OK(+0.001575) MF=OK(active=13/20,min=+1.763e-11,slack=+4.836e-14)
[RMPCC 0092] OK solve=137.7ms pose=(0.815,0.615,-0.812) u=(0.113,-0.391) s=0.986 PSDFmin=+0.005563 G=OK(+0.004322) MF=OK(active=20/20,min=+1.425e-14,slack=+4.203e-17)
[RMPCC 0093] OK solve=139.3ms pose=(0.823,0.607,-0.851) u=(0.103,-0.288) s=0.997 PSDFmin=-0.003945 G=OK(+1.332e-15) MF=OK(active=20/20,min=+2.845e-14,slack=+3.124e-17)
[RMPCC 0094] OK solve=136.2ms pose=(0.829,0.599,-0.880) u=(0.132,-0.047) s=1.012 PSDFmin=+0.006548 G=OK(+0.005898) MF=OK(active=11/20,min=+3.735e-14,slack=+4.238e-17)
[RMPCC 0095] OK solve=264.6ms pose=(0.838,0.589,-0.884) u=(0.248,1.200) s=1.020 PSDFmin=-0.009651 G=OK(+0.002686) MF=OK(active=20/20,min=+6.058e-11,slack=+1.706e-12)
[RMPCC 0096] OK solve=284.9ms pose=(0.854,0.569,-0.764) u=(0.124,1.200) s=1.047 PSDFmin=+0.001338 G=OK(+5.634e-14) MF=OK(active=6/20,min=+0.05037,slack=+6.974e-16)
[RMPCC 0097] OK solve=137.6ms pose=(0.863,0.561,-0.644) u=(0.129,0.566) s=1.057 PSDFmin=-0.008486 G=OK(+0.007076) MF=OK(active=20/20,min=+1.083e-12,slack=+6.77e-15)
[RMPCC 0098] OK solve=139.4ms pose=(0.873,0.553,-0.588) u=(0.086,1.200) s=1.069 PSDFmin=-0.007077 G=OK(+0.00785) MF=OK(active=16/20,min=+0.108,slack=+3.169e-14)
[RMPCC 0099] OK solve=140.0ms pose=(0.880,0.548,-0.468) u=(0.108,0.569) s=1.078 PSDFmin=-0.002529 G=OK(+0.004234) MF=OK(active=10/20,min=+6.114e-11,slack=+1.285e-13)
[RMPCC 0100] OK solve=261.6ms pose=(0.890,0.544,-0.411) u=(0.186,1.200) s=1.089 PSDFmin=-0.01346 G=OK(+0.006326) MF=OK(active=17/20,min=-6.543e-16,slack=+8.219e-16)
[RMPCC 0101] OK solve=389.0ms pose=(0.907,0.536,-0.291) u=(0.145,0.528) s=1.107 PSDFmin=+0.001036 G=OK(+5.209e-12) MF=OK(active=16/20,min=+5.553e-11,slack=+1.914e-13)
[RMPCC 0102] OK solve=414.5ms pose=(0.921,0.532,-0.238) u=(0.073,0.806) s=1.114 PSDFmin=-0.01802 G=OK(+0.01784) MF=OK(active=18/20,min=+6.712e-10,slack=+1.151e-12)
[RMPCC 0103] OK solve=392.3ms pose=(0.928,0.530,-0.158) u=(0.097,0.470) s=1.125 PSDFmin=-0.004422 G=OK(+3.353e-12) MF=OK(active=17/20,min=+7.658e-11,slack=+1.47e-13)
[RMPCC 0104] OK solve=281.3ms pose=(0.937,0.529,-0.111) u=(0.068,0.409) s=1.130 PSDFmin=-0.02271 G=OK(+0.007375) MF=OK(active=12/20,min=+3.625e-10,slack=+9.463e-13)
[RMPCC 0105] OK solve=131.0ms pose=(0.944,0.528,-0.070) u=(0.100,0.376) s=1.138 PSDFmin=+0.00052 G=OK(+1.386e-12) MF=OK(active=17/20,min=+1.312e-11,slack=+5.372e-14)
[RMPCC 0106] OK solve=258.4ms pose=(0.954,0.527,-0.032) u=(0.085,0.444) s=1.147 PSDFmin=+0.001813 G=OK(+0.001702) MF=OK(active=19/20,min=+8.03e-15,slack=+3.666e-17)
[RMPCC 0107] OK solve=396.8ms pose=(0.962,0.527,0.012) u=(0.091,0.245) s=1.155 PSDFmin=-0.02496 G=OK(+0.01291) MF=OK(active=17/20,min=+4.354e-13,slack=+1.595e-16)
[RMPCC 0108] OK solve=287.6ms pose=(0.972,0.527,0.037) u=(0.076,0.272) s=1.165 PSDFmin=+0.002522 G=OK(+7.804e-12) MF=OK(active=15/20,min=+1.931e-10,slack=+2.565e-13)
[RMPCC 0109] OK solve=124.3ms pose=(0.979,0.527,0.064) u=(0.087,0.125) s=1.172 PSDFmin=+0.003017 G=OK(+0.009771) MF=OK(active=20/20,min=+2.135e-14,slack=+3.029e-17)
[RMPCC 0110] OK solve=263.7ms pose=(0.988,0.528,0.076) u=(0.082,0.425) s=1.181 PSDFmin=-0.0003856 G=OK(+0.001817) MF=OK(active=20/20,min=+7.481e-14,slack=+2.185e-16)
[RMPCC 0111] OK solve=266.6ms pose=(0.996,0.529,0.119) u=(0.082,0.282) s=1.189 PSDFmin=-0.0247 G=OK(+0.01234) MF=OK(active=17/20,min=+3.432e-10,slack=+7.768e-12)
[RMPCC 0112] OK solve=140.9ms pose=(1.004,0.529,0.147) u=(0.091,0.122) s=1.197 PSDFmin=+0.002239 G=OK(+1.401e-12) MF=OK(active=12/20,min=+2.985e-11,slack=+3.761e-14)
[RMPCC 0113] OK solve=265.9ms pose=(1.013,0.531,0.159) u=(0.060,0.666) s=1.206 PSDFmin=+0.003788 G=OK(+0.007973) MF=OK(active=20/20,min=+1.685e-11,slack=+1.547e-13)
[RMPCC 0114] OK solve=392.7ms pose=(1.019,0.532,0.226) u=(0.089,0.380) s=1.212 PSDFmin=+0.003021 G=OK(+3.331e-15) MF=OK(active=18/20,min=+2.853e-14,slack=+1.067e-16)
[RMPCC 0115] OK solve=405.0ms pose=(1.028,0.534,0.264) u=(0.091,0.508) s=1.221 PSDFmin=+0.006926 G=OK(+0.003783) MF=OK(active=16/20,min=+6.985e-13,slack=+2.211e-15)
[RMPCC 0116] OK solve=416.8ms pose=(1.037,0.536,0.315) u=(0.046,0.254) s=1.230 PSDFmin=-0.005243 G=OK(+0.005381) MF=OK(active=19/20,min=+6.77e-13,slack=+1.947e-15)
[RMPCC 0117] OK solve=391.7ms pose=(1.041,0.538,0.340) u=(0.092,0.427) s=1.234 PSDFmin=+0.001771 G=OK(+5.818e-14) MF=OK(active=16/20,min=+2.365e-13,slack=+2.909e-16)
[RMPCC 0118] OK solve=431.1ms pose=(1.050,0.541,0.383) u=(0.061,0.606) s=1.243 PSDFmin=+0.005259 G=OK(+0.004942) MF=OK(active=18/20,min=+4.061e-15,slack=+5.284e-16)
[RMPCC 0119] OK solve=397.9ms pose=(1.055,0.543,0.443) u=(0.048,0.288) s=1.248 PSDFmin=+0.004925 G=OK(+0.006815) MF=OK(active=18/20,min=+2.89e-10,slack=+1.083e-12)
[RMPCC 0120] OK solve=402.6ms pose=(1.060,0.545,0.472) u=(0.092,0.511) s=1.253 PSDFmin=+0.006404 G=OK(+0.001328) MF=OK(active=17/20,min=+5.459e-11,slack=+1.558e-13)
[RMPCC 0121] OK solve=376.1ms pose=(1.068,0.549,0.523) u=(0.046,0.309) s=1.264 PSDFmin=+0.006865 G=OK(+0.006544) MF=OK(active=17/20,min=+2.553e-11,slack=+1.127e-13)
[RMPCC 0122] OK solve=282.5ms pose=(1.072,0.551,0.554) u=(0.093,0.068) s=1.269 PSDFmin=+0.005577 G=OK(+0.004967) MF=OK(active=19/20,min=+5.053e-11,slack=+2.371e-13)
[RMPCC 0123] OK solve=286.2ms pose=(1.080,0.556,0.561) u=(0.047,0.877) s=1.278 PSDFmin=+0.007044 G=OK(+0.006468) MF=OK(active=20/20,min=+4.895e-11,slack=+6.542e-14)
[RMPCC 0124] OK solve=259.4ms pose=(1.084,0.559,0.649) u=(0.114,0.595) s=1.283 PSDFmin=+0.001366 G=OK(+2.212e-10) MF=OK(active=19/20,min=+3.405e-09,slack=+3.602e-12)
[RMPCC 0125] OK solve=271.7ms pose=(1.093,0.566,0.708) u=(0.058,0.297) s=1.294 PSDFmin=-0.006495 G=OK(+0.002538) MF=OK(active=20/20,min=+1.028e-11,slack=+1.884e-14)
[RMPCC 0126] OK solve=262.6ms pose=(1.097,0.569,0.738) u=(0.105,0.535) s=1.300 PSDFmin=+0.001711 G=OK(+0.005368) MF=OK(active=13/20,min=+1.622e-12,slack=+1.647e-15)
[RMPCC 0127] OK solve=266.7ms pose=(1.105,0.576,0.791) u=(0.052,0.288) s=1.310 PSDFmin=-0.0153 G=OK(+4.607e-14) MF=OK(active=20/20,min=+2.275e-13,slack=+4.492e-16)
[RMPCC 0128] OK solve=287.3ms pose=(1.108,0.580,0.820) u=(0.105,0.170) s=1.315 PSDFmin=-0.0008278 G=OK(+0.003507) MF=OK(active=8/20,min=-9.602e-13,slack=+8.429e-14)
[RMPCC 0129] OK solve=134.2ms pose=(1.116,0.588,0.837) u=(0.052,0.085) s=1.326 PSDFmin=-0.01916 G=OK(+0.003932) MF=OK(active=17/20,min=+2.958e-12,slack=+1.318e-14)
[RMPCC 0130] OK solve=142.7ms pose=(1.119,0.592,0.846) u=(0.131,-0.028) s=1.331 PSDFmin=-0.0003634 G=OK(+0.002843) MF=OK(active=8/20,min=+6.05e-14,slack=+1.025e-16)
[RMPCC 0131] OK solve=129.2ms pose=(1.128,0.602,0.843) u=(0.128,-0.481) s=1.344 PSDFmin=-0.0149 G=OK(+0.004229) MF=OK(active=17/20,min=+7.311e-12,slack=+1.695e-14)
[RMPCC 0132] OK solve=129.1ms pose=(1.136,0.611,0.795) u=(0.146,-0.403) s=1.356 PSDFmin=+0.0008485 G=OK(+0.002554) MF=OK(active=7/20,min=-4.923e-12,slack=+5.119e-14)
[RMPCC 0133] OK solve=132.6ms pose=(1.147,0.622,0.754) u=(0.123,-0.303) s=1.371 PSDFmin=-0.009552 G=OK(+0.005417) MF=OK(active=19/20,min=+3.911e-14,slack=+2.99e-17)
[RMPCC 0134] OK solve=137.7ms pose=(1.155,0.630,0.724) u=(0.096,-0.590) s=1.383 PSDFmin=+0.003868 G=OK(+0.004138) MF=OK(active=7/20,min=+2.608e-12,slack=+7.034e-15)
[RMPCC 0135] OK solve=132.9ms pose=(1.163,0.636,0.665) u=(0.113,-0.297) s=1.393 PSDFmin=-0.01017 G=OK(+0.005259) MF=OK(active=20/20,min=+1.063e-12,slack=+9.553e-16)
[RMPCC 0136] OK solve=134.5ms pose=(1.172,0.643,0.636) u=(0.109,-1.166) s=1.404 PSDFmin=+0.007374 G=OK(+0.005453) MF=OK(active=5/20,min=+3.555e-14,slack=+2.495e-17)
[RMPCC 0137] OK solve=130.8ms pose=(1.180,0.650,0.519) u=(0.140,-0.531) s=1.415 PSDFmin=-0.01607 G=OK(+0.006972) MF=OK(active=20/20,min=+2.65e-12,slack=+2.688e-14)
[RMPCC 0138] OK solve=136.4ms pose=(1.193,0.657,0.466) u=(0.070,-1.200) s=1.428 PSDFmin=+0.004897 G=OK(+0.009715) MF=OK(active=14/20,min=+8.218e-13,slack=+1.106e-15)
[RMPCC 0139] OK solve=139.0ms pose=(1.199,0.660,0.346) u=(0.165,-0.538) s=1.436 PSDFmin=+0.009861 G=OK(+0.01108) MF=OK(active=20/20,min=+5.031e-13,slack=+2.154e-15)
[RMPCC 0140] OK solve=142.2ms pose=(1.214,0.666,0.292) u=(0.093,-0.623) s=1.449 PSDFmin=-0.005551 G=OK(+0.01435) MF=OK(active=20/20,min=+1.241e-11,slack=+6.9e-15)
[RMPCC 0141] OK solve=133.8ms pose=(1.223,0.668,0.230) u=(0.100,-0.335) s=1.455 PSDFmin=+0.01351 G=OK(+0.01225) MF=OK(active=15/20,min=+1.897e-13,slack=+1.571e-14)
[RMPCC 0142] OK solve=130.7ms pose=(1.233,0.671,0.196) u=(0.070,-0.116) s=1.465 PSDFmin=+0.002285 G=OK(+0.008934) MF=OK(active=20/20,min=+3.675e-11,slack=+3.992e-13)
[RMPCC 0143] OK solve=142.9ms pose=(1.240,0.672,0.185) u=(0.128,-0.765) s=1.476 PSDFmin=+0.01419 G=OK(+0.02104) MF=OK(active=20/20,min=+1.394e-13,slack=+4.15e-16)
[RMPCC 0144] OK solve=276.1ms pose=(1.252,0.674,0.108) u=(0.086,-0.356) s=1.490 PSDFmin=+0.01978 G=OK(+0.01873) MF=OK(active=20/20,min=+8.92e-14,slack=+3.889e-16)
[RMPCC 0145] OK solve=269.6ms pose=(1.261,0.675,0.073) u=(0.058,-0.360) s=1.494 PSDFmin=-0.005209 G=OK(+0.008621) MF=OK(active=19/20,min=+2.702e-12,slack=+8.407e-15)
[RMPCC 0146] OK solve=134.3ms pose=(1.267,0.676,0.037) u=(0.143,-0.075) s=1.499 PSDFmin=+0.004787 G=OK(+0.02592) MF=OK(active=17/20,min=+8.831e-10,slack=+2.598e-12)
[RMPCC 0147] OK solve=131.9ms pose=(1.281,0.676,0.029) u=(0.075,-0.005) s=1.514 PSDFmin=-0.001212 G=OK(+5.44e-15) MF=OK(active=20/20,min=+5.343e-15,slack=+1.372e-17)
[RMPCC 0148] OK solve=142.5ms pose=(1.289,0.676,0.029) u=(0.139,-0.176) s=1.521 PSDFmin=-0.01347 G=OK(+0.01429) MF=OK(active=16/20,min=+1.796e-09,slack=+1.002e-10)
[RMPCC 0149] OK solve=148.6ms pose=(1.302,0.677,0.011) u=(0.116,0.089) s=1.537 PSDFmin=+0.001004 G=OK(+2.489e-11) MF=OK(active=18/20,min=+5.401e-11,slack=+1.657e-12)
[RMPCC 0150] OK solve=135.3ms pose=(1.314,0.677,0.020) u=(0.130,-0.087) s=1.546 PSDFmin=+0.004265 G=OK(+0.002317) MF=OK(active=20/20,min=+4.411e-09,slack=+5.611e-12)
[RMPCC 0151] OK solve=142.5ms pose=(1.327,0.677,0.011) u=(0.119,0.262) s=1.559 PSDFmin=+0.009898 G=OK(+0.009299) MF=OK(active=20/20,min=+1.367e-12,slack=+6.903e-15)
[RMPCC 0152] OK solve=135.7ms pose=(1.339,0.677,0.037) u=(0.137,0.007) s=1.571 PSDFmin=+0.002194 G=OK(+0.01841) MF=OK(active=20/20,min=+2.305e-09,slack=+7.234e-12)
[RMPCC 0153] OK solve=130.7ms pose=(1.353,0.678,0.038) u=(0.125,0.201) s=1.585 PSDFmin=-0.0008656 G=OK(+9.205e-13) MF=OK(active=20/20,min=-9.303e-14,slack=+2.67e-13)
[RMPCC 0154] OK solve=137.4ms pose=(1.365,0.678,0.058) u=(0.115,0.011) s=1.595 PSDFmin=-0.02384 G=OK(+0.009767) MF=OK(active=14/20,min=+2.419e-10,slack=+1.112e-13)
[RMPCC 0155] OK solve=141.8ms pose=(1.377,0.679,0.059) u=(0.134,-0.322) s=1.609 PSDFmin=+0.002969 G=OK(+0) MF=OK(active=17/20,min=+1.068e-14,slack=+1.742e-17)
[RMPCC 0156] OK solve=141.5ms pose=(1.390,0.680,0.027) u=(0.174,-0.027) s=1.617 PSDFmin=+0.01338 G=OK(+0.01205) MF=OK(active=20/20,min=+7.286e-15,slack=+1.831e-16)
[RMPCC 0157] OK solve=259.7ms pose=(1.407,0.680,0.024) u=(0.149,0.215) s=1.637 PSDFmin=+0.000914 G=OK(+0.01647) MF=OK(active=20/20,min=+1.572e-11,slack=+1.087e-13)
[RMPCC 0158] OK solve=398.6ms pose=(1.422,0.681,0.046) u=(0.109,0.032) s=1.654 PSDFmin=+0.006162 G=OK(+3.708e-14) MF=OK(active=18/20,min=+1.284e-13,slack=+5.097e-16)
[RMPCC 0159] OK solve=260.2ms pose=(1.433,0.681,0.049) u=(0.123,0.137) s=1.663 PSDFmin=+0.006441 G=OK(+8.535e-13) MF=OK(active=18/20,min=+3.466e-12,slack=+1.015e-14)
[RMPCC 0160] OK solve=265.0ms pose=(1.446,0.682,0.063) u=(0.089,0.288) s=1.677 PSDFmin=+0.001213 G=OK(+0.007318) MF=OK(active=20/20,min=+7.13e-15,slack=+2.456e-17)
[RMPCC 0161] OK solve=259.7ms pose=(1.454,0.682,0.092) u=(0.099,0.376) s=1.686 PSDFmin=-0.0165 G=OK(+0.01116) MF=OK(active=18/20,min=+8.89e-15,slack=+3.254e-17)
[RMPCC 0162] OK solve=131.5ms pose=(1.464,0.683,0.129) u=(0.068,0.298) s=1.691 PSDFmin=+0.001603 G=OK(+1.867e-13) MF=OK(active=12/20,min=+2.436e-12,slack=+5.534e-15)
[RMPCC 0163] OK solve=133.0ms pose=(1.471,0.684,0.159) u=(0.077,0.382) s=1.703 PSDFmin=+0.008445 G=OK(+0.008446) MF=OK(active=20/20,min=+1.103e-12,slack=+8.452e-15)
[RMPCC 0164] OK solve=130.7ms pose=(1.479,0.685,0.197) u=(0.081,0.149) s=1.711 PSDFmin=+0.004934 G=OK(+0.005161) MF=OK(active=20/20,min=+5.333e-15,slack=+2.97e-17)
[RMPCC 0165] OK solve=279.4ms pose=(1.487,0.687,0.212) u=(0.068,0.774) s=1.718 PSDFmin=-0.008942 G=OK(+0.008047) MF=OK(active=20/20,min=+3.443e-13,slack=+3.301e-15)
[RMPCC 0166] OK solve=405.6ms pose=(1.493,0.688,0.290) u=(0.087,0.636) s=1.726 PSDFmin=-0.002293 G=OK(+0.002816) MF=OK(active=10/20,min=+1.354e-11,slack=+1.86e-14)
[RMPCC 0167] OK solve=407.2ms pose=(1.502,0.691,0.353) u=(0.044,0.677) s=1.734 PSDFmin=+0.006379 G=OK(+7.782e-12) MF=OK(active=18/20,min=+7.961e-13,slack=+3.846e-15)
[RMPCC 0168] OK solve=401.9ms pose=(1.506,0.692,0.421) u=(0.077,0.306) s=1.738 PSDFmin=-0.01968 G=OK(+0.007909) MF=OK(active=19/20,min=+2.953e-12,slack=+1.394e-14)
[RMPCC 0169] OK solve=403.2ms pose=(1.513,0.695,0.451) u=(0.045,0.686) s=1.746 PSDFmin=+0.001787 G=OK(+0.006167) MF=OK(active=14/20,min=+2.75e-08,slack=+1.662e-11)
[RMPCC 0170] OK solve=419.0ms pose=(1.517,0.697,0.520) u=(0.097,0.301) s=1.750 PSDFmin=+0.003887 G=OK(+0.00742) MF=OK(active=18/20,min=+3.473e-11,slack=+4.673e-14)
[RMPCC 0171] OK solve=404.9ms pose=(1.525,0.702,0.550) u=(0.072,0.435) s=1.762 PSDFmin=+0.004365 G=OK(+4.581e-13) MF=OK(active=19/20,min=+2.987e-12,slack=+1.541e-14)
[RMPCC 0172] OK solve=260.6ms pose=(1.531,0.706,0.594) u=(0.065,0.578) s=1.769 PSDFmin=+0.009199 G=OK(+0.007911) MF=OK(active=17/20,min=+3.571e-12,slack=+3.731e-15)
[RMPCC 0173] OK solve=253.8ms pose=(1.537,0.710,0.651) u=(0.143,0.194) s=1.778 PSDFmin=+0.00243 G=OK(+1.821e-13) MF=OK(active=20/20,min=+4.999e-12,slack=+2.855e-14)
[RMPCC 0174] OK solve=430.8ms pose=(1.548,0.718,0.671) u=(0.080,0.407) s=1.792 PSDFmin=+0.002611 G=OK(+0.0009478) MF=OK(active=19/20,min=+2.516e-12,slack=+2.217e-14)
[RMPCC 0175] OK solve=273.9ms pose=(1.554,0.723,0.711) u=(0.040,0.765) s=1.798 PSDFmin=-0.003971 G=OK(+5.329e-15) MF=OK(active=19/20,min=+4.266e-14,slack=+2.409e-16)
[RMPCC 0176] OK solve=275.4ms pose=(1.557,0.726,0.788) u=(0.102,0.575) s=1.807 PSDFmin=-0.003025 G=OK(+1.606e-11) MF=OK(active=13/20,min=+1.758e-10,slack=+1.018e-12)
[RMPCC 0177] OK solve=262.7ms pose=(1.565,0.733,0.845) u=(0.068,0.274) s=1.812 PSDFmin=+0.006287 G=OK(+0.005568) MF=OK(active=13/20,min=+1.888e-09,slack=+2.968e-12)
[RMPCC 0178] OK solve=133.7ms pose=(1.569,0.738,0.873) u=(0.124,0.052) s=1.823 PSDFmin=+0.005041 G=OK(+0.005413) MF=OK(active=20/20,min=+2.665e-13,slack=+1.246e-14)
[RMPCC 0179] OK solve=134.9ms pose=(1.577,0.748,0.878) u=(0.150,-0.199) s=1.839 PSDFmin=-0.001237 G=OK(+0.005048) MF=OK(active=20/20,min=+1.674e-13,slack=+1.133e-14)
[RMPCC 0180] OK solve=136.0ms pose=(1.587,0.759,0.858) u=(0.235,-0.229) s=1.845 PSDFmin=+0.006513 G=OK(+0.005956) MF=OK(active=19/20,min=+1.699e-12,slack=+2.376e-14)
[RMPCC 0181] OK solve=140.9ms pose=(1.602,0.777,0.835) u=(0.117,-0.803) s=1.874 PSDFmin=-0.02189 G=OK(+1.933e-11) MF=OK(active=20/20,min=+4.382e-11,slack=+8.265e-14)
[RMPCC 0182] OK solve=130.7ms pose=(1.610,0.786,0.755) u=(0.082,-1.200) s=1.880 PSDFmin=-0.0005679 G=OK(+1.998e-14) MF=OK(active=14/20,min=+3.941e-13,slack=+6.217e-16)
[RMPCC 0183] OK solve=274.9ms pose=(1.616,0.791,0.635) u=(0.127,-0.568) s=1.888 PSDFmin=-0.006243 G=OK(+0.006847) MF=OK(active=17/20,min=+3.674e-12,slack=+2.141e-14)
[RMPCC 0184] OK solve=419.9ms pose=(1.626,0.799,0.578) u=(0.132,-1.200) s=1.900 PSDFmin=-0.02529 G=OK(+0.007993) MF=OK(active=10/20,min=+1.781e-15,slack=+3.447e-17)
[RMPCC 0185] OK solve=270.1ms pose=(1.637,0.806,0.458) u=(0.116,-0.594) s=1.914 PSDFmin=-0.004857 G=OK(+0.01045) MF=OK(active=15/20,min=+4.598e-11,slack=+2.799e-14)
[RMPCC 0186] OK solve=132.7ms pose=(1.648,0.811,0.399) u=(0.079,-0.771) s=1.925 PSDFmin=+0.006047 G=OK(+0.01266) MF=OK(active=16/20,min=+1.495e-12,slack=+9.743e-15)
[RMPCC 0187] OK solve=300.7ms pose=(1.655,0.814,0.322) u=(0.104,-0.716) s=1.933 PSDFmin=-0.0001404 G=OK(+1.177e-11) MF=OK(active=20/20,min=+5.846e-10,slack=+7.923e-13)
[RMPCC 0188] OK solve=273.5ms pose=(1.665,0.818,0.250) u=(0.102,-0.302) s=1.939 PSDFmin=-0.001622 G=OK(+0.01479) MF=OK(active=17/20,min=+5.29e-11,slack=+1.021e-13)
[RMPCC 0189] OK solve=137.0ms pose=(1.675,0.820,0.220) u=(0.096,-1.200) s=1.952 PSDFmin=-0.001014 G=OK(+1.177e-14) MF=OK(active=19/20,min=+5.024e-14,slack=+5.002e-16)
[RMPCC 0190] OK solve=277.5ms pose=(1.684,0.822,0.100) u=(0.123,-0.557) s=1.954 PSDFmin=+0.004989 G=OK(+0.005553) MF=OK(active=17/20,min=+6.681e-13,slack=+1.088e-15)
[RMPCC 0191] OK solve=397.8ms pose=(1.696,0.823,0.044) u=(0.072,-0.315) s=1.967 PSDFmin=-0.005616 G=OK(+0.01436) MF=OK(active=19/20,min=+2.747e-14,slack=+6.162e-15)
[RMPCC 0192] OK solve=264.1ms pose=(1.703,0.824,0.013) u=(0.121,-0.168) s=1.974 PSDFmin=+0.006475 G=OK(+0.009193) MF=OK(active=17/20,min=+8.096e-11,slack=+5.203e-13)
[RMPCC 0193] OK solve=267.8ms pose=(1.715,0.824,-0.004) u=(0.076,-0.653) s=1.986 PSDFmin=+0.01247 G=OK(+0.008498) MF=OK(active=20/20,min=+2.503e-11,slack=+6.128e-14)
[RMPCC 0194] OK solve=490.7ms pose=(1.723,0.824,-0.069) u=(0.123,-0.252) s=1.993 PSDFmin=-0.00133 G=OK(+2.074e-11) MF=OK(active=17/20,min=+1.662e-11,slack=+6.727e-14)
[RMPCC 0195] OK solve=416.0ms pose=(1.735,0.823,-0.095) u=(0.090,-0.211) s=1.996 PSDFmin=-0.006976 G=OK(+0.006589) MF=OK(active=16/20,min=+1.568e-10,slack=+1.816e-13)
[RMPCC 0196] OK solve=417.3ms pose=(1.744,0.822,-0.116) u=(0.090,0.052) s=2.010 PSDFmin=+0.01022 G=OK(+0.009353) MF=OK(active=17/20,min=+1.816e-11,slack=+4.404e-14)
[RMPCC 0197] OK solve=433.7ms pose=(1.753,0.821,-0.110) u=(0.126,-0.674) s=2.011 PSDFmin=+0.004277 G=OK(+0.004366) MF=OK(active=18/20,min=+1.874e-12,slack=+2.112e-14)
[RMPCC 0198] OK solve=410.9ms pose=(1.766,0.820,-0.178) u=(0.081,-0.374) s=2.027 PSDFmin=+0.007959 G=OK(+0.004715) MF=OK(active=18/20,min=+5.008e-12,slack=+5.459e-15)
[RMPCC 0199] OK solve=408.4ms pose=(1.774,0.818,-0.215) u=(0.129,-0.328) s=2.044 PSDFmin=+0.002516 G=OK(+0.001519) MF=OK(active=18/20,min=+8.359e-11,slack=+2.114e-13)
[RMPCC 0200] OK solve=408.3ms pose=(1.786,0.815,-0.248) u=(0.065,-0.798) s=2.046 PSDFmin=+0.006945 G=OK(+0.00313) MF=OK(active=19/20,min=+6.565e-09,slack=+4.899e-12)
[RMPCC 0201] OK solve=396.3ms pose=(1.793,0.814,-0.328) u=(0.061,-0.691) s=2.062 PSDFmin=+0.00318 G=OK(+0.002525) MF=OK(active=19/20,min=+6.765e-13,slack=+1.486e-15)
[RMPCC 0202] OK solve=394.9ms pose=(1.798,0.812,-0.397) u=(0.118,-0.732) s=2.065 PSDFmin=+0.008905 G=OK(+0.007058) MF=OK(active=18/20,min=+2.541e-13,slack=+2.069e-16)
[RMPCC 0203] OK solve=426.4ms pose=(1.809,0.807,-0.470) u=(0.091,-0.667) s=2.080 PSDFmin=+0.006714 G=OK(+0.006172) MF=OK(active=17/20,min=+6.608e-11,slack=+5.527e-13)
[RMPCC 0204] OK solve=403.7ms pose=(1.817,0.803,-0.537) u=(0.047,-1.099) s=2.089 PSDFmin=+0.00437 G=OK(+0.003422) MF=OK(active=18/20,min=+1.735e-09,slack=+1.545e-12)
[RMPCC 0205] OK solve=420.2ms pose=(1.821,0.801,-0.647) u=(0.099,-0.563) s=2.095 PSDFmin=+0.007073 G=OK(+0.006011) MF=OK(active=18/20,min=+3.216e-14,slack=+3.807e-15)
[RMPCC 0206] OK solve=418.2ms pose=(1.829,0.795,-0.703) u=(0.049,-1.001) s=2.103 PSDFmin=+0.001509 G=OK(+0.005682) MF=OK(active=19/20,min=+5.136e-13,slack=+2.028e-15)
[RMPCC 0207] OK solve=266.2ms pose=(1.833,0.792,-0.803) u=(0.092,-1.200) s=2.115 PSDFmin=-0.002648 G=OK(+0.004468) MF=OK(active=17/20,min=+7.538e-11,slack=+1.125e-13)
[RMPCC 0208] OK solve=129.9ms pose=(1.839,0.785,-0.923) u=(0.058,-0.587) s=2.116 PSDFmin=+0.007533 G=OK(+0.006284) MF=OK(active=19/20,min=+1.188e-17,slack=+1.19e-17)
[RMPCC 0209] OK solve=136.0ms pose=(1.843,0.780,-0.982) u=(0.059,-0.586) s=2.129 PSDFmin=+0.007266 G=OK(+0.006344) MF=OK(active=20/20,min=+6.754e-12,slack=+1.114e-14)
[RMPCC 0210] OK solve=126.4ms pose=(1.846,0.776,-1.041) u=(0.099,-0.461) s=2.130 PSDFmin=+0.00798 G=OK(+0.00658) MF=OK(active=20/20,min=+1.422e-14,slack=+1.062e-17)
[RMPCC 0211] OK solve=131.6ms pose=(1.851,0.767,-1.087) u=(0.091,-1.063) s=2.144 PSDFmin=-0.0009225 G=OK(+0.007661) MF=OK(active=20/20,min=+1.568e-11,slack=+1.466e-14)
[RMPCC 0212] OK solve=132.5ms pose=(1.855,0.759,-1.193) u=(0.131,-0.535) s=2.146 PSDFmin=+0.00502 G=OK(+0.009023) MF=OK(active=19/20,min=+1.711e-09,slack=+5.011e-14)
[RMPCC 0213] OK solve=128.2ms pose=(1.860,0.747,-1.246) u=(0.126,-0.482) s=2.160 PSDFmin=+0.01242 G=OK(+0.01088) MF=OK(active=20/20,min=+2.92e-13,slack=+3.034e-15)
[RMPCC 0214] OK solve=134.9ms pose=(1.864,0.735,-1.295) u=(0.147,-0.707) s=2.171 PSDFmin=-0.008917 G=OK(+0.0135) MF=OK(active=20/20,min=+1.335e-13,slack=+7.381e-16)
[RMPCC 0215] OK solve=144.3ms pose=(1.868,0.721,-1.365) u=(0.152,-0.602) s=2.186 PSDFmin=+0.00183 G=OK(+4.441e-15) MF=OK(active=11/20,min=+0.01121,slack=+2.358e-15)
[RMPCC 0216] OK solve=137.1ms pose=(1.871,0.706,-1.425) u=(0.170,-0.239) s=2.201 PSDFmin=+0.004353 G=OK(+0.011) MF=OK(active=20/20,min=+1.352e-08,slack=+1.765e-11)
[RMPCC 0217] OK solve=277.8ms pose=(1.874,0.689,-1.449) u=(0.190,-0.358) s=2.213 PSDFmin=+0.005763 G=OK(+0.02212) MF=OK(active=20/20,min=+1.799e-15,slack=+2.305e-17)
[RMPCC 0218] OK solve=260.2ms pose=(1.876,0.670,-1.485) u=(0.187,-0.485) s=2.232 PSDFmin=+0.009178 G=OK(+0.02285) MF=OK(active=18/20,min=+2.498e-14,slack=+1.061e-16)
[RMPCC 0219] OK solve=129.9ms pose=(1.878,0.651,-1.534) u=(0.148,-0.188) s=2.248 PSDFmin=+0.0054 G=OK(+0.01342) MF=OK(active=20/20,min=+1.809e-09,slack=+7.112e-13)
[RMPCC 0220] OK solve=136.3ms pose=(1.878,0.637,-1.552) u=(0.196,-0.166) s=2.263 PSDFmin=+0.01173 G=OK(+0.02206) MF=OK(active=20/20,min=+4.914e-18,slack=+1.994e-17)
[RMPCC 0221] OK solve=145.4ms pose=(1.879,0.617,-1.569) u=(0.150,-0.574) s=2.279 PSDFmin=-0.002676 G=OK(+9.37e-10) MF=OK(active=20/20,min=+2.052e-09,slack=+6.336e-12)
[RMPCC 0222] OK solve=146.1ms pose=(1.879,0.602,-1.626) u=(0.105,-0.259) s=2.295 PSDFmin=-0.01687 G=OK(+1.068e-12) MF=OK(active=9/20,min=+1.265e-10,slack=+1.272e-14)
[RMPCC 0223] OK solve=135.2ms pose=(1.878,0.591,-1.652) u=(0.120,-0.034) s=2.297 PSDFmin=+0.005096 G=OK(+1.066e-13) MF=OK(active=18/20,min=+3.498e-12,slack=+8.856e-15)
[RMPCC 0224] OK solve=134.2ms pose=(1.877,0.579,-1.656) u=(0.213,-0.370) s=2.313 PSDFmin=+0.007923 G=OK(+0.002071) MF=OK(active=20/20,min=+7.56e-12,slack=+2.445e-13)
[RMPCC 0225] OK solve=136.8ms pose=(1.875,0.558,-1.693) u=(0.144,-0.090) s=2.332 PSDFmin=-0.008717 G=OK(+0.01236) MF=OK(active=20/20,min=+6.401e-12,slack=+1.352e-14)
[RMPCC 0226] OK solve=142.2ms pose=(1.874,0.544,-1.702) u=(0.122,0.350) s=2.351 PSDFmin=-0.001524 G=OK(+5.606e-12) MF=OK(active=16/20,min=+1.525e-11,slack=+5.319e-14)
[RMPCC 0227] OK solve=131.7ms pose=(1.872,0.532,-1.667) u=(0.100,0.180) s=2.355 PSDFmin=+0.000904 G=OK(+1.278e-10) MF=OK(active=17/20,min=+1.005e-09,slack=+3.408e-12)
[RMPCC 0228] OK solve=137.1ms pose=(1.871,0.522,-1.649) u=(0.102,0.034) s=2.372 PSDFmin=+0.005679 G=OK(+0.01176) MF=OK(active=19/20,min=+1.087e-09,slack=+2.757e-12)
[RMPCC 0229] OK solve=132.5ms pose=(1.870,0.512,-1.645) u=(0.106,-0.372) s=2.376 PSDFmin=+0.002107 G=OK(+0.004392) MF=OK(active=20/20,min=+1.605e-14,slack=+5.973e-17)
[RMPCC 0230] OK solve=286.4ms pose=(1.869,0.501,-1.683) u=(0.072,-0.150) s=2.395 PSDFmin=-0.0198 G=OK(+0.01394) MF=OK(active=20/20,min=+3.736e-12,slack=+5.713e-15)
[RMPCC 0231] OK solve=276.6ms pose=(1.869,0.494,-1.698) u=(0.070,-0.512) s=2.396 PSDFmin=-0.004481 G=OK(+7.772e-16) MF=OK(active=12/20,min=+5.689e-14,slack=+4.532e-17)
[RMPCC 0232] OK solve=127.4ms pose=(1.868,0.487,-1.749) u=(0.057,-0.405) s=2.413 PSDFmin=-0.001283 G=OK(+6.216e-10) MF=OK(active=9/20,min=+3.103e-09,slack=+2.719e-11)
[RMPCC 0233] OK solve=266.3ms pose=(1.867,0.481,-1.789) u=(0.070,-0.160) s=2.413 PSDFmin=-0.001623 G=OK(+0.003303) MF=OK(active=16/20,min=+8.567e-12,slack=+4.721e-14)
[RMPCC 0234] OK solve=389.1ms pose=(1.865,0.475,-1.805) u=(0.095,-0.286) s=2.427 PSDFmin=-0.004751 G=OK(+0.001197) MF=OK(active=16/20,min=+9.755e-13,slack=+2.116e-15)
[RMPCC 0235] OK solve=410.5ms pose=(1.863,0.465,-1.834) u=(0.048,-0.835) s=2.430 PSDFmin=-0.009927 G=OK(+0.004466) MF=OK(active=13/20,min=+1.484e-12,slack=+6.071e-15)
[RMPCC 0236] OK solve=436.3ms pose=(1.862,0.461,-1.918) u=(0.083,-0.389) s=2.441 PSDFmin=-0.0005776 G=OK(+2.638e-11) MF=OK(active=10/20,min=+2.968e-10,slack=+4.05e-13)
[RMPCC 0237] OK solve=398.8ms pose=(1.859,0.453,-1.956) u=(0.042,-0.267) s=2.447 PSDFmin=+0.006309 G=OK(+0.005758) MF=OK(active=17/20,min=+1.198e-11,slack=+1.481e-14)
[RMPCC 0238] OK solve=399.4ms pose=(1.857,0.449,-1.983) u=(0.098,-0.367) s=2.453 PSDFmin=+0.003712 G=OK(+0.004354) MF=OK(active=19/20,min=+1.329e-10,slack=+3.488e-13)
[RMPCC 0239] OK solve=413.3ms pose=(1.853,0.440,-2.020) u=(0.049,-0.601) s=2.462 PSDFmin=+0.006539 G=OK(+0.004843) MF=OK(active=19/20,min=+7.967e-11,slack=+8.066e-14)
[RMPCC 0240] OK solve=408.2ms pose=(1.851,0.436,-2.080) u=(0.198,-0.170) s=2.466 PSDFmin=-0.006759 G=OK(+0.0006997) MF=OK(active=18/20,min=+3.23e-10,slack=+2.484e-12)
[RMPCC 0241] OK solve=247.3ms pose=(1.842,0.418,-2.097) u=(0.104,-0.705) s=2.491 PSDFmin=-0.01356 G=OK(+4.635e-09) MF=OK(active=10/20,min=+8.322e-08,slack=+6.187e-11)
[RMPCC 0242] OK solve=145.0ms pose=(1.836,0.409,-2.167) u=(0.052,-0.781) s=2.502 PSDFmin=+0.009104 G=OK(+0.007865) MF=OK(active=17/20,min=+1.764e-10,slack=+1.868e-13)
[RMPCC 0243] OK solve=271.5ms pose=(1.834,0.405,-2.246) u=(0.026,-0.391) s=2.505 PSDFmin=-0.02879 G=OK(+1.11e-16) MF=OK(active=20/20,min=-1.638e-15,slack=+0.2942)
[RMPCC 0244] OK solve=410.3ms pose=(1.832,0.403,-2.285) u=(0.095,-0.384) s=2.512 PSDFmin=+0.003543 G=OK(+0.003542) MF=OK(active=11/20,min=+7.243e-11,slack=+7.627e-14)
[RMPCC 0245] OK solve=455.1ms pose=(1.826,0.396,-2.323) u=(0.069,-0.662) s=2.523 PSDFmin=+0.007524 G=OK(+0.005624) MF=OK(active=18/20,min=+6.836e-09,slack=+2.322e-11)
[RMPCC 0246] OK solve=267.3ms pose=(1.821,0.391,-2.389) u=(0.077,-0.316) s=2.524 PSDFmin=-0.02506 G=OK(+0.005856) MF=OK(active=19/20,min=+8.353e-14,slack=+3.746e-16)
[RMPCC 0247] OK solve=138.9ms pose=(1.815,0.385,-2.421) u=(0.126,-0.073) s=2.533 PSDFmin=+0.004129 G=OK(+0.007781) MF=OK(active=17/20,min=+1.532e-11,slack=+4.746e-14)
[RMPCC 0248] OK solve=136.0ms pose=(1.806,0.377,-2.428) u=(0.158,0.019) s=2.544 PSDFmin=-0.008642 G=OK(+0.005943) MF=OK(active=20/20,min=+2.329e-18,slack=+1.621e-17)
[RMPCC 0249] OK solve=130.2ms pose=(1.794,0.367,-2.426) u=(0.116,0.560) s=2.565 PSDFmin=-0.004852 G=OK(+0.0001762) MF=OK(active=14/20,min=+4.67e-10,slack=+1.792e-12)
[RMPCC 0250] OK solve=136.5ms pose=(1.785,0.359,-2.370) u=(0.093,0.529) s=2.576 PSDFmin=+0.00112 G=OK(+0.001373) MF=OK(active=8/20,min=+1.212e-13,slack=+3.617e-16)
[RMPCC 0251] OK solve=142.7ms pose=(1.779,0.353,-2.317) u=(0.139,0.196) s=2.586 PSDFmin=-0.002223 G=OK(+0.004865) MF=OK(active=20/20,min=+8.985e-15,slack=+1.05e-16)
[RMPCC 0252] OK solve=270.1ms pose=(1.769,0.343,-2.298) u=(0.084,0.143) s=2.597 PSDFmin=-0.008227 G=OK(+0.005058) MF=OK(active=19/20,min=+3.226e-11,slack=+2.56e-13)
[RMPCC 0253] OK solve=266.3ms pose=(1.764,0.336,-2.283) u=(0.114,1.128) s=2.607 PSDFmin=+0.003891 G=OK(+0.004396) MF=OK(active=16/20,min=+6.329e-11,slack=+2.912e-13)
[RMPCC 0254] OK solve=131.0ms pose=(1.756,0.328,-2.171) u=(0.108,0.540) s=2.618 PSDFmin=-0.01349 G=OK(+0.004546) MF=OK(active=20/20,min=+9.484e-12,slack=+1.582e-14)
[RMPCC 0255] OK solve=130.3ms pose=(1.750,0.319,-2.117) u=(0.086,1.200) s=2.624 PSDFmin=-0.007668 G=OK(+1.088e-09) MF=OK(active=14/20,min=+5e-10,slack=+8.24e-13)
[RMPCC 0256] OK solve=133.5ms pose=(1.746,0.311,-1.997) u=(0.126,0.561) s=2.633 PSDFmin=-0.0008686 G=OK(+0.003238) MF=OK(active=14/20,min=+3.35e-11,slack=+1.875e-13)
[RMPCC 0257] OK solve=268.8ms pose=(1.740,0.300,-1.940) u=(0.092,1.047) s=2.645 PSDFmin=+0.00523 G=OK(+0.007216) MF=OK(active=17/20,min=+3.56e-15,slack=+2.204e-17)
[RMPCC 0258] OK solve=275.5ms pose=(1.737,0.291,-1.836) u=(0.141,0.463) s=2.654 PSDFmin=-0.007395 G=OK(+0.0132) MF=OK(active=19/20,min=+7.242e-11,slack=+1.971e-13)
[RMPCC 0259] OK solve=129.0ms pose=(1.733,0.278,-1.789) u=(0.092,1.035) s=2.664 PSDFmin=-0.03092 G=OK(+0.0174) MF=OK(active=19/20,min=+3.47e-12,slack=+4.626e-16)
[RMPCC 0260] OK solve=134.6ms pose=(1.731,0.269,-1.686) u=(0.102,0.482) s=2.670 PSDFmin=-0.007566 G=OK(+1.791e-10) MF=OK(active=5/20,min=+0.1904,slack=+2.903e-12)
[RMPCC 0261] OK solve=147.4ms pose=(1.730,0.259,-1.638) u=(0.136,0.114) s=2.681 PSDFmin=+0.000257 G=OK(+0.002649) MF=OK(active=15/20,min=+3.193e-12,slack=+2.058e-14)
[RMPCC 0262] OK solve=291.5ms pose=(1.729,0.245,-1.626) u=(0.091,0.055) s=2.693 PSDFmin=-0.0006453 G=OK(+0.01753) MF=OK(active=18/20,min=+2.764e-17,slack=+2.764e-17)
[RMPCC 0263] OK solve=264.8ms pose=(1.729,0.236,-1.621) u=(0.082,0.435) s=2.699 PSDFmin=-0.004856 G=OK(+3.331e-15) MF=OK(active=17/20,min=+5.999e-15,slack=+1.32e-17)
[RMPCC 0264] OK solve=135.6ms pose=(1.728,0.228,-1.577) u=(0.077,0.224) s=2.710 PSDFmin=-0.004481 G=OK(+6.029e-09) MF=OK(active=13/20,min=+5.797e-09,slack=+4.392e-12)
[RMPCC 0265] OK solve=267.7ms pose=(1.728,0.220,-1.555) u=(0.089,-0.023) s=2.716 PSDFmin=+0.007324 G=OK(+1.017e-11) MF=OK(active=18/20,min=+1.863e-11,slack=+1.444e-13)
[RMPCC 0266] OK solve=273.8ms pose=(1.728,0.211,-1.557) u=(0.078,0.534) s=2.722 PSDFmin=-0.002369 G=OK(+1.02e-12) MF=OK(active=19/20,min=+1.113e-11,slack=+1.987e-14)
[RMPCC 0267] OK solve=131.9ms pose=(1.729,0.203,-1.504) u=(0.095,0.253) s=2.728 PSDFmin=+0.01077 G=OK(+0.01356) MF=OK(active=15/20,min=+5.332e-13,slack=+1.365e-15)
[RMPCC 0268] OK solve=133.9ms pose=(1.729,0.194,-1.479) u=(0.073,0.229) s=2.740 PSDFmin=+0.0007554 G=OK(+0.003308) MF=OK(active=20/20,min=+1.07e-14,slack=+4.981e-17)
[RMPCC 0269] OK solve=135.6ms pose=(1.730,0.186,-1.456) u=(0.058,0.415) s=2.745 PSDFmin=-0.0113 G=OK(+0.007206) MF=OK(active=18/20,min=+6.299e-12,slack=+1.81e-14)
[RMPCC 0270] OK solve=141.4ms pose=(1.730,0.181,-1.414) u=(0.061,0.221) s=2.751 PSDFmin=+0.00736 G=OK(+0.007863) MF=OK(active=18/20,min=+2.422e-13,slack=+5.761e-16)
[RMPCC 0271] OK solve=127.4ms pose=(1.731,0.175,-1.392) u=(0.072,0.235) s=2.757 PSDFmin=+0.01051 G=OK(+0.009728) MF=OK(active=20/20,min=+1.911e-11,slack=+2.989e-14)
[RMPCC 0272] OK solve=139.9ms pose=(1.733,0.168,-1.369) u=(0.048,0.454) s=2.769 PSDFmin=+0.007328 G=OK(+0.006222) MF=OK(active=20/20,min=+1.4e-14,slack=+3.591e-15)
[RMPCC 0273] OK solve=137.0ms pose=(1.734,0.163,-1.323) u=(0.088,0.354) s=2.769 PSDFmin=+0.008741 G=OK(+0.01006) MF=OK(active=20/20,min=+1.741e-09,slack=+9.827e-12)
[RMPCC 0274] OK solve=143.7ms pose=(1.736,0.154,-1.288) u=(0.047,0.702) s=2.781 PSDFmin=+0.00367 G=OK(+0.002931) MF=OK(active=20/20,min=+4.882e-10,slack=+1.556e-13)
[RMPCC 0275] OK solve=136.3ms pose=(1.737,0.150,-1.218) u=(0.046,0.329) s=2.786 PSDFmin=+0.004982 G=OK(+0.01067) MF=OK(active=20/20,min=+8.998e-09,slack=+4.642e-12)
[RMPCC 0276] OK solve=134.0ms pose=(1.739,0.146,-1.185) u=(0.027,0.437) s=2.792 PSDFmin=+0.004881 G=OK(+0.004579) MF=OK(active=20/20,min=+1.74e-08,slack=+1.432e-11)
[RMPCC 0277] OK solve=135.8ms pose=(1.740,0.143,-1.141) u=(0.041,0.437) s=2.796 PSDFmin=+0.007875 G=OK(+0.00694) MF=OK(active=20/20,min=+6.203e-12,slack=+2.458e-15)
[RMPCC 0278] OK solve=132.7ms pose=(1.741,0.139,-1.097) u=(0.031,0.397) s=2.800 PSDFmin=+0.006699 G=OK(+0.005937) MF=OK(active=20/20,min=+9.509e-11,slack=+3.269e-12)
[RMPCC 0279] OK solve=261.6ms pose=(1.743,0.137,-1.058) u=(0.031,0.428) s=2.802 PSDFmin=+0.007168 G=OK(+0.006114) MF=OK(active=20/20,min=+1.476e-09,slack=+2.338e-12)
[RMPCC 0280] OK solve=295.5ms pose=(1.744,0.134,-1.015) u=(0.030,0.369) s=2.805 PSDFmin=+0.007103 G=OK(+0.006119) MF=OK(active=19/20,min=+3.331e-11,slack=+1.583e-12)
[RMPCC 0281] OK solve=134.8ms pose=(1.746,0.131,-0.978) u=(0.029,0.383) s=2.810 PSDFmin=+0.007016 G=OK(+0.005969) MF=OK(active=20/20,min=+3.135e-09,slack=+1.641e-12)
[RMPCC 0282] OK solve=139.7ms pose=(1.748,0.129,-0.940) u=(0.027,0.341) s=2.812 PSDFmin=+0.007198 G=OK(+0.006173) MF=OK(active=20/20,min=+5.638e-10,slack=+4.911e-13)
[RMPCC 0283] OK solve=137.8ms pose=(1.749,0.127,-0.906) u=(0.030,0.330) s=2.816 PSDFmin=+0.007173 G=OK(+0.006146) MF=OK(active=20/20,min=+1.624e-09,slack=+5.856e-13)
[RMPCC 0284] OK solve=140.3ms pose=(1.751,0.124,-0.873) u=(0.025,0.314) s=2.818 PSDFmin=+0.00721 G=OK(+0.006173) MF=OK(active=20/20,min=+1.01e-07,slack=+1.722e-11)
[RMPCC 0285] OK solve=129.6ms pose=(1.753,0.123,-0.841) u=(0.027,0.298) s=2.820 PSDFmin=+0.007163 G=OK(+0.006138) MF=OK(active=20/20,min=+3.47e-11,slack=+2.566e-12)
[RMPCC 0286] OK solve=136.1ms pose=(1.754,0.121,-0.811) u=(0.026,0.311) s=2.825 PSDFmin=+0.007059 G=OK(+0.006017) MF=OK(active=20/20,min=+2.917e-09,slack=+4.353e-13)
[RMPCC 0287] OK solve=138.7ms pose=(1.756,0.119,-0.780) u=(0.024,0.330) s=2.827 PSDFmin=+0.006828 G=OK(+0.005796) MF=OK(active=20/20,min=+4.743e-07,slack=+7.167e-11)
[RMPCC 0288] OK solve=142.7ms pose=(1.758,0.117,-0.747) u=(0.022,0.338) s=2.829 PSDFmin=+0.00663 G=OK(+0.005601) MF=OK(active=20/20,min=+6.856e-12,slack=+4.633e-14)
[RMPCC 0289] OK solve=132.6ms pose=(1.760,0.115,-0.713) u=(0.022,0.319) s=2.831 PSDFmin=+0.006592 G=OK(+0.005564) MF=OK(active=20/20,min=+0.002404,slack=+1.578e-16)
[RMPCC 0290] OK solve=133.0ms pose=(1.761,0.114,-0.682) u=(0.022,0.296) s=2.833 PSDFmin=+0.006594 G=OK(+0.005569) MF=OK(active=20/20,min=+0.02256,slack=+4.389e-16)
[RMPCC 0291] OK solve=140.4ms pose=(1.763,0.113,-0.652) u=(0.021,0.275) s=2.835 PSDFmin=+0.006593 G=OK(+0.005568) MF=OK(active=20/20,min=+0.03978,slack=+2.246e-17)
[RMPCC 0292] OK solve=136.2ms pose=(1.765,0.111,-0.625) u=(0.021,0.255) s=2.837 PSDFmin=+0.006603 G=OK(+0.005578) MF=OK(active=20/20,min=+0.05523,slack=+5.336e-12)
[RMPCC 0293] OK solve=145.8ms pose=(1.766,0.110,-0.599) u=(0.021,0.237) s=2.839 PSDFmin=+0.00661 G=OK(+0.005587) MF=OK(active=20/20,min=+0.07063,slack=+3.96e-17)
[RMPCC 0294] OK solve=142.4ms pose=(1.768,0.109,-0.575) u=(0.020,0.220) s=2.841 PSDFmin=+0.006626 G=OK(+0.005601) MF=OK(active=20/20,min=+0.08609,slack=+1.078e-13)
[RMPCC 0295] OK solve=131.3ms pose=(1.770,0.108,-0.553) u=(0.020,0.205) s=2.843 PSDFmin=+0.006644 G=OK(+0.00562) MF=OK(active=20/20,min=+0.1013,slack=+3.063e-17)
[RMPCC 0296] OK solve=130.8ms pose=(1.771,0.107,-0.533) u=(0.020,0.191) s=2.845 PSDFmin=+0.006661 G=OK(+0.005638) MF=OK(active=20/20,min=+0.1159,slack=+6.119e-17)
[RMPCC 0297] OK solve=138.3ms pose=(1.773,0.106,-0.514) u=(0.019,0.178) s=2.848 PSDFmin=+0.00668 G=OK(+0.005656) MF=OK(active=20/20,min=+0.1301,slack=+9.264e-15)
[RMPCC 0298] OK solve=134.4ms pose=(1.775,0.105,-0.496) u=(0.019,0.166) s=2.850 PSDFmin=+0.006698 G=OK(+0.005674) MF=OK(active=20/20,min=+0.1437,slack=+3.792e-13)
[RMPCC 0299] OK solve=140.4ms pose=(1.776,0.104,-0.479) u=(0.019,0.155) s=2.852 PSDFmin=+0.006725 G=OK(+0.005702) MF=OK(active=20/20,min=+0.1563,slack=+1.021e-12)
[RMPCC 0300] OK solve=134.2ms pose=(1.778,0.103,-0.464) u=(0.019,0.145) s=2.854 PSDFmin=+0.006766 G=OK(+0.005745) MF=OK(active=20/20,min=+0.1676,slack=+2.242e-14)
[RMPCC 0301] OK solve=140.8ms pose=(1.780,0.102,-0.449) u=(0.016,0.135) s=2.854 PSDFmin=+0.006818 G=OK(+0.005802) MF=OK(active=20/20,min=+0.177,slack=+2.979e-17)
[RMPCC 0302] OK solve=141.3ms pose=(1.781,0.102,-0.436) u=(0.016,0.126) s=2.856 PSDFmin=+0.006876 G=OK(+0.00586) MF=OK(active=20/20,min=+0.1835,slack=+8.188e-14)
[RMPCC 0303] OK solve=141.4ms pose=(1.783,0.101,-0.423) u=(0.016,0.118) s=2.858 PSDFmin=+0.006941 G=OK(+0.005926) MF=OK(active=20/20,min=+0.1893,slack=+4.537e-17)
[RMPCC 0304] OK solve=150.0ms pose=(1.784,0.100,-0.411) u=(0.016,0.111) s=2.860 PSDFmin=+0.007014 G=OK(+0.005999) MF=OK(active=20/20,min=+0.1937,slack=+4.344e-17)
[RMPCC 0305] OK solve=128.0ms pose=(1.785,0.100,-0.400) u=(0.014,0.104) s=2.860 PSDFmin=+0.007092 G=OK(+0.006081) MF=OK(active=20/20,min=+0.1967,slack=+3.176e-17)
[RMPCC 0306] OK solve=139.6ms pose=(1.787,0.099,-0.390) u=(0.014,0.098) s=2.862 PSDFmin=+0.007173 G=OK(+0.006162) MF=OK(active=20/20,min=+0.1982,slack=+5.226e-17)
[RMPCC 0307] OK solve=138.9ms pose=(1.788,0.099,-0.380) u=(0.012,0.092) s=2.862 PSDFmin=+0.007257 G=OK(+0.006248) MF=OK(active=20/20,min=+0.1993,slack=+3.905e-14)
[RMPCC 0308] OK solve=133.7ms pose=(1.789,0.098,-0.371) u=(0.013,0.087) s=2.864 PSDFmin=+0.007341 G=OK(+0.006332) MF=OK(active=20/20,min=+0.1996,slack=+5.108e-13)
[RMPCC 0309] OK solve=132.9ms pose=(1.790,0.098,-0.362) u=(0.013,0.082) s=2.866 PSDFmin=+0.007428 G=OK(+0.006419) MF=OK(active=20/20,min=+0.1999,slack=+1.717e-16)
[RMPCC 0310] OK solve=138.8ms pose=(1.792,0.097,-0.354) u=(0.011,0.077) s=2.866 PSDFmin=+0.007516 G=OK(+0.006509) MF=OK(active=20/20,min=+0.2,slack=+3.33e-14)
[RMPCC 0311] OK solve=144.0ms pose=(1.793,0.097,-0.346) u=(0.012,0.073) s=2.869 PSDFmin=+0.007605 G=OK(+0.006597) MF=OK(active=20/20,min=+0.2,slack=+3.281e-17)
[RMPCC 0312] OK solve=132.8ms pose=(1.794,0.096,-0.339) u=(0.010,0.069) s=2.869 PSDFmin=+0.007694 G=OK(+0.006688) MF=OK(active=20/20,min=+0.2,slack=+8.819e-16)
[RMPCC 0313] OK solve=141.5ms pose=(1.795,0.096,-0.332) u=(0.011,0.065) s=2.871 PSDFmin=+0.007782 G=OK(+0.006776) MF=OK(active=20/20,min=+0.2,slack=+6.47e-14)
[RMPCC 0314] OK solve=141.8ms pose=(1.796,0.096,-0.326) u=(0.010,0.061) s=2.871 PSDFmin=+0.00787 G=OK(+0.006865) MF=OK(active=20/20,min=+0.2,slack=+2.68e-17)
[RMPCC 0315] OK solve=133.4ms pose=(1.797,0.095,-0.320) u=(0.009,0.058) s=2.871 PSDFmin=+0.007956 G=OK(+0.006952) MF=OK(active=20/20,min=+0.2,slack=+2.069e-16)
[RMPCC 0316] OK solve=137.3ms pose=(1.798,0.095,-0.314) u=(0.009,0.055) s=2.873 PSDFmin=+0.008041 G=OK(+0.007037) MF=OK(active=20/20,min=+0.2,slack=+4.739e-13)
[RMPCC 0317] OK solve=135.7ms pose=(1.798,0.095,-0.308) u=(0.008,0.052) s=2.873 PSDFmin=+0.008125 G=OK(+0.007121) MF=OK(active=20/20,min=+0.2,slack=+9.286e-15)
[RMPCC 0318] OK solve=125.8ms pose=(1.799,0.095,-0.303) u=(0.008,0.050) s=2.874 PSDFmin=+0.008206 G=OK(+0.007203) MF=OK(active=20/20,min=+0.2,slack=+6.676e-15)
[RMPCC 0319] OK solve=138.4ms pose=(1.800,0.094,-0.298) u=(0.008,0.047) s=2.875 PSDFmin=+0.008286 G=OK(+0.007283) MF=OK(active=20/20,min=+0.2,slack=+2.259e-15)
[RMPCC 0320] OK solve=135.1ms pose=(1.801,0.094,-0.293) u=(0.007,0.045) s=2.875 PSDFmin=+0.008365 G=OK(+0.007362) MF=OK(active=20/20,min=+0.2,slack=+8.043e-15)
[RMPCC 0321] OK solve=128.5ms pose=(1.801,0.094,-0.289) u=(0.007,0.043) s=2.876 PSDFmin=+0.008442 G=OK(+0.007439) MF=OK(active=20/20,min=+0.2,slack=+9.751e-15)
[RMPCC 0322] OK solve=131.0ms pose=(1.802,0.094,-0.285) u=(0.007,0.041) s=2.877 PSDFmin=+0.008516 G=OK(+0.007514) MF=OK(active=20/20,min=+0.2,slack=+3.58e-14)
[RMPCC 0323] OK solve=136.2ms pose=(1.803,0.094,-0.281) u=(0.007,0.039) s=2.877 PSDFmin=+0.00859 G=OK(+0.007588) MF=OK(active=20/20,min=+0.2,slack=+6.378e-14)
[RMPCC 0324] OK solve=149.2ms pose=(1.803,0.093,-0.277) u=(0.006,0.037) s=2.878 PSDFmin=+0.008661 G=OK(+0.007659) MF=OK(active=20/20,min=+0.2,slack=+1.321e-13)
[RMPCC 0325] OK solve=137.3ms pose=(1.804,0.093,-0.273) u=(0.007,0.035) s=2.879 PSDFmin=+0.008731 G=OK(+0.007729) MF=OK(active=20/20,min=+0.2,slack=+2.183e-13)
[RMPCC 0326] OK solve=132.5ms pose=(1.805,0.093,-0.270) u=(0.006,0.034) s=2.879 PSDFmin=+0.008799 G=OK(+0.007797) MF=OK(active=20/20,min=+0.2,slack=+3.993e-13)
[RMPCC 0327] OK solve=138.1ms pose=(1.805,0.093,-0.266) u=(0.006,0.032) s=2.880 PSDFmin=+0.008866 G=OK(+0.007864) MF=OK(active=20/20,min=+0.2,slack=+5.525e-13)
[RMPCC 0328] OK solve=129.6ms pose=(1.806,0.093,-0.263) u=(0.005,0.031) s=2.880 PSDFmin=+0.00893 G=OK(+0.007929) MF=OK(active=20/20,min=+0.2,slack=+8.038e-13)
[RMPCC 0329] OK solve=133.3ms pose=(1.806,0.093,-0.260) u=(0.005,0.030) s=2.881 PSDFmin=+0.008994 G=OK(+0.007992) MF=OK(active=20/20,min=+0.2,slack=+1.101e-12)
[RMPCC 0330] OK solve=127.1ms pose=(1.807,0.092,-0.257) u=(0.005,0.028) s=2.882 PSDFmin=+0.009055 G=OK(+0.008054) MF=OK(active=20/20,min=+0.2,slack=+1.371e-12)
[RMPCC 0331] OK solve=140.6ms pose=(1.807,0.092,-0.254) u=(0.005,0.027) s=2.882 PSDFmin=+0.009115 G=OK(+0.008114) MF=OK(active=20/20,min=+0.2,slack=+1.577e-12)
[RMPCC 0332] OK solve=133.7ms pose=(1.808,0.092,-0.251) u=(0.005,0.026) s=2.883 PSDFmin=+0.009174 G=OK(+0.008173) MF=OK(active=20/20,min=+0.2,slack=+1.608e-12)
[RMPCC 0333] OK solve=133.0ms pose=(1.808,0.092,-0.249) u=(0.005,0.025) s=2.883 PSDFmin=+0.00923 G=OK(+0.008229) MF=OK(active=20/20,min=+0.2,slack=+1.449e-12)
[RMPCC 0334] OK solve=136.7ms pose=(1.809,0.092,-0.246) u=(0.004,0.024) s=2.883 PSDFmin=+0.009285 G=OK(+0.008284) MF=OK(active=20/20,min=+0.2,slack=+1.731e-12)
목적지에 도착했습니다! 현재 위치: [1.80907 0.0918 ], 시간: 33.50초
Using rmpcc optimizer with differential_drive dynamics:
median:  0.1425330638885498
std:  0.10515543201278542
min:  0.12426400184631348
max:  0.4907042980194092
Simulation finished.
Run outcome: status=success, reason=None, final_time=33.500000000000206, distance_to_goal=0.00987435012221787
Optimizer runtime stats: safe_stop_count=0, backup_feasible_qp_success_count=0, plant_input_apply_count=335, last_solve_mode=sqp_rti
Trial history saved to /home/taek111/projects/psdf_mpcc/benchmark_runs/maze_rectangle_nominal/mf_scale_0p7/data/trial_history_MPC_rmpcc_rectangle_maze_mf_scale_0p7.csv
RMPCC constraint history saved to /home/taek111/projects/psdf_mpcc/benchmark_runs/maze_rectangle_nominal/mf_scale_0p7/data/rmpcc_constraints_MPC_rmpcc_rectangle_maze_mf_scale_0p7.csv
RMPCC debug history saved to /home/taek111/projects/psdf_mpcc/benchmark_runs/maze_rectangle_nominal/mf_scale_0p7/data/cycle_raw.csv
RMPCC debug history saved to /home/taek111/projects/psdf_mpcc/benchmark_runs/maze_rectangle_nominal/mf_scale_0p7/data/covariance_trajectory.csv
Pose-SDF data saved to /home/taek111/projects/psdf_mpcc/benchmark_runs/maze_rectangle_nominal/mf_scale_0p7/data/pose_sdf_MPC_rmpcc_rectangle_maze_mf_scale_0p7.csv
Total data points: 335
SDF statistics - Min: 0.0055, Max: 0.0592, Mean: 0.0148
