RMPCC configured from config: horizon=20, tf=2.0, use_obstacle_constraint=True, use_row_mf=True, d_col=0.001, d_min=0.001, d_mf_mask=0.001, mf_slack_linear=100.0, mf_slack_quadratic=1.0, chance_epsilon=0.5, mf_active_start_step=1, mf_active_end_step=None, mf_active_terminal=True, sigma_f0=0.0002, sigma_l0=0.00025, sigma_psi0=0.00025, q_f0=0.0, q_l0=0.0, q_psi0=0.0, alpha_f=0.002, alpha_v=0.0004, alpha_kappa=0.01, beta_v=0.02, beta_kappa=0.008, beta_omega=0.008, enable_backup_solver=False, debug_mf=True, debug_infeasibility=True, augmented_psdf_device=cpu
Resetting rmpcc optimizer for clean state...
Trial failure criteria enabled: movement_window_sec=5.0, movement_threshold=0.005, max_consecutive_solver_failures=10
generating global path with A* + Line of Sight
시작 위치: [0.075 0.795]
목적지: [1.8  0.09]
도착 판정 기준: position <= 0.01m, angle <= 0.01rad
Setting up RMPCC-MF optimizer...
RMPCC-MF Row M configuration: enabled=True, active only when phi > d_mf_mask=0.001, configured stages=[1, 2, 3, 4, 5, 6, 7, 8, 9, 10, 11, 12, 13, 14, 15, 16, 17, 18, 19, 20]
Added two affine safety rows at intermediate/terminal stages: 0=HARD guard/recovery, 1=SOFT MF
field AcadosOcpDims.N has been migrated to AcadosOcpOptions.N_horizon. setting AcadosOcpOptions.N_horizon = N. For future comppatibility, please use AcadosOcpOptions.N_horizon directly.

WARNING: Gauss-Newton Hessian approximation with EXTERNAL cost type not well defined!
got cost_type EXTERNAL for cost_type_0, cost_type, cost_type_e, hessian_approx: 'GAUSS_NEWTON'.
With this setting, acados will proceed computing the exact Hessian for the cost term and no Hessian contribution from constraints and dynamics.
If the external cost is a linear least squares cost, this coincides with the Gauss-Newton Hessian.
Note: There is also the option to use the external cost module with a numerical Hessian approximation (see `ext_cost_num_hess`).
OR the option to provide a symbolic custom Hessian approximation (see `cost_expr_ext_cost_custom_hess`).

acados was compiled without OpenMP.
RMPCC-MF backup SQP_WITH_FEASIBLE_QP solver disabled; using nominal safe-stop recovery.
[RMPCC 0000] OK solve=123.3ms pose=(0.075,0.795,-1.571) u=(0.123,0.000) s=0.013 PSDFmin=+0.03 G=OK(+0.04134) MF=OK(active=20/20,min=+0.5,slack=+6.053e-13)
[RMPCC 0001] OK solve=126.5ms pose=(0.075,0.783,-1.571) u=(0.115,0.237) s=0.024 PSDFmin=-0.01111 G=OK(+0.006612) MF=OK(active=20/20,min=+0.5,slack=+3.766e-17)
[RMPCC 0002] OK solve=139.6ms pose=(0.075,0.771,-1.547) u=(0.120,0.102) s=0.035 PSDFmin=+0.001775 G=OK(+1.865e-12) MF=OK(active=9/20,min=+0.2385,slack=+5.497e-12)
[RMPCC 0003] OK solve=110.0ms pose=(0.075,0.759,-1.537) u=(0.136,-0.247) s=0.041 PSDFmin=-0.007009 G=OK(+4.996e-16) MF=OK(active=20/20,min=+1.778e-14,slack=+2.136e-17)
[RMPCC 0004] OK solve=131.1ms pose=(0.076,0.746,-1.562) u=(0.134,0.010) s=0.055 PSDFmin=-0.008246 G=OK(+1.432e-14) MF=OK(active=15/20,min=+1.603e-12,slack=+1.291e-15)
[RMPCC 0005] OK solve=117.8ms pose=(0.076,0.732,-1.561) u=(0.123,-0.197) s=0.056 PSDFmin=+0.00229 G=OK(+5.523e-14) MF=OK(active=13/20,min=+1.099e-10,slack=+3.886e-13)
[RMPCC 0006] OK solve=251.1ms pose=(0.076,0.720,-1.580) u=(0.174,0.195) s=0.071 PSDFmin=+0.002127 G=OK(+5.343e-15) MF=OK(active=20/20,min=+1.073e-14,slack=+7.01e-17)
[RMPCC 0007] OK solve=377.2ms pose=(0.076,0.703,-1.561) u=(0.126,0.099) s=0.088 PSDFmin=-0.001327 G=OK(+0.0006619) MF=OK(active=18/20,min=+2.315e-14,slack=+5.834e-17)
[RMPCC 0008] OK solve=250.6ms pose=(0.076,0.690,-1.551) u=(0.122,0.889) s=0.105 PSDFmin=-5.351e-05 G=OK(+2.065e-10) MF=OK(active=17/20,min=+3.937e-10,slack=+5.244e-13)
[RMPCC 0009] OK solve=250.7ms pose=(0.076,0.678,-1.462) u=(0.141,0.380) s=0.107 PSDFmin=+0.0001925 G=OK(+1.998e-15) MF=OK(active=18/20,min=+8.011e-15,slack=+1.715e-17)
[RMPCC 0010] OK solve=358.6ms pose=(0.078,0.664,-1.424) u=(0.090,0.141) s=0.124 PSDFmin=+0.002518 G=OK(+1.147e-12) MF=OK(active=18/20,min=+9.985e-13,slack=+2.177e-14)
[RMPCC 0011] OK solve=400.5ms pose=(0.079,0.655,-1.410) u=(0.090,0.365) s=0.127 PSDFmin=-0.002471 G=OK(+0.0003237) MF=OK(active=18/20,min=+1.125e-11,slack=+1.456e-12)
[RMPCC 0012] OK solve=373.0ms pose=(0.080,0.646,-1.373) u=(0.115,0.097) s=0.144 PSDFmin=+0.005844 G=OK(+0.004276) MF=OK(active=17/20,min=+7.298e-13,slack=+5.987e-16)
[RMPCC 0013] OK solve=371.3ms pose=(0.083,0.635,-1.364) u=(0.078,0.396) s=0.164 PSDFmin=+0.0006292 G=OK(+1.502e-09) MF=OK(active=19/20,min=+1.871e-08,slack=+1.779e-11)
[RMPCC 0014] OK solve=242.0ms pose=(0.084,0.627,-1.324) u=(0.094,0.402) s=0.168 PSDFmin=+0.002644 G=OK(+0.001721) MF=OK(active=17/20,min=+3.071e-12,slack=+5.423e-15)
[RMPCC 0015] OK solve=123.2ms pose=(0.087,0.618,-1.284) u=(0.064,0.497) s=0.186 PSDFmin=+0.0009236 G=OK(+6.435e-12) MF=OK(active=20/20,min=+1.18e-10,slack=+1.189e-13)
[RMPCC 0016] OK solve=128.7ms pose=(0.088,0.612,-1.234) u=(0.102,0.500) s=0.191 PSDFmin=+0.001549 G=OK(+8.327e-16) MF=OK(active=18/20,min=+4.019e-14,slack=+3.5e-17)
[RMPCC 0017] OK solve=254.0ms pose=(0.092,0.602,-1.184) u=(0.051,0.614) s=0.204 PSDFmin=+0.00285 G=OK(+0.001352) MF=OK(active=20/20,min=+5.501e-12,slack=+5.777e-15)
[RMPCC 0018] OK solve=380.7ms pose=(0.094,0.597,-1.123) u=(0.027,0.305) s=0.209 PSDFmin=-0.0003938 G=OK(+0.002224) MF=OK(active=18/20,min=+7.115e-09,slack=+3.215e-11)
[RMPCC 0019] OK solve=241.4ms pose=(0.095,0.595,-1.092) u=(0.046,0.382) s=0.215 PSDFmin=-0.0009223 G=OK(+1.517e-13) MF=OK(active=14/20,min=+3.163e-11,slack=+6.351e-14)
[RMPCC 0020] OK solve=261.6ms pose=(0.097,0.591,-1.054) u=(0.059,0.894) s=0.216 PSDFmin=+0.0007448 G=OK(+6.828e-15) MF=OK(active=18/20,min=+2.829e-13,slack=+5.228e-16)
[RMPCC 0021] OK solve=402.5ms pose=(0.100,0.586,-0.965) u=(0.084,0.694) s=0.221 PSDFmin=+0.001134 G=OK(+0.0002749) MF=OK(active=19/20,min=+5.024e-13,slack=+1.246e-15)
[RMPCC 0022] OK solve=401.2ms pose=(0.105,0.579,-0.895) u=(0.096,0.995) s=0.236 PSDFmin=+0.002286 G=OK(+0.0004689) MF=OK(active=18/20,min=+8.289e-15,slack=+8.396e-15)
[RMPCC 0023] OK solve=378.5ms pose=(0.111,0.571,-0.796) u=(0.095,0.935) s=0.244 PSDFmin=+0.001705 G=OK(+0.001024) MF=OK(active=19/20,min=+2.48e-13,slack=+1.827e-15)
[RMPCC 0024] OK solve=255.7ms pose=(0.117,0.565,-0.702) u=(0.088,0.798) s=0.253 PSDFmin=+0.003189 G=OK(+0.001643) MF=OK(active=19/20,min=+1.601e-14,slack=+2.122e-17)
[RMPCC 0025] OK solve=239.2ms pose=(0.124,0.559,-0.622) u=(0.098,0.791) s=0.265 PSDFmin=+0.004007 G=OK(+0.002383) MF=OK(active=20/20,min=+1.262e-11,slack=+3.696e-14)
[RMPCC 0026] OK solve=238.6ms pose=(0.132,0.553,-0.543) u=(0.102,0.808) s=0.270 PSDFmin=+0.005368 G=OK(+0.003706) MF=OK(active=19/20,min=-1.718e-15,slack=+2.279e-15)
[RMPCC 0027] OK solve=124.7ms pose=(0.141,0.548,-0.462) u=(0.118,0.700) s=0.281 PSDFmin=+0.007116 G=OK(+0.005419) MF=OK(active=20/20,min=+1.844e-15,slack=+6.776e-17)
[RMPCC 0028] OK solve=121.6ms pose=(0.151,0.543,-0.392) u=(0.137,0.755) s=0.296 PSDFmin=+0.009662 G=OK(+0.00778) MF=OK(active=20/20,min=+1.214e-12,slack=+2.992e-15)
[RMPCC 0029] OK solve=128.1ms pose=(0.164,0.537,-0.317) u=(0.142,0.727) s=0.306 PSDFmin=+0.01293 G=OK(+0.01105) MF=OK(active=20/20,min=+8.182e-15,slack=+1.91e-16)
[RMPCC 0030] OK solve=116.6ms pose=(0.178,0.533,-0.244) u=(0.151,0.699) s=0.320 PSDFmin=+0.009832 G=OK(+0.008822) MF=OK(active=20/20,min=-1.213e-13,slack=+7.65e-14)
[RMPCC 0031] OK solve=130.6ms pose=(0.192,0.529,-0.174) u=(0.149,0.677) s=0.331 PSDFmin=+0.00836 G=OK(+0.005775) MF=OK(active=20/20,min=-3.099e-11,slack=+2.718e-12)
[RMPCC 0032] OK solve=125.3ms pose=(0.207,0.527,-0.107) u=(0.144,0.628) s=0.344 PSDFmin=+0.0117 G=OK(+0.01069) MF=OK(active=20/20,min=-2.591e-14,slack=+3.797e-15)
[RMPCC 0033] OK solve=130.2ms pose=(0.221,0.525,-0.044) u=(0.139,0.585) s=0.359 PSDFmin=+0.009128 G=OK(+0.00794) MF=OK(active=20/20,min=+1.955e-13,slack=+2.367e-16)
[RMPCC 0034] OK solve=116.1ms pose=(0.235,0.525,0.015) u=(0.133,0.562) s=0.372 PSDFmin=+0.009703 G=OK(+0.008648) MF=OK(active=20/20,min=+1.28e-13,slack=+1.217e-16)
[RMPCC 0035] OK solve=120.6ms pose=(0.248,0.525,0.071) u=(0.127,0.507) s=0.384 PSDFmin=+0.007636 G=OK(+0.006181) MF=OK(active=20/20,min=+1.267e-10,slack=+1.469e-13)
[RMPCC 0036] OK solve=119.3ms pose=(0.261,0.526,0.122) u=(0.123,0.525) s=0.398 PSDFmin=+0.00799 G=OK(+0.0066) MF=OK(active=20/20,min=+6.922e-11,slack=+6.761e-14)
[RMPCC 0037] OK solve=127.3ms pose=(0.273,0.527,0.174) u=(0.120,0.455) s=0.410 PSDFmin=+0.005653 G=OK(+0.003312) MF=OK(active=20/20,min=+2.848e-11,slack=+4.119e-14)
[RMPCC 0038] OK solve=124.0ms pose=(0.285,0.529,0.220) u=(0.116,0.389) s=0.422 PSDFmin=+0.004116 G=OK(+0.01008) MF=OK(active=20/20,min=+7.825e-14,slack=+9.317e-17)
[RMPCC 0039] OK solve=127.4ms pose=(0.296,0.532,0.259) u=(0.110,0.500) s=0.432 PSDFmin=+0.003167 G=OK(+1.554e-15) MF=OK(active=20/20,min=+1.421e-13,slack=+4.226e-17)
[RMPCC 0040] OK solve=119.3ms pose=(0.307,0.535,0.309) u=(0.108,0.295) s=0.444 PSDFmin=+0.004602 G=OK(+0.008866) MF=OK(active=20/20,min=+4.265e-14,slack=+4.351e-17)
[RMPCC 0041] OK solve=135.4ms pose=(0.317,0.538,0.338) u=(0.104,0.387) s=0.454 PSDFmin=-0.001852 G=OK(+6.661e-16) MF=OK(active=20/20,min=+8.529e-14,slack=+2.2e-17)
[RMPCC 0042] OK solve=140.4ms pose=(0.327,0.541,0.377) u=(0.101,0.187) s=0.463 PSDFmin=+0.008025 G=OK(+2.887e-15) MF=OK(active=19/20,min=+1.919e-13,slack=+8.39e-17)
[RMPCC 0043] OK solve=131.6ms pose=(0.336,0.545,0.396) u=(0.101,-0.044) s=0.473 PSDFmin=+0.01911 G=OK(+0.01216) MF=OK(active=20/20,min=+3.883e-11,slack=+1.637e-14)
[RMPCC 0044] OK solve=114.9ms pose=(0.346,0.549,0.391) u=(0.100,0.067) s=0.483 PSDFmin=+0.01255 G=OK(+0.008239) MF=OK(active=20/20,min=+2.489e-14,slack=+2.227e-17)
[RMPCC 0045] OK solve=178.9ms pose=(0.355,0.553,0.398) u=(0.111,0.006) s=0.496 PSDFmin=+0.0113 G=OK(+0.008339) MF=OK(active=20/20,min=+9.063e-14,slack=+3.604e-17)
[RMPCC 0046] OK solve=123.1ms pose=(0.365,0.557,0.398) u=(0.107,0.115) s=0.504 PSDFmin=+0.00769 G=OK(+0.004909) MF=OK(active=20/20,min=-9.387e-15,slack=+1.407e-15)
[RMPCC 0047] OK solve=116.9ms pose=(0.375,0.561,0.410) u=(0.112,0.032) s=0.515 PSDFmin=+0.008807 G=OK(+0.006582) MF=OK(active=20/20,min=+1.422e-14,slack=+1.001e-17)
[RMPCC 0048] OK solve=126.6ms pose=(0.385,0.566,0.413) u=(0.115,0.185) s=0.527 PSDFmin=+0.01121 G=OK(+0.009326) MF=OK(active=20/20,min=+1.422e-14,slack=+4.054e-17)
[RMPCC 0049] OK solve=121.2ms pose=(0.396,0.570,0.432) u=(0.123,-0.068) s=0.544 PSDFmin=+0.004434 G=OK(+0.008284) MF=OK(active=20/20,min=+4.444e-14,slack=+3.418e-17)
[RMPCC 0050] OK solve=114.0ms pose=(0.407,0.575,0.425) u=(0.121,0.157) s=0.550 PSDFmin=+0.007918 G=OK(+0.005055) MF=OK(active=20/20,min=+8.779e-12,slack=+4.408e-15)
[RMPCC 0051] OK solve=136.1ms pose=(0.418,0.580,0.440) u=(0.125,-0.079) s=0.562 PSDFmin=+0.00896 G=OK(+0.006459) MF=OK(active=20/20,min=+5.332e-14,slack=+2.706e-17)
[RMPCC 0052] OK solve=128.8ms pose=(0.429,0.586,0.433) u=(0.138,0.116) s=0.580 PSDFmin=+0.009791 G=OK(+0.007102) MF=OK(active=20/20,min=+1.613e-12,slack=+1.451e-15)
[RMPCC 0053] OK solve=136.5ms pose=(0.442,0.591,0.444) u=(0.137,-0.209) s=0.588 PSDFmin=+0.006373 G=OK(+0.004283) MF=OK(active=20/20,min=+1.707e-12,slack=+1.981e-15)
[RMPCC 0054] OK solve=137.5ms pose=(0.454,0.597,0.423) u=(0.146,0.037) s=0.602 PSDFmin=+0.002942 G=OK(+0.002346) MF=OK(active=20/20,min=+7.433e-13,slack=+4.27e-16)
[RMPCC 0055] OK solve=120.3ms pose=(0.468,0.603,0.427) u=(0.154,-0.313) s=0.622 PSDFmin=+0.002848 G=OK(+0.001419) MF=OK(active=20/20,min=+1.777e-14,slack=+2.235e-17)
[RMPCC 0056] OK solve=128.5ms pose=(0.482,0.610,0.396) u=(0.160,-0.046) s=0.631 PSDFmin=+0.001338 G=OK(+1.776e-15) MF=OK(active=20/20,min=+4.486e-14,slack=+3.656e-17)
[RMPCC 0057] OK solve=120.7ms pose=(0.496,0.616,0.391) u=(0.166,-0.242) s=0.647 PSDFmin=+0.003688 G=OK(+0.00201) MF=OK(active=20/20,min=+1.333e-14,slack=+3.9e-17)
[RMPCC 0058] OK solve=113.6ms pose=(0.512,0.622,0.367) u=(0.173,-0.104) s=0.669 PSDFmin=+5.238e-05 G=OK(+2.225e-12) MF=OK(active=20/20,min=+1.547e-11,slack=+2.901e-13)
[RMPCC 0059] OK solve=117.5ms pose=(0.528,0.628,0.357) u=(0.142,-0.278) s=0.681 PSDFmin=-0.001929 G=OK(+0.002354) MF=OK(active=17/20,min=+2.041e-10,slack=+1.839e-13)
[RMPCC 0060] OK solve=138.5ms pose=(0.541,0.633,0.329) u=(0.161,0.007) s=0.697 PSDFmin=+0.002335 G=OK(+0.002327) MF=OK(active=19/20,min=+2.208e-09,slack=+1.211e-11)
[RMPCC 0061] OK solve=121.4ms pose=(0.556,0.639,0.329) u=(0.141,-0.131) s=0.712 PSDFmin=+0.005192 G=OK(+0.003903) MF=OK(active=20/20,min=+3.199e-14,slack=+5.931e-17)
[RMPCC 0062] OK solve=119.5ms pose=(0.570,0.643,0.316) u=(0.151,-0.180) s=0.726 PSDFmin=+0.002294 G=OK(+0.001419) MF=OK(active=20/20,min=+1.777e-15,slack=+1.002e-17)
[RMPCC 0063] OK solve=127.2ms pose=(0.584,0.648,0.298) u=(0.120,-0.271) s=0.741 PSDFmin=-0.0102 G=OK(+0.004245) MF=OK(active=20/20,min=+3.757e-12,slack=+2.434e-13)
[RMPCC 0064] OK solve=125.6ms pose=(0.596,0.651,0.271) u=(0.128,-0.379) s=0.755 PSDFmin=-0.001872 G=OK(+2.143e-14) MF=OK(active=19/20,min=+2.33e-13,slack=+3.18e-16)
[RMPCC 0065] OK solve=131.8ms pose=(0.608,0.655,0.233) u=(0.113,-0.466) s=0.766 PSDFmin=-0.03349 G=OK(+0.00622) MF=OK(active=14/20,min=+1.031e-13,slack=+1.209e-16)
[RMPCC 0066] OK solve=134.9ms pose=(0.619,0.657,0.187) u=(0.118,-0.224) s=0.777 PSDFmin=-0.003552 G=OK(+1.85e-12) MF=OK(active=17/20,min=+4.137e-12,slack=+2.661e-14)
[RMPCC 0067] OK solve=126.5ms pose=(0.631,0.660,0.164) u=(0.109,-0.616) s=0.789 PSDFmin=-0.02003 G=OK(+0.003797) MF=OK(active=13/20,min=+1.031e-13,slack=+8.7e-17)
[RMPCC 0068] OK solve=130.7ms pose=(0.641,0.661,0.103) u=(0.115,-0.261) s=0.799 PSDFmin=-0.001779 G=OK(+4.72e-13) MF=OK(active=15/20,min=+2.199e-11,slack=+1.161e-14)
[RMPCC 0069] OK solve=120.0ms pose=(0.653,0.663,0.077) u=(0.122,-0.435) s=0.811 PSDFmin=-0.01236 G=OK(+1.142e-13) MF=OK(active=12/20,min=+2.877e-11,slack=+5.887e-13)
[RMPCC 0070] OK solve=142.7ms pose=(0.665,0.664,0.033) u=(0.122,-0.328) s=0.821 PSDFmin=-0.001154 G=OK(+1.564e-12) MF=OK(active=13/20,min=+3.237e-12,slack=+3.109e-14)
[RMPCC 0071] OK solve=133.6ms pose=(0.677,0.664,0.000) u=(0.150,-0.779) s=0.833 PSDFmin=+0.002992 G=OK(+0.002379) MF=OK(active=14/20,min=+1.222e-12,slack=+1.394e-14)
[RMPCC 0072] OK solve=115.3ms pose=(0.692,0.664,-0.078) u=(0.122,-0.335) s=0.848 PSDFmin=+0.005441 G=OK(+0.006018) MF=OK(active=20/20,min=+5.847e-12,slack=+1.428e-14)
[RMPCC 0073] OK solve=253.5ms pose=(0.704,0.663,-0.111) u=(0.106,-0.511) s=0.860 PSDFmin=+0.0003789 G=OK(+1.793e-12) MF=OK(active=20/20,min=+6.267e-11,slack=+8.83e-14)
[RMPCC 0074] OK solve=366.9ms pose=(0.715,0.662,-0.162) u=(0.119,-0.556) s=0.868 PSDFmin=-0.002238 G=OK(+1.777e-11) MF=OK(active=15/20,min=+4.173e-11,slack=+8.447e-14)
[RMPCC 0075] OK solve=353.6ms pose=(0.727,0.660,-0.218) u=(0.090,-0.424) s=0.882 PSDFmin=-0.003571 G=OK(+4.774e-15) MF=OK(active=16/20,min=+3.027e-14,slack=+6.915e-17)
[RMPCC 0076] OK solve=240.9ms pose=(0.735,0.658,-0.260) u=(0.091,-0.710) s=0.891 PSDFmin=-0.005602 G=OK(+4.441e-16) MF=OK(active=14/20,min=+7.823e-14,slack=+7.065e-17)
[RMPCC 0077] OK solve=122.5ms pose=(0.744,0.656,-0.331) u=(0.084,-0.548) s=0.900 PSDFmin=-0.005541 G=OK(+0.002335) MF=OK(active=9/20,min=+1.423e-14,slack=+6.094e-17)
[RMPCC 0078] OK solve=130.7ms pose=(0.752,0.653,-0.386) u=(0.090,-0.834) s=0.908 PSDFmin=-0.009697 G=OK(+4.574e-14) MF=OK(active=8/20,min=+6.457e-13,slack=+1.25e-15)
[RMPCC 0079] OK solve=122.5ms pose=(0.760,0.650,-0.470) u=(0.102,-0.399) s=0.918 PSDFmin=-0.007305 G=OK(+7.979e-13) MF=OK(active=4/20,min=+0.05626,slack=+2.453e-14)
[RMPCC 0080] OK solve=117.0ms pose=(0.769,0.645,-0.509) u=(0.077,-0.701) s=0.932 PSDFmin=+0.002397 G=OK(+1.377e-14) MF=OK(active=5/20,min=+1.823e-10,slack=+3.248e-14)
[RMPCC 0081] OK solve=126.2ms pose=(0.776,0.641,-0.580) u=(0.041,-0.348) s=0.939 PSDFmin=-0.01589 G=OK(+0.002767) MF=OK(active=20/20,min=+2.85e-14,slack=+7.427e-17)
[RMPCC 0082] OK solve=144.3ms pose=(0.780,0.639,-0.614) u=(0.052,-0.137) s=0.943 PSDFmin=-0.01687 G=OK(+6.661e-16) MF=OK(active=11/20,min=+3.72e-13,slack=+2.96e-16)
[RMPCC 0083] OK solve=135.6ms pose=(0.784,0.636,-0.628) u=(0.070,-0.243) s=0.949 PSDFmin=+0.002419 G=OK(+0.001419) MF=OK(active=8/20,min=+7.025e-09,slack=+5.514e-12)
[RMPCC 0084] OK solve=138.9ms pose=(0.790,0.632,-0.652) u=(0.084,-0.002) s=0.956 PSDFmin=-0.01233 G=OK(+0.003272) MF=OK(active=20/20,min=+3.564e-15,slack=+4.827e-17)
[RMPCC 0085] OK solve=134.0ms pose=(0.796,0.627,-0.653) u=(0.095,-0.158) s=0.965 PSDFmin=-0.002286 G=OK(+2.931e-14) MF=OK(active=9/20,min=+9.383e-13,slack=+4.092e-16)
[RMPCC 0086] OK solve=122.3ms pose=(0.804,0.621,-0.668) u=(0.062,-0.022) s=0.974 PSDFmin=-0.009689 G=OK(+0.0002052) MF=OK(active=15/20,min=+1.464e-11,slack=+1.657e-13)
[RMPCC 0087] OK solve=128.4ms pose=(0.809,0.617,-0.670) u=(0.031,-0.349) s=0.980 PSDFmin=-0.001463 G=OK(+4.352e-14) MF=OK(active=10/20,min=+2.038e-10,slack=+9.208e-14)
[RMPCC 0088] OK solve=119.5ms pose=(0.811,0.615,-0.705) u=(0.022,-0.229) s=0.983 PSDFmin=-0.02347 G=OK(+0.0003928) MF=OK(active=16/20,min=+6.102e-13,slack=+7.285e-15)
[RMPCC 0089] OK solve=136.7ms pose=(0.813,0.614,-0.728) u=(0.096,-0.532) s=0.985 PSDFmin=-0.006394 G=OK(+2.325e-11) MF=OK(active=8/20,min=+1.61e-09,slack=+3.103e-13)
[RMPCC 0090] OK solve=126.3ms pose=(0.820,0.607,-0.782) u=(0.111,-0.213) s=0.996 PSDFmin=-0.01003 G=OK(+0.005055) MF=OK(active=14/20,min=+5.334e-15,slack=+2.978e-17)
[RMPCC 0091] OK solve=255.8ms pose=(0.828,0.600,-0.803) u=(0.135,-0.080) s=1.012 PSDFmin=-0.003 G=OK(+2.792e-12) MF=OK(active=8/20,min=+0.09426,slack=+1.911e-12)
[RMPCC 0092] OK solve=276.0ms pose=(0.837,0.590,-0.811) u=(0.156,0.387) s=1.019 PSDFmin=+0.004939 G=OK(+0.002973) MF=OK(active=11/20,min=+2.839e-11,slack=+2.804e-14)
[RMPCC 0093] OK solve=269.7ms pose=(0.848,0.579,-0.772) u=(0.349,0.029) s=1.034 PSDFmin=+0.002303 G=OK(+0.004567) MF=OK(active=20/20,min=+2.431e-12,slack=+2.173e-13)
[RMPCC 0094] OK solve=254.3ms pose=(0.873,0.554,-0.769) u=(0.178,1.165) s=1.069 PSDFmin=+0.001902 G=OK(+0.005209) MF=OK(active=17/20,min=+2.089e-14,slack=+4.211e-17)
[RMPCC 0095] OK solve=119.0ms pose=(0.886,0.542,-0.653) u=(0.094,1.145) s=1.087 PSDFmin=+0.006038 G=OK(+0.006296) MF=OK(active=20/20,min=+2.584e-14,slack=+8.846e-17)
[RMPCC 0096] OK solve=266.1ms pose=(0.893,0.536,-0.538) u=(0.108,1.085) s=1.096 PSDFmin=+0.008933 G=OK(+0.007489) MF=OK(active=20/20,min=+1.316e-13,slack=+3.857e-16)
[RMPCC 0097] OK solve=356.5ms pose=(0.902,0.531,-0.430) u=(0.066,1.007) s=1.107 PSDFmin=+0.001203 G=OK(+0.001354) MF=OK(active=19/20,min=+1.657e-12,slack=+1.133e-14)
[RMPCC 0098] OK solve=253.4ms pose=(0.908,0.528,-0.329) u=(0.102,0.606) s=1.112 PSDFmin=+0.008602 G=OK(+0.009306) MF=OK(active=18/20,min=+1.281e-13,slack=+2.22e-16)
[RMPCC 0099] OK solve=257.7ms pose=(0.918,0.525,-0.269) u=(0.051,1.181) s=1.125 PSDFmin=-0.0003855 G=OK(+6.106e-16) MF=OK(active=20/20,min=+1.622e-14,slack=+2.318e-16)
[RMPCC 0100] OK solve=372.3ms pose=(0.923,0.523,-0.150) u=(0.089,0.776) s=1.125 PSDFmin=-0.01863 G=OK(+0.007758) MF=OK(active=10/20,min=+0.07732,slack=+3.758e-13)
[RMPCC 0101] OK solve=236.2ms pose=(0.932,0.522,-0.073) u=(0.097,0.339) s=1.125 PSDFmin=-0.005934 G=OK(+5.553e-13) MF=OK(active=16/20,min=+1.537e-11,slack=+3.726e-14)
[RMPCC 0102] OK solve=127.8ms pose=(0.942,0.521,-0.039) u=(0.071,0.630) s=1.138 PSDFmin=-0.02627 G=OK(+0.007622) MF=OK(active=12/20,min=+2.461e-10,slack=+5.592e-12)
[RMPCC 0103] OK solve=128.3ms pose=(0.949,0.521,0.024) u=(0.090,0.283) s=1.142 PSDFmin=-0.001792 G=OK(+1.148e-13) MF=OK(active=16/20,min=+6.13e-13,slack=+3.018e-15)
[RMPCC 0104] OK solve=132.1ms pose=(0.958,0.521,0.052) u=(0.046,0.623) s=1.152 PSDFmin=+0.0003039 G=OK(+3.583e-12) MF=OK(active=19/20,min=+2.517e-10,slack=+5.318e-13)
[RMPCC 0105] OK solve=114.8ms pose=(0.962,0.521,0.115) u=(0.139,0.286) s=1.155 PSDFmin=+0.008757 G=OK(+0.008329) MF=OK(active=18/20,min=+5.794e-15,slack=+2.098e-17)
[RMPCC 0106] OK solve=251.6ms pose=(0.976,0.523,0.143) u=(0.079,0.213) s=1.169 PSDFmin=+0.001677 G=OK(+0.003722) MF=OK(active=20/20,min=+4.008e-08,slack=+4.446e-11)
[RMPCC 0107] OK solve=384.5ms pose=(0.984,0.524,0.164) u=(0.129,0.517) s=1.177 PSDFmin=+0.001539 G=OK(+0.002213) MF=OK(active=18/20,min=+8.812e-09,slack=+1.151e-11)
[RMPCC 0108] OK solve=263.3ms pose=(0.997,0.526,0.216) u=(0.085,0.218) s=1.190 PSDFmin=+0.0011 G=OK(+4.709e-10) MF=OK(active=19/20,min=+2.005e-08,slack=+9.834e-12)
[RMPCC 0109] OK solve=258.1ms pose=(1.005,0.528,0.238) u=(0.103,0.171) s=1.198 PSDFmin=+0.003903 G=OK(+0.002887) MF=OK(active=20/20,min=+2.935e-14,slack=+4.269e-17)
[RMPCC 0110] OK solve=406.0ms pose=(1.015,0.530,0.255) u=(0.072,0.321) s=1.208 PSDFmin=+0.0009425 G=OK(+4.329e-10) MF=OK(active=18/20,min=+3.884e-09,slack=+5.086e-12)
[RMPCC 0111] OK solve=368.0ms pose=(1.022,0.532,0.287) u=(0.063,0.154) s=1.215 PSDFmin=+0.005064 G=OK(+9.361e-10) MF=OK(active=16/20,min=+2.975e-08,slack=+2.669e-11)
[RMPCC 0112] OK solve=415.3ms pose=(1.028,0.534,0.302) u=(0.052,0.237) s=1.221 PSDFmin=+0.001235 G=OK(+0.006169) MF=OK(active=19/20,min=+5.24e-12,slack=+3.129e-15)
[RMPCC 0113] OK solve=380.2ms pose=(1.033,0.536,0.326) u=(0.082,0.411) s=1.226 PSDFmin=+0.004703 G=OK(+0.003666) MF=OK(active=19/20,min=+1.274e-10,slack=+1.012e-13)
[RMPCC 0114] OK solve=373.5ms pose=(1.041,0.538,0.367) u=(0.062,0.172) s=1.234 PSDFmin=+0.00712 G=OK(+0.006256) MF=OK(active=17/20,min=+3.192e-09,slack=+3.409e-12)
[RMPCC 0115] OK solve=370.8ms pose=(1.046,0.540,0.384) u=(0.075,0.461) s=1.239 PSDFmin=-0.001348 G=OK(+0.001444) MF=OK(active=18/20,min=+1.186e-11,slack=+1.574e-14)
[RMPCC 0116] OK solve=363.3ms pose=(1.053,0.543,0.431) u=(0.081,0.287) s=1.246 PSDFmin=-0.004457 G=OK(+1.296e-10) MF=OK(active=16/20,min=+2.003e-09,slack=+1.04e-12)
[RMPCC 0117] OK solve=371.1ms pose=(1.061,0.547,0.459) u=(0.069,0.344) s=1.256 PSDFmin=+0.001004 G=OK(+3.735e-13) MF=OK(active=18/20,min=+1.993e-12,slack=+3.205e-15)
[RMPCC 0118] OK solve=260.3ms pose=(1.067,0.550,0.494) u=(0.053,0.271) s=1.262 PSDFmin=+0.001682 G=OK(+0.0006817) MF=OK(active=19/20,min=+5.559e-12,slack=+1.054e-13)
[RMPCC 0119] OK solve=257.7ms pose=(1.072,0.552,0.521) u=(0.068,0.281) s=1.269 PSDFmin=-0.01396 G=OK(+0.002292) MF=OK(active=20/20,min=+9.836e-15,slack=+6.611e-17)
[RMPCC 0120] OK solve=262.2ms pose=(1.077,0.556,0.549) u=(0.039,0.199) s=1.275 PSDFmin=-0.001551 G=OK(+2.499e-10) MF=OK(active=15/20,min=+6.677e-09,slack=+4.317e-12)
[RMPCC 0121] OK solve=269.6ms pose=(1.081,0.558,0.569) u=(0.090,0.526) s=1.280 PSDFmin=-0.014 G=OK(+2.554e-15) MF=OK(active=16/20,min=+2.843e-14,slack=+7.033e-17)
[RMPCC 0122] OK solve=275.3ms pose=(1.088,0.562,0.621) u=(0.049,0.416) s=1.288 PSDFmin=-0.004118 G=OK(+1.708e-12) MF=OK(active=14/20,min=+2.872e-10,slack=+1.203e-13)
[RMPCC 0123] OK solve=122.7ms pose=(1.092,0.565,0.663) u=(0.103,0.302) s=1.294 PSDFmin=-0.0095 G=OK(+0.0018) MF=OK(active=15/20,min=+3.308e-11,slack=+1.493e-13)
[RMPCC 0124] OK solve=250.9ms pose=(1.100,0.572,0.693) u=(0.065,0.257) s=1.304 PSDFmin=+0.0008761 G=OK(+1.621e-11) MF=OK(active=18/20,min=+1.23e-09,slack=+6.879e-13)
[RMPCC 0125] OK solve=250.3ms pose=(1.105,0.576,0.719) u=(0.113,0.528) s=1.310 PSDFmin=-0.01262 G=OK(+1.73e-13) MF=OK(active=19/20,min=+1.955e-14,slack=+6.711e-17)
[RMPCC 0126] OK solve=121.4ms pose=(1.114,0.583,0.772) u=(0.069,0.283) s=1.322 PSDFmin=+0.0003314 G=OK(+2.391e-12) MF=OK(active=19/20,min=+7.255e-12,slack=+4.171e-15)
[RMPCC 0127] OK solve=122.3ms pose=(1.119,0.588,0.800) u=(0.140,0.029) s=1.328 PSDFmin=-0.006338 G=OK(+0.001917) MF=OK(active=17/20,min=+1.635e-13,slack=+2.732e-16)
[RMPCC 0128] OK solve=115.0ms pose=(1.129,0.598,0.803) u=(0.122,-0.015) s=1.342 PSDFmin=+5.604e-05 G=OK(+6.717e-13) MF=OK(active=15/20,min=+4.136e-11,slack=+2.848e-14)
[RMPCC 0129] OK solve=125.0ms pose=(1.137,0.607,0.801) u=(0.161,-0.583) s=1.354 PSDFmin=-0.007316 G=OK(+3.511e-10) MF=OK(active=14/20,min=+1.8e-07,slack=+2.829e-10)
[RMPCC 0130] OK solve=129.1ms pose=(1.148,0.618,0.743) u=(0.118,-0.303) s=1.370 PSDFmin=+0.0001173 G=OK(+7.327e-15) MF=OK(active=8/20,min=+9.256e-14,slack=+1.932e-16)
[RMPCC 0131] OK solve=131.0ms pose=(1.157,0.626,0.713) u=(0.117,-0.545) s=1.382 PSDFmin=-0.002969 G=OK(+0.0009019) MF=OK(active=17/20,min=+3.959e-12,slack=+1.563e-15)
[RMPCC 0132] OK solve=142.1ms pose=(1.166,0.634,0.658) u=(0.118,-1.200) s=1.394 PSDFmin=-0.009603 G=OK(+0.0003374) MF=OK(active=11/20,min=+3.481e-14,slack=+1.725e-16)
[RMPCC 0133] OK solve=137.7ms pose=(1.175,0.641,0.538) u=(0.122,-0.658) s=1.405 PSDFmin=+0.003376 G=OK(+0.001678) MF=OK(active=7/20,min=+0.09154,slack=+3.943e-12)
[RMPCC 0134] OK solve=122.8ms pose=(1.186,0.647,0.473) u=(0.213,-0.138) s=1.418 PSDFmin=-0.003918 G=OK(+0.00253) MF=OK(active=20/20,min=+2.892e-14,slack=+3.73e-16)
[RMPCC 0135] OK solve=121.4ms pose=(1.205,0.657,0.459) u=(0.107,-0.711) s=1.439 PSDFmin=+0.005806 G=OK(+0.004614) MF=OK(active=17/20,min=+1.915e-09,slack=+7.979e-14)
[RMPCC 0136] OK solve=130.1ms pose=(1.214,0.662,0.388) u=(0.096,-0.786) s=1.449 PSDFmin=+0.01001 G=OK(+0.008423) MF=OK(active=20/20,min=+1.672e-13,slack=+9.361e-16)
[RMPCC 0137] OK solve=131.6ms pose=(1.223,0.666,0.309) u=(0.109,-0.325) s=1.455 PSDFmin=-0.008343 G=OK(+0.01054) MF=OK(active=20/20,min=+3.803e-12,slack=+2.38e-14)
[RMPCC 0138] OK solve=122.3ms pose=(1.233,0.669,0.276) u=(0.110,-0.471) s=1.466 PSDFmin=+0.0008669 G=OK(+4.05e-08) MF=OK(active=9/20,min=+4.941e-08,slack=+2.748e-11)
[RMPCC 0139] OK solve=125.6ms pose=(1.244,0.672,0.229) u=(0.097,-0.417) s=1.476 PSDFmin=+0.01071 G=OK(+0.01621) MF=OK(active=18/20,min=+2.88e-13,slack=+2.204e-16)
[RMPCC 0140] OK solve=122.1ms pose=(1.254,0.674,0.188) u=(0.090,-0.140) s=1.490 PSDFmin=-0.004365 G=OK(+4.22e-13) MF=OK(active=20/20,min=+1.069e-12,slack=+7.646e-15)
[RMPCC 0141] OK solve=122.8ms pose=(1.262,0.676,0.174) u=(0.128,-0.459) s=1.495 PSDFmin=+0.001756 G=OK(+0.01406) MF=OK(active=10/20,min=+8.335e-11,slack=+1.224e-13)
[RMPCC 0142] OK solve=130.2ms pose=(1.275,0.678,0.128) u=(0.082,-0.199) s=1.508 PSDFmin=-0.0001484 G=OK(+2.541e-07) MF=OK(active=20/20,min=+4.297e-10,slack=+1.614e-12)
[RMPCC 0143] OK solve=144.9ms pose=(1.283,0.679,0.108) u=(0.126,-0.232) s=1.516 PSDFmin=-0.006701 G=OK(+0.01107) MF=OK(active=16/20,min=-1.949e-13,slack=+6.224e-14)
[RMPCC 0144] OK solve=129.1ms pose=(1.296,0.680,0.085) u=(0.112,-0.355) s=1.529 PSDFmin=+1.299e-05 G=OK(+6.661e-16) MF=OK(active=19/20,min=+1.069e-14,slack=+2.943e-17)
[RMPCC 0145] OK solve=135.4ms pose=(1.307,0.681,0.049) u=(0.118,-0.085) s=1.540 PSDFmin=-0.02435 G=OK(+0.001679) MF=OK(active=17/20,min=+1.144e-11,slack=+6.256e-15)
[RMPCC 0146] OK solve=135.9ms pose=(1.319,0.682,0.041) u=(0.129,-0.263) s=1.552 PSDFmin=-0.008569 G=OK(+1.554e-15) MF=OK(active=15/20,min=+1.474e-12,slack=+9.274e-17)
[RMPCC 0147] OK solve=128.7ms pose=(1.331,0.682,0.015) u=(0.127,-0.015) s=1.564 PSDFmin=-0.02834 G=OK(+0.001217) MF=OK(active=14/20,min=+5.511e-13,slack=+4.017e-16)
[RMPCC 0148] OK solve=122.6ms pose=(1.344,0.683,0.013) u=(0.127,-0.120) s=1.577 PSDFmin=-0.005252 G=OK(+5.829e-15) MF=OK(active=14/20,min=+8.051e-13,slack=+3.937e-16)
[RMPCC 0149] OK solve=119.3ms pose=(1.357,0.683,0.001) u=(0.136,0.163) s=1.590 PSDFmin=-0.01817 G=OK(+0.0007471) MF=OK(active=13/20,min=-1.965e-13,slack=+3.901e-14)
[RMPCC 0150] OK solve=121.4ms pose=(1.370,0.683,0.017) u=(0.132,0.035) s=1.603 PSDFmin=-0.001418 G=OK(+5.895e-12) MF=OK(active=15/20,min=+3.151e-10,slack=+1.46e-13)
[RMPCC 0151] OK solve=121.1ms pose=(1.384,0.683,0.021) u=(0.140,0.193) s=1.616 PSDFmin=-0.01133 G=OK(+1.07e-13) MF=OK(active=12/20,min=+8.935e-13,slack=+1.725e-15)
[RMPCC 0152] OK solve=128.9ms pose=(1.398,0.683,0.040) u=(0.141,0.091) s=1.630 PSDFmin=-0.0004439 G=OK(+1.176e-11) MF=OK(active=13/20,min=+3.895e-10,slack=+3.062e-13)
[RMPCC 0153] OK solve=125.3ms pose=(1.412,0.684,0.049) u=(0.194,0.584) s=1.640 PSDFmin=+0.002559 G=OK(+0.001495) MF=OK(active=14/20,min=+2.325e-14,slack=+1.581e-16)
[RMPCC 0154] OK solve=131.9ms pose=(1.431,0.685,0.108) u=(0.135,0.233) s=1.661 PSDFmin=+0.0009923 G=OK(+3.526e-10) MF=OK(active=20/20,min=+2.195e-11,slack=+2.101e-12)
[RMPCC 0155] OK solve=126.0ms pose=(1.445,0.686,0.131) u=(0.119,0.345) s=1.677 PSDFmin=-0.01431 G=OK(+0.003155) MF=OK(active=19/20,min=+1.203e-10,slack=+1.129e-13)
[RMPCC 0156] OK solve=120.5ms pose=(1.456,0.688,0.165) u=(0.104,0.338) s=1.689 PSDFmin=-0.00189 G=OK(+4.441e-16) MF=OK(active=11/20,min=+9.211e-12,slack=+2.149e-15)
[RMPCC 0157] OK solve=119.0ms pose=(1.467,0.690,0.199) u=(0.109,0.318) s=1.700 PSDFmin=+0.001962 G=OK(+0.0004557) MF=OK(active=14/20,min=-1.409e-15,slack=+3.67e-16)
[RMPCC 0158] OK solve=137.8ms pose=(1.477,0.692,0.231) u=(0.097,0.409) s=1.710 PSDFmin=-0.007415 G=OK(+8.968e-09) MF=OK(active=20/20,min=+8.309e-10,slack=+1.151e-11)
[RMPCC 0159] OK solve=259.9ms pose=(1.487,0.694,0.272) u=(0.130,0.055) s=1.719 PSDFmin=-0.01416 G=OK(+0.004257) MF=OK(active=16/20,min=+1.432e-12,slack=+5.391e-15)
[RMPCC 0160] OK solve=250.5ms pose=(1.499,0.697,0.277) u=(0.076,0.651) s=1.733 PSDFmin=+0.0009239 G=OK(+1.388e-14) MF=OK(active=11/20,min=+8.533e-14,slack=+5.994e-17)
[RMPCC 0161] OK solve=125.7ms pose=(1.507,0.699,0.342) u=(0.046,0.323) s=1.740 PSDFmin=-0.001444 G=OK(+1.504e-09) MF=OK(active=19/20,min=+2.542e-09,slack=+5.251e-12)
[RMPCC 0162] OK solve=248.6ms pose=(1.511,0.701,0.375) u=(0.023,1.200) s=1.748 PSDFmin=-0.02197 G=OK(+2.749e-12) MF=OK(active=18/20,min=-2.109e-11,slack=+0.4664)
[RMPCC 0163] OK solve=386.8ms pose=(1.513,0.702,0.495) u=(0.069,0.589) s=1.751 PSDFmin=-0.01333 G=OK(+4.143e-12) MF=OK(active=11/20,min=+1.768e-10,slack=+1.366e-13)
[RMPCC 0164] OK solve=254.5ms pose=(1.519,0.705,0.554) u=(0.098,0.301) s=1.759 PSDFmin=+0.002381 G=OK(+1.98e-10) MF=OK(active=7/20,min=+3.9e-09,slack=+5.334e-12)
[RMPCC 0165] OK solve=117.3ms pose=(1.528,0.710,0.584) u=(0.052,0.269) s=1.769 PSDFmin=-0.008304 G=OK(+0.002271) MF=OK(active=20/20,min=+2.062e-17,slack=+2.069e-17)
[RMPCC 0166] OK solve=246.6ms pose=(1.532,0.713,0.611) u=(0.054,0.091) s=1.774 PSDFmin=-0.01254 G=OK(+3.331e-16) MF=OK(active=11/20,min=+3.645e-15,slack=+9.236e-17)
[RMPCC 0167] OK solve=249.3ms pose=(1.536,0.716,0.620) u=(0.031,0.139) s=1.779 PSDFmin=+0.0009758 G=OK(+1.377e-14) MF=OK(active=7/20,min=+2.631e-13,slack=+1.599e-16)
[RMPCC 0168] OK solve=122.0ms pose=(1.539,0.718,0.634) u=(0.048,0.256) s=1.782 PSDFmin=-0.004466 G=OK(+0.002991) MF=OK(active=19/20,min=+4.947e-13,slack=+2.222e-14)
[RMPCC 0169] OK solve=258.9ms pose=(1.543,0.721,0.659) u=(0.024,0.910) s=1.792 PSDFmin=-0.002834 G=OK(-1.11e-16) MF=OK(active=13/20,min=-5.863e-16,slack=+0.1539)
[RMPCC 0170] OK solve=367.6ms pose=(1.545,0.722,0.750) u=(0.098,0.610) s=1.793 PSDFmin=-0.01133 G=OK(+1.679e-11) MF=OK(active=15/20,min=+7.289e-09,slack=+8.722e-13)
[RMPCC 0171] OK solve=370.5ms pose=(1.552,0.729,0.811) u=(0.049,0.304) s=1.799 PSDFmin=+0.00632 G=OK(+0.005126) MF=OK(active=10/20,min=+2.291e-12,slack=+3.249e-15)
[RMPCC 0172] OK solve=396.3ms pose=(1.555,0.733,0.842) u=(0.041,0.139) s=1.808 PSDFmin=+0.004559 G=OK(+0.003563) MF=OK(active=19/20,min=+9.387e-13,slack=+1.01e-13)
[RMPCC 0173] OK solve=410.8ms pose=(1.558,0.736,0.856) u=(0.051,0.025) s=1.808 PSDFmin=+0.004033 G=OK(+0.004011) MF=OK(active=18/20,min=+1.303e-11,slack=+1.855e-14)
[RMPCC 0174] OK solve=387.2ms pose=(1.561,0.740,0.858) u=(0.100,-0.687) s=1.813 PSDFmin=+0.0005664 G=OK(+0.0008358) MF=OK(active=18/20,min=+1.841e-12,slack=+4.227e-15)
[RMPCC 0175] OK solve=405.3ms pose=(1.568,0.747,0.789) u=(0.050,-0.348) s=1.823 PSDFmin=+0.002191 G=OK(+0.001312) MF=OK(active=18/20,min=+2.49e-14,slack=+1.33e-16)
[RMPCC 0176] OK solve=378.3ms pose=(1.571,0.751,0.754) u=(0.105,-0.492) s=1.828 PSDFmin=-8.857e-05 G=OK(+9.445e-11) MF=OK(active=19/20,min=+9.896e-10,slack=+5.639e-13)
[RMPCC 0177] OK solve=231.9ms pose=(1.579,0.758,0.705) u=(0.468,-0.018) s=1.840 PSDFmin=+0.006119 G=OK(+6.175e-12) MF=OK(active=15/20,min=+2.504e-09,slack=+8.41e-12)
[RMPCC 0178] OK solve=257.0ms pose=(1.614,0.788,0.703) u=(0.235,-1.200) s=1.889 PSDFmin=-0.01902 G=OK(+0.002939) MF=OK(active=20/20,min=+5.009e-13,slack=+1.381e-13)
[RMPCC 0179] OK solve=263.3ms pose=(1.632,0.803,0.583) u=(0.118,-1.155) s=1.908 PSDFmin=+0.003532 G=OK(+2.768e-12) MF=OK(active=8/20,min=+0.2671,slack=+8.517e-12)
[RMPCC 0180] OK solve=124.3ms pose=(1.642,0.810,0.468) u=(0.087,-0.557) s=1.920 PSDFmin=-0.007085 G=OK(+0.01052) MF=OK(active=20/20,min=+3.632e-15,slack=+8.638e-17)
[RMPCC 0181] OK solve=118.8ms pose=(1.650,0.814,0.412) u=(0.085,-1.200) s=1.929 PSDFmin=-0.01759 G=OK(+1.332e-15) MF=OK(active=13/20,min=+2.296e-12,slack=+3.591e-17)
[RMPCC 0182] OK solve=123.9ms pose=(1.658,0.817,0.292) u=(0.117,-0.566) s=1.937 PSDFmin=+0.004372 G=OK(+3.277e-13) MF=OK(active=6/20,min=+0.4282,slack=+1.387e-14)
[RMPCC 0183] OK solve=128.2ms pose=(1.669,0.820,0.236) u=(0.058,-1.034) s=1.939 PSDFmin=+0.006055 G=OK(+0.004299) MF=OK(active=20/20,min=+9.596e-13,slack=+6.033e-15)
[RMPCC 0184] OK solve=137.1ms pose=(1.675,0.822,0.132) u=(0.136,-0.473) s=1.952 PSDFmin=-0.001398 G=OK(+1.11e-12) MF=OK(active=20/20,min=+3.539e-13,slack=+2.882e-14)
[RMPCC 0185] OK solve=238.4ms pose=(1.688,0.824,0.085) u=(0.071,-0.504) s=1.959 PSDFmin=+0.006974 G=OK(+0.003818) MF=OK(active=18/20,min=+6.098e-12,slack=+2.705e-14)
[RMPCC 0186] OK solve=233.8ms pose=(1.695,0.824,0.035) u=(0.134,-0.271) s=1.966 PSDFmin=-0.002566 G=OK(+1.019e-11) MF=OK(active=18/20,min=+3.501e-11,slack=+2.881e-13)
[RMPCC 0187] OK solve=121.9ms pose=(1.709,0.825,0.007) u=(0.086,-0.689) s=1.979 PSDFmin=-0.02125 G=OK(+0.004234) MF=OK(active=15/20,min=+3.454e-12,slack=+7.84e-15)
[RMPCC 0188] OK solve=130.3ms pose=(1.717,0.825,-0.061) u=(0.125,-0.269) s=1.988 PSDFmin=-0.004256 G=OK(+6.04e-14) MF=OK(active=17/20,min=+1.566e-13,slack=+2.9e-16)
[RMPCC 0189] OK solve=143.3ms pose=(1.730,0.824,-0.088) u=(0.084,-0.603) s=1.995 PSDFmin=-0.01916 G=OK(+7.7e-11) MF=OK(active=17/20,min=+5.776e-10,slack=+9.396e-13)
[RMPCC 0190] OK solve=112.8ms pose=(1.738,0.823,-0.149) u=(0.116,-0.218) s=2.008 PSDFmin=-0.003991 G=OK(+2.789e-13) MF=OK(active=12/20,min=+1.224e-12,slack=+1.611e-15)
[RMPCC 0191] OK solve=121.8ms pose=(1.749,0.822,-0.170) u=(0.085,-0.569) s=2.011 PSDFmin=-0.02556 G=OK(+8.743e-11) MF=OK(active=17/20,min=+1.984e-08,slack=+3.359e-11)
[RMPCC 0192] OK solve=117.4ms pose=(1.758,0.820,-0.227) u=(0.102,-0.201) s=2.026 PSDFmin=+0.004338 G=OK(+0.001862) MF=OK(active=9/20,min=+2.307e-11,slack=+3.358e-14)
[RMPCC 0193] OK solve=114.2ms pose=(1.768,0.818,-0.247) u=(0.080,-0.467) s=2.028 PSDFmin=-0.01554 G=OK(+0.004907) MF=OK(active=20/20,min=+1.552e-09,slack=+4.365e-12)
[RMPCC 0194] OK solve=118.4ms pose=(1.776,0.816,-0.294) u=(0.105,-0.344) s=2.044 PSDFmin=+0.001183 G=OK(+1.428e-13) MF=OK(active=15/20,min=-1.777e-15,slack=+1.775e-15)
[RMPCC 0195] OK solve=241.6ms pose=(1.786,0.813,-0.328) u=(0.061,-0.603) s=2.056 PSDFmin=+0.0004799 G=OK(+0.001483) MF=OK(active=20/20,min=+5.695e-14,slack=+1.118e-16)
[RMPCC 0196] OK solve=371.5ms pose=(1.791,0.811,-0.389) u=(0.032,-0.300) s=2.062 PSDFmin=+0.0002197 G=OK(+1.503e-10) MF=OK(active=18/20,min=+5.423e-12,slack=+1.592e-14)
[RMPCC 0197] OK solve=363.9ms pose=(1.794,0.810,-0.419) u=(0.147,-0.348) s=2.065 PSDFmin=+0.002929 G=OK(+0.001288) MF=OK(active=18/20,min=+1.138e-13,slack=+9.928e-17)
[RMPCC 0198] OK solve=360.8ms pose=(1.808,0.804,-0.454) u=(0.074,-1.200) s=2.082 PSDFmin=+0.001982 G=OK(+1.562e-05) MF=OK(active=19/20,min=+1.612e-11,slack=+1.491e-12)
[RMPCC 0199] OK solve=248.6ms pose=(1.814,0.800,-0.574) u=(0.044,-1.051) s=2.086 PSDFmin=+0.0007232 G=OK(+9.557e-13) MF=OK(active=16/20,min=+2.893e-11,slack=+2.712e-14)
[RMPCC 0200] OK solve=128.6ms pose=(1.818,0.798,-0.679) u=(0.022,-0.930) s=2.097 PSDFmin=+0.0008331 G=OK(+1.396e-09) MF=OK(active=19/20,min=+1.108e-08,slack=+5.814e-12)
[RMPCC 0201] OK solve=256.0ms pose=(1.820,0.797,-0.772) u=(0.017,-0.490) s=2.099 PSDFmin=-0.009352 G=OK(+6.661e-16) MF=OK(active=19/20,min=+1.427e-14,slack=+5.607e-17)
Acados solver failed with status 4
Acados residuals [stat, eq, ineq, comp]: [55.19605  0.04897  0.14546  0.00578]
Acados SQP iterations: 1
RMPCC-MF diagnostics captured before infeasibility recovery.
RMPCC-MF failed-iterate infeasibility candidates:
  - {'constraint': 'row_g_hard_guard', 'stages': array([18, 19, 20]), 'minimum_residual': -0.010352430701255688}
  - {'constraint': 'row_m_soft_after_slack', 'stages': array([ 5, 12, 16, 17]), 'minimum_residual': -0.14546269390784689}
  - {'constraint': 'dynamics_or_stage0_equality', 'maximum_residual': 0.048970348064534375}
RMPCC-MF inactive Row M stages are trivially feasible.
RMPCC-MF minimum box residuals [state | input]: 1.3459852114985049e-17 | 0.06303069214409733
SQP_RTI solver failed with status 4. Starting infeasible recovery.
Backup solver is unavailable; falling back to safe stop.
Applied nominal_safe_controller safe-stop plan after infeasible RMPCC-MF solve.
[RMPCC 0202] SAFE_STOP solve=455.6ms pose=(1.821,0.795,-0.821) u=(0.000,0.000) s=2.100 PSDFmin=+0.001375 G=FAIL(-0.07743) MF=FAIL(active=16/20,min=n/a,slack=n/a)
[RMPCC 0203] OK solve=144.9ms pose=(1.821,0.795,-0.821) u=(0.011,0.000) s=2.100 PSDFmin=+0.001375 G=OK(+0.0003744) MF=OK(active=20/20,min=+0.4327,slack=+2.543e-17)
[RMPCC 0204] OK solve=115.1ms pose=(1.822,0.795,-0.821) u=(0.007,0.135) s=2.102 PSDFmin=-0.00654 G=OK(+1.071e-09) MF=OK(active=20/20,min=+5.397e-06,slack=+6.313e-11)
[RMPCC 0205] OK solve=114.6ms pose=(1.822,0.794,-0.807) u=(0.003,0.083) s=2.102 PSDFmin=-0.004758 G=OK(+0.0005993) MF=OK(active=9/20,min=+5.525e-09,slack=+1.28e-13)
[RMPCC 0206] OK solve=122.8ms pose=(1.822,0.794,-0.799) u=(0.045,0.118) s=2.102 PSDFmin=+0.001883 G=OK(+7.415e-05) MF=OK(active=11/20,min=+1.485e-08,slack=+4.438e-12)
[RMPCC 0207] OK solve=246.9ms pose=(1.826,0.791,-0.787) u=(0.034,0.189) s=2.106 PSDFmin=+0.001951 G=OK(+9.291e-11) MF=OK(active=20/20,min=+1.587e-08,slack=+3.799e-12)
[RMPCC 0208] OK solve=249.4ms pose=(1.828,0.788,-0.768) u=(0.034,0.048) s=2.109 PSDFmin=+0.000701 G=OK(+0.0005808) MF=OK(active=18/20,min=+1.313e-09,slack=+4.123e-13)
[RMPCC 0209] OK solve=132.8ms pose=(1.830,0.786,-0.763) u=(0.045,-0.249) s=2.115 PSDFmin=+0.001995 G=OK(+0.0008983) MF=OK(active=18/20,min=+5.688e-14,slack=+4.098e-17)
[RMPCC 0210] OK solve=135.6ms pose=(1.834,0.783,-0.788) u=(0.051,-0.548) s=2.116 PSDFmin=+0.00214 G=OK(+0.0009303) MF=OK(active=20/20,min=-5.356e-15,slack=+8.885e-15)
[RMPCC 0211] OK solve=133.1ms pose=(1.837,0.779,-0.843) u=(0.078,-0.716) s=2.129 PSDFmin=+0.002665 G=OK(+0.00123) MF=OK(active=20/20,min=+2.878e-13,slack=+9.078e-17)
[RMPCC 0212] OK solve=134.3ms pose=(1.842,0.773,-0.915) u=(0.058,-0.575) s=2.130 PSDFmin=+0.003447 G=OK(+0.002191) MF=OK(active=20/20,min=-8.05e-14,slack=+5.445e-15)
[RMPCC 0213] OK solve=123.2ms pose=(1.846,0.769,-0.972) u=(0.062,-0.429) s=2.133 PSDFmin=+0.004135 G=OK(+0.002915) MF=OK(active=20/20,min=+2.839e-12,slack=+8.863e-15)
[RMPCC 0214] OK solve=116.9ms pose=(1.850,0.764,-1.015) u=(0.097,-0.904) s=2.144 PSDFmin=+0.005901 G=OK(+0.004225) MF=OK(active=20/20,min=+2.823e-14,slack=+3.301e-17)
[RMPCC 0215] OK solve=123.6ms pose=(1.855,0.755,-1.106) u=(0.111,-0.683) s=2.149 PSDFmin=+0.007842 G=OK(+0.006208) MF=OK(active=20/20,min=+7.532e-13,slack=+4.573e-17)
[RMPCC 0216] OK solve=130.3ms pose=(1.860,0.746,-1.174) u=(0.096,-0.612) s=2.161 PSDFmin=+0.0101 G=OK(+0.008611) MF=OK(active=20/20,min=+3.561e-14,slack=+8.018e-17)
[RMPCC 0217] OK solve=117.9ms pose=(1.863,0.737,-1.235) u=(0.127,-0.568) s=2.169 PSDFmin=+0.009948 G=OK(+0.01092) MF=OK(active=20/20,min=+5.687e-14,slack=+3.022e-17)
[RMPCC 0218] OK solve=124.6ms pose=(1.868,0.725,-1.292) u=(0.135,-0.469) s=2.182 PSDFmin=+0.01518 G=OK(+0.01361) MF=OK(active=20/20,min=+1.228e-11,slack=+1.658e-12)
[RMPCC 0219] OK solve=123.1ms pose=(1.871,0.712,-1.339) u=(0.165,-0.573) s=2.195 PSDFmin=+0.003592 G=OK(+0.01712) MF=OK(active=20/20,min=-1.053e-14,slack=+1.019e-15)
[RMPCC 0220] OK solve=121.9ms pose=(1.875,0.696,-1.396) u=(0.153,-0.373) s=2.208 PSDFmin=+0.009542 G=OK(+0.01274) MF=OK(active=20/20,min=+3.069e-09,slack=+4.467e-12)
[RMPCC 0221] OK solve=123.7ms pose=(1.878,0.681,-1.433) u=(0.157,-0.713) s=2.221 PSDFmin=+0.00248 G=OK(+0.001656) MF=OK(active=20/20,min=+3.797e-18,slack=+2.391e-17)
[RMPCC 0222] OK solve=120.8ms pose=(1.880,0.665,-1.505) u=(0.157,-0.311) s=2.236 PSDFmin=+0.001995 G=OK(+0.01137) MF=OK(active=20/20,min=+1.301e-12,slack=+2.462e-15)
[RMPCC 0223] OK solve=128.6ms pose=(1.881,0.649,-1.536) u=(0.155,-0.433) s=2.248 PSDFmin=+0.008616 G=OK(+0.006486) MF=OK(active=20/20,min=+1.286e-12,slack=+9.672e-15)
[RMPCC 0224] OK solve=117.0ms pose=(1.881,0.634,-1.579) u=(0.150,-0.142) s=2.263 PSDFmin=+0.008835 G=OK(+0.008347) MF=OK(active=20/20,min=+3.597e-09,slack=+6.206e-12)
[RMPCC 0225] OK solve=142.9ms pose=(1.881,0.619,-1.593) u=(0.197,-0.267) s=2.279 PSDFmin=+5.911e-05 G=OK(+3.624e-12) MF=OK(active=20/20,min=+1.092e-11,slack=+7.006e-14)
[RMPCC 0226] OK solve=132.1ms pose=(1.881,0.599,-1.620) u=(0.124,-0.275) s=2.296 PSDFmin=-0.01414 G=OK(+0.008549) MF=OK(active=18/20,min=+2.828e-07,slack=+4.641e-11)
[RMPCC 0227] OK solve=128.8ms pose=(1.880,0.587,-1.648) u=(0.130,-0.020) s=2.313 PSDFmin=-0.005525 G=OK(+7.072e-13) MF=OK(active=18/20,min=+1.902e-11,slack=+3.012e-14)
[RMPCC 0228] OK solve=136.0ms pose=(1.879,0.574,-1.649) u=(0.103,-0.354) s=2.315 PSDFmin=-0.02116 G=OK(+0.002757) MF=OK(active=12/20,min=+4.266e-14,slack=+2.905e-17)
[RMPCC 0229] OK solve=132.2ms pose=(1.878,0.564,-1.685) u=(0.115,-0.097) s=2.331 PSDFmin=-0.001761 G=OK(+8.276e-12) MF=OK(active=17/20,min=+6.235e-09,slack=+4.677e-12)
[RMPCC 0230] OK solve=125.4ms pose=(1.877,0.552,-1.695) u=(0.103,-0.072) s=2.334 PSDFmin=+0.005728 G=OK(+0.004733) MF=OK(active=18/20,min=-5.829e-15,slack=+1.316e-15)
[RMPCC 0231] OK solve=121.9ms pose=(1.876,0.542,-1.702) u=(0.123,-0.123) s=2.351 PSDFmin=+0.005564 G=OK(+0.004585) MF=OK(active=20/20,min=+2.854e-14,slack=+1.228e-16)
[RMPCC 0232] OK solve=132.5ms pose=(1.874,0.530,-1.714) u=(0.140,0.337) s=2.355 PSDFmin=+0.002953 G=OK(+0.002792) MF=OK(active=20/20,min=+2.543e-11,slack=+1.706e-13)
[RMPCC 0233] OK solve=146.9ms pose=(1.872,0.516,-1.680) u=(0.089,0.267) s=2.373 PSDFmin=+0.001355 G=OK(+5.901e-14) MF=OK(active=20/20,min=+3.582e-13,slack=+4.743e-15)
[RMPCC 0234] OK solve=141.3ms pose=(1.871,0.507,-1.654) u=(0.105,0.002) s=2.393 PSDFmin=+0.01341 G=OK(+0.01677) MF=OK(active=20/20,min=+2.201e-09,slack=+2.718e-12)
[RMPCC 0235] OK solve=135.3ms pose=(1.870,0.496,-1.654) u=(0.080,-0.434) s=2.396 PSDFmin=+0.006304 G=OK(+0.006346) MF=OK(active=20/20,min=+1.205e-10,slack=+4.58e-13)
[RMPCC 0236] OK solve=253.7ms pose=(1.870,0.489,-1.697) u=(0.065,-0.226) s=2.413 PSDFmin=+0.001236 G=OK(+8.427e-14) MF=OK(active=20/20,min=+1.22e-12,slack=+1.289e-15)
[RMPCC 0237] OK solve=379.4ms pose=(1.869,0.482,-1.720) u=(0.073,-0.734) s=2.413 PSDFmin=-0.001855 G=OK(+1.009e-12) MF=OK(active=19/20,min=+1.571e-11,slack=+1.464e-14)
[RMPCC 0238] OK solve=236.1ms pose=(1.868,0.475,-1.793) u=(0.117,-0.304) s=2.427 PSDFmin=+0.00386 G=OK(+0.00257) MF=OK(active=14/20,min=+1.643e-11,slack=+1.986e-14)
[RMPCC 0239] OK solve=249.2ms pose=(1.865,0.463,-1.823) u=(0.062,-0.810) s=2.430 PSDFmin=+0.0009318 G=OK(+2.437e-13) MF=OK(active=20/20,min=+1.048e-11,slack=+1.318e-14)
[RMPCC 0240] OK solve=241.2ms pose=(1.864,0.457,-1.904) u=(0.075,-0.729) s=2.444 PSDFmin=-0.0008598 G=OK(+0.002246) MF=OK(active=18/20,min=+3.914e-14,slack=+6.001e-17)
[RMPCC 0241] OK solve=137.6ms pose=(1.861,0.450,-1.977) u=(0.042,-0.360) s=2.447 PSDFmin=-0.0002965 G=OK(+0.006633) MF=OK(active=19/20,min=+3.354e-11,slack=+1.151e-13)
[RMPCC 0242] OK solve=257.2ms pose=(1.860,0.447,-2.013) u=(0.112,-0.435) s=2.455 PSDFmin=-0.0008728 G=OK(+1.275e-09) MF=OK(active=19/20,min=+6.93e-09,slack=+9.66e-12)
[RMPCC 0243] OK solve=258.6ms pose=(1.855,0.436,-2.057) u=(0.060,-0.397) s=2.465 PSDFmin=+0.00264 G=OK(+0.001655) MF=OK(active=16/20,min=+2.535e-11,slack=+2.806e-14)
[RMPCC 0244] OK solve=114.3ms pose=(1.852,0.431,-2.096) u=(0.030,-0.198) s=2.473 PSDFmin=+0.0004529 G=OK(+0.005201) MF=OK(active=20/20,min=+3.569e-12,slack=+9.404e-15)
[RMPCC 0245] OK solve=131.9ms pose=(1.851,0.429,-2.116) u=(0.108,-0.235) s=2.476 PSDFmin=+0.002029 G=OK(+0.001093) MF=OK(active=19/20,min=+1.31e-13,slack=+2.093e-14)
[RMPCC 0246] OK solve=134.7ms pose=(1.845,0.419,-2.140) u=(0.054,-0.385) s=2.487 PSDFmin=-0.01285 G=OK(+0.001251) MF=OK(active=20/20,min=+2.491e-14,slack=+3.666e-17)
[RMPCC 0247] OK solve=132.5ms pose=(1.842,0.415,-2.178) u=(0.075,-0.465) s=2.492 PSDFmin=-3.238e-05 G=OK(+3.392e-12) MF=OK(active=19/20,min=+1.556e-10,slack=+1.396e-13)
[RMPCC 0248] OK solve=247.5ms pose=(1.838,0.409,-2.225) u=(0.038,-0.232) s=2.502 PSDFmin=-0.02957 G=OK(+0.0008844) MF=OK(active=18/20,min=+2.967e-10,slack=+5.826e-13)
[RMPCC 0249] OK solve=269.7ms pose=(1.835,0.406,-2.248) u=(0.054,-0.379) s=2.503 PSDFmin=+0.000115 G=OK(+6.661e-16) MF=OK(active=13/20,min=+1.612e-13,slack=+3.3e-17)
[RMPCC 0250] OK solve=267.1ms pose=(1.832,0.401,-2.286) u=(0.027,-0.190) s=2.512 PSDFmin=-0.01167 G=OK(+2.689e-12) MF=OK(active=18/20,min=+7.81e-11,slack=+3.666e-13)
[RMPCC 0251] OK solve=277.7ms pose=(1.830,0.399,-2.305) u=(0.103,-0.438) s=2.512 PSDFmin=-0.003668 G=OK(+4.363e-11) MF=OK(active=7/20,min=+1.386e-09,slack=+4.825e-13)
[RMPCC 0252] OK solve=259.3ms pose=(1.823,0.392,-2.349) u=(0.051,-0.219) s=2.523 PSDFmin=-0.003321 G=OK(+0.002516) MF=OK(active=15/20,min=+9.532e-12,slack=+3.901e-14)
[RMPCC 0253] OK solve=258.0ms pose=(1.820,0.388,-2.371) u=(0.134,-0.176) s=2.533 PSDFmin=-0.003613 G=OK(+1.878e-13) MF=OK(active=13/20,min=+6.596e-11,slack=+2.086e-14)
[RMPCC 0254] OK solve=131.6ms pose=(1.810,0.379,-2.388) u=(0.140,0.093) s=2.544 PSDFmin=-0.005265 G=OK(+2.123e-11) MF=OK(active=10/20,min=+1.355e-10,slack=+2.496e-13)
[RMPCC 0255] OK solve=284.1ms pose=(1.800,0.369,-2.379) u=(0.225,0.294) s=2.555 PSDFmin=+0.003701 G=OK(+0.0003636) MF=OK(active=17/20,min=-5.458e-11,slack=+3.514e-13)
[RMPCC 0256] OK solve=278.0ms pose=(1.784,0.354,-2.350) u=(0.149,0.465) s=2.576 PSDFmin=-0.01065 G=OK(+1.021e-14) MF=OK(active=19/20,min=+7.109e-14,slack=+3.037e-16)
[RMPCC 0257] OK solve=142.3ms pose=(1.773,0.343,-2.303) u=(0.105,0.915) s=2.597 PSDFmin=-0.01444 G=OK(+7.545e-12) MF=OK(active=17/20,min=+6.073e-10,slack=+3.813e-13)
[RMPCC 0258] OK solve=131.0ms pose=(1.766,0.335,-2.212) u=(0.126,0.677) s=2.607 PSDFmin=-0.001142 G=OK(+1.328e-13) MF=OK(active=8/20,min=+0.02959,slack=+6.075e-14)
[RMPCC 0259] OK solve=112.5ms pose=(1.759,0.325,-2.144) u=(0.169,0.766) s=2.618 PSDFmin=-0.037 G=OK(+0.001814) MF=OK(active=15/20,min=+4.489e-15,slack=+4.854e-17)
[RMPCC 0260] OK solve=129.2ms pose=(1.750,0.311,-2.067) u=(0.099,1.013) s=2.631 PSDFmin=-0.0299 G=OK(+0.004473) MF=OK(active=18/20,min=+0.08948,slack=+1.151e-13)
[RMPCC 0261] OK solve=131.2ms pose=(1.745,0.302,-1.966) u=(0.096,0.476) s=2.640 PSDFmin=-0.005096 G=OK(+7.55e-15) MF=OK(active=10/20,min=+1.421e-12,slack=+1.926e-16)
[RMPCC 0262] OK solve=125.0ms pose=(1.741,0.293,-1.918) u=(0.091,0.450) s=2.649 PSDFmin=-0.0001455 G=OK(+2.758e-12) MF=OK(active=19/20,min=+1.578e-13,slack=+1.469e-15)
[RMPCC 0263] OK solve=126.0ms pose=(1.738,0.285,-1.873) u=(0.100,0.621) s=2.658 PSDFmin=-0.00152 G=OK(+6.661e-16) MF=OK(active=18/20,min=+1.824e-14,slack=+3.145e-17)
[RMPCC 0264] OK solve=256.0ms pose=(1.735,0.275,-1.811) u=(0.115,0.577) s=2.664 PSDFmin=+0.004973 G=OK(+0.005579) MF=OK(active=17/20,min=+1.778e-14,slack=+3.886e-17)
[RMPCC 0265] OK solve=391.7ms pose=(1.732,0.264,-1.754) u=(0.119,0.491) s=2.675 PSDFmin=+0.0004783 G=OK(+1.432e-10) MF=OK(active=18/20,min=+1.952e-09,slack=+3.982e-12)
[RMPCC 0266] OK solve=257.0ms pose=(1.730,0.252,-1.705) u=(0.108,0.442) s=2.687 PSDFmin=+0.002631 G=OK(+0.003366) MF=OK(active=18/20,min=+1.694e-12,slack=+2.909e-15)
[RMPCC 0267] OK solve=248.3ms pose=(1.729,0.242,-1.660) u=(0.082,0.757) s=2.697 PSDFmin=+0.004003 G=OK(+0.002622) MF=OK(active=20/20,min=+8.713e-13,slack=+4.093e-13)
[RMPCC 0268] OK solve=261.2ms pose=(1.728,0.233,-1.585) u=(0.106,0.326) s=2.705 PSDFmin=+0.003701 G=OK(+0.00337) MF=OK(active=19/20,min=+6.572e-12,slack=+2.288e-13)
[RMPCC 0269] OK solve=119.8ms pose=(1.728,0.223,-1.552) u=(0.092,0.427) s=2.710 PSDFmin=+0.00853 G=OK(+0.007537) MF=OK(active=20/20,min=+2.487e-14,slack=+4.518e-17)
[RMPCC 0270] OK solve=258.1ms pose=(1.728,0.214,-1.509) u=(0.083,0.448) s=2.722 PSDFmin=+0.001251 G=OK(+2.5e-13) MF=OK(active=20/20,min=+4.59e-10,slack=+2.249e-13)
[RMPCC 0271] OK solve=254.8ms pose=(1.728,0.205,-1.464) u=(0.090,0.340) s=2.728 PSDFmin=+0.0008281 G=OK(+0.002384) MF=OK(active=19/20,min=+7.473e-14,slack=+1.084e-14)
[RMPCC 0272] OK solve=138.0ms pose=(1.729,0.196,-1.430) u=(0.080,0.476) s=2.734 PSDFmin=-0.0009902 G=OK(+0.003276) MF=OK(active=19/20,min=+1.688e-12,slack=+5.388e-15)
[RMPCC 0273] OK solve=147.5ms pose=(1.731,0.189,-1.383) u=(0.062,0.386) s=2.745 PSDFmin=-0.001821 G=OK(+3.58e-11) MF=OK(active=18/20,min=+7.287e-13,slack=+1.96e-13)
[RMPCC 0274] OK solve=150.3ms pose=(1.732,0.182,-1.344) u=(0.057,0.402) s=2.751 PSDFmin=+0.0008586 G=OK(+7.002e-08) MF=OK(active=10/20,min=+1.838e-07,slack=+7.299e-11)
[RMPCC 0275] OK solve=139.0ms pose=(1.733,0.177,-1.304) u=(0.064,0.286) s=2.757 PSDFmin=+0.001815 G=OK(+0.00144) MF=OK(active=18/20,min=+1.752e-12,slack=+3.471e-13)
[RMPCC 0276] OK solve=125.3ms pose=(1.735,0.171,-1.275) u=(0.066,0.240) s=2.763 PSDFmin=+0.006187 G=OK(+0.005333) MF=OK(active=20/20,min=+7.107e-14,slack=+7.01e-17)
[RMPCC 0277] OK solve=114.4ms pose=(1.737,0.164,-1.251) u=(0.048,0.378) s=2.769 PSDFmin=+0.0004609 G=OK(+3.212e-08) MF=OK(active=20/20,min=+3.722e-08,slack=+5.147e-11)
[RMPCC 0278] OK solve=125.3ms pose=(1.738,0.160,-1.214) u=(0.043,0.428) s=2.775 PSDFmin=+0.001949 G=OK(+0.0007698) MF=OK(active=16/20,min=+1.37e-11,slack=+2.068e-13)
[RMPCC 0279] OK solve=122.7ms pose=(1.740,0.156,-1.171) u=(0.047,0.377) s=2.781 PSDFmin=+0.001259 G=OK(+0.0003245) MF=OK(active=20/20,min=+4.561e-09,slack=+7.754e-12)
[RMPCC 0280] OK solve=124.8ms pose=(1.741,0.151,-1.133) u=(0.043,0.340) s=2.786 PSDFmin=+0.002407 G=OK(+0.001434) MF=OK(active=20/20,min=+5.902e-11,slack=+1.469e-12)
[RMPCC 0281] OK solve=121.4ms pose=(1.743,0.148,-1.099) u=(0.039,0.369) s=2.792 PSDFmin=+0.001368 G=OK(+0.0003804) MF=OK(active=20/20,min=+4.106e-09,slack=+2.963e-12)
[RMPCC 0282] OK solve=118.9ms pose=(1.745,0.144,-1.062) u=(0.037,0.354) s=2.798 PSDFmin=+0.001917 G=OK(+0.0009008) MF=OK(active=20/20,min=+4.255e-10,slack=+3.488e-12)
[RMPCC 0283] OK solve=119.4ms pose=(1.747,0.141,-1.027) u=(0.036,0.398) s=2.804 PSDFmin=+0.001061 G=OK(+1.924e-08) MF=OK(active=20/20,min=+1.075e-08,slack=+1.64e-11)
[RMPCC 0284] OK solve=128.3ms pose=(1.749,0.138,-0.987) u=(0.029,0.377) s=2.804 PSDFmin=+0.001035 G=OK(+1.809e-05) MF=OK(active=20/20,min=+3.332e-07,slack=+8.478e-11)
[RMPCC 0285] OK solve=148.0ms pose=(1.750,0.135,-0.949) u=(0.032,0.361) s=2.810 PSDFmin=+0.001054 G=OK(+6.615e-06) MF=OK(active=20/20,min=+1.717e-11,slack=+1.029e-14)
[RMPCC 0286] OK solve=127.7ms pose=(1.752,0.133,-0.913) u=(0.031,0.348) s=2.814 PSDFmin=+0.001038 G=OK(+1.221e-10) MF=OK(active=20/20,min=+2.451e-09,slack=+4.419e-13)
[RMPCC 0287] OK solve=127.5ms pose=(1.754,0.130,-0.878) u=(0.030,0.332) s=2.817 PSDFmin=+0.001035 G=OK(+8.86e-11) MF=OK(active=20/20,min=+3.66e-08,slack=+3.849e-12)
[RMPCC 0288] OK solve=121.3ms pose=(1.756,0.128,-0.845) u=(0.028,0.314) s=2.820 PSDFmin=+0.001034 G=OK(+5.017e-12) MF=OK(active=20/20,min=+3.313e-09,slack=+2.268e-13)
[RMPCC 0289] OK solve=129.1ms pose=(1.758,0.126,-0.814) u=(0.026,0.295) s=2.823 PSDFmin=+0.001029 G=OK(+1.593e-11) MF=OK(active=20/20,min=+1.838e-08,slack=+7.238e-13)
[RMPCC 0290] OK solve=133.1ms pose=(1.760,0.124,-0.784) u=(0.027,0.282) s=2.827 PSDFmin=+0.001036 G=OK(+1.319e-08) MF=OK(active=20/20,min=+1.747e-07,slack=+2.581e-12)
[RMPCC 0291] OK solve=129.7ms pose=(1.762,0.122,-0.756) u=(0.025,0.267) s=2.829 PSDFmin=+0.001029 G=OK(+1.034e-07) MF=OK(active=20/20,min=+0.000149,slack=+2.298e-11)
[RMPCC 0292] OK solve=115.6ms pose=(1.763,0.120,-0.729) u=(0.026,0.253) s=2.833 PSDFmin=+0.001062 G=OK(+2.496e-05) MF=OK(active=20/20,min=+0.001872,slack=+5.195e-14)
[RMPCC 0293] OK solve=131.4ms pose=(1.765,0.119,-0.704) u=(0.024,0.234) s=2.835 PSDFmin=+0.001087 G=OK(+5.525e-05) MF=OK(active=20/20,min=+0.004995,slack=+4.811e-14)
[RMPCC 0294] OK solve=115.6ms pose=(1.767,0.117,-0.681) u=(0.023,0.217) s=2.837 PSDFmin=+0.001114 G=OK(+8.232e-05) MF=OK(active=20/20,min=+0.008214,slack=+2.293e-13)
[RMPCC 0295] OK solve=121.3ms pose=(1.769,0.116,-0.659) u=(0.022,0.200) s=2.839 PSDFmin=+0.001136 G=OK(+0.0001077) MF=OK(active=20/20,min=+0.01261,slack=+7.386e-15)
[RMPCC 0296] OK solve=138.2ms pose=(1.771,0.114,-0.639) u=(0.021,0.186) s=2.841 PSDFmin=+0.001158 G=OK(+0.0001291) MF=OK(active=20/20,min=+0.01855,slack=+5.805e-11)
[RMPCC 0297] OK solve=141.2ms pose=(1.772,0.113,-0.620) u=(0.021,0.172) s=2.843 PSDFmin=+0.001178 G=OK(+0.0001496) MF=OK(active=20/20,min=+0.02706,slack=+2.783e-11)
[RMPCC 0298] OK solve=141.9ms pose=(1.774,0.112,-0.603) u=(0.020,0.160) s=2.845 PSDFmin=+0.001211 G=OK(+0.0001847) MF=OK(active=20/20,min=+0.03792,slack=+4.123e-12)
[RMPCC 0299] OK solve=127.5ms pose=(1.776,0.111,-0.587) u=(0.019,0.149) s=2.848 PSDFmin=+0.001259 G=OK(+0.0002351) MF=OK(active=20/20,min=+0.05218,slack=+8.734e-15)
[RMPCC 0300] OK solve=126.3ms pose=(1.777,0.110,-0.572) u=(0.019,0.139) s=2.850 PSDFmin=+0.001321 G=OK(+0.0002989) MF=OK(active=20/20,min=+0.06949,slack=+6.312e-17)
[RMPCC 0301] OK solve=116.8ms pose=(1.779,0.109,-0.559) u=(0.019,0.129) s=2.852 PSDFmin=+0.001394 G=OK(+0.0003741) MF=OK(active=20/20,min=+0.08954,slack=+4.437e-17)
[RMPCC 0302] OK solve=133.5ms pose=(1.780,0.108,-0.546) u=(0.018,0.121) s=2.854 PSDFmin=+0.001478 G=OK(+0.0004592) MF=OK(active=20/20,min=+0.1127,slack=+2.598e-15)
[RMPCC 0303] OK solve=118.0ms pose=(1.782,0.107,-0.534) u=(0.018,0.113) s=2.856 PSDFmin=+0.00157 G=OK(+0.0005527) MF=OK(active=20/20,min=+0.1389,slack=+1.987e-15)
[RMPCC 0304] OK solve=127.1ms pose=(1.784,0.106,-0.522) u=(0.015,0.105) s=2.856 PSDFmin=+0.001668 G=OK(+0.0006545) MF=OK(active=20/20,min=+0.1709,slack=+7.059e-16)
[RMPCC 0305] OK solve=121.5ms pose=(1.785,0.105,-0.512) u=(0.015,0.098) s=2.858 PSDFmin=+0.001768 G=OK(+0.0007553) MF=OK(active=20/20,min=+0.1987,slack=+4.037e-17)
[RMPCC 0306] OK solve=129.5ms pose=(1.786,0.104,-0.502) u=(0.015,0.092) s=2.860 PSDFmin=+0.001872 G=OK(+0.00086) MF=OK(active=20/20,min=+0.2267,slack=+5.676e-15)
[RMPCC 0307] OK solve=166.1ms pose=(1.788,0.103,-0.493) u=(0.013,0.087) s=2.860 PSDFmin=+0.001979 G=OK(+0.0009692) MF=OK(active=20/20,min=+0.259,slack=+5.218e-17)
[RMPCC 0308] OK solve=130.8ms pose=(1.789,0.103,-0.484) u=(0.013,0.081) s=2.862 PSDFmin=+0.002085 G=OK(+0.001076) MF=OK(active=20/20,min=+0.2863,slack=+9.5e-17)
[RMPCC 0309] OK solve=139.4ms pose=(1.790,0.102,-0.476) u=(0.014,0.077) s=2.864 PSDFmin=+0.002193 G=OK(+0.001184) MF=OK(active=20/20,min=+0.3131,slack=+3.34e-16)
[RMPCC 0310] OK solve=124.7ms pose=(1.791,0.102,-0.468) u=(0.012,0.072) s=2.864 PSDFmin=+0.002302 G=OK(+0.001295) MF=OK(active=20/20,min=+0.3427,slack=+5.336e-14)
[RMPCC 0311] OK solve=124.6ms pose=(1.792,0.101,-0.461) u=(0.012,0.068) s=2.866 PSDFmin=+0.00241 G=OK(+0.001402) MF=OK(active=20/20,min=+0.3669,slack=+4.783e-15)
[RMPCC 0312] OK solve=113.9ms pose=(1.793,0.101,-0.454) u=(0.011,0.064) s=2.866 PSDFmin=+0.002517 G=OK(+0.001511) MF=OK(active=20/20,min=+0.3904,slack=+9.221e-16)
[RMPCC 0313] OK solve=118.9ms pose=(1.794,0.100,-0.448) u=(0.011,0.060) s=2.869 PSDFmin=+0.002622 G=OK(+0.001616) MF=OK(active=20/20,min=+0.4094,slack=+3.278e-16)
[RMPCC 0314] OK solve=131.7ms pose=(1.795,0.100,-0.442) u=(0.010,0.057) s=2.869 PSDFmin=+0.002727 G=OK(+0.001722) MF=OK(active=20/20,min=+0.4281,slack=+7.028e-13)
[RMPCC 0315] OK solve=133.0ms pose=(1.796,0.099,-0.436) u=(0.011,0.054) s=2.871 PSDFmin=+0.002829 G=OK(+0.001824) MF=OK(active=20/20,min=+0.4437,slack=+6.078e-17)
[RMPCC 0316] OK solve=118.5ms pose=(1.797,0.099,-0.431) u=(0.009,0.051) s=2.871 PSDFmin=+0.002929 G=OK(+0.001925) MF=OK(active=20/20,min=+0.4587,slack=+1.423e-15)
[RMPCC 0317] OK solve=129.9ms pose=(1.798,0.098,-0.426) u=(0.010,0.049) s=2.873 PSDFmin=+0.003028 G=OK(+0.002024) MF=OK(active=20/20,min=+0.4702,slack=+6.75e-13)
[RMPCC 0318] OK solve=117.8ms pose=(1.799,0.098,-0.421) u=(0.009,0.046) s=2.873 PSDFmin=+0.003126 G=OK(+0.002122) MF=OK(active=20/20,min=+0.4807,slack=+6.346e-13)
[RMPCC 0319] OK solve=124.1ms pose=(1.800,0.098,-0.416) u=(0.007,0.043) s=2.873 PSDFmin=+0.003219 G=OK(+0.002216) MF=OK(active=20/20,min=+0.4876,slack=+1.542e-14)
[RMPCC 0320] OK solve=117.0ms pose=(1.800,0.097,-0.412) u=(0.009,0.041) s=2.875 PSDFmin=+0.00331 G=OK(+0.002307) MF=OK(active=20/20,min=+0.4921,slack=+2.193e-16)
[RMPCC 0321] OK solve=142.3ms pose=(1.801,0.097,-0.408) u=(0.007,0.039) s=2.875 PSDFmin=+0.0034 G=OK(+0.002397) MF=OK(active=20/20,min=+0.496,slack=+9.349e-17)
[RMPCC 0322] OK solve=139.1ms pose=(1.802,0.097,-0.404) u=(0.007,0.037) s=2.875 PSDFmin=+0.003486 G=OK(+0.002484) MF=OK(active=20/20,min=+0.4979,slack=+5.257e-15)
[RMPCC 0323] OK solve=108.6ms pose=(1.802,0.096,-0.400) u=(0.008,0.035) s=2.877 PSDFmin=+0.00357 G=OK(+0.002568) MF=OK(active=20/20,min=+0.4989,slack=+1.477e-14)
[RMPCC 0324] OK solve=121.3ms pose=(1.803,0.096,-0.397) u=(0.007,0.034) s=2.877 PSDFmin=+0.003653 G=OK(+0.002651) MF=OK(active=20/20,min=+0.4997,slack=+1.16e-13)
[RMPCC 0325] OK solve=129.5ms pose=(1.804,0.096,-0.393) u=(0.006,0.032) s=2.877 PSDFmin=+0.003732 G=OK(+0.00273) MF=OK(active=20/20,min=+0.4999,slack=+1.094e-16)
[RMPCC 0326] OK solve=123.9ms pose=(1.804,0.096,-0.390) u=(0.006,0.031) s=2.878 PSDFmin=+0.003811 G=OK(+0.002809) MF=OK(active=20/20,min=+0.5,slack=+1.881e-12)
[RMPCC 0327] OK solve=120.9ms pose=(1.805,0.095,-0.387) u=(0.006,0.029) s=2.879 PSDFmin=+0.003885 G=OK(+0.002883) MF=OK(active=20/20,min=+0.5,slack=+6.744e-16)
[RMPCC 0328] OK solve=123.1ms pose=(1.805,0.095,-0.384) u=(0.005,0.029) s=2.879 PSDFmin=+0.00396 G=OK(+0.002959) MF=OK(active=20/20,min=+0.5,slack=+3.033e-12)
[RMPCC 0329] OK solve=120.4ms pose=(1.806,0.095,-0.381) u=(0.005,0.027) s=2.880 PSDFmin=+0.004032 G=OK(+0.003031) MF=OK(active=20/20,min=+0.5,slack=+1.096e-12)
[RMPCC 0330] OK solve=130.6ms pose=(1.806,0.095,-0.378) u=(0.005,0.026) s=2.880 PSDFmin=+0.004102 G=OK(+0.003101) MF=OK(active=20/20,min=+0.5,slack=+1.38e-12)
[RMPCC 0331] OK solve=127.4ms pose=(1.807,0.095,-0.376) u=(0.005,0.024) s=2.881 PSDFmin=+0.004169 G=OK(+0.003168) MF=OK(active=20/20,min=+0.5,slack=+3.454e-13)
[RMPCC 0332] OK solve=135.7ms pose=(1.807,0.094,-0.373) u=(0.005,0.024) s=2.881 PSDFmin=+0.004235 G=OK(+0.003234) MF=OK(active=20/20,min=+0.5,slack=+1.113e-12)
[RMPCC 0333] OK solve=112.6ms pose=(1.808,0.094,-0.371) u=(0.004,0.022) s=2.882 PSDFmin=+0.004297 G=OK(+0.003296) MF=OK(active=20/20,min=+0.5,slack=+5.524e-14)
[RMPCC 0334] OK solve=123.8ms pose=(1.808,0.094,-0.369) u=(0.004,0.021) s=2.882 PSDFmin=+0.004356 G=OK(+0.003356) MF=OK(active=20/20,min=+0.5,slack=+8.156e-14)
[RMPCC 0335] OK solve=122.2ms pose=(1.809,0.094,-0.366) u=(0.004,0.020) s=2.882 PSDFmin=+0.004415 G=OK(+0.003414) MF=OK(active=20/20,min=+0.5,slack=+4.789e-13)
목적지에 도착했습니다! 현재 위치: [1.80889 0.09372], 시간: 33.60초
Using rmpcc optimizer with differential_drive dynamics:
median:  0.1314694881439209
std:  0.08694177968888506
min:  0.10859894752502441
max:  0.4556429386138916
Simulation finished.
Run outcome: status=success, reason=None, final_time=33.60000000000021, distance_to_goal=0.009858021489742195
Optimizer runtime stats: safe_stop_count=1, backup_feasible_qp_success_count=0, plant_input_apply_count=336, last_solve_mode=sqp_rti
Trial history saved to /home/taek111/projects/psdf_mpcc/debug_runs/rmpcc_tuning/p3-e0p5_maze_r1/data/trial_history_MPC_rmpcc_rectangle_maze_p3-e0p5_maze_r1.csv
RMPCC constraint history saved to /home/taek111/projects/psdf_mpcc/debug_runs/rmpcc_tuning/p3-e0p5_maze_r1/data/rmpcc_constraints_MPC_rmpcc_rectangle_maze_p3-e0p5_maze_r1.csv
RMPCC debug history saved to /home/taek111/projects/psdf_mpcc/debug_runs/rmpcc_tuning/p3-e0p5_maze_r1/data/cycle_raw.csv
RMPCC debug history saved to /home/taek111/projects/psdf_mpcc/debug_runs/rmpcc_tuning/p3-e0p5_maze_r1/data/covariance_trajectory.csv
Pose-SDF data saved to /home/taek111/projects/psdf_mpcc/debug_runs/rmpcc_tuning/p3-e0p5_maze_r1/data/pose_sdf_MPC_rmpcc_rectangle_maze_p3-e0p5_maze_r1.csv
Total data points: 336
SDF statistics - Min: 0.0002, Max: 0.0589, Mean: 0.0111
