RMPCC configured from config: horizon=20, tf=2.0, use_obstacle_constraint=True, use_row_mf=True, d_col=0.001, d_min=0.001, d_mf_mask=0.001, mf_slack_linear=100.0, mf_slack_quadratic=1.0, chance_epsilon=0.2, mf_active_start_step=1, mf_active_end_step=None, mf_active_terminal=True, sigma_f0=0.0002, sigma_l0=0.00025, sigma_psi0=0.00025, q_f0=0.0, q_l0=0.0, q_psi0=0.0, alpha_f=2e-05, alpha_v=4.000000000000001e-06, alpha_kappa=0.0001, beta_v=0.0002, beta_kappa=8e-05, beta_omega=8e-05, enable_backup_solver=False, debug_mf=True, debug_infeasibility=True, augmented_psdf_device=cpu
Resetting rmpcc optimizer for clean state...
Trial failure criteria enabled: movement_window_sec=5.0, movement_threshold=0.005, max_consecutive_solver_failures=10
generating global path with A* + Line of Sight
시작 위치: [0.075 0.795]
목적지: [1.8  0.09]
도착 판정 기준: position <= 0.01m, angle <= 0.01rad
Setting up RMPCC-MF optimizer...
RMPCC-MF Row M configuration: enabled=True, active only when phi > d_mf_mask=0.001, configured stages=[1, 2, 3, 4, 5, 6, 7, 8, 9, 10, 11, 12, 13, 14, 15, 16, 17, 18, 19, 20]
Added two affine safety rows at intermediate/terminal stages: 0=HARD guard/recovery, 1=SOFT MF
field AcadosOcpDims.N has been migrated to AcadosOcpOptions.N_horizon. setting AcadosOcpOptions.N_horizon = N. For future comppatibility, please use AcadosOcpOptions.N_horizon directly.

WARNING: Gauss-Newton Hessian approximation with EXTERNAL cost type not well defined!
got cost_type EXTERNAL for cost_type_0, cost_type, cost_type_e, hessian_approx: 'GAUSS_NEWTON'.
With this setting, acados will proceed computing the exact Hessian for the cost term and no Hessian contribution from constraints and dynamics.
If the external cost is a linear least squares cost, this coincides with the Gauss-Newton Hessian.
Note: There is also the option to use the external cost module with a numerical Hessian approximation (see `ext_cost_num_hess`).
OR the option to provide a symbolic custom Hessian approximation (see `cost_expr_ext_cost_custom_hess`).

acados was compiled without OpenMP.
RMPCC-MF backup SQP_WITH_FEASIBLE_QP solver disabled; using nominal safe-stop recovery.
[RMPCC 0000] OK solve=137.7ms pose=(0.075,0.795,-1.571) u=(0.123,0.000) s=0.013 PSDFmin=+0.03 G=OK(+0.04134) MF=OK(active=20/20,min=+0.2,slack=+7.52e-12)
[RMPCC 0001] OK solve=120.9ms pose=(0.075,0.783,-1.571) u=(0.114,0.088) s=0.024 PSDFmin=-0.002916 G=OK(+4.51e-15) MF=OK(active=20/20,min=+0.2,slack=+4.188e-17)
[RMPCC 0002] OK solve=125.9ms pose=(0.075,0.771,-1.562) u=(0.119,0.173) s=0.035 PSDFmin=+0.00121 G=OK(+3.83e-14) MF=OK(active=14/20,min=+9.067e-10,slack=+4.825e-14)
[RMPCC 0003] OK solve=127.5ms pose=(0.075,0.759,-1.545) u=(0.120,-0.075) s=0.041 PSDFmin=+0.004763 G=OK(+0.002342) MF=OK(active=20/20,min=+1.97e-10,slack=+4.82e-14)
[RMPCC 0004] OK solve=127.3ms pose=(0.075,0.747,-1.552) u=(0.131,-0.004) s=0.055 PSDFmin=+0.004831 G=OK(+0.00242) MF=OK(active=20/20,min=+5.71e-11,slack=+2.564e-14)
[RMPCC 0005] OK solve=115.9ms pose=(0.076,0.734,-1.553) u=(0.124,-0.012) s=0.056 PSDFmin=+0.004876 G=OK(+0.002689) MF=OK(active=20/20,min=+1.096e-14,slack=+5.345e-16)
[RMPCC 0006] OK solve=130.4ms pose=(0.076,0.722,-1.554) u=(0.131,0.055) s=0.071 PSDFmin=+0.004763 G=OK(+0.002652) MF=OK(active=20/20,min=+3.798e-11,slack=+9.273e-15)
[RMPCC 0007] OK solve=130.1ms pose=(0.076,0.709,-1.548) u=(0.140,0.089) s=0.087 PSDFmin=+0.005065 G=OK(+0.002745) MF=OK(active=20/20,min=+4.976e-14,slack=+2.549e-17)
[RMPCC 0008] OK solve=119.8ms pose=(0.076,0.695,-1.539) u=(0.130,0.187) s=0.090 PSDFmin=+0.004584 G=OK(+0.002551) MF=OK(active=20/20,min=+1.422e-13,slack=+6.874e-17)
[RMPCC 0009] OK solve=110.9ms pose=(0.077,0.682,-1.521) u=(0.135,0.239) s=0.106 PSDFmin=+0.004525 G=OK(+0.002768) MF=OK(active=20/20,min=+1.957e-12,slack=+8.167e-14)
[RMPCC 0010] OK solve=127.4ms pose=(0.078,0.668,-1.497) u=(0.139,0.365) s=0.124 PSDFmin=+0.004606 G=OK(+0.002692) MF=OK(active=20/20,min=-1.396e-14,slack=+2.547e-16)
[RMPCC 0011] OK solve=122.9ms pose=(0.079,0.654,-1.460) u=(0.126,0.447) s=0.127 PSDFmin=+0.004325 G=OK(+0.002596) MF=OK(active=20/20,min=+3.124e-10,slack=+1.603e-12)
[RMPCC 0012] OK solve=125.8ms pose=(0.080,0.642,-1.415) u=(0.127,0.560) s=0.145 PSDFmin=+0.004327 G=OK(+0.002586) MF=OK(active=20/20,min=+7.141e-15,slack=+3.591e-17)
[RMPCC 0013] OK solve=117.1ms pose=(0.082,0.629,-1.359) u=(0.127,0.704) s=0.165 PSDFmin=+0.004385 G=OK(+0.002494) MF=OK(active=20/20,min=+9.285e-11,slack=+1.007e-13)
[RMPCC 0014] OK solve=115.9ms pose=(0.085,0.617,-1.289) u=(0.125,0.860) s=0.186 PSDFmin=+0.004311 G=OK(+0.002375) MF=OK(active=20/20,min=+1.87e-13,slack=+2.291e-15)
[RMPCC 0015] OK solve=131.5ms pose=(0.088,0.605,-1.203) u=(0.118,1.047) s=0.201 PSDFmin=+0.004174 G=OK(+0.002124) MF=OK(active=20/20,min=+4.892e-12,slack=+3.136e-15)
[RMPCC 0016] OK solve=124.6ms pose=(0.092,0.594,-1.098) u=(0.108,1.200) s=0.212 PSDFmin=+0.003832 G=OK(+0.00189) MF=OK(active=20/20,min=+1.688e-11,slack=+3.313e-15)
[RMPCC 0017] OK solve=184.1ms pose=(0.097,0.584,-0.978) u=(0.092,1.200) s=0.222 PSDFmin=+0.003131 G=OK(+0.0016) MF=OK(active=20/20,min=+9.891e-12,slack=+2.411e-16)
[RMPCC 0018] OK solve=127.6ms pose=(0.102,0.577,-0.858) u=(0.098,1.200) s=0.235 PSDFmin=+0.003926 G=OK(+0.00197) MF=OK(active=20/20,min=+5.56e-06,slack=+7.012e-14)
[RMPCC 0019] OK solve=141.8ms pose=(0.109,0.569,-0.738) u=(0.109,1.200) s=0.243 PSDFmin=+0.004606 G=OK(+0.002528) MF=OK(active=20/20,min=+0.01943,slack=+8.647e-13)
[RMPCC 0020] OK solve=133.2ms pose=(0.117,0.562,-0.618) u=(0.120,1.200) s=0.253 PSDFmin=+0.005146 G=OK(+0.003079) MF=OK(active=20/20,min=+0.07107,slack=+8.345e-16)
[RMPCC 0021] OK solve=131.0ms pose=(0.126,0.555,-0.498) u=(0.132,1.200) s=0.266 PSDFmin=+0.005585 G=OK(+0.004123) MF=OK(active=20/20,min=+0.09943,slack=+2.147e-13)
[RMPCC 0022] OK solve=117.6ms pose=(0.138,0.549,-0.378) u=(0.145,1.079) s=0.280 PSDFmin=+0.00578 G=OK(+0.004331) MF=OK(active=20/20,min=+0.1257,slack=+3.69e-17)
[RMPCC 0023] OK solve=110.6ms pose=(0.152,0.543,-0.271) u=(0.156,0.939) s=0.296 PSDFmin=+0.006128 G=OK(+0.004704) MF=OK(active=20/20,min=+0.1572,slack=+1.891e-13)
[RMPCC 0024] OK solve=127.2ms pose=(0.167,0.539,-0.177) u=(0.157,0.808) s=0.307 PSDFmin=+0.001996 G=OK(+0.0009911) MF=OK(active=20/20,min=+0.1771,slack=+2.215e-11)
[RMPCC 0025] OK solve=126.7ms pose=(0.182,0.536,-0.096) u=(0.157,0.782) s=0.323 PSDFmin=+0.002233 G=OK(+0.0004349) MF=OK(active=20/20,min=+2.053e-10,slack=+2.231e-14)
[RMPCC 0026] OK solve=133.4ms pose=(0.198,0.535,-0.018) u=(0.156,0.640) s=0.338 PSDFmin=+0.001966 G=OK(+0.0008993) MF=OK(active=20/20,min=+1.867e-09,slack=+6.459e-13)
[RMPCC 0027] OK solve=116.7ms pose=(0.213,0.534,0.046) u=(0.149,0.530) s=0.351 PSDFmin=+0.00209 G=OK(+0.0009987) MF=OK(active=20/20,min=+2.144e-09,slack=+3.652e-12)
[RMPCC 0028] OK solve=131.1ms pose=(0.228,0.535,0.099) u=(0.144,0.470) s=0.366 PSDFmin=+0.00206 G=OK(+0.0009393) MF=OK(active=20/20,min=+1.75e-11,slack=+5.519e-15)
[RMPCC 0029] OK solve=127.8ms pose=(0.243,0.537,0.146) u=(0.139,0.420) s=0.380 PSDFmin=+0.00207 G=OK(+0.0009785) MF=OK(active=20/20,min=+5.414e-13,slack=+3.004e-14)
[RMPCC 0030] OK solve=119.7ms pose=(0.256,0.539,0.188) u=(0.134,0.409) s=0.394 PSDFmin=+0.002225 G=OK(+0.001132) MF=OK(active=20/20,min=+7.958e-13,slack=+1.528e-16)
[RMPCC 0031] OK solve=123.9ms pose=(0.270,0.541,0.229) u=(0.128,0.315) s=0.407 PSDFmin=+0.002166 G=OK(+0.001166) MF=OK(active=20/20,min=+1.637e-10,slack=+2.571e-14)
[RMPCC 0032] OK solve=118.7ms pose=(0.282,0.544,0.261) u=(0.122,0.344) s=0.419 PSDFmin=+0.001575 G=OK(+0.001476) MF=OK(active=20/20,min=+2.018e-12,slack=+6.791e-16)
[RMPCC 0033] OK solve=129.8ms pose=(0.294,0.547,0.295) u=(0.117,0.224) s=0.431 PSDFmin=+0.0003023 G=OK(+0.001499) MF=OK(active=20/20,min=+7.106e-13,slack=+2.228e-16)
[RMPCC 0034] OK solve=140.5ms pose=(0.305,0.551,0.318) u=(0.111,0.296) s=0.442 PSDFmin=-0.00218 G=OK(+8.692e-11) MF=OK(active=19/20,min=+0.1827,slack=+4.152e-12)
[RMPCC 0035] OK solve=135.4ms pose=(0.316,0.554,0.347) u=(0.106,0.075) s=0.453 PSDFmin=+0.003493 G=OK(+4.247e-14) MF=OK(active=19/20,min=+0.2,slack=+2.771e-15)
[RMPCC 0036] OK solve=120.6ms pose=(0.326,0.558,0.355) u=(0.110,-0.159) s=0.467 PSDFmin=+0.00161 G=OK(+3.695e-13) MF=OK(active=20/20,min=+0.1824,slack=+5.541e-15)
[RMPCC 0037] OK solve=114.3ms pose=(0.336,0.562,0.339) u=(0.110,-0.043) s=0.478 PSDFmin=+0.001958 G=OK(+1.354e-14) MF=OK(active=20/20,min=+7.674e-13,slack=+1.769e-16)
[RMPCC 0038] OK solve=120.0ms pose=(0.346,0.565,0.334) u=(0.111,0.010) s=0.489 PSDFmin=+0.003099 G=OK(+6.883e-15) MF=OK(active=20/20,min=+9.379e-13,slack=+3.22e-17)
[RMPCC 0039] OK solve=122.8ms pose=(0.357,0.569,0.335) u=(0.112,0.015) s=0.500 PSDFmin=+0.001793 G=OK(+1.782e-11) MF=OK(active=20/20,min=+0.133,slack=+4.443e-12)
[RMPCC 0040] OK solve=133.2ms pose=(0.367,0.573,0.337) u=(0.113,0.024) s=0.512 PSDFmin=+0.002209 G=OK(+5.818e-11) MF=OK(active=20/20,min=-1.896e-11,slack=+9.374e-13)
[RMPCC 0041] OK solve=113.0ms pose=(0.378,0.576,0.339) u=(0.118,0.059) s=0.527 PSDFmin=+0.00289 G=OK(+9.092e-10) MF=OK(active=20/20,min=+1.367e-07,slack=+1.444e-11)
[RMPCC 0042] OK solve=120.3ms pose=(0.389,0.580,0.345) u=(0.114,0.056) s=0.534 PSDFmin=+0.0028 G=OK(+5.194e-10) MF=OK(active=20/20,min=+3.375e-09,slack=+7.528e-12)
[RMPCC 0043] OK solve=130.2ms pose=(0.400,0.584,0.351) u=(0.116,0.051) s=0.546 PSDFmin=+0.002752 G=OK(+3.442e-15) MF=OK(active=20/20,min=+5.827e-13,slack=+4.828e-17)
[RMPCC 0044] OK solve=138.7ms pose=(0.411,0.588,0.356) u=(0.122,0.049) s=0.562 PSDFmin=+0.002738 G=OK(+9.495e-12) MF=OK(active=20/20,min=+1.868e-08,slack=+1.42e-13)
[RMPCC 0045] OK solve=119.6ms pose=(0.422,0.592,0.361) u=(0.120,0.038) s=0.570 PSDFmin=+0.002695 G=OK(+2.614e-12) MF=OK(active=20/20,min=+5.838e-09,slack=+4.488e-14)
[RMPCC 0046] OK solve=117.4ms pose=(0.433,0.597,0.365) u=(0.124,0.024) s=0.582 PSDFmin=+0.002685 G=OK(+8.277e-12) MF=OK(active=20/20,min=+8.334e-09,slack=+9.975e-14)
[RMPCC 0047] OK solve=133.9ms pose=(0.445,0.601,0.367) u=(0.138,0.001) s=0.600 PSDFmin=+0.002672 G=OK(+3.886e-15) MF=OK(active=20/20,min=+8.529e-14,slack=+2.32e-17)
[RMPCC 0048] OK solve=120.7ms pose=(0.458,0.606,0.367) u=(0.145,-0.131) s=0.608 PSDFmin=+0.001935 G=OK(+0.0002962) MF=OK(active=20/20,min=-1.228e-12,slack=+8.716e-15)
[RMPCC 0049] OK solve=117.5ms pose=(0.471,0.611,0.354) u=(0.149,-0.119) s=0.623 PSDFmin=+0.002254 G=OK(+0.0003072) MF=OK(active=20/20,min=+5.69e-14,slack=+5.936e-17)
[RMPCC 0050] OK solve=135.3ms pose=(0.485,0.616,0.342) u=(0.157,-0.168) s=0.644 PSDFmin=-0.0001895 G=OK(+1.615e-08) MF=OK(active=20/20,min=+1.001e-09,slack=+1.96e-13)
[RMPCC 0051] OK solve=120.7ms pose=(0.500,0.622,0.326) u=(0.149,-0.185) s=0.653 PSDFmin=+0.001053 G=OK(+3.443e-10) MF=OK(active=19/20,min=+2.835e-09,slack=+1.058e-11)
[RMPCC 0052] OK solve=132.7ms pose=(0.514,0.626,0.307) u=(0.146,-0.178) s=0.670 PSDFmin=+0.002095 G=OK(+0.0008261) MF=OK(active=20/20,min=+4.464e-12,slack=+1.885e-15)
[RMPCC 0053] OK solve=117.8ms pose=(0.528,0.631,0.289) u=(0.138,-0.200) s=0.682 PSDFmin=+0.002004 G=OK(+0.0007469) MF=OK(active=20/20,min=+1.437e-13,slack=+1.605e-15)
[RMPCC 0054] OK solve=120.4ms pose=(0.541,0.635,0.269) u=(0.133,-0.229) s=0.697 PSDFmin=+0.001913 G=OK(+0.0006444) MF=OK(active=20/20,min=+1.88e-09,slack=+6.66e-12)
[RMPCC 0055] OK solve=114.3ms pose=(0.554,0.638,0.246) u=(0.127,-0.215) s=0.709 PSDFmin=+0.002081 G=OK(+0.0008845) MF=OK(active=20/20,min=-8.494e-14,slack=+3.523e-16)
[RMPCC 0056] OK solve=131.0ms pose=(0.567,0.641,0.225) u=(0.125,-0.197) s=0.724 PSDFmin=+0.002238 G=OK(+0.001019) MF=OK(active=20/20,min=+8.804e-11,slack=+7.091e-14)
[RMPCC 0057] OK solve=121.1ms pose=(0.579,0.644,0.205) u=(0.119,-0.136) s=0.734 PSDFmin=+0.002403 G=OK(+0.001245) MF=OK(active=20/20,min=+2.212e-10,slack=+2.303e-12)
[RMPCC 0058] OK solve=121.5ms pose=(0.590,0.647,0.192) u=(0.116,-0.156) s=0.746 PSDFmin=+0.002557 G=OK(+0.001245) MF=OK(active=20/20,min=+5.078e-12,slack=+4.488e-15)
[RMPCC 0059] OK solve=132.2ms pose=(0.602,0.649,0.176) u=(0.115,-0.088) s=0.758 PSDFmin=+0.002788 G=OK(+0.001688) MF=OK(active=20/20,min=+1.052e-16,slack=+1.065e-16)
[RMPCC 0060] OK solve=121.3ms pose=(0.613,0.651,0.167) u=(0.109,-0.404) s=0.769 PSDFmin=-0.03617 G=OK(+0.0002744) MF=OK(active=20/20,min=+7.151e-11,slack=+4.112e-14)
[RMPCC 0061] OK solve=122.8ms pose=(0.624,0.653,0.127) u=(0.113,-0.127) s=0.780 PSDFmin=-0.0176 G=OK(+1.721e-14) MF=OK(active=12/20,min=+5.615e-12,slack=+1.682e-15)
[RMPCC 0062] OK solve=115.6ms pose=(0.635,0.654,0.114) u=(0.102,-0.382) s=0.791 PSDFmin=-0.02629 G=OK(+0.001298) MF=OK(active=12/20,min=+6.694e-10,slack=+8.207e-14)
[RMPCC 0063] OK solve=121.7ms pose=(0.645,0.655,0.076) u=(0.108,-0.114) s=0.801 PSDFmin=-0.002614 G=OK(+4.806e-13) MF=OK(active=13/20,min=-1.06e-12,slack=+1.994e-14)
[RMPCC 0064] OK solve=127.0ms pose=(0.656,0.656,0.064) u=(0.112,-0.271) s=0.812 PSDFmin=-0.01016 G=OK(+9.736e-12) MF=OK(active=14/20,min=+8.371e-10,slack=+2.143e-13)
[RMPCC 0065] OK solve=118.8ms pose=(0.667,0.657,0.037) u=(0.113,-0.120) s=0.823 PSDFmin=+0.002065 G=OK(+2.787e-10) MF=OK(active=13/20,min=+1.648e-08,slack=+5.838e-12)
[RMPCC 0066] OK solve=120.4ms pose=(0.678,0.657,0.025) u=(0.120,-0.339) s=0.834 PSDFmin=-0.00553 G=OK(+0.0003431) MF=OK(active=20/20,min=+1.735e-12,slack=+9.647e-16)
[RMPCC 0067] OK solve=127.7ms pose=(0.690,0.657,-0.009) u=(0.120,-0.263) s=0.846 PSDFmin=+0.002623 G=OK(+1.928e-10) MF=OK(active=11/20,min=+7.264e-09,slack=+3.774e-12)
[RMPCC 0068] OK solve=144.4ms pose=(0.702,0.657,-0.035) u=(0.122,-0.458) s=0.858 PSDFmin=+0.001837 G=OK(+0.001507) MF=OK(active=20/20,min=+2.621e-11,slack=+1.76e-13)
[RMPCC 0069] OK solve=134.7ms pose=(0.715,0.657,-0.081) u=(0.114,-0.434) s=0.868 PSDFmin=+0.00265 G=OK(+0.001445) MF=OK(active=20/20,min=+5.939e-10,slack=+1.37e-12)
[RMPCC 0070] OK solve=123.0ms pose=(0.726,0.656,-0.124) u=(0.111,-0.628) s=0.882 PSDFmin=+0.003172 G=OK(+0.00151) MF=OK(active=20/20,min=+6.837e-11,slack=+2.537e-13)
[RMPCC 0071] OK solve=122.5ms pose=(0.737,0.655,-0.187) u=(0.105,-0.745) s=0.893 PSDFmin=+0.002889 G=OK(+0.001234) MF=OK(active=20/20,min=+1.422e-14,slack=+1.454e-17)
[RMPCC 0072] OK solve=112.1ms pose=(0.747,0.653,-0.261) u=(0.100,-0.976) s=0.903 PSDFmin=+0.002929 G=OK(+0.001125) MF=OK(active=20/20,min=+8.531e-14,slack=+4.082e-17)
[RMPCC 0073] OK solve=120.4ms pose=(0.757,0.650,-0.359) u=(0.101,-0.988) s=0.913 PSDFmin=+0.003294 G=OK(+0.001554) MF=OK(active=20/20,min=+3.729e-09,slack=+6.622e-12)
[RMPCC 0074] OK solve=128.4ms pose=(0.767,0.646,-0.458) u=(0.108,-0.991) s=0.924 PSDFmin=+0.003738 G=OK(+0.001838) MF=OK(active=20/20,min=+1.23e-10,slack=+6.165e-13)
[RMPCC 0075] OK solve=120.3ms pose=(0.776,0.642,-0.557) u=(0.121,-0.820) s=0.939 PSDFmin=+0.00389 G=OK(+0.001571) MF=OK(active=20/20,min=+3.722e-09,slack=+1.652e-12)
[RMPCC 0076] OK solve=113.9ms pose=(0.787,0.635,-0.639) u=(0.129,-0.667) s=0.951 PSDFmin=+0.003769 G=OK(+0.001527) MF=OK(active=20/20,min=+7.4e-11,slack=+1.933e-14)
[RMPCC 0077] OK solve=125.9ms pose=(0.797,0.628,-0.706) u=(0.136,-0.445) s=0.965 PSDFmin=+0.003253 G=OK(+0.001117) MF=OK(active=20/20,min=+2.843e-14,slack=+1.004e-17)
[RMPCC 0078] OK solve=134.2ms pose=(0.807,0.619,-0.750) u=(0.144,-0.227) s=0.980 PSDFmin=+0.003008 G=OK(+0.0008769) MF=OK(active=20/20,min=+5.943e-11,slack=+1.157e-14)
[RMPCC 0079] OK solve=136.5ms pose=(0.818,0.609,-0.773) u=(0.147,-0.012) s=0.996 PSDFmin=+0.002585 G=OK(+0.0005768) MF=OK(active=20/20,min=+8.233e-09,slack=+6.242e-12)
[RMPCC 0080] OK solve=135.7ms pose=(0.828,0.599,-0.774) u=(0.148,0.214) s=1.012 PSDFmin=+0.002298 G=OK(+0.0004323) MF=OK(active=20/20,min=+1.137e-13,slack=+7.137e-17)
[RMPCC 0081] OK solve=128.1ms pose=(0.839,0.588,-0.753) u=(0.138,0.403) s=1.021 PSDFmin=+0.001861 G=OK(+0.0002848) MF=OK(active=20/20,min=+5.691e-14,slack=+6.305e-17)
[RMPCC 0082] OK solve=119.7ms pose=(0.849,0.579,-0.712) u=(0.127,0.598) s=1.035 PSDFmin=+0.002065 G=OK(+0.000396) MF=OK(active=20/20,min=+8.528e-14,slack=+9.808e-17)
[RMPCC 0083] OK solve=130.3ms pose=(0.859,0.571,-0.653) u=(0.120,0.807) s=1.049 PSDFmin=+0.002332 G=OK(+0.000478) MF=OK(active=20/20,min=+1.137e-13,slack=+7.516e-17)
[RMPCC 0084] OK solve=117.4ms pose=(0.868,0.563,-0.572) u=(0.116,0.839) s=1.060 PSDFmin=+0.002831 G=OK(+0.001028) MF=OK(active=20/20,min=+1.756e-12,slack=+4.643e-15)
[RMPCC 0085] OK solve=124.1ms pose=(0.878,0.557,-0.488) u=(0.118,0.719) s=1.071 PSDFmin=+0.003656 G=OK(+0.001936) MF=OK(active=20/20,min=+2.137e-14,slack=+5.137e-17)
[RMPCC 0086] OK solve=130.0ms pose=(0.888,0.552,-0.416) u=(0.120,0.695) s=1.083 PSDFmin=+0.0008625 G=OK(+0.003227) MF=OK(active=20/20,min=+1.848e-13,slack=+3.086e-17)
[RMPCC 0087] OK solve=120.4ms pose=(0.899,0.547,-0.347) u=(0.120,0.622) s=1.094 PSDFmin=+0.00366 G=OK(+0.002557) MF=OK(active=19/20,min=+4.152e-12,slack=+1.891e-13)
[RMPCC 0088] OK solve=127.7ms pose=(0.911,0.543,-0.284) u=(0.116,0.593) s=1.106 PSDFmin=+0.004007 G=OK(+0.002547) MF=OK(active=20/20,min=+5.904e-09,slack=+8.225e-11)
[RMPCC 0089] OK solve=119.7ms pose=(0.922,0.539,-0.225) u=(0.119,0.479) s=1.115 PSDFmin=+0.005591 G=OK(+0.002928) MF=OK(active=20/20,min=+2.436e-09,slack=+1.42e-11)
[RMPCC 0090] OK solve=127.5ms pose=(0.933,0.537,-0.177) u=(0.121,0.592) s=1.126 PSDFmin=+0.003529 G=OK(+0) MF=OK(active=20/20,min=+6.186e-13,slack=+4.774e-16)
[RMPCC 0091] OK solve=126.2ms pose=(0.945,0.535,-0.118) u=(0.125,0.579) s=1.138 PSDFmin=-0.0003042 G=OK(+0.001285) MF=OK(active=20/20,min=+4.632e-10,slack=+1.438e-13)
[RMPCC 0092] OK solve=124.3ms pose=(0.958,0.533,-0.060) u=(0.129,0.501) s=1.152 PSDFmin=+0.004336 G=OK(+4.285e-14) MF=OK(active=19/20,min=+9.948e-14,slack=+3.917e-17)
[RMPCC 0093] OK solve=154.7ms pose=(0.970,0.532,-0.010) u=(0.125,0.561) s=1.164 PSDFmin=+0.003873 G=OK(+0.002222) MF=OK(active=20/20,min=+1.366e-12,slack=+1.585e-15)
[RMPCC 0094] OK solve=140.3ms pose=(0.983,0.532,0.046) u=(0.125,0.537) s=1.176 PSDFmin=+0.003829 G=OK(+0.002148) MF=OK(active=20/20,min=-2.14e-14,slack=+7.111e-15)
[RMPCC 0095] OK solve=131.4ms pose=(0.995,0.533,0.100) u=(0.123,0.587) s=1.189 PSDFmin=+0.003388 G=OK(+0.001782) MF=OK(active=20/20,min=+7.63e-17,slack=+7.63e-17)
[RMPCC 0096] OK solve=132.3ms pose=(1.008,0.534,0.158) u=(0.122,0.625) s=1.201 PSDFmin=+0.003522 G=OK(+0.001724) MF=OK(active=20/20,min=-7.946e-12,slack=+6.412e-13)
[RMPCC 0097] OK solve=129.0ms pose=(1.020,0.536,0.221) u=(0.124,0.740) s=1.213 PSDFmin=+0.003371 G=OK(+0.001421) MF=OK(active=20/20,min=+1.373e-12,slack=+1.394e-15)
[RMPCC 0098] OK solve=123.5ms pose=(1.032,0.539,0.295) u=(0.122,0.721) s=1.225 PSDFmin=+0.003201 G=OK(+0.001456) MF=OK(active=20/20,min=+7.108e-14,slack=+2.286e-17)
[RMPCC 0099] OK solve=120.3ms pose=(1.044,0.542,0.367) u=(0.120,0.869) s=1.237 PSDFmin=+0.003063 G=OK(+0.001202) MF=OK(active=20/20,min=+7.48e-09,slack=+5.584e-12)
[RMPCC 0100] OK solve=127.5ms pose=(1.055,0.546,0.454) u=(0.120,0.930) s=1.248 PSDFmin=+0.003152 G=OK(+0.00125) MF=OK(active=20/20,min=+6.398e-14,slack=+2.799e-17)
[RMPCC 0101] OK solve=125.3ms pose=(1.065,0.552,0.547) u=(0.127,0.731) s=1.259 PSDFmin=+0.003739 G=OK(+0.001765) MF=OK(active=20/20,min=+4.763e-13,slack=+1.981e-16)
[RMPCC 0102] OK solve=132.2ms pose=(1.076,0.558,0.620) u=(0.137,0.612) s=1.275 PSDFmin=+0.003942 G=OK(+0.001873) MF=OK(active=20/20,min=+1.565e-13,slack=+1.492e-16)
[RMPCC 0103] OK solve=133.4ms pose=(1.088,0.566,0.681) u=(0.143,0.431) s=1.290 PSDFmin=+0.00334 G=OK(+0.001257) MF=OK(active=20/20,min=+1.393e-12,slack=+1.835e-16)
[RMPCC 0104] OK solve=137.3ms pose=(1.099,0.575,0.724) u=(0.148,0.268) s=1.305 PSDFmin=+0.003208 G=OK(+0.001171) MF=OK(active=20/20,min=+1.777e-13,slack=+4.259e-17)
[RMPCC 0105] OK solve=120.9ms pose=(1.110,0.585,0.751) u=(0.150,0.079) s=1.319 PSDFmin=+0.002697 G=OK(+0.0006495) MF=OK(active=20/20,min=+2.843e-08,slack=+5.178e-12)
[RMPCC 0106] OK solve=117.8ms pose=(1.121,0.595,0.759) u=(0.152,-0.112) s=1.334 PSDFmin=+0.002464 G=OK(+0.0004486) MF=OK(active=20/20,min=+4.821e-09,slack=+1.636e-12)
[RMPCC 0107] OK solve=122.4ms pose=(1.132,0.606,0.748) u=(0.155,-0.344) s=1.349 PSDFmin=+0.002181 G=OK(+8.882e-16) MF=OK(active=20/20,min=+2.309e-08,slack=+1.281e-14)
[RMPCC 0108] OK solve=128.2ms pose=(1.143,0.616,0.713) u=(0.160,-0.548) s=1.365 PSDFmin=+0.00238 G=OK(+0.0002185) MF=OK(active=20/20,min=+4.548e-13,slack=+5.32e-17)
[RMPCC 0109] OK solve=136.4ms pose=(1.155,0.627,0.659) u=(0.152,-0.770) s=1.381 PSDFmin=+0.002396 G=OK(+0.0002742) MF=OK(active=20/20,min=+1.564e-13,slack=+3.25e-17)
[RMPCC 0110] OK solve=140.9ms pose=(1.167,0.636,0.582) u=(0.152,-0.912) s=1.396 PSDFmin=+0.003 G=OK(+0.0008162) MF=OK(active=20/20,min=+0.09366,slack=+6.848e-16)
[RMPCC 0111] OK solve=143.0ms pose=(1.180,0.644,0.490) u=(0.158,-0.774) s=1.411 PSDFmin=+0.004397 G=OK(+0.002324) MF=OK(active=20/20,min=+2.373e-10,slack=+6.642e-13)
[RMPCC 0112] OK solve=114.0ms pose=(1.194,0.652,0.413) u=(0.159,-0.698) s=1.427 PSDFmin=+0.005541 G=OK(+0.003845) MF=OK(active=20/20,min=+1.054e-14,slack=+3.434e-15)
[RMPCC 0113] OK solve=142.1ms pose=(1.208,0.658,0.343) u=(0.159,-0.616) s=1.442 PSDFmin=+0.005415 G=OK(+0.003611) MF=OK(active=20/20,min=+9.413e-10,slack=+2.577e-13)
[RMPCC 0114] OK solve=140.3ms pose=(1.223,0.664,0.282) u=(0.154,-0.549) s=1.455 PSDFmin=-0.004572 G=OK(+0.003261) MF=OK(active=20/20,min=+4.269e-14,slack=+5.776e-17)
[RMPCC 0115] OK solve=137.9ms pose=(1.238,0.668,0.227) u=(0.150,-0.511) s=1.470 PSDFmin=+0.001312 G=OK(+9.283e-10) MF=OK(active=19/20,min=-3.321e-09,slack=+3.227e-11)
[RMPCC 0116] OK solve=142.0ms pose=(1.253,0.671,0.176) u=(0.152,-0.361) s=1.490 PSDFmin=+0.002887 G=OK(+0.001643) MF=OK(active=20/20,min=+3.805e-09,slack=+1.008e-12)
[RMPCC 0117] OK solve=133.1ms pose=(1.268,0.674,0.140) u=(0.146,-0.328) s=1.505 PSDFmin=+0.003539 G=OK(+0.002439) MF=OK(active=20/20,min=+5.687e-14,slack=+3.921e-17)
[RMPCC 0118] OK solve=114.2ms pose=(1.282,0.676,0.107) u=(0.137,-0.237) s=1.515 PSDFmin=+0.003023 G=OK(+0.001814) MF=OK(active=20/20,min=+2.769e-09,slack=+3.542e-11)
[RMPCC 0119] OK solve=128.1ms pose=(1.296,0.677,0.083) u=(0.134,-0.236) s=1.528 PSDFmin=+0.003583 G=OK(+0.0022) MF=OK(active=20/20,min=+1.903e-10,slack=+5.255e-12)
[RMPCC 0120] OK solve=124.4ms pose=(1.309,0.679,0.060) u=(0.137,-0.181) s=1.542 PSDFmin=+0.004237 G=OK(+0.002122) MF=OK(active=20/20,min=+8.075e-13,slack=+4.648e-15)
[RMPCC 0121] OK solve=113.1ms pose=(1.323,0.679,0.041) u=(0.140,-0.061) s=1.555 PSDFmin=-0.001129 G=OK(+1.754e-14) MF=OK(active=20/20,min=+2.489e-13,slack=+2.37e-16)
[RMPCC 0122] OK solve=129.8ms pose=(1.337,0.680,0.035) u=(0.140,-0.053) s=1.569 PSDFmin=+0.001699 G=OK(+0.0005627) MF=OK(active=19/20,min=-8.881e-11,slack=+1.484e-11)
[RMPCC 0123] OK solve=128.9ms pose=(1.351,0.680,0.030) u=(0.137,-0.008) s=1.583 PSDFmin=+0.002492 G=OK(+0.001486) MF=OK(active=20/20,min=-5.289e-11,slack=+1.969e-12)
[RMPCC 0124] OK solve=125.6ms pose=(1.364,0.681,0.029) u=(0.130,0.028) s=1.595 PSDFmin=+0.00297 G=OK(+0.001899) MF=OK(active=20/20,min=+1.289e-13,slack=+3.158e-15)
[RMPCC 0125] OK solve=121.2ms pose=(1.378,0.681,0.032) u=(0.129,0.066) s=1.610 PSDFmin=+0.003038 G=OK(+0.001908) MF=OK(active=20/20,min=-1.09e-12,slack=+4.079e-13)
[RMPCC 0126] OK solve=130.7ms pose=(1.390,0.682,0.039) u=(0.130,0.149) s=1.617 PSDFmin=+0.0006551 G=OK(+0.00171) MF=OK(active=20/20,min=-1.055e-09,slack=+2.911e-11)
[RMPCC 0127] OK solve=121.6ms pose=(1.403,0.682,0.053) u=(0.134,0.157) s=1.636 PSDFmin=+0.002218 G=OK(+9.206e-10) MF=OK(active=19/20,min=-6.397e-12,slack=+9.197e-12)
[RMPCC 0128] OK solve=135.2ms pose=(1.417,0.683,0.069) u=(0.138,0.244) s=1.649 PSDFmin=+0.003222 G=OK(+0.001928) MF=OK(active=20/20,min=-1.07e-11,slack=+1.932e-13)
[RMPCC 0129] OK solve=131.1ms pose=(1.431,0.684,0.094) u=(0.133,0.269) s=1.663 PSDFmin=+0.002904 G=OK(+0.001434) MF=OK(active=20/20,min=-8.502e-10,slack=+6.092e-12)
[RMPCC 0130] OK solve=124.2ms pose=(1.444,0.685,0.120) u=(0.132,0.386) s=1.676 PSDFmin=+0.00297 G=OK(+0.001734) MF=OK(active=20/20,min=+9.159e-12,slack=+9.323e-14)
[RMPCC 0131] OK solve=115.7ms pose=(1.457,0.687,0.159) u=(0.130,0.418) s=1.689 PSDFmin=+0.003313 G=OK(+2.453e-12) MF=OK(active=20/20,min=-3.46e-11,slack=+1.018e-13)
[RMPCC 0132] OK solve=124.5ms pose=(1.470,0.689,0.201) u=(0.124,0.596) s=1.702 PSDFmin=+0.002981 G=OK(+0.0013) MF=OK(active=20/20,min=+3.626e-13,slack=+3.746e-16)
[RMPCC 0133] OK solve=140.8ms pose=(1.482,0.691,0.260) u=(0.125,0.609) s=1.715 PSDFmin=+0.003335 G=OK(+0.00143) MF=OK(active=20/20,min=+2.462e-12,slack=+4.119e-15)
[RMPCC 0134] OK solve=134.7ms pose=(1.494,0.694,0.321) u=(0.113,0.871) s=1.727 PSDFmin=+0.002713 G=OK(+0.001013) MF=OK(active=20/20,min=+5.239e-12,slack=+9.558e-15)
[RMPCC 0135] OK solve=132.9ms pose=(1.505,0.698,0.408) u=(0.110,0.880) s=1.738 PSDFmin=+0.002997 G=OK(+0.001228) MF=OK(active=20/20,min=+6.816e-17,slack=+6.981e-17)
[RMPCC 0136] OK solve=116.1ms pose=(1.515,0.702,0.496) u=(0.119,0.805) s=1.750 PSDFmin=+0.003514 G=OK(+0.001083) MF=OK(active=20/20,min=+9.95e-14,slack=+2.911e-17)
[RMPCC 0137] OK solve=129.4ms pose=(1.525,0.708,0.577) u=(0.124,0.839) s=1.765 PSDFmin=+0.00363 G=OK(+0.001793) MF=OK(active=20/20,min=+1.153e-11,slack=+1.476e-14)
[RMPCC 0138] OK solve=132.3ms pose=(1.536,0.715,0.661) u=(0.130,0.345) s=1.778 PSDFmin=+0.002798 G=OK(+0.0011) MF=OK(active=20/20,min=+7.116e-15,slack=+1.051e-17)
[RMPCC 0139] OK solve=122.4ms pose=(1.546,0.723,0.695) u=(0.136,0.467) s=1.792 PSDFmin=+0.003425 G=OK(+0.001303) MF=OK(active=20/20,min=+1.763e-12,slack=+4.662e-15)
[RMPCC 0140] OK solve=141.7ms pose=(1.556,0.731,0.742) u=(0.141,0.185) s=1.807 PSDFmin=+0.002526 G=OK(+0.0005145) MF=OK(active=20/20,min=+7.437e-14,slack=+3.314e-15)
[RMPCC 0141] OK solve=138.8ms pose=(1.567,0.741,0.760) u=(0.146,0.023) s=1.823 PSDFmin=+0.002656 G=OK(+0.0008266) MF=OK(active=20/20,min=+1.32e-10,slack=+2.526e-13)
[RMPCC 0142] OK solve=135.0ms pose=(1.577,0.751,0.762) u=(0.151,-0.208) s=1.839 PSDFmin=+0.002189 G=OK(+0.0002815) MF=OK(active=20/20,min=+2.559e-13,slack=+1.484e-16)
[RMPCC 0143] OK solve=119.3ms pose=(1.588,0.761,0.742) u=(0.149,-0.322) s=1.857 PSDFmin=+0.002704 G=OK(+0.000977) MF=OK(active=20/20,min=-2.03e-10,slack=+7.776e-13)
[RMPCC 0144] OK solve=134.7ms pose=(1.599,0.771,0.710) u=(0.130,-0.711) s=1.863 PSDFmin=+0.001933 G=OK(+9.064e-06) MF=OK(active=20/20,min=+1.36e-12,slack=+2.869e-15)
[RMPCC 0145] OK solve=123.7ms pose=(1.609,0.780,0.638) u=(0.130,-0.753) s=1.877 PSDFmin=+0.002618 G=OK(+0.0007667) MF=OK(active=20/20,min=+3.826e-11,slack=+2.265e-14)
[RMPCC 0146] OK solve=122.5ms pose=(1.620,0.788,0.563) u=(0.135,-0.808) s=1.889 PSDFmin=+0.003106 G=OK(+0.001173) MF=OK(active=20/20,min=+1.707e-13,slack=+1.266e-16)
[RMPCC 0147] OK solve=124.4ms pose=(1.631,0.795,0.482) u=(0.140,-0.743) s=1.902 PSDFmin=+0.004333 G=OK(+0.002431) MF=OK(active=20/20,min=+3.705e-13,slack=+1.076e-15)
[RMPCC 0148] OK solve=121.6ms pose=(1.643,0.801,0.408) u=(0.146,-0.676) s=1.918 PSDFmin=+0.005435 G=OK(+0.003734) MF=OK(active=20/20,min=+2.844e-14,slack=+1.703e-17)
[RMPCC 0149] OK solve=119.2ms pose=(1.657,0.807,0.340) u=(0.148,-0.635) s=1.930 PSDFmin=+0.005543 G=OK(+0.00368) MF=OK(active=20/20,min=+2.317e-11,slack=+1.074e-14)
[RMPCC 0150] OK solve=130.3ms pose=(1.671,0.812,0.277) u=(0.146,-0.629) s=1.941 PSDFmin=+0.005245 G=OK(+0.003458) MF=OK(active=20/20,min=+5.687e-14,slack=+3.002e-17)
[RMPCC 0151] OK solve=129.4ms pose=(1.685,0.816,0.214) u=(0.149,-0.638) s=1.955 PSDFmin=+0.005214 G=OK(+0.003368) MF=OK(active=20/20,min=+5.377e-11,slack=+4.097e-14)
[RMPCC 0152] OK solve=124.1ms pose=(1.699,0.819,0.150) u=(0.151,-0.666) s=1.970 PSDFmin=+0.005049 G=OK(+0.003214) MF=OK(active=20/20,min=+9.957e-14,slack=+9.712e-17)
[RMPCC 0153] OK solve=128.1ms pose=(1.714,0.822,0.084) u=(0.146,-0.692) s=1.980 PSDFmin=+0.00487 G=OK(+0.003091) MF=OK(active=20/20,min=+1.907e-17,slack=+1.967e-17)
[RMPCC 0154] OK solve=126.9ms pose=(1.729,0.823,0.014) u=(0.146,-0.733) s=1.995 PSDFmin=+0.004748 G=OK(+0.002954) MF=OK(active=20/20,min=-3.165e-12,slack=+6.219e-14)
[RMPCC 0155] OK solve=112.1ms pose=(1.743,0.823,-0.059) u=(0.146,-0.806) s=2.010 PSDFmin=+0.004811 G=OK(+0.002847) MF=OK(active=20/20,min=+2.559e-13,slack=+7.675e-17)
[RMPCC 0156] OK solve=118.9ms pose=(1.758,0.822,-0.140) u=(0.145,-0.891) s=2.027 PSDFmin=+0.004782 G=OK(+0.00273) MF=OK(active=20/20,min=+5.231e-12,slack=+1.136e-15)
[RMPCC 0157] OK solve=126.5ms pose=(1.772,0.820,-0.229) u=(0.142,-0.984) s=2.043 PSDFmin=+0.004768 G=OK(+0.002642) MF=OK(active=20/20,min=+2.845e-14,slack=+2.771e-17)
[RMPCC 0158] OK solve=115.4ms pose=(1.786,0.817,-0.327) u=(0.128,-1.070) s=2.047 PSDFmin=+0.004522 G=OK(+0.002451) MF=OK(active=20/20,min=+2.934e-09,slack=+8.643e-13)
[RMPCC 0159] OK solve=120.5ms pose=(1.798,0.813,-0.434) u=(0.126,-1.120) s=2.064 PSDFmin=+0.004523 G=OK(+0.002489) MF=OK(active=20/20,min=+4.264e-13,slack=+9.852e-17)
[RMPCC 0160] OK solve=119.0ms pose=(1.810,0.808,-0.546) u=(0.119,-1.200) s=2.080 PSDFmin=+0.004311 G=OK(+0.002302) MF=OK(active=20/20,min=+8.123e-12,slack=+9.127e-15)
[RMPCC 0161] OK solve=120.9ms pose=(1.820,0.801,-0.666) u=(0.113,-1.200) s=2.094 PSDFmin=+0.004711 G=OK(+0.002731) MF=OK(active=20/20,min=+0.07122,slack=+1.049e-14)
[RMPCC 0162] OK solve=117.1ms pose=(1.829,0.794,-0.786) u=(0.121,-1.200) s=2.104 PSDFmin=+0.005573 G=OK(+0.00337) MF=OK(active=20/20,min=+0.1539,slack=+3.271e-17)
[RMPCC 0163] OK solve=128.1ms pose=(1.837,0.786,-0.906) u=(0.131,-1.200) s=2.116 PSDFmin=+0.006196 G=OK(+0.003996) MF=OK(active=20/20,min=+0.1873,slack=+7.917e-13)
[RMPCC 0164] OK solve=128.5ms pose=(1.845,0.775,-1.026) u=(0.142,-1.154) s=2.130 PSDFmin=+0.002378 G=OK(+0.000849) MF=OK(active=20/20,min=+1.114e-05,slack=+8.648e-12)
[RMPCC 0165] OK solve=140.0ms pose=(1.853,0.763,-1.141) u=(0.153,-0.964) s=2.145 PSDFmin=+0.004815 G=OK(+0.003299) MF=OK(active=20/20,min=+4.065e-12,slack=+3.942e-15)
[RMPCC 0166] OK solve=140.6ms pose=(1.859,0.749,-1.238) u=(0.162,-0.770) s=2.160 PSDFmin=+0.004904 G=OK(+0.003067) MF=OK(active=20/20,min=+1.425e-14,slack=+3.765e-17)
[RMPCC 0167] OK solve=117.3ms pose=(1.864,0.734,-1.315) u=(0.162,-0.623) s=2.172 PSDFmin=-0.0008777 G=OK(+0.002813) MF=OK(active=20/20,min=+2.958e-12,slack=+1.966e-15)
[RMPCC 0168] OK solve=136.5ms pose=(1.868,0.718,-1.377) u=(0.164,-0.446) s=2.188 PSDFmin=+0.001367 G=OK(+5.014e-13) MF=OK(active=19/20,min=-1.209e-12,slack=+1.288e-14)
[RMPCC 0169] OK solve=136.7ms pose=(1.872,0.702,-1.422) u=(0.163,-0.381) s=2.205 PSDFmin=+0.003079 G=OK(+0.0016) MF=OK(active=20/20,min=+3.82e-09,slack=+9.981e-11)
[RMPCC 0170] OK solve=136.3ms pose=(1.874,0.686,-1.460) u=(0.154,-0.283) s=2.215 PSDFmin=+0.00361 G=OK(+0.002299) MF=OK(active=20/20,min=+5.635e-09,slack=+2.601e-12)
[RMPCC 0171] OK solve=136.7ms pose=(1.876,0.671,-1.488) u=(0.152,-0.229) s=2.231 PSDFmin=+0.003834 G=OK(+0.002152) MF=OK(active=20/20,min=+2.701e-13,slack=+1.614e-16)
[RMPCC 0172] OK solve=129.4ms pose=(1.877,0.656,-1.511) u=(0.153,-0.213) s=2.246 PSDFmin=+0.00344 G=OK(+0.002579) MF=OK(active=20/20,min=+1.835e-08,slack=+1.914e-12)
[RMPCC 0173] OK solve=120.7ms pose=(1.878,0.640,-1.532) u=(0.156,-0.231) s=2.261 PSDFmin=-0.000129 G=OK(+0.001823) MF=OK(active=20/20,min=+7.253e-08,slack=+1.308e-11)
[RMPCC 0174] OK solve=131.2ms pose=(1.879,0.625,-1.555) u=(0.156,-0.199) s=2.277 PSDFmin=+0.001086 G=OK(+1.548e-09) MF=OK(active=19/20,min=+4.786e-08,slack=+2.789e-11)
[RMPCC 0175] OK solve=120.1ms pose=(1.879,0.609,-1.575) u=(0.138,-0.194) s=2.280 PSDFmin=+0.003553 G=OK(+0.002461) MF=OK(active=20/20,min=+3.909e-10,slack=+4.423e-12)
[RMPCC 0176] OK solve=122.2ms pose=(1.879,0.596,-1.595) u=(0.138,-0.164) s=2.296 PSDFmin=+0.003675 G=OK(+0.00233) MF=OK(active=20/20,min=-2.835e-14,slack=+6.866e-17)
[RMPCC 0177] OK solve=117.8ms pose=(1.878,0.582,-1.611) u=(0.146,-0.323) s=2.313 PSDFmin=-0.005052 G=OK(+0.0006479) MF=OK(active=20/20,min=+7.107e-14,slack=+1.096e-16)
[RMPCC 0178] OK solve=118.8ms pose=(1.878,0.567,-1.643) u=(0.148,-0.198) s=2.331 PSDFmin=+0.002009 G=OK(+6.217e-15) MF=OK(active=14/20,min=+3.127e-13,slack=+9.72e-17)
[RMPCC 0179] OK solve=125.8ms pose=(1.877,0.552,-1.663) u=(0.129,-0.250) s=2.335 PSDFmin=+0.001726 G=OK(+0.002196) MF=OK(active=20/20,min=+1.563e-13,slack=+2.965e-17)
[RMPCC 0180] OK solve=113.4ms pose=(1.876,0.540,-1.688) u=(0.133,-0.216) s=2.352 PSDFmin=+0.003875 G=OK(+0.002193) MF=OK(active=20/20,min=+4.319e-14,slack=+5.668e-16)
[RMPCC 0181] OK solve=135.9ms pose=(1.874,0.526,-1.710) u=(0.143,-0.443) s=2.372 PSDFmin=-0.0007597 G=OK(+0.001446) MF=OK(active=20/20,min=-4.234e-14,slack=+2.998e-16)
[RMPCC 0182] OK solve=131.7ms pose=(1.872,0.512,-1.754) u=(0.129,-0.262) s=2.377 PSDFmin=+0.003326 G=OK(+0.002027) MF=OK(active=19/20,min=-1.314e-14,slack=+1.078e-15)
[RMPCC 0183] OK solve=136.6ms pose=(1.870,0.499,-1.780) u=(0.134,-0.518) s=2.396 PSDFmin=+0.001302 G=OK(+0.001541) MF=OK(active=20/20,min=+5.831e-12,slack=+4.796e-15)
[RMPCC 0184] OK solve=128.3ms pose=(1.867,0.486,-1.832) u=(0.135,-0.394) s=2.413 PSDFmin=+0.003631 G=OK(+6.782e-11) MF=OK(active=20/20,min=+2.705e-10,slack=+2.868e-13)
[RMPCC 0185] OK solve=123.8ms pose=(1.863,0.473,-1.871) u=(0.128,-0.662) s=2.428 PSDFmin=+0.002225 G=OK(+0.001332) MF=OK(active=20/20,min=+1.435e-11,slack=+8.187e-15)
[RMPCC 0186] OK solve=137.6ms pose=(1.860,0.461,-1.938) u=(0.123,-0.565) s=2.440 PSDFmin=+0.003229 G=OK(+0.001541) MF=OK(active=20/20,min=+2.275e-13,slack=+1.253e-16)
[RMPCC 0187] OK solve=142.5ms pose=(1.855,0.450,-1.994) u=(0.120,-0.886) s=2.452 PSDFmin=+0.003067 G=OK(+0.001006) MF=OK(active=20/20,min=+3.842e-10,slack=+3.198e-13)
[RMPCC 0188] OK solve=141.1ms pose=(1.850,0.439,-2.083) u=(0.122,-0.848) s=2.464 PSDFmin=+0.003341 G=OK(+0.0015) MF=OK(active=20/20,min=-1.024e-09,slack=+1.236e-11)
[RMPCC 0189] OK solve=142.7ms pose=(1.844,0.428,-2.167) u=(0.130,-0.458) s=2.480 PSDFmin=+0.003261 G=OK(+0.001462) MF=OK(active=20/20,min=+2.843e-14,slack=+1.009e-17)
[RMPCC 0190] OK solve=121.2ms pose=(1.837,0.417,-2.213) u=(0.129,-0.660) s=2.493 PSDFmin=+0.003773 G=OK(+0.001668) MF=OK(active=20/20,min=+8.527e-14,slack=+3.628e-17)
[RMPCC 0191] OK solve=135.2ms pose=(1.829,0.407,-2.279) u=(0.144,-0.306) s=2.512 PSDFmin=+0.002536 G=OK(+0.0003646) MF=OK(active=20/20,min=-7.01e-13,slack=+6.391e-13)
[RMPCC 0192] OK solve=118.1ms pose=(1.820,0.396,-2.310) u=(0.143,-0.218) s=2.523 PSDFmin=+0.003054 G=OK(+0.00121) MF=OK(active=20/20,min=-8.671e-13,slack=+4.241e-14)
[RMPCC 0193] OK solve=129.6ms pose=(1.810,0.385,-2.332) u=(0.153,0.059) s=2.544 PSDFmin=+0.00221 G=OK(+0.0001649) MF=OK(active=20/20,min=+2.845e-14,slack=+2.589e-17)
[RMPCC 0194] OK solve=119.1ms pose=(1.800,0.374,-2.326) u=(0.151,0.153) s=2.555 PSDFmin=+0.00263 G=OK(+0.0008442) MF=OK(active=20/20,min=+4.576e-09,slack=+2.235e-12)
[RMPCC 0195] OK solve=122.9ms pose=(1.789,0.363,-2.310) u=(0.140,0.452) s=2.565 PSDFmin=+0.002002 G=OK(+1.532e-14) MF=OK(active=20/20,min=+5.461e-12,slack=+4.206e-15)
[RMPCC 0196] OK solve=132.2ms pose=(1.780,0.353,-2.265) u=(0.145,0.457) s=2.586 PSDFmin=+0.002748 G=OK(+0.001033) MF=OK(active=20/20,min=-5.664e-14,slack=+2.121e-16)
[RMPCC 0197] OK solve=119.0ms pose=(1.771,0.342,-2.219) u=(0.137,0.950) s=2.597 PSDFmin=+0.00245 G=OK(+0.0002031) MF=OK(active=20/20,min=+7.821e-13,slack=+5.185e-16)
[RMPCC 0198] OK solve=131.3ms pose=(1.762,0.331,-2.124) u=(0.136,0.800) s=2.607 PSDFmin=+0.003159 G=OK(+0.001229) MF=OK(active=20/20,min=+1.173e-11,slack=+9.748e-14)
[RMPCC 0199] OK solve=136.1ms pose=(1.755,0.319,-2.044) u=(0.133,0.738) s=2.620 PSDFmin=+0.004303 G=OK(+0.002456) MF=OK(active=20/20,min=+9.823e-12,slack=+3.647e-15)
[RMPCC 0200] OK solve=126.1ms pose=(1.749,0.307,-1.971) u=(0.130,0.662) s=2.634 PSDFmin=+0.004647 G=OK(+0.003544) MF=OK(active=20/20,min=+4.271e-13,slack=+8.222e-16)
[RMPCC 0201] OK solve=169.5ms pose=(1.744,0.295,-1.905) u=(0.126,0.588) s=2.646 PSDFmin=+0.004422 G=OK(+0.0034) MF=OK(active=20/20,min=+3.518e-11,slack=+2.472e-14)
[RMPCC 0202] OK solve=127.5ms pose=(1.740,0.284,-1.846) u=(0.121,0.530) s=2.658 PSDFmin=+0.00426 G=OK(+0.003246) MF=OK(active=20/20,min=+2.056e-09,slack=+5.298e-13)
[RMPCC 0203] OK solve=119.2ms pose=(1.737,0.272,-1.793) u=(0.114,0.495) s=2.667 PSDFmin=+0.004155 G=OK(+0.003117) MF=OK(active=20/20,min=+6.207e-07,slack=+1.593e-10)
[RMPCC 0204] OK solve=127.1ms pose=(1.734,0.261,-1.743) u=(0.110,0.476) s=2.678 PSDFmin=+0.004068 G=OK(+0.003008) MF=OK(active=20/20,min=+3.129e-08,slack=+6.234e-11)
[RMPCC 0205] OK solve=123.4ms pose=(1.732,0.250,-1.696) u=(0.104,0.457) s=2.687 PSDFmin=+0.003851 G=OK(+0.00279) MF=OK(active=20/20,min=+2.363e-12,slack=+4.574e-15)
[RMPCC 0206] OK solve=121.3ms pose=(1.731,0.240,-1.650) u=(0.101,0.430) s=2.699 PSDFmin=+0.003688 G=OK(+0.00267) MF=OK(active=20/20,min=+2.332e-08,slack=+2.201e-12)
[RMPCC 0207] OK solve=113.8ms pose=(1.730,0.230,-1.607) u=(0.092,0.412) s=2.705 PSDFmin=+0.003585 G=OK(+0.002561) MF=OK(active=20/20,min=-1.848e-12,slack=+5.831e-14)
[RMPCC 0208] OK solve=128.5ms pose=(1.730,0.220,-1.566) u=(0.090,0.418) s=2.716 PSDFmin=+0.003544 G=OK(+0.002487) MF=OK(active=20/20,min=+1.852e-13,slack=+4.759e-16)
[RMPCC 0209] OK solve=117.8ms pose=(1.730,0.211,-1.524) u=(0.082,0.414) s=2.722 PSDFmin=+0.003371 G=OK(+0.002314) MF=OK(active=20/20,min=+1.72e-09,slack=+1.764e-11)
[RMPCC 0210] OK solve=127.0ms pose=(1.730,0.203,-1.483) u=(0.075,0.391) s=2.728 PSDFmin=+0.003219 G=OK(+0.002206) MF=OK(active=20/20,min=-1.966e-11,slack=+5.999e-13)
[RMPCC 0211] OK solve=134.1ms pose=(1.731,0.196,-1.443) u=(0.075,0.396) s=2.740 PSDFmin=+0.003175 G=OK(+0.002132) MF=OK(active=20/20,min=+3.258e-08,slack=+6.041e-12)
[RMPCC 0212] OK solve=129.9ms pose=(1.732,0.188,-1.404) u=(0.069,0.399) s=2.745 PSDFmin=+0.003084 G=OK(+0.002024) MF=OK(active=20/20,min=+1.052e-12,slack=+9.75e-17)
[RMPCC 0213] OK solve=144.0ms pose=(1.733,0.181,-1.364) u=(0.063,0.387) s=2.751 PSDFmin=+0.002933 G=OK(+0.001899) MF=OK(active=20/20,min=+6.208e-10,slack=+5.958e-14)
[RMPCC 0214] OK solve=121.1ms pose=(1.734,0.175,-1.325) u=(0.059,0.376) s=2.757 PSDFmin=+0.002845 G=OK(+0.001815) MF=OK(active=20/20,min=-2.113e-12,slack=+1.904e-14)
[RMPCC 0215] OK solve=127.3ms pose=(1.736,0.170,-1.288) u=(0.054,0.377) s=2.763 PSDFmin=+0.002792 G=OK(+0.001739) MF=OK(active=20/20,min=+2.745e-08,slack=+2.057e-12)
[RMPCC 0216] OK solve=118.2ms pose=(1.737,0.164,-1.250) u=(0.051,0.372) s=2.769 PSDFmin=+0.00266 G=OK(+0.001617) MF=OK(active=20/20,min=-2.503e-12,slack=+5.576e-14)
[RMPCC 0217] OK solve=119.3ms pose=(1.739,0.159,-1.213) u=(0.048,0.357) s=2.775 PSDFmin=+0.002555 G=OK(+0.001531) MF=OK(active=20/20,min=+2.95e-09,slack=+1.163e-11)
[RMPCC 0218] OK solve=121.8ms pose=(1.740,0.155,-1.177) u=(0.048,0.369) s=2.784 PSDFmin=+0.002533 G=OK(+0.00147) MF=OK(active=20/20,min=+1.691e-09,slack=+6.792e-12)
[RMPCC 0219] OK solve=129.3ms pose=(1.742,0.151,-1.140) u=(0.044,0.366) s=2.788 PSDFmin=+0.002389 G=OK(+0.001348) MF=OK(active=20/20,min=+6.61e-13,slack=+7.344e-15)
[RMPCC 0220] OK solve=117.5ms pose=(1.744,0.147,-1.103) u=(0.040,0.355) s=2.792 PSDFmin=+0.002296 G=OK(+0.001267) MF=OK(active=20/20,min=+8.914e-09,slack=+3.469e-11)
[RMPCC 0221] OK solve=133.2ms pose=(1.746,0.143,-1.068) u=(0.038,0.357) s=2.798 PSDFmin=+0.002231 G=OK(+0.001183) MF=OK(active=20/20,min=+1.137e-13,slack=+3.135e-17)
[RMPCC 0222] OK solve=115.1ms pose=(1.748,0.140,-1.032) u=(0.037,0.354) s=2.804 PSDFmin=+0.00212 G=OK(+0.001084) MF=OK(active=20/20,min=-2.836e-14,slack=+5.869e-17)
[RMPCC 0223] OK solve=106.5ms pose=(1.750,0.137,-0.997) u=(0.036,0.358) s=2.810 PSDFmin=+0.002061 G=OK(+0.001013) MF=OK(active=20/20,min=+1.636e-08,slack=+1.216e-12)
[RMPCC 0224] OK solve=120.8ms pose=(1.752,0.134,-0.961) u=(0.032,0.354) s=2.812 PSDFmin=+0.00194 G=OK(+0.0009013) MF=OK(active=20/20,min=+2.274e-13,slack=+2.702e-17)
[RMPCC 0225] OK solve=130.3ms pose=(1.753,0.131,-0.926) u=(0.030,0.346) s=2.816 PSDFmin=+0.001857 G=OK(+0.0008248) MF=OK(active=20/20,min=+6.561e-11,slack=+8.043e-15)
[RMPCC 0226] OK solve=137.7ms pose=(1.755,0.129,-0.891) u=(0.028,0.340) s=2.819 PSDFmin=+0.001796 G=OK(+0.0007575) MF=OK(active=20/20,min=+1.978e-09,slack=+9.604e-13)
[RMPCC 0227] OK solve=140.0ms pose=(1.757,0.126,-0.857) u=(0.027,0.334) s=2.822 PSDFmin=+0.001724 G=OK(+0.0006879) MF=OK(active=20/20,min=+8.269e-07,slack=+2.858e-12)
[RMPCC 0228] OK solve=132.8ms pose=(1.759,0.124,-0.824) u=(0.025,0.321) s=2.825 PSDFmin=+0.001664 G=OK(+0.0006348) MF=OK(active=20/20,min=+8.546e-10,slack=+1.491e-15)
[RMPCC 0229] OK solve=125.1ms pose=(1.760,0.123,-0.792) u=(0.025,0.308) s=2.829 PSDFmin=+0.001671 G=OK(+0.0006322) MF=OK(active=20/20,min=+0.01808,slack=+6.194e-14)
[RMPCC 0230] OK solve=115.9ms pose=(1.762,0.121,-0.761) u=(0.024,0.285) s=2.831 PSDFmin=+0.001696 G=OK(+0.0006632) MF=OK(active=20/20,min=+0.05279,slack=+8.987e-13)
[RMPCC 0231] OK solve=123.5ms pose=(1.764,0.119,-0.732) u=(0.023,0.263) s=2.833 PSDFmin=+0.001718 G=OK(+0.0006887) MF=OK(active=20/20,min=+0.08166,slack=+2.075e-12)
[RMPCC 0232] OK solve=115.2ms pose=(1.766,0.117,-0.706) u=(0.022,0.243) s=2.835 PSDFmin=+0.001737 G=OK(+0.0007077) MF=OK(active=20/20,min=+0.1111,slack=+1.75e-17)
[RMPCC 0233] OK solve=121.1ms pose=(1.767,0.116,-0.682) u=(0.022,0.225) s=2.837 PSDFmin=+0.00176 G=OK(+0.00073) MF=OK(active=20/20,min=+0.1362,slack=+2.48e-17)
[RMPCC 0234] OK solve=118.4ms pose=(1.769,0.115,-0.659) u=(0.021,0.209) s=2.839 PSDFmin=+0.001784 G=OK(+0.0007536) MF=OK(active=20/20,min=+0.1584,slack=+3.947e-17)
[RMPCC 0235] OK solve=120.5ms pose=(1.771,0.113,-0.638) u=(0.020,0.194) s=2.841 PSDFmin=+0.001806 G=OK(+0.0007762) MF=OK(active=20/20,min=+0.1759,slack=+2.828e-17)
[RMPCC 0236] OK solve=118.6ms pose=(1.772,0.112,-0.619) u=(0.020,0.180) s=2.843 PSDFmin=+0.001825 G=OK(+0.0007977) MF=OK(active=20/20,min=+0.1877,slack=+2.828e-17)
[RMPCC 0237] OK solve=141.3ms pose=(1.774,0.111,-0.601) u=(0.019,0.167) s=2.845 PSDFmin=+0.001862 G=OK(+0.0008359) MF=OK(active=20/20,min=+0.195,slack=+2.081e-17)
[RMPCC 0238] OK solve=132.7ms pose=(1.776,0.110,-0.584) u=(0.019,0.156) s=2.848 PSDFmin=+0.001913 G=OK(+0.0008889) MF=OK(active=20/20,min=+0.1984,slack=+1.642e-12)
[RMPCC 0239] OK solve=133.6ms pose=(1.777,0.109,-0.569) u=(0.019,0.145) s=2.850 PSDFmin=+0.001977 G=OK(+0.0009547) MF=OK(active=20/20,min=+0.1996,slack=+2.564e-12)
[RMPCC 0240] OK solve=121.7ms pose=(1.779,0.108,-0.554) u=(0.018,0.136) s=2.852 PSDFmin=+0.002052 G=OK(+0.001032) MF=OK(active=20/20,min=+0.1999,slack=+3.26e-12)
[RMPCC 0241] OK solve=126.5ms pose=(1.780,0.107,-0.541) u=(0.018,0.127) s=2.854 PSDFmin=+0.002138 G=OK(+0.001119) MF=OK(active=20/20,min=+0.2,slack=+6.601e-13)
[RMPCC 0242] OK solve=146.6ms pose=(1.782,0.106,-0.528) u=(0.018,0.119) s=2.856 PSDFmin=+0.002232 G=OK(+0.001214) MF=OK(active=20/20,min=+0.2,slack=+4.24e-12)
[RMPCC 0243] OK solve=139.1ms pose=(1.783,0.105,-0.516) u=(0.015,0.111) s=2.856 PSDFmin=+0.002332 G=OK(+0.001318) MF=OK(active=20/20,min=+0.2,slack=+9.187e-14)
[RMPCC 0244] OK solve=142.0ms pose=(1.785,0.104,-0.505) u=(0.015,0.103) s=2.858 PSDFmin=+0.002434 G=OK(+0.001421) MF=OK(active=20/20,min=+0.2,slack=+7.239e-16)
[RMPCC 0245] OK solve=143.7ms pose=(1.786,0.104,-0.495) u=(0.015,0.097) s=2.860 PSDFmin=+0.002541 G=OK(+0.001528) MF=OK(active=20/20,min=+0.2,slack=+1.798e-11)
[RMPCC 0246] OK solve=139.4ms pose=(1.787,0.103,-0.485) u=(0.013,0.091) s=2.860 PSDFmin=+0.002649 G=OK(+0.001639) MF=OK(active=20/20,min=+0.2,slack=+3.992e-12)
[RMPCC 0247] OK solve=130.5ms pose=(1.788,0.102,-0.476) u=(0.013,0.085) s=2.862 PSDFmin=+0.002758 G=OK(+0.001748) MF=OK(active=20/20,min=+0.2,slack=+5.024e-11)
[RMPCC 0248] OK solve=128.7ms pose=(1.790,0.102,-0.467) u=(0.014,0.081) s=2.864 PSDFmin=+0.002868 G=OK(+0.001859) MF=OK(active=20/20,min=+0.2,slack=+2.028e-14)
[RMPCC 0249] OK solve=129.2ms pose=(1.791,0.101,-0.459) u=(0.012,0.076) s=2.864 PSDFmin=+0.00298 G=OK(+0.001972) MF=OK(active=20/20,min=+0.2,slack=+1.15e-13)
[RMPCC 0250] OK solve=123.9ms pose=(1.792,0.101,-0.452) u=(0.013,0.071) s=2.866 PSDFmin=+0.00309 G=OK(+0.002082) MF=OK(active=20/20,min=+0.2,slack=+2.241e-10)
[RMPCC 0251] OK solve=125.0ms pose=(1.793,0.100,-0.445) u=(0.011,0.067) s=2.866 PSDFmin=+0.003199 G=OK(+0.002193) MF=OK(active=20/20,min=+0.2,slack=+1.291e-13)
[RMPCC 0252] OK solve=130.2ms pose=(1.794,0.100,-0.438) u=(0.011,0.063) s=2.869 PSDFmin=+0.003307 G=OK(+0.0023) MF=OK(active=20/20,min=+0.2,slack=+3.692e-11)
[RMPCC 0253] OK solve=120.1ms pose=(1.795,0.099,-0.431) u=(0.010,0.060) s=2.869 PSDFmin=+0.003413 G=OK(+0.002408) MF=OK(active=20/20,min=+0.2,slack=+1.077e-13)
[RMPCC 0254] OK solve=126.1ms pose=(1.796,0.099,-0.425) u=(0.011,0.057) s=2.871 PSDFmin=+0.003518 G=OK(+0.002512) MF=OK(active=20/20,min=+0.2,slack=+2.226e-10)
[RMPCC 0255] OK solve=238.9ms pose=(1.797,0.098,-0.420) u=(0.009,0.054) s=2.871 PSDFmin=+0.003621 G=OK(+0.002617) MF=OK(active=20/20,min=+0.2,slack=+1.492e-10)
[RMPCC 0256] OK solve=225.7ms pose=(1.798,0.098,-0.414) u=(0.010,0.051) s=2.873 PSDFmin=+0.003722 G=OK(+0.002717) MF=OK(active=20/20,min=+0.2,slack=+1.432e-14)
[RMPCC 0257] OK solve=120.1ms pose=(1.799,0.097,-0.409) u=(0.009,0.048) s=2.873 PSDFmin=+0.003821 G=OK(+0.002817) MF=OK(active=20/20,min=+0.2,slack=+1.158e-13)
[RMPCC 0258] OK solve=119.9ms pose=(1.800,0.097,-0.404) u=(0.007,0.046) s=2.873 PSDFmin=+0.003917 G=OK(+0.002914) MF=OK(active=20/20,min=+0.2,slack=+4.838e-13)
[RMPCC 0259] OK solve=142.1ms pose=(1.800,0.097,-0.400) u=(0.009,0.043) s=2.875 PSDFmin=+0.00401 G=OK(+0.003007) MF=OK(active=20/20,min=+0.2,slack=+6.907e-14)
[RMPCC 0260] OK solve=151.2ms pose=(1.801,0.096,-0.396) u=(0.007,0.041) s=2.875 PSDFmin=+0.004102 G=OK(+0.003099) MF=OK(active=20/20,min=+0.2,slack=+5.783e-13)
[RMPCC 0261] OK solve=133.4ms pose=(1.802,0.096,-0.391) u=(0.007,0.039) s=2.875 PSDFmin=+0.004191 G=OK(+0.003188) MF=OK(active=20/20,min=+0.2,slack=+1.142e-12)
[RMPCC 0262] OK solve=129.9ms pose=(1.802,0.096,-0.388) u=(0.008,0.037) s=2.877 PSDFmin=+0.004277 G=OK(+0.003274) MF=OK(active=20/20,min=+0.2,slack=+9.61e-14)
[RMPCC 0263] OK solve=114.9ms pose=(1.803,0.096,-0.384) u=(0.007,0.035) s=2.877 PSDFmin=+0.004361 G=OK(+0.003359) MF=OK(active=20/20,min=+0.2,slack=+5.42e-13)
[RMPCC 0264] OK solve=136.9ms pose=(1.804,0.095,-0.380) u=(0.006,0.034) s=2.877 PSDFmin=+0.004442 G=OK(+0.003441) MF=OK(active=20/20,min=+0.2,slack=+2.093e-14)
[RMPCC 0265] OK solve=125.7ms pose=(1.804,0.095,-0.377) u=(0.006,0.032) s=2.878 PSDFmin=+0.004521 G=OK(+0.003519) MF=OK(active=20/20,min=+0.2,slack=+8.418e-15)
[RMPCC 0266] OK solve=132.6ms pose=(1.805,0.095,-0.374) u=(0.006,0.031) s=2.879 PSDFmin=+0.004598 G=OK(+0.003596) MF=OK(active=20/20,min=+0.2,slack=+3.297e-14)
[RMPCC 0267] OK solve=123.2ms pose=(1.805,0.095,-0.371) u=(0.005,0.029) s=2.879 PSDFmin=+0.004672 G=OK(+0.003671) MF=OK(active=20/20,min=+0.2,slack=+5.443e-15)
[RMPCC 0268] OK solve=123.7ms pose=(1.806,0.095,-0.368) u=(0.005,0.028) s=2.880 PSDFmin=+0.004744 G=OK(+0.003742) MF=OK(active=20/20,min=+0.2,slack=+3.804e-15)
[RMPCC 0269] OK solve=133.1ms pose=(1.806,0.094,-0.365) u=(0.005,0.027) s=2.880 PSDFmin=+0.004813 G=OK(+0.003812) MF=OK(active=20/20,min=+0.2,slack=+3.424e-15)
[RMPCC 0270] OK solve=108.1ms pose=(1.807,0.094,-0.362) u=(0.005,0.026) s=2.881 PSDFmin=+0.004881 G=OK(+0.00388) MF=OK(active=20/20,min=+0.2,slack=+7.726e-11)
[RMPCC 0271] OK solve=139.5ms pose=(1.807,0.094,-0.360) u=(0.005,0.025) s=2.881 PSDFmin=+0.004947 G=OK(+0.003946) MF=OK(active=20/20,min=+0.2,slack=+2.684e-10)
[RMPCC 0272] OK solve=124.4ms pose=(1.808,0.094,-0.357) u=(0.004,0.023) s=2.882 PSDFmin=+0.00501 G=OK(+0.004009) MF=OK(active=20/20,min=+0.2,slack=+1.944e-10)
[RMPCC 0273] OK solve=131.2ms pose=(1.808,0.094,-0.355) u=(0.004,0.022) s=2.882 PSDFmin=+0.005071 G=OK(+0.00407) MF=OK(active=20/20,min=+0.2,slack=+1.305e-10)
[RMPCC 0274] OK solve=127.5ms pose=(1.808,0.094,-0.353) u=(0.004,0.021) s=2.882 PSDFmin=+0.00513 G=OK(+0.004129) MF=OK(active=20/20,min=+0.2,slack=+8.512e-11)
목적지에 도착했습니다! 현재 위치: [1.80882 0.0934 ], 시간: 27.50초
Using rmpcc optimizer with differential_drive dynamics:
median:  0.1270294189453125
std:  0.013008906335929042
min:  0.10647463798522949
max:  0.23892593383789062
Simulation finished.
Run outcome: status=success, reason=None, final_time=27.50000000000012, distance_to_goal=0.009937697725802467
Optimizer runtime stats: safe_stop_count=0, backup_feasible_qp_success_count=0, plant_input_apply_count=275, last_solve_mode=sqp_rti
Trial history saved to /home/taek111/projects/psdf_mpcc/debug_runs/rmpcc_tuning/p5-c0p01_maze_r1/data/trial_history_MPC_rmpcc_rectangle_maze_p5-c0p01_maze_r1.csv
RMPCC constraint history saved to /home/taek111/projects/psdf_mpcc/debug_runs/rmpcc_tuning/p5-c0p01_maze_r1/data/rmpcc_constraints_MPC_rmpcc_rectangle_maze_p5-c0p01_maze_r1.csv
RMPCC debug history saved to /home/taek111/projects/psdf_mpcc/debug_runs/rmpcc_tuning/p5-c0p01_maze_r1/data/cycle_raw.csv
RMPCC debug history saved to /home/taek111/projects/psdf_mpcc/debug_runs/rmpcc_tuning/p5-c0p01_maze_r1/data/covariance_trajectory.csv
Pose-SDF data saved to /home/taek111/projects/psdf_mpcc/debug_runs/rmpcc_tuning/p5-c0p01_maze_r1/data/pose_sdf_MPC_rmpcc_rectangle_maze_p5-c0p01_maze_r1.csv
Total data points: 275
SDF statistics - Min: 0.0018, Max: 0.0589, Mean: 0.0104
