RMPCC configured from config: covariance_growth_scale=0.4, alpha_f=0.0008, alpha_v=0.00016, alpha_kappa=0.004, beta_v=0.008, beta_kappa=0.0032, beta_omega=0.0032
Resetting rmpcc optimizer for clean state...
generating global path with A* + Line of Sight
시작 위치: [0.075 0.795]
목적지: [1.8  0.09]
도착 판정 기준: position <= 0.01m, angle <= 0.01rad
Setting up RMPCC-MF optimizer...
RMPCC-MF Row M configuration: enabled=True, active only when phi > d_mf_mask=0.001, configured stages=[1, 2, 3, 4, 5, 6, 7, 8, 9, 10, 11, 12, 13, 14, 15, 16, 17, 18, 19, 20]
/home/taek111/projects/psdf_mpcc/models/geometry_utils.py:241: UserWarning: Creating a tensor from a list of numpy.ndarrays is extremely slow. Please consider converting the list to a single numpy.ndarray with numpy.array() before converting to a tensor. (Triggered internally at ../torch/csrc/utils/tensor_new.cpp:230.)
  edgesA = torch.tensor(edgesA, dtype=torch.float32)
Added two affine safety rows at intermediate/terminal stages: 0=HARD guard/recovery, 1=SOFT MF
field AcadosOcpDims.N has been migrated to AcadosOcpOptions.N_horizon. setting AcadosOcpOptions.N_horizon = N. For future comppatibility, please use AcadosOcpOptions.N_horizon directly.

WARNING: Gauss-Newton Hessian approximation with EXTERNAL cost type not well defined!
got cost_type EXTERNAL for cost_type_0, cost_type, cost_type_e, hessian_approx: 'GAUSS_NEWTON'.
With this setting, acados will proceed computing the exact Hessian for the cost term and no Hessian contribution from constraints and dynamics.
If the external cost is a linear least squares cost, this coincides with the Gauss-Newton Hessian.
Note: There is also the option to use the external cost module with a numerical Hessian approximation (see `ext_cost_num_hess`).
OR the option to provide a symbolic custom Hessian approximation (see `cost_expr_ext_cost_custom_hess`).

acados was compiled without OpenMP.
RMPCC-MF backup SQP_WITH_FEASIBLE_QP solver disabled; using nominal safe-stop recovery.
[RMPCC 0000] OK solve=163.2ms pose=(0.075,0.795,-1.571) u=(0.123,0.000) s=0.013 PSDFmin=+0.03 G=OK(+0.04134) MF=OK(active=20/20,min=+0.2,slack=+7.52e-12)
[RMPCC 0001] OK solve=146.4ms pose=(0.075,0.783,-1.571) u=(0.114,0.088) s=0.024 PSDFmin=-0.002916 G=OK(+1.068e-12) MF=OK(active=20/20,min=+0.2,slack=+3.66e-13)
[RMPCC 0002] OK solve=145.7ms pose=(0.075,0.771,-1.562) u=(0.117,0.085) s=0.035 PSDFmin=+0.004986 G=OK(+0.002944) MF=OK(active=14/20,min=+1.601e-14,slack=+2.007e-17)
[RMPCC 0003] OK solve=138.0ms pose=(0.075,0.760,-1.554) u=(0.146,-0.113) s=0.041 PSDFmin=+0.01461 G=OK(+0.01695) MF=OK(active=20/20,min=+5.722e-16,slack=+6.312e-16)
[RMPCC 0004] OK solve=133.1ms pose=(0.075,0.745,-1.565) u=(0.170,0.329) s=0.055 PSDFmin=-0.0005677 G=OK(+2.128e-13) MF=OK(active=20/20,min=+1.286e-11,slack=+4.561e-14)
[RMPCC 0005] OK solve=146.7ms pose=(0.075,0.728,-1.532) u=(0.123,0.083) s=0.071 PSDFmin=-0.01043 G=OK(+0.007582) MF=OK(active=16/20,min=+3.075e-10,slack=+2.811e-13)
[RMPCC 0006] OK solve=145.5ms pose=(0.076,0.716,-1.524) u=(0.146,-0.239) s=0.072 PSDFmin=+0.01093 G=OK(+1.118e-12) MF=OK(active=18/20,min=+2.92e-12,slack=+1.475e-14)
[RMPCC 0007] OK solve=135.3ms pose=(0.077,0.701,-1.547) u=(0.170,0.168) s=0.088 PSDFmin=-0.002866 G=OK(+2.576e-14) MF=OK(active=20/20,min=+6.37e-14,slack=+1.995e-16)
[RMPCC 0008] OK solve=137.6ms pose=(0.077,0.684,-1.531) u=(0.110,0.099) s=0.105 PSDFmin=+0.0003 G=OK(+0.006768) MF=OK(active=15/20,min=+2.49e-14,slack=+3.184e-17)
[RMPCC 0009] OK solve=268.1ms pose=(0.077,0.673,-1.521) u=(0.163,0.343) s=0.108 PSDFmin=+0.009736 G=OK(+0.009379) MF=OK(active=19/20,min=+4.978e-13,slack=+4.616e-16)
[RMPCC 0010] OK solve=412.6ms pose=(0.078,0.657,-1.486) u=(0.085,0.505) s=0.125 PSDFmin=+0.002706 G=OK(+0.00228) MF=OK(active=19/20,min=+5.425e-11,slack=+1.84e-13)
[RMPCC 0011] OK solve=271.8ms pose=(0.079,0.648,-1.436) u=(0.117,0.143) s=0.143 PSDFmin=+0.01309 G=OK(+0.01378) MF=OK(active=19/20,min=+1.508e-10,slack=+4.521e-13)
[RMPCC 0012] OK solve=264.7ms pose=(0.081,0.637,-1.422) u=(0.076,0.507) s=0.147 PSDFmin=+0.001308 G=OK(+3.797e-14) MF=OK(active=20/20,min=+2.811e-15,slack=+1.46e-16)
[RMPCC 0013] OK solve=269.8ms pose=(0.082,0.629,-1.371) u=(0.100,0.307) s=0.164 PSDFmin=+0.01028 G=OK(+0.009397) MF=OK(active=19/20,min=+6.043e-14,slack=+3.091e-17)
[RMPCC 0014] OK solve=257.4ms pose=(0.084,0.619,-1.340) u=(0.081,0.286) s=0.169 PSDFmin=+0.007376 G=OK(+0.006782) MF=OK(active=20/20,min=+1.063e-11,slack=+1.476e-12)
[RMPCC 0015] OK solve=412.5ms pose=(0.086,0.611,-1.312) u=(0.040,0.304) s=0.187 PSDFmin=+0.008407 G=OK(+0.007383) MF=OK(active=18/20,min=+4.98e-13,slack=+6.455e-16)
[RMPCC 0016] OK solve=254.5ms pose=(0.087,0.608,-1.281) u=(0.105,0.810) s=0.191 PSDFmin=+0.007133 G=OK(+0.00544) MF=OK(active=19/20,min=+1.426e-14,slack=+5.056e-17)
[RMPCC 0017] OK solve=257.1ms pose=(0.090,0.597,-1.200) u=(0.067,0.953) s=0.209 PSDFmin=+0.004793 G=OK(+0.004512) MF=OK(active=20/20,min=-6.277e-13,slack=+1.296e-13)
[RMPCC 0018] OK solve=266.8ms pose=(0.092,0.591,-1.105) u=(0.064,0.450) s=0.215 PSDFmin=+0.007133 G=OK(+0.00632) MF=OK(active=19/20,min=+5.353e-14,slack=+2.392e-16)
[RMPCC 0019] OK solve=268.3ms pose=(0.095,0.585,-1.060) u=(0.082,1.021) s=0.221 PSDFmin=+0.007926 G=OK(+0.006093) MF=OK(active=20/20,min=+5.047e-13,slack=+2.887e-14)
[RMPCC 0020] OK solve=389.7ms pose=(0.099,0.578,-0.958) u=(0.100,1.114) s=0.231 PSDFmin=+0.006188 G=OK(+0.005671) MF=OK(active=19/20,min=+1.067e-14,slack=+1.168e-17)
[RMPCC 0021] OK solve=393.5ms pose=(0.105,0.570,-0.846) u=(0.056,0.771) s=0.239 PSDFmin=+0.006319 G=OK(+0.005612) MF=OK(active=19/20,min=+1.565e-15,slack=+1.047e-17)
[RMPCC 0022] OK solve=272.3ms pose=(0.108,0.566,-0.769) u=(0.103,0.982) s=0.251 PSDFmin=+0.007165 G=OK(+0.0062) MF=OK(active=19/20,min=+3.368e-15,slack=+3.74e-17)
[RMPCC 0023] OK solve=138.3ms pose=(0.116,0.559,-0.671) u=(0.092,1.018) s=0.253 PSDFmin=+0.008589 G=OK(+0.006928) MF=OK(active=20/20,min=+8.436e-10,slack=+5.093e-13)
[RMPCC 0024] OK solve=142.7ms pose=(0.123,0.553,-0.569) u=(0.107,0.877) s=0.265 PSDFmin=+0.009531 G=OK(+0.007803) MF=OK(active=20/20,min=+4.55e-15,slack=+1.108e-16)
[RMPCC 0025] OK solve=133.9ms pose=(0.132,0.547,-0.481) u=(0.108,0.757) s=0.280 PSDFmin=+0.0109 G=OK(+0.009243) MF=OK(active=20/20,min=+1.62e-15,slack=+1.007e-17)
[RMPCC 0026] OK solve=132.4ms pose=(0.142,0.542,-0.406) u=(0.117,0.812) s=0.283 PSDFmin=+0.01281 G=OK(+0.01105) MF=OK(active=20/20,min=+1.546e-13,slack=+8.952e-16)
[RMPCC 0027] OK solve=140.1ms pose=(0.152,0.538,-0.325) u=(0.140,0.732) s=0.296 PSDFmin=+0.01524 G=OK(+0.01337) MF=OK(active=20/20,min=+1.158e-14,slack=+3.364e-17)
[RMPCC 0028] OK solve=148.0ms pose=(0.166,0.533,-0.251) u=(0.144,0.717) s=0.308 PSDFmin=+0.01838 G=OK(+0.01651) MF=OK(active=20/20,min=+1.07e-14,slack=+3.835e-17)
[RMPCC 0029] OK solve=142.4ms pose=(0.179,0.530,-0.180) u=(0.151,0.651) s=0.323 PSDFmin=+0.01206 G=OK(+0.01106) MF=OK(active=20/20,min=+2.322e-14,slack=+1.326e-16)
[RMPCC 0030] OK solve=133.3ms pose=(0.194,0.527,-0.114) u=(0.146,0.611) s=0.332 PSDFmin=+0.009416 G=OK(+0.007277) MF=OK(active=20/20,min=+1.154e-11,slack=+5.891e-14)
[RMPCC 0031] OK solve=133.9ms pose=(0.209,0.525,-0.053) u=(0.145,0.552) s=0.346 PSDFmin=+0.009827 G=OK(+0.008571) MF=OK(active=20/20,min=+1.471e-11,slack=+9.615e-14)
[RMPCC 0032] OK solve=130.2ms pose=(0.223,0.525,0.002) u=(0.141,0.535) s=0.361 PSDFmin=+0.009457 G=OK(+0.008455) MF=OK(active=20/20,min=+1.421e-14,slack=+1.564e-17)
[RMPCC 0033] OK solve=129.5ms pose=(0.237,0.525,0.055) u=(0.135,0.482) s=0.375 PSDFmin=+0.008591 G=OK(+0.007493) MF=OK(active=20/20,min=+3.237e-08,slack=+3.833e-11)
[RMPCC 0034] OK solve=130.7ms pose=(0.251,0.525,0.104) u=(0.130,0.470) s=0.388 PSDFmin=+0.008642 G=OK(+0.007628) MF=OK(active=20/20,min=+3.202e-14,slack=+5.184e-17)
[RMPCC 0035] OK solve=138.1ms pose=(0.264,0.527,0.151) u=(0.122,0.452) s=0.399 PSDFmin=+0.007691 G=OK(+0.006403) MF=OK(active=20/20,min=+3.557e-14,slack=+4.442e-17)
[RMPCC 0036] OK solve=135.0ms pose=(0.276,0.529,0.196) u=(0.120,0.439) s=0.413 PSDFmin=+0.007379 G=OK(+0.005982) MF=OK(active=20/20,min=+2.873e-10,slack=+5.996e-13)
[RMPCC 0037] OK solve=122.7ms pose=(0.288,0.531,0.240) u=(0.115,0.419) s=0.425 PSDFmin=+0.00271 G=OK(+0.003136) MF=OK(active=20/20,min=+2.844e-14,slack=+4.107e-17)
[RMPCC 0038] OK solve=140.6ms pose=(0.299,0.534,0.282) u=(0.113,0.313) s=0.436 PSDFmin=+0.003113 G=OK(+0.0062) MF=OK(active=20/20,min=+3.342e-13,slack=+3.46e-16)
[RMPCC 0039] OK solve=124.3ms pose=(0.310,0.537,0.313) u=(0.109,0.117) s=0.447 PSDFmin=+0.01814 G=OK(+0.01168) MF=OK(active=20/20,min=+4.019e-10,slack=+2.625e-13)
[RMPCC 0040] OK solve=136.7ms pose=(0.320,0.540,0.325) u=(0.112,0.090) s=0.456 PSDFmin=+0.004098 G=OK(+1.166e-15) MF=OK(active=20/20,min=+0.003629,slack=+9.088e-16)
[RMPCC 0041] OK solve=135.7ms pose=(0.331,0.544,0.334) u=(0.110,0.116) s=0.469 PSDFmin=+0.009007 G=OK(+0.008228) MF=OK(active=20/20,min=+8.348e-12,slack=+2.768e-15)
[RMPCC 0042] OK solve=134.3ms pose=(0.341,0.547,0.345) u=(0.104,0.252) s=0.478 PSDFmin=+0.01371 G=OK(+0.0113) MF=OK(active=20/20,min=+1.528e-13,slack=+8.413e-17)
[RMPCC 0043] OK solve=138.1ms pose=(0.351,0.551,0.370) u=(0.107,0.079) s=0.489 PSDFmin=+0.01326 G=OK(+0.01014) MF=OK(active=20/20,min=+2.084e-12,slack=+3.974e-15)
[RMPCC 0044] OK solve=125.9ms pose=(0.361,0.555,0.378) u=(0.112,0.252) s=0.500 PSDFmin=+0.01358 G=OK(+0.01014) MF=OK(active=20/20,min=+2.096e-09,slack=+3.376e-12)
[RMPCC 0045] OK solve=137.0ms pose=(0.371,0.559,0.404) u=(0.119,0.076) s=0.512 PSDFmin=+0.01154 G=OK(+0.009943) MF=OK(active=20/20,min=+1.208e-07,slack=+5.948e-11)
[RMPCC 0046] OK solve=144.6ms pose=(0.382,0.563,0.411) u=(0.130,0.179) s=0.527 PSDFmin=+0.01207 G=OK(+0.00968) MF=OK(active=20/20,min=+2.155e-12,slack=+2.387e-14)
[RMPCC 0047] OK solve=140.0ms pose=(0.394,0.569,0.429) u=(0.129,-0.023) s=0.536 PSDFmin=+0.008614 G=OK(+0.005786) MF=OK(active=20/20,min=+2.624e-10,slack=+6.334e-14)
[RMPCC 0048] OK solve=132.9ms pose=(0.406,0.574,0.427) u=(0.136,0.152) s=0.548 PSDFmin=+0.01066 G=OK(+0.005253) MF=OK(active=20/20,min=+5.078e-10,slack=+6.029e-14)
[RMPCC 0049] OK solve=137.4ms pose=(0.418,0.580,0.442) u=(0.139,-0.053) s=0.562 PSDFmin=+0.007954 G=OK(+0.004436) MF=OK(active=20/20,min=+1.461e-08,slack=+1.322e-10)
[RMPCC 0050] OK solve=149.4ms pose=(0.431,0.586,0.437) u=(0.148,0.093) s=0.580 PSDFmin=+0.009316 G=OK(+0.003431) MF=OK(active=20/20,min=-9.699e-15,slack=+4.178e-15)
[RMPCC 0051] OK solve=149.1ms pose=(0.444,0.592,0.446) u=(0.157,-0.079) s=0.600 PSDFmin=+0.007408 G=OK(+0.003609) MF=OK(active=20/20,min=+4.073e-11,slack=+5.691e-13)
[RMPCC 0052] OK solve=135.7ms pose=(0.458,0.599,0.438) u=(0.154,-0.065) s=0.606 PSDFmin=+0.008071 G=OK(+0.001164) MF=OK(active=20/20,min=+2.323e-12,slack=+3.254e-14)
[RMPCC 0053] OK solve=130.1ms pose=(0.472,0.605,0.432) u=(0.162,-0.111) s=0.623 PSDFmin=+0.007185 G=OK(+0.002119) MF=OK(active=20/20,min=+2.826e-10,slack=+1.988e-12)
[RMPCC 0054] OK solve=124.3ms pose=(0.487,0.612,0.420) u=(0.170,-0.117) s=0.644 PSDFmin=+0.007568 G=OK(+0.002059) MF=OK(active=20/20,min=+2.846e-14,slack=+3.71e-17)
[RMPCC 0055] OK solve=149.1ms pose=(0.503,0.619,0.409) u=(0.171,-0.130) s=0.654 PSDFmin=+0.007324 G=OK(+0.002341) MF=OK(active=20/20,min=+1.373e-09,slack=+1.868e-11)
[RMPCC 0056] OK solve=140.9ms pose=(0.518,0.626,0.396) u=(0.192,-0.219) s=0.671 PSDFmin=+0.007522 G=OK(+0.005716) MF=OK(active=20/20,min=+7.292e-12,slack=+3.753e-14)
[RMPCC 0057] OK solve=132.7ms pose=(0.536,0.633,0.374) u=(0.158,-0.177) s=0.695 PSDFmin=-0.00134 G=OK(+0.006635) MF=OK(active=20/20,min=+2.342e-13,slack=+3.167e-14)
[RMPCC 0058] OK solve=140.7ms pose=(0.551,0.639,0.356) u=(0.126,-0.439) s=0.706 PSDFmin=-0.003153 G=OK(+1.554e-15) MF=OK(active=19/20,min=+7.754e-14,slack=+4.355e-17)
[RMPCC 0059] OK solve=132.9ms pose=(0.563,0.643,0.312) u=(0.131,-0.292) s=0.723 PSDFmin=-0.02178 G=OK(+0.002048) MF=OK(active=12/20,min=+1.219e-11,slack=+4.088e-13)
[RMPCC 0060] OK solve=150.8ms pose=(0.575,0.647,0.283) u=(0.138,-0.039) s=0.732 PSDFmin=+0.007283 G=OK(+6.661e-16) MF=OK(active=18/20,min=+2.137e-14,slack=+5.356e-17)
[RMPCC 0061] OK solve=133.9ms pose=(0.588,0.651,0.279) u=(0.174,-0.837) s=0.746 PSDFmin=+0.00645 G=OK(+3.797e-10) MF=OK(active=20/20,min=+2.516e-15,slack=+8.294e-17)
[RMPCC 0062] OK solve=128.6ms pose=(0.605,0.656,0.195) u=(0.147,-0.368) s=0.763 PSDFmin=-0.01948 G=OK(+0.00827) MF=OK(active=20/20,min=+3.123e-12,slack=+4.15e-15)
[RMPCC 0063] OK solve=137.8ms pose=(0.620,0.659,0.158) u=(0.145,-0.247) s=0.778 PSDFmin=-0.0009632 G=OK(+9.992e-16) MF=OK(active=16/20,min=+3.586e-15,slack=+3.365e-17)
[RMPCC 0064] OK solve=136.0ms pose=(0.634,0.661,0.134) u=(0.118,-0.153) s=0.792 PSDFmin=+0.0009088 G=OK(+1.646e-09) MF=OK(active=18/20,min=+6.483e-11,slack=+8.916e-14)
[RMPCC 0065] OK solve=138.8ms pose=(0.646,0.663,0.118) u=(0.135,-0.245) s=0.804 PSDFmin=-3.111e-05 G=OK(+1.11e-16) MF=OK(active=18/20,min=+1.786e-13,slack=+9.426e-16)
[RMPCC 0066] OK solve=133.1ms pose=(0.659,0.664,0.094) u=(0.097,-0.447) s=0.815 PSDFmin=-0.001823 G=OK(+2.442e-15) MF=OK(active=18/20,min=+5.361e-15,slack=+3.218e-17)
[RMPCC 0067] OK solve=133.5ms pose=(0.669,0.665,0.049) u=(0.100,-0.389) s=0.825 PSDFmin=-0.01186 G=OK(+3.997e-15) MF=OK(active=10/20,min=+2.845e-14,slack=+2.643e-17)
[RMPCC 0068] OK solve=128.0ms pose=(0.679,0.666,0.010) u=(0.115,-0.147) s=0.834 PSDFmin=+0.001575 G=OK(+1.377e-14) MF=OK(active=13/20,min=+6.436e-13,slack=+6.003e-16)
[RMPCC 0069] OK solve=137.2ms pose=(0.690,0.666,-0.004) u=(0.143,-0.379) s=0.846 PSDFmin=+0.01258 G=OK(+0.01155) MF=OK(active=20/20,min=+1.067e-14,slack=+7.155e-17)
[RMPCC 0070] OK solve=138.0ms pose=(0.704,0.666,-0.042) u=(0.073,-0.189) s=0.860 PSDFmin=+0.009025 G=OK(+0.008554) MF=OK(active=20/20,min=+2.663e-13,slack=+7.248e-16)
[RMPCC 0071] OK solve=266.6ms pose=(0.712,0.665,-0.061) u=(0.098,-0.593) s=0.867 PSDFmin=+0.005586 G=OK(+0.007054) MF=OK(active=20/20,min=+2.31e-14,slack=+5.262e-17)
[RMPCC 0072] OK solve=431.7ms pose=(0.721,0.665,-0.121) u=(0.082,-0.405) s=0.877 PSDFmin=-0.004373 G=OK(+0.005972) MF=OK(active=17/20,min=+3.563e-15,slack=+1.012e-17)
[RMPCC 0073] OK solve=484.0ms pose=(0.730,0.664,-0.161) u=(0.059,-0.407) s=0.883 PSDFmin=+0.003713 G=OK(+0.000723) MF=OK(active=18/20,min=-8.829e-11,slack=+1.992e-11)
[RMPCC 0074] OK solve=408.6ms pose=(0.735,0.663,-0.202) u=(0.099,-0.651) s=0.891 PSDFmin=+0.00538 G=OK(+0.005183) MF=OK(active=19/20,min=+7.936e-13,slack=+1.374e-15)
[RMPCC 0075] OK solve=426.8ms pose=(0.745,0.661,-0.267) u=(0.051,-0.701) s=0.900 PSDFmin=+0.007367 G=OK(+0.00659) MF=OK(active=19/20,min=+7.925e-13,slack=+1.838e-15)
[RMPCC 0076] OK solve=426.4ms pose=(0.750,0.660,-0.337) u=(0.104,-0.614) s=0.906 PSDFmin=+0.003175 G=OK(+0.003672) MF=OK(active=19/20,min=-3.17e-14,slack=+3.988e-15)
[RMPCC 0077] OK solve=258.3ms pose=(0.760,0.656,-0.399) u=(0.070,-0.656) s=0.915 PSDFmin=-0.01271 G=OK(+0.00699) MF=OK(active=17/20,min=+6.773e-14,slack=+2.272e-16)
[RMPCC 0078] OK solve=271.2ms pose=(0.766,0.653,-0.464) u=(0.043,-0.760) s=0.922 PSDFmin=+0.006511 G=OK(+0.00426) MF=OK(active=17/20,min=+2.88e-13,slack=+2.5e-16)
[RMPCC 0079] OK solve=260.4ms pose=(0.770,0.651,-0.540) u=(0.110,-0.402) s=0.928 PSDFmin=+0.00771 G=OK(+0.007471) MF=OK(active=18/20,min=+1.43e-13,slack=+9.203e-16)
[RMPCC 0080] OK solve=256.1ms pose=(0.780,0.646,-0.580) u=(0.055,-0.896) s=0.939 PSDFmin=-0.005804 G=OK(+1.617e-11) MF=OK(active=20/20,min=+8.811e-11,slack=+1.393e-12)
[RMPCC 0081] OK solve=421.3ms pose=(0.784,0.643,-0.670) u=(0.097,-0.591) s=0.945 PSDFmin=-0.004197 G=OK(+6.058e-12) MF=OK(active=13/20,min=+2.931e-10,slack=+2.69e-13)
[RMPCC 0082] OK solve=274.9ms pose=(0.792,0.637,-0.729) u=(0.049,-0.295) s=0.954 PSDFmin=+0.006048 G=OK(+0.004167) MF=OK(active=14/20,min=+2.897e-12,slack=+1.903e-15)
[RMPCC 0083] OK solve=132.0ms pose=(0.795,0.634,-0.759) u=(0.104,-0.137) s=0.959 PSDFmin=-0.006274 G=OK(+0.004961) MF=OK(active=20/20,min=+2.177e-14,slack=+1.063e-16)
[RMPCC 0084] OK solve=127.9ms pose=(0.803,0.626,-0.772) u=(0.059,-0.384) s=0.970 PSDFmin=+0.005815 G=OK(+0.005137) MF=OK(active=14/20,min=+2.133e-13,slack=+1.468e-16)
[RMPCC 0085] OK solve=138.0ms pose=(0.807,0.622,-0.811) u=(0.120,-0.149) s=0.980 PSDFmin=+0.001883 G=OK(+0.001249) MF=OK(active=20/20,min=+1.026e-12,slack=+1e-14)
[RMPCC 0086] OK solve=136.8ms pose=(0.815,0.614,-0.826) u=(0.076,-0.291) s=0.987 PSDFmin=+0.003276 G=OK(+0.003933) MF=OK(active=20/20,min=+7.121e-14,slack=+1.644e-16)
[RMPCC 0087] OK solve=138.8ms pose=(0.821,0.608,-0.855) u=(0.130,-0.034) s=0.996 PSDFmin=+0.006886 G=OK(+0.00501) MF=OK(active=20/20,min=+3.34e-13,slack=+6.941e-16)
[RMPCC 0088] OK solve=137.3ms pose=(0.829,0.598,-0.858) u=(0.138,0.179) s=1.012 PSDFmin=-0.007578 G=OK(+0.003932) MF=OK(active=20/20,min=+1.423e-14,slack=+2.072e-17)
[RMPCC 0089] OK solve=136.4ms pose=(0.838,0.588,-0.840) u=(0.143,0.615) s=1.021 PSDFmin=-0.008717 G=OK(+7.02e-13) MF=OK(active=11/20,min=+1.702e-10,slack=+1.25e-13)
[RMPCC 0090] OK solve=129.4ms pose=(0.848,0.577,-0.779) u=(0.177,0.574) s=1.035 PSDFmin=-0.001506 G=OK(+4.028e-13) MF=OK(active=19/20,min=+3.412e-12,slack=+2.273e-14)
[RMPCC 0091] OK solve=125.3ms pose=(0.860,0.565,-0.721) u=(0.095,1.200) s=1.053 PSDFmin=-0.01622 G=OK(+0.005016) MF=OK(active=19/20,min=+2.489e-14,slack=+5.106e-17)
[RMPCC 0092] OK solve=124.1ms pose=(0.867,0.558,-0.601) u=(0.099,0.999) s=1.062 PSDFmin=-0.0165 G=OK(+0.001333) MF=OK(active=9/20,min=+6.89e-13,slack=+3.342e-15)
[RMPCC 0093] OK solve=135.7ms pose=(0.876,0.553,-0.501) u=(0.142,0.444) s=1.072 PSDFmin=+0.001312 G=OK(+3.708e-12) MF=OK(active=14/20,min=+6.654e-11,slack=+2.748e-13)
[RMPCC 0094] OK solve=143.4ms pose=(0.888,0.546,-0.457) u=(0.125,1.200) s=1.086 PSDFmin=-0.01047 G=OK(+0.008535) MF=OK(active=20/20,min=+9.112e-15,slack=+2.298e-16)
[RMPCC 0095] OK solve=274.5ms pose=(0.899,0.540,-0.337) u=(0.118,0.600) s=1.098 PSDFmin=-0.02228 G=OK(+0.01126) MF=OK(active=11/20,min=+1.616e-09,slack=+1.886e-12)
[RMPCC 0096] OK solve=277.0ms pose=(0.910,0.537,-0.277) u=(0.062,0.619) s=1.109 PSDFmin=-0.01351 G=OK(+5.129e-14) MF=OK(active=17/20,min=+9.934e-13,slack=+2.636e-15)
[RMPCC 0097] OK solve=126.8ms pose=(0.916,0.535,-0.215) u=(0.082,0.375) s=1.112 PSDFmin=-0.02142 G=OK(+0.004522) MF=OK(active=9/20,min=+2.402e-09,slack=+6.819e-13)
[RMPCC 0098] OK solve=130.1ms pose=(0.924,0.533,-0.178) u=(0.101,0.206) s=1.117 PSDFmin=-0.003497 G=OK(+5.373e-14) MF=OK(active=17/20,min=+3.161e-13,slack=+1.697e-15)
[RMPCC 0099] OK solve=151.8ms pose=(0.934,0.531,-0.157) u=(0.085,0.715) s=1.127 PSDFmin=-0.006498 G=OK(+8.438e-15) MF=OK(active=18/20,min=+1.425e-14,slack=+3.92e-17)
[RMPCC 0100] OK solve=136.4ms pose=(0.943,0.530,-0.085) u=(0.090,0.416) s=1.138 PSDFmin=-0.009811 G=OK(+9.004e-14) MF=OK(active=7/20,min=+9.743e-12,slack=+1.636e-15)
[RMPCC 0101] OK solve=141.7ms pose=(0.951,0.529,-0.044) u=(0.116,0.077) s=1.145 PSDFmin=-0.002673 G=OK(+1.221e-15) MF=OK(active=15/20,min=+3.576e-15,slack=+2.379e-17)
[RMPCC 0102] OK solve=133.7ms pose=(0.963,0.529,-0.036) u=(0.080,0.583) s=1.156 PSDFmin=-0.009967 G=OK(+8.882e-16) MF=OK(active=16/20,min=+7.131e-15,slack=+2.539e-17)
[RMPCC 0103] OK solve=133.1ms pose=(0.971,0.528,0.022) u=(0.075,0.318) s=1.164 PSDFmin=-0.0008095 G=OK(+1.998e-15) MF=OK(active=10/20,min=+1.353e-13,slack=+2.977e-15)
[RMPCC 0104] OK solve=134.7ms pose=(0.979,0.529,0.054) u=(0.165,-0.083) s=1.172 PSDFmin=-0.004925 G=OK(+0.01391) MF=OK(active=18/20,min=+7.13e-15,slack=+2.505e-17)
[RMPCC 0105] OK solve=269.0ms pose=(0.995,0.530,0.046) u=(0.094,0.142) s=1.188 PSDFmin=+0.005048 G=OK(+3.147e-13) MF=OK(active=18/20,min=+5.048e-12,slack=+1.891e-14)
[RMPCC 0106] OK solve=409.9ms pose=(1.004,0.530,0.060) u=(0.073,0.652) s=1.198 PSDFmin=-0.0003847 G=OK(+0.002718) MF=OK(active=19/20,min=-1.408e-15,slack=+3.757e-16)
[RMPCC 0107] OK solve=441.5ms pose=(1.012,0.530,0.125) u=(0.095,0.643) s=1.205 PSDFmin=-0.0007007 G=OK(+3.593e-09) MF=OK(active=16/20,min=+9.75e-09,slack=+4.145e-11)
[RMPCC 0108] OK solve=283.1ms pose=(1.021,0.532,0.189) u=(0.065,0.653) s=1.214 PSDFmin=-0.0176 G=OK(+0.009248) MF=OK(active=18/20,min=+1.37e-11,slack=+5.443e-14)
[RMPCC 0109] OK solve=134.3ms pose=(1.028,0.533,0.255) u=(0.096,0.484) s=1.221 PSDFmin=-0.005806 G=OK(+1.722e-13) MF=OK(active=10/20,min=+2.018e-12,slack=+6.808e-15)
[RMPCC 0110] OK solve=134.2ms pose=(1.037,0.535,0.303) u=(0.065,0.366) s=1.230 PSDFmin=+0.003655 G=OK(+1.393e-12) MF=OK(active=18/20,min=+2.361e-14,slack=+2.305e-15)
[RMPCC 0111] OK solve=260.4ms pose=(1.043,0.537,0.340) u=(0.096,0.601) s=1.236 PSDFmin=+0.002103 G=OK(+7.438e-14) MF=OK(active=20/20,min=+1.621e-13,slack=+4.715e-16)
[RMPCC 0112] OK solve=409.7ms pose=(1.052,0.540,0.400) u=(0.086,0.494) s=1.245 PSDFmin=-0.01416 G=OK(+0.006164) MF=OK(active=18/20,min=+1.388e-13,slack=+2.21e-16)
[RMPCC 0113] OK solve=431.0ms pose=(1.060,0.544,0.449) u=(0.069,0.918) s=1.253 PSDFmin=+0.002261 G=OK(+0.004669) MF=OK(active=16/20,min=+2.625e-11,slack=+9.2e-14)
[RMPCC 0114] OK solve=404.5ms pose=(1.066,0.547,0.541) u=(0.035,0.458) s=1.259 PSDFmin=+0.003148 G=OK(+7.999e-14) MF=OK(active=18/20,min=+1.351e-12,slack=+1.013e-14)
[RMPCC 0115] OK solve=268.6ms pose=(1.069,0.548,0.587) u=(0.111,0.168) s=1.265 PSDFmin=+0.003069 G=OK(+0.003353) MF=OK(active=18/20,min=+1.883e-09,slack=+6.942e-13)
[RMPCC 0116] OK solve=271.2ms pose=(1.078,0.555,0.604) u=(0.055,1.089) s=1.276 PSDFmin=+0.002019 G=OK(+0.006208) MF=OK(active=20/20,min=+7.844e-09,slack=+1.033e-11)
[RMPCC 0117] OK solve=268.1ms pose=(1.083,0.558,0.712) u=(0.110,0.618) s=1.282 PSDFmin=+0.004757 G=OK(+0.005366) MF=OK(active=18/20,min=+4.845e-11,slack=+5.577e-14)
[RMPCC 0118] OK solve=133.9ms pose=(1.091,0.565,0.774) u=(0.073,0.287) s=1.293 PSDFmin=+0.009263 G=OK(+0.007413) MF=OK(active=20/20,min=+1.257e-11,slack=+6.326e-15)
[RMPCC 0119] OK solve=129.5ms pose=(1.097,0.570,0.803) u=(0.104,0.104) s=1.300 PSDFmin=+0.007742 G=OK(+0.007532) MF=OK(active=20/20,min=+6.767e-10,slack=+1.549e-11)
[RMPCC 0120] OK solve=271.2ms pose=(1.104,0.578,0.813) u=(0.055,0.092) s=1.310 PSDFmin=-0.007261 G=OK(+0.005044) MF=OK(active=20/20,min=+2.531e-13,slack=+8.277e-16)
[RMPCC 0121] OK solve=268.5ms pose=(1.108,0.582,0.823) u=(0.101,0.063) s=1.316 PSDFmin=+0.004137 G=OK(+0.003792) MF=OK(active=17/20,min=+7.797e-13,slack=+1.165e-15)
[RMPCC 0122] OK solve=140.1ms pose=(1.114,0.589,0.829) u=(0.090,0.140) s=1.326 PSDFmin=+0.00558 G=OK(+0.00536) MF=OK(active=20/20,min=+2.49e-14,slack=+3.002e-17)
[RMPCC 0123] OK solve=138.7ms pose=(1.121,0.596,0.843) u=(0.109,-0.093) s=1.334 PSDFmin=-0.009037 G=OK(+0.004028) MF=OK(active=20/20,min=+7.993e-11,slack=+1.444e-13)
[RMPCC 0124] OK solve=142.3ms pose=(1.128,0.604,0.834) u=(0.136,-0.583) s=1.345 PSDFmin=+0.005597 G=OK(+0.002502) MF=OK(active=18/20,min=+6.438e-11,slack=+1.998e-12)
[RMPCC 0125] OK solve=287.3ms pose=(1.137,0.614,0.775) u=(0.248,-0.512) s=1.358 PSDFmin=+0.00694 G=OK(+0.002005) MF=OK(active=20/20,min=+7.148e-13,slack=+2.529e-15)
[RMPCC 0126] OK solve=406.9ms pose=(1.155,0.631,0.724) u=(0.124,-1.200) s=1.383 PSDFmin=+0.003433 G=OK(+0.004047) MF=OK(active=18/20,min=+1.812e-12,slack=+3.593e-15)
[RMPCC 0127] OK solve=261.9ms pose=(1.164,0.639,0.604) u=(0.127,-0.566) s=1.395 PSDFmin=+0.007712 G=OK(+0.006085) MF=OK(active=19/20,min=+4.532e-11,slack=+1.335e-14)
[RMPCC 0128] OK solve=137.4ms pose=(1.174,0.646,0.547) u=(0.132,-1.058) s=1.407 PSDFmin=+0.008729 G=OK(+0.006637) MF=OK(active=20/20,min=+9.242e-14,slack=+5.006e-17)
[RMPCC 0129] OK solve=142.7ms pose=(1.186,0.653,0.442) u=(0.133,-0.470) s=1.421 PSDFmin=+0.006276 G=OK(+0.008552) MF=OK(active=20/20,min=+3.013e-09,slack=+1.973e-13)
[RMPCC 0130] OK solve=131.5ms pose=(1.198,0.659,0.395) u=(0.130,-0.903) s=1.434 PSDFmin=+0.01264 G=OK(+0.01069) MF=OK(active=20/20,min=+1.926e-11,slack=+2.711e-14)
[RMPCC 0131] OK solve=125.4ms pose=(1.210,0.664,0.304) u=(0.116,-0.385) s=1.447 PSDFmin=+0.01442 G=OK(+0.01314) MF=OK(active=20/20,min=+4.738e-11,slack=+5.777e-13)
[RMPCC 0132] OK solve=135.3ms pose=(1.221,0.668,0.266) u=(0.109,-0.785) s=1.453 PSDFmin=+0.009708 G=OK(+0.01625) MF=OK(active=20/20,min=+1.137e-13,slack=+5.134e-17)
[RMPCC 0133] OK solve=133.8ms pose=(1.231,0.670,0.187) u=(0.115,-0.320) s=1.463 PSDFmin=+0.01876 G=OK(+0.01855) MF=OK(active=20/20,min=+2.22e-13,slack=+2.642e-15)
[RMPCC 0134] OK solve=129.7ms pose=(1.243,0.673,0.155) u=(0.063,-0.144) s=1.476 PSDFmin=+0.01909 G=OK(+0.01985) MF=OK(active=20/20,min=+3.507e-13,slack=+2.333e-15)
[RMPCC 0135] OK solve=134.7ms pose=(1.249,0.674,0.141) u=(0.143,-0.222) s=1.481 PSDFmin=+0.0128 G=OK(+0.01366) MF=OK(active=20/20,min=+1.787e-15,slack=+1.05e-17)
[RMPCC 0136] OK solve=136.4ms pose=(1.263,0.676,0.119) u=(0.119,-0.426) s=1.496 PSDFmin=+0.0057 G=OK(+0.01157) MF=OK(active=20/20,min=+4.978e-14,slack=+4.31e-17)
[RMPCC 0137] OK solve=130.8ms pose=(1.275,0.677,0.076) u=(0.123,-0.103) s=1.507 PSDFmin=+0.009034 G=OK(+0.001724) MF=OK(active=20/20,min=+4.32e-10,slack=+1.447e-12)
[RMPCC 0138] OK solve=134.0ms pose=(1.287,0.678,0.066) u=(0.119,-0.317) s=1.521 PSDFmin=+0.01204 G=OK(+0.004487) MF=OK(active=20/20,min=+3.369e-09,slack=+1.335e-11)
[RMPCC 0139] OK solve=131.1ms pose=(1.299,0.679,0.034) u=(0.127,-0.030) s=1.532 PSDFmin=-0.0158 G=OK(+0.02242) MF=OK(active=20/20,min=+1.206e-11,slack=+5.203e-14)
[RMPCC 0140] OK solve=124.0ms pose=(1.312,0.679,0.031) u=(0.125,0.196) s=1.544 PSDFmin=-0.006834 G=OK(+1.155e-14) MF=OK(active=8/20,min=+2.166e-11,slack=+4.298e-16)
[RMPCC 0141] OK solve=135.5ms pose=(1.324,0.679,0.051) u=(0.122,-0.056) s=1.557 PSDFmin=-0.005211 G=OK(+1.892e-11) MF=OK(active=11/20,min=+1.973e-08,slack=+1.06e-12)
[RMPCC 0142] OK solve=133.7ms pose=(1.336,0.680,0.045) u=(0.123,0.026) s=1.569 PSDFmin=-0.03344 G=OK(+0.008302) MF=OK(active=14/20,min=+1.778e-14,slack=+2.113e-17)
[RMPCC 0143] OK solve=137.4ms pose=(1.349,0.681,0.048) u=(0.125,-0.376) s=1.581 PSDFmin=-0.007774 G=OK(+2.887e-15) MF=OK(active=17/20,min=+7.295e-15,slack=+1.906e-16)
[RMPCC 0144] OK solve=144.6ms pose=(1.361,0.681,0.010) u=(0.124,-0.182) s=1.594 PSDFmin=-0.02425 G=OK(+0.00778) MF=OK(active=14/20,min=+4.227e-10,slack=+2.314e-13)
[RMPCC 0145] OK solve=141.8ms pose=(1.373,0.681,-0.008) u=(0.128,-0.111) s=1.606 PSDFmin=+0.0007593 G=OK(+4.441e-16) MF=OK(active=16/20,min=+1.601e-14,slack=+2.002e-17)
[RMPCC 0146] OK solve=147.5ms pose=(1.386,0.681,-0.019) u=(0.135,0.144) s=1.616 PSDFmin=+0.01175 G=OK(+0.01066) MF=OK(active=19/20,min=+2.861e-12,slack=+1.863e-14)
[RMPCC 0147] OK solve=145.4ms pose=(1.400,0.681,-0.005) u=(0.180,0.233) s=1.632 PSDFmin=+0.009139 G=OK(+0.0114) MF=OK(active=20/20,min=+2.133e-14,slack=+4.65e-17)
[RMPCC 0148] OK solve=134.4ms pose=(1.418,0.681,0.019) u=(0.178,-0.168) s=1.650 PSDFmin=-0.004214 G=OK(+0.02065) MF=OK(active=20/20,min=+5.355e-15,slack=+2.604e-17)
[RMPCC 0149] OK solve=138.0ms pose=(1.435,0.681,0.002) u=(0.127,0.096) s=1.663 PSDFmin=-0.0009051 G=OK(+2.442e-15) MF=OK(active=17/20,min=+5.345e-15,slack=+1.58e-17)
[RMPCC 0150] OK solve=135.8ms pose=(1.448,0.681,0.011) u=(0.117,0.976) s=1.680 PSDFmin=+0.001225 G=OK(+6.473e-14) MF=OK(active=19/20,min=+8.4e-14,slack=+5.118e-16)
[RMPCC 0151] OK solve=128.6ms pose=(1.460,0.681,0.109) u=(0.109,0.451) s=1.690 PSDFmin=+0.004944 G=OK(+0.005052) MF=OK(active=20/20,min=+3.916e-14,slack=+7.658e-17)
[RMPCC 0152] OK solve=271.8ms pose=(1.471,0.683,0.154) u=(0.055,0.709) s=1.703 PSDFmin=-0.002139 G=OK(+0.0003624) MF=OK(active=20/20,min=+6.812e-12,slack=+1.217e-14)
[RMPCC 0153] OK solve=265.5ms pose=(1.476,0.683,0.225) u=(0.104,0.627) s=1.708 PSDFmin=+0.003978 G=OK(+0.002996) MF=OK(active=12/20,min=+1.317e-11,slack=+7.252e-14)
[RMPCC 0154] OK solve=270.8ms pose=(1.486,0.686,0.288) u=(0.086,0.273) s=1.717 PSDFmin=-0.01862 G=OK(+0.006523) MF=OK(active=20/20,min=+2.157e-12,slack=+3.955e-15)
[RMPCC 0155] OK solve=392.8ms pose=(1.495,0.688,0.315) u=(0.072,1.160) s=1.727 PSDFmin=-0.002437 G=OK(+4.66e-12) MF=OK(active=14/20,min=+6.452e-12,slack=+1.106e-14)
[RMPCC 0156] OK solve=283.7ms pose=(1.501,0.690,0.431) u=(0.054,0.570) s=1.734 PSDFmin=+0.004627 G=OK(+0.002953) MF=OK(active=11/20,min=+7.89e-11,slack=+2.336e-13)
[RMPCC 0157] OK solve=134.5ms pose=(1.506,0.693,0.488) u=(0.094,0.227) s=1.739 PSDFmin=+0.0001626 G=OK(+0.00689) MF=OK(active=20/20,min=+3.833e-13,slack=+1.421e-15)
[RMPCC 0158] OK solve=138.6ms pose=(1.515,0.697,0.511) u=(0.073,0.397) s=1.749 PSDFmin=+0.004358 G=OK(+0.002632) MF=OK(active=19/20,min=+2.544e-09,slack=+1.905e-12)
[RMPCC 0159] OK solve=143.9ms pose=(1.521,0.701,0.551) u=(0.058,0.697) s=1.758 PSDFmin=+0.004801 G=OK(+0.005995) MF=OK(active=20/20,min=+1.817e-10,slack=+2.514e-13)
[RMPCC 0160] OK solve=142.2ms pose=(1.526,0.704,0.620) u=(0.094,0.408) s=1.763 PSDFmin=+0.007374 G=OK(+0.006249) MF=OK(active=20/20,min=+4.953e-13,slack=+1.441e-15)
[RMPCC 0161] OK solve=140.9ms pose=(1.534,0.709,0.661) u=(0.059,0.479) s=1.773 PSDFmin=+0.007943 G=OK(+0.006459) MF=OK(active=20/20,min=+3.856e-14,slack=+6.61e-15)
[RMPCC 0162] OK solve=145.7ms pose=(1.538,0.713,0.709) u=(0.106,0.482) s=1.779 PSDFmin=+0.008558 G=OK(+0.00711) MF=OK(active=20/20,min=+1.23e-09,slack=+6.123e-13)
[RMPCC 0163] OK solve=280.5ms pose=(1.546,0.720,0.757) u=(0.053,0.241) s=1.792 PSDFmin=+0.003776 G=OK(+0.006272) MF=OK(active=20/20,min=+1.368e-13,slack=+5.368e-16)
[RMPCC 0164] OK solve=267.5ms pose=(1.550,0.723,0.781) u=(0.113,0.361) s=1.795 PSDFmin=-0.001767 G=OK(+0.002071) MF=OK(active=19/20,min=+4.267e-14,slack=+3.429e-17)
[RMPCC 0165] OK solve=135.4ms pose=(1.558,0.731,0.817) u=(0.062,0.183) s=1.807 PSDFmin=+0.004412 G=OK(+0.004163) MF=OK(active=16/20,min=+1.066e-12,slack=+1.919e-15)
[RMPCC 0166] OK solve=264.4ms pose=(1.562,0.736,0.836) u=(0.102,0.042) s=1.812 PSDFmin=-0.00643 G=OK(+0.003285) MF=OK(active=20/20,min=+5.436e-11,slack=+2.741e-12)
[RMPCC 0167] OK solve=273.3ms pose=(1.569,0.743,0.840) u=(0.147,-0.430) s=1.824 PSDFmin=-0.0128 G=OK(+2.307e-11) MF=OK(active=16/20,min=+1.386e-09,slack=+1.776e-12)
[RMPCC 0168] OK solve=259.6ms pose=(1.579,0.754,0.797) u=(0.302,-0.068) s=1.840 PSDFmin=+0.003912 G=OK(+0.003157) MF=OK(active=18/20,min=-1.745e-15,slack=+3.178e-17)
[RMPCC 0169] OK solve=393.9ms pose=(1.600,0.776,0.790) u=(0.151,-1.200) s=1.873 PSDFmin=+0.0006313 G=OK(+0.00338) MF=OK(active=19/20,min=+1.023e-12,slack=+3.137e-15)
[RMPCC 0170] OK solve=316.5ms pose=(1.611,0.787,0.670) u=(0.124,-0.622) s=1.881 PSDFmin=+0.00796 G=OK(+0.006301) MF=OK(active=18/20,min=+9.604e-14,slack=+3.04e-16)
[RMPCC 0171] OK solve=138.2ms pose=(1.621,0.794,0.608) u=(0.115,-1.200) s=1.896 PSDFmin=-0.01084 G=OK(+0.001879) MF=OK(active=20/20,min=+1.537e-09,slack=+1.069e-11)
[RMPCC 0172] OK solve=138.1ms pose=(1.630,0.801,0.488) u=(0.093,-0.579) s=1.905 PSDFmin=+0.005165 G=OK(+4.441e-16) MF=OK(active=15/20,min=+1.271e-10,slack=+4.179e-14)
[RMPCC 0173] OK solve=233.9ms pose=(1.638,0.805,0.430) u=(0.121,-0.701) s=1.914 PSDFmin=+0.008619 G=OK(+0.009691) MF=OK(active=20/20,min=+8.61e-14,slack=+8.541e-16)
[RMPCC 0174] OK solve=140.4ms pose=(1.649,0.810,0.360) u=(0.093,-0.953) s=1.926 PSDFmin=-0.00427 G=OK(+2.349e-13) MF=OK(active=20/20,min=+1.684e-13,slack=+1.506e-15)
[RMPCC 0175] OK solve=143.2ms pose=(1.658,0.814,0.264) u=(0.109,-0.430) s=1.935 PSDFmin=+0.00484 G=OK(+1.732e-14) MF=OK(active=12/20,min=+4.719e-12,slack=+9.285e-16)
[RMPCC 0176] OK solve=141.4ms pose=(1.668,0.817,0.221) u=(0.101,-0.704) s=1.939 PSDFmin=+0.006254 G=OK(+0.01678) MF=OK(active=20/20,min=+3.927e-15,slack=+3.806e-16)
[RMPCC 0177] OK solve=141.7ms pose=(1.678,0.819,0.151) u=(0.115,-0.449) s=1.952 PSDFmin=-0.02062 G=OK(+2.22e-16) MF=OK(active=20/20,min=+1.792e-14,slack=+1.684e-16)
[RMPCC 0178] OK solve=142.0ms pose=(1.690,0.820,0.106) u=(0.095,-0.464) s=1.960 PSDFmin=-0.004824 G=OK(+5.906e-14) MF=OK(active=9/20,min=+4.12e-10,slack=+6.457e-13)
[RMPCC 0179] OK solve=136.7ms pose=(1.699,0.821,0.060) u=(0.135,-0.103) s=1.970 PSDFmin=+0.01134 G=OK(+0.008109) MF=OK(active=14/20,min=+3.567e-14,slack=+1.474e-16)
[RMPCC 0180] OK solve=124.3ms pose=(1.713,0.822,0.049) u=(0.173,-0.894) s=1.980 PSDFmin=+0.002783 G=OK(+0.00971) MF=OK(active=20/20,min=+1.005e-17,slack=+1.013e-17)
[RMPCC 0181] OK solve=140.4ms pose=(1.730,0.823,-0.040) u=(0.115,-0.406) s=1.995 PSDFmin=+0.0002485 G=OK(+0.006837) MF=OK(active=20/20,min=+6.625e-11,slack=+2.569e-13)
[RMPCC 0182] OK solve=264.3ms pose=(1.741,0.823,-0.081) u=(0.077,-0.295) s=2.010 PSDFmin=+0.01015 G=OK(+0.00928) MF=OK(active=19/20,min=+5.21e-12,slack=+9.535e-15)
[RMPCC 0183] OK solve=396.6ms pose=(1.749,0.822,-0.110) u=(0.118,-0.459) s=2.011 PSDFmin=+0.002215 G=OK(+0.006724) MF=OK(active=18/20,min=+1.412e-12,slack=+1.421e-15)
[RMPCC 0184] OK solve=405.0ms pose=(1.761,0.821,-0.156) u=(0.059,-0.229) s=2.026 PSDFmin=+0.005981 G=OK(+0.005971) MF=OK(active=19/20,min=+8.881e-09,slack=+7.457e-12)
[RMPCC 0185] OK solve=279.7ms pose=(1.767,0.820,-0.179) u=(0.136,-0.583) s=2.028 PSDFmin=+0.00696 G=OK(+0.006671) MF=OK(active=19/20,min=+4.355e-12,slack=+3.79e-14)
[RMPCC 0186] OK solve=274.0ms pose=(1.780,0.817,-0.237) u=(0.072,-0.474) s=2.044 PSDFmin=+0.006218 G=OK(+0.005723) MF=OK(active=20/20,min=+2.275e-08,slack=+1.887e-11)
[RMPCC 0187] OK solve=384.6ms pose=(1.787,0.816,-0.285) u=(0.081,-0.449) s=2.057 PSDFmin=+0.005743 G=OK(+0.004284) MF=OK(active=19/20,min=+6.65e-11,slack=+2.82e-13)
[RMPCC 0188] OK solve=289.1ms pose=(1.795,0.813,-0.330) u=(0.084,-0.508) s=2.064 PSDFmin=+0.009066 G=OK(+0.007782) MF=OK(active=19/20,min=+8.619e-13,slack=+1.352e-14)
[RMPCC 0189] OK solve=322.2ms pose=(1.803,0.811,-0.380) u=(0.091,-1.200) s=2.073 PSDFmin=+0.00275 G=OK(+0.002114) MF=OK(active=20/20,min=+1.366e-12,slack=+2.236e-15)
[RMPCC 0190] OK solve=439.6ms pose=(1.811,0.807,-0.500) u=(0.119,-0.500) s=2.082 PSDFmin=+0.006798 G=OK(+0.006064) MF=OK(active=18/20,min=+1.56e-10,slack=+1.562e-13)
[RMPCC 0191] OK solve=388.9ms pose=(1.822,0.802,-0.550) u=(0.059,-1.200) s=2.094 PSDFmin=+0.005952 G=OK(+0.006235) MF=OK(active=17/20,min=+4.268e-14,slack=+4.423e-17)
[RMPCC 0192] OK solve=264.1ms pose=(1.827,0.799,-0.670) u=(0.090,-0.925) s=2.102 PSDFmin=+0.006865 G=OK(+0.006243) MF=OK(active=19/20,min=+2.674e-10,slack=+5.33e-13)
[RMPCC 0193] OK solve=131.1ms pose=(1.834,0.793,-0.763) u=(0.046,-0.738) s=2.115 PSDFmin=+0.008839 G=OK(+0.007625) MF=OK(active=20/20,min=+3.274e-13,slack=+5.46e-16)
[RMPCC 0194] OK solve=135.0ms pose=(1.837,0.790,-0.837) u=(0.103,-1.200) s=2.116 PSDFmin=+0.005903 G=OK(+0.006884) MF=OK(active=20/20,min=+7.835e-14,slack=+1.888e-16)
[RMPCC 0195] OK solve=131.8ms pose=(1.844,0.782,-0.957) u=(0.083,-0.794) s=2.129 PSDFmin=+0.009502 G=OK(+0.008018) MF=OK(active=20/20,min=+1.137e-13,slack=+2.706e-17)
[RMPCC 0196] OK solve=137.7ms pose=(1.849,0.775,-1.036) u=(0.085,-0.910) s=2.130 PSDFmin=+0.003943 G=OK(+0.008673) MF=OK(active=20/20,min=+5.333e-15,slack=+1.974e-17)
[RMPCC 0197] OK solve=142.7ms pose=(1.853,0.768,-1.127) u=(0.147,-0.727) s=2.144 PSDFmin=+0.003812 G=OK(+0.009482) MF=OK(active=20/20,min=+1.312e-11,slack=+2.009e-17)
[RMPCC 0198] OK solve=144.5ms pose=(1.859,0.755,-1.200) u=(0.135,-0.669) s=2.151 PSDFmin=+0.01345 G=OK(+0.01168) MF=OK(active=20/20,min=+1.425e-14,slack=+1.998e-16)
[RMPCC 0199] OK solve=136.6ms pose=(1.864,0.742,-1.267) u=(0.111,-0.685) s=2.164 PSDFmin=-0.005368 G=OK(+0.01434) MF=OK(active=20/20,min=+1.513e-14,slack=+1.06e-16)
[RMPCC 0200] OK solve=144.6ms pose=(1.867,0.732,-1.335) u=(0.161,-0.607) s=2.175 PSDFmin=-0.003488 G=OK(+0) MF=OK(active=9/20,min=+0.2,slack=+7.291e-16)
[RMPCC 0201] OK solve=138.6ms pose=(1.871,0.716,-1.396) u=(0.164,-0.303) s=2.191 PSDFmin=+0.01211 G=OK(+0.01193) MF=OK(active=15/20,min=+1.496e-13,slack=+3.364e-16)
[RMPCC 0202] OK solve=145.2ms pose=(1.874,0.700,-1.426) u=(0.174,-0.475) s=2.208 PSDFmin=+0.01394 G=OK(+0.01436) MF=OK(active=20/20,min=+4.371e-13,slack=+5.057e-15)
[RMPCC 0203] OK solve=148.8ms pose=(1.877,0.683,-1.474) u=(0.179,-0.140) s=2.221 PSDFmin=+0.004038 G=OK(+0.0184) MF=OK(active=20/20,min=+3.732e-14,slack=+8.102e-17)
[RMPCC 0204] OK solve=135.3ms pose=(1.878,0.665,-1.488) u=(0.145,-0.674) s=2.237 PSDFmin=-0.01578 G=OK(+0.003873) MF=OK(active=20/20,min=+8.029e-13,slack=+3.998e-17)
[RMPCC 0205] OK solve=132.3ms pose=(1.880,0.650,-1.555) u=(0.142,-0.298) s=2.248 PSDFmin=-0.01987 G=OK(+1.866e-09) MF=OK(active=7/20,min=+0.2,slack=+2.553e-11)
[RMPCC 0206] OK solve=140.2ms pose=(1.880,0.636,-1.585) u=(0.154,-0.037) s=2.263 PSDFmin=+0.004496 G=OK(+2.538e-12) MF=OK(active=18/20,min=+2.127e-10,slack=+1.429e-13)
[RMPCC 0207] OK solve=144.1ms pose=(1.880,0.621,-1.589) u=(0.182,0.138) s=2.279 PSDFmin=+0.01513 G=OK(+0.01624) MF=OK(active=20/20,min=+4.253e-11,slack=+1.556e-13)
[RMPCC 0208] OK solve=133.0ms pose=(1.879,0.603,-1.575) u=(0.224,-0.542) s=2.296 PSDFmin=-0.001083 G=OK(+0.01105) MF=OK(active=20/20,min=+5.832e-15,slack=+6.005e-17)
[RMPCC 0209] OK solve=123.0ms pose=(1.879,0.580,-1.629) u=(0.165,-0.185) s=2.313 PSDFmin=+0.01098 G=OK(+0.008626) MF=OK(active=19/20,min=+1.098e-12,slack=+3.968e-15)
[RMPCC 0210] OK solve=145.7ms pose=(1.878,0.564,-1.648) u=(0.150,-0.615) s=2.332 PSDFmin=-0.007233 G=OK(+1.131e-09) MF=OK(active=20/20,min=-2.38e-11,slack=+3.939e-12)
[RMPCC 0211] OK solve=131.9ms pose=(1.877,0.549,-1.709) u=(0.105,-0.274) s=2.335 PSDFmin=-0.01436 G=OK(+0.002097) MF=OK(active=7/20,min=+3.074e-09,slack=+1.1e-12)
[RMPCC 0212] OK solve=133.9ms pose=(1.876,0.538,-1.736) u=(0.124,-0.002) s=2.352 PSDFmin=-0.002297 G=OK(+1.333e-12) MF=OK(active=14/20,min=+3.335e-11,slack=+2.313e-14)
[RMPCC 0213] OK solve=138.7ms pose=(1.874,0.526,-1.737) u=(0.120,0.191) s=2.372 PSDFmin=+0.001033 G=OK(+6.661e-16) MF=OK(active=15/20,min=+3.097e-17,slack=+3.097e-17)
[RMPCC 0214] OK solve=142.6ms pose=(1.872,0.514,-1.718) u=(0.174,-0.319) s=2.376 PSDFmin=+0.01016 G=OK(+0.01131) MF=OK(active=20/20,min=+3.566e-13,slack=+4.913e-15)
[RMPCC 0215] OK solve=139.3ms pose=(1.869,0.497,-1.749) u=(0.087,-0.333) s=2.395 PSDFmin=+0.006537 G=OK(+0.005642) MF=OK(active=20/20,min=+1.363e-09,slack=+1.455e-12)
[RMPCC 0216] OK solve=126.9ms pose=(1.867,0.489,-1.783) u=(0.074,-0.128) s=2.413 PSDFmin=+0.00209 G=OK(+0.001504) MF=OK(active=20/20,min=+1.448e-14,slack=+4.259e-17)
[RMPCC 0217] OK solve=136.2ms pose=(1.866,0.481,-1.796) u=(0.084,-0.088) s=2.413 PSDFmin=-0.009851 G=OK(+0.00767) MF=OK(active=20/20,min=+1.483e-11,slack=+2.678e-14)
[RMPCC 0218] OK solve=137.1ms pose=(1.864,0.473,-1.804) u=(0.072,-0.113) s=2.428 PSDFmin=+0.001883 G=OK(+5.592e-09) MF=OK(active=11/20,min=+5.095e-11,slack=+5.296e-13)
[RMPCC 0219] OK solve=146.0ms pose=(1.862,0.466,-1.816) u=(0.092,-0.270) s=2.430 PSDFmin=+0.006015 G=OK(+0.005387) MF=OK(active=20/20,min=+1.251e-14,slack=+7.558e-17)
[RMPCC 0220] OK solve=268.1ms pose=(1.860,0.457,-1.843) u=(0.046,-0.811) s=2.444 PSDFmin=-0.01828 G=OK(+0.004613) MF=OK(active=20/20,min=+2.495e-08,slack=+1.045e-10)
[RMPCC 0221] OK solve=258.6ms pose=(1.859,0.453,-1.924) u=(0.119,-0.564) s=2.447 PSDFmin=+0.003385 G=OK(+5.702e-10) MF=OK(active=16/20,min=+1.746e-09,slack=+1.669e-12)
[RMPCC 0222] OK solve=130.8ms pose=(1.855,0.442,-1.980) u=(0.059,-0.711) s=2.460 PSDFmin=+0.007169 G=OK(+0.005342) MF=OK(active=20/20,min=+2.845e-14,slack=+2.912e-17)
[RMPCC 0223] OK solve=140.9ms pose=(1.852,0.436,-2.051) u=(0.102,-0.300) s=2.465 PSDFmin=+0.0005054 G=OK(+0.005849) MF=OK(active=20/20,min=+8.884e-14,slack=+1.323e-16)
[RMPCC 0224] OK solve=146.2ms pose=(1.848,0.427,-2.081) u=(0.051,-0.590) s=2.479 PSDFmin=+0.002559 G=OK(+2.554e-15) MF=OK(active=19/20,min=+3.554e-14,slack=+1.721e-17)
[RMPCC 0225] OK solve=135.7ms pose=(1.845,0.423,-2.140) u=(0.117,-0.451) s=2.484 PSDFmin=-0.006099 G=OK(+0.005454) MF=OK(active=20/20,min=+1.925e-11,slack=+3.097e-14)
[RMPCC 0226] OK solve=146.9ms pose=(1.839,0.413,-2.185) u=(0.059,-0.746) s=2.495 PSDFmin=+0.003113 G=OK(+0.005299) MF=OK(active=15/20,min=+1.199e-11,slack=+2.251e-14)
[RMPCC 0227] OK solve=171.4ms pose=(1.835,0.408,-2.260) u=(0.112,-0.331) s=2.502 PSDFmin=+0.004807 G=OK(+0.002665) MF=OK(active=20/20,min=+1.218e-09,slack=+2.497e-12)
[RMPCC 0228] OK solve=149.0ms pose=(1.828,0.399,-2.293) u=(0.056,-0.567) s=2.512 PSDFmin=+0.004789 G=OK(+0.004756) MF=OK(active=20/20,min=+6.554e-13,slack=+1.744e-15)
[RMPCC 0229] OK solve=153.4ms pose=(1.825,0.395,-2.350) u=(0.120,-0.266) s=2.523 PSDFmin=+0.006526 G=OK(+0.001424) MF=OK(active=20/20,min=+2.852e-14,slack=+9.364e-17)
[RMPCC 0230] OK solve=145.6ms pose=(1.816,0.387,-2.376) u=(0.091,-0.481) s=2.533 PSDFmin=-0.005808 G=OK(+0.001684) MF=OK(active=20/20,min=+7.928e-12,slack=+4.974e-14)
[RMPCC 0231] OK solve=144.0ms pose=(1.810,0.380,-2.424) u=(0.128,-0.272) s=2.544 PSDFmin=-0.0009522 G=OK(+1.029e-11) MF=OK(active=8/20,min=+4.115e-09,slack=+2.792e-13)
[RMPCC 0232] OK solve=152.3ms pose=(1.800,0.372,-2.452) u=(0.177,0.002) s=2.555 PSDFmin=+0.005115 G=OK(+0.005019) MF=OK(active=17/20,min=+5.013e-14,slack=+3.888e-16)
[RMPCC 0233] OK solve=147.8ms pose=(1.786,0.361,-2.451) u=(0.160,0.972) s=2.576 PSDFmin=-0.03477 G=OK(+0.004443) MF=OK(active=20/20,min=+1.748e-11,slack=+2.28e-14)
[RMPCC 0234] OK solve=144.6ms pose=(1.774,0.351,-2.354) u=(0.098,0.913) s=2.586 PSDFmin=-0.000235 G=OK(+8.866e-13) MF=OK(active=9/20,min=-4.707e-11,slack=+5.408e-13)
[RMPCC 0235] OK solve=146.5ms pose=(1.767,0.344,-2.263) u=(0.142,0.497) s=2.597 PSDFmin=-0.002744 G=OK(+0.006032) MF=OK(active=19/20,min=+2.136e-14,slack=+4.789e-17)
[RMPCC 0236] OK solve=336.9ms pose=(1.758,0.333,-2.213) u=(0.161,1.200) s=2.608 PSDFmin=-0.017 G=OK(+0.006079) MF=OK(active=16/20,min=+5.372e-15,slack=+1.114e-16)
[RMPCC 0237] OK solve=481.1ms pose=(1.749,0.320,-2.093) u=(0.135,0.886) s=2.624 PSDFmin=-0.003145 G=OK(+0.008715) MF=OK(active=16/20,min=+3.36e-13,slack=+2.053e-15)
[RMPCC 0238] OK solve=536.7ms pose=(1.742,0.308,-2.004) u=(0.112,0.987) s=2.637 PSDFmin=+0.003419 G=OK(+0.003848) MF=OK(active=16/20,min=+3.078e-12,slack=+1.915e-14)
[RMPCC 0239] OK solve=326.7ms pose=(1.737,0.298,-1.906) u=(0.140,0.426) s=2.648 PSDFmin=-0.005324 G=OK(+0.01335) MF=OK(active=19/20,min=+1.39e-09,slack=+2.334e-12)
[RMPCC 0240] OK solve=353.2ms pose=(1.732,0.285,-1.863) u=(0.109,1.097) s=2.658 PSDFmin=-0.02624 G=OK(+0.0173) MF=OK(active=16/20,min=+8.894e-15,slack=+5.8e-17)
[RMPCC 0241] OK solve=309.3ms pose=(1.729,0.274,-1.753) u=(0.099,0.743) s=2.669 PSDFmin=-0.01331 G=OK(+4.441e-16) MF=OK(active=5/20,min=+0.2002,slack=+1.075e-16)
[RMPCC 0242] OK solve=133.4ms pose=(1.728,0.265,-1.679) u=(0.135,0.292) s=2.675 PSDFmin=+0.004218 G=OK(+0.01903) MF=OK(active=16/20,min=+2.044e-12,slack=+8.694e-15)
[RMPCC 0243] OK solve=139.8ms pose=(1.726,0.251,-1.650) u=(0.111,0.830) s=2.688 PSDFmin=-0.000571 G=OK(+1.293e-12) MF=OK(active=20/20,min=+2.646e-12,slack=+4.21e-14)
[RMPCC 0244] OK solve=130.4ms pose=(1.725,0.240,-1.567) u=(0.116,0.357) s=2.699 PSDFmin=-0.01179 G=OK(+0.009834) MF=OK(active=17/20,min=+1.269e-11,slack=+3.501e-14)
[RMPCC 0245] OK solve=131.0ms pose=(1.725,0.229,-1.531) u=(0.090,0.302) s=2.705 PSDFmin=+0.00331 G=OK(+0.0008894) MF=OK(active=18/20,min=+8.003e-13,slack=+1.824e-15)
[RMPCC 0246] OK solve=145.5ms pose=(1.726,0.220,-1.501) u=(0.092,0.041) s=2.716 PSDFmin=+0.009076 G=OK(+0.008269) MF=OK(active=20/20,min=+4.802e-12,slack=+6.196e-15)
[RMPCC 0247] OK solve=156.8ms pose=(1.726,0.210,-1.497) u=(0.080,0.594) s=2.722 PSDFmin=+0.008634 G=OK(+0.007553) MF=OK(active=20/20,min=-1.666e-13,slack=+5.689e-14)
[RMPCC 0248] OK solve=152.4ms pose=(1.727,0.202,-1.437) u=(0.082,0.249) s=2.728 PSDFmin=+0.006559 G=OK(+0.005898) MF=OK(active=20/20,min=+2.884e-13,slack=+6.415e-16)
[RMPCC 0249] OK solve=151.3ms pose=(1.728,0.194,-1.413) u=(0.080,0.120) s=2.740 PSDFmin=+0.01346 G=OK(+0.01241) MF=OK(active=20/20,min=+7.106e-15,slack=+1.001e-17)
[RMPCC 0250] OK solve=141.3ms pose=(1.729,0.186,-1.401) u=(0.064,0.420) s=2.745 PSDFmin=+0.002964 G=OK(+0.00189) MF=OK(active=20/20,min=+1.755e-11,slack=+1.121e-12)
[RMPCC 0251] OK solve=130.0ms pose=(1.730,0.180,-1.359) u=(0.065,0.323) s=2.751 PSDFmin=-0.001442 G=OK(+0.008776) MF=OK(active=20/20,min=+6.428e-11,slack=+7.602e-13)
[RMPCC 0252] OK solve=135.5ms pose=(1.732,0.174,-1.326) u=(0.063,0.215) s=2.757 PSDFmin=+0.006458 G=OK(+0.006396) MF=OK(active=19/20,min=+1.476e-09,slack=+2.909e-12)
[RMPCC 0253] OK solve=137.8ms pose=(1.733,0.168,-1.305) u=(0.054,0.229) s=2.769 PSDFmin=+0.007388 G=OK(+0.006452) MF=OK(active=20/20,min=+9.759e-11,slack=+6.958e-12)
[RMPCC 0254] OK solve=129.0ms pose=(1.735,0.162,-1.282) u=(0.053,0.354) s=2.775 PSDFmin=+0.006846 G=OK(+0.005963) MF=OK(active=20/20,min=+2.07e-11,slack=+1.073e-13)
[RMPCC 0255] OK solve=135.2ms pose=(1.736,0.157,-1.246) u=(0.046,0.348) s=2.781 PSDFmin=+0.006031 G=OK(+0.004986) MF=OK(active=20/20,min=-2.797e-14,slack=+7.822e-15)
[RMPCC 0256] OK solve=137.9ms pose=(1.738,0.153,-1.212) u=(0.041,0.347) s=2.781 PSDFmin=+0.006831 G=OK(+0.005837) MF=OK(active=20/20,min=+5.877e-11,slack=+6.528e-14)
[RMPCC 0257] OK solve=142.4ms pose=(1.739,0.149,-1.177) u=(0.043,0.404) s=2.786 PSDFmin=+0.0059 G=OK(+0.004853) MF=OK(active=20/20,min=+6.182e-08,slack=+2.528e-11)
[RMPCC 0258] OK solve=149.3ms pose=(1.741,0.145,-1.136) u=(0.032,0.358) s=2.792 PSDFmin=+0.00602 G=OK(+0.005014) MF=OK(active=20/20,min=+2.982e-10,slack=+1.806e-12)
[RMPCC 0259] OK solve=160.7ms pose=(1.742,0.142,-1.101) u=(0.042,0.349) s=2.797 PSDFmin=+0.006354 G=OK(+0.005335) MF=OK(active=20/20,min=+3.944e-10,slack=+2.041e-13)
[RMPCC 0260] OK solve=156.6ms pose=(1.744,0.139,-1.066) u=(0.027,0.346) s=2.800 PSDFmin=+0.006253 G=OK(+0.005186) MF=OK(active=20/20,min=+1.974e-11,slack=+2.092e-12)
[RMPCC 0261] OK solve=136.5ms pose=(1.745,0.136,-1.031) u=(0.039,0.299) s=2.804 PSDFmin=+0.006489 G=OK(+0.005477) MF=OK(active=20/20,min=+9.177e-12,slack=+2.917e-15)
[RMPCC 0262] OK solve=132.6ms pose=(1.747,0.133,-1.001) u=(0.026,0.321) s=2.810 PSDFmin=+0.00648 G=OK(+0.005432) MF=OK(active=20/20,min=+1.836e-11,slack=+3.399e-13)
[RMPCC 0263] OK solve=136.2ms pose=(1.749,0.131,-0.969) u=(0.035,0.299) s=2.812 PSDFmin=+0.006519 G=OK(+0.005468) MF=OK(active=20/20,min=+8.489e-13,slack=+1.801e-14)
[RMPCC 0264] OK solve=138.4ms pose=(1.751,0.128,-0.939) u=(0.026,0.326) s=2.815 PSDFmin=+0.006295 G=OK(+0.00527) MF=OK(active=20/20,min=+2.362e-12,slack=+2.74e-15)
[RMPCC 0265] OK solve=137.3ms pose=(1.752,0.126,-0.907) u=(0.028,0.340) s=2.818 PSDFmin=+0.006111 G=OK(+0.005069) MF=OK(active=20/20,min=+1.307e-09,slack=+6.359e-13)
[RMPCC 0266] OK solve=134.8ms pose=(1.754,0.124,-0.873) u=(0.026,0.368) s=2.822 PSDFmin=+0.005843 G=OK(+0.004805) MF=OK(active=20/20,min=+8.786e-10,slack=+4.348e-12)
[RMPCC 0267] OK solve=131.5ms pose=(1.756,0.122,-0.836) u=(0.024,0.379) s=2.825 PSDFmin=+0.005578 G=OK(+0.004548) MF=OK(active=20/20,min=+4.645e-11,slack=+5.558e-14)
[RMPCC 0268] OK solve=146.2ms pose=(1.757,0.120,-0.798) u=(0.023,0.365) s=2.827 PSDFmin=+0.005479 G=OK(+0.004448) MF=OK(active=20/20,min=+0.006397,slack=+2.467e-15)
[RMPCC 0269] OK solve=143.2ms pose=(1.759,0.118,-0.762) u=(0.022,0.338) s=2.829 PSDFmin=+0.005475 G=OK(+0.004446) MF=OK(active=20/20,min=+0.02059,slack=+9.883e-15)
[RMPCC 0270] OK solve=132.9ms pose=(1.760,0.117,-0.728) u=(0.022,0.313) s=2.831 PSDFmin=+0.005479 G=OK(+0.004453) MF=OK(active=20/20,min=+0.03558,slack=+2.684e-13)
[RMPCC 0271] OK solve=138.4ms pose=(1.762,0.115,-0.696) u=(0.022,0.290) s=2.833 PSDFmin=+0.00548 G=OK(+0.004454) MF=OK(active=20/20,min=+0.05117,slack=+3.774e-17)
[RMPCC 0272] OK solve=136.6ms pose=(1.764,0.114,-0.667) u=(0.021,0.269) s=2.835 PSDFmin=+0.005492 G=OK(+0.004465) MF=OK(active=20/20,min=+0.06711,slack=+6.201e-13)
[RMPCC 0273] OK solve=133.4ms pose=(1.765,0.112,-0.641) u=(0.021,0.250) s=2.837 PSDFmin=+0.0055 G=OK(+0.004475) MF=OK(active=20/20,min=+0.08305,slack=+5.445e-12)
[RMPCC 0274] OK solve=137.8ms pose=(1.767,0.111,-0.616) u=(0.020,0.232) s=2.839 PSDFmin=+0.005516 G=OK(+0.00449) MF=OK(active=20/20,min=+0.09888,slack=+4.224e-17)
[RMPCC 0275] OK solve=130.5ms pose=(1.769,0.110,-0.592) u=(0.020,0.215) s=2.841 PSDFmin=+0.005535 G=OK(+0.004509) MF=OK(active=20/20,min=+0.1144,slack=+6.742e-17)
[RMPCC 0276] OK solve=137.9ms pose=(1.770,0.109,-0.571) u=(0.020,0.200) s=2.843 PSDFmin=+0.005553 G=OK(+0.004528) MF=OK(active=20/20,min=+0.1293,slack=+7.019e-15)
[RMPCC 0277] OK solve=138.5ms pose=(1.772,0.108,-0.551) u=(0.019,0.187) s=2.845 PSDFmin=+0.005572 G=OK(+0.004547) MF=OK(active=20/20,min=+0.1432,slack=+7.852e-17)
[RMPCC 0278] OK solve=130.2ms pose=(1.774,0.107,-0.532) u=(0.019,0.174) s=2.848 PSDFmin=+0.005591 G=OK(+0.004565) MF=OK(active=20/20,min=+0.1559,slack=+1.437e-16)
[RMPCC 0279] OK solve=127.6ms pose=(1.775,0.106,-0.515) u=(0.019,0.162) s=2.850 PSDFmin=+0.005619 G=OK(+0.004595) MF=OK(active=20/20,min=+0.1668,slack=+1.55e-14)
[RMPCC 0280] OK solve=125.5ms pose=(1.777,0.105,-0.499) u=(0.019,0.152) s=2.852 PSDFmin=+0.005661 G=OK(+0.004638) MF=OK(active=20/20,min=+0.1762,slack=+3.728e-13)
[RMPCC 0281] OK solve=141.5ms pose=(1.778,0.104,-0.483) u=(0.018,0.142) s=2.854 PSDFmin=+0.005716 G=OK(+0.004695) MF=OK(active=20/20,min=+0.1841,slack=+1.407e-13)
[RMPCC 0282] OK solve=137.4ms pose=(1.780,0.103,-0.469) u=(0.016,0.132) s=2.854 PSDFmin=+0.00578 G=OK(+0.004764) MF=OK(active=20/20,min=+0.1899,slack=+5.446e-17)
[RMPCC 0283] OK solve=147.2ms pose=(1.782,0.102,-0.456) u=(0.016,0.123) s=2.856 PSDFmin=+0.005849 G=OK(+0.004834) MF=OK(active=20/20,min=+0.1935,slack=+4.632e-17)
[RMPCC 0284] OK solve=140.3ms pose=(1.783,0.102,-0.444) u=(0.016,0.116) s=2.858 PSDFmin=+0.005926 G=OK(+0.004911) MF=OK(active=20/20,min=+0.1964,slack=+2.244e-14)
[RMPCC 0285] OK solve=133.6ms pose=(1.784,0.101,-0.432) u=(0.016,0.109) s=2.860 PSDFmin=+0.006009 G=OK(+0.004995) MF=OK(active=20/20,min=+0.1983,slack=+5.252e-17)
[RMPCC 0286] OK solve=145.1ms pose=(1.786,0.100,-0.421) u=(0.014,0.102) s=2.860 PSDFmin=+0.006097 G=OK(+0.005086) MF=OK(active=20/20,min=+0.1994,slack=+4.844e-12)
[RMPCC 0287] OK solve=127.3ms pose=(1.787,0.100,-0.411) u=(0.014,0.096) s=2.862 PSDFmin=+0.006187 G=OK(+0.005175) MF=OK(active=20/20,min=+0.1997,slack=+3.221e-14)
[RMPCC 0288] OK solve=136.8ms pose=(1.788,0.099,-0.402) u=(0.012,0.090) s=2.862 PSDFmin=+0.006278 G=OK(+0.00527) MF=OK(active=20/20,min=+0.1999,slack=+2.745e-13)
[RMPCC 0289] OK solve=143.8ms pose=(1.789,0.099,-0.393) u=(0.013,0.085) s=2.864 PSDFmin=+0.00637 G=OK(+0.005362) MF=OK(active=20/20,min=+0.2,slack=+1.419e-12)
[RMPCC 0290] OK solve=154.8ms pose=(1.791,0.098,-0.384) u=(0.013,0.080) s=2.866 PSDFmin=+0.006465 G=OK(+0.005456) MF=OK(active=20/20,min=+0.2,slack=+3.986e-17)
[RMPCC 0291] OK solve=157.5ms pose=(1.792,0.098,-0.376) u=(0.011,0.075) s=2.866 PSDFmin=+0.00656 G=OK(+0.005553) MF=OK(active=20/20,min=+0.2,slack=+1.143e-14)
[RMPCC 0292] OK solve=156.1ms pose=(1.793,0.097,-0.369) u=(0.012,0.071) s=2.869 PSDFmin=+0.006655 G=OK(+0.005647) MF=OK(active=20/20,min=+0.2,slack=+6.683e-15)
[RMPCC 0293] OK solve=150.3ms pose=(1.794,0.097,-0.361) u=(0.010,0.068) s=2.869 PSDFmin=+0.00675 G=OK(+0.005744) MF=OK(active=20/20,min=+0.2,slack=+8.668e-12)
[RMPCC 0294] OK solve=154.7ms pose=(1.795,0.097,-0.355) u=(0.011,0.063) s=2.871 PSDFmin=+0.006844 G=OK(+0.005838) MF=OK(active=20/20,min=+0.2,slack=+2.524e-13)
[RMPCC 0295] OK solve=211.3ms pose=(1.796,0.096,-0.348) u=(0.010,0.060) s=2.871 PSDFmin=+0.006937 G=OK(+0.005932) MF=OK(active=20/20,min=+0.2,slack=+1.944e-16)
[RMPCC 0296] OK solve=154.1ms pose=(1.797,0.096,-0.342) u=(0.009,0.057) s=2.871 PSDFmin=+0.007028 G=OK(+0.006024) MF=OK(active=20/20,min=+0.2,slack=+2.778e-14)
[RMPCC 0297] OK solve=178.5ms pose=(1.798,0.096,-0.337) u=(0.009,0.054) s=2.873 PSDFmin=+0.007117 G=OK(+0.006113) MF=OK(active=20/20,min=+0.2,slack=+2.028e-15)
[RMPCC 0298] OK solve=165.2ms pose=(1.799,0.095,-0.331) u=(0.008,0.051) s=2.873 PSDFmin=+0.007205 G=OK(+0.006201) MF=OK(active=20/20,min=+0.2,slack=+3.097e-14)
[RMPCC 0299] OK solve=173.1ms pose=(1.799,0.095,-0.326) u=(0.008,0.048) s=2.874 PSDFmin=+0.00729 G=OK(+0.006287) MF=OK(active=20/20,min=+0.2,slack=+2.601e-14)
[RMPCC 0300] OK solve=149.9ms pose=(1.800,0.095,-0.321) u=(0.008,0.046) s=2.875 PSDFmin=+0.007374 G=OK(+0.006371) MF=OK(active=20/20,min=+0.2,slack=+1.73e-14)
[RMPCC 0301] OK solve=151.7ms pose=(1.801,0.095,-0.317) u=(0.007,0.044) s=2.875 PSDFmin=+0.007456 G=OK(+0.006454) MF=OK(active=20/20,min=+0.2,slack=+5.572e-14)
[RMPCC 0302] OK solve=152.5ms pose=(1.802,0.094,-0.312) u=(0.007,0.042) s=2.876 PSDFmin=+0.007536 G=OK(+0.006534) MF=OK(active=20/20,min=+0.2,slack=+4.957e-14)
[RMPCC 0303] OK solve=160.4ms pose=(1.802,0.094,-0.308) u=(0.007,0.040) s=2.877 PSDFmin=+0.007615 G=OK(+0.006612) MF=OK(active=20/20,min=+0.2,slack=+4.912e-14)
[RMPCC 0304] OK solve=153.1ms pose=(1.803,0.094,-0.304) u=(0.006,0.038) s=2.877 PSDFmin=+0.007691 G=OK(+0.006689) MF=OK(active=20/20,min=+0.2,slack=+1.181e-13)
[RMPCC 0305] OK solve=151.1ms pose=(1.803,0.094,-0.300) u=(0.006,0.036) s=2.878 PSDFmin=+0.007765 G=OK(+0.006764) MF=OK(active=20/20,min=+0.2,slack=+2.131e-13)
[RMPCC 0306] OK solve=147.3ms pose=(1.804,0.094,-0.297) u=(0.006,0.035) s=2.879 PSDFmin=+0.007838 G=OK(+0.006836) MF=OK(active=20/20,min=+0.2,slack=+3.179e-13)
[RMPCC 0307] OK solve=153.2ms pose=(1.805,0.093,-0.293) u=(0.006,0.033) s=2.879 PSDFmin=+0.007909 G=OK(+0.006907) MF=OK(active=20/20,min=+0.2,slack=+4.267e-13)
[RMPCC 0308] OK solve=149.3ms pose=(1.805,0.093,-0.290) u=(0.006,0.032) s=2.880 PSDFmin=+0.007978 G=OK(+0.006976) MF=OK(active=20/20,min=+0.2,slack=+6.4e-13)
[RMPCC 0309] OK solve=134.2ms pose=(1.806,0.093,-0.287) u=(0.005,0.030) s=2.880 PSDFmin=+0.008044 G=OK(+0.007042) MF=OK(active=20/20,min=+0.2,slack=+1.053e-13)
[RMPCC 0310] OK solve=147.9ms pose=(1.806,0.093,-0.284) u=(0.005,0.029) s=2.881 PSDFmin=+0.008108 G=OK(+0.007107) MF=OK(active=20/20,min=+0.2,slack=+3.604e-13)
[RMPCC 0311] OK solve=143.0ms pose=(1.807,0.093,-0.281) u=(0.005,0.027) s=2.881 PSDFmin=+0.008171 G=OK(+0.007169) MF=OK(active=20/20,min=+0.2,slack=+4.291e-13)
[RMPCC 0312] OK solve=136.1ms pose=(1.807,0.093,-0.278) u=(0.005,0.026) s=2.882 PSDFmin=+0.008231 G=OK(+0.00723) MF=OK(active=20/20,min=+0.2,slack=+1.114e-13)
[RMPCC 0313] OK solve=128.0ms pose=(1.808,0.093,-0.275) u=(0.005,0.025) s=2.882 PSDFmin=+0.00829 G=OK(+0.007289) MF=OK(active=20/20,min=+0.2,slack=+6.377e-13)
[RMPCC 0314] OK solve=157.8ms pose=(1.808,0.092,-0.273) u=(0.005,0.024) s=2.883 PSDFmin=+0.008347 G=OK(+0.007346) MF=OK(active=20/20,min=+0.2,slack=+5.737e-13)
[RMPCC 0315] OK solve=153.3ms pose=(1.809,0.092,-0.271) u=(0.004,0.023) s=2.883 PSDFmin=+0.008402 G=OK(+0.007401) MF=OK(active=20/20,min=+0.2,slack=+5.42e-13)
목적지에 도착했습니다! 현재 위치: [1.80898 0.09215], 시간: 31.60초
Using rmpcc optimizer with differential_drive dynamics:
median:  0.14177072048187256
std:  0.08687069301705706
min:  0.12269878387451172
max:  0.5366957187652588
Simulation finished.
Run outcome: status=success, reason=None, final_time=31.60000000000018, distance_to_goal=0.009905054980624398
Optimizer runtime stats: safe_stop_count=0, backup_feasible_qp_success_count=0, plant_input_apply_count=316, last_solve_mode=sqp_rti
Trial history saved to /home/taek111/projects/psdf_mpcc/benchmark_runs/maze_rectangle_nominal/mf_scale_0p4/data/trial_history_MPC_rmpcc_rectangle_maze_mf_scale_0p4.csv
RMPCC constraint history saved to /home/taek111/projects/psdf_mpcc/benchmark_runs/maze_rectangle_nominal/mf_scale_0p4/data/rmpcc_constraints_MPC_rmpcc_rectangle_maze_mf_scale_0p4.csv
RMPCC debug history saved to /home/taek111/projects/psdf_mpcc/benchmark_runs/maze_rectangle_nominal/mf_scale_0p4/data/cycle_raw.csv
RMPCC debug history saved to /home/taek111/projects/psdf_mpcc/benchmark_runs/maze_rectangle_nominal/mf_scale_0p4/data/covariance_trajectory.csv
Pose-SDF data saved to /home/taek111/projects/psdf_mpcc/benchmark_runs/maze_rectangle_nominal/mf_scale_0p4/data/pose_sdf_MPC_rmpcc_rectangle_maze_mf_scale_0p4.csv
Total data points: 316
SDF statistics - Min: 0.0056, Max: 0.0573, Mean: 0.0142
