RMPCC configured from config: horizon=20, tf=2.0, use_obstacle_constraint=True, use_row_mf=True, d_col=0.001, d_min=0.001, d_mf_mask=0.001, mf_slack_linear=1.0, mf_slack_quadratic=1.0, chance_epsilon=0.2, mf_active_start_step=1, mf_active_end_step=None, mf_active_terminal=True, sigma_f0=0.0002, sigma_l0=0.00025, sigma_psi0=0.00025, q_f0=0.0, q_l0=0.0, q_psi0=0.0, alpha_f=0.002, alpha_v=0.0004, alpha_kappa=0.01, beta_v=0.02, beta_kappa=0.008, beta_omega=0.008, enable_backup_solver=False, debug_mf=True, debug_infeasibility=True, augmented_psdf_device=cpu
Resetting rmpcc optimizer for clean state...
Trial failure criteria enabled: movement_window_sec=5.0, movement_threshold=0.005, max_consecutive_solver_failures=10
generating global path with A* + Line of Sight
시작 위치: [0.075 0.795]
목적지: [1.8  0.09]
도착 판정 기준: position <= 0.01m, angle <= 0.01rad
Setting up RMPCC-MF optimizer...
RMPCC-MF Row M configuration: enabled=True, active only when phi > d_mf_mask=0.001, configured stages=[1, 2, 3, 4, 5, 6, 7, 8, 9, 10, 11, 12, 13, 14, 15, 16, 17, 18, 19, 20]
Added two affine safety rows at intermediate/terminal stages: 0=HARD guard/recovery, 1=SOFT MF
field AcadosOcpDims.N has been migrated to AcadosOcpOptions.N_horizon. setting AcadosOcpOptions.N_horizon = N. For future comppatibility, please use AcadosOcpOptions.N_horizon directly.

WARNING: Gauss-Newton Hessian approximation with EXTERNAL cost type not well defined!
got cost_type EXTERNAL for cost_type_0, cost_type, cost_type_e, hessian_approx: 'GAUSS_NEWTON'.
With this setting, acados will proceed computing the exact Hessian for the cost term and no Hessian contribution from constraints and dynamics.
If the external cost is a linear least squares cost, this coincides with the Gauss-Newton Hessian.
Note: There is also the option to use the external cost module with a numerical Hessian approximation (see `ext_cost_num_hess`).
OR the option to provide a symbolic custom Hessian approximation (see `cost_expr_ext_cost_custom_hess`).

acados was compiled without OpenMP.
RMPCC-MF backup SQP_WITH_FEASIBLE_QP solver disabled; using nominal safe-stop recovery.
[RMPCC 0000] OK solve=145.5ms pose=(0.075,0.795,-1.571) u=(0.123,0.000) s=0.013 PSDFmin=+0.03 G=OK(+0.04134) MF=OK(active=20/20,min=+0.2,slack=+1.81e-10)
[RMPCC 0001] OK solve=138.1ms pose=(0.075,0.783,-1.571) u=(0.115,0.237) s=0.024 PSDFmin=-0.01111 G=OK(+0.006612) MF=OK(active=20/20,min=+0.2,slack=+3.171e-12)
[RMPCC 0002] OK solve=148.9ms pose=(0.075,0.771,-1.547) u=(0.120,0.080) s=0.035 PSDFmin=+0.001955 G=OK(+2.083e-12) MF=OK(active=9/20,min=+1.748e-08,slack=+8.901e-12)
[RMPCC 0003] OK solve=150.3ms pose=(0.075,0.759,-1.539) u=(0.162,-0.472) s=0.041 PSDFmin=-0.004284 G=OK(+0.0108) MF=OK(active=20/20,min=+1.602e-14,slack=+5.615e-15)
[RMPCC 0004] OK solve=135.6ms pose=(0.076,0.743,-1.586) u=(0.138,-0.164) s=0.055 PSDFmin=-0.009231 G=OK(+1.494e-12) MF=OK(active=13/20,min=+3.787e-12,slack=+2.339e-12)
[RMPCC 0005] OK solve=135.1ms pose=(0.076,0.729,-1.603) u=(0.111,-0.102) s=0.071 PSDFmin=+0.004844 G=OK(+2.687e-14) MF=OK(active=11/20,min=+9.628e-12,slack=+1.613e-13)
[RMPCC 0006] OK solve=136.6ms pose=(0.075,0.718,-1.613) u=(0.225,0.380) s=0.072 PSDFmin=-0.02069 G=OK(+0.02611) MF=OK(active=20/20,min=+1.721e-15,slack=+0.07573)
[RMPCC 0007] OK solve=289.5ms pose=(0.074,0.696,-1.575) u=(0.112,0.965) s=0.088 PSDFmin=-0.02424 G=OK(+0.01761) MF=OK(active=13/20,min=+0.2047,slack=+1.649e-13)
[RMPCC 0008] OK solve=271.4ms pose=(0.074,0.685,-1.478) u=(0.116,0.443) s=0.105 PSDFmin=+0.001073 G=OK(+2.649e-12) MF=OK(active=1/20,min=+0.2,slack=+2.324e-11)
[RMPCC 0009] OK solve=277.2ms pose=(0.075,0.673,-1.434) u=(0.178,0.467) s=0.108 PSDFmin=-0.007233 G=OK(+0.01287) MF=OK(active=20/20,min=+2.208e-13,slack=+0.01162)
[RMPCC 0010] OK solve=415.5ms pose=(0.078,0.655,-1.387) u=(0.097,1.200) s=0.141 PSDFmin=-0.01243 G=OK(+0.003964) MF=OK(active=16/20,min=+1.564e-13,slack=+2.625e-14)
[RMPCC 0011] OK solve=426.0ms pose=(0.080,0.646,-1.267) u=(0.053,0.868) s=0.146 PSDFmin=-0.01726 G=OK(+1.16e-12) MF=OK(active=11/20,min=+5.947e-12,slack=+2.311e-12)
Acados solver failed with status 4
Acados residuals [stat, eq, ineq, comp]: [16.16993  0.08681  0.74252  0.00525]
Acados SQP iterations: 1
RMPCC-MF diagnostics captured before infeasibility recovery.
RMPCC-MF failed-iterate infeasibility candidates:
  - {'constraint': 'row_g_hard_guard', 'stages': array([10, 11, 12, 13, 15, 16, 17, 18, 19, 20]), 'minimum_residual': -0.018258062958717347}
  - {'constraint': 'row_m_soft_after_slack', 'stages': array([ 1,  2,  3,  4,  5,  8,  9, 14]), 'minimum_residual': -0.7425186410341403}
  - {'constraint': 'dynamics_or_stage0_equality', 'maximum_residual': 0.08681085705026637}
RMPCC-MF inactive Row M stages are trivially feasible.
RMPCC-MF minimum box residuals [state | input]: 1.9511902523117025e-17 | 0.08189958368868126
SQP_RTI solver failed with status 4. Starting infeasible recovery.
Backup solver is unavailable; falling back to safe stop.
Applied nominal_safe_controller safe-stop plan after infeasible RMPCC-MF solve.
[RMPCC 0012] SAFE_STOP solve=530.3ms pose=(0.081,0.641,-1.180) u=(0.000,0.000) s=0.147 PSDFmin=+0.003199 G=FAIL(-0.03501) MF=FAIL(active=9/20,min=n/a,slack=n/a)
[RMPCC 0013] OK solve=146.5ms pose=(0.081,0.641,-1.180) u=(0.009,-0.000) s=0.150 PSDFmin=+0.0032 G=OK(+0.0022) MF=OK(active=20/20,min=+0.2,slack=+1.805e-10)
[RMPCC 0014] OK solve=134.1ms pose=(0.081,0.640,-1.181) u=(0.017,-0.204) s=0.146 PSDFmin=+0.004452 G=OK(+0.003496) MF=OK(active=20/20,min=+0.2,slack=+1.454e-14)
[RMPCC 0015] OK solve=147.4ms pose=(0.082,0.638,-1.201) u=(0.034,-0.349) s=0.146 PSDFmin=+0.006445 G=OK(+0.005594) MF=OK(active=20/20,min=-1.207e-11,slack=+4.904e-11)
[RMPCC 0016] OK solve=145.3ms pose=(0.083,0.635,-1.236) u=(0.044,-0.341) s=0.163 PSDFmin=+0.008175 G=OK(+0.007356) MF=OK(active=20/20,min=+3.931e-14,slack=+2.001e-13)
[RMPCC 0017] OK solve=150.2ms pose=(0.085,0.631,-1.270) u=(0.043,-0.528) s=0.166 PSDFmin=-0.01077 G=OK(+0.002713) MF=OK(active=20/20,min=+3.098e-08,slack=+4.134e-09)
[RMPCC 0018] OK solve=140.0ms pose=(0.086,0.627,-1.323) u=(0.039,-0.250) s=0.167 PSDFmin=-0.008872 G=OK(+0.007293) MF=OK(active=12/20,min=+2.608e-09,slack=+2.326e-10)
[RMPCC 0019] OK solve=145.8ms pose=(0.087,0.623,-1.348) u=(0.079,-0.610) s=0.168 PSDFmin=+0.007943 G=OK(+0.004832) MF=OK(active=18/20,min=+4.045e-12,slack=+2.847e-12)
[RMPCC 0020] OK solve=150.0ms pose=(0.089,0.616,-1.409) u=(0.039,-0.535) s=0.186 PSDFmin=+0.004828 G=OK(+0.00727) MF=OK(active=20/20,min=+1.146e-10,slack=+4.831e-11)
[RMPCC 0021] OK solve=260.7ms pose=(0.089,0.612,-1.462) u=(0.059,-0.386) s=0.190 PSDFmin=+0.001511 G=OK(+0.002894) MF=OK(active=20/20,min=+2.27e-13,slack=+3.783e-14)
[RMPCC 0022] OK solve=393.1ms pose=(0.090,0.606,-1.501) u=(0.043,-0.161) s=0.200 PSDFmin=+0.01319 G=OK(+0.01223) MF=OK(active=17/20,min=+3.561e-12,slack=+3.143e-13)
[RMPCC 0023] OK solve=409.1ms pose=(0.090,0.602,-1.517) u=(0.105,0.273) s=0.205 PSDFmin=+0.005604 G=OK(+0.01133) MF=OK(active=19/20,min=+7.755e-10,slack=+1.563e-10)
[RMPCC 0024] OK solve=401.4ms pose=(0.091,0.591,-1.490) u=(0.053,1.200) s=0.213 PSDFmin=-0.001137 G=OK(+0.01112) MF=OK(active=19/20,min=+5.159e-11,slack=+6.55e-12)
[RMPCC 0025] OK solve=398.3ms pose=(0.091,0.586,-1.370) u=(0.026,1.200) s=0.220 PSDFmin=+0.008855 G=OK(+0.00807) MF=OK(active=17/20,min=+4.39e-13,slack=+7.941e-14)
[RMPCC 0026] OK solve=272.8ms pose=(0.092,0.583,-1.250) u=(0.089,0.849) s=0.223 PSDFmin=-0.001587 G=OK(+0.01381) MF=OK(active=19/20,min=+5.646e-13,slack=+1.937e-11)
[RMPCC 0027] OK solve=301.7ms pose=(0.095,0.575,-1.165) u=(0.045,1.200) s=0.228 PSDFmin=+0.008025 G=OK(+0.01255) MF=OK(active=19/20,min=+7.307e-09,slack=+4.109e-10)
[RMPCC 0028] OK solve=277.9ms pose=(0.096,0.571,-1.045) u=(0.041,0.626) s=0.238 PSDFmin=+0.00481 G=OK(+0.01488) MF=OK(active=19/20,min=+2.556e-12,slack=+6.915e-13)
[RMPCC 0029] OK solve=272.8ms pose=(0.098,0.567,-0.982) u=(0.079,1.200) s=0.238 PSDFmin=+0.002671 G=OK(+0.01341) MF=OK(active=20/20,min=+2.052e-15,slack=+3.789e-15)
[RMPCC 0030] OK solve=258.9ms pose=(0.103,0.560,-0.862) u=(0.043,0.924) s=0.251 PSDFmin=+0.0006818 G=OK(+0.01529) MF=OK(active=17/20,min=+1.173e-13,slack=+1.963e-14)
[RMPCC 0031] OK solve=134.7ms pose=(0.106,0.557,-0.770) u=(0.111,1.079) s=0.252 PSDFmin=+0.01186 G=OK(+0.0148) MF=OK(active=19/20,min=+1.65e-14,slack=+1.261e-14)
[RMPCC 0032] OK solve=138.0ms pose=(0.114,0.550,-0.662) u=(0.063,0.532) s=0.265 PSDFmin=+0.001583 G=OK(+0.01397) MF=OK(active=20/20,min=+8.356e-12,slack=+5.876e-12)
[RMPCC 0033] OK solve=274.6ms pose=(0.119,0.546,-0.609) u=(0.179,1.200) s=0.266 PSDFmin=+0.008811 G=OK(+0.009509) MF=OK(active=20/20,min=+2.57e-12,slack=+0.0262)
[RMPCC 0034] OK solve=275.8ms pose=(0.133,0.535,-0.489) u=(0.117,1.132) s=0.280 PSDFmin=+0.01116 G=OK(+0.009694) MF=OK(active=18/20,min=+1.71e-09,slack=+1.434e-09)
[RMPCC 0035] OK solve=151.1ms pose=(0.144,0.530,-0.375) u=(0.103,0.640) s=0.288 PSDFmin=+0.003982 G=OK(+0.008689) MF=OK(active=20/20,min=+5.845e-12,slack=+4.06e-12)
[RMPCC 0036] OK solve=146.1ms pose=(0.153,0.526,-0.312) u=(0.137,1.200) s=0.299 PSDFmin=+0.005 G=OK(+0.01275) MF=OK(active=20/20,min=+3.428e-12,slack=+2.118e-15)
[RMPCC 0037] OK solve=132.8ms pose=(0.166,0.522,-0.192) u=(0.152,0.606) s=0.313 PSDFmin=+0.01517 G=OK(+0.01172) MF=OK(active=20/20,min=+4.012e-13,slack=+1.495e-14)
[RMPCC 0038] OK solve=132.3ms pose=(0.181,0.519,-0.131) u=(0.085,0.475) s=0.328 PSDFmin=+0.005948 G=OK(+0.004943) MF=OK(active=20/20,min=+6.292e-11,slack=+0.0246)
[RMPCC 0039] OK solve=142.4ms pose=(0.190,0.518,-0.083) u=(0.150,0.930) s=0.332 PSDFmin=+0.01434 G=OK(+0.01287) MF=OK(active=20/20,min=+1.981e-11,slack=+2.865e-12)
[RMPCC 0040] OK solve=140.1ms pose=(0.205,0.517,0.010) u=(0.168,0.403) s=0.344 PSDFmin=+0.01697 G=OK(+0.0159) MF=OK(active=20/20,min=-1.189e-14,slack=+4.19e-13)
[RMPCC 0041] OK solve=135.4ms pose=(0.221,0.517,0.050) u=(0.125,0.264) s=0.359 PSDFmin=+0.01462 G=OK(+0.01354) MF=OK(active=20/20,min=+2.993e-15,slack=+1.143e-14)
[RMPCC 0042] OK solve=133.8ms pose=(0.234,0.517,0.076) u=(0.142,0.245) s=0.371 PSDFmin=+0.01643 G=OK(+0.01541) MF=OK(active=20/20,min=-2.707e-14,slack=+3.584e-13)
[RMPCC 0043] OK solve=142.8ms pose=(0.248,0.519,0.101) u=(0.134,0.166) s=0.384 PSDFmin=+0.01512 G=OK(+0.01376) MF=OK(active=20/20,min=+5.13e-15,slack=+3.131e-15)
[RMPCC 0044] OK solve=144.0ms pose=(0.261,0.520,0.117) u=(0.121,0.612) s=0.399 PSDFmin=+0.01412 G=OK(+0.01302) MF=OK(active=20/20,min=+2.339e-11,slack=+1.127e-11)
[RMPCC 0045] OK solve=139.6ms pose=(0.273,0.521,0.179) u=(0.128,0.240) s=0.411 PSDFmin=+0.01461 G=OK(+0.01359) MF=OK(active=20/20,min=+1.54e-14,slack=+5.627e-15)
[RMPCC 0046] OK solve=140.8ms pose=(0.286,0.524,0.203) u=(0.106,0.287) s=0.423 PSDFmin=+0.0149 G=OK(+0.01387) MF=OK(active=20/20,min=+9.366e-12,slack=+1.651e-11)
[RMPCC 0047] OK solve=137.1ms pose=(0.296,0.526,0.231) u=(0.112,0.230) s=0.432 PSDFmin=+0.01601 G=OK(+0.01499) MF=OK(active=20/20,min=+8.089e-08,slack=+2.601e-08)
[RMPCC 0048] OK solve=136.7ms pose=(0.307,0.528,0.254) u=(0.106,0.252) s=0.444 PSDFmin=+0.009847 G=OK(+0.01599) MF=OK(active=20/20,min=+5.46e-12,slack=+1.211e-12)
[RMPCC 0049] OK solve=138.4ms pose=(0.317,0.531,0.280) u=(0.107,0.362) s=0.455 PSDFmin=+0.01765 G=OK(+0.01701) MF=OK(active=20/20,min=-4.776e-13,slack=+9.563e-12)
[RMPCC 0050] OK solve=146.2ms pose=(0.328,0.534,0.316) u=(0.101,0.108) s=0.461 PSDFmin=+0.004913 G=OK(+0.01942) MF=OK(active=20/20,min=+1.398e-13,slack=+2.438e-14)
[RMPCC 0051] OK solve=146.4ms pose=(0.337,0.537,0.327) u=(0.096,0.523) s=0.472 PSDFmin=+0.01461 G=OK(+0.01822) MF=OK(active=20/20,min=+8.985e-15,slack=+6.765e-15)
[RMPCC 0052] OK solve=149.3ms pose=(0.346,0.540,0.379) u=(0.110,0.205) s=0.482 PSDFmin=+0.003476 G=OK(+0.02121) MF=OK(active=20/20,min=+3.595e-13,slack=+6.814e-14)
[RMPCC 0053] OK solve=168.2ms pose=(0.357,0.544,0.399) u=(0.094,0.247) s=0.496 PSDFmin=+0.01327 G=OK(+0.01311) MF=OK(active=20/20,min=+2.118e-11,slack=+1.575e-10)
[RMPCC 0054] OK solve=163.6ms pose=(0.365,0.548,0.424) u=(0.110,0.082) s=0.501 PSDFmin=+0.0006139 G=OK(+0.01817) MF=OK(active=20/20,min=+3.97e-12,slack=+7.406e-13)
[RMPCC 0055] OK solve=151.8ms pose=(0.375,0.552,0.432) u=(0.101,0.375) s=0.512 PSDFmin=+0.01238 G=OK(+0.01158) MF=OK(active=19/20,min=-1.597e-12,slack=+1.946e-11)
[RMPCC 0056] OK solve=138.3ms pose=(0.384,0.557,0.470) u=(0.128,0.099) s=0.527 PSDFmin=+0.008716 G=OK(+0.01565) MF=OK(active=20/20,min=+7.943e-12,slack=+5.803e-13)
[RMPCC 0057] OK solve=134.9ms pose=(0.396,0.562,0.480) u=(0.099,0.131) s=0.535 PSDFmin=-0.01525 G=OK(+0.003887) MF=OK(active=20/20,min=-7.066e-13,slack=+1.033e-11)
[RMPCC 0058] OK solve=143.1ms pose=(0.405,0.567,0.493) u=(0.125,-0.042) s=0.545 PSDFmin=+0.01007 G=OK(+0.01012) MF=OK(active=17/20,min=+1.063e-10,slack=+4.356e-10)
[RMPCC 0059] OK solve=135.5ms pose=(0.416,0.573,0.488) u=(0.136,0.234) s=0.561 PSDFmin=+0.009175 G=OK(+0.01217) MF=OK(active=20/20,min=-4.326e-14,slack=+3.906e-12)
[RMPCC 0060] OK solve=134.5ms pose=(0.428,0.579,0.512) u=(0.126,-0.003) s=0.571 PSDFmin=+0.005528 G=OK(+0.009391) MF=OK(active=20/20,min=+1.489e-15,slack=+9.483e-15)
[RMPCC 0061] OK solve=136.6ms pose=(0.439,0.585,0.512) u=(0.142,-0.026) s=0.583 PSDFmin=-0.0003342 G=OK(+0.009559) MF=OK(active=20/20,min=+1.244e-11,slack=+2.389e-11)
[RMPCC 0062] OK solve=138.7ms pose=(0.451,0.592,0.509) u=(0.147,-0.214) s=0.601 PSDFmin=+0.009411 G=OK(+0.00816) MF=OK(active=19/20,min=-1.461e-12,slack=+3.512e-11)
[RMPCC 0063] OK solve=129.7ms pose=(0.464,0.600,0.487) u=(0.164,0.068) s=0.621 PSDFmin=-0.008836 G=OK(+0.008003) MF=OK(active=20/20,min=+4.174e-13,slack=+1.101e-13)
[RMPCC 0064] OK solve=138.7ms pose=(0.478,0.607,0.494) u=(0.149,-0.321) s=0.627 PSDFmin=+0.008698 G=OK(+0.007555) MF=OK(active=15/20,min=-1.098e-12,slack=+1.849e-11)
[RMPCC 0065] OK solve=146.0ms pose=(0.491,0.614,0.462) u=(0.212,-0.000) s=0.645 PSDFmin=-0.0004915 G=OK(+0.001642) MF=OK(active=20/20,min=+1.11e-10,slack=+5.772e-11)
[RMPCC 0066] OK solve=277.3ms pose=(0.510,0.624,0.462) u=(0.154,-0.951) s=0.669 PSDFmin=-0.01476 G=OK(+4.996e-16) MF=OK(active=16/20,min=+5.294e-14,slack=+1.879e-14)
[RMPCC 0067] OK solve=259.4ms pose=(0.524,0.631,0.367) u=(0.132,-0.469) s=0.678 PSDFmin=-0.00587 G=OK(+1.443e-15) MF=OK(active=3/20,min=+9.832e-11,slack=+1.414e-13)
[RMPCC 0068] OK solve=132.1ms pose=(0.536,0.635,0.320) u=(0.179,-0.133) s=0.696 PSDFmin=-0.01284 G=OK(+0.006674) MF=OK(active=15/20,min=+4.933e-11,slack=+1.667e-11)
[RMPCC 0069] OK solve=263.5ms pose=(0.553,0.641,0.307) u=(0.169,0.250) s=0.709 PSDFmin=-0.01049 G=OK(+5.995e-15) MF=OK(active=19/20,min=+1.313e-14,slack=+0.1081)
[RMPCC 0070] OK solve=269.9ms pose=(0.570,0.646,0.332) u=(0.143,0.068) s=0.726 PSDFmin=-0.007771 G=OK(+3.89e-13) MF=OK(active=7/20,min=+5.768e-14,slack=+3.721e-13)
[RMPCC 0071] OK solve=141.7ms pose=(0.583,0.651,0.339) u=(0.179,-0.805) s=0.741 PSDFmin=+0.001036 G=OK(+1.188e-11) MF=OK(active=17/20,min=+2.025e-10,slack=+3.962e-11)
[RMPCC 0072] OK solve=276.2ms pose=(0.600,0.657,0.258) u=(0.098,-0.395) s=0.759 PSDFmin=+0.009486 G=OK(+0.009339) MF=OK(active=20/20,min=+8.386e-12,slack=+0.2974)
[RMPCC 0073] OK solve=431.5ms pose=(0.609,0.659,0.219) u=(0.154,-0.728) s=0.768 PSDFmin=-0.03186 G=OK(+0.01085) MF=OK(active=18/20,min=+8.751e-15,slack=+5.198e-15)
[RMPCC 0074] OK solve=269.1ms pose=(0.624,0.662,0.146) u=(0.117,-0.328) s=0.784 PSDFmin=-0.007983 G=OK(+3.942e-11) MF=OK(active=15/20,min=-2.855e-11,slack=+2.391e-10)
[RMPCC 0075] OK solve=136.0ms pose=(0.636,0.664,0.113) u=(0.111,-0.379) s=0.795 PSDFmin=-0.02291 G=OK(+0.01445) MF=OK(active=12/20,min=+4.731e-14,slack=+7.102e-15)
[RMPCC 0076] OK solve=129.9ms pose=(0.647,0.665,0.075) u=(0.141,-0.077) s=0.806 PSDFmin=-0.001071 G=OK(+9.182e-14) MF=OK(active=15/20,min=+1.867e-14,slack=+6.953e-14)
[RMPCC 0077] OK solve=130.6ms pose=(0.661,0.667,0.068) u=(0.206,-0.503) s=0.817 PSDFmin=+0.005497 G=OK(+0.006699) MF=OK(active=17/20,min=+2.706e-15,slack=+1.336e-14)
[RMPCC 0078] OK solve=259.5ms pose=(0.682,0.668,0.017) u=(0.130,-0.191) s=0.837 PSDFmin=+0.004422 G=OK(+0.00468) MF=OK(active=20/20,min=-1.363e-15,slack=+0.0208)
[RMPCC 0079] OK solve=412.6ms pose=(0.695,0.668,-0.002) u=(0.065,-0.666) s=0.850 PSDFmin=-0.007478 G=OK(+1.074e-13) MF=OK(active=16/20,min=+1.074e-12,slack=+1.716e-11)
[RMPCC 0080] OK solve=264.2ms pose=(0.701,0.668,-0.068) u=(0.097,-0.292) s=0.857 PSDFmin=+0.0002103 G=OK(+3.109e-15) MF=OK(active=14/20,min=+1.439e-13,slack=+1.596e-14)
[RMPCC 0081] OK solve=275.4ms pose=(0.711,0.667,-0.098) u=(0.064,-0.309) s=0.866 PSDFmin=+0.002094 G=OK(+9.507e-10) MF=OK(active=17/20,min=+1.832e-09,slack=+4.416e-10)
[RMPCC 0082] OK solve=541.1ms pose=(0.717,0.667,-0.129) u=(0.122,-0.163) s=0.873 PSDFmin=+0.01023 G=OK(+0.009583) MF=OK(active=18/20,min=+1.118e-14,slack=+8.31e-15)
[RMPCC 0083] OK solve=470.8ms pose=(0.729,0.665,-0.145) u=(0.061,-0.949) s=0.883 PSDFmin=+0.001173 G=OK(+0.001838) MF=OK(active=19/20,min=+4.172e-13,slack=+1.081e-13)
[RMPCC 0084] OK solve=511.1ms pose=(0.735,0.664,-0.240) u=(0.053,-0.462) s=0.891 PSDFmin=+0.001242 G=OK(+0.003784) MF=OK(active=19/20,min=+4.069e-13,slack=+4.211e-13)
[RMPCC 0085] OK solve=476.3ms pose=(0.740,0.663,-0.286) u=(0.065,-0.357) s=0.896 PSDFmin=-0.0005149 G=OK(+0.006903) MF=OK(active=18/20,min=+6.325e-12,slack=+2.209e-12)
[RMPCC 0086] OK solve=472.3ms pose=(0.747,0.661,-0.322) u=(0.122,-0.382) s=0.900 PSDFmin=-0.004203 G=OK(+1.252e-10) MF=OK(active=17/20,min=+1.587e-09,slack=+4.999e-10)
[RMPCC 0087] OK solve=478.3ms pose=(0.758,0.657,-0.360) u=(0.076,-1.023) s=0.914 PSDFmin=+0.004136 G=OK(+1.957e-11) MF=OK(active=11/20,min=+1.297e-10,slack=+6.335e-11)
[RMPCC 0088] OK solve=429.2ms pose=(0.765,0.655,-0.462) u=(0.061,-0.492) s=0.921 PSDFmin=+0.009541 G=OK(+2.301e-13) MF=OK(active=18/20,min=+5.065e-13,slack=+2.82e-13)
[RMPCC 0089] OK solve=474.3ms pose=(0.771,0.652,-0.511) u=(0.053,-0.310) s=0.929 PSDFmin=-0.00802 G=OK(+0.009081) MF=OK(active=19/20,min=+5.586e-15,slack=+2.034e-15)
[RMPCC 0090] OK solve=389.9ms pose=(0.776,0.649,-0.542) u=(0.084,-0.133) s=0.934 PSDFmin=-0.002406 G=OK(+1.578e-08) MF=OK(active=14/20,min=+2.335e-12,slack=+2.677e-12)
[RMPCC 0091] OK solve=511.6ms pose=(0.783,0.645,-0.556) u=(0.042,-1.200) s=0.942 PSDFmin=-0.05634 G=OK(+3.73e-14) MF=OK(active=12/20,min=+6.972e-14,slack=+0.3823)
[RMPCC 0092] OK solve=281.0ms pose=(0.786,0.643,-0.676) u=(0.137,-0.599) s=0.946 PSDFmin=-0.004605 G=OK(+0.003036) MF=OK(active=4/20,min=+0.02244,slack=+4.593e-12)
[RMPCC 0093] OK solve=135.1ms pose=(0.797,0.634,-0.736) u=(0.071,-0.295) s=0.960 PSDFmin=-0.01515 G=OK(+0.008416) MF=OK(active=14/20,min=+8.916e-11,slack=+3.945e-11)
[RMPCC 0094] OK solve=135.3ms pose=(0.802,0.630,-0.765) u=(0.035,-0.625) s=0.967 PSDFmin=-0.008528 G=OK(+0.001842) MF=OK(active=10/20,min=+3.237e-08,slack=+4.636e-08)
[RMPCC 0095] OK solve=143.1ms pose=(0.805,0.627,-0.827) u=(0.114,-0.363) s=0.971 PSDFmin=-0.03287 G=OK(+0.0007781) MF=OK(active=11/20,min=+1.073e-13,slack=+1.492e-13)
[RMPCC 0096] OK solve=287.3ms pose=(0.812,0.619,-0.864) u=(0.105,-0.477) s=0.982 PSDFmin=-0.01071 G=OK(+8.66e-15) MF=OK(active=8/20,min=+4.718e-13,slack=+1.703e-14)
[RMPCC 0097] OK solve=263.1ms pose=(0.819,0.611,-0.911) u=(0.057,-0.233) s=0.995 PSDFmin=-0.0295 G=OK(+0.00907) MF=OK(active=13/20,min=+3.849e-15,slack=+2.888e-15)
[RMPCC 0098] OK solve=132.1ms pose=(0.823,0.606,-0.935) u=(0.088,-0.051) s=0.998 PSDFmin=-0.008006 G=OK(+0.001928) MF=OK(active=6/20,min=+2.397e-11,slack=+1.042e-11)
[RMPCC 0099] OK solve=141.9ms pose=(0.828,0.599,-0.940) u=(0.226,1.015) s=1.012 PSDFmin=-0.03642 G=OK(+0.005195) MF=OK(active=13/20,min=+2.474e-12,slack=+3.311e-12)
[RMPCC 0100] OK solve=146.1ms pose=(0.841,0.581,-0.838) u=(0.113,0.882) s=1.030 PSDFmin=-0.0008887 G=OK(-2.22e-16) MF=OK(active=4/20,min=+3.233e-12,slack=+1.349e-13)
[RMPCC 0101] OK solve=142.6ms pose=(0.849,0.573,-0.750) u=(0.175,0.386) s=1.039 PSDFmin=-0.02577 G=OK(+0.007747) MF=OK(active=16/20,min=+5.027e-13,slack=+5.748e-13)
[RMPCC 0102] OK solve=142.3ms pose=(0.862,0.561,-0.712) u=(0.097,1.200) s=1.056 PSDFmin=+0.007003 G=OK(+0.00758) MF=OK(active=5/20,min=+0.08146,slack=+3.052e-15)
[RMPCC 0103] OK solve=132.5ms pose=(0.869,0.554,-0.592) u=(0.130,0.563) s=1.066 PSDFmin=-0.006606 G=OK(+0.00877) MF=OK(active=20/20,min=+3.416e-12,slack=+2.135e-12)
[RMPCC 0104] OK solve=132.1ms pose=(0.880,0.547,-0.535) u=(0.069,1.167) s=1.079 PSDFmin=+0.0006694 G=OK(+0.01043) MF=OK(active=14/20,min=+1.015e-12,slack=+9.293e-15)
[RMPCC 0105] OK solve=137.3ms pose=(0.886,0.543,-0.419) u=(0.138,0.723) s=1.086 PSDFmin=-0.00184 G=OK(+0.0115) MF=OK(active=19/20,min=+4.231e-12,slack=+1.976e-12)
[RMPCC 0106] OK solve=135.3ms pose=(0.898,0.538,-0.346) u=(0.083,1.084) s=1.099 PSDFmin=-0.008581 G=OK(+0.01457) MF=OK(active=19/20,min=+2.193e-11,slack=+6.239e-13)
[RMPCC 0107] OK solve=132.1ms pose=(0.906,0.535,-0.238) u=(0.083,0.513) s=1.107 PSDFmin=-0.01259 G=OK(+0.002721) MF=OK(active=8/20,min=+7.902e-10,slack=+3.241e-11)
[RMPCC 0108] OK solve=263.7ms pose=(0.914,0.533,-0.187) u=(0.074,0.970) s=1.112 PSDFmin=-0.006595 G=OK(+8.127e-14) MF=OK(active=18/20,min=+5.658e-13,slack=+0.01251)
[RMPCC 0109] OK solve=398.4ms pose=(0.922,0.532,-0.090) u=(0.073,0.905) s=1.115 PSDFmin=-0.00416 G=OK(+0.01848) MF=OK(active=16/20,min=+9.465e-10,slack=+6.313e-10)
[RMPCC 0110] OK solve=274.2ms pose=(0.929,0.531,0.001) u=(0.065,0.745) s=1.125 PSDFmin=-0.01996 G=OK(+0.01278) MF=OK(active=12/20,min=+5.096e-09,slack=+2.035e-09)
[RMPCC 0111] OK solve=147.3ms pose=(0.935,0.531,0.075) u=(0.050,0.549) s=1.129 PSDFmin=-0.01734 G=OK(+3.293e-13) MF=OK(active=18/20,min=+3.514e-12,slack=+2.621e-12)
[RMPCC 0112] OK solve=152.5ms pose=(0.940,0.531,0.130) u=(0.086,0.402) s=1.138 PSDFmin=-0.03153 G=OK(+0.008471) MF=OK(active=14/20,min=+7.376e-13,slack=+3.563e-11)
[RMPCC 0113] OK solve=265.3ms pose=(0.949,0.533,0.170) u=(0.043,0.201) s=1.142 PSDFmin=-0.01343 G=OK(+5.736e-12) MF=OK(active=17/20,min=+1.772e-10,slack=+4.364e-11)
[RMPCC 0114] OK solve=276.2ms pose=(0.953,0.533,0.190) u=(0.095,0.255) s=1.146 PSDFmin=-0.02941 G=OK(+0.003813) MF=OK(active=13/20,min=+1.823e-09,slack=+3.291e-10)
[RMPCC 0115] OK solve=285.7ms pose=(0.962,0.535,0.216) u=(0.047,0.128) s=1.155 PSDFmin=-0.004822 G=OK(+2.22e-16) MF=OK(active=14/20,min=+6.807e-15,slack=+0.05164)
[RMPCC 0116] OK solve=267.8ms pose=(0.967,0.536,0.229) u=(0.084,-0.120) s=1.160 PSDFmin=-0.02419 G=OK(+0.0009706) MF=OK(active=13/20,min=+1.632e-12,slack=+6.458e-13)
[RMPCC 0117] OK solve=140.1ms pose=(0.975,0.538,0.217) u=(0.042,-0.754) s=1.168 PSDFmin=-0.0007581 G=OK(+1.578e-10) MF=OK(active=15/20,min=+2.682e-09,slack=+4.81e-10)
[RMPCC 0118] OK solve=136.6ms pose=(0.979,0.539,0.141) u=(0.100,-0.342) s=1.172 PSDFmin=-0.01607 G=OK(+1.323e-13) MF=OK(active=13/20,min=+2.776e-12,slack=+5.688e-13)
[RMPCC 0119] OK solve=269.3ms pose=(0.989,0.540,0.107) u=(0.050,-0.402) s=1.182 PSDFmin=-0.000743 G=OK(+3.638e-09) MF=OK(active=13/20,min=+4.733e-08,slack=+8.004e-09)
[RMPCC 0120] OK solve=402.6ms pose=(0.994,0.541,0.067) u=(0.133,-0.454) s=1.187 PSDFmin=-0.007252 G=OK(+2.554e-15) MF=OK(active=14/20,min=+1.518e-14,slack=+0.2261)
[RMPCC 0121] OK solve=399.6ms pose=(1.007,0.542,0.022) u=(0.096,-0.158) s=1.200 PSDFmin=-0.006516 G=OK(+0) MF=OK(active=13/20,min=+2.549e-14,slack=+4.171e-15)
[RMPCC 0122] OK solve=395.8ms pose=(1.017,0.542,0.006) u=(0.134,0.261) s=1.210 PSDFmin=+0.006621 G=OK(+0.003719) MF=OK(active=18/20,min=+3.115e-12,slack=+7.778e-13)
[RMPCC 0123] OK solve=406.3ms pose=(1.030,0.542,0.032) u=(0.073,1.156) s=1.224 PSDFmin=+0.004981 G=OK(+0.0003197) MF=OK(active=14/20,min=+7.392e-09,slack=+6.699e-09)
[RMPCC 0124] OK solve=415.0ms pose=(1.038,0.542,0.147) u=(0.109,0.541) s=1.231 PSDFmin=-0.02362 G=OK(+0.004341) MF=OK(active=13/20,min=+8.084e-09,slack=+1.157e-09)
[RMPCC 0125] OK solve=317.9ms pose=(1.048,0.544,0.202) u=(0.054,0.869) s=1.242 PSDFmin=+0.001303 G=OK(+1.549e-12) MF=OK(active=13/20,min=+4.8e-13,slack=+4.974e-13)
[RMPCC 0126] OK solve=276.7ms pose=(1.054,0.545,0.289) u=(0.059,0.868) s=1.247 PSDFmin=+0.00385 G=OK(+0.003557) MF=OK(active=20/20,min=+4.946e-15,slack=+1.393e-15)
[RMPCC 0127] OK solve=410.9ms pose=(1.059,0.547,0.375) u=(0.095,0.395) s=1.256 PSDFmin=-0.009489 G=OK(+0.002625) MF=OK(active=19/20,min=+3.219e-10,slack=+1.419e-10)
[RMPCC 0128] OK solve=409.6ms pose=(1.068,0.550,0.415) u=(0.091,1.109) s=1.265 PSDFmin=+0.006101 G=OK(+0.0002633) MF=OK(active=9/20,min=+4.559e-14,slack=+2.957e-15)
[RMPCC 0129] OK solve=259.8ms pose=(1.077,0.554,0.526) u=(0.084,0.529) s=1.274 PSDFmin=-0.003863 G=OK(+8.259e-13) MF=OK(active=19/20,min=-6.156e-13,slack=+5.317e-12)
[RMPCC 0130] OK solve=285.4ms pose=(1.084,0.558,0.579) u=(0.042,0.448) s=1.282 PSDFmin=-0.002201 G=OK(+0.005253) MF=OK(active=15/20,min=+8.509e-10,slack=+3.297e-10)
[RMPCC 0131] OK solve=281.9ms pose=(1.087,0.560,0.623) u=(0.104,0.514) s=1.287 PSDFmin=+0.002486 G=OK(+0.00706) MF=OK(active=14/20,min=+2.406e-10,slack=+3.976e-11)
[RMPCC 0132] OK solve=277.8ms pose=(1.096,0.566,0.675) u=(0.057,0.424) s=1.297 PSDFmin=+0.006747 G=OK(+1.218e-12) MF=OK(active=20/20,min=+1.569e-11,slack=+1.705e-12)
[RMPCC 0133] OK solve=410.3ms pose=(1.100,0.570,0.717) u=(0.028,0.945) s=1.302 PSDFmin=-0.01728 G=OK(+3.653e-13) MF=OK(active=19/20,min=+1.684e-12,slack=+1.554e-12)
[RMPCC 0134] OK solve=402.4ms pose=(1.102,0.572,0.812) u=(0.106,0.629) s=1.306 PSDFmin=-0.0003475 G=OK(+0.002416) MF=OK(active=10/20,min=+4.415e-09,slack=+3.475e-09)
[RMPCC 0135] OK solve=273.4ms pose=(1.110,0.579,0.875) u=(0.053,0.467) s=1.316 PSDFmin=-0.005741 G=OK(+0.007705) MF=OK(active=17/20,min=+9.099e-14,slack=+1.398e-12)
[RMPCC 0136] OK solve=131.6ms pose=(1.113,0.583,0.921) u=(0.062,0.332) s=1.321 PSDFmin=-0.01073 G=OK(+8.135e-08) MF=OK(active=16/20,min=+2e-14,slack=+6.321e-15)
[RMPCC 0137] OK solve=140.8ms pose=(1.117,0.588,0.955) u=(0.063,0.140) s=1.327 PSDFmin=+0.006854 G=OK(+0.007132) MF=OK(active=12/20,min=+1.106e-11,slack=+3.068e-13)
[RMPCC 0138] OK solve=280.7ms pose=(1.121,0.594,0.968) u=(0.096,-0.049) s=1.333 PSDFmin=-0.05196 G=OK(+2.22e-16) MF=OK(active=20/20,min=+2.104e-15,slack=+0.2114)
[RMPCC 0139] OK solve=407.3ms pose=(1.126,0.601,0.964) u=(0.081,-0.600) s=1.342 PSDFmin=+0.0005463 G=OK(+0.001704) MF=OK(active=4/20,min=+5.75e-12,slack=+1.789e-13)
[RMPCC 0140] OK solve=418.7ms pose=(1.131,0.608,0.904) u=(0.165,-0.566) s=1.350 PSDFmin=-0.004299 G=OK(+0.006246) MF=OK(active=18/20,min=+1.162e-12,slack=+1.282e-13)
[RMPCC 0141] OK solve=415.4ms pose=(1.141,0.621,0.847) u=(0.100,-1.200) s=1.366 PSDFmin=-0.004522 G=OK(+0.001374) MF=OK(active=11/20,min=+4.819e-11,slack=+4.426e-12)
[RMPCC 0142] OK solve=274.5ms pose=(1.147,0.629,0.727) u=(0.165,-0.565) s=1.376 PSDFmin=-0.002104 G=OK(+0.008478) MF=OK(active=10/20,min=+2.121e-12,slack=+4.407e-13)
[RMPCC 0143] OK solve=270.9ms pose=(1.160,0.639,0.671) u=(0.138,-1.200) s=1.392 PSDFmin=-0.05719 G=OK(+0.008234) MF=OK(active=14/20,min=+1.194e-12,slack=+7.286e-13)
[RMPCC 0144] OK solve=275.8ms pose=(1.171,0.648,0.551) u=(0.096,-0.628) s=1.406 PSDFmin=+0.01171 G=OK(+0.01022) MF=OK(active=7/20,min=+9.991e-10,slack=+8.481e-12)
[RMPCC 0145] OK solve=268.6ms pose=(1.179,0.653,0.488) u=(0.213,-0.148) s=1.415 PSDFmin=-0.03445 G=OK(+0.0002128) MF=OK(active=20/20,min=+1.246e-12,slack=+0.08599)
[RMPCC 0146] OK solve=386.1ms pose=(1.198,0.663,0.473) u=(0.107,-0.992) s=1.436 PSDFmin=-0.01328 G=OK(+9.893e-13) MF=OK(active=10/20,min=+2.325e-12,slack=+1.614e-12)
[RMPCC 0147] OK solve=263.6ms pose=(1.207,0.668,0.374) u=(0.068,-1.020) s=1.447 PSDFmin=+0.01363 G=OK(+0.01507) MF=OK(active=14/20,min=+1.108e-12,slack=+1.626e-13)
[RMPCC 0148] OK solve=264.2ms pose=(1.213,0.670,0.272) u=(0.177,-0.420) s=1.449 PSDFmin=+0.005052 G=OK(+0.01353) MF=OK(active=20/20,min=+1.392e-14,slack=+1.445e-14)
[RMPCC 0149] OK solve=265.2ms pose=(1.230,0.675,0.230) u=(0.089,-0.626) s=1.463 PSDFmin=-0.007286 G=OK(+0.01518) MF=OK(active=19/20,min=+1.535e-15,slack=+3.173e-14)
[RMPCC 0150] OK solve=137.2ms pose=(1.239,0.677,0.167) u=(0.095,-0.518) s=1.476 PSDFmin=+0.008339 G=OK(+0.007079) MF=OK(active=14/20,min=+3.973e-13,slack=+3.36e-14)
[RMPCC 0151] OK solve=157.1ms pose=(1.248,0.679,0.115) u=(0.069,-0.229) s=1.482 PSDFmin=-0.003678 G=OK(+0.01688) MF=OK(active=20/20,min=+7.015e-15,slack=+7.903e-15)
[RMPCC 0152] OK solve=157.7ms pose=(1.255,0.680,0.092) u=(0.110,-0.184) s=1.490 PSDFmin=-0.009292 G=OK(+0.01301) MF=OK(active=18/20,min=+6.214e-09,slack=+6.676e-10)
[RMPCC 0153] OK solve=154.3ms pose=(1.266,0.681,0.074) u=(0.113,-0.335) s=1.505 PSDFmin=+0.003023 G=OK(+0.0004198) MF=OK(active=11/20,min=+8.057e-12,slack=+3.059e-12)
[RMPCC 0154] OK solve=146.1ms pose=(1.277,0.681,0.040) u=(0.079,-0.121) s=1.511 PSDFmin=+0.003928 G=OK(+0.0174) MF=OK(active=20/20,min=+3.048e-10,slack=+2.591e-10)
[RMPCC 0155] OK solve=135.9ms pose=(1.285,0.682,0.028) u=(0.099,-0.092) s=1.521 PSDFmin=-0.01833 G=OK(+0.01068) MF=OK(active=20/20,min=+1.668e-13,slack=+1.295e-13)
[RMPCC 0156] OK solve=149.5ms pose=(1.295,0.682,0.019) u=(0.124,0.039) s=1.528 PSDFmin=-0.01254 G=OK(+5.007e-14) MF=OK(active=8/20,min=+5.63e-10,slack=+1.512e-11)
[RMPCC 0157] OK solve=159.2ms pose=(1.308,0.682,0.023) u=(0.118,-0.458) s=1.541 PSDFmin=-0.004504 G=OK(+1.554e-15) MF=OK(active=13/20,min=+2.941e-14,slack=+8.091e-15)
[RMPCC 0158] OK solve=150.3ms pose=(1.319,0.683,-0.023) u=(0.122,-0.223) s=1.553 PSDFmin=-0.03044 G=OK(+0.008393) MF=OK(active=14/20,min=+3.305e-10,slack=+7.369e-11)
[RMPCC 0159] OK solve=144.8ms pose=(1.332,0.682,-0.045) u=(0.134,-0.181) s=1.565 PSDFmin=+0.004652 G=OK(+9.415e-14) MF=OK(active=17/20,min=+2.525e-12,slack=+4.395e-13)
[RMPCC 0160] OK solve=131.7ms pose=(1.345,0.682,-0.063) u=(0.177,0.180) s=1.578 PSDFmin=+0.009779 G=OK(+0.01803) MF=OK(active=20/20,min=+5.626e-14,slack=+0.01354)
[RMPCC 0161] OK solve=292.5ms pose=(1.363,0.681,-0.045) u=(0.208,0.295) s=1.594 PSDFmin=-0.002933 G=OK(+0.01276) MF=OK(active=20/20,min=+3.8e-10,slack=+1.028e-10)
[RMPCC 0162] OK solve=303.2ms pose=(1.384,0.680,-0.016) u=(0.211,-0.068) s=1.615 PSDFmin=-0.001656 G=OK(+2.887e-15) MF=OK(active=16/20,min=+4.898e-14,slack=+3.122e-14)
[RMPCC 0163] OK solve=146.6ms pose=(1.405,0.679,-0.022) u=(0.131,0.262) s=1.636 PSDFmin=-0.0004871 G=OK(+4.843e-11) MF=OK(active=17/20,min=+1.838e-09,slack=+5.403e-10)
[RMPCC 0164] OK solve=146.1ms pose=(1.418,0.679,0.004) u=(0.125,0.083) s=1.650 PSDFmin=+0.008261 G=OK(+0.02055) MF=OK(active=12/20,min=+2.003e-14,slack=+6.212e-15)
[RMPCC 0165] OK solve=322.9ms pose=(1.430,0.679,0.012) u=(0.151,0.468) s=1.662 PSDFmin=-0.0002432 G=OK(+0.00472) MF=OK(active=20/20,min=-5.233e-13,slack=+1.645e-11)
[RMPCC 0166] OK solve=439.6ms pose=(1.445,0.679,0.059) u=(0.086,0.278) s=1.677 PSDFmin=+0.004564 G=OK(+0.01298) MF=OK(active=18/20,min=+2.142e-14,slack=+3.659e-15)
[RMPCC 0167] OK solve=433.6ms pose=(1.454,0.680,0.087) u=(0.109,0.394) s=1.686 PSDFmin=+0.003715 G=OK(+6.539e-13) MF=OK(active=17/20,min=+2.215e-12,slack=+7.065e-13)
[RMPCC 0168] OK solve=480.5ms pose=(1.465,0.681,0.126) u=(0.063,0.182) s=1.691 PSDFmin=+0.01097 G=OK(+0.00887) MF=OK(active=18/20,min=+4.25e-11,slack=+1.526e-11)
[RMPCC 0169] OK solve=462.2ms pose=(1.471,0.681,0.144) u=(0.087,0.734) s=1.703 PSDFmin=+0.008786 G=OK(+0.00563) MF=OK(active=18/20,min=+1.503e-12,slack=+1.135e-12)
[RMPCC 0170] OK solve=420.0ms pose=(1.480,0.683,0.218) u=(0.072,0.504) s=1.712 PSDFmin=-0.0004542 G=OK(+0.003853) MF=OK(active=18/20,min=+6.06e-14,slack=+1.086e-14)
[RMPCC 0171] OK solve=405.7ms pose=(1.487,0.684,0.268) u=(0.061,0.567) s=1.718 PSDFmin=-0.002045 G=OK(+2.398e-14) MF=OK(active=18/20,min=+1.265e-13,slack=+1.132e-13)
[RMPCC 0172] OK solve=399.0ms pose=(1.493,0.686,0.325) u=(0.076,0.540) s=1.721 PSDFmin=+0.002123 G=OK(+0.005247) MF=OK(active=15/20,min=+7.01e-13,slack=+2.284e-13)
[RMPCC 0173] OK solve=394.2ms pose=(1.500,0.688,0.379) u=(0.086,0.212) s=1.732 PSDFmin=+0.0003811 G=OK(+0.007094) MF=OK(active=16/20,min=+1.844e-10,slack=+1.158e-10)
[RMPCC 0174] OK solve=432.8ms pose=(1.508,0.691,0.400) u=(0.060,0.463) s=1.741 PSDFmin=-0.00126 G=OK(+0.002096) MF=OK(active=17/20,min=+7.531e-08,slack=+8.75e-09)
[RMPCC 0175] OK solve=401.6ms pose=(1.513,0.694,0.446) u=(0.078,0.983) s=1.746 PSDFmin=+0.002228 G=OK(+0.005826) MF=OK(active=14/20,min=+6.892e-14,slack=+8.528e-15)
[RMPCC 0176] OK solve=451.2ms pose=(1.520,0.697,0.545) u=(0.044,0.488) s=1.755 PSDFmin=-0.007956 G=OK(+0.008711) MF=OK(active=17/20,min=+8.063e-12,slack=+4.859e-12)
[RMPCC 0177] OK solve=409.0ms pose=(1.524,0.699,0.593) u=(0.101,0.508) s=1.759 PSDFmin=+0.004603 G=OK(+0.003923) MF=OK(active=16/20,min=+1.876e-09,slack=+1.111e-10)
[RMPCC 0178] OK solve=446.1ms pose=(1.533,0.705,0.644) u=(0.050,0.739) s=1.770 PSDFmin=-0.002637 G=OK(+0.00913) MF=OK(active=18/20,min=+7.258e-11,slack=+1.686e-11)
[RMPCC 0179] OK solve=285.6ms pose=(1.537,0.708,0.718) u=(0.085,0.508) s=1.778 PSDFmin=+0.0006089 G=OK(+0.009338) MF=OK(active=15/20,min=+1.56e-12,slack=+5.546e-13)
[RMPCC 0180] OK solve=277.8ms pose=(1.543,0.714,0.769) u=(0.043,0.254) s=1.783 PSDFmin=+0.007242 G=OK(+0.0101) MF=OK(active=19/20,min=+1.204e-08,slack=+1.145e-09)
[RMPCC 0181] OK solve=279.1ms pose=(1.546,0.717,0.794) u=(0.093,0.110) s=1.792 PSDFmin=-0.02311 G=OK(+3.666e-13) MF=OK(active=19/20,min=+1.476e-14,slack=+6.745e-15)
[RMPCC 0182] OK solve=148.5ms pose=(1.553,0.723,0.805) u=(0.061,0.264) s=1.796 PSDFmin=+0.007506 G=OK(+0.005227) MF=OK(active=18/20,min=+2.786e-09,slack=+3.073e-10)
[RMPCC 0183] OK solve=145.1ms pose=(1.557,0.728,0.832) u=(0.193,0.091) s=1.807 PSDFmin=+0.000796 G=OK(+1.831e-10) MF=OK(active=20/20,min=+6.861e-11,slack=+4.199e-11)
[RMPCC 0184] OK solve=284.5ms pose=(1.570,0.742,0.841) u=(0.096,0.045) s=1.823 PSDFmin=+0.0007898 G=OK(+0.00577) MF=OK(active=19/20,min=+1.473e-10,slack=+1.133e-11)
[RMPCC 0185] OK solve=286.5ms pose=(1.576,0.749,0.845) u=(0.200,-0.604) s=1.839 PSDFmin=-0.005447 G=OK(+1.155e-14) MF=OK(active=17/20,min=+1.459e-13,slack=+5.59e-14)
[RMPCC 0186] OK solve=149.8ms pose=(1.589,0.764,0.785) u=(0.113,-0.809) s=1.857 PSDFmin=-0.0016 G=OK(+6.217e-15) MF=OK(active=10/20,min=+2.014e-13,slack=+1.5e-13)
[RMPCC 0187] OK solve=132.1ms pose=(1.597,0.772,0.704) u=(0.111,-0.375) s=1.862 PSDFmin=-0.001824 G=OK(+0.003455) MF=OK(active=13/20,min=+1.263e-14,slack=+2.625e-15)
[RMPCC 0188] OK solve=276.0ms pose=(1.606,0.779,0.666) u=(0.067,-0.172) s=1.876 PSDFmin=-0.003074 G=OK(+0.003746) MF=OK(active=14/20,min=+1.695e-12,slack=+0.3734)
[RMPCC 0189] OK solve=266.7ms pose=(1.611,0.783,0.649) u=(0.085,0.013) s=1.879 PSDFmin=-0.0127 G=OK(+0.004082) MF=OK(active=16/20,min=+5.484e-13,slack=+7.492e-13)
[RMPCC 0190] OK solve=135.4ms pose=(1.618,0.789,0.651) u=(0.060,-0.603) s=1.888 PSDFmin=-0.01665 G=OK(+1.177e-14) MF=OK(active=16/20,min=+4.398e-13,slack=+7.79e-14)
[RMPCC 0191] OK solve=141.1ms pose=(1.623,0.792,0.590) u=(0.074,-0.276) s=1.897 PSDFmin=-0.002441 G=OK(+2.354e-14) MF=OK(active=7/20,min=+8.236e-13,slack=+8.153e-14)
[RMPCC 0192] OK solve=272.4ms pose=(1.629,0.796,0.563) u=(0.037,-0.138) s=1.901 PSDFmin=-0.04352 G=OK(+0.00452) MF=OK(active=15/20,min=+4.209e-09,slack=+0.1387)
[RMPCC 0193] OK solve=396.2ms pose=(1.632,0.798,0.549) u=(0.084,-0.936) s=1.905 PSDFmin=-0.03306 G=OK(+0.005277) MF=OK(active=15/20,min=+5.694e-09,slack=+4.671e-11)
[RMPCC 0194] OK solve=278.6ms pose=(1.639,0.803,0.455) u=(0.100,-0.433) s=1.913 PSDFmin=-9.58e-05 G=OK(+9.326e-15) MF=OK(active=9/20,min=+2.656e-13,slack=+5.951e-14)
[RMPCC 0195] OK solve=282.2ms pose=(1.648,0.807,0.412) u=(0.050,-0.216) s=1.923 PSDFmin=-0.02137 G=OK(+2.22e-16) MF=OK(active=17/20,min=+1.11e-16,slack=+0.3106)
[RMPCC 0196] OK solve=418.2ms pose=(1.653,0.809,0.390) u=(0.078,-0.963) s=1.928 PSDFmin=-0.02915 G=OK(+0.009675) MF=OK(active=15/20,min=+1.529e-10,slack=+1.199e-11)
[RMPCC 0197] OK solve=277.2ms pose=(1.660,0.812,0.294) u=(0.101,-0.565) s=1.935 PSDFmin=-0.004926 G=OK(+0) MF=OK(active=8/20,min=+3.779e-14,slack=+2.263e-15)
[RMPCC 0198] OK solve=271.5ms pose=(1.669,0.815,0.237) u=(0.097,-0.219) s=1.940 PSDFmin=-0.01811 G=OK(+2.398e-14) MF=OK(active=18/20,min=+1.095e-13,slack=+0.0986)
[RMPCC 0199] OK solve=412.8ms pose=(1.679,0.817,0.216) u=(0.095,-0.778) s=1.952 PSDFmin=-0.02783 G=OK(+0.009781) MF=OK(active=15/20,min=+2.053e-09,slack=+1.052e-09)
[RMPCC 0200] OK solve=282.6ms pose=(1.688,0.819,0.138) u=(0.078,-0.409) s=1.959 PSDFmin=-0.01327 G=OK(+3.397e-14) MF=OK(active=6/20,min=+1.784e-09,slack=+1.972e-11)
[RMPCC 0201] OK solve=151.9ms pose=(1.696,0.820,0.097) u=(0.119,-0.095) s=1.966 PSDFmin=+0.001643 G=OK(+1.655e-09) MF=OK(active=11/20,min=+4.917e-11,slack=+0.069)
[RMPCC 0202] OK solve=279.2ms pose=(1.708,0.821,0.087) u=(0.094,-0.559) s=1.978 PSDFmin=-0.000731 G=OK(+1.932e-14) MF=OK(active=20/20,min=+1.862e-13,slack=+0.1061)
[RMPCC 0203] OK solve=387.5ms pose=(1.717,0.822,0.031) u=(0.107,-0.205) s=1.988 PSDFmin=-0.003951 G=OK(+0.006559) MF=OK(active=15/20,min=+2.046e-12,slack=+1.051e-12)
[RMPCC 0204] OK solve=405.6ms pose=(1.728,0.823,0.011) u=(0.084,-0.390) s=1.995 PSDFmin=-0.0002616 G=OK(+0.01795) MF=OK(active=14/20,min=+8.605e-14,slack=+7.184e-14)
[RMPCC 0205] OK solve=401.1ms pose=(1.736,0.823,-0.028) u=(0.099,-0.315) s=2.007 PSDFmin=+0.004043 G=OK(+0.003818) MF=OK(active=18/20,min=+1.449e-10,slack=+1.049e-10)
[RMPCC 0206] OK solve=406.7ms pose=(1.746,0.822,-0.060) u=(0.091,-0.562) s=2.011 PSDFmin=-0.02221 G=OK(+0.006964) MF=OK(active=17/20,min=+1.214e-10,slack=+1.354e-10)
[RMPCC 0207] OK solve=414.1ms pose=(1.755,0.822,-0.116) u=(0.074,-0.421) s=2.026 PSDFmin=+0.006041 G=OK(+4.808e-10) MF=OK(active=14/20,min=+6.916e-09,slack=+1.256e-09)
[RMPCC 0208] OK solve=424.0ms pose=(1.763,0.821,-0.158) u=(0.056,-0.206) s=2.028 PSDFmin=-0.007801 G=OK(+0.0002592) MF=OK(active=19/20,min=+1.525e-10,slack=+4.559e-11)
[RMPCC 0209] OK solve=473.2ms pose=(1.768,0.820,-0.178) u=(0.101,-0.434) s=2.028 PSDFmin=+0.009394 G=OK(+0.007185) MF=OK(active=16/20,min=+7.767e-11,slack=+1.08e-11)
[RMPCC 0210] OK solve=495.3ms pose=(1.778,0.818,-0.222) u=(0.095,-0.578) s=2.044 PSDFmin=+0.00147 G=OK(+0.003155) MF=OK(active=18/20,min=+1.719e-14,slack=+3.705e-15)
[RMPCC 0211] OK solve=446.6ms pose=(1.787,0.816,-0.280) u=(0.048,-0.568) s=2.058 PSDFmin=+0.01016 G=OK(+0.008801) MF=OK(active=17/20,min=+1.524e-12,slack=+1.952e-13)
[RMPCC 0212] OK solve=447.9ms pose=(1.792,0.815,-0.336) u=(0.124,-0.746) s=2.062 PSDFmin=+0.005871 G=OK(+0.004842) MF=OK(active=19/20,min=+8.622e-13,slack=+1.893e-13)
[RMPCC 0213] OK solve=458.5ms pose=(1.804,0.811,-0.411) u=(0.062,-0.722) s=2.074 PSDFmin=+0.000332 G=OK(+0.006978) MF=OK(active=18/20,min=+1.216e-11,slack=+4.761e-12)
[RMPCC 0214] OK solve=416.0ms pose=(1.809,0.808,-0.483) u=(0.084,-0.330) s=2.080 PSDFmin=+0.008296 G=OK(+0.007305) MF=OK(active=17/20,min=+1.042e-14,slack=+3.833e-15)
[RMPCC 0215] OK solve=438.5ms pose=(1.817,0.804,-0.516) u=(0.042,-0.983) s=2.087 PSDFmin=+0.004225 G=OK(+0.004805) MF=OK(active=18/20,min=+2.118e-10,slack=+6.773e-11)
[RMPCC 0216] OK solve=501.8ms pose=(1.820,0.802,-0.614) u=(0.084,-0.478) s=2.093 PSDFmin=+0.007588 G=OK(+0.006533) MF=OK(active=17/20,min=+1.173e-13,slack=+3.913e-15)
[RMPCC 0217] OK solve=432.1ms pose=(1.827,0.797,-0.662) u=(0.042,-1.121) s=2.102 PSDFmin=-0.01492 G=OK(+0.00578) MF=OK(active=18/20,min=+3.805e-13,slack=+2.115e-13)
[RMPCC 0218] OK solve=278.6ms pose=(1.831,0.795,-0.774) u=(0.066,-1.132) s=2.104 PSDFmin=+0.003815 G=OK(+0.003993) MF=OK(active=15/20,min=+6.464e-13,slack=+2.116e-14)
[RMPCC 0219] OK solve=289.3ms pose=(1.835,0.790,-0.888) u=(0.040,-0.619) s=2.115 PSDFmin=+0.007292 G=OK(+0.006211) MF=OK(active=20/20,min=+9.247e-12,slack=+1.148e-10)
[RMPCC 0220] OK solve=475.9ms pose=(1.838,0.787,-0.949) u=(0.066,-0.540) s=2.116 PSDFmin=-0.008342 G=OK(+0.004861) MF=OK(active=19/20,min=+1.789e-11,slack=+5.108e-12)
[RMPCC 0221] OK solve=356.1ms pose=(1.842,0.782,-1.003) u=(0.079,-0.209) s=2.129 PSDFmin=+0.007206 G=OK(+0.006051) MF=OK(active=15/20,min=+9.52e-11,slack=+3.95e-12)
[RMPCC 0222] OK solve=306.6ms pose=(1.846,0.775,-1.024) u=(0.082,-0.546) s=2.130 PSDFmin=-0.00112 G=OK(+0.006223) MF=OK(active=20/20,min=+1.056e-10,slack=+4.888e-11)
[RMPCC 0223] OK solve=593.6ms pose=(1.850,0.768,-1.079) u=(0.087,-0.618) s=2.144 PSDFmin=+0.006186 G=OK(+0.00703) MF=OK(active=14/20,min=+3.779e-13,slack=+1.021e-13)
[RMPCC 0224] OK solve=152.4ms pose=(1.854,0.760,-1.141) u=(0.097,-0.375) s=2.146 PSDFmin=-0.002204 G=OK(+0.00803) MF=OK(active=20/20,min=+8.709e-11,slack=+4.066e-11)
[RMPCC 0225] OK solve=173.3ms pose=(1.858,0.752,-1.178) u=(0.149,-0.896) s=2.160 PSDFmin=-0.0007757 G=OK(+0.009885) MF=OK(active=16/20,min=+0.02858,slack=+2.336e-12)
[RMPCC 0226] OK solve=161.1ms pose=(1.864,0.738,-1.268) u=(0.146,-0.612) s=2.168 PSDFmin=+0.002983 G=OK(+1.938e-08) MF=OK(active=13/20,min=+3.971e-07,slack=+5.271e-09)
[RMPCC 0227] OK solve=149.5ms pose=(1.868,0.724,-1.329) u=(0.153,-0.234) s=2.183 PSDFmin=-0.007278 G=OK(+0.002992) MF=OK(active=20/20,min=+2.824e-13,slack=+2.256e-13)
[RMPCC 0228] OK solve=165.5ms pose=(1.872,0.709,-1.353) u=(0.160,-1.091) s=2.196 PSDFmin=-0.02936 G=OK(+0.02072) MF=OK(active=15/20,min=+5.923e-15,slack=+5.047e-15)
[RMPCC 0229] OK solve=140.5ms pose=(1.876,0.693,-1.462) u=(0.150,-0.535) s=2.208 PSDFmin=-0.009158 G=OK(+2.624e-11) MF=OK(active=6/20,min=+0.2,slack=+3.874e-11)
[RMPCC 0230] OK solve=134.5ms pose=(1.877,0.678,-1.515) u=(0.167,-0.195) s=2.223 PSDFmin=+0.001825 G=OK(+9.424e-12) MF=OK(active=14/20,min=+1.794e-10,slack=+5.865e-11)
[RMPCC 0231] OK solve=268.0ms pose=(1.878,0.662,-1.535) u=(0.193,-0.478) s=2.240 PSDFmin=+0.005569 G=OK(+0.02644) MF=OK(active=20/20,min=+4.949e-11,slack=+0.03783)
[RMPCC 0232] OK solve=261.3ms pose=(1.879,0.643,-1.582) u=(0.181,-0.144) s=2.259 PSDFmin=+0.002008 G=OK(+6.162e-15) MF=OK(active=19/20,min=+4.3e-14,slack=+1.458e-14)
[RMPCC 0233] OK solve=130.8ms pose=(1.879,0.624,-1.597) u=(0.156,0.021) s=2.277 PSDFmin=+0.009094 G=OK(+0.007738) MF=OK(active=20/20,min=+1.981e-14,slack=+2.045e-15)
[RMPCC 0234] OK solve=248.0ms pose=(1.878,0.609,-1.595) u=(0.172,-0.217) s=2.280 PSDFmin=+0.0102 G=OK(+0.009014) MF=OK(active=20/20,min=+3.905e-15,slack=+5.237e-15)
[RMPCC 0235] OK solve=252.3ms pose=(1.878,0.592,-1.616) u=(0.130,0.015) s=2.296 PSDFmin=-0.007955 G=OK(+0.02349) MF=OK(active=19/20,min=+2.268e-13,slack=+6.988e-14)
[RMPCC 0236] OK solve=128.2ms pose=(1.877,0.579,-1.615) u=(0.110,-0.205) s=2.313 PSDFmin=-0.01019 G=OK(+1.039e-10) MF=OK(active=19/20,min=+2.005e-09,slack=+2.588e-10)
[RMPCC 0237] OK solve=130.1ms pose=(1.877,0.568,-1.635) u=(0.107,-0.132) s=2.331 PSDFmin=-0.022 G=OK(+0.01011) MF=OK(active=11/20,min=+1.643e-14,slack=+2.222e-15)
[RMPCC 0238] OK solve=136.7ms pose=(1.876,0.557,-1.649) u=(0.130,0.209) s=2.334 PSDFmin=+0.003881 G=OK(+4.441e-16) MF=OK(active=17/20,min=+6.512e-15,slack=+2.959e-15)
[RMPCC 0239] OK solve=144.1ms pose=(1.875,0.544,-1.628) u=(0.116,-0.051) s=2.351 PSDFmin=+0.007188 G=OK(+0.007664) MF=OK(active=20/20,min=+7.485e-12,slack=+2.114e-12)
[RMPCC 0240] OK solve=272.2ms pose=(1.874,0.532,-1.633) u=(0.087,-0.120) s=2.354 PSDFmin=-0.02073 G=OK(+0.01818) MF=OK(active=20/20,min=+1.009e-12,slack=+1.244e-13)
[RMPCC 0241] OK solve=437.1ms pose=(1.874,0.524,-1.645) u=(0.119,-0.291) s=2.372 PSDFmin=-0.0001488 G=OK(+2.916e-09) MF=OK(active=13/20,min=+1.354e-08,slack=+1.186e-08)
[RMPCC 0242] OK solve=261.7ms pose=(1.873,0.512,-1.674) u=(0.074,-0.112) s=2.376 PSDFmin=+0.01261 G=OK(+0.01085) MF=OK(active=17/20,min=+4.892e-11,slack=+1.69e-11)
[RMPCC 0243] OK solve=258.7ms pose=(1.872,0.504,-1.685) u=(0.126,-0.133) s=2.394 PSDFmin=+0.01082 G=OK(+0.01372) MF=OK(active=20/20,min=+2.395e-14,slack=+5.299e-15)
[RMPCC 0244] OK solve=369.4ms pose=(1.871,0.492,-1.699) u=(0.090,-0.673) s=2.396 PSDFmin=+0.005229 G=OK(+0.004359) MF=OK(active=19/20,min=+6.987e-15,slack=+6.987e-15)
[RMPCC 0245] OK solve=256.2ms pose=(1.870,0.483,-1.766) u=(0.046,-0.335) s=2.413 PSDFmin=+0.008868 G=OK(+0.007702) MF=OK(active=18/20,min=+6.498e-14,slack=+2.035e-14)
[RMPCC 0246] OK solve=115.5ms pose=(1.869,0.479,-1.799) u=(0.107,-0.293) s=2.413 PSDFmin=+0.001527 G=OK(+0.006309) MF=OK(active=20/20,min=+1.596e-13,slack=+4.239e-14)
[RMPCC 0247] OK solve=250.4ms pose=(1.866,0.468,-1.829) u=(0.053,-0.746) s=2.430 PSDFmin=+0.005528 G=OK(+0.00455) MF=OK(active=20/20,min=+6.221e-12,slack=+1.473e-12)
[RMPCC 0248] OK solve=377.1ms pose=(1.865,0.463,-1.903) u=(0.101,-0.330) s=2.430 PSDFmin=+0.0009834 G=OK(+0.00593) MF=OK(active=17/20,min=+3.388e-11,slack=+2.457e-11)
[RMPCC 0249] OK solve=371.1ms pose=(1.862,0.453,-1.936) u=(0.052,-0.644) s=2.447 PSDFmin=-0.009111 G=OK(+0.004128) MF=OK(active=16/20,min=+5.705e-08,slack=+5.86e-09)
[RMPCC 0250] OK solve=373.9ms pose=(1.860,0.449,-2.001) u=(0.096,-0.320) s=2.453 PSDFmin=+0.003069 G=OK(+2.859e-10) MF=OK(active=17/20,min=+1.433e-10,slack=+3.922e-10)
[RMPCC 0251] OK solve=395.7ms pose=(1.856,0.440,-2.033) u=(0.054,-0.743) s=2.462 PSDFmin=+0.006843 G=OK(+0.005672) MF=OK(active=17/20,min=+4.534e-12,slack=+8.255e-13)
[RMPCC 0252] OK solve=246.1ms pose=(1.853,0.435,-2.107) u=(0.135,-0.299) s=2.467 PSDFmin=+0.003757 G=OK(+0.002728) MF=OK(active=18/20,min=+6.824e-14,slack=+3.106e-14)
[RMPCC 0253] OK solve=281.7ms pose=(1.846,0.423,-2.137) u=(0.082,-0.779) s=2.482 PSDFmin=-0.005478 G=OK(+0.006807) MF=OK(active=20/20,min=+2.113e-14,slack=+6.918e-15)
[RMPCC 0254] OK solve=300.5ms pose=(1.842,0.416,-2.215) u=(0.066,-0.370) s=2.491 PSDFmin=+0.002086 G=OK(+0.004782) MF=OK(active=17/20,min=+1.677e-13,slack=+4.688e-14)
[RMPCC 0255] OK solve=135.9ms pose=(1.838,0.411,-2.252) u=(0.053,-0.161) s=2.502 PSDFmin=-0.03336 G=OK(+0.002594) MF=OK(active=20/20,min=+4.436e-12,slack=+1.145e-12)
[RMPCC 0256] OK solve=127.7ms pose=(1.835,0.407,-2.268) u=(0.046,-0.568) s=2.503 PSDFmin=+0.0008355 G=OK(+3.31e-13) MF=OK(active=12/20,min=+2.576e-12,slack=+3.165e-13)
[RMPCC 0257] OK solve=258.8ms pose=(1.832,0.404,-2.325) u=(0.267,-0.175) s=2.512 PSDFmin=-0.02628 G=OK(+0.005398) MF=OK(active=19/20,min=+5.351e-14,slack=+0.08047)
[RMPCC 0258] OK solve=375.4ms pose=(1.813,0.384,-2.342) u=(0.176,-0.193) s=2.534 PSDFmin=-0.002564 G=OK(+0.001306) MF=OK(active=5/20,min=+2.955e-10,slack=+4.291e-11)
[RMPCC 0259] OK solve=368.9ms pose=(1.801,0.371,-2.362) u=(0.253,-0.033) s=2.555 PSDFmin=-0.01141 G=OK(+0.002122) MF=OK(active=17/20,min=+1.23e-11,slack=+4.532e-12)
[RMPCC 0260] OK solve=366.3ms pose=(1.783,0.354,-2.365) u=(0.134,0.207) s=2.576 PSDFmin=+0.00366 G=OK(+0.002912) MF=OK(active=16/20,min=+9.314e-09,slack=+7.491e-10)
[RMPCC 0261] OK solve=389.1ms pose=(1.774,0.344,-2.344) u=(0.088,0.038) s=2.597 PSDFmin=-0.03809 G=OK(+7.812e-13) MF=OK(active=19/20,min=+1.992e-12,slack=+0.185)
[RMPCC 0262] OK solve=386.7ms pose=(1.767,0.338,-2.340) u=(0.044,0.724) s=2.598 PSDFmin=+0.00285 G=OK(+0.002906) MF=OK(active=14/20,min=+3.297e-10,slack=+3.234e-11)
[RMPCC 0263] OK solve=375.0ms pose=(1.764,0.335,-2.268) u=(0.278,0.280) s=2.607 PSDFmin=-0.01415 G=OK(+0.002603) MF=OK(active=19/20,min=+5.218e-14,slack=+1.943e-13)
[RMPCC 0264] OK solve=372.8ms pose=(1.747,0.313,-2.240) u=(0.152,1.083) s=2.630 PSDFmin=+0.007734 G=OK(+0.005385) MF=OK(active=16/20,min=+6.012e-14,slack=+3.335e-14)
[RMPCC 0265] OK solve=414.4ms pose=(1.737,0.302,-2.132) u=(0.116,0.925) s=2.645 PSDFmin=-0.01096 G=OK(+4.232e-13) MF=OK(active=19/20,min=+1.282e-12,slack=+2.543e-12)
[RMPCC 0266] OK solve=377.3ms pose=(1.731,0.292,-2.039) u=(0.075,1.200) s=2.657 PSDFmin=-0.01028 G=OK(+0.00247) MF=OK(active=10/20,min=+3.951e-11,slack=+5.898e-12)
[RMPCC 0267] OK solve=258.0ms pose=(1.728,0.285,-1.919) u=(0.095,0.604) s=2.664 PSDFmin=+0.001595 G=OK(+2.22e-15) MF=OK(active=7/20,min=+9.986e-10,slack=+4.98e-15)
[RMPCC 0268] OK solve=233.3ms pose=(1.724,0.276,-1.859) u=(0.057,1.200) s=2.669 PSDFmin=-0.01875 G=OK(+0.01477) MF=OK(active=20/20,min=+3.971e-16,slack=+0.0334)
[RMPCC 0269] OK solve=359.2ms pose=(1.723,0.271,-1.739) u=(0.085,0.777) s=2.675 PSDFmin=-0.01876 G=OK(+1.437e-12) MF=OK(active=16/20,min=+1.041e-11,slack=+6.803e-13)
[RMPCC 0270] OK solve=224.5ms pose=(1.721,0.262,-1.661) u=(0.074,0.370) s=2.681 PSDFmin=-0.0001286 G=OK(+3.775e-15) MF=OK(active=8/20,min=+4.32e-13,slack=+5.688e-15)
[RMPCC 0271] OK solve=119.5ms pose=(1.721,0.255,-1.624) u=(0.120,0.448) s=2.687 PSDFmin=-0.01417 G=OK(+1.569e-13) MF=OK(active=19/20,min=-9.777e-13,slack=+0.05195)
[RMPCC 0272] OK solve=144.2ms pose=(1.720,0.243,-1.579) u=(0.088,0.899) s=2.696 PSDFmin=-0.01959 G=OK(+0.01109) MF=OK(active=15/20,min=+8.085e-06,slack=+5.287e-09)
[RMPCC 0273] OK solve=131.7ms pose=(1.720,0.234,-1.489) u=(0.080,0.424) s=2.705 PSDFmin=-0.002946 G=OK(+8.029e-13) MF=OK(active=5/20,min=+9.789e-11,slack=+5.899e-12)
[RMPCC 0274] OK solve=246.2ms pose=(1.721,0.226,-1.447) u=(0.112,0.397) s=2.710 PSDFmin=-0.003246 G=OK(+4.718e-16) MF=OK(active=16/20,min=+7.216e-16,slack=+0.04395)
[RMPCC 0275] OK solve=232.2ms pose=(1.722,0.215,-1.407) u=(0.065,0.966) s=2.722 PSDFmin=-0.01372 G=OK(+0.001832) MF=OK(active=17/20,min=+7.297e-09,slack=+7.995e-10)
[RMPCC 0276] OK solve=139.3ms pose=(1.723,0.209,-1.311) u=(0.049,0.619) s=2.728 PSDFmin=-0.003605 G=OK(+6.167e-10) MF=OK(active=4/20,min=+1.346e-08,slack=+8.562e-10)
[RMPCC 0277] OK solve=126.2ms pose=(1.724,0.204,-1.249) u=(0.065,0.283) s=2.728 PSDFmin=+0.007171 G=OK(+9.791e-11) MF=OK(active=10/20,min=+1.927e-10,slack=+6.461e-10)
[RMPCC 0278] OK solve=247.2ms pose=(1.726,0.198,-1.221) u=(0.074,0.086) s=2.734 PSDFmin=-0.002976 G=OK(+0.006233) MF=OK(active=20/20,min=+7.92e-09,slack=+3.817e-08)
[RMPCC 0279] OK solve=355.0ms pose=(1.729,0.191,-1.212) u=(0.051,-0.064) s=2.740 PSDFmin=-0.00121 G=OK(+0.002107) MF=OK(active=10/20,min=+5.268e-10,slack=+1.232e-10)
[RMPCC 0280] OK solve=251.2ms pose=(1.731,0.186,-1.218) u=(0.058,-0.564) s=2.745 PSDFmin=+0.01047 G=OK(+0.0101) MF=OK(active=18/20,min=+2.29e-12,slack=+3.327e-13)
[RMPCC 0281] OK solve=254.1ms pose=(1.733,0.180,-1.275) u=(0.080,-0.505) s=2.751 PSDFmin=+0.009155 G=OK(+0.008009) MF=OK(active=20/20,min=+3.288e-12,slack=+4.746e-13)
[RMPCC 0282] OK solve=364.8ms pose=(1.735,0.173,-1.325) u=(0.049,-0.400) s=2.763 PSDFmin=+0.005422 G=OK(+0.004115) MF=OK(active=18/20,min=+3.848e-13,slack=+4.959e-14)
[RMPCC 0283] OK solve=247.1ms pose=(1.736,0.168,-1.365) u=(0.087,-0.104) s=2.769 PSDFmin=+0.008486 G=OK(+0.007591) MF=OK(active=17/20,min=+1.437e-12,slack=+5.745e-12)
[RMPCC 0284] OK solve=244.6ms pose=(1.738,0.160,-1.376) u=(0.078,0.337) s=2.775 PSDFmin=+0.002214 G=OK(+0.002527) MF=OK(active=20/20,min=+1.049e-11,slack=+9.09e-12)
[RMPCC 0285] OK solve=391.8ms pose=(1.739,0.152,-1.342) u=(0.039,0.554) s=2.786 PSDFmin=+0.007395 G=OK(+0.007635) MF=OK(active=19/20,min=+2.61e-09,slack=+2.566e-10)
[RMPCC 0286] OK solve=476.2ms pose=(1.740,0.148,-1.286) u=(0.041,0.568) s=2.791 PSDFmin=+0.004557 G=OK(+0.004663) MF=OK(active=19/20,min=+2.205e-10,slack=+8.207e-12)
[RMPCC 0287] OK solve=357.4ms pose=(1.742,0.144,-1.230) u=(0.035,0.454) s=2.795 PSDFmin=+0.00826 G=OK(+0.008099) MF=OK(active=19/20,min=+2.17e-14,slack=+3.982e-15)
[RMPCC 0288] OK solve=124.7ms pose=(1.743,0.141,-1.184) u=(0.031,0.587) s=2.798 PSDFmin=+0.004895 G=OK(+0.004532) MF=OK(active=20/20,min=+2.596e-09,slack=+5.859e-11)
[RMPCC 0289] OK solve=143.9ms pose=(1.744,0.138,-1.126) u=(0.031,0.362) s=2.801 PSDFmin=+0.008072 G=OK(+0.007325) MF=OK(active=20/20,min=+6.693e-11,slack=+1.392e-10)
[RMPCC 0290] OK solve=139.2ms pose=(1.745,0.135,-1.089) u=(0.029,0.523) s=2.804 PSDFmin=+0.006269 G=OK(+0.005291) MF=OK(active=20/20,min=+6.264e-09,slack=+1.955e-10)
[RMPCC 0291] OK solve=242.1ms pose=(1.747,0.133,-1.037) u=(0.029,0.316) s=2.810 PSDFmin=+0.008014 G=OK(+0.007087) MF=OK(active=20/20,min=+7.866e-11,slack=+3.88e-12)
[RMPCC 0292] OK solve=369.4ms pose=(1.748,0.130,-1.005) u=(0.026,0.466) s=2.812 PSDFmin=+0.006235 G=OK(+0.005334) MF=OK(active=19/20,min=+2.082e-09,slack=+3.964e-11)
[RMPCC 0293] OK solve=273.3ms pose=(1.749,0.128,-0.959) u=(0.028,0.301) s=2.814 PSDFmin=+0.007617 G=OK(+0.006749) MF=OK(active=19/20,min=+3.718e-08,slack=+1.526e-09)
[RMPCC 0294] OK solve=162.3ms pose=(1.751,0.126,-0.929) u=(0.025,0.398) s=2.818 PSDFmin=+0.006767 G=OK(+0.00571) MF=OK(active=20/20,min=+6.321e-12,slack=+1.685e-11)
[RMPCC 0295] OK solve=134.2ms pose=(1.753,0.124,-0.889) u=(0.025,0.316) s=2.820 PSDFmin=+0.007325 G=OK(+0.00635) MF=OK(active=20/20,min=+1.943e-09,slack=+4.268e-10)
[RMPCC 0296] OK solve=127.0ms pose=(1.754,0.122,-0.857) u=(0.024,0.328) s=2.822 PSDFmin=+0.007014 G=OK(+0.005978) MF=OK(active=20/20,min=+7.128e-09,slack=+2.003e-09)
[RMPCC 0297] OK solve=131.0ms pose=(1.756,0.120,-0.824) u=(0.023,0.304) s=2.825 PSDFmin=+0.007147 G=OK(+0.006119) MF=OK(active=20/20,min=+8.783e-09,slack=+2.82e-10)
[RMPCC 0298] OK solve=134.7ms pose=(1.757,0.118,-0.794) u=(0.026,0.299) s=2.829 PSDFmin=+0.007127 G=OK(+0.006088) MF=OK(active=20/20,min=+4.094e-09,slack=+7.989e-11)
[RMPCC 0299] OK solve=143.3ms pose=(1.759,0.116,-0.764) u=(0.022,0.312) s=2.831 PSDFmin=+0.007022 G=OK(+0.005996) MF=OK(active=20/20,min=+1.707e-07,slack=+2.157e-09)
[RMPCC 0300] OK solve=137.3ms pose=(1.761,0.115,-0.733) u=(0.022,0.322) s=2.833 PSDFmin=+0.006916 G=OK(+0.005883) MF=OK(active=20/20,min=+5.523e-11,slack=+1.962e-12)
[RMPCC 0301] OK solve=133.7ms pose=(1.762,0.113,-0.701) u=(0.021,0.306) s=2.835 PSDFmin=+0.006911 G=OK(+0.005882) MF=OK(active=20/20,min=+1.231e-06,slack=+2.779e-09)
[RMPCC 0302] OK solve=132.8ms pose=(1.764,0.112,-0.670) u=(0.021,0.289) s=2.837 PSDFmin=+0.006921 G=OK(+0.005891) MF=OK(active=20/20,min=+0.01216,slack=+7.784e-14)
[RMPCC 0303] OK solve=137.3ms pose=(1.766,0.111,-0.641) u=(0.021,0.269) s=2.839 PSDFmin=+0.006946 G=OK(+0.005918) MF=OK(active=20/20,min=+0.03396,slack=+2.11e-11)
[RMPCC 0304] OK solve=125.2ms pose=(1.767,0.109,-0.614) u=(0.021,0.251) s=2.841 PSDFmin=+0.006968 G=OK(+0.00594) MF=OK(active=20/20,min=+0.05318,slack=+7.576e-11)
[RMPCC 0305] OK solve=116.3ms pose=(1.769,0.108,-0.589) u=(0.020,0.234) s=2.843 PSDFmin=+0.006993 G=OK(+0.005964) MF=OK(active=20/20,min=+0.07119,slack=+3.157e-11)
[RMPCC 0306] OK solve=136.3ms pose=(1.771,0.107,-0.566) u=(0.020,0.218) s=2.845 PSDFmin=+0.007018 G=OK(+0.005989) MF=OK(active=20/20,min=+0.08825,slack=+3.859e-13)
[RMPCC 0307] OK solve=118.9ms pose=(1.772,0.106,-0.544) u=(0.020,0.203) s=2.848 PSDFmin=+0.007041 G=OK(+0.006012) MF=OK(active=20/20,min=+0.1046,slack=+6.061e-11)
[RMPCC 0308] OK solve=134.4ms pose=(1.774,0.105,-0.524) u=(0.017,0.189) s=2.848 PSDFmin=+0.007067 G=OK(+0.006044) MF=OK(active=20/20,min=+0.1194,slack=+3.827e-12)
[RMPCC 0309] OK solve=137.9ms pose=(1.775,0.104,-0.505) u=(0.017,0.175) s=2.850 PSDFmin=+0.007101 G=OK(+0.006079) MF=OK(active=20/20,min=+0.1317,slack=+1.255e-10)
[RMPCC 0310] OK solve=127.9ms pose=(1.777,0.103,-0.487) u=(0.017,0.164) s=2.852 PSDFmin=+0.007146 G=OK(+0.006125) MF=OK(active=20/20,min=+0.1441,slack=+7.904e-14)
[RMPCC 0311] OK solve=134.3ms pose=(1.778,0.102,-0.471) u=(0.017,0.154) s=2.854 PSDFmin=+0.007202 G=OK(+0.006182) MF=OK(active=20/20,min=+0.1561,slack=+2.993e-15)
[RMPCC 0312] OK solve=152.7ms pose=(1.780,0.102,-0.456) u=(0.017,0.144) s=2.856 PSDFmin=+0.007269 G=OK(+0.006249) MF=OK(active=20/20,min=+0.1671,slack=+2.882e-15)
[RMPCC 0313] OK solve=136.5ms pose=(1.781,0.101,-0.441) u=(0.015,0.135) s=2.856 PSDFmin=+0.007342 G=OK(+0.006327) MF=OK(active=20/20,min=+0.1765,slack=+2.73e-12)
[RMPCC 0314] OK solve=127.9ms pose=(1.783,0.100,-0.428) u=(0.015,0.126) s=2.858 PSDFmin=+0.00742 G=OK(+0.006405) MF=OK(active=20/20,min=+0.1831,slack=+4.864e-11)
[RMPCC 0315] OK solve=119.5ms pose=(1.784,0.100,-0.415) u=(0.015,0.119) s=2.860 PSDFmin=+0.007503 G=OK(+0.006489) MF=OK(active=20/20,min=+0.1889,slack=+4.579e-15)
[RMPCC 0316] OK solve=129.7ms pose=(1.786,0.099,-0.403) u=(0.013,0.112) s=2.860 PSDFmin=+0.007591 G=OK(+0.00658) MF=OK(active=20/20,min=+0.1934,slack=+6.378e-14)
[RMPCC 0317] OK solve=113.6ms pose=(1.787,0.099,-0.392) u=(0.014,0.105) s=2.862 PSDFmin=+0.00768 G=OK(+0.006669) MF=OK(active=20/20,min=+0.1959,slack=+6.214e-13)
[RMPCC 0318] OK solve=137.4ms pose=(1.788,0.098,-0.381) u=(0.014,0.099) s=2.864 PSDFmin=+0.007773 G=OK(+0.006762) MF=OK(active=20/20,min=+0.198,slack=+9.279e-13)
[RMPCC 0319] OK solve=134.5ms pose=(1.789,0.098,-0.372) u=(0.012,0.093) s=2.864 PSDFmin=+0.007868 G=OK(+0.006859) MF=OK(active=20/20,min=+0.1992,slack=+1.253e-12)
[RMPCC 0320] OK solve=142.8ms pose=(1.790,0.097,-0.362) u=(0.013,0.088) s=2.866 PSDFmin=+0.007964 G=OK(+0.006955) MF=OK(active=20/20,min=+0.1996,slack=+3.089e-15)
[RMPCC 0321] OK solve=145.5ms pose=(1.792,0.097,-0.353) u=(0.011,0.083) s=2.866 PSDFmin=+0.00806 G=OK(+0.007053) MF=OK(active=20/20,min=+0.1999,slack=+1.904e-14)
[RMPCC 0322] OK solve=139.3ms pose=(1.793,0.096,-0.345) u=(0.012,0.078) s=2.869 PSDFmin=+0.008156 G=OK(+0.007148) MF=OK(active=20/20,min=+0.2,slack=+2.365e-11)
[RMPCC 0323] OK solve=140.3ms pose=(1.794,0.096,-0.337) u=(0.010,0.074) s=2.869 PSDFmin=+0.008252 G=OK(+0.007246) MF=OK(active=20/20,min=+0.2,slack=+4.754e-12)
[RMPCC 0324] OK solve=120.9ms pose=(1.795,0.096,-0.330) u=(0.011,0.070) s=2.871 PSDFmin=+0.008346 G=OK(+0.00734) MF=OK(active=20/20,min=+0.2,slack=+2.498e-15)
[RMPCC 0325] OK solve=127.4ms pose=(1.796,0.095,-0.323) u=(0.009,0.066) s=2.871 PSDFmin=+0.008441 G=OK(+0.007436) MF=OK(active=20/20,min=+0.2,slack=+5.235e-11)
[RMPCC 0326] OK solve=138.9ms pose=(1.797,0.095,-0.316) u=(0.009,0.063) s=2.871 PSDFmin=+0.008533 G=OK(+0.007529) MF=OK(active=20/20,min=+0.2,slack=+1.156e-10)
[RMPCC 0327] OK solve=156.8ms pose=(1.797,0.095,-0.310) u=(0.009,0.059) s=2.873 PSDFmin=+0.008624 G=OK(+0.007619) MF=OK(active=20/20,min=+0.2,slack=+3.505e-13)
[RMPCC 0328] OK solve=153.3ms pose=(1.798,0.094,-0.304) u=(0.008,0.057) s=2.873 PSDFmin=+0.008713 G=OK(+0.007709) MF=OK(active=20/20,min=+0.2,slack=+3.227e-13)
[RMPCC 0329] OK solve=135.6ms pose=(1.799,0.094,-0.298) u=(0.008,0.054) s=2.874 PSDFmin=+0.0088 G=OK(+0.007797) MF=OK(active=20/20,min=+0.2,slack=+2.908e-12)
[RMPCC 0330] OK solve=122.8ms pose=(1.800,0.094,-0.293) u=(0.008,0.051) s=2.875 PSDFmin=+0.008885 G=OK(+0.007882) MF=OK(active=20/20,min=+0.2,slack=+7.712e-12)
[RMPCC 0331] OK solve=110.4ms pose=(1.801,0.094,-0.288) u=(0.007,0.049) s=2.875 PSDFmin=+0.008969 G=OK(+0.007966) MF=OK(active=20/20,min=+0.2,slack=+1.952e-11)
[RMPCC 0332] OK solve=135.1ms pose=(1.801,0.093,-0.283) u=(0.007,0.046) s=2.876 PSDFmin=+0.009051 G=OK(+0.008049) MF=OK(active=20/20,min=+0.2,slack=+3.302e-11)
[RMPCC 0333] OK solve=132.6ms pose=(1.802,0.093,-0.278) u=(0.007,0.044) s=2.877 PSDFmin=+0.009131 G=OK(+0.008128) MF=OK(active=20/20,min=+0.2,slack=+3.694e-13)
[RMPCC 0334] OK solve=123.4ms pose=(1.803,0.093,-0.274) u=(0.007,0.042) s=2.878 PSDFmin=+0.009209 G=OK(+0.008207) MF=OK(active=20/20,min=+0.2,slack=+3.402e-13)
[RMPCC 0335] OK solve=132.8ms pose=(1.803,0.093,-0.270) u=(0.006,0.040) s=2.878 PSDFmin=+0.009284 G=OK(+0.008282) MF=OK(active=20/20,min=+0.2,slack=+1.214e-12)
[RMPCC 0336] OK solve=129.9ms pose=(1.804,0.093,-0.266) u=(0.006,0.038) s=2.879 PSDFmin=+0.009358 G=OK(+0.008356) MF=OK(active=20/20,min=+0.2,slack=+1.101e-11)
[RMPCC 0337] OK solve=117.9ms pose=(1.804,0.093,-0.262) u=(0.006,0.037) s=2.879 PSDFmin=+0.00943 G=OK(+0.008429) MF=OK(active=20/20,min=+0.2,slack=+4.025e-11)
[RMPCC 0338] OK solve=131.3ms pose=(1.805,0.092,-0.258) u=(0.006,0.035) s=2.880 PSDFmin=+0.009501 G=OK(+0.008499) MF=OK(active=20/20,min=+0.2,slack=+9.094e-11)
[RMPCC 0339] OK solve=121.8ms pose=(1.806,0.092,-0.255) u=(0.006,0.034) s=2.881 PSDFmin=+0.00957 G=OK(+0.008568) MF=OK(active=20/20,min=+0.2,slack=+1.705e-10)
[RMPCC 0340] OK solve=120.9ms pose=(1.806,0.092,-0.251) u=(0.005,0.032) s=2.881 PSDFmin=+0.009637 G=OK(+0.008636) MF=OK(active=20/20,min=+0.2,slack=+2.771e-10)
[RMPCC 0341] OK solve=128.4ms pose=(1.807,0.092,-0.248) u=(0.005,0.030) s=2.882 PSDFmin=+0.0097 G=OK(+0.008699) MF=OK(active=20/20,min=+0.2,slack=+1.433e-13)
[RMPCC 0342] OK solve=133.8ms pose=(1.807,0.092,-0.245) u=(0.005,0.028) s=2.882 PSDFmin=+0.009761 G=OK(+0.00876) MF=OK(active=20/20,min=+0.2,slack=+9.802e-13)
[RMPCC 0343] OK solve=119.6ms pose=(1.808,0.092,-0.242) u=(0.005,0.028) s=2.883 PSDFmin=+0.009823 G=OK(+0.008822) MF=OK(active=20/20,min=+0.2,slack=+2.457e-10)
[RMPCC 0344] OK solve=137.6ms pose=(1.808,0.092,-0.240) u=(0.005,0.026) s=2.883 PSDFmin=+0.00988 G=OK(+0.008879) MF=OK(active=20/20,min=+0.2,slack=+2.702e-13)
[RMPCC 0345] OK solve=137.3ms pose=(1.809,0.091,-0.237) u=(0.004,0.024) s=2.883 PSDFmin=+0.009935 G=OK(+0.008934) MF=OK(active=20/20,min=+0.2,slack=+3.814e-13)
[RMPCC 0346] OK solve=141.3ms pose=(1.809,0.091,-0.235) u=(0.004,0.024) s=2.884 PSDFmin=+0.00999 G=OK(+0.008989) MF=OK(active=20/20,min=+0.2,slack=+1.677e-10)
목적지에 도착했습니다! 현재 위치: [1.80941 0.09127], 시간: 34.70초
Using rmpcc optimizer with differential_drive dynamics:
median:  0.24612069129943848
std:  0.11949042953155697
min:  0.11037445068359375
max:  0.5936198234558105
Simulation finished.
Run outcome: status=success, reason=None, final_time=34.70000000000022, distance_to_goal=0.00966136064955965
Optimizer runtime stats: safe_stop_count=1, backup_feasible_qp_success_count=0, plant_input_apply_count=347, last_solve_mode=sqp_rti
Trial history saved to /home/taek111/projects/psdf_mpcc/debug_runs/rmpcc_tuning/p1-l1_maze_r1/data/trial_history_MPC_rmpcc_rectangle_maze_p1-l1_maze_r1.csv
RMPCC constraint history saved to /home/taek111/projects/psdf_mpcc/debug_runs/rmpcc_tuning/p1-l1_maze_r1/data/rmpcc_constraints_MPC_rmpcc_rectangle_maze_p1-l1_maze_r1.csv
RMPCC debug history saved to /home/taek111/projects/psdf_mpcc/debug_runs/rmpcc_tuning/p1-l1_maze_r1/data/cycle_raw.csv
RMPCC debug history saved to /home/taek111/projects/psdf_mpcc/debug_runs/rmpcc_tuning/p1-l1_maze_r1/data/covariance_trajectory.csv
Pose-SDF data saved to /home/taek111/projects/psdf_mpcc/debug_runs/rmpcc_tuning/p1-l1_maze_r1/data/pose_sdf_MPC_rmpcc_rectangle_maze_p1-l1_maze_r1.csv
Total data points: 347
SDF statistics - Min: 0.0020, Max: 0.0616, Mean: 0.0140
