Start perturbation: seed=42, pose=[0.07652358539877216, 0.7898000794687975, -1.5707963267948966], delta=[0.0015235853987721568, -0.005199920531202478, 0.0], clearance=0.028476 m, attempts=1
Start pose saved to /home/taek111/projects/psdf_mpcc/benchmark_runs/navigation_h20_20260907_seed42/dcbf_pp/data/start_pose_MPC_DCBF_rectangle_maze_startseed42.json
Resetting dcbf optimizer for clean state...
generating global path with A* + Line of Sight
시작 위치: [0.07652 0.7898 ]
목적지: [1.8  0.09]
도착 판정 기준: position <= 0.01m, angle <= 0.01rad
rm -f libacados_ocp_solver_diff_drive_dcbf.so
rm -f diff_drive_dcbf_cost/diff_drive_dcbf_cost_ext_cost_0_fun.o diff_drive_dcbf_cost/diff_drive_dcbf_cost_ext_cost_0_fun_jac_hess.o diff_drive_dcbf_cost/diff_drive_dcbf_cost_ext_cost_0_fun_jac.o diff_drive_dcbf_cost/diff_drive_dcbf_cost_ext_cost_fun.o diff_drive_dcbf_cost/diff_drive_dcbf_cost_ext_cost_fun_jac_hess.o diff_drive_dcbf_cost/diff_drive_dcbf_cost_ext_cost_fun_jac.o diff_drive_dcbf_cost/diff_drive_dcbf_cost_ext_cost_e_fun.o diff_drive_dcbf_cost/diff_drive_dcbf_cost_ext_cost_e_fun_jac_hess.o diff_drive_dcbf_cost/diff_drive_dcbf_cost_ext_cost_e_fun_jac.o acados_solver_diff_drive_dcbf.o
cc -fPIC -std=c99   -O2 -I/home/taek111/projects/acados/include -I/home/taek111/projects/acados/include/acados -I/home/taek111/projects/acados/include/blasfeo/include -I/home/taek111/projects/acados/include/hpipm/include  -c -o diff_drive_dcbf_cost/diff_drive_dcbf_cost_ext_cost_0_fun.o diff_drive_dcbf_cost/diff_drive_dcbf_cost_ext_cost_0_fun.c
cc -fPIC -std=c99   -O2 -I/home/taek111/projects/acados/include -I/home/taek111/projects/acados/include/acados -I/home/taek111/projects/acados/include/blasfeo/include -I/home/taek111/projects/acados/include/hpipm/include  -c -o diff_drive_dcbf_cost/diff_drive_dcbf_cost_ext_cost_0_fun_jac_hess.o diff_drive_dcbf_cost/diff_drive_dcbf_cost_ext_cost_0_fun_jac_hess.c
cc -fPIC -std=c99   -O2 -I/home/taek111/projects/acados/include -I/home/taek111/projects/acados/include/acados -I/home/taek111/projects/acados/include/blasfeo/include -I/home/taek111/projects/acados/include/hpipm/include  -c -o diff_drive_dcbf_cost/diff_drive_dcbf_cost_ext_cost_0_fun_jac.o diff_drive_dcbf_cost/diff_drive_dcbf_cost_ext_cost_0_fun_jac.c
cc -fPIC -std=c99   -O2 -I/home/taek111/projects/acados/include -I/home/taek111/projects/acados/include/acados -I/home/taek111/projects/acados/include/blasfeo/include -I/home/taek111/projects/acados/include/hpipm/include  -c -o diff_drive_dcbf_cost/diff_drive_dcbf_cost_ext_cost_fun.o diff_drive_dcbf_cost/diff_drive_dcbf_cost_ext_cost_fun.c
cc -fPIC -std=c99   -O2 -I/home/taek111/projects/acados/include -I/home/taek111/projects/acados/include/acados -I/home/taek111/projects/acados/include/blasfeo/include -I/home/taek111/projects/acados/include/hpipm/include  -c -o diff_drive_dcbf_cost/diff_drive_dcbf_cost_ext_cost_fun_jac_hess.o diff_drive_dcbf_cost/diff_drive_dcbf_cost_ext_cost_fun_jac_hess.c
cc -fPIC -std=c99   -O2 -I/home/taek111/projects/acados/include -I/home/taek111/projects/acados/include/acados -I/home/taek111/projects/acados/include/blasfeo/include -I/home/taek111/projects/acados/include/hpipm/include  -c -o diff_drive_dcbf_cost/diff_drive_dcbf_cost_ext_cost_fun_jac.o diff_drive_dcbf_cost/diff_drive_dcbf_cost_ext_cost_fun_jac.c
cc -fPIC -std=c99   -O2 -I/home/taek111/projects/acados/include -I/home/taek111/projects/acados/include/acados -I/home/taek111/projects/acados/include/blasfeo/include -I/home/taek111/projects/acados/include/hpipm/include  -c -o diff_drive_dcbf_cost/diff_drive_dcbf_cost_ext_cost_e_fun.o diff_drive_dcbf_cost/diff_drive_dcbf_cost_ext_cost_e_fun.c
cc -fPIC -std=c99   -O2 -I/home/taek111/projects/acados/include -I/home/taek111/projects/acados/include/acados -I/home/taek111/projects/acados/include/blasfeo/include -I/home/taek111/projects/acados/include/hpipm/include  -c -o diff_drive_dcbf_cost/diff_drive_dcbf_cost_ext_cost_e_fun_jac_hess.o diff_drive_dcbf_cost/diff_drive_dcbf_cost_ext_cost_e_fun_jac_hess.c
cc -fPIC -std=c99   -O2 -I/home/taek111/projects/acados/include -I/home/taek111/projects/acados/include/acados -I/home/taek111/projects/acados/include/blasfeo/include -I/home/taek111/projects/acados/include/hpipm/include  -c -o diff_drive_dcbf_cost/diff_drive_dcbf_cost_ext_cost_e_fun_jac.o diff_drive_dcbf_cost/diff_drive_dcbf_cost_ext_cost_e_fun_jac.c
cc -fPIC -std=c99   -O2 -I/home/taek111/projects/acados/include -I/home/taek111/projects/acados/include/acados -I/home/taek111/projects/acados/include/blasfeo/include -I/home/taek111/projects/acados/include/hpipm/include  -c -o acados_solver_diff_drive_dcbf.o acados_solver_diff_drive_dcbf.c
cc -fPIC -std=c99   -O2 -I/home/taek111/projects/acados/include -I/home/taek111/projects/acados/include/acados -I/home/taek111/projects/acados/include/blasfeo/include -I/home/taek111/projects/acados/include/hpipm/include  -c -o diff_drive_dcbf_model/diff_drive_dcbf_impl_dae_fun.o diff_drive_dcbf_model/diff_drive_dcbf_impl_dae_fun.c
cc -fPIC -std=c99   -O2 -I/home/taek111/projects/acados/include -I/home/taek111/projects/acados/include/acados -I/home/taek111/projects/acados/include/blasfeo/include -I/home/taek111/projects/acados/include/hpipm/include  -c -o diff_drive_dcbf_model/diff_drive_dcbf_impl_dae_fun_jac_x_xdot_z.o diff_drive_dcbf_model/diff_drive_dcbf_impl_dae_fun_jac_x_xdot_z.c
cc -fPIC -std=c99   -O2 -I/home/taek111/projects/acados/include -I/home/taek111/projects/acados/include/acados -I/home/taek111/projects/acados/include/blasfeo/include -I/home/taek111/projects/acados/include/hpipm/include  -c -o diff_drive_dcbf_model/diff_drive_dcbf_impl_dae_fun_jac_x_xdot_u_z.o diff_drive_dcbf_model/diff_drive_dcbf_impl_dae_fun_jac_x_xdot_u_z.c
cc -fPIC -std=c99   -O2 -I/home/taek111/projects/acados/include -I/home/taek111/projects/acados/include/acados -I/home/taek111/projects/acados/include/blasfeo/include -I/home/taek111/projects/acados/include/hpipm/include  -c -o diff_drive_dcbf_model/diff_drive_dcbf_impl_dae_fun_jac_x_xdot_u.o diff_drive_dcbf_model/diff_drive_dcbf_impl_dae_fun_jac_x_xdot_u.c
cc -fPIC -std=c99   -O2 -I/home/taek111/projects/acados/include -I/home/taek111/projects/acados/include/acados -I/home/taek111/projects/acados/include/blasfeo/include -I/home/taek111/projects/acados/include/hpipm/include  -c -o diff_drive_dcbf_model/diff_drive_dcbf_impl_dae_jac_x_xdot_u_z.o diff_drive_dcbf_model/diff_drive_dcbf_impl_dae_jac_x_xdot_u_z.c
cc -fPIC -std=c99   -O2 -I/home/taek111/projects/acados/include -I/home/taek111/projects/acados/include/acados -I/home/taek111/projects/acados/include/blasfeo/include -I/home/taek111/projects/acados/include/hpipm/include  -c -o diff_drive_dcbf_model/diff_drive_dcbf_impl_dae_hess.o diff_drive_dcbf_model/diff_drive_dcbf_impl_dae_hess.c
cc -shared diff_drive_dcbf_cost/diff_drive_dcbf_cost_ext_cost_0_fun.o diff_drive_dcbf_cost/diff_drive_dcbf_cost_ext_cost_0_fun_jac_hess.o diff_drive_dcbf_cost/diff_drive_dcbf_cost_ext_cost_0_fun_jac.o diff_drive_dcbf_cost/diff_drive_dcbf_cost_ext_cost_fun.o diff_drive_dcbf_cost/diff_drive_dcbf_cost_ext_cost_fun_jac_hess.o diff_drive_dcbf_cost/diff_drive_dcbf_cost_ext_cost_fun_jac.o diff_drive_dcbf_cost/diff_drive_dcbf_cost_ext_cost_e_fun.o diff_drive_dcbf_cost/diff_drive_dcbf_cost_ext_cost_e_fun_jac_hess.o diff_drive_dcbf_cost/diff_drive_dcbf_cost_ext_cost_e_fun_jac.o acados_solver_diff_drive_dcbf.o diff_drive_dcbf_model/diff_drive_dcbf_impl_dae_fun.o diff_drive_dcbf_model/diff_drive_dcbf_impl_dae_fun_jac_x_xdot_z.o diff_drive_dcbf_model/diff_drive_dcbf_impl_dae_fun_jac_x_xdot_u_z.o diff_drive_dcbf_model/diff_drive_dcbf_impl_dae_fun_jac_x_xdot_u.o diff_drive_dcbf_model/diff_drive_dcbf_impl_dae_jac_x_xdot_u_z.o diff_drive_dcbf_model/diff_drive_dcbf_impl_dae_hess.o -o libacados_ocp_solver_diff_drive_dcbf.so -L/home/taek111/projects/acados/lib -lacados -lhpipm -lblasfeo -lm  \
-L -l
acados was compiled without OpenMP.

******************************************************************************
This program contains Ipopt, a library for large-scale nonlinear optimization.
 Ipopt is released as open source code under the Eclipse Public License (EPL).
         For more information visit https://github.com/coin-or/Ipopt
******************************************************************************

Solving DCBF SQP optimization problem
