Start perturbation: seed=42, pose=[0.07652358539877216, 0.7898000794687975, -1.5707963267948966], delta=[0.0015235853987721568, -0.005199920531202478, 0.0], clearance=0.028476 m, attempts=1
Start pose saved to /home/taek111/projects/psdf_mpcc/benchmark_runs/navigation_h20_20260907_seed42/obca_pp/data/start_pose_MPC_OBCA_rectangle_maze_startseed42.json
generating global path with A* + Line of Sight
시작 위치: [0.07652 0.7898 ]
목적지: [1.8  0.09]
도착 판정 기준: position <= 0.01m, angle <= 0.01rad

******************************************************************************
This program contains Ipopt, a library for large-scale nonlinear optimization.
 Ipopt is released as open source code under the Eclipse Public License (EPL).
         For more information visit https://github.com/coin-or/Ipopt
******************************************************************************

solver time:  1.770472
plant_input_stage0: full=[ 0.5 -0.5], physical=[ 0.5 -0.5]
solver time:  2.690728
plant_input_stage0: full=[0.45282 0.5    ], physical=[0.45282 0.5    ]
solver time:  2.41187
plant_input_stage0: full=[0.27544 0.5    ], physical=[0.27544 0.5    ]
solver time:  2.248503
plant_input_stage0: full=[0.15023 0.5    ], physical=[0.15023 0.5    ]
solver time:  2.390934
plant_input_stage0: full=[0.1273 0.5   ], physical=[0.1273 0.5   ]
solver time:  2.135698
plant_input_stage0: full=[0.1119 0.5   ], physical=[0.1119 0.5   ]
solver time:  2.479346
plant_input_stage0: full=[0.06757 0.5    ], physical=[0.06757 0.5    ]
solver time:  1.558579
plant_input_stage0: full=[0.07214 0.5    ], physical=[0.07214 0.5    ]
solver time:  1.887762
plant_input_stage0: full=[0.09606 0.5    ], physical=[0.09606 0.5    ]
solver time:  2.182029
plant_input_stage0: full=[0.08311 0.5    ], physical=[0.08311 0.5    ]
solver time:  1.925183
plant_input_stage0: full=[0.07223 0.5    ], physical=[0.07223 0.5    ]
solver time:  1.755737
plant_input_stage0: full=[0.06329 0.5    ], physical=[0.06329 0.5    ]
solver time:  1.851123
plant_input_stage0: full=[0.05587 0.5    ], physical=[0.05587 0.5    ]
solver time:  1.854089
plant_input_stage0: full=[0.05019 0.5    ], physical=[0.05019 0.5    ]
solver time:  2.013663
plant_input_stage0: full=[0.04555 0.5    ], physical=[0.04555 0.5    ]
solver time:  1.491824
plant_input_stage0: full=[0.04187 0.5    ], physical=[0.04187 0.5    ]
solver time:  1.557043
plant_input_stage0: full=[0.03894 0.5    ], physical=[0.03894 0.5    ]
solver time:  1.436851
plant_input_stage0: full=[0.03661 0.5    ], physical=[0.03661 0.5    ]
solver time:  1.303751
plant_input_stage0: full=[0.03476 0.5    ], physical=[0.03476 0.5    ]
solver time:  1.259861
plant_input_stage0: full=[0.03333 0.5    ], physical=[0.03333 0.5    ]
solver time:  1.235056
plant_input_stage0: full=[0.03211 0.5    ], physical=[0.03211 0.5    ]
solver time:  1.505274
plant_input_stage0: full=[0.0312 0.5   ], physical=[0.0312 0.5   ]
solver time:  1.392411
plant_input_stage0: full=[0.06897 0.5    ], physical=[0.06897 0.5    ]
solver time:  1.35229
plant_input_stage0: full=[0.10477 0.5    ], physical=[0.10477 0.5    ]
solver time:  1.31129
plant_input_stage0: full=[0.10594 0.5    ], physical=[0.10594 0.5    ]
solver time:  1.601287
plant_input_stage0: full=[0.11033 0.5    ], physical=[0.11033 0.5    ]
solver time:  1.717743
plant_input_stage0: full=[0.11867 0.5    ], physical=[0.11867 0.5    ]
solver time:  1.46922
plant_input_stage0: full=[0.13183 0.5    ], physical=[0.13183 0.5    ]
solver time:  1.739394
plant_input_stage0: full=[0.15207 0.5    ], physical=[0.15207 0.5    ]
solver time:  1.548505
plant_input_stage0: full=[0.18351 0.5    ], physical=[0.18351 0.5    ]
solver time:  1.308843
plant_input_stage0: full=[0.20449 0.5    ], physical=[0.20449 0.5    ]
solver time:  1.616887
plant_input_stage0: full=[0.1627 0.5   ], physical=[0.1627 0.5   ]
solver time:  1.258273
plant_input_stage0: full=[0.12252 0.5    ], physical=[0.12252 0.5    ]
solver time:  2.016051
plant_input_stage0: full=[-0.13406  0.5    ], physical=[-0.13406  0.5    ]
solver time:  1.565271
plant_input_stage0: full=[ 0.5     -0.02626], physical=[ 0.5     -0.02626]
solver time:  2.123845
plant_input_stage0: full=[0.20177 0.44821], physical=[0.20177 0.44821]
solver time:  2.226141
plant_input_stage0: full=[0.30766 0.5    ], physical=[0.30766 0.5    ]
solver time:  2.239944
plant_input_stage0: full=[0.19991 0.5    ], physical=[0.19991 0.5    ]
solver time:  2.282436
plant_input_stage0: full=[0.14639 0.5    ], physical=[0.14639 0.5    ]
solver time:  2.329161
plant_input_stage0: full=[0.11395 0.5    ], physical=[0.11395 0.5    ]
solver time:  2.060219
plant_input_stage0: full=[0.0919 0.5   ], physical=[0.0919 0.5   ]
solver time:  2.551163
plant_input_stage0: full=[0.07573 0.5    ], physical=[0.07573 0.5    ]
solver time:  2.140582
plant_input_stage0: full=[0.06321 0.5    ], physical=[0.06321 0.5    ]
solver time:  2.164362
plant_input_stage0: full=[0.05316 0.5    ], physical=[0.05316 0.5    ]
solver time:  2.236964
plant_input_stage0: full=[0.04484 0.5    ], physical=[0.04484 0.5    ]
solver time:  2.060154
plant_input_stage0: full=[0.03781 0.5    ], physical=[0.03781 0.5    ]
solver time:  3.788322
plant_input_stage0: full=[0.20296 0.5    ], physical=[0.20296 0.5    ]
solver time:  3.065013
plant_input_stage0: full=[0.16608 0.5    ], physical=[0.16608 0.5    ]
solver time:  2.802957
plant_input_stage0: full=[0.13892 0.5    ], physical=[0.13892 0.5    ]
solver time:  2.485901
plant_input_stage0: full=[0.11817 0.5    ], physical=[0.11817 0.5    ]
solver time:  2.651037
plant_input_stage0: full=[0.11922 0.5    ], physical=[0.11922 0.5    ]
solver time:  2.306018
plant_input_stage0: full=[ 0.09197 -0.42579], physical=[ 0.09197 -0.42579]
solver time:  2.34103
plant_input_stage0: full=[ 0.24017 -0.47923], physical=[ 0.24017 -0.47923]
solver time:  2.859218
plant_input_stage0: full=[ 0.16732 -0.5    ], physical=[ 0.16732 -0.5    ]
solver time:  3.698856
plant_input_stage0: full=[ 0.14876 -0.5    ], physical=[ 0.14876 -0.5    ]
solver time:  2.826778
plant_input_stage0: full=[ 0.13562 -0.5    ], physical=[ 0.13562 -0.5    ]
solver time:  2.108932
plant_input_stage0: full=[ 0.12665 -0.5    ], physical=[ 0.12665 -0.5    ]
solver time:  2.207523
plant_input_stage0: full=[ 0.12148 -0.5    ], physical=[ 0.12148 -0.5    ]
solver time:  2.254024
plant_input_stage0: full=[ 0.11982 -0.5    ], physical=[ 0.11982 -0.5    ]
solver time:  1.896416
plant_input_stage0: full=[ 0.12175 -0.5    ], physical=[ 0.12175 -0.5    ]
solver time:  2.324313
plant_input_stage0: full=[ 0.12775 -0.5    ], physical=[ 0.12775 -0.5    ]
solver time:  1.768443
plant_input_stage0: full=[ 0.13873 -0.5    ], physical=[ 0.13873 -0.5    ]
solver time:  2.211915
plant_input_stage0: full=[ 0.15675 -0.5    ], physical=[ 0.15675 -0.5    ]
solver time:  2.316813
plant_input_stage0: full=[ 0.11177 -0.5    ], physical=[ 0.11177 -0.5    ]
solver time:  2.273734
plant_input_stage0: full=[ 0.08489 -0.5    ], physical=[ 0.08489 -0.5    ]
solver time:  2.141531
plant_input_stage0: full=[ 0.08269 -0.5    ], physical=[ 0.08269 -0.5    ]
solver time:  3.066064
plant_input_stage0: full=[ 0.00706 -0.5    ], physical=[ 0.00706 -0.5    ]
solver time:  2.739195
plant_input_stage0: full=[ 0.13398 -0.5    ], physical=[ 0.13398 -0.5    ]
solver time:  3.508222
plant_input_stage0: full=[ 0.06422 -0.5    ], physical=[ 0.06422 -0.5    ]
solver time:  3.239075
plant_input_stage0: full=[ 0.19776 -0.5    ], physical=[ 0.19776 -0.5    ]
solver time:  3.608116
plant_input_stage0: full=[ 0.14291 -0.5    ], physical=[ 0.14291 -0.5    ]
solver time:  5.390808
plant_input_stage0: full=[ 0.11322 -0.5    ], physical=[ 0.11322 -0.5    ]
solver time:  1.917406
plant_input_stage0: full=[ 0.18162 -0.5    ], physical=[ 0.18162 -0.5    ]
solver time:  1.856916
plant_input_stage0: full=[ 0.16264 -0.5    ], physical=[ 0.16264 -0.5    ]
solver time:  1.842704
plant_input_stage0: full=[ 0.12007 -0.5    ], physical=[ 0.12007 -0.5    ]
solver time:  1.998734
plant_input_stage0: full=[ 0.09215 -0.5    ], physical=[ 0.09215 -0.5    ]
solver time:  1.939272
plant_input_stage0: full=[ 0.07261 -0.5    ], physical=[ 0.07261 -0.5    ]
solver time:  2.327731
plant_input_stage0: full=[ 0.05945 -0.49999], physical=[ 0.05945 -0.49999]
solver time:  2.279494
plant_input_stage0: full=[ 0.04906 -0.02862], physical=[ 0.04906 -0.02862]
solver time:  2.600168
plant_input_stage0: full=[ 0.03858 -0.12903], physical=[ 0.03858 -0.12903]
solver time:  2.4993
plant_input_stage0: full=[0.03074 0.11901], physical=[0.03074 0.11901]
solver time:  3.502896
plant_input_stage0: full=[ 0.02472 -0.5    ], physical=[ 0.02472 -0.5    ]
solver time:  2.849201
plant_input_stage0: full=[ 0.01994 -0.07029], physical=[ 0.01994 -0.07029]
solver time:  3.079655
plant_input_stage0: full=[ 0.01918 -0.5    ], physical=[ 0.01918 -0.5    ]
solver time:  2.605272
plant_input_stage0: full=[ 0.0136  -0.07175], physical=[ 0.0136  -0.07175]
solver time:  2.488933
plant_input_stage0: full=[ 0.01696 -0.5    ], physical=[ 0.01696 -0.5    ]
solver time:  2.630481
plant_input_stage0: full=[ 0.00899 -0.02852], physical=[ 0.00899 -0.02852]
solver time:  2.183738
plant_input_stage0: full=[ 0.01668 -0.5    ], physical=[ 0.01668 -0.5    ]
solver time:  2.128342
plant_input_stage0: full=[ 0.01887 -0.5    ], physical=[ 0.01887 -0.5    ]
solver time:  3.31642
plant_input_stage0: full=[-0.03601 -0.5    ], physical=[-0.03601 -0.5    ]
solver time:  3.169012
plant_input_stage0: full=[-0.02465 -0.5    ], physical=[-0.02465 -0.5    ]
solver time:  3.902104
plant_input_stage0: full=[-0.01945 -0.5    ], physical=[-0.01945 -0.5    ]
solver time:  3.378206
plant_input_stage0: full=[ 0.06806 -0.46986], physical=[ 0.06806 -0.46986]
solver time:  4.458178
plant_input_stage0: full=[ 0.21456 -0.5    ], physical=[ 0.21456 -0.5    ]
solver time:  3.549406
plant_input_stage0: full=[0.18306 0.37154], physical=[0.18306 0.37154]
solver time:  6.302071
plant_input_stage0: full=[0.14462 0.40308], physical=[0.14462 0.40308]
solver time:  5.551766
plant_input_stage0: full=[0.12033 0.14346], physical=[0.12033 0.14346]
solver time:  5.790734
plant_input_stage0: full=[0.09607 0.09097], physical=[0.09607 0.09097]
solver time:  5.135952
plant_input_stage0: full=[0.07631 0.04369], physical=[0.07631 0.04369]
solver time:  3.672218
plant_input_stage0: full=[0.00604 0.5    ], physical=[0.00604 0.5    ]
solver time:  2.030615
plant_input_stage0: full=[0.00192 0.5    ], physical=[0.00192 0.5    ]
solver time:  1.924629
plant_input_stage0: full=[0.00248 0.5    ], physical=[0.00248 0.5    ]
solver time:  2.040858
plant_input_stage0: full=[0.05052 0.5    ], physical=[0.05052 0.5    ]
solver time:  2.461064
plant_input_stage0: full=[0.05127 0.5    ], physical=[0.05127 0.5    ]
solver time:  1.930128
plant_input_stage0: full=[0.04647 0.5    ], physical=[0.04647 0.5    ]
solver time:  1.743989
plant_input_stage0: full=[0.04278 0.5    ], physical=[0.04278 0.5    ]
solver time:  1.807037
plant_input_stage0: full=[0.09469 0.5    ], physical=[0.09469 0.5    ]
solver time:  1.965679
plant_input_stage0: full=[0.04162 0.5    ], physical=[0.04162 0.5    ]
solver time:  2.010074
plant_input_stage0: full=[0.11619 0.5    ], physical=[0.11619 0.5    ]
solver time:  2.103396
plant_input_stage0: full=[0.11865 0.5    ], physical=[0.11865 0.5    ]
solver time:  2.252724
plant_input_stage0: full=[0.12484 0.5    ], physical=[0.12484 0.5    ]
solver time:  1.859893
plant_input_stage0: full=[0.10738 0.5    ], physical=[0.10738 0.5    ]
solver time:  2.028722
plant_input_stage0: full=[0.0795 0.5   ], physical=[0.0795 0.5   ]
solver time:  2.062121
plant_input_stage0: full=[0.09181 0.5    ], physical=[0.09181 0.5    ]
solver time:  2.016678
plant_input_stage0: full=[0.09589 0.5    ], physical=[0.09589 0.5    ]
solver time:  2.212687
plant_input_stage0: full=[0.09666 0.5    ], physical=[0.09666 0.5    ]
solver time:  2.879591
plant_input_stage0: full=[0.03857 0.5    ], physical=[0.03857 0.5    ]
solver time:  3.114534
plant_input_stage0: full=[0.13378 0.5    ], physical=[0.13378 0.5    ]
solver time:  3.046636
plant_input_stage0: full=[0.13407 0.5    ], physical=[0.13407 0.5    ]
solver time:  3.946376
plant_input_stage0: full=[0.12826 0.5    ], physical=[0.12826 0.5    ]
solver time:  3.941413
plant_input_stage0: full=[0.11866 0.5    ], physical=[0.11866 0.5    ]
solver time:  4.410584
plant_input_stage0: full=[0.11288 0.5    ], physical=[0.11288 0.5    ]
solver time:  1.865457
plant_input_stage0: full=[0.2015 0.5   ], physical=[0.2015 0.5   ]
solver time:  1.888247
plant_input_stage0: full=[0.14286 0.5    ], physical=[0.14286 0.5    ]
solver time:  2.208516
plant_input_stage0: full=[0.10796 0.5    ], physical=[0.10796 0.5    ]
solver time:  2.021538
plant_input_stage0: full=[0.08444 0.5    ], physical=[0.08444 0.5    ]
solver time:  3.443784
plant_input_stage0: full=[0.06794 0.5    ], physical=[0.06794 0.5    ]
solver time:  2.637296
plant_input_stage0: full=[0.05675 0.5    ], physical=[0.05675 0.5    ]
solver time:  2.688696
plant_input_stage0: full=[0.04788 0.5    ], physical=[0.04788 0.5    ]
solver time:  2.445401
plant_input_stage0: full=[0.04185 0.5    ], physical=[0.04185 0.5    ]
solver time:  4.09771
plant_input_stage0: full=[-0.02804  0.5    ], physical=[-0.02804  0.5    ]
solver time:  3.675409
plant_input_stage0: full=[-0.02842  0.5    ], physical=[-0.02842  0.5    ]
solver time:  4.69683
plant_input_stage0: full=[-0.0306  0.5   ], physical=[-0.0306  0.5   ]
solver time:  3.699617
plant_input_stage0: full=[0.0759 0.5   ], physical=[0.0759 0.5   ]
solver time:  3.860296
plant_input_stage0: full=[0.07034 0.5    ], physical=[0.07034 0.5    ]
solver time:  3.392655
plant_input_stage0: full=[0.06707 0.5    ], physical=[0.06707 0.5    ]
solver time:  3.960797
plant_input_stage0: full=[0.04668 0.17995], physical=[0.04668 0.17995]
solver time:  3.854115
plant_input_stage0: full=[0.2907 0.3694], physical=[0.2907 0.3694]
solver time:  4.554698
plant_input_stage0: full=[ 0.1074  -0.32824], physical=[ 0.1074  -0.32824]
solver time:  5.893718
plant_input_stage0: full=[0.18117 0.00525], physical=[0.18117 0.00525]
solver time:  3.671006
plant_input_stage0: full=[-0.09236 -0.38142], physical=[-0.09236 -0.38142]
solver time:  3.519448
plant_input_stage0: full=[ 0.15004 -0.14182], physical=[ 0.15004 -0.14182]
solver time:  3.537342
plant_input_stage0: full=[ 0.12753 -0.5    ], physical=[ 0.12753 -0.5    ]
solver time:  4.331941
plant_input_stage0: full=[ 0.05773 -0.5    ], physical=[ 0.05773 -0.5    ]
solver time:  4.291976
plant_input_stage0: full=[ 0.05182 -0.5    ], physical=[ 0.05182 -0.5    ]
solver time:  4.207058
plant_input_stage0: full=[ 0.04685 -0.5    ], physical=[ 0.04685 -0.5    ]
solver time:  3.390606
plant_input_stage0: full=[ 0.04304 -0.5    ], physical=[ 0.04304 -0.5    ]
solver time:  3.074175
plant_input_stage0: full=[ 0.08324 -0.5    ], physical=[ 0.08324 -0.5    ]
solver time:  3.231959
plant_input_stage0: full=[ 0.08998 -0.5    ], physical=[ 0.08998 -0.5    ]
solver time:  2.771394
plant_input_stage0: full=[ 0.08953 -0.5    ], physical=[ 0.08953 -0.5    ]
solver time:  2.718496
plant_input_stage0: full=[ 0.09153 -0.5    ], physical=[ 0.09153 -0.5    ]
solver time:  2.776432
plant_input_stage0: full=[ 0.09625 -0.5    ], physical=[ 0.09625 -0.5    ]
solver time:  3.593446
plant_input_stage0: full=[ 0.10421 -0.5    ], physical=[ 0.10421 -0.5    ]
solver time:  3.742154
plant_input_stage0: full=[ 0.11638 -0.5    ], physical=[ 0.11638 -0.5    ]
solver time:  4.033225
plant_input_stage0: full=[ 0.13444 -0.5    ], physical=[ 0.13444 -0.5    ]
solver time:  3.560711
plant_input_stage0: full=[ 0.16165 -0.5    ], physical=[ 0.16165 -0.5    ]
solver time:  2.90089
plant_input_stage0: full=[ 0.20474 -0.5    ], physical=[ 0.20474 -0.5    ]
solver time:  2.231313
plant_input_stage0: full=[ 0.2804 -0.5   ], physical=[ 0.2804 -0.5   ]
solver time:  2.037473
plant_input_stage0: full=[ 0.44293 -0.5    ], physical=[ 0.44293 -0.5    ]
solver time:  2.03328
plant_input_stage0: full=[ 0.46213 -0.5    ], physical=[ 0.46213 -0.5    ]
solver time:  3.043
plant_input_stage0: full=[ 0.38291 -0.10028], physical=[ 0.38291 -0.10028]
solver time:  3.670171
plant_input_stage0: full=[0.38494 0.5    ], physical=[0.38494 0.5    ]
solver time:  3.047776
plant_input_stage0: full=[0.27743 0.5    ], physical=[0.27743 0.5    ]
solver time:  1.978496
plant_input_stage0: full=[0.1423 0.5   ], physical=[0.1423 0.5   ]
solver time:  1.93183
plant_input_stage0: full=[0.10355 0.5    ], physical=[0.10355 0.5    ]
solver time:  1.869225
plant_input_stage0: full=[0.07727 0.5    ], physical=[0.07727 0.5    ]
solver time:  2.10944
plant_input_stage0: full=[0.05943 0.5    ], physical=[0.05943 0.5    ]
solver time:  2.180635
plant_input_stage0: full=[0.04687 0.5    ], physical=[0.04687 0.5    ]
solver time:  1.710943
plant_input_stage0: full=[0.03719 0.5    ], physical=[0.03719 0.5    ]
solver time:  2.251705
plant_input_stage0: full=[0.03037 0.5    ], physical=[0.03037 0.5    ]
solver time:  2.238727
plant_input_stage0: full=[0.02538 0.5    ], physical=[0.02538 0.5    ]
solver time:  2.134276
plant_input_stage0: full=[0.02207 0.5    ], physical=[0.02207 0.5    ]
solver time:  2.173838
plant_input_stage0: full=[0.02007 0.5    ], physical=[0.02007 0.5    ]
solver time:  2.119774
plant_input_stage0: full=[0.018   0.36371], physical=[0.018   0.36371]
solver time:  2.722805
plant_input_stage0: full=[0.01303 0.02375], physical=[0.01303 0.02375]
solver time:  2.240213
plant_input_stage0: full=[0.01574 0.5    ], physical=[0.01574 0.5    ]
solver time:  2.105237
plant_input_stage0: full=[0.00883 0.02671], physical=[0.00883 0.02671]
solver time:  1.838988
plant_input_stage0: full=[0.01536 0.5    ], physical=[0.01536 0.5    ]
solver time:  2.18694
plant_input_stage0: full=[0.01744 0.5    ], physical=[0.01744 0.5    ]
solver time:  3.480003
plant_input_stage0: full=[-0.0341  0.5   ], physical=[-0.0341  0.5   ]
solver time:  2.680069
plant_input_stage0: full=[-0.02315  0.5    ], physical=[-0.02315  0.5    ]
solver time:  2.768228
plant_input_stage0: full=[-0.01644  0.5    ], physical=[-0.01644  0.5    ]
solver time:  3.21055
plant_input_stage0: full=[0.06379 0.5    ], physical=[0.06379 0.5    ]
solver time:  4.105828
plant_input_stage0: full=[0.02661 0.5    ], physical=[0.02661 0.5    ]
solver time:  3.996927
plant_input_stage0: full=[0.23961 0.02412], physical=[0.23961 0.02412]
solver time:  3.222478
plant_input_stage0: full=[ 0.17749 -0.35591], physical=[ 0.17749 -0.35591]
solver time:  5.329602
plant_input_stage0: full=[ 0.10216 -0.35018], physical=[ 0.10216 -0.35018]
solver time:  2.925357
plant_input_stage0: full=[ 0.12389 -0.09455], physical=[ 0.12389 -0.09455]
solver time:  2.457631
plant_input_stage0: full=[ 0.15877 -0.5    ], physical=[ 0.15877 -0.5    ]
solver time:  1.650131
plant_input_stage0: full=[ 0.00688 -0.5    ], physical=[ 0.00688 -0.5    ]
solver time:  1.910949
plant_input_stage0: full=[ 0.01951 -0.5    ], physical=[ 0.01951 -0.5    ]
solver time:  2.12763
plant_input_stage0: full=[ 0.05481 -0.5    ], physical=[ 0.05481 -0.5    ]
solver time:  1.659849
plant_input_stage0: full=[ 0.04925 -0.5    ], physical=[ 0.04925 -0.5    ]
solver time:  1.703789
plant_input_stage0: full=[ 0.0447 -0.5   ], physical=[ 0.0447 -0.5   ]
solver time:  1.698748
plant_input_stage0: full=[ 0.04119 -0.5    ], physical=[ 0.04119 -0.5    ]
solver time:  1.819494
plant_input_stage0: full=[ 0.05242 -0.5    ], physical=[ 0.05242 -0.5    ]
solver time:  2.125578
plant_input_stage0: full=[ 0.04263 -0.5    ], physical=[ 0.04263 -0.5    ]
solver time:  2.047491
plant_input_stage0: full=[ 0.11061 -0.5    ], physical=[ 0.11061 -0.5    ]
solver time:  1.903189
plant_input_stage0: full=[ 0.09507 -0.5    ], physical=[ 0.09507 -0.5    ]
solver time:  1.910589
plant_input_stage0: full=[ 0.08956 -0.5    ], physical=[ 0.08956 -0.5    ]
solver time:  1.611453
plant_input_stage0: full=[ 0.08594 -0.5    ], physical=[ 0.08594 -0.5    ]
solver time:  1.635426
plant_input_stage0: full=[ 0.09188 -0.5    ], physical=[ 0.09188 -0.5    ]
solver time:  1.759935
plant_input_stage0: full=[ 0.11046 -0.5    ], physical=[ 0.11046 -0.5    ]
solver time:  1.762701
plant_input_stage0: full=[ 0.12058 -0.5    ], physical=[ 0.12058 -0.5    ]
solver time:  1.733052
plant_input_stage0: full=[ 0.12543 -0.5    ], physical=[ 0.12543 -0.5    ]
solver time:  1.659355
plant_input_stage0: full=[ 0.12932 -0.5    ], physical=[ 0.12932 -0.5    ]
solver time:  1.627758
plant_input_stage0: full=[ 0.13322 -0.5    ], physical=[ 0.13322 -0.5    ]
solver time:  1.73184
plant_input_stage0: full=[ 0.13964 -0.5    ], physical=[ 0.13964 -0.5    ]
solver time:  1.864886
plant_input_stage0: full=[ 0.12612 -0.5    ], physical=[ 0.12612 -0.5    ]
solver time:  1.866288
plant_input_stage0: full=[ 0.12277 -0.5    ], physical=[ 0.12277 -0.5    ]
solver time:  1.744282
plant_input_stage0: full=[ 0.09046 -0.5    ], physical=[ 0.09046 -0.5    ]
solver time:  2.042735
plant_input_stage0: full=[ 0.06064 -0.5    ], physical=[ 0.06064 -0.5    ]
solver time:  1.766448
plant_input_stage0: full=[ 0.09191 -0.5    ], physical=[ 0.09191 -0.5    ]
solver time:  1.930373
plant_input_stage0: full=[ 0.09018 -0.5    ], physical=[ 0.09018 -0.5    ]
solver time:  1.990083
plant_input_stage0: full=[ 0.07814 -0.5    ], physical=[ 0.07814 -0.5    ]
solver time:  2.12296
plant_input_stage0: full=[ 0.06813 -0.5    ], physical=[ 0.06813 -0.5    ]
solver time:  2.346274
plant_input_stage0: full=[ 0.05994 -0.5    ], physical=[ 0.05994 -0.5    ]
solver time:  2.781238
plant_input_stage0: full=[ 0.05335 -0.5    ], physical=[ 0.05335 -0.5    ]
solver time:  2.373952
plant_input_stage0: full=[ 0.04805 -0.5    ], physical=[ 0.04805 -0.5    ]
solver time:  2.298043
plant_input_stage0: full=[ 0.04386 -0.5    ], physical=[ 0.04386 -0.5    ]
solver time:  1.919969
plant_input_stage0: full=[ 0.04053 -0.5    ], physical=[ 0.04053 -0.5    ]
solver time:  1.717663
plant_input_stage0: full=[ 0.03787 -0.5    ], physical=[ 0.03787 -0.5    ]
solver time:  1.788227
plant_input_stage0: full=[ 0.03576 -0.5    ], physical=[ 0.03576 -0.5    ]
solver time:  1.991132
plant_input_stage0: full=[ 0.03409 -0.5    ], physical=[ 0.03409 -0.5    ]
solver time:  1.750836
plant_input_stage0: full=[ 0.03275 -0.5    ], physical=[ 0.03275 -0.5    ]
solver time:  2.183016
plant_input_stage0: full=[ 0.03169 -0.5    ], physical=[ 0.03169 -0.5    ]
solver time:  1.859965
plant_input_stage0: full=[ 0.03087 -0.5    ], physical=[ 0.03087 -0.5    ]
solver time:  2.275761
plant_input_stage0: full=[ 0.10051 -0.5    ], physical=[ 0.10051 -0.5    ]
solver time:  2.69068
plant_input_stage0: full=[ 0.10029 -0.5    ], physical=[ 0.10029 -0.5    ]
solver time:  2.28314
plant_input_stage0: full=[ 0.10246 -0.5    ], physical=[ 0.10246 -0.5    ]
