Start perturbation: seed=42, pose=[0.07652358539877216, 0.7898000794687975, -1.5707963267948966], delta=[0.0015235853987721568, -0.005199920531202478, 0.0], clearance=0.028476 m, attempts=1
Start pose saved to /home/taek111/projects/psdf_mpcc/benchmark_runs/navigation_h20_20260907_seed42/obca/data/start_pose_MPC_OBCA_rectangle_maze_startseed42.json
generating global path with A* + Line of Sight
시작 위치: [0.07652 0.7898 ]
목적지: [1.8  0.09]
도착 판정 기준: position <= 0.01m, angle <= 0.01rad

******************************************************************************
This program contains Ipopt, a library for large-scale nonlinear optimization.
 Ipopt is released as open source code under the Eclipse Public License (EPL).
         For more information visit https://github.com/coin-or/Ipopt
******************************************************************************

solver time:  1.117749
plant_input_stage0: full=[ 0.5 -0.5], physical=[ 0.5 -0.5]
solver time:  1.488389
plant_input_stage0: full=[0.45282 0.5    ], physical=[0.45282 0.5    ]
solver time:  1.52727
plant_input_stage0: full=[0.27544 0.5    ], physical=[0.27544 0.5    ]
solver time:  1.280346
plant_input_stage0: full=[0.15023 0.5    ], physical=[0.15023 0.5    ]
solver time:  1.601007
plant_input_stage0: full=[0.1273 0.5   ], physical=[0.1273 0.5   ]
solver time:  1.311099
plant_input_stage0: full=[0.1119 0.5   ], physical=[0.1119 0.5   ]
solver time:  1.327329
plant_input_stage0: full=[0.06757 0.5    ], physical=[0.06757 0.5    ]
solver time:  1.434369
plant_input_stage0: full=[0.07214 0.5    ], physical=[0.07214 0.5    ]
solver time:  1.554313
plant_input_stage0: full=[0.09606 0.5    ], physical=[0.09606 0.5    ]
solver time:  1.908176
plant_input_stage0: full=[0.08311 0.5    ], physical=[0.08311 0.5    ]
solver time:  1.511566
plant_input_stage0: full=[0.07223 0.5    ], physical=[0.07223 0.5    ]
solver time:  2.715112
plant_input_stage0: full=[0.06329 0.5    ], physical=[0.06329 0.5    ]
solver time:  2.166819
plant_input_stage0: full=[0.05587 0.5    ], physical=[0.05587 0.5    ]
solver time:  1.967398
plant_input_stage0: full=[0.05019 0.5    ], physical=[0.05019 0.5    ]
solver time:  2.035944
plant_input_stage0: full=[0.04555 0.5    ], physical=[0.04555 0.5    ]
solver time:  1.48752
plant_input_stage0: full=[0.04187 0.5    ], physical=[0.04187 0.5    ]
solver time:  1.456004
plant_input_stage0: full=[0.03894 0.5    ], physical=[0.03894 0.5    ]
solver time:  1.49685
plant_input_stage0: full=[0.03661 0.5    ], physical=[0.03661 0.5    ]
solver time:  1.24864
plant_input_stage0: full=[0.03476 0.5    ], physical=[0.03476 0.5    ]
solver time:  1.196004
plant_input_stage0: full=[0.03333 0.5    ], physical=[0.03333 0.5    ]
solver time:  1.131113
plant_input_stage0: full=[0.03211 0.5    ], physical=[0.03211 0.5    ]
solver time:  1.228771
plant_input_stage0: full=[0.0312 0.5   ], physical=[0.0312 0.5   ]
solver time:  1.253592
plant_input_stage0: full=[0.06897 0.5    ], physical=[0.06897 0.5    ]
solver time:  1.216245
plant_input_stage0: full=[0.10477 0.5    ], physical=[0.10477 0.5    ]
solver time:  1.219745
plant_input_stage0: full=[0.10594 0.5    ], physical=[0.10594 0.5    ]
solver time:  1.457464
plant_input_stage0: full=[0.11033 0.5    ], physical=[0.11033 0.5    ]
solver time:  1.567928
plant_input_stage0: full=[0.11867 0.5    ], physical=[0.11867 0.5    ]
solver time:  1.37655
plant_input_stage0: full=[0.13183 0.5    ], physical=[0.13183 0.5    ]
solver time:  1.505691
plant_input_stage0: full=[0.15207 0.5    ], physical=[0.15207 0.5    ]
solver time:  1.296689
plant_input_stage0: full=[0.18351 0.5    ], physical=[0.18351 0.5    ]
solver time:  1.228343
plant_input_stage0: full=[0.20449 0.5    ], physical=[0.20449 0.5    ]
solver time:  1.450615
plant_input_stage0: full=[0.1627 0.5   ], physical=[0.1627 0.5   ]
solver time:  1.151323
plant_input_stage0: full=[0.12252 0.5    ], physical=[0.12252 0.5    ]
solver time:  1.71986
plant_input_stage0: full=[-0.13406  0.5    ], physical=[-0.13406  0.5    ]
solver time:  1.51371
plant_input_stage0: full=[ 0.5     -0.02626], physical=[ 0.5     -0.02626]
solver time:  2.080359
plant_input_stage0: full=[0.20177 0.44821], physical=[0.20177 0.44821]
solver time:  2.030121
plant_input_stage0: full=[0.30766 0.5    ], physical=[0.30766 0.5    ]
solver time:  2.399027
plant_input_stage0: full=[0.19991 0.5    ], physical=[0.19991 0.5    ]
CasADi - 2026-09-07 23:21:10 WARNING("KeyboardInterruptException") [.../casadi/interfaces/ipopt/ipopt_nlp.cpp:95]
Traceback (most recent call last):
  File "/home/taek111/projects/psdf_mpcc/benchmark_runs/navigation_h20_20260907_seed42/run_one.py", line 119, in <module>
    signal.alarm(args.wall_limit)
        ^^^^^^^^^^^^^^^^^^^^^^^^^
  File "/home/taek111/projects/psdf_mpcc/sim/simulation_mpc.py", line 2039, in mpc_test
    self.last_run_outcome = self.sim.run_navigation(simulation_time)
                            ^^^^^^^^^^^^^^^^^^^^^^^^^^^^^^^^^^^^^^^^
  File "/home/taek111/projects/psdf_mpcc/sim/simulation.py", line 150, in run_navigation
    self._robot.run_controller(self._obstacles)
  File "/home/taek111/projects/psdf_mpcc/benchmark_runs/navigation_h20_20260907_seed42/run_one.py", line 102, in run_controller
    solve_instrumented = True
       ^^^^^^^^^^^^^^^^^^^^^^^
  File "/home/taek111/projects/psdf_mpcc/sim/simulation.py", line 61, in run_controller
    self._control_action = self._controller.generate_control_input(
                           ^^^^^^^^^^^^^^^^^^^^^^^^^^^^^^^^^^^^^^^^
  File "/home/taek111/projects/psdf_mpcc/control/controller.py", line 69, in generate_control_input
    self._optimizer.setup(self._param, system, local_trajectory, obstacles)
  File "/home/taek111/projects/psdf_mpcc/control/obca_optimizer.py", line 215, in setup
    self.add_obstacle_avoidance_constraint(param, system, obstacles)
  File "/home/taek111/projects/psdf_mpcc/control/obca_optimizer.py", line 192, in add_obstacle_avoidance_constraint
    self.add_convex_to_convex_constraint(param, robot_comp, obs_geo, safe_dist)
  File "/home/taek111/projects/psdf_mpcc/control/obca_optimizer.py", line 133, in add_convex_to_convex_constraint
    cbf_curr, lamb_curr, mu_curr = get_dist_region_to_region(
                                   ^^^^^^^^^^^^^^^^^^^^^^^^^^
  File "/home/taek111/projects/psdf_mpcc/models/geometry_utils.py", line 199, in get_dist_region_to_region
    opt_sol = opti.solve()
              ^^^^^^^^^^^^
  File "/home/taek111/anaconda3/envs/ped/lib/python3.11/site-packages/casadi/casadi.py", line 50936, in solve
    return _casadi.Opti_solve(self, *args)
           ^^^^^^^^^^^^^^^^^^^^^^^^^^^^^^^
RuntimeError: Error in Opti::solve [OptiNode] at .../casadi/core/optistack.cpp:217:
.../casadi/core/optistack_internal.cpp:1334: Assertion "return_success(accept_limit)" failed:
Solver failed. You may use opti.debug.value to investigate the latest values of variables. return_status is 'NonIpopt_Exception_Thrown'
Trial history saved to /home/taek111/projects/psdf_mpcc/benchmark_runs/navigation_h20_20260907_seed42/obca/data/trial_history_MPC_OBCA_rectangle_maze_startseed42.csv
{
  "method": "obca",
  "wall_seconds": 96.90576695099935,
  "error": "RuntimeError: Error in Opti::solve [OptiNode] at .../casadi/core/optistack.cpp:217:\n.../casadi/core/optistack_internal.cpp:1334: Assertion \"return_success(accept_limit)\" failed:\nSolver failed. You may use opti.debug.value to investigate the latest values of variables. return_status is 'NonIpopt_Exception_Thrown'",
  "start_perturbation": {
    "enabled": true,
    "seed": 42,
    "position_std": 0.005,
    "heading_std_deg": 0.0,
    "max_sigma": 3.0,
    "min_clearance": 0.01,
    "max_attempts": 1000,
    "nominal_pose": [
      0.075,
      0.7949999999999999,
      -1.5707963267948966
    ],
    "initial_pose": [
      0.07652358539877216,
      0.7898000794687975,
      -1.5707963267948966
    ],
    "delta_pose": [
      0.0015235853987721568,
      -0.005199920531202478,
      0.0
    ],
    "nominal_clearance": 0.029999999999999992,
    "initial_clearance": 0.028476414601227823,
    "attempts": 1
  },
  "final_time": 3.800000000000002,
  "final_pose": [
    0.3641313435387563,
    0.5207755214466191,
    0.17139866617963714
  ],
  "goal_pose": [
    1.7999999999999998,
    0.09,
    0.0
  ],
  "distance_to_environment_goal": 1.499095176593342,
  "optimizer_class": "OBCAOptimizer",
  "parameters": {
    "horizon": 20,
    "horizon_dcbf": 20,
    "mat_Q": [
      [
        100.0,
        0.0,
        0.0
      ],
      [
        0.0,
        100.0,
        0.0
      ],
      [
        0.0,
        0.0,
        1.0
      ]
    ],
    "mat_R": [
      [
        0.0,
        0.0
      ],
      [
        0.0,
        0.0
      ]
    ],
    "mat_Rold": [
      [
        0.0,
        0.0
      ],
      [
        0.0,
        0.0
      ]
    ],
    "mat_dR": [
      [
        0.0,
        0.0
      ],
      [
        0.0,
        0.0
      ]
    ],
    "gamma": 0.8,
    "pomega": 10.0,
    "margin_dist": 0.01,
    "terminal_weight": 10.0
  },
  "completed_steps": 38,
  "minimum_sampled_clearance": 0.010278953706670016,
  "minimum_clearance_time": 2.2,
  "contact_or_collision_samples": 0,
  "first_input": [
    0.49999984036275813,
    -0.4999984145062501
  ],
  "max_abs_inputs": [
    0.4999999681487575,
    0.5000000095979287
  ],
  "solver_statuses": [
    {
      "raw_status": "Solve_Succeeded",
      "status_code": null,
      "success": true
    },
    {
      "raw_status": "Solve_Succeeded",
      "status_code": null,
      "success": true
    },
    {
      "raw_status": "Solve_Succeeded",
      "status_code": null,
      "success": true
    },
    {
      "raw_status": "Solve_Succeeded",
      "status_code": null,
      "success": true
    },
    {
      "raw_status": "Solve_Succeeded",
      "status_code": null,
      "success": true
    },
    {
      "raw_status": "Solve_Succeeded",
      "status_code": null,
      "success": true
    },
    {
      "raw_status": "Solve_Succeeded",
      "status_code": null,
      "success": true
    },
    {
      "raw_status": "Solve_Succeeded",
      "status_code": null,
      "success": true
    },
    {
      "raw_status": "Solve_Succeeded",
      "status_code": null,
      "success": true
    },
    {
      "raw_status": "Solve_Succeeded",
      "status_code": null,
      "success": true
    },
    {
      "raw_status": "Solve_Succeeded",
      "status_code": null,
      "success": true
    },
    {
      "raw_status": "Solve_Succeeded",
      "status_code": null,
      "success": true
    },
    {
      "raw_status": "Solve_Succeeded",
      "status_code": null,
      "success": true
    },
    {
      "raw_status": "Solve_Succeeded",
      "status_code": null,
      "success": true
    },
    {
      "raw_status": "Solve_Succeeded",
      "status_code": null,
      "success": true
    },
    {
      "raw_status": "Solve_Succeeded",
      "status_code": null,
      "success": true
    },
    {
      "raw_status": "Solve_Succeeded",
      "status_code": null,
      "success": true
    },
    {
      "raw_status": "Solve_Succeeded",
      "status_code": null,
      "success": true
    },
    {
      "raw_status": "Solve_Succeeded",
      "status_code": null,
      "success": true
    },
    {
      "raw_status": "Solve_Succeeded",
      "status_code": null,
      "success": true
    },
    {
      "raw_status": "Solve_Succeeded",
      "status_code": null,
      "success": true
    },
    {
      "raw_status": "Solve_Succeeded",
      "status_code": null,
      "success": true
    },
    {
      "raw_status": "Solve_Succeeded",
      "status_code": null,
      "success": true
    },
    {
      "raw_status": "Solve_Succeeded",
      "status_code": null,
      "success": true
    },
    {
      "raw_status": "Solve_Succeeded",
      "status_code": null,
      "success": true
    },
    {
      "raw_status": "Solve_Succeeded",
      "status_code": null,
      "success": true
    },
    {
      "raw_status": "Solve_Succeeded",
      "status_code": null,
      "success": true
    },
    {
      "raw_status": "Solve_Succeeded",
      "status_code": null,
      "success": true
    },
    {
      "raw_status": "Solve_Succeeded",
      "status_code": null,
      "success": true
    },
    {
      "raw_status": "Solve_Succeeded",
      "status_code": null,
      "success": true
    },
    {
      "raw_status": "Solve_Succeeded",
      "status_code": null,
      "success": true
    },
    {
      "raw_status": "Solve_Succeeded",
      "status_code": null,
      "success": true
    },
    {
      "raw_status": "Solve_Succeeded",
      "status_code": null,
      "success": true
    },
    {
      "raw_status": "Solve_Succeeded",
      "status_code": null,
      "success": true
    },
    {
      "raw_status": "Solve_Succeeded",
      "status_code": null,
      "success": true
    },
    {
      "raw_status": "Solve_Succeeded",
      "status_code": null,
      "success": true
    },
    {
      "raw_status": "Solve_Succeeded",
      "status_code": null,
      "success": true
    },
    {
      "raw_status": "Solve_Succeeded",
      "status_code": null,
      "success": true
    }
  ],
  "solver_failure_steps": 0,
  "diagnostics_error": "Error in Opti::stats [OptiNode] at .../casadi/core/optistack.cpp:266:\n.../casadi/core/optistack_internal.cpp:1166: Assertion \"solved()\" failed:\nThis action is forbidden since you have not solved the Opti stack yet (with calling 'solve').",
  "status": "error",
  "failure_reason": "RuntimeError: Error in Opti::solve [OptiNode] at .../casadi/core/optistack.cpp:217:\n.../casadi/core/optistack_internal.cpp:1334: Assertion \"return_success(accept_limit)\" failed:\nSolver failed. You may use opti.debug.value to investigate the latest values of variables. return_status is 'NonIpopt_Exception_Thrown'",
  "animation": "/home/taek111/projects/psdf_mpcc/benchmark_runs/navigation_h20_20260907_seed42/obca/animations/obca/MPC_OBCA_rectangle_maze_startseed42_failed.mp4"
}
