Start perturbation: seed=42, pose=[0.07652358539877216, 0.7898000794687975, -1.5707963267948966], delta=[0.0015235853987721568, -0.005199920531202478, 0.0], clearance=0.028476 m, attempts=1
Start pose saved to /home/taek111/projects/psdf_mpcc/benchmark_runs/navigation_h20_20260907_seed42/obca_pp_continued/data/start_pose_MPC_OBCA_rectangle_maze_startseed42.json
generating global path with A* + Line of Sight
시작 위치: [1.86018 0.75533]
목적지: [1.8  0.09]
도착 판정 기준: position <= 0.01m, angle <= 0.01rad

******************************************************************************
This program contains Ipopt, a library for large-scale nonlinear optimization.
 Ipopt is released as open source code under the Eclipse Public License (EPL).
         For more information visit https://github.com/coin-or/Ipopt
******************************************************************************

solver time:  2.466169
plant_input_stage0: full=[ 0.10782 -0.5    ], physical=[ 0.10782 -0.5    ]
solver time:  2.906372
plant_input_stage0: full=[ 0.11721 -0.5    ], physical=[ 0.11721 -0.5    ]
solver time:  2.804515
plant_input_stage0: full=[ 0.13155 -0.5    ], physical=[ 0.13155 -0.5    ]
solver time:  2.402066
plant_input_stage0: full=[ 0.15328 -0.5    ], physical=[ 0.15328 -0.5    ]
solver time:  2.280743
plant_input_stage0: full=[ 0.18717 -0.5    ], physical=[ 0.18717 -0.5    ]
solver time:  2.841542
plant_input_stage0: full=[ 0.24359 -0.5    ], physical=[ 0.24359 -0.5    ]
solver time:  2.564219
plant_input_stage0: full=[ 0.26823 -0.5    ], physical=[ 0.26823 -0.5    ]
solver time:  1.905248
plant_input_stage0: full=[ 0.24833 -0.5    ], physical=[ 0.24833 -0.5    ]
solver time:  2.261159
plant_input_stage0: full=[0.49323 0.00815], physical=[0.49323 0.00815]
solver time:  2.150527
plant_input_stage0: full=[0.06858 0.09791], physical=[0.06858 0.09791]
solver time:  3.682199
plant_input_stage0: full=[-0.5 -0.5], physical=[-0.5 -0.5]
solver time:  2.509867
plant_input_stage0: full=[0.5     0.13684], physical=[0.5     0.13684]
solver time:  3.025692
plant_input_stage0: full=[0.20638 0.13291], physical=[0.20638 0.13291]
solver time:  3.150508
plant_input_stage0: full=[-0.5 -0.5], physical=[-0.5 -0.5]
solver time:  1.947011
plant_input_stage0: full=[ 0.40799 -0.40078], physical=[ 0.40799 -0.40078]
solver time:  3.18756
plant_input_stage0: full=[ 0.31216 -0.5    ], physical=[ 0.31216 -0.5    ]
solver time:  2.924081
plant_input_stage0: full=[ 0.20091 -0.5    ], physical=[ 0.20091 -0.5    ]
solver time:  3.447748
plant_input_stage0: full=[ 0.14657 -0.5    ], physical=[ 0.14657 -0.5    ]
solver time:  1.567746
plant_input_stage0: full=[ 0.20591 -0.5    ], physical=[ 0.20591 -0.5    ]
solver time:  1.546084
plant_input_stage0: full=[ 0.14741 -0.5    ], physical=[ 0.14741 -0.5    ]
solver time:  1.566495
plant_input_stage0: full=[ 0.11036 -0.5    ], physical=[ 0.11036 -0.5    ]
solver time:  1.477529
plant_input_stage0: full=[ 0.08557 -0.5    ], physical=[ 0.08557 -0.5    ]
solver time:  1.510528
plant_input_stage0: full=[ 0.06851 -0.5    ], physical=[ 0.06851 -0.5    ]
solver time:  1.626563
plant_input_stage0: full=[ 0.05677 -0.5    ], physical=[ 0.05677 -0.5    ]
solver time:  1.735489
plant_input_stage0: full=[ 0.04817 -0.45064], physical=[ 0.04817 -0.45064]
solver time:  1.774401
plant_input_stage0: full=[ 0.04172 -0.49998], physical=[ 0.04172 -0.49998]
solver time:  1.768144
plant_input_stage0: full=[0.02692 0.49999], physical=[0.02692 0.49999]
solver time:  1.966797
plant_input_stage0: full=[ 0.02742 -0.5    ], physical=[ 0.02742 -0.5    ]
solver time:  2.148078
plant_input_stage0: full=[ 0.02153 -0.18977], physical=[ 0.02153 -0.18977]
solver time:  2.105108
plant_input_stage0: full=[0.01064 0.5    ], physical=[0.01064 0.5    ]
solver time:  1.99735
plant_input_stage0: full=[ 0.01669 -0.5    ], physical=[ 0.01669 -0.5    ]
solver time:  1.886917
plant_input_stage0: full=[ 0.01749 -0.5    ], physical=[ 0.01749 -0.5    ]
solver time:  1.618193
plant_input_stage0: full=[ 0.01892 -0.5    ], physical=[ 0.01892 -0.5    ]
solver time:  1.710035
plant_input_stage0: full=[ 0.02097 -0.5    ], physical=[ 0.02097 -0.5    ]
solver time:  2.474961
plant_input_stage0: full=[-0.03264 -0.5    ], physical=[-0.03264 -0.5    ]
solver time:  2.432761
plant_input_stage0: full=[-0.0216 -0.5   ], physical=[-0.0216 -0.5   ]
solver time:  2.820637
plant_input_stage0: full=[-0.01764 -0.5    ], physical=[-0.01764 -0.5    ]
solver time:  2.964763
plant_input_stage0: full=[ 0.07104 -0.5    ], physical=[ 0.07104 -0.5    ]
solver time:  2.994021
plant_input_stage0: full=[ 0.28703 -0.32752], physical=[ 0.28703 -0.32752]
solver time:  3.170418
plant_input_stage0: full=[0.20264 0.41872], physical=[0.20264 0.41872]
solver time:  3.546366
plant_input_stage0: full=[0.09948 0.38654], physical=[0.09948 0.38654]
solver time:  2.792571
plant_input_stage0: full=[0.07038 0.46698], physical=[0.07038 0.46698]
solver time:  2.614849
plant_input_stage0: full=[0.14547 0.5    ], physical=[0.14547 0.5    ]
solver time:  2.380215
plant_input_stage0: full=[0.04981 0.5    ], physical=[0.04981 0.5    ]
solver time:  2.57
plant_input_stage0: full=[0.05038 0.5    ], physical=[0.05038 0.5    ]
solver time:  2.194681
plant_input_stage0: full=[0.0457 0.5   ], physical=[0.0457 0.5   ]
solver time:  1.879199
plant_input_stage0: full=[0.04189 0.5    ], physical=[0.04189 0.5    ]
solver time:  1.570507
plant_input_stage0: full=[0.0389 0.5   ], physical=[0.0389 0.5   ]
solver time:  1.56967
plant_input_stage0: full=[0.03671 0.5    ], physical=[0.03671 0.5    ]
solver time:  1.566037
plant_input_stage0: full=[0.03718 0.5    ], physical=[0.03718 0.5    ]
solver time:  1.592355
plant_input_stage0: full=[0.11712 0.5    ], physical=[0.11712 0.5    ]
solver time:  1.700389
plant_input_stage0: full=[0.11 0.5 ], physical=[0.11 0.5 ]
solver time:  1.412795
plant_input_stage0: full=[0.09031 0.5    ], physical=[0.09031 0.5    ]
solver time:  1.295814
plant_input_stage0: full=[0.08647 0.5    ], physical=[0.08647 0.5    ]
solver time:  1.382848
plant_input_stage0: full=[0.08339 0.5    ], physical=[0.08339 0.5    ]
solver time:  1.411135
plant_input_stage0: full=[0.08102 0.5    ], physical=[0.08102 0.5    ]
solver time:  1.359263
plant_input_stage0: full=[0.10217 0.5    ], physical=[0.10217 0.5    ]
solver time:  1.534136
plant_input_stage0: full=[0.12374 0.5    ], physical=[0.12374 0.5    ]
solver time:  1.621528
plant_input_stage0: full=[0.12752 0.5    ], physical=[0.12752 0.5    ]
solver time:  1.57062
plant_input_stage0: full=[0.13146 0.5    ], physical=[0.13146 0.5    ]
solver time:  1.523221
plant_input_stage0: full=[0.13912 0.5    ], physical=[0.13912 0.5    ]
solver time:  1.512441
plant_input_stage0: full=[0.12983 0.5    ], physical=[0.12983 0.5    ]
solver time:  1.553266
plant_input_stage0: full=[0.12195 0.5    ], physical=[0.12195 0.5    ]
solver time:  1.795687
plant_input_stage0: full=[0.11653 0.5    ], physical=[0.11653 0.5    ]
solver time:  1.461995
plant_input_stage0: full=[0.16577 0.5    ], physical=[0.16577 0.5    ]
solver time:  1.529547
plant_input_stage0: full=[0.11948 0.5    ], physical=[0.11948 0.5    ]
solver time:  1.51057
plant_input_stage0: full=[0.08927 0.5    ], physical=[0.08927 0.5    ]
solver time:  1.563972
plant_input_stage0: full=[0.05332 0.5    ], physical=[0.05332 0.5    ]
solver time:  1.576288
plant_input_stage0: full=[0.05331 0.5    ], physical=[0.05331 0.5    ]
solver time:  1.690593
plant_input_stage0: full=[0.05005 0.5    ], physical=[0.05005 0.5    ]
solver time:  1.698551
plant_input_stage0: full=[0.04993 0.5    ], physical=[0.04993 0.5    ]
solver time:  1.944792
plant_input_stage0: full=[0.06401 0.5    ], physical=[0.06401 0.5    ]
solver time:  1.493609
plant_input_stage0: full=[0.05587 0.5    ], physical=[0.05587 0.5    ]
solver time:  1.214497
plant_input_stage0: full=[0.04988 0.5    ], physical=[0.04988 0.5    ]
solver time:  1.249613
plant_input_stage0: full=[0.04573 0.5    ], physical=[0.04573 0.5    ]
solver time:  1.434431
plant_input_stage0: full=[0.04316 0.5    ], physical=[0.04316 0.5    ]
solver time:  1.533518
plant_input_stage0: full=[0.04196 0.5    ], physical=[0.04196 0.5    ]
solver time:  1.933584
plant_input_stage0: full=[0.04205 0.5    ], physical=[0.04205 0.5    ]
solver time:  1.686201
plant_input_stage0: full=[0.04335 0.5    ], physical=[0.04335 0.5    ]
solver time:  2.285233
plant_input_stage0: full=[0.04586 0.5    ], physical=[0.04586 0.5    ]
solver time:  1.506018
plant_input_stage0: full=[0.0496 0.5   ], physical=[0.0496 0.5   ]
solver time:  1.965845
plant_input_stage0: full=[0.05472 0.5    ], physical=[0.05472 0.5    ]
solver time:  2.139164
plant_input_stage0: full=[0.06146 0.5    ], physical=[0.06146 0.5    ]
solver time:  2.337979
plant_input_stage0: full=[0.06032 0.5    ], physical=[0.06032 0.5    ]
solver time:  2.065159
plant_input_stage0: full=[0.01862 0.5    ], physical=[0.01862 0.5    ]
solver time:  2.500392
plant_input_stage0: full=[0.01737 0.5    ], physical=[0.01737 0.5    ]
solver time:  2.628838
plant_input_stage0: full=[0.01727 0.5    ], physical=[0.01727 0.5    ]
solver time:  2.564833
plant_input_stage0: full=[0.01502 0.5    ], physical=[0.01502 0.5    ]
solver time:  2.61327
plant_input_stage0: full=[0.01653 0.5    ], physical=[0.01653 0.5    ]
solver time:  2.698183
plant_input_stage0: full=[0.01427 0.5    ], physical=[0.01427 0.5    ]
solver time:  2.836838
plant_input_stage0: full=[0.01216 0.5    ], physical=[0.01216 0.5    ]
solver time:  2.833577
plant_input_stage0: full=[0.01507 0.5    ], physical=[0.01507 0.5    ]
solver time:  3.093151
plant_input_stage0: full=[ 0.12642 -0.19524], physical=[ 0.12642 -0.19524]
solver time:  3.203754
plant_input_stage0: full=[ 0.07281 -0.5    ], physical=[ 0.07281 -0.5    ]
solver time:  3.049073
plant_input_stage0: full=[-0.19801  0.5    ], physical=[-0.19801  0.5    ]
solver time:  2.714101
plant_input_stage0: full=[0.03611 0.40346], physical=[0.03611 0.40346]
solver time:  2.894929
plant_input_stage0: full=[ 0.12284 -0.5    ], physical=[ 0.12284 -0.5    ]
solver time:  3.125616
plant_input_stage0: full=[-0.13336  0.4933 ], physical=[-0.13336  0.4933 ]
solver time:  2.785288
plant_input_stage0: full=[ 0.1121  -0.05682], physical=[ 0.1121  -0.05682]
solver time:  3.035835
plant_input_stage0: full=[ 0.09601 -0.5    ], physical=[ 0.09601 -0.5    ]
solver time:  2.740022
plant_input_stage0: full=[-0.18107  0.47701], physical=[-0.18107  0.47701]
solver time:  3.211956
plant_input_stage0: full=[ 0.11765 -0.36802], physical=[ 0.11765 -0.36802]
solver time:  2.877101
plant_input_stage0: full=[-0.11745  0.39602], physical=[-0.11745  0.39602]
solver time:  2.764822
plant_input_stage0: full=[ 0.11645 -0.44899], physical=[ 0.11645 -0.44899]
solver time:  2.735538
plant_input_stage0: full=[-0.10667  0.35647], physical=[-0.10667  0.35647]
solver time:  3.096834
plant_input_stage0: full=[ 0.10892 -0.40517], physical=[ 0.10892 -0.40517]
solver time:  3.093659
plant_input_stage0: full=[-0.12743  0.48515], physical=[-0.12743  0.48515]
solver time:  2.595381
plant_input_stage0: full=[ 0.12171 -0.33936], physical=[ 0.12171 -0.33936]
solver time:  3.048
plant_input_stage0: full=[ 0.0443 -0.5   ], physical=[ 0.0443 -0.5   ]
solver time:  2.612613
plant_input_stage0: full=[-0.16618  0.5    ], physical=[-0.16618  0.5    ]
solver time:  3.225956
plant_input_stage0: full=[0.04049 0.28628], physical=[0.04049 0.28628]
solver time:  2.868166
plant_input_stage0: full=[ 0.10606 -0.40439], physical=[ 0.10606 -0.40439]
solver time:  2.351103
plant_input_stage0: full=[-0.04121 -0.14977], physical=[-0.04121 -0.14977]
목적지에 도착했습니다! 현재 위치: [1.82086 0.08471], 시간: 34.30초
Using obca optimizer with differential_drive dynamics:
median:  nan
Traceback (most recent call last):
  File "/home/taek111/projects/psdf_mpcc/benchmark_runs/navigation_h20_20260907_seed42/run_one.py", line 176, in <module>
    sim.mpc_test('maze', 'rectangle', args.method, 'differential_drive', 'astar',
  File "/home/taek111/projects/psdf_mpcc/sim/simulation_mpc.py", line 2064, in mpc_test
    print("std: ", st.stdev(solver_times) if len(solver_times) > 1 else 0.0)
  File "/home/taek111/anaconda3/envs/pp/lib/python3.10/statistics.py", line 828, in stdev
    var = variance(data, xbar)
  File "/home/taek111/anaconda3/envs/pp/lib/python3.10/statistics.py", line 768, in variance
    T, ss = _ss(data, xbar)
  File "/home/taek111/anaconda3/envs/pp/lib/python3.10/statistics.py", line 709, in _ss
    mean_n, mean_d = (total / count).as_integer_ratio()
ValueError: cannot convert NaN to integer ratio
Violated constraints (tol 1e-05), in order of declaration:
Trial history saved to /home/taek111/projects/psdf_mpcc/benchmark_runs/navigation_h20_20260907_seed42/obca_pp_continued/data/trial_history_MPC_OBCA_rectangle_maze_startseed42.csv
{
  "status": "error",
  "failure_reason": "ValueError: cannot convert NaN to integer ratio",
  "goal_reached": true,
  "final_time": 34.30000000000016,
  "distance_to_goal": 0.00928140106118405,
  "start_perturbation": {
    "enabled": true,
    "seed": 42,
    "position_std": 0.005,
    "heading_std_deg": 0.0,
    "max_sigma": 3.0,
    "min_clearance": 0.01,
    "max_attempts": 1000,
    "nominal_pose": [
      0.075,
      0.7949999999999999,
      -1.5707963267948966
    ],
    "initial_pose": [
      0.07652358539877216,
      0.7898000794687975,
      -1.5707963267948966
    ],
    "delta_pose": [
      0.0015235853987721568,
      -0.005199920531202478,
      0.0
    ],
    "nominal_clearance": 0.029999999999999992,
    "initial_clearance": 0.028476414601227823,
    "attempts": 1
  },
  "method": "obca",
  "wall_seconds": 383.5349897019996,
  "error": "ValueError: cannot convert NaN to integer ratio",
  "final_pose": [
    1.820857193992476,
    0.0847109658073099,
    -0.026754727702779674
  ],
  "goal_pose": [
    1.7999999999999998,
    0.09,
    0.0
  ],
  "distance_to_environment_goal": 0.02151735169418464,
  "optimizer_class": "OBCAOptimizer",
  "parameters": {
    "horizon": 20,
    "horizon_dcbf": 20,
    "mat_Q": [
      [
        100.0,
        0.0,
        0.0
      ],
      [
        0.0,
        100.0,
        0.0
      ],
      [
        0.0,
        0.0,
        1.0
      ]
    ],
    "mat_R": [
      [
        0.0,
        0.0
      ],
      [
        0.0,
        0.0
      ]
    ],
    "mat_Rold": [
      [
        0.0,
        0.0
      ],
      [
        0.0,
        0.0
      ]
    ],
    "mat_dR": [
      [
        0.0,
        0.0
      ],
      [
        0.0,
        0.0
      ]
    ],
    "gamma": 0.8,
    "pomega": 10.0,
    "margin_dist": 0.01,
    "terminal_weight": 10.0
  },
  "completed_steps": 343,
  "minimum_sampled_clearance": 0.010254835782746365,
  "minimum_clearance_time": 22.700000000000003,
  "contact_or_collision_samples": 0,
  "first_input": [
    0.49999984036275813,
    -0.4999984145062501
  ],
  "max_abs_inputs": [
    0.500000008380038,
    0.5000000096614625
  ],
  "solver_statuses": [
    {
      "raw_status": null,
      "status_code": null,
      "success": null
    },
    {
      "raw_status": null,
      "status_code": null,
      "success": null
    },
    {
      "raw_status": null,
      "status_code": null,
      "success": null
    },
    {
      "raw_status": null,
      "status_code": null,
      "success": null
    },
    {
      "raw_status": null,
      "status_code": null,
      "success": null
    },
    {
      "raw_status": null,
      "status_code": null,
      "success": null
    },
    {
      "raw_status": null,
      "status_code": null,
      "success": null
    },
    {
      "raw_status": null,
      "status_code": null,
      "success": null
    },
    {
      "raw_status": null,
      "status_code": null,
      "success": null
    },
    {
      "raw_status": null,
      "status_code": null,
      "success": null
    },
    {
      "raw_status": null,
      "status_code": null,
      "success": null
    },
    {
      "raw_status": null,
      "status_code": null,
      "success": null
    },
    {
      "raw_status": null,
      "status_code": null,
      "success": null
    },
    {
      "raw_status": null,
      "status_code": null,
      "success": null
    },
    {
      "raw_status": null,
      "status_code": null,
      "success": null
    },
    {
      "raw_status": null,
      "status_code": null,
      "success": null
    },
    {
      "raw_status": null,
      "status_code": null,
      "success": null
    },
    {
      "raw_status": null,
      "status_code": null,
      "success": null
    },
    {
      "raw_status": null,
      "status_code": null,
      "success": null
    },
    {
      "raw_status": null,
      "status_code": null,
      "success": null
    },
    {
      "raw_status": null,
      "status_code": null,
      "success": null
    },
    {
      "raw_status": null,
      "status_code": null,
      "success": null
    },
    {
      "raw_status": null,
      "status_code": null,
      "success": null
    },
    {
      "raw_status": null,
      "status_code": null,
      "success": null
    },
    {
      "raw_status": null,
      "status_code": null,
      "success": null
    },
    {
      "raw_status": null,
      "status_code": null,
      "success": null
    },
    {
      "raw_status": null,
      "status_code": null,
      "success": null
    },
    {
      "raw_status": null,
      "status_code": null,
      "success": null
    },
    {
      "raw_status": null,
      "status_code": null,
      "success": null
    },
    {
      "raw_status": null,
      "status_code": null,
      "success": null
    },
    {
      "raw_status": null,
      "status_code": null,
      "success": null
    },
    {
      "raw_status": null,
      "status_code": null,
      "success": null
    },
    {
      "raw_status": null,
      "status_code": null,
      "success": null
    },
    {
      "raw_status": null,
      "status_code": null,
      "success": null
    },
    {
      "raw_status": null,
      "status_code": null,
      "success": null
    },
    {
      "raw_status": null,
      "status_code": null,
      "success": null
    },
    {
      "raw_status": null,
      "status_code": null,
      "success": null
    },
    {
      "raw_status": null,
      "status_code": null,
      "success": null
    },
    {
      "raw_status": null,
      "status_code": null,
      "success": null
    },
    {
      "raw_status": null,
      "status_code": null,
      "success": null
    },
    {
      "raw_status": null,
      "status_code": null,
      "success": null
    },
    {
      "raw_status": null,
      "status_code": null,
      "success": null
    },
    {
      "raw_status": null,
      "status_code": null,
      "success": null
    },
    {
      "raw_status": null,
      "status_code": null,
      "success": null
    },
    {
      "raw_status": null,
      "status_code": null,
      "success": null
    },
    {
      "raw_status": null,
      "status_code": null,
      "success": null
    },
    {
      "raw_status": null,
      "status_code": null,
      "success": null
    },
    {
      "raw_status": null,
      "status_code": null,
      "success": null
    },
    {
      "raw_status": null,
      "status_code": null,
      "success": null
    },
    {
      "raw_status": null,
      "status_code": null,
      "success": null
    },
    {
      "raw_status": null,
      "status_code": null,
      "success": null
    },
    {
      "raw_status": null,
      "status_code": null,
      "success": null
    },
    {
      "raw_status": null,
      "status_code": null,
      "success": null
    },
    {
      "raw_status": null,
      "status_code": null,
      "success": null
    },
    {
      "raw_status": null,
      "status_code": null,
      "success": null
    },
    {
      "raw_status": null,
      "status_code": null,
      "success": null
    },
    {
      "raw_status": null,
      "status_code": null,
      "success": null
    },
    {
      "raw_status": null,
      "status_code": null,
      "success": null
    },
    {
      "raw_status": null,
      "status_code": null,
      "success": null
    },
    {
      "raw_status": null,
      "status_code": null,
      "success": null
    },
    {
      "raw_status": null,
      "status_code": null,
      "success": null
    },
    {
      "raw_status": null,
      "status_code": null,
      "success": null
    },
    {
      "raw_status": null,
      "status_code": null,
      "success": null
    },
    {
      "raw_status": null,
      "status_code": null,
      "success": null
    },
    {
      "raw_status": null,
      "status_code": null,
      "success": null
    },
    {
      "raw_status": null,
      "status_code": null,
      "success": null
    },
    {
      "raw_status": null,
      "status_code": null,
      "success": null
    },
    {
      "raw_status": null,
      "status_code": null,
      "success": null
    },
    {
      "raw_status": null,
      "status_code": null,
      "success": null
    },
    {
      "raw_status": null,
      "status_code": null,
      "success": null
    },
    {
      "raw_status": null,
      "status_code": null,
      "success": null
    },
    {
      "raw_status": null,
      "status_code": null,
      "success": null
    },
    {
      "raw_status": null,
      "status_code": null,
      "success": null
    },
    {
      "raw_status": null,
      "status_code": null,
      "success": null
    },
    {
      "raw_status": null,
      "status_code": null,
      "success": null
    },
    {
      "raw_status": null,
      "status_code": null,
      "success": null
    },
    {
      "raw_status": null,
      "status_code": null,
      "success": null
    },
    {
      "raw_status": null,
      "status_code": null,
      "success": null
    },
    {
      "raw_status": null,
      "status_code": null,
      "success": null
    },
    {
      "raw_status": null,
      "status_code": null,
      "success": null
    },
    {
      "raw_status": null,
      "status_code": null,
      "success": null
    },
    {
      "raw_status": null,
      "status_code": null,
      "success": null
    },
    {
      "raw_status": null,
      "status_code": null,
      "success": null
    },
    {
      "raw_status": null,
      "status_code": null,
      "success": null
    },
    {
      "raw_status": null,
      "status_code": null,
      "success": null
    },
    {
      "raw_status": null,
      "status_code": null,
      "success": null
    },
    {
      "raw_status": null,
      "status_code": null,
      "success": null
    },
    {
      "raw_status": null,
      "status_code": null,
      "success": null
    },
    {
      "raw_status": null,
      "status_code": null,
      "success": null
    },
    {
      "raw_status": null,
      "status_code": null,
      "success": null
    },
    {
      "raw_status": null,
      "status_code": null,
      "success": null
    },
    {
      "raw_status": null,
      "status_code": null,
      "success": null
    },
    {
      "raw_status": null,
      "status_code": null,
      "success": null
    },
    {
      "raw_status": null,
      "status_code": null,
      "success": null
    },
    {
      "raw_status": null,
      "status_code": null,
      "success": null
    },
    {
      "raw_status": null,
      "status_code": null,
      "success": null
    },
    {
      "raw_status": null,
      "status_code": null,
      "success": null
    },
    {
      "raw_status": null,
      "status_code": null,
      "success": null
    },
    {
      "raw_status": null,
      "status_code": null,
      "success": null
    },
    {
      "raw_status": null,
      "status_code": null,
      "success": null
    },
    {
      "raw_status": null,
      "status_code": null,
      "success": null
    },
    {
      "raw_status": null,
      "status_code": null,
      "success": null
    },
    {
      "raw_status": null,
      "status_code": null,
      "success": null
    },
    {
      "raw_status": null,
      "status_code": null,
      "success": null
    },
    {
      "raw_status": null,
      "status_code": null,
      "success": null
    },
    {
      "raw_status": null,
      "status_code": null,
      "success": null
    },
    {
      "raw_status": null,
      "status_code": null,
      "success": null
    },
    {
      "raw_status": null,
      "status_code": null,
      "success": null
    },
    {
      "raw_status": null,
      "status_code": null,
      "success": null
    },
    {
      "raw_status": null,
      "status_code": null,
      "success": null
    },
    {
      "raw_status": null,
      "status_code": null,
      "success": null
    },
    {
      "raw_status": null,
      "status_code": null,
      "success": null
    },
    {
      "raw_status": null,
      "status_code": null,
      "success": null
    },
    {
      "raw_status": null,
      "status_code": null,
      "success": null
    },
    {
      "raw_status": null,
      "status_code": null,
      "success": null
    },
    {
      "raw_status": null,
      "status_code": null,
      "success": null
    },
    {
      "raw_status": null,
      "status_code": null,
      "success": null
    },
    {
      "raw_status": null,
      "status_code": null,
      "success": null
    },
    {
      "raw_status": null,
      "status_code": null,
      "success": null
    },
    {
      "raw_status": null,
      "status_code": null,
      "success": null
    },
    {
      "raw_status": null,
      "status_code": null,
      "success": null
    },
    {
      "raw_status": null,
      "status_code": null,
      "success": null
    },
    {
      "raw_status": null,
      "status_code": null,
      "success": null
    },
    {
      "raw_status": null,
      "status_code": null,
      "success": null
    },
    {
      "raw_status": null,
      "status_code": null,
      "success": null
    },
    {
      "raw_status": null,
      "status_code": null,
      "success": null
    },
    {
      "raw_status": null,
      "status_code": null,
      "success": null
    },
    {
      "raw_status": null,
      "status_code": null,
      "success": null
    },
    {
      "raw_status": null,
      "status_code": null,
      "success": null
    },
    {
      "raw_status": null,
      "status_code": null,
      "success": null
    },
    {
      "raw_status": null,
      "status_code": null,
      "success": null
    },
    {
      "raw_status": null,
      "status_code": null,
      "success": null
    },
    {
      "raw_status": null,
      "status_code": null,
      "success": null
    },
    {
      "raw_status": null,
      "status_code": null,
      "success": null
    },
    {
      "raw_status": null,
      "status_code": null,
      "success": null
    },
    {
      "raw_status": null,
      "status_code": null,
      "success": null
    },
    {
      "raw_status": null,
      "status_code": null,
      "success": null
    },
    {
      "raw_status": null,
      "status_code": null,
      "success": null
    },
    {
      "raw_status": null,
      "status_code": null,
      "success": null
    },
    {
      "raw_status": null,
      "status_code": null,
      "success": null
    },
    {
      "raw_status": null,
      "status_code": null,
      "success": null
    },
    {
      "raw_status": null,
      "status_code": null,
      "success": null
    },
    {
      "raw_status": null,
      "status_code": null,
      "success": null
    },
    {
      "raw_status": null,
      "status_code": null,
      "success": null
    },
    {
      "raw_status": null,
      "status_code": null,
      "success": null
    },
    {
      "raw_status": null,
      "status_code": null,
      "success": null
    },
    {
      "raw_status": null,
      "status_code": null,
      "success": null
    },
    {
      "raw_status": null,
      "status_code": null,
      "success": null
    },
    {
      "raw_status": null,
      "status_code": null,
      "success": null
    },
    {
      "raw_status": null,
      "status_code": null,
      "success": null
    },
    {
      "raw_status": null,
      "status_code": null,
      "success": null
    },
    {
      "raw_status": null,
      "status_code": null,
      "success": null
    },
    {
      "raw_status": null,
      "status_code": null,
      "success": null
    },
    {
      "raw_status": null,
      "status_code": null,
      "success": null
    },
    {
      "raw_status": null,
      "status_code": null,
      "success": null
    },
    {
      "raw_status": null,
      "status_code": null,
      "success": null
    },
    {
      "raw_status": null,
      "status_code": null,
      "success": null
    },
    {
      "raw_status": null,
      "status_code": null,
      "success": null
    },
    {
      "raw_status": null,
      "status_code": null,
      "success": null
    },
    {
      "raw_status": null,
      "status_code": null,
      "success": null
    },
    {
      "raw_status": null,
      "status_code": null,
      "success": null
    },
    {
      "raw_status": null,
      "status_code": null,
      "success": null
    },
    {
      "raw_status": null,
      "status_code": null,
      "success": null
    },
    {
      "raw_status": null,
      "status_code": null,
      "success": null
    },
    {
      "raw_status": null,
      "status_code": null,
      "success": null
    },
    {
      "raw_status": null,
      "status_code": null,
      "success": null
    },
    {
      "raw_status": null,
      "status_code": null,
      "success": null
    },
    {
      "raw_status": null,
      "status_code": null,
      "success": null
    },
    {
      "raw_status": null,
      "status_code": null,
      "success": null
    },
    {
      "raw_status": null,
      "status_code": null,
      "success": null
    },
    {
      "raw_status": null,
      "status_code": null,
      "success": null
    },
    {
      "raw_status": null,
      "status_code": null,
      "success": null
    },
    {
      "raw_status": null,
      "status_code": null,
      "success": null
    },
    {
      "raw_status": null,
      "status_code": null,
      "success": null
    },
    {
      "raw_status": null,
      "status_code": null,
      "success": null
    },
    {
      "raw_status": null,
      "status_code": null,
      "success": null
    },
    {
      "raw_status": null,
      "status_code": null,
      "success": null
    },
    {
      "raw_status": null,
      "status_code": null,
      "success": null
    },
    {
      "raw_status": null,
      "status_code": null,
      "success": null
    },
    {
      "raw_status": null,
      "status_code": null,
      "success": null
    },
    {
      "raw_status": null,
      "status_code": null,
      "success": null
    },
    {
      "raw_status": null,
      "status_code": null,
      "success": null
    },
    {
      "raw_status": null,
      "status_code": null,
      "success": null
    },
    {
      "raw_status": null,
      "status_code": null,
      "success": null
    },
    {
      "raw_status": null,
      "status_code": null,
      "success": null
    },
    {
      "raw_status": null,
      "status_code": null,
      "success": null
    },
    {
      "raw_status": null,
      "status_code": null,
      "success": null
    },
    {
      "raw_status": null,
      "status_code": null,
      "success": null
    },
    {
      "raw_status": null,
      "status_code": null,
      "success": null
    },
    {
      "raw_status": null,
      "status_code": null,
      "success": null
    },
    {
      "raw_status": null,
      "status_code": null,
      "success": null
    },
    {
      "raw_status": null,
      "status_code": null,
      "success": null
    },
    {
      "raw_status": null,
      "status_code": null,
      "success": null
    },
    {
      "raw_status": null,
      "status_code": null,
      "success": null
    },
    {
      "raw_status": null,
      "status_code": null,
      "success": null
    },
    {
      "raw_status": null,
      "status_code": null,
      "success": null
    },
    {
      "raw_status": null,
      "status_code": null,
      "success": null
    },
    {
      "raw_status": null,
      "status_code": null,
      "success": null
    },
    {
      "raw_status": null,
      "status_code": null,
      "success": null
    },
    {
      "raw_status": null,
      "status_code": null,
      "success": null
    },
    {
      "raw_status": null,
      "status_code": null,
      "success": null
    },
    {
      "raw_status": null,
      "status_code": null,
      "success": null
    },
    {
      "raw_status": null,
      "status_code": null,
      "success": null
    },
    {
      "raw_status": null,
      "status_code": null,
      "success": null
    },
    {
      "raw_status": null,
      "status_code": null,
      "success": null
    },
    {
      "raw_status": null,
      "status_code": null,
      "success": null
    },
    {
      "raw_status": null,
      "status_code": null,
      "success": null
    },
    {
      "raw_status": null,
      "status_code": null,
      "success": null
    },
    {
      "raw_status": null,
      "status_code": null,
      "success": null
    },
    {
      "raw_status": null,
      "status_code": null,
      "success": null
    },
    {
      "raw_status": null,
      "status_code": null,
      "success": null
    },
    {
      "raw_status": null,
      "status_code": null,
      "success": null
    },
    {
      "raw_status": null,
      "status_code": null,
      "success": null
    },
    {
      "raw_status": null,
      "status_code": null,
      "success": null
    },
    {
      "raw_status": null,
      "status_code": null,
      "success": null
    },
    {
      "raw_status": null,
      "status_code": null,
      "success": null
    },
    {
      "raw_status": null,
      "status_code": null,
      "success": null
    },
    {
      "raw_status": null,
      "status_code": null,
      "success": null
    },
    {
      "raw_status": null,
      "status_code": null,
      "success": null
    },
    {
      "raw_status": null,
      "status_code": null,
      "success": null
    },
    {
      "raw_status": null,
      "status_code": null,
      "success": null
    },
    {
      "raw_status": null,
      "status_code": null,
      "success": null
    },
    {
      "raw_status": null,
      "status_code": null,
      "success": null
    },
    {
      "raw_status": null,
      "status_code": null,
      "success": null
    },
    {
      "raw_status": null,
      "status_code": null,
      "success": null
    },
    {
      "raw_status": null,
      "status_code": null,
      "success": null
    },
    {
      "raw_status": null,
      "status_code": null,
      "success": null
    },
    {
      "raw_status": null,
      "status_code": null,
      "success": null
    },
    {
      "raw_status": null,
      "status_code": null,
      "success": null
    },
    {
      "raw_status": null,
      "status_code": null,
      "success": null
    },
    {
      "raw_status": "Solve_Succeeded",
      "status_code": null,
      "success": true
    },
    {
      "raw_status": "Solve_Succeeded",
      "status_code": null,
      "success": true
    },
    {
      "raw_status": "Solve_Succeeded",
      "status_code": null,
      "success": true
    },
    {
      "raw_status": "Solve_Succeeded",
      "status_code": null,
      "success": true
    },
    {
      "raw_status": "Solve_Succeeded",
      "status_code": null,
      "success": true
    },
    {
      "raw_status": "Solve_Succeeded",
      "status_code": null,
      "success": true
    },
    {
      "raw_status": "Solve_Succeeded",
      "status_code": null,
      "success": true
    },
    {
      "raw_status": "Solve_Succeeded",
      "status_code": null,
      "success": true
    },
    {
      "raw_status": "Solve_Succeeded",
      "status_code": null,
      "success": true
    },
    {
      "raw_status": "Solve_Succeeded",
      "status_code": null,
      "success": true
    },
    {
      "raw_status": "Solve_Succeeded",
      "status_code": null,
      "success": true
    },
    {
      "raw_status": "Solve_Succeeded",
      "status_code": null,
      "success": true
    },
    {
      "raw_status": "Solve_Succeeded",
      "status_code": null,
      "success": true
    },
    {
      "raw_status": "Solve_Succeeded",
      "status_code": null,
      "success": true
    },
    {
      "raw_status": "Solve_Succeeded",
      "status_code": null,
      "success": true
    },
    {
      "raw_status": "Solve_Succeeded",
      "status_code": null,
      "success": true
    },
    {
      "raw_status": "Solve_Succeeded",
      "status_code": null,
      "success": true
    },
    {
      "raw_status": "Solve_Succeeded",
      "status_code": null,
      "success": true
    },
    {
      "raw_status": "Solve_Succeeded",
      "status_code": null,
      "success": true
    },
    {
      "raw_status": "Solve_Succeeded",
      "status_code": null,
      "success": true
    },
    {
      "raw_status": "Solve_Succeeded",
      "status_code": null,
      "success": true
    },
    {
      "raw_status": "Solve_Succeeded",
      "status_code": null,
      "success": true
    },
    {
      "raw_status": "Solve_Succeeded",
      "status_code": null,
      "success": true
    },
    {
      "raw_status": "Solve_Succeeded",
      "status_code": null,
      "success": true
    },
    {
      "raw_status": "Solve_Succeeded",
      "status_code": null,
      "success": true
    },
    {
      "raw_status": "Solve_Succeeded",
      "status_code": null,
      "success": true
    },
    {
      "raw_status": "Solve_Succeeded",
      "status_code": null,
      "success": true
    },
    {
      "raw_status": "Solve_Succeeded",
      "status_code": null,
      "success": true
    },
    {
      "raw_status": "Solve_Succeeded",
      "status_code": null,
      "success": true
    },
    {
      "raw_status": "Solve_Succeeded",
      "status_code": null,
      "success": true
    },
    {
      "raw_status": "Solve_Succeeded",
      "status_code": null,
      "success": true
    },
    {
      "raw_status": "Solve_Succeeded",
      "status_code": null,
      "success": true
    },
    {
      "raw_status": "Solve_Succeeded",
      "status_code": null,
      "success": true
    },
    {
      "raw_status": "Solve_Succeeded",
      "status_code": null,
      "success": true
    },
    {
      "raw_status": "Solve_Succeeded",
      "status_code": null,
      "success": true
    },
    {
      "raw_status": "Solve_Succeeded",
      "status_code": null,
      "success": true
    },
    {
      "raw_status": "Solve_Succeeded",
      "status_code": null,
      "success": true
    },
    {
      "raw_status": "Solve_Succeeded",
      "status_code": null,
      "success": true
    },
    {
      "raw_status": "Solve_Succeeded",
      "status_code": null,
      "success": true
    },
    {
      "raw_status": "Solve_Succeeded",
      "status_code": null,
      "success": true
    },
    {
      "raw_status": "Solve_Succeeded",
      "status_code": null,
      "success": true
    },
    {
      "raw_status": "Solve_Succeeded",
      "status_code": null,
      "success": true
    },
    {
      "raw_status": "Solve_Succeeded",
      "status_code": null,
      "success": true
    },
    {
      "raw_status": "Solve_Succeeded",
      "status_code": null,
      "success": true
    },
    {
      "raw_status": "Solve_Succeeded",
      "status_code": null,
      "success": true
    },
    {
      "raw_status": "Solve_Succeeded",
      "status_code": null,
      "success": true
    },
    {
      "raw_status": "Solve_Succeeded",
      "status_code": null,
      "success": true
    },
    {
      "raw_status": "Solve_Succeeded",
      "status_code": null,
      "success": true
    },
    {
      "raw_status": "Solve_Succeeded",
      "status_code": null,
      "success": true
    },
    {
      "raw_status": "Solve_Succeeded",
      "status_code": null,
      "success": true
    },
    {
      "raw_status": "Solve_Succeeded",
      "status_code": null,
      "success": true
    },
    {
      "raw_status": "Solve_Succeeded",
      "status_code": null,
      "success": true
    },
    {
      "raw_status": "Solve_Succeeded",
      "status_code": null,
      "success": true
    },
    {
      "raw_status": "Solve_Succeeded",
      "status_code": null,
      "success": true
    },
    {
      "raw_status": "Solve_Succeeded",
      "status_code": null,
      "success": true
    },
    {
      "raw_status": "Solve_Succeeded",
      "status_code": null,
      "success": true
    },
    {
      "raw_status": "Solve_Succeeded",
      "status_code": null,
      "success": true
    },
    {
      "raw_status": "Solve_Succeeded",
      "status_code": null,
      "success": true
    },
    {
      "raw_status": "Solve_Succeeded",
      "status_code": null,
      "success": true
    },
    {
      "raw_status": "Solve_Succeeded",
      "status_code": null,
      "success": true
    },
    {
      "raw_status": "Solve_Succeeded",
      "status_code": null,
      "success": true
    },
    {
      "raw_status": "Solve_Succeeded",
      "status_code": null,
      "success": true
    },
    {
      "raw_status": "Solve_Succeeded",
      "status_code": null,
      "success": true
    },
    {
      "raw_status": "Solve_Succeeded",
      "status_code": null,
      "success": true
    },
    {
      "raw_status": "Solve_Succeeded",
      "status_code": null,
      "success": true
    },
    {
      "raw_status": "Solve_Succeeded",
      "status_code": null,
      "success": true
    },
    {
      "raw_status": "Solve_Succeeded",
      "status_code": null,
      "success": true
    },
    {
      "raw_status": "Solve_Succeeded",
      "status_code": null,
      "success": true
    },
    {
      "raw_status": "Solve_Succeeded",
      "status_code": null,
      "success": true
    },
    {
      "raw_status": "Solve_Succeeded",
      "status_code": null,
      "success": true
    },
    {
      "raw_status": "Solve_Succeeded",
      "status_code": null,
      "success": true
    },
    {
      "raw_status": "Solve_Succeeded",
      "status_code": null,
      "success": true
    },
    {
      "raw_status": "Solve_Succeeded",
      "status_code": null,
      "success": true
    },
    {
      "raw_status": "Solve_Succeeded",
      "status_code": null,
      "success": true
    },
    {
      "raw_status": "Solve_Succeeded",
      "status_code": null,
      "success": true
    },
    {
      "raw_status": "Solve_Succeeded",
      "status_code": null,
      "success": true
    },
    {
      "raw_status": "Solve_Succeeded",
      "status_code": null,
      "success": true
    },
    {
      "raw_status": "Solve_Succeeded",
      "status_code": null,
      "success": true
    },
    {
      "raw_status": "Solve_Succeeded",
      "status_code": null,
      "success": true
    },
    {
      "raw_status": "Solve_Succeeded",
      "status_code": null,
      "success": true
    },
    {
      "raw_status": "Solve_Succeeded",
      "status_code": null,
      "success": true
    },
    {
      "raw_status": "Solve_Succeeded",
      "status_code": null,
      "success": true
    },
    {
      "raw_status": "Solve_Succeeded",
      "status_code": null,
      "success": true
    },
    {
      "raw_status": "Solve_Succeeded",
      "status_code": null,
      "success": true
    },
    {
      "raw_status": "Solve_Succeeded",
      "status_code": null,
      "success": true
    },
    {
      "raw_status": "Solve_Succeeded",
      "status_code": null,
      "success": true
    },
    {
      "raw_status": "Solve_Succeeded",
      "status_code": null,
      "success": true
    },
    {
      "raw_status": "Solve_Succeeded",
      "status_code": null,
      "success": true
    },
    {
      "raw_status": "Solve_Succeeded",
      "status_code": null,
      "success": true
    },
    {
      "raw_status": "Solve_Succeeded",
      "status_code": null,
      "success": true
    },
    {
      "raw_status": "Solve_Succeeded",
      "status_code": null,
      "success": true
    },
    {
      "raw_status": "Solve_Succeeded",
      "status_code": null,
      "success": true
    },
    {
      "raw_status": "Solve_Succeeded",
      "status_code": null,
      "success": true
    },
    {
      "raw_status": "Solve_Succeeded",
      "status_code": null,
      "success": true
    },
    {
      "raw_status": "Solve_Succeeded",
      "status_code": null,
      "success": true
    },
    {
      "raw_status": "Solve_Succeeded",
      "status_code": null,
      "success": true
    },
    {
      "raw_status": "Solve_Succeeded",
      "status_code": null,
      "success": true
    },
    {
      "raw_status": "Solve_Succeeded",
      "status_code": null,
      "success": true
    },
    {
      "raw_status": "Solve_Succeeded",
      "status_code": null,
      "success": true
    },
    {
      "raw_status": "Solve_Succeeded",
      "status_code": null,
      "success": true
    },
    {
      "raw_status": "Solve_Succeeded",
      "status_code": null,
      "success": true
    },
    {
      "raw_status": "Solve_Succeeded",
      "status_code": null,
      "success": true
    },
    {
      "raw_status": "Solve_Succeeded",
      "status_code": null,
      "success": true
    },
    {
      "raw_status": "Solve_Succeeded",
      "status_code": null,
      "success": true
    },
    {
      "raw_status": "Solve_Succeeded",
      "status_code": null,
      "success": true
    },
    {
      "raw_status": "Solve_Succeeded",
      "status_code": null,
      "success": true
    },
    {
      "raw_status": "Solve_Succeeded",
      "status_code": null,
      "success": true
    },
    {
      "raw_status": "Solve_Succeeded",
      "status_code": null,
      "success": true
    },
    {
      "raw_status": "Solve_Succeeded",
      "status_code": null,
      "success": true
    },
    {
      "raw_status": "Solve_Succeeded",
      "status_code": null,
      "success": true
    },
    {
      "raw_status": "Solve_Succeeded",
      "status_code": null,
      "success": true
    },
    {
      "raw_status": "Solve_Succeeded",
      "status_code": null,
      "success": true
    },
    {
      "raw_status": "Solve_Succeeded",
      "status_code": null,
      "success": true
    }
  ],
  "solver_failure_steps": 0,
  "ipopt_stats": {
    "iter_count": 31,
    "iterations": {
      "alpha_du": [
        0.0,
        0.258013564343656,
        0.703601688416196,
        0.3860008714736361,
        1.0,
        1.0,
        0.5088480086515217,
        0.737948827018634,
        1.0,
        1.0,
        0.7597326698416754,
        0.6403954261908573,
        0.7434026252408962,
        1.0,
        1.0,
        0.5415196404035042,
        1.0,
        1.0,
        1.0,
        0.04487640469825473,
        1.0,
        1.0,
        0.5073539965087124,
        0.6431237012137665,
        0.8561851278164011,
        1.0,
        1.0,
        0.983252590069886,
        1.0,
        1.0,
        1.0,
        1.0
      ],
      "alpha_pr": [
        0.0,
        0.17942882787036404,
        0.22682235106747956,
        0.3432960586083171,
        0.790924450686609,
        1.0,
        0.9739218769312932,
        1.0,
        1.0,
        1.0,
        1.0,
        1.0,
        1.0,
        1.0,
        0.606440101400885,
        0.44326937903130753,
        1.0,
        1.0,
        0.5748330951829933,
        0.018834478394501912,
        1.0,
        1.0,
        0.30694545187579786,
        0.6271382153555739,
        0.8350921497943529,
        1.0,
        1.0,
        0.9346955814382544,
        1.0,
        1.0,
        1.0,
        1.0
      ],
      "d_norm": [
        0.0,
        1.824977684545577,
        1.4975240777179932,
        1.157852145629839,
        0.7603660675839321,
        0.15897395325937347,
        0.48554302751800177,
        0.20058242783752828,
        0.5149436296422071,
        0.030630569255376782,
        0.12793171419488505,
        0.13994272812585756,
        0.18083832400904984,
        0.048406146075460836,
        0.3576859281947351,
        1.15091282450676,
        0.16910826450594219,
        0.24013455872301342,
        0.2741242604161586,
        12.155614687623691,
        0.33161389942131553,
        0.5083381286261308,
        0.39351066203258633,
        0.38236254021705934,
        0.17340676384485362,
        0.08575444965338773,
        0.10741024627231624,
        0.015827831983053302,
        0.005171534533104484,
        0.0025494775797489074,
        0.0013346166104612816,
        0.0006772680893817677
      ],
      "inf_du": [
        2.9741520794766116,
        2.4405034579479175,
        30.787201311708344,
        22.199872277476622,
        15.645254333209408,
        0.6058673388469178,
        45.170782407466646,
        15.011694228838508,
        0.2829530972384594,
        0.010998134501829186,
        11.848020327201667,
        6.8882999362772495,
        1.869353330851459,
        0.0015936194820341857,
        0.01812812524733526,
        0.011696354348131321,
        0.002251412617351723,
        0.0023753137844611987,
        0.019089320004562704,
        0.020146947572647456,
        0.0016256420638669916,
        0.00013052766970801308,
        0.07762444691475884,
        0.03534046626340115,
        0.009037774425209394,
        4.756899660736391e-05,
        7.01676117292882e-07,
        0.00037583580702480433,
        7.012553367041784e-08,
        8.422092943395524e-09,
        1.2175641744827104e-10,
        1.586879524895793e-10
      ],
      "inf_pr": [
        1.824977684545577,
        1.4975240777179932,
        1.157852145629839,
        0.7603660675839321,
        0.15897395325937347,
        0.0018540640692682464,
        0.0024496412637360354,
        0.006188741021462385,
        0.0071373126386099495,
        0.00017399973913079236,
        0.0002275362256189961,
        0.0003342396233511069,
        0.00029590087354769423,
        3.2996067237361926e-05,
        0.00024237149255211532,
        0.00017460736803329158,
        4.1692655065705964e-05,
        0.00012071629122678562,
        0.00017934919822881756,
        0.00017613745656752666,
        0.0007891352808450103,
        0.0007451553164010694,
        0.0005164442859995066,
        0.00019259007924010696,
        6.477161287388178e-05,
        1.2454338053746739e-05,
        1.7544190128448989e-06,
        4.179469834664218e-07,
        1.2444472985428945e-07,
        5.9486140457920555e-08,
        8.105031756855396e-09,
        1.8550645464188165e-09
      ],
      "mu": [
        0.1,
        0.1,
        0.1,
        0.1,
        0.1,
        0.1,
        0.020000000000000004,
        0.020000000000000004,
        0.020000000000000004,
        0.020000000000000004,
        0.00015042412372345582,
        0.00015042412372345582,
        0.00015042412372345582,
        0.00015042412372345582,
        0.00015042412372345582,
        0.00015042412372345582,
        0.00015042412372345582,
        0.00015042412372345582,
        0.00015042412372345582,
        0.00015042412372345582,
        0.00015042412372345582,
        0.00015042412372345582,
        1.8449144625279508e-06,
        1.8449144625279508e-06,
        1.8449144625279508e-06,
        1.8449144625279508e-06,
        1.8449144625279508e-06,
        2.5059035596800618e-09,
        2.5059035596800618e-09,
        2.5059035596800618e-09,
        2.5059035596800618e-09,
        9.090909090909091e-10
      ],
      "obj": [
        2276.030318997808,
        1883.8929825058867,
        1076.0301376979744,
        514.3179409845782,
        91.17637453815695,
        31.198274566995963,
        6.284789210293489,
        1.8922450142684142,
        1.5986020779778065,
        1.5869935269617332,
        0.44840564256081233,
        0.2665319616101738,
        0.235835269633296,
        0.23263679014495192,
        0.21677318952705812,
        0.20545393541576137,
        0.190222783262474,
        0.18257020765853224,
        0.17654695099217046,
        0.17713382019399293,
        0.17405249455673272,
        0.17210118028211022,
        0.1653357809367163,
        0.15923212400211925,
        0.1557701813563718,
        0.15483847464053552,
        0.15473878115319736,
        0.15463796205520425,
        0.15462810654075515,
        0.15462787145910606,
        0.15462781477259627,
        0.15462770317449812
      ],
      "regularization_size": [
        0.0,
        0.0,
        0.0,
        0.0,
        1.0,
        2.6666666666666665,
        0.8888888888888888,
        0.0,
        0.0,
        0.2962962962962963,
        0.09876543209876543,
        0.0,
        0.0,
        0.03292181069958847,
        0.010973936899862823,
        0.003657978966620941,
        0.009754610577655842,
        0.003251536859218614,
        0.0010838456197395378,
        0.0003612818732465126,
        0.00012042729108217086,
        0.0,
        0.0,
        0.0,
        0.0,
        0.0,
        0.0,
        0.0,
        0.0,
        0.0,
        0.0,
        0.0
      ]
    },
    "n_call_callback_fun": 0,
    "n_call_nlp_f": 36,
    "n_call_nlp_g": 36,
    "n_call_nlp_grad": 0,
    "n_call_nlp_grad_f": 33,
    "n_call_nlp_hess_l": 31,
    "n_call_nlp_jac_g": 33,
    "return_status": "Solve_Succeeded",
    "success": true,
    "t_proc_callback_fun": 0.0,
    "t_proc_nlp_f": 0.007562,
    "t_proc_nlp_g": 0.08027300000000001,
    "t_proc_nlp_grad": 0.0,
    "t_proc_nlp_grad_f": 0.007019000000000002,
    "t_proc_nlp_hess_l": 0.19946099999999997,
    "t_proc_nlp_jac_g": 0.22463500000000003,
    "t_wall_callback_fun": 0.0,
    "t_wall_nlp_f": 0.007634300000000003,
    "t_wall_nlp_g": 0.0802705,
    "t_wall_nlp_grad": 0.0,
    "t_wall_nlp_grad_f": 0.0070601000000000014,
    "t_wall_nlp_hess_l": 0.199624101,
    "t_wall_nlp_jac_g": 0.22490399999999994,
    "unified_return_status": "SOLVER_RET_SUCCESS"
  },
  "animation": "/home/taek111/projects/psdf_mpcc/benchmark_runs/navigation_h20_20260907_seed42/obca_pp_continued/animations/obca/MPC_OBCA_rectangle_maze_startseed42_failed.mp4"
}
