RMPCC configured from config: horizon=20, tf=2.0, use_obstacle_constraint=True, use_row_mf=True, d_col=0.001, d_min=0.001, d_mf_mask=0.001, mf_slack_linear=1.0, mf_slack_quadratic=1.0, chance_epsilon=0.2, mf_active_start_step=1, mf_active_end_step=None, mf_active_terminal=True, sigma_f0=0.0002, sigma_l0=0.00025, sigma_psi0=0.00025, q_f0=0.0, q_l0=0.0, q_psi0=0.0, alpha_f=0.002, alpha_v=0.0004, alpha_kappa=0.01, beta_v=0.02, beta_kappa=0.008, beta_omega=0.008, enable_backup_solver=False, debug_mf=True, debug_infeasibility=True, augmented_psdf_device=cpu
Resetting rmpcc optimizer for clean state...
Trial failure criteria enabled: movement_window_sec=5.0, movement_threshold=0.005, max_consecutive_solver_failures=10
generating global path with A* + Line of Sight
시작 위치: [0.3 0.2]
목적지: [0.8 0.8]
도착 판정 기준: position <= 0.01m, angle <= 0.01rad
Setting up RMPCC-MF optimizer...
RMPCC-MF Row M configuration: enabled=True, active only when phi > d_mf_mask=0.001, configured stages=[1, 2, 3, 4, 5, 6, 7, 8, 9, 10, 11, 12, 13, 14, 15, 16, 17, 18, 19, 20]
/home/taek111/projects/psdf_mpcc/models/geometry_utils.py:241: UserWarning: Creating a tensor from a list of numpy.ndarrays is extremely slow. Please consider converting the list to a single numpy.ndarray with numpy.array() before converting to a tensor. (Triggered internally at ../torch/csrc/utils/tensor_new.cpp:230.)
  edgesA = torch.tensor(edgesA, dtype=torch.float32)
Added two affine safety rows at intermediate/terminal stages: 0=HARD guard/recovery, 1=SOFT MF
field AcadosOcpDims.N has been migrated to AcadosOcpOptions.N_horizon. setting AcadosOcpOptions.N_horizon = N. For future comppatibility, please use AcadosOcpOptions.N_horizon directly.

WARNING: Gauss-Newton Hessian approximation with EXTERNAL cost type not well defined!
got cost_type EXTERNAL for cost_type_0, cost_type, cost_type_e, hessian_approx: 'GAUSS_NEWTON'.
With this setting, acados will proceed computing the exact Hessian for the cost term and no Hessian contribution from constraints and dynamics.
If the external cost is a linear least squares cost, this coincides with the Gauss-Newton Hessian.
Note: There is also the option to use the external cost module with a numerical Hessian approximation (see `ext_cost_num_hess`).
OR the option to provide a symbolic custom Hessian approximation (see `cost_expr_ext_cost_custom_hess`).

acados was compiled without OpenMP.
RMPCC-MF backup SQP_WITH_FEASIBLE_QP solver disabled; using nominal safe-stop recovery.
[RMPCC 0000] OK solve=94.8ms pose=(0.300,0.200,0.000) u=(0.091,-0.000) s=0.016 PSDFmin=-0.0149 G=OK(+0.104) MF=OK(active=20/20,min=+0.2,slack=+2.491e-11)
[RMPCC 0001] OK solve=59.3ms pose=(0.309,0.200,-0.000) u=(0.069,1.108) s=0.026 PSDFmin=+0.01377 G=OK(+1.217e-11) MF=OK(active=18/20,min=+0.2,slack=+4.665e-12)
[RMPCC 0002] OK solve=63.3ms pose=(0.316,0.200,0.111) u=(0.078,0.709) s=0.031 PSDFmin=+0.005899 G=OK(+0.02294) MF=OK(active=20/20,min=+8.211e-13,slack=+5.853e-13)
[RMPCC 0003] OK solve=65.9ms pose=(0.324,0.201,0.182) u=(0.100,0.545) s=0.040 PSDFmin=+0.006874 G=OK(+0.01309) MF=OK(active=20/20,min=+7.269e-11,slack=+1.583e-09)
[RMPCC 0004] OK solve=69.2ms pose=(0.334,0.203,0.236) u=(0.079,0.834) s=0.049 PSDFmin=-0.005204 G=OK(+0.02107) MF=OK(active=20/20,min=-3.222e-13,slack=+4.586e-12)
[RMPCC 0005] OK solve=59.9ms pose=(0.341,0.205,0.320) u=(0.107,0.390) s=0.056 PSDFmin=+0.002859 G=OK(+0.012) MF=OK(active=19/20,min=+6.673e-11,slack=+1.278e-11)
[RMPCC 0006] OK solve=69.6ms pose=(0.351,0.208,0.359) u=(0.092,0.945) s=0.067 PSDFmin=-0.0288 G=OK(+0.01621) MF=OK(active=20/20,min=+1.187e-14,slack=+3.318e-14)
[RMPCC 0007] OK solve=58.3ms pose=(0.360,0.211,0.453) u=(0.110,0.442) s=0.076 PSDFmin=+0.001283 G=OK(+0.01097) MF=OK(active=17/20,min=+4.277e-13,slack=+2.2e-13)
[RMPCC 0008] OK solve=70.4ms pose=(0.370,0.216,0.497) u=(0.117,0.496) s=0.087 PSDFmin=-0.01702 G=OK(+0.01938) MF=OK(active=20/20,min=+4.033e-14,slack=+2.567e-12)
[RMPCC 0009] OK solve=69.0ms pose=(0.380,0.221,0.547) u=(0.103,0.400) s=0.099 PSDFmin=-0.002642 G=OK(+0.009138) MF=OK(active=12/20,min=+1.544e-12,slack=+2.565e-12)
[RMPCC 0010] OK solve=62.6ms pose=(0.389,0.227,0.587) u=(0.138,0.270) s=0.106 PSDFmin=-0.01527 G=OK(+0.02557) MF=OK(active=15/20,min=+1.581e-14,slack=+7.443e-14)
[RMPCC 0011] OK solve=63.3ms pose=(0.400,0.234,0.614) u=(0.101,0.954) s=0.122 PSDFmin=-0.01355 G=OK(+0.002207) MF=OK(active=11/20,min=+1.417e-10,slack=+1.5e-11)
[RMPCC 0012] OK solve=66.8ms pose=(0.409,0.240,0.709) u=(0.132,0.421) s=0.126 PSDFmin=-0.03294 G=OK(+0.01743) MF=OK(active=8/20,min=+1.123e-11,slack=+5.232e-12)
[RMPCC 0013] OK solve=67.2ms pose=(0.419,0.249,0.751) u=(0.103,0.398) s=0.144 PSDFmin=-0.004843 G=OK(+0.006871) MF=OK(active=9/20,min=+6.484e-15,slack=+2.931e-15)
[RMPCC 0014] OK solve=65.6ms pose=(0.426,0.256,0.791) u=(0.153,0.207) s=0.147 PSDFmin=-0.01923 G=OK(+0.01911) MF=OK(active=15/20,min=+1.825e-10,slack=+6.471e-11)
[RMPCC 0015] OK solve=63.1ms pose=(0.437,0.267,0.812) u=(0.098,1.132) s=0.161 PSDFmin=-0.006091 G=OK(+0.003735) MF=OK(active=6/20,min=+1.06e-10,slack=+9.572e-12)
[RMPCC 0016] OK solve=62.1ms pose=(0.444,0.274,0.925) u=(0.124,0.518) s=0.171 PSDFmin=-0.01569 G=OK(+0.01064) MF=OK(active=10/20,min=+1.925e-15,slack=+2.291e-14)
[RMPCC 0017] OK solve=63.6ms pose=(0.451,0.284,0.977) u=(0.097,0.447) s=0.183 PSDFmin=-0.01079 G=OK(+0.004909) MF=OK(active=6/20,min=+2.559e-09,slack=+2.472e-09)
[RMPCC 0018] OK solve=152.8ms pose=(0.457,0.292,1.022) u=(0.150,0.039) s=0.192 PSDFmin=+0.004101 G=OK(+0.007829) MF=OK(active=13/20,min=+7.819e-13,slack=+1.313e-12)
[RMPCC 0019] OK solve=240.3ms pose=(0.464,0.305,1.025) u=(0.075,0.577) s=0.207 PSDFmin=-0.01449 G=OK(+0.006285) MF=OK(active=14/20,min=+1.508e-10,slack=+1.856e-10)
[RMPCC 0020] OK solve=251.4ms pose=(0.468,0.311,1.083) u=(0.132,0.198) s=0.214 PSDFmin=+9.191e-05 G=OK(+2.637e-13) MF=OK(active=12/20,min=+2.462e-12,slack=+7.446e-14)
[RMPCC 0021] OK solve=217.2ms pose=(0.474,0.323,1.103) u=(0.083,0.922) s=0.227 PSDFmin=+0.009546 G=OK(+0.009714) MF=OK(active=16/20,min=-1.29e-12,slack=+1.32e-11)
[RMPCC 0022] OK solve=146.7ms pose=(0.478,0.330,1.195) u=(0.090,0.459) s=0.234 PSDFmin=-0.02655 G=OK(+0.01061) MF=OK(active=18/20,min=-2.515e-15,slack=+2.485e-13)
[RMPCC 0023] OK solve=148.1ms pose=(0.481,0.338,1.241) u=(0.110,0.678) s=0.242 PSDFmin=+0.01295 G=OK(+0.01134) MF=OK(active=17/20,min=+8.819e-12,slack=+3.654e-12)
[RMPCC 0024] OK solve=224.2ms pose=(0.485,0.349,1.309) u=(0.091,0.275) s=0.255 PSDFmin=-0.02319 G=OK(+0.01261) MF=OK(active=19/20,min=+1.713e-11,slack=+4.706e-12)
[RMPCC 0025] OK solve=140.2ms pose=(0.487,0.358,1.336) u=(0.095,0.725) s=0.269 PSDFmin=+0.01319 G=OK(+0.01418) MF=OK(active=16/20,min=+1.338e-14,slack=+2.387e-15)
[RMPCC 0026] OK solve=59.5ms pose=(0.490,0.367,1.409) u=(0.131,0.254) s=0.271 PSDFmin=-0.007323 G=OK(+0.01548) MF=OK(active=20/20,min=+8.419e-13,slack=+2.928e-12)
[RMPCC 0027] OK solve=66.2ms pose=(0.492,0.380,1.434) u=(0.143,0.339) s=0.285 PSDFmin=+0.004801 G=OK(+0.01711) MF=OK(active=14/20,min=+6.433e-09,slack=+4.843e-11)
[RMPCC 0028] OK solve=61.1ms pose=(0.494,0.394,1.468) u=(0.117,0.132) s=0.300 PSDFmin=+0.01957 G=OK(+0.01842) MF=OK(active=20/20,min=+4.265e-11,slack=+1.634e-12)
[RMPCC 0029] OK solve=60.9ms pose=(0.495,0.406,1.481) u=(0.080,0.796) s=0.317 PSDFmin=-0.03006 G=OK(+0.02307) MF=OK(active=20/20,min=+8.305e-13,slack=+4.432e-13)
[RMPCC 0030] OK solve=64.9ms pose=(0.496,0.413,1.561) u=(0.146,0.383) s=0.319 PSDFmin=+0.01187 G=OK(+0.01046) MF=OK(active=5/20,min=+0.08296,slack=+1.505e-13)
[RMPCC 0031] OK solve=134.0ms pose=(0.496,0.428,1.599) u=(0.073,0.191) s=0.335 PSDFmin=-0.02109 G=OK(+0.01929) MF=OK(active=20/20,min=+5.183e-11,slack=+3.844e-10)
[RMPCC 0032] OK solve=150.5ms pose=(0.495,0.435,1.618) u=(0.165,0.174) s=0.339 PSDFmin=+0.007757 G=OK(+0.007194) MF=OK(active=5/20,min=+0.1935,slack=+1.199e-09)
[RMPCC 0033] OK solve=65.5ms pose=(0.495,0.452,1.636) u=(0.133,0.099) s=0.356 PSDFmin=-0.00504 G=OK(+0.003983) MF=OK(active=20/20,min=+1.211e-12,slack=+4.227e-13)
[RMPCC 0034] OK solve=60.3ms pose=(0.494,0.465,1.646) u=(0.197,-0.407) s=0.374 PSDFmin=+0.01013 G=OK(+0.01904) MF=OK(active=17/20,min=+1.938e-10,slack=+1.023e-10)
[RMPCC 0035] OK solve=60.3ms pose=(0.492,0.485,1.605) u=(0.250,-0.013) s=0.389 PSDFmin=-0.003002 G=OK(+0.01696) MF=OK(active=20/20,min=+4.36e-13,slack=+3.08e-13)
[RMPCC 0036] OK solve=61.5ms pose=(0.492,0.510,1.604) u=(0.154,-0.551) s=0.414 PSDFmin=+0.0003058 G=OK(+0.02231) MF=OK(active=16/20,min=+0.07995,slack=+3.956e-11)
[RMPCC 0037] OK solve=63.7ms pose=(0.491,0.525,1.549) u=(0.163,-0.180) s=0.429 PSDFmin=+0.01605 G=OK(+0.01756) MF=OK(active=16/20,min=+1.517e-10,slack=+1.271e-11)
[RMPCC 0038] OK solve=65.6ms pose=(0.491,0.541,1.531) u=(0.159,-1.200) s=0.442 PSDFmin=-0.006318 G=OK(+0.00178) MF=OK(active=20/20,min=+5.076e-14,slack=+0.1507)
[RMPCC 0039] OK solve=154.9ms pose=(0.492,0.557,1.411) u=(0.134,-0.569) s=0.455 PSDFmin=+0.004551 G=OK(+0.003782) MF=OK(active=17/20,min=+1.449e-14,slack=+0.1992)
[RMPCC 0040] OK solve=149.3ms pose=(0.494,0.571,1.354) u=(0.119,-0.231) s=0.469 PSDFmin=-0.000536 G=OK(+0.001503) MF=OK(active=19/20,min=+3.564e-13,slack=+4.417e-13)
[RMPCC 0041] OK solve=141.3ms pose=(0.497,0.582,1.331) u=(0.246,0.311) s=0.484 PSDFmin=-0.0007566 G=OK(+0.004112) MF=OK(active=19/20,min=+7.993e-12,slack=+0.06653)
[RMPCC 0042] OK solve=223.5ms pose=(0.503,0.606,1.362) u=(0.123,0.605) s=0.499 PSDFmin=+0.01139 G=OK(+0.007995) MF=OK(active=18/20,min=+4.932e-09,slack=+1.639e-09)
[RMPCC 0043] OK solve=144.6ms pose=(0.505,0.618,1.422) u=(0.179,0.510) s=0.513 PSDFmin=+0.01612 G=OK(+0.01452) MF=OK(active=19/20,min=+5.556e-13,slack=+1.941e-13)
[RMPCC 0044] OK solve=63.4ms pose=(0.508,0.636,1.473) u=(0.124,0.196) s=0.527 PSDFmin=+0.008729 G=OK(+0.0127) MF=OK(active=20/20,min=+5.894e-11,slack=+3.246e-11)
[RMPCC 0045] OK solve=63.8ms pose=(0.509,0.648,1.493) u=(0.131,-0.058) s=0.541 PSDFmin=+0.01496 G=OK(+0.01433) MF=OK(active=20/20,min=+2.438e-13,slack=+6.532e-14)
[RMPCC 0046] OK solve=71.5ms pose=(0.510,0.661,1.487) u=(0.133,0.025) s=0.555 PSDFmin=+0.01595 G=OK(+0.0146) MF=OK(active=20/20,min=+1.727e-13,slack=+6.348e-12)
[RMPCC 0047] OK solve=67.9ms pose=(0.511,0.674,1.489) u=(0.112,-0.442) s=0.569 PSDFmin=+0.01241 G=OK(+0.01168) MF=OK(active=20/20,min=-4.085e-13,slack=+1.048e-11)
[RMPCC 0048] OK solve=67.7ms pose=(0.512,0.686,1.445) u=(0.104,-0.541) s=0.583 PSDFmin=+0.01407 G=OK(+0.01221) MF=OK(active=20/20,min=+1.258e-14,slack=+3.278e-13)
[RMPCC 0049] OK solve=65.5ms pose=(0.513,0.696,1.391) u=(0.138,-0.446) s=0.597 PSDFmin=+0.01449 G=OK(+0.01293) MF=OK(active=20/20,min=+1.194e-10,slack=+9.14e-11)
[RMPCC 0050] OK solve=68.2ms pose=(0.516,0.709,1.347) u=(0.106,-0.963) s=0.611 PSDFmin=+0.01459 G=OK(+0.01284) MF=OK(active=20/20,min=+2.24e-13,slack=+3.815e-11)
[RMPCC 0051] OK solve=68.1ms pose=(0.518,0.720,1.250) u=(0.129,-1.023) s=0.625 PSDFmin=+0.01562 G=OK(+0.01362) MF=OK(active=20/20,min=+1.367e-14,slack=+3.014e-15)
[RMPCC 0052] OK solve=70.5ms pose=(0.522,0.732,1.148) u=(0.117,-1.060) s=0.638 PSDFmin=+0.01736 G=OK(+0.01546) MF=OK(active=20/20,min=+1.691e-10,slack=+3.785e-10)
[RMPCC 0053] OK solve=67.8ms pose=(0.527,0.743,1.042) u=(0.114,-1.092) s=0.653 PSDFmin=+0.01961 G=OK(+0.01775) MF=OK(active=20/20,min=+4.297e-13,slack=+6.653e-11)
[RMPCC 0054] OK solve=74.6ms pose=(0.533,0.753,0.933) u=(0.107,-1.100) s=0.666 PSDFmin=+0.02231 G=OK(+0.02053) MF=OK(active=20/20,min=+8.376e-13,slack=+9.318e-12)
[RMPCC 0055] OK solve=74.1ms pose=(0.539,0.761,0.823) u=(0.110,-1.029) s=0.684 PSDFmin=+0.02521 G=OK(+0.02345) MF=OK(active=20/20,min=+0.02043,slack=+4.082e-15)
[RMPCC 0056] OK solve=71.2ms pose=(0.547,0.769,0.720) u=(0.112,-0.890) s=0.699 PSDFmin=+0.02816 G=OK(+0.02645) MF=OK(active=20/20,min=+0.08063,slack=+6.147e-15)
[RMPCC 0057] OK solve=74.1ms pose=(0.555,0.777,0.631) u=(0.111,-0.769) s=0.714 PSDFmin=+0.0311 G=OK(+0.02947) MF=OK(active=20/20,min=+0.1311,slack=+2.324e-14)
[RMPCC 0058] OK solve=77.1ms pose=(0.564,0.783,0.554) u=(0.111,-0.664) s=0.729 PSDFmin=+0.03401 G=OK(+0.03245) MF=OK(active=20/20,min=+0.1672,slack=+1.908e-13)
[RMPCC 0059] OK solve=76.1ms pose=(0.573,0.789,0.487) u=(0.110,-0.575) s=0.745 PSDFmin=+0.03688 G=OK(+0.03538) MF=OK(active=20/20,min=+0.1906,slack=+2.248e-11)
[RMPCC 0060] OK solve=69.1ms pose=(0.583,0.794,0.430) u=(0.101,-0.496) s=0.752 PSDFmin=+0.03966 G=OK(+0.03826) MF=OK(active=20/20,min=+0.199,slack=+9.043e-10)
[RMPCC 0061] OK solve=66.2ms pose=(0.592,0.798,0.380) u=(0.102,-0.427) s=0.767 PSDFmin=+0.04229 G=OK(+0.04094) MF=OK(active=20/20,min=+0.1997,slack=+8.809e-11)
[RMPCC 0062] OK solve=60.1ms pose=(0.602,0.802,0.338) u=(0.102,-0.375) s=0.783 PSDFmin=+0.04485 G=OK(+0.04353) MF=OK(active=20/20,min=+0.2,slack=+6.789e-10)
[RMPCC 0063] OK solve=58.6ms pose=(0.611,0.806,0.300) u=(0.095,-0.327) s=0.790 PSDFmin=+0.04732 G=OK(+0.04605) MF=OK(active=20/20,min=+0.2,slack=+1.117e-10)
[RMPCC 0064] OK solve=63.2ms pose=(0.620,0.808,0.267) u=(0.088,-0.284) s=0.798 PSDFmin=+0.04975 G=OK(+0.04841) MF=OK(active=20/20,min=+0.2,slack=+9.604e-14)
[RMPCC 0065] OK solve=61.1ms pose=(0.629,0.811,0.239) u=(0.092,-0.250) s=0.813 PSDFmin=+0.05284 G=OK(+0.05123) MF=OK(active=20/20,min=+0.2,slack=+1.774e-12)
[RMPCC 0066] OK solve=62.3ms pose=(0.638,0.813,0.214) u=(0.086,-0.222) s=0.821 PSDFmin=+0.05611 G=OK(+0.055) MF=OK(active=20/20,min=+0.2,slack=+5.971e-12)
[RMPCC 0067] OK solve=63.7ms pose=(0.646,0.815,0.192) u=(0.082,-0.196) s=0.828 PSDFmin=+0.05897 G=OK(+0.05796) MF=OK(active=20/20,min=+0.2,slack=+1.296e-11)
[RMPCC 0068] OK solve=64.6ms pose=(0.654,0.816,0.172) u=(0.078,-0.173) s=0.836 PSDFmin=+0.06146 G=OK(+0.06045) MF=OK(active=20/20,min=+0.2,slack=+2.765e-11)
[RMPCC 0069] OK solve=56.0ms pose=(0.662,0.818,0.155) u=(0.074,-0.154) s=0.843 PSDFmin=+0.06366 G=OK(+0.06265) MF=OK(active=20/20,min=+0.2,slack=+3.777e-11)
[RMPCC 0070] OK solve=63.2ms pose=(0.669,0.819,0.139) u=(0.072,-0.137) s=0.851 PSDFmin=+0.0656 G=OK(+0.0646) MF=OK(active=20/20,min=+0.2,slack=+2.823e-12)
[RMPCC 0071] OK solve=64.8ms pose=(0.676,0.820,0.126) u=(0.070,-0.123) s=0.859 PSDFmin=+0.06733 G=OK(+0.06633) MF=OK(active=20/20,min=+0.2,slack=+2.828e-12)
[RMPCC 0072] OK solve=59.4ms pose=(0.683,0.821,0.113) u=(0.068,-0.111) s=0.866 PSDFmin=+0.06888 G=OK(+0.06788) MF=OK(active=20/20,min=+0.2,slack=+6.921e-11)
[RMPCC 0073] OK solve=63.6ms pose=(0.690,0.821,0.102) u=(0.067,-0.100) s=0.874 PSDFmin=+0.07027 G=OK(+0.06927) MF=OK(active=20/20,min=+0.2,slack=+3.674e-12)
[RMPCC 0074] OK solve=65.9ms pose=(0.697,0.822,0.092) u=(0.056,-0.090) s=0.874 PSDFmin=+0.07123 G=OK(+0.07023) MF=OK(active=20/20,min=+0.2,slack=+4.406e-12)
[RMPCC 0075] OK solve=57.5ms pose=(0.702,0.823,0.083) u=(0.056,-0.081) s=0.881 PSDFmin=+0.07113 G=OK(+0.07013) MF=OK(active=20/20,min=+0.2,slack=+1.787e-12)
[RMPCC 0076] OK solve=64.5ms pose=(0.708,0.823,0.075) u=(0.057,-0.074) s=0.889 PSDFmin=+0.07103 G=OK(+0.07003) MF=OK(active=20/20,min=+0.2,slack=+1.814e-11)
[RMPCC 0077] OK solve=59.1ms pose=(0.714,0.823,0.068) u=(0.048,-0.066) s=0.889 PSDFmin=+0.07097 G=OK(+0.06997) MF=OK(active=20/20,min=+0.2,slack=+7.613e-10)
[RMPCC 0078] OK solve=64.1ms pose=(0.718,0.824,0.061) u=(0.050,-0.060) s=0.897 PSDFmin=+0.07089 G=OK(+0.06989) MF=OK(active=20/20,min=+0.2,slack=+1.614e-10)
[RMPCC 0079] OK solve=65.4ms pose=(0.723,0.824,0.055) u=(0.052,-0.055) s=0.904 PSDFmin=+0.07079 G=OK(+0.06979) MF=OK(active=20/20,min=+0.2,slack=+3.044e-12)
[RMPCC 0080] OK solve=58.6ms pose=(0.729,0.824,0.050) u=(0.044,-0.050) s=0.904 PSDFmin=+0.07074 G=OK(+0.06974) MF=OK(active=20/20,min=+0.2,slack=+1.941e-10)
[RMPCC 0081] OK solve=66.5ms pose=(0.733,0.825,0.045) u=(0.046,-0.046) s=0.912 PSDFmin=+0.07066 G=OK(+0.06966) MF=OK(active=20/20,min=+0.2,slack=+5.825e-13)
[RMPCC 0082] OK solve=66.0ms pose=(0.738,0.825,0.040) u=(0.039,-0.042) s=0.912 PSDFmin=+0.07061 G=OK(+0.06961) MF=OK(active=20/20,min=+0.2,slack=+2.321e-11)
[RMPCC 0083] OK solve=66.2ms pose=(0.742,0.825,0.036) u=(0.042,-0.039) s=0.919 PSDFmin=+0.07053 G=OK(+0.06953) MF=OK(active=20/20,min=+0.2,slack=+1.017e-11)
[RMPCC 0084] OK solve=69.2ms pose=(0.746,0.825,0.032) u=(0.036,-0.035) s=0.919 PSDFmin=+0.07048 G=OK(+0.06948) MF=OK(active=20/20,min=+0.2,slack=+3.356e-10)
[RMPCC 0085] OK solve=63.5ms pose=(0.749,0.825,0.028) u=(0.040,-0.033) s=0.927 PSDFmin=+0.07041 G=OK(+0.06941) MF=OK(active=20/20,min=+0.2,slack=+9.304e-12)
[RMPCC 0086] OK solve=59.1ms pose=(0.753,0.825,0.025) u=(0.034,-0.030) s=0.927 PSDFmin=+0.07036 G=OK(+0.06936) MF=OK(active=20/20,min=+0.2,slack=+2.159e-10)
[RMPCC 0087] OK solve=63.9ms pose=(0.757,0.825,0.022) u=(0.029,-0.027) s=0.927 PSDFmin=+0.07032 G=OK(+0.06932) MF=OK(active=20/20,min=+0.2,slack=+2.767e-15)
[RMPCC 0088] OK solve=62.9ms pose=(0.760,0.825,0.019) u=(0.033,-0.025) s=0.935 PSDFmin=+0.07026 G=OK(+0.06926) MF=OK(active=20/20,min=+0.2,slack=+7.163e-11)
[RMPCC 0089] OK solve=62.7ms pose=(0.763,0.826,0.017) u=(0.029,-0.023) s=0.935 PSDFmin=+0.07021 G=OK(+0.06921) MF=OK(active=20/20,min=+0.2,slack=+3.07e-15)
[RMPCC 0090] OK solve=63.6ms pose=(0.766,0.826,0.015) u=(0.024,-0.021) s=0.935 PSDFmin=+0.07018 G=OK(+0.06918) MF=OK(active=20/20,min=+0.2,slack=+3.131e-15)
[RMPCC 0091] OK solve=61.0ms pose=(0.768,0.826,0.012) u=(0.030,-0.020) s=0.942 PSDFmin=+0.07012 G=OK(+0.06912) MF=OK(active=20/20,min=+0.2,slack=+3.552e-11)
[RMPCC 0092] OK solve=61.0ms pose=(0.771,0.826,0.010) u=(0.026,-0.019) s=0.942 PSDFmin=+0.07008 G=OK(+0.06908) MF=OK(active=20/20,min=+0.2,slack=+6.114e-10)
[RMPCC 0093] OK solve=64.0ms pose=(0.774,0.826,0.009) u=(0.021,-0.017) s=0.942 PSDFmin=+0.07005 G=OK(+0.06905) MF=OK(active=20/20,min=+0.2,slack=+1.987e-13)
[RMPCC 0094] OK solve=66.1ms pose=(0.776,0.826,0.007) u=(0.028,-0.016) s=0.950 PSDFmin=+0.06999 G=OK(+0.06899) MF=OK(active=20/20,min=+0.2,slack=+5.502e-10)
[RMPCC 0095] OK solve=72.6ms pose=(0.779,0.826,0.005) u=(0.024,-0.015) s=0.950 PSDFmin=+0.06996 G=OK(+0.06896) MF=OK(active=20/20,min=+0.2,slack=+1.094e-14)
[RMPCC 0096] OK solve=70.1ms pose=(0.781,0.826,0.004) u=(0.020,-0.014) s=0.950 PSDFmin=+0.06993 G=OK(+0.06893) MF=OK(active=20/20,min=+0.2,slack=+1.783e-13)
[RMPCC 0097] OK solve=66.4ms pose=(0.783,0.826,0.002) u=(0.017,-0.013) s=0.950 PSDFmin=+0.0699 G=OK(+0.0689) MF=OK(active=20/20,min=+0.2,slack=+3.992e-14)
[RMPCC 0098] OK solve=67.2ms pose=(0.785,0.826,0.001) u=(0.014,-0.012) s=0.950 PSDFmin=+0.06987 G=OK(+0.06887) MF=OK(active=20/20,min=+0.2,slack=+5.499e-12)
[RMPCC 0099] OK solve=68.5ms pose=(0.786,0.826,-0.000) u=(0.021,-0.011) s=0.957 PSDFmin=+0.06982 G=OK(+0.06882) MF=OK(active=20/20,min=+0.2,slack=+2.928e-13)
[RMPCC 0100] OK solve=75.0ms pose=(0.788,0.826,-0.001) u=(0.018,-0.010) s=0.957 PSDFmin=+0.0698 G=OK(+0.0688) MF=OK(active=20/20,min=+0.2,slack=+2.875e-12)
[RMPCC 0101] OK solve=79.8ms pose=(0.790,0.826,-0.002) u=(0.016,-0.010) s=0.957 PSDFmin=+0.06977 G=OK(+0.06877) MF=OK(active=20/20,min=+0.2,slack=+9.901e-13)
[RMPCC 0102] OK solve=76.0ms pose=(0.792,0.826,-0.003) u=(0.013,-0.009) s=0.957 PSDFmin=+0.06974 G=OK(+0.06874) MF=OK(active=20/20,min=+0.2,slack=+1.194e-12)
[RMPCC 0103] OK solve=71.9ms pose=(0.793,0.826,-0.004) u=(0.011,-0.008) s=0.957 PSDFmin=+0.06972 G=OK(+0.06872) MF=OK(active=20/20,min=+0.2,slack=+3.332e-12)
[RMPCC 0104] OK solve=71.4ms pose=(0.794,0.826,-0.005) u=(0.019,-0.008) s=0.965 PSDFmin=+0.06968 G=OK(+0.06868) MF=OK(active=20/20,min=+0.2,slack=+1.668e-10)
[RMPCC 0105] OK solve=74.9ms pose=(0.796,0.826,-0.006) u=(0.016,-0.008) s=0.965 PSDFmin=+0.06966 G=OK(+0.06866) MF=OK(active=20/20,min=+0.2,slack=+3.746e-12)
[RMPCC 0106] OK solve=66.5ms pose=(0.798,0.826,-0.007) u=(0.014,-0.007) s=0.965 PSDFmin=+0.06963 G=OK(+0.06863) MF=OK(active=20/20,min=+0.2,slack=+1.805e-11)
[RMPCC 0107] OK solve=66.8ms pose=(0.799,0.826,-0.007) u=(0.011,-0.007) s=0.965 PSDFmin=+0.06961 G=OK(+0.06861) MF=OK(active=20/20,min=+0.2,slack=+1.046e-11)
[RMPCC 0108] OK solve=70.0ms pose=(0.800,0.826,-0.008) u=(0.010,-0.006) s=0.965 PSDFmin=+0.06959 G=OK(+0.06859) MF=OK(active=20/20,min=+0.2,slack=+7.713e-12)
[RMPCC 0109] OK solve=68.3ms pose=(0.801,0.826,-0.009) u=(0.008,-0.006) s=0.965 PSDFmin=+0.06957 G=OK(+0.06857) MF=OK(active=20/20,min=+0.2,slack=+6.061e-12)
[RMPCC 0110] OK solve=67.5ms pose=(0.802,0.826,-0.009) u=(0.007,-0.006) s=0.965 PSDFmin=+0.06955 G=OK(+0.06855) MF=OK(active=20/20,min=+0.2,slack=+6.618e-12)
[RMPCC 0111] OK solve=70.5ms pose=(0.802,0.826,-0.010) u=(0.006,-0.005) s=0.966 PSDFmin=+0.06953 G=OK(+0.06853) MF=OK(active=20/20,min=+0.2,slack=+3.29e-11)
[RMPCC 0112] OK solve=70.5ms pose=(0.803,0.826,-0.010) u=(0.006,-0.005) s=0.966 PSDFmin=+0.06951 G=OK(+0.06851) MF=OK(active=20/20,min=+0.2,slack=+7.015e-12)
[RMPCC 0113] OK solve=70.6ms pose=(0.804,0.826,-0.011) u=(0.006,-0.005) s=0.967 PSDFmin=+0.0695 G=OK(+0.0685) MF=OK(active=20/20,min=+0.2,slack=+1.247e-11)
[RMPCC 0114] OK solve=72.2ms pose=(0.804,0.826,-0.011) u=(0.013,-0.005) s=0.973 PSDFmin=+0.06947 G=OK(+0.06847) MF=OK(active=20/20,min=+0.2,slack=+1.305e-10)
[RMPCC 0115] OK solve=67.9ms pose=(0.806,0.826,-0.012) u=(0.011,-0.005) s=0.973 PSDFmin=+0.06945 G=OK(+0.06845) MF=OK(active=20/20,min=+0.2,slack=+3.532e-11)
[RMPCC 0116] OK solve=73.7ms pose=(0.807,0.826,-0.012) u=(0.009,-0.004) s=0.973 PSDFmin=+0.06943 G=OK(+0.06843) MF=OK(active=20/20,min=+0.2,slack=+1.044e-10)
[RMPCC 0117] OK solve=70.6ms pose=(0.808,0.826,-0.013) u=(0.008,-0.004) s=0.973 PSDFmin=+0.06942 G=OK(+0.06842) MF=OK(active=20/20,min=+0.2,slack=+2.746e-15)
[RMPCC 0118] OK solve=67.0ms pose=(0.808,0.826,-0.013) u=(0.006,-0.004) s=0.973 PSDFmin=+0.0694 G=OK(+0.0684) MF=OK(active=20/20,min=+0.2,slack=+8.145e-11)
[RMPCC 0119] OK solve=70.6ms pose=(0.809,0.826,-0.013) u=(0.005,-0.003) s=0.973 PSDFmin=+0.06939 G=OK(+0.06839) MF=OK(active=20/20,min=+0.2,slack=+1.011e-14)
[RMPCC 0120] OK solve=65.4ms pose=(0.810,0.826,-0.014) u=(0.004,-0.004) s=0.973 PSDFmin=+0.06937 G=OK(+0.06837) MF=OK(active=20/20,min=+0.2,slack=+4.315e-11)
[RMPCC 0121] OK solve=69.4ms pose=(0.810,0.826,-0.014) u=(0.004,-0.003) s=0.973 PSDFmin=+0.06936 G=OK(+0.06836) MF=OK(active=20/20,min=+0.2,slack=+1.177e-11)
[RMPCC 0122] OK solve=63.9ms pose=(0.810,0.826,-0.014) u=(0.004,-0.003) s=0.974 PSDFmin=+0.06935 G=OK(+0.06835) MF=OK(active=20/20,min=+0.2,slack=+3.969e-12)
[RMPCC 0123] OK solve=70.9ms pose=(0.811,0.826,-0.015) u=(0.004,-0.003) s=0.974 PSDFmin=+0.06934 G=OK(+0.06834) MF=OK(active=20/20,min=+0.2,slack=+2.113e-12)
[RMPCC 0124] OK solve=67.2ms pose=(0.811,0.826,-0.015) u=(0.004,-0.003) s=0.974 PSDFmin=+0.06933 G=OK(+0.06833) MF=OK(active=20/20,min=+0.2,slack=+1.008e-10)
[RMPCC 0125] OK solve=72.1ms pose=(0.812,0.826,-0.015) u=(0.004,-0.003) s=0.975 PSDFmin=+0.06931 G=OK(+0.06831) MF=OK(active=20/20,min=+0.2,slack=+1.894e-10)
[RMPCC 0126] OK solve=70.3ms pose=(0.812,0.826,-0.016) u=(0.004,-0.003) s=0.975 PSDFmin=+0.0693 G=OK(+0.0683) MF=OK(active=20/20,min=+0.2,slack=+3.945e-10)
[RMPCC 0127] OK solve=75.3ms pose=(0.812,0.826,-0.016) u=(0.004,-0.003) s=0.976 PSDFmin=+0.06929 G=OK(+0.06829) MF=OK(active=20/20,min=+0.2,slack=+4.098e-10)
[RMPCC 0128] OK solve=72.8ms pose=(0.813,0.826,-0.016) u=(0.004,-0.003) s=0.976 PSDFmin=+0.06928 G=OK(+0.06828) MF=OK(active=20/20,min=+0.2,slack=+4.358e-10)
[RMPCC 0129] OK solve=72.6ms pose=(0.813,0.826,-0.016) u=(0.003,-0.003) s=0.976 PSDFmin=+0.06927 G=OK(+0.06827) MF=OK(active=20/20,min=+0.2,slack=+5.609e-10)
[RMPCC 0130] OK solve=71.1ms pose=(0.813,0.826,-0.017) u=(0.003,-0.002) s=0.977 PSDFmin=+0.06926 G=OK(+0.06826) MF=OK(active=20/20,min=+0.2,slack=+5.281e-10)
[RMPCC 0131] OK solve=70.1ms pose=(0.814,0.826,-0.017) u=(0.003,-0.002) s=0.977 PSDFmin=+0.06925 G=OK(+0.06825) MF=OK(active=20/20,min=+0.2,slack=+5.82e-10)
[RMPCC 0132] OK solve=69.7ms pose=(0.814,0.826,-0.017) u=(0.003,-0.002) s=0.977 PSDFmin=+0.06924 G=OK(+0.06824) MF=OK(active=20/20,min=+0.2,slack=+5.234e-10)
[RMPCC 0133] OK solve=71.9ms pose=(0.814,0.826,-0.017) u=(0.003,-0.002) s=0.978 PSDFmin=+0.06923 G=OK(+0.06823) MF=OK(active=20/20,min=+0.2,slack=+5.146e-10)
[RMPCC 0134] OK solve=71.7ms pose=(0.815,0.826,-0.018) u=(0.006,-0.002) s=0.980 PSDFmin=+0.06921 G=OK(+0.06821) MF=OK(active=20/20,min=+0.2,slack=+1.879e-12)
목적지에 도착했습니다! 현재 위치: [0.81532 0.8255 ], 시간: 13.50초
Using rmpcc optimizer with differential_drive dynamics:
median:  0.06723141670227051
std:  0.0369936233427253
min:  0.05602097511291504
max:  0.251384973526001
Simulation finished.
Run outcome: status=success, reason=None, final_time=13.499999999999968, distance_to_goal=0.009697793306284813
Optimizer runtime stats: safe_stop_count=0, backup_feasible_qp_success_count=0, plant_input_apply_count=135, last_solve_mode=sqp_rti
Trial history saved to /home/taek111/projects/psdf_mpcc/debug_runs/rmpcc_tuning/p1-l1_s_path_r1/data/trial_history_MPC_rmpcc_rectangle_s_path_p1-l1_s_path_r1.csv
RMPCC constraint history saved to /home/taek111/projects/psdf_mpcc/debug_runs/rmpcc_tuning/p1-l1_s_path_r1/data/rmpcc_constraints_MPC_rmpcc_rectangle_s_path_p1-l1_s_path_r1.csv
RMPCC debug history saved to /home/taek111/projects/psdf_mpcc/debug_runs/rmpcc_tuning/p1-l1_s_path_r1/data/cycle_raw.csv
RMPCC debug history saved to /home/taek111/projects/psdf_mpcc/debug_runs/rmpcc_tuning/p1-l1_s_path_r1/data/covariance_trajectory.csv
Pose-SDF data saved to /home/taek111/projects/psdf_mpcc/debug_runs/rmpcc_tuning/p1-l1_s_path_r1/data/pose_sdf_MPC_rmpcc_rectangle_s_path_p1-l1_s_path_r1.csv
Total data points: 135
SDF statistics - Min: 0.0091, Max: 0.1050, Mean: 0.0542
