RMPCC configured from config: covariance_growth_scale=0.3, alpha_f=0.0006, alpha_v=0.00012, alpha_kappa=0.003, beta_v=0.006, beta_kappa=0.0024, beta_omega=0.0024
Resetting rmpcc optimizer for clean state...
generating global path with A* + Line of Sight
시작 위치: [0.075 0.795]
목적지: [1.8  0.09]
도착 판정 기준: position <= 0.01m, angle <= 0.01rad
Setting up RMPCC-MF optimizer...
RMPCC-MF Row M configuration: enabled=True, active only when phi > d_mf_mask=0.001, configured stages=[1, 2, 3, 4, 5, 6, 7, 8, 9, 10, 11, 12, 13, 14, 15, 16, 17, 18, 19, 20]
/home/taek111/projects/psdf_mpcc/models/geometry_utils.py:241: UserWarning: Creating a tensor from a list of numpy.ndarrays is extremely slow. Please consider converting the list to a single numpy.ndarray with numpy.array() before converting to a tensor. (Triggered internally at ../torch/csrc/utils/tensor_new.cpp:230.)
  edgesA = torch.tensor(edgesA, dtype=torch.float32)
Added two affine safety rows at intermediate/terminal stages: 0=HARD guard/recovery, 1=SOFT MF
field AcadosOcpDims.N has been migrated to AcadosOcpOptions.N_horizon. setting AcadosOcpOptions.N_horizon = N. For future comppatibility, please use AcadosOcpOptions.N_horizon directly.

WARNING: Gauss-Newton Hessian approximation with EXTERNAL cost type not well defined!
got cost_type EXTERNAL for cost_type_0, cost_type, cost_type_e, hessian_approx: 'GAUSS_NEWTON'.
With this setting, acados will proceed computing the exact Hessian for the cost term and no Hessian contribution from constraints and dynamics.
If the external cost is a linear least squares cost, this coincides with the Gauss-Newton Hessian.
Note: There is also the option to use the external cost module with a numerical Hessian approximation (see `ext_cost_num_hess`).
OR the option to provide a symbolic custom Hessian approximation (see `cost_expr_ext_cost_custom_hess`).

acados was compiled without OpenMP.
RMPCC-MF backup SQP_WITH_FEASIBLE_QP solver disabled; using nominal safe-stop recovery.
[RMPCC 0000] OK solve=154.7ms pose=(0.075,0.795,-1.571) u=(0.123,0.000) s=0.013 PSDFmin=+0.03 G=OK(+0.04134) MF=OK(active=20/20,min=+0.2,slack=+7.52e-12)
[RMPCC 0001] OK solve=141.5ms pose=(0.075,0.783,-1.571) u=(0.114,0.088) s=0.024 PSDFmin=-0.002916 G=OK(+6.709e-11) MF=OK(active=20/20,min=+0.2,slack=+5.495e-11)
[RMPCC 0002] OK solve=134.5ms pose=(0.075,0.771,-1.562) u=(0.117,0.086) s=0.035 PSDFmin=+0.003711 G=OK(+0.001578) MF=OK(active=14/20,min=+1.334e-14,slack=+1.97e-17)
[RMPCC 0003] OK solve=141.2ms pose=(0.075,0.760,-1.553) u=(0.135,-0.183) s=0.041 PSDFmin=+0.01563 G=OK(+0.0154) MF=OK(active=20/20,min=+6.149e-13,slack=+2.1e-15)
[RMPCC 0004] OK solve=130.2ms pose=(0.075,0.746,-1.572) u=(0.177,0.208) s=0.055 PSDFmin=+0.001009 G=OK(+1.221e-15) MF=OK(active=20/20,min=+9.997e-15,slack=+3.926e-17)
[RMPCC 0005] OK solve=128.1ms pose=(0.075,0.728,-1.551) u=(0.124,0.014) s=0.071 PSDFmin=-0.007813 G=OK(+0.008291) MF=OK(active=20/20,min=+9.31e-11,slack=+5.624e-14)
[RMPCC 0006] OK solve=134.2ms pose=(0.076,0.716,-1.549) u=(0.141,-0.136) s=0.072 PSDFmin=+0.01105 G=OK(+1.83e-12) MF=OK(active=19/20,min=+2.965e-13,slack=+1.605e-15)
[RMPCC 0007] OK solve=134.8ms pose=(0.076,0.702,-1.563) u=(0.183,0.340) s=0.088 PSDFmin=+0.0001686 G=OK(+7.416e-14) MF=OK(active=20/20,min=+4.48e-15,slack=+3.959e-17)
[RMPCC 0008] OK solve=133.9ms pose=(0.076,0.684,-1.529) u=(0.106,0.126) s=0.105 PSDFmin=-0.008615 G=OK(+0.009219) MF=OK(active=18/20,min=-2.639e-12,slack=+1.856e-13)
[RMPCC 0009] OK solve=136.5ms pose=(0.076,0.673,-1.516) u=(0.125,0.053) s=0.108 PSDFmin=+0.00688 G=OK(+0.008611) MF=OK(active=18/20,min=+9.825e-13,slack=+1.08e-15)
[RMPCC 0010] OK solve=138.5ms pose=(0.077,0.661,-1.511) u=(0.118,0.549) s=0.124 PSDFmin=+0.005622 G=OK(+0.004367) MF=OK(active=20/20,min=+3.032e-09,slack=+5.327e-12)
[RMPCC 0011] OK solve=259.6ms pose=(0.078,0.649,-1.456) u=(0.111,0.178) s=0.143 PSDFmin=-0.0005581 G=OK(+0.004661) MF=OK(active=20/20,min=-8.616e-14,slack=+1.765e-14)
[RMPCC 0012] OK solve=276.2ms pose=(0.079,0.638,-1.438) u=(0.094,0.319) s=0.147 PSDFmin=+0.003495 G=OK(+0.002372) MF=OK(active=15/20,min=+4.62e-09,slack=+1.152e-11)
[RMPCC 0013] OK solve=297.2ms pose=(0.080,0.628,-1.406) u=(0.047,0.558) s=0.165 PSDFmin=+0.007055 G=OK(+0.005712) MF=OK(active=20/20,min=+3.843e-11,slack=+7.124e-14)
[RMPCC 0014] OK solve=450.4ms pose=(0.081,0.624,-1.351) u=(0.080,0.525) s=0.168 PSDFmin=+0.003355 G=OK(+0.00347) MF=OK(active=19/20,min=+5.649e-11,slack=+1.604e-13)
[RMPCC 0015] OK solve=269.8ms pose=(0.083,0.616,-1.298) u=(0.069,0.451) s=0.186 PSDFmin=+0.007205 G=OK(+0.005847) MF=OK(active=19/20,min=+1.035e-13,slack=+4.387e-16)
[RMPCC 0016] OK solve=266.5ms pose=(0.085,0.609,-1.253) u=(0.097,0.665) s=0.190 PSDFmin=+0.006931 G=OK(+0.004984) MF=OK(active=20/20,min=+3.087e-11,slack=+2.17e-13)
[RMPCC 0017] OK solve=266.3ms pose=(0.088,0.600,-1.187) u=(0.078,1.124) s=0.206 PSDFmin=+0.003256 G=OK(+0.002101) MF=OK(active=18/20,min=+5.782e-13,slack=+2.667e-15)
[RMPCC 0018] OK solve=274.7ms pose=(0.091,0.593,-1.074) u=(0.139,0.450) s=0.213 PSDFmin=+0.005569 G=OK(+0.004631) MF=OK(active=20/20,min=+5.069e-16,slack=+5.174e-16)
[RMPCC 0019] OK solve=267.4ms pose=(0.097,0.581,-1.029) u=(0.070,1.200) s=0.229 PSDFmin=+0.0086 G=OK(+0.004815) MF=OK(active=18/20,min=+2.766e-10,slack=+1.271e-13)
[RMPCC 0020] OK solve=139.3ms pose=(0.101,0.575,-0.909) u=(0.097,0.831) s=0.238 PSDFmin=+0.007927 G=OK(+0.006757) MF=OK(active=20/20,min=+3.568e-14,slack=+1.551e-16)
[RMPCC 0021] OK solve=133.0ms pose=(0.107,0.567,-0.826) u=(0.055,1.095) s=0.242 PSDFmin=+0.008466 G=OK(+0.006921) MF=OK(active=20/20,min=+1.149e-14,slack=+3.948e-16)
[RMPCC 0022] OK solve=134.6ms pose=(0.111,0.563,-0.716) u=(0.123,1.079) s=0.251 PSDFmin=+0.00857 G=OK(+0.006574) MF=OK(active=20/20,min=+2.31e-12,slack=+8.308e-15)
[RMPCC 0023] OK solve=131.9ms pose=(0.120,0.555,-0.609) u=(0.118,1.065) s=0.265 PSDFmin=+0.009681 G=OK(+0.007733) MF=OK(active=20/20,min=+3.951e-12,slack=+5.353e-15)
[RMPCC 0024] OK solve=132.8ms pose=(0.130,0.548,-0.502) u=(0.124,0.987) s=0.269 PSDFmin=+0.01134 G=OK(+0.009396) MF=OK(active=20/20,min=+1.714e-12,slack=+1.945e-14)
[RMPCC 0025] OK solve=127.4ms pose=(0.140,0.542,-0.403) u=(0.135,0.910) s=0.282 PSDFmin=+0.01359 G=OK(+0.01161) MF=OK(active=20/20,min=+7.332e-11,slack=+3.427e-14)
[RMPCC 0026] OK solve=131.8ms pose=(0.153,0.537,-0.312) u=(0.146,0.832) s=0.296 PSDFmin=+0.01645 G=OK(+0.01445) MF=OK(active=20/20,min=+9.043e-13,slack=+1.754e-16)
[RMPCC 0027] OK solve=146.5ms pose=(0.167,0.532,-0.229) u=(0.152,0.767) s=0.310 PSDFmin=+0.01631 G=OK(+0.01531) MF=OK(active=20/20,min=+2.239e-12,slack=+6.125e-14)
[RMPCC 0028] OK solve=157.8ms pose=(0.182,0.529,-0.153) u=(0.156,0.691) s=0.325 PSDFmin=+0.007246 G=OK(+0.006095) MF=OK(active=20/20,min=+2.491e-14,slack=+4.443e-17)
[RMPCC 0029] OK solve=153.0ms pose=(0.197,0.527,-0.083) u=(0.155,0.617) s=0.340 PSDFmin=+0.006314 G=OK(+0.003894) MF=OK(active=20/20,min=+3.578e-12,slack=+1.911e-15)
[RMPCC 0030] OK solve=153.8ms pose=(0.212,0.525,-0.022) u=(0.146,0.581) s=0.350 PSDFmin=+0.008601 G=OK(+0.007522) MF=OK(active=20/20,min=-1.322e-11,slack=+9.346e-13)
[RMPCC 0031] OK solve=137.9ms pose=(0.227,0.525,0.036) u=(0.140,0.516) s=0.364 PSDFmin=+0.005951 G=OK(+0.004301) MF=OK(active=20/20,min=+2.14e-14,slack=+8.693e-17)
[RMPCC 0032] OK solve=140.6ms pose=(0.241,0.525,0.088) u=(0.136,0.477) s=0.378 PSDFmin=+0.00693 G=OK(+0.005256) MF=OK(active=20/20,min=+6.757e-14,slack=+7.566e-17)
[RMPCC 0033] OK solve=142.2ms pose=(0.254,0.527,0.136) u=(0.130,0.466) s=0.392 PSDFmin=+0.003293 G=OK(+0.001072) MF=OK(active=20/20,min=-2.185e-14,slack=+3.284e-15)
[RMPCC 0034] OK solve=138.9ms pose=(0.267,0.528,0.182) u=(0.126,0.420) s=0.405 PSDFmin=+0.003817 G=OK(+0.01022) MF=OK(active=20/20,min=+4.268e-14,slack=+4.34e-17)
[RMPCC 0035] OK solve=138.7ms pose=(0.280,0.531,0.224) u=(0.118,0.460) s=0.415 PSDFmin=+0.002864 G=OK(+9.326e-15) MF=OK(active=20/20,min=+2.299e-11,slack=+5.644e-16)
[RMPCC 0036] OK solve=130.5ms pose=(0.291,0.533,0.270) u=(0.117,0.419) s=0.429 PSDFmin=+0.005794 G=OK(+0.004739) MF=OK(active=20/20,min=+9.952e-14,slack=+4.804e-17)
[RMPCC 0037] OK solve=137.7ms pose=(0.303,0.536,0.312) u=(0.111,0.397) s=0.440 PSDFmin=+0.003011 G=OK(+0.005449) MF=OK(active=20/20,min=+1.208e-13,slack=+1.401e-16)
[RMPCC 0038] OK solve=135.9ms pose=(0.313,0.540,0.352) u=(0.107,0.200) s=0.450 PSDFmin=+0.004001 G=OK(+0.009334) MF=OK(active=20/20,min=+8.103e-13,slack=+7.712e-16)
[RMPCC 0039] OK solve=139.1ms pose=(0.323,0.544,0.372) u=(0.105,-0.031) s=0.460 PSDFmin=+0.01595 G=OK(+0.01043) MF=OK(active=20/20,min=+1.315e-13,slack=+4.399e-17)
[RMPCC 0040] OK solve=159.0ms pose=(0.333,0.547,0.369) u=(0.110,-0.015) s=0.471 PSDFmin=+0.003598 G=OK(+1.82e-13) MF=OK(active=20/20,min=+0.09974,slack=+1.507e-15)
[RMPCC 0041] OK solve=128.1ms pose=(0.343,0.551,0.367) u=(0.112,-0.007) s=0.482 PSDFmin=+0.005979 G=OK(+2.758e-13) MF=OK(active=20/20,min=+9.789e-13,slack=+9.509e-16)
[RMPCC 0042] OK solve=131.7ms pose=(0.354,0.555,0.367) u=(0.112,0.143) s=0.493 PSDFmin=+0.01212 G=OK(+0.001059) MF=OK(active=20/20,min=+9.951e-14,slack=+1.567e-16)
[RMPCC 0043] OK solve=133.8ms pose=(0.364,0.559,0.381) u=(0.112,0.140) s=0.504 PSDFmin=+0.01125 G=OK(+0.008435) MF=OK(active=20/20,min=+1.804e-08,slack=+1.681e-11)
[RMPCC 0044] OK solve=135.6ms pose=(0.375,0.564,0.395) u=(0.118,0.070) s=0.515 PSDFmin=+0.009418 G=OK(+0.007807) MF=OK(active=20/20,min=+5.574e-10,slack=+1.056e-11)
[RMPCC 0045] OK solve=131.4ms pose=(0.386,0.568,0.402) u=(0.126,0.106) s=0.528 PSDFmin=+0.01008 G=OK(+0.005496) MF=OK(active=20/20,min=+3.758e-07,slack=+1.582e-10)
[RMPCC 0046] OK solve=135.9ms pose=(0.397,0.573,0.412) u=(0.136,-0.012) s=0.544 PSDFmin=+0.0075 G=OK(+0.002378) MF=OK(active=20/20,min=+2.925e-11,slack=+7.508e-13)
[RMPCC 0047] OK solve=137.7ms pose=(0.410,0.579,0.411) u=(0.134,0.112) s=0.553 PSDFmin=+0.009141 G=OK(+0.004138) MF=OK(active=20/20,min=+8.935e-11,slack=+7.114e-14)
[RMPCC 0048] OK solve=135.0ms pose=(0.422,0.584,0.422) u=(0.137,-0.037) s=0.567 PSDFmin=+0.007074 G=OK(+0.002954) MF=OK(active=20/20,min=+7.945e-09,slack=+1.032e-10)
[RMPCC 0049] OK solve=140.2ms pose=(0.434,0.590,0.419) u=(0.143,0.012) s=0.581 PSDFmin=+0.007671 G=OK(+0.001433) MF=OK(active=20/20,min=+1.357e-09,slack=+1.287e-12)
[RMPCC 0050] OK solve=146.4ms pose=(0.448,0.595,0.420) u=(0.153,-0.067) s=0.600 PSDFmin=+0.006671 G=OK(+0.001398) MF=OK(active=20/20,min=+2.441e-08,slack=+1.772e-11)
[RMPCC 0051] OK solve=209.6ms pose=(0.461,0.602,0.413) u=(0.153,-0.071) s=0.610 PSDFmin=+0.00672 G=OK(+0.0006507) MF=OK(active=20/20,min=+2.488e-14,slack=+7.941e-17)
[RMPCC 0052] OK solve=137.0ms pose=(0.475,0.608,0.406) u=(0.161,-0.046) s=0.625 PSDFmin=+0.006702 G=OK(+0.001195) MF=OK(active=20/20,min=+1.301e-10,slack=+6.075e-13)
[RMPCC 0053] OK solve=134.3ms pose=(0.490,0.614,0.402) u=(0.165,-0.155) s=0.645 PSDFmin=+0.005819 G=OK(+0.002325) MF=OK(active=20/20,min=+1.988e-09,slack=+1.068e-12)
[RMPCC 0054] OK solve=143.1ms pose=(0.505,0.621,0.386) u=(0.172,-0.091) s=0.667 PSDFmin=+0.006441 G=OK(+0.001417) MF=OK(active=20/20,min=+2.305e-11,slack=+7.275e-14)
[RMPCC 0055] OK solve=128.4ms pose=(0.521,0.627,0.377) u=(0.163,-0.239) s=0.675 PSDFmin=+0.00595 G=OK(+0.004468) MF=OK(active=20/20,min=+2.231e-13,slack=+9.662e-16)
[RMPCC 0056] OK solve=130.2ms pose=(0.537,0.633,0.353) u=(0.160,-0.173) s=0.695 PSDFmin=+0.005082 G=OK(+0.004388) MF=OK(active=20/20,min=-4.174e-13,slack=+1.045e-12)
[RMPCC 0057] OK solve=136.0ms pose=(0.552,0.639,0.336) u=(0.130,-0.331) s=0.707 PSDFmin=-0.00648 G=OK(+0.004457) MF=OK(active=20/20,min=+1.724e-13,slack=+5.367e-15)
[RMPCC 0058] OK solve=133.9ms pose=(0.564,0.643,0.303) u=(0.144,-0.326) s=0.724 PSDFmin=+0.00105 G=OK(+4.33e-15) MF=OK(active=19/20,min=+5.006e-14,slack=+3.275e-16)
[RMPCC 0059] OK solve=136.7ms pose=(0.578,0.647,0.270) u=(0.125,-0.455) s=0.734 PSDFmin=+0.006186 G=OK(+0.0006971) MF=OK(active=20/20,min=+1.609e-12,slack=+1.228e-14)
[RMPCC 0060] OK solve=138.6ms pose=(0.590,0.650,0.225) u=(0.115,-0.172) s=0.747 PSDFmin=+0.006608 G=OK(+2.744e-13) MF=OK(active=20/20,min=+8.172e-13,slack=+7.28e-15)
[RMPCC 0061] OK solve=150.3ms pose=(0.601,0.653,0.207) u=(0.115,-0.310) s=0.758 PSDFmin=+0.007208 G=OK(+0.005878) MF=OK(active=20/20,min=+3.764e-10,slack=+4.133e-12)
[RMPCC 0062] OK solve=138.8ms pose=(0.612,0.655,0.176) u=(0.117,-0.240) s=0.770 PSDFmin=+0.008028 G=OK(+0.006762) MF=OK(active=20/20,min=+2.113e-09,slack=+7.534e-12)
[RMPCC 0063] OK solve=130.6ms pose=(0.624,0.657,0.153) u=(0.110,-0.208) s=0.781 PSDFmin=-0.0118 G=OK(+0.007724) MF=OK(active=20/20,min=+9.47e-14,slack=+5.494e-16)
[RMPCC 0064] OK solve=132.2ms pose=(0.634,0.659,0.132) u=(0.100,-0.260) s=0.792 PSDFmin=-0.005224 G=OK(+1.38e-13) MF=OK(active=18/20,min=+3.952e-12,slack=+6.409e-15)
[RMPCC 0065] OK solve=141.4ms pose=(0.644,0.660,0.106) u=(0.095,-0.352) s=0.802 PSDFmin=-0.03377 G=OK(+0.007743) MF=OK(active=12/20,min=+4.732e-13,slack=+1.969e-14)
[RMPCC 0066] OK solve=134.7ms pose=(0.654,0.661,0.071) u=(0.106,-0.104) s=0.811 PSDFmin=-0.001543 G=OK(+4.718e-13) MF=OK(active=16/20,min=+1.596e-11,slack=+2.692e-14)
[RMPCC 0067] OK solve=130.5ms pose=(0.664,0.662,0.060) u=(0.106,-0.143) s=0.820 PSDFmin=-0.003062 G=OK(+0.01307) MF=OK(active=18/20,min=+8.621e-13,slack=+1.466e-15)
[RMPCC 0068] OK solve=136.4ms pose=(0.675,0.663,0.046) u=(0.105,-0.233) s=0.831 PSDFmin=+0.002243 G=OK(+1.11e-15) MF=OK(active=17/20,min=+7.118e-15,slack=+1.234e-17)
[RMPCC 0069] OK solve=138.2ms pose=(0.685,0.663,0.023) u=(0.115,-0.022) s=0.841 PSDFmin=-0.01614 G=OK(+0.006598) MF=OK(active=20/20,min=+7.118e-15,slack=+1.858e-17)
[RMPCC 0070] OK solve=128.9ms pose=(0.697,0.664,0.020) u=(0.080,-0.598) s=0.852 PSDFmin=+0.0001345 G=OK(+8.007e-13) MF=OK(active=11/20,min=+2.669e-09,slack=+2.241e-12)
[RMPCC 0071] OK solve=134.1ms pose=(0.705,0.664,-0.040) u=(0.103,-0.427) s=0.861 PSDFmin=+0.006921 G=OK(+0.006235) MF=OK(active=16/20,min=+6.653e-12,slack=+8.409e-13)
[RMPCC 0072] OK solve=171.3ms pose=(0.715,0.663,-0.082) u=(0.119,-0.355) s=0.868 PSDFmin=+0.007177 G=OK(+0.006806) MF=OK(active=20/20,min=+1.203e-18,slack=+1.131e-17)
[RMPCC 0073] OK solve=145.5ms pose=(0.727,0.662,-0.118) u=(0.076,-0.654) s=0.883 PSDFmin=-0.01772 G=OK(+0.007711) MF=OK(active=20/20,min=+1.01e-10,slack=+3.098e-15)
[RMPCC 0074] OK solve=137.4ms pose=(0.735,0.661,-0.183) u=(0.084,-0.522) s=0.890 PSDFmin=-0.005257 G=OK(+1.815e-13) MF=OK(active=10/20,min=+1.161e-14,slack=+4.502e-15)
[RMPCC 0075] OK solve=143.7ms pose=(0.743,0.660,-0.235) u=(0.087,-0.408) s=0.899 PSDFmin=+0.01002 G=OK(+0.006418) MF=OK(active=16/20,min=+1.913e-12,slack=+3.175e-15)
[RMPCC 0076] OK solve=129.3ms pose=(0.751,0.658,-0.276) u=(0.044,-0.814) s=0.907 PSDFmin=+0.003688 G=OK(+0.00347) MF=OK(active=20/20,min=+1.655e-11,slack=+5.908e-14)
[RMPCC 0077] OK solve=138.5ms pose=(0.756,0.657,-0.358) u=(0.061,-0.385) s=0.911 PSDFmin=+0.003763 G=OK(+0.002913) MF=OK(active=20/20,min=+7.13e-15,slack=+2.412e-17)
[RMPCC 0078] OK solve=136.4ms pose=(0.761,0.655,-0.396) u=(0.062,-0.383) s=0.918 PSDFmin=-0.01158 G=OK(+7.392e-10) MF=OK(active=20/20,min=+1.282e-09,slack=+2.414e-12)
[RMPCC 0079] OK solve=268.5ms pose=(0.767,0.652,-0.434) u=(0.050,-0.751) s=0.923 PSDFmin=+0.004873 G=OK(+0.0008795) MF=OK(active=18/20,min=+2.641e-13,slack=+3.025e-15)
[RMPCC 0080] OK solve=411.3ms pose=(0.772,0.650,-0.509) u=(0.090,-0.510) s=0.930 PSDFmin=+0.006108 G=OK(+0.004548) MF=OK(active=19/20,min=+2.192e-09,slack=+2.965e-12)
[RMPCC 0081] OK solve=389.9ms pose=(0.779,0.646,-0.560) u=(0.045,-0.786) s=0.939 PSDFmin=+0.007109 G=OK(+1.71e-08) MF=OK(active=17/20,min=-5.497e-11,slack=+2.266e-12)
[RMPCC 0082] OK solve=252.2ms pose=(0.783,0.643,-0.639) u=(0.112,-0.482) s=0.944 PSDFmin=+0.007557 G=OK(+0.004733) MF=OK(active=19/20,min=-2.647e-13,slack=+6.991e-14)
[RMPCC 0083] OK solve=138.8ms pose=(0.792,0.637,-0.687) u=(0.056,-0.505) s=0.955 PSDFmin=+0.005898 G=OK(+0.006339) MF=OK(active=20/20,min=+3.144e-12,slack=+1.088e-14)
[RMPCC 0084] OK solve=138.7ms pose=(0.797,0.633,-0.738) u=(0.100,-0.413) s=0.960 PSDFmin=+0.007053 G=OK(+0.006297) MF=OK(active=20/20,min=+2.134e-14,slack=+2.156e-17)
[RMPCC 0085] OK solve=131.9ms pose=(0.804,0.626,-0.779) u=(0.055,-0.349) s=0.970 PSDFmin=+0.007389 G=OK(+0.005472) MF=OK(active=20/20,min=+1.055e-11,slack=+4.94e-14)
[RMPCC 0086] OK solve=133.8ms pose=(0.808,0.623,-0.814) u=(0.125,-0.424) s=0.980 PSDFmin=+0.007443 G=OK(+0.001524) MF=OK(active=20/20,min=+7.127e-14,slack=+2.136e-16)
[RMPCC 0087] OK solve=130.3ms pose=(0.816,0.613,-0.856) u=(0.104,-0.180) s=0.988 PSDFmin=+0.007261 G=OK(+0.004811) MF=OK(active=20/20,min=+9.961e-15,slack=+1.079e-15)
[RMPCC 0088] OK solve=124.4ms pose=(0.823,0.606,-0.874) u=(0.128,0.068) s=0.998 PSDFmin=-0.003535 G=OK(+0.004485) MF=OK(active=20/20,min=+6.845e-13,slack=+2.43e-15)
[RMPCC 0089] OK solve=146.9ms pose=(0.831,0.596,-0.867) u=(0.133,0.510) s=1.012 PSDFmin=-0.004037 G=OK(+0.003474) MF=OK(active=13/20,min=+4.556e-12,slack=+8.983e-15)
[RMPCC 0090] OK solve=144.9ms pose=(0.840,0.586,-0.816) u=(0.214,0.624) s=1.030 PSDFmin=+0.003546 G=OK(+5.995e-15) MF=OK(active=19/20,min=+2.229e-14,slack=+8.241e-17)
[RMPCC 0091] OK solve=139.1ms pose=(0.855,0.570,-0.754) u=(0.126,1.062) s=1.048 PSDFmin=+0.006007 G=OK(+1.199e-14) MF=OK(active=20/20,min=+1.716e-13,slack=+1.115e-15)
[RMPCC 0092] OK solve=130.1ms pose=(0.864,0.561,-0.648) u=(0.111,1.098) s=1.057 PSDFmin=-0.01462 G=OK(+0.005347) MF=OK(active=20/20,min=+3.406e-08,slack=+6.44e-11)
[RMPCC 0093] OK solve=136.2ms pose=(0.873,0.555,-0.538) u=(0.099,0.962) s=1.069 PSDFmin=-0.006366 G=OK(+2.322e-12) MF=OK(active=9/20,min=+6.675e-09,slack=+7.455e-13)
[RMPCC 0094] OK solve=133.9ms pose=(0.881,0.550,-0.442) u=(0.122,0.432) s=1.078 PSDFmin=+0.004832 G=OK(+4.075e-13) MF=OK(active=18/20,min=+9.011e-12,slack=+2.037e-14)
[RMPCC 0095] OK solve=139.0ms pose=(0.892,0.544,-0.399) u=(0.109,0.702) s=1.090 PSDFmin=-0.0197 G=OK(+0.008805) MF=OK(active=20/20,min=+4.146e-12,slack=+2.325e-14)
[RMPCC 0096] OK solve=139.3ms pose=(0.902,0.540,-0.328) u=(0.093,0.581) s=1.101 PSDFmin=-0.007749 G=OK(+1.11e-15) MF=OK(active=19/20,min=+4.47e-15,slack=+2.897e-17)
[RMPCC 0097] OK solve=142.2ms pose=(0.911,0.537,-0.270) u=(0.091,0.505) s=1.110 PSDFmin=-0.02012 G=OK(+0.005855) MF=OK(active=12/20,min=+5.094e-12,slack=+1.007e-15)
[RMPCC 0098] OK solve=148.9ms pose=(0.920,0.535,-0.220) u=(0.080,0.588) s=1.113 PSDFmin=-0.0003393 G=OK(+1.217e-12) MF=OK(active=17/20,min=+3.941e-12,slack=+8.128e-14)
[RMPCC 0099] OK solve=127.4ms pose=(0.928,0.533,-0.161) u=(0.096,0.403) s=1.125 PSDFmin=+0.0006813 G=OK(+8.405e-13) MF=OK(active=19/20,min=+7.356e-14,slack=+3.527e-14)
[RMPCC 0100] OK solve=134.2ms pose=(0.937,0.532,-0.121) u=(0.073,0.184) s=1.130 PSDFmin=+0.001107 G=OK(+2.609e-15) MF=OK(active=19/20,min=+8.907e-15,slack=+2.563e-17)
[RMPCC 0101] OK solve=123.4ms pose=(0.944,0.531,-0.102) u=(0.108,0.355) s=1.138 PSDFmin=+0.009694 G=OK(+0.008712) MF=OK(active=20/20,min=+2.684e-11,slack=+4.706e-13)
[RMPCC 0102] OK solve=129.1ms pose=(0.955,0.530,-0.067) u=(0.083,0.102) s=1.148 PSDFmin=-0.02333 G=OK(+0.0212) MF=OK(active=20/20,min=+1.186e-12,slack=+2.859e-15)
[RMPCC 0103] OK solve=135.9ms pose=(0.963,0.529,-0.057) u=(0.087,0.630) s=1.156 PSDFmin=-0.002516 G=OK(+6.661e-16) MF=OK(active=14/20,min=+0.02914,slack=+3.123e-17)
[RMPCC 0104] OK solve=136.7ms pose=(0.972,0.529,0.006) u=(0.103,0.430) s=1.165 PSDFmin=-0.005944 G=OK(+0.005635) MF=OK(active=12/20,min=+3.732e-14,slack=+9.277e-17)
[RMPCC 0105] OK solve=150.6ms pose=(0.982,0.529,0.049) u=(0.105,0.173) s=1.175 PSDFmin=+0.001094 G=OK(+2.887e-15) MF=OK(active=13/20,min=+1.558e-13,slack=+3.626e-16)
[RMPCC 0106] OK solve=142.5ms pose=(0.993,0.529,0.067) u=(0.080,0.438) s=1.186 PSDFmin=+0.007672 G=OK(+0.007809) MF=OK(active=20/20,min=+6.751e-11,slack=+8.525e-13)
[RMPCC 0107] OK solve=127.5ms pose=(1.001,0.530,0.111) u=(0.088,0.249) s=1.194 PSDFmin=+0.005767 G=OK(+0.009167) MF=OK(active=20/20,min=+1.603e-14,slack=+3.905e-17)
[RMPCC 0108] OK solve=125.4ms pose=(1.010,0.531,0.135) u=(0.086,0.089) s=1.203 PSDFmin=+0.001672 G=OK(+2.887e-15) MF=OK(active=20/20,min=+2.846e-14,slack=+4.294e-17)
[RMPCC 0109] OK solve=133.0ms pose=(1.018,0.532,0.144) u=(0.068,0.531) s=1.211 PSDFmin=+0.005485 G=OK(+0.005105) MF=OK(active=20/20,min=+8.321e-11,slack=+2.519e-13)
[RMPCC 0110] OK solve=142.5ms pose=(1.025,0.533,0.197) u=(0.096,0.202) s=1.218 PSDFmin=-0.005672 G=OK(+0.007151) MF=OK(active=20/20,min=+1.669e-11,slack=+7.36e-14)
[RMPCC 0111] OK solve=148.1ms pose=(1.034,0.535,0.218) u=(0.069,0.965) s=1.227 PSDFmin=-0.008288 G=OK(+0.003894) MF=OK(active=17/20,min=+4.979e-14,slack=+5.472e-17)
[RMPCC 0112] OK solve=150.1ms pose=(1.041,0.536,0.314) u=(0.105,0.442) s=1.234 PSDFmin=+0.001476 G=OK(+2.01e-13) MF=OK(active=18/20,min=+2.074e-13,slack=+1.375e-15)
[RMPCC 0113] OK solve=272.7ms pose=(1.051,0.539,0.358) u=(0.053,0.577) s=1.244 PSDFmin=+0.006374 G=OK(+0.006947) MF=OK(active=20/20,min=+5.385e-12,slack=+1.326e-14)
[RMPCC 0114] OK solve=268.1ms pose=(1.056,0.541,0.416) u=(0.062,0.332) s=1.249 PSDFmin=+0.009749 G=OK(+0.008362) MF=OK(active=19/20,min=+3.626e-11,slack=+2.485e-13)
[RMPCC 0115] OK solve=268.9ms pose=(1.062,0.544,0.449) u=(0.073,0.530) s=1.255 PSDFmin=+0.003856 G=OK(+0.00567) MF=OK(active=20/20,min=+5.073e-15,slack=+1.883e-16)
[RMPCC 0116] OK solve=270.5ms pose=(1.068,0.547,0.502) u=(0.054,0.557) s=1.263 PSDFmin=+0.007055 G=OK(+0.004035) MF=OK(active=18/20,min=-1.523e-14,slack=+2.624e-15)
[RMPCC 0117] OK solve=258.3ms pose=(1.073,0.549,0.558) u=(0.085,0.768) s=1.269 PSDFmin=+0.008126 G=OK(+0.007984) MF=OK(active=20/20,min=+5.572e-13,slack=+1.24e-15)
[RMPCC 0118] OK solve=382.3ms pose=(1.080,0.554,0.635) u=(0.053,0.374) s=1.277 PSDFmin=+0.003954 G=OK(+0.003994) MF=OK(active=18/20,min=+4.938e-12,slack=+4.605e-15)
[RMPCC 0119] OK solve=265.1ms pose=(1.084,0.557,0.672) u=(0.101,0.472) s=1.282 PSDFmin=+0.007238 G=OK(+0.005898) MF=OK(active=19/20,min=-3.179e-13,slack=+1.061e-13)
[RMPCC 0120] OK solve=263.0ms pose=(1.092,0.563,0.719) u=(0.059,0.233) s=1.292 PSDFmin=+0.005692 G=OK(+0.002742) MF=OK(active=20/20,min=+2.099e-11,slack=+1.465e-14)
[RMPCC 0121] OK solve=261.2ms pose=(1.097,0.567,0.743) u=(0.095,0.573) s=1.298 PSDFmin=+0.008906 G=OK(+3.233e-13) MF=OK(active=19/20,min=+6.576e-13,slack=+3.903e-15)
[RMPCC 0122] OK solve=130.0ms pose=(1.104,0.574,0.800) u=(0.090,0.246) s=1.308 PSDFmin=+0.007115 G=OK(+0.005563) MF=OK(active=20/20,min=+1.58e-10,slack=+1.56e-13)
[RMPCC 0123] OK solve=145.1ms pose=(1.110,0.580,0.825) u=(0.104,0.222) s=1.317 PSDFmin=+0.008201 G=OK(+0.005376) MF=OK(active=20/20,min=+2.603e-11,slack=+3.144e-14)
[RMPCC 0124] OK solve=144.5ms pose=(1.117,0.588,0.847) u=(0.115,-0.021) s=1.327 PSDFmin=+0.006181 G=OK(+0.004039) MF=OK(active=20/20,min=+2.922e-13,slack=+8.69e-16)
[RMPCC 0125] OK solve=150.5ms pose=(1.125,0.596,0.845) u=(0.136,-0.102) s=1.338 PSDFmin=+0.0007885 G=OK(+0.003894) MF=OK(active=20/20,min=+4.717e-13,slack=+6.069e-15)
[RMPCC 0126] OK solve=141.9ms pose=(1.134,0.607,0.834) u=(0.148,-0.515) s=1.352 PSDFmin=+0.004706 G=OK(+0.002933) MF=OK(active=19/20,min=+5.995e-10,slack=+1.448e-11)
[RMPCC 0127] OK solve=135.0ms pose=(1.144,0.618,0.783) u=(0.160,-0.424) s=1.366 PSDFmin=+0.005666 G=OK(+0.003905) MF=OK(active=20/20,min=-7.645e-15,slack=+1.236e-15)
[RMPCC 0128] OK solve=126.8ms pose=(1.155,0.629,0.741) u=(0.127,-0.711) s=1.382 PSDFmin=+0.005848 G=OK(+0.004151) MF=OK(active=20/20,min=+6.577e-14,slack=+4.69e-17)
[RMPCC 0129] OK solve=129.3ms pose=(1.164,0.637,0.669) u=(0.129,-1.089) s=1.395 PSDFmin=+0.006376 G=OK(+0.004275) MF=OK(active=20/20,min=+4.268e-14,slack=+5.1e-17)
[RMPCC 0130] OK solve=130.3ms pose=(1.174,0.645,0.561) u=(0.141,-0.594) s=1.407 PSDFmin=+0.007523 G=OK(+0.005783) MF=OK(active=20/20,min=+3.59e-14,slack=+2.165e-15)
[RMPCC 0131] OK solve=143.8ms pose=(1.186,0.653,0.501) u=(0.133,-0.985) s=1.421 PSDFmin=+0.009679 G=OK(+0.007633) MF=OK(active=20/20,min=+1.191e-11,slack=+2.426e-13)
[RMPCC 0132] OK solve=135.2ms pose=(1.198,0.659,0.403) u=(0.123,-0.430) s=1.435 PSDFmin=+0.001892 G=OK(+0.001215) MF=OK(active=20/20,min=+4.693e-14,slack=+5.976e-16)
[RMPCC 0133] OK solve=139.1ms pose=(1.209,0.664,0.360) u=(0.134,-0.772) s=1.447 PSDFmin=+0.002043 G=OK(+0.01267) MF=OK(active=20/20,min=+2.744e-10,slack=+7.372e-14)
[RMPCC 0134] OK solve=132.7ms pose=(1.222,0.669,0.282) u=(0.125,-0.377) s=1.454 PSDFmin=+0.01302 G=OK(+0.01184) MF=OK(active=20/20,min=+3.56e-15,slack=+2.317e-17)
[RMPCC 0135] OK solve=143.8ms pose=(1.234,0.672,0.245) u=(0.119,-0.744) s=1.466 PSDFmin=-0.0001186 G=OK(+0.008974) MF=OK(active=20/20,min=+1.031e-13,slack=+2.968e-16)
[RMPCC 0136] OK solve=143.6ms pose=(1.246,0.675,0.170) u=(0.144,-0.267) s=1.478 PSDFmin=-0.006064 G=OK(+0.009462) MF=OK(active=18/20,min=+1.157e-10,slack=+1.189e-13)
[RMPCC 0137] OK solve=134.0ms pose=(1.260,0.678,0.144) u=(0.136,-0.570) s=1.493 PSDFmin=-0.002575 G=OK(+6.661e-16) MF=OK(active=19/20,min=+1.425e-14,slack=+3.491e-17)
[RMPCC 0138] OK solve=133.1ms pose=(1.273,0.680,0.087) u=(0.131,-0.190) s=1.506 PSDFmin=-0.02525 G=OK(+0.008102) MF=OK(active=16/20,min=+7.434e-09,slack=+5.263e-12)
[RMPCC 0139] OK solve=132.0ms pose=(1.286,0.681,0.068) u=(0.135,-0.454) s=1.521 PSDFmin=-0.01115 G=OK(+1.407e-11) MF=OK(active=18/20,min=-1.635e-12,slack=+8.517e-13)
[RMPCC 0140] OK solve=141.7ms pose=(1.300,0.682,0.022) u=(0.137,-0.123) s=1.533 PSDFmin=-0.03264 G=OK(+0.00637) MF=OK(active=14/20,min=+5.056e-11,slack=+5.96e-14)
[RMPCC 0141] OK solve=121.8ms pose=(1.313,0.682,0.010) u=(0.136,-0.306) s=1.547 PSDFmin=-0.0008548 G=OK(+4.299e-12) MF=OK(active=17/20,min=+3.279e-12,slack=+1.945e-13)
[RMPCC 0142] OK solve=131.4ms pose=(1.327,0.682,-0.021) u=(0.145,-0.018) s=1.560 PSDFmin=-0.01162 G=OK(+0.006759) MF=OK(active=18/20,min=+2.354e-10,slack=+7.247e-14)
[RMPCC 0143] OK solve=136.3ms pose=(1.342,0.682,-0.022) u=(0.143,-0.079) s=1.574 PSDFmin=+0.001212 G=OK(+1.665e-15) MF=OK(active=16/20,min=+4.079e-12,slack=+3.961e-15)
[RMPCC 0144] OK solve=139.0ms pose=(1.356,0.682,-0.030) u=(0.146,0.100) s=1.589 PSDFmin=+0.01047 G=OK(+0.009521) MF=OK(active=20/20,min=+3.997e-08,slack=+5.297e-11)
[RMPCC 0145] OK solve=135.8ms pose=(1.370,0.681,-0.020) u=(0.178,0.197) s=1.603 PSDFmin=+0.009996 G=OK(+0.008971) MF=OK(active=20/20,min=+5.185e-12,slack=+1.023e-14)
[RMPCC 0146] OK solve=142.1ms pose=(1.388,0.681,-0.001) u=(0.191,-0.061) s=1.616 PSDFmin=+0.01466 G=OK(+0.0185) MF=OK(active=20/20,min=+6.805e-14,slack=+1.012e-15)
[RMPCC 0147] OK solve=137.6ms pose=(1.407,0.681,-0.007) u=(0.136,0.448) s=1.637 PSDFmin=-0.001828 G=OK(+2.387e-14) MF=OK(active=20/20,min=+8.997e-15,slack=+1.207e-16)
[RMPCC 0148] OK solve=141.5ms pose=(1.421,0.681,0.038) u=(0.113,0.415) s=1.653 PSDFmin=-0.02215 G=OK(+0.007486) MF=OK(active=13/20,min=+5.097e-12,slack=+2.108e-15)
[RMPCC 0149] OK solve=134.8ms pose=(1.432,0.681,0.080) u=(0.117,0.128) s=1.663 PSDFmin=+0.00208 G=OK(+1.554e-15) MF=OK(active=12/20,min=+3.557e-14,slack=+3.954e-17)
[RMPCC 0150] OK solve=128.2ms pose=(1.444,0.682,0.092) u=(0.123,0.275) s=1.676 PSDFmin=+0.009867 G=OK(+0.008564) MF=OK(active=20/20,min=+1.116e-12,slack=+4.385e-15)
[RMPCC 0151] OK solve=133.0ms pose=(1.456,0.683,0.120) u=(0.116,0.197) s=1.688 PSDFmin=+0.004467 G=OK(+0.007805) MF=OK(active=20/20,min=-6.517e-11,slack=+6.599e-12)
[RMPCC 0152] OK solve=136.9ms pose=(1.468,0.684,0.140) u=(0.058,0.397) s=1.700 PSDFmin=+0.005044 G=OK(+0.004165) MF=OK(active=20/20,min=+1.042e-09,slack=+1.366e-11)
[RMPCC 0153] OK solve=137.5ms pose=(1.473,0.685,0.179) u=(0.113,0.296) s=1.706 PSDFmin=+0.001266 G=OK(+0.002867) MF=OK(active=20/20,min=-1.997e-14,slack=+5.092e-15)
[RMPCC 0154] OK solve=135.7ms pose=(1.485,0.687,0.209) u=(0.060,0.844) s=1.717 PSDFmin=+0.003504 G=OK(+0.003573) MF=OK(active=20/20,min=+5.523e-13,slack=+1.625e-15)
[RMPCC 0155] OK solve=252.2ms pose=(1.490,0.689,0.293) u=(0.038,0.417) s=1.720 PSDFmin=+0.00747 G=OK(+0.0069) MF=OK(active=20/20,min=+9.111e-11,slack=+6.231e-13)
[RMPCC 0156] OK solve=406.5ms pose=(1.494,0.690,0.335) u=(0.091,0.590) s=1.727 PSDFmin=+0.001174 G=OK(+0.003772) MF=OK(active=18/20,min=+6.428e-11,slack=+1.114e-13)
[RMPCC 0157] OK solve=398.5ms pose=(1.503,0.693,0.394) u=(0.061,0.448) s=1.736 PSDFmin=+0.003736 G=OK(+0.002506) MF=OK(active=18/20,min=+2.081e-12,slack=+3.024e-15)
[RMPCC 0158] OK solve=396.9ms pose=(1.508,0.695,0.439) u=(0.072,0.455) s=1.741 PSDFmin=+0.004687 G=OK(+0.001681) MF=OK(active=19/20,min=+3.666e-10,slack=+2.816e-13)
[RMPCC 0159] OK solve=275.8ms pose=(1.515,0.698,0.484) u=(0.045,0.581) s=1.749 PSDFmin=+0.006088 G=OK(+0.005305) MF=OK(active=19/20,min=+2.846e-14,slack=+3.999e-17)
[RMPCC 0160] OK solve=146.1ms pose=(1.519,0.700,0.542) u=(0.103,0.231) s=1.756 PSDFmin=+0.002968 G=OK(+0.005221) MF=OK(active=20/20,min=+1.961e-11,slack=+8.377e-14)
[RMPCC 0161] OK solve=138.5ms pose=(1.528,0.705,0.565) u=(0.052,0.828) s=1.766 PSDFmin=+0.006765 G=OK(+0.004673) MF=OK(active=20/20,min=+4.251e-10,slack=+3.942e-13)
[RMPCC 0162] OK solve=140.2ms pose=(1.532,0.708,0.648) u=(0.095,0.379) s=1.771 PSDFmin=+0.004992 G=OK(+0.006382) MF=OK(active=20/20,min=+5.8e-10,slack=+5.301e-13)
[RMPCC 0163] OK solve=147.4ms pose=(1.540,0.714,0.686) u=(0.060,0.521) s=1.780 PSDFmin=+0.008445 G=OK(+0.006678) MF=OK(active=20/20,min=+1.272e-08,slack=+7.541e-12)
[RMPCC 0164] OK solve=311.8ms pose=(1.544,0.718,0.738) u=(0.093,0.218) s=1.786 PSDFmin=+0.005493 G=OK(+0.005009) MF=OK(active=20/20,min=+1.151e-12,slack=+3.703e-15)
[RMPCC 0165] OK solve=143.2ms pose=(1.551,0.724,0.760) u=(0.074,0.364) s=1.796 PSDFmin=+0.004991 G=OK(+0.005279) MF=OK(active=20/20,min=+1.424e-14,slack=+2.761e-17)
[RMPCC 0166] OK solve=145.9ms pose=(1.556,0.729,0.796) u=(0.120,0.181) s=1.807 PSDFmin=+0.007144 G=OK(+0.001664) MF=OK(active=20/20,min=+3.242e-11,slack=+7.686e-14)
[RMPCC 0167] OK solve=137.7ms pose=(1.565,0.738,0.814) u=(0.119,0.061) s=1.823 PSDFmin=-0.00121 G=OK(+0.004439) MF=OK(active=20/20,min=+7.182e-15,slack=+7.671e-17)
[RMPCC 0168] OK solve=132.7ms pose=(1.573,0.746,0.820) u=(0.136,-0.102) s=1.827 PSDFmin=-0.008857 G=OK(+0.0009833) MF=OK(active=17/20,min=+3.342e-12,slack=+2.428e-15)
[RMPCC 0169] OK solve=136.4ms pose=(1.582,0.756,0.810) u=(0.178,-0.297) s=1.840 PSDFmin=-0.004719 G=OK(+0.001569) MF=OK(active=16/20,min=-1.127e-11,slack=+2.256e-13)
[RMPCC 0170] OK solve=143.0ms pose=(1.595,0.769,0.781) u=(0.135,-0.408) s=1.858 PSDFmin=-0.003441 G=OK(+0.00276) MF=OK(active=18/20,min=+1.328e-11,slack=+2.591e-14)
[RMPCC 0171] OK solve=133.0ms pose=(1.604,0.779,0.740) u=(0.103,-0.925) s=1.876 PSDFmin=-0.01197 G=OK(+5.773e-15) MF=OK(active=17/20,min=+3.307e-13,slack=+3.295e-16)
[RMPCC 0172] OK solve=136.7ms pose=(1.612,0.786,0.647) u=(0.120,-0.721) s=1.881 PSDFmin=-0.006079 G=OK(+9.992e-15) MF=OK(active=9/20,min=+0.03273,slack=+5.186e-16)
[RMPCC 0173] OK solve=132.3ms pose=(1.621,0.793,0.575) u=(0.111,-1.124) s=1.896 PSDFmin=-0.0131 G=OK(+1.132e-13) MF=OK(active=14/20,min=+2.603e-11,slack=+4.87e-14)
[RMPCC 0174] OK solve=135.3ms pose=(1.631,0.799,0.463) u=(0.131,-0.515) s=1.904 PSDFmin=+0.001523 G=OK(+5.62e-13) MF=OK(active=14/20,min=+0.01415,slack=+2.628e-14)
[RMPCC 0175] OK solve=133.9ms pose=(1.642,0.805,0.411) u=(0.152,-1.200) s=1.918 PSDFmin=+8.774e-05 G=OK(+0.008135) MF=OK(active=20/20,min=+7.036e-13,slack=+1.079e-14)
[RMPCC 0176] OK solve=131.3ms pose=(1.656,0.811,0.291) u=(0.129,-0.550) s=1.932 PSDFmin=-0.01995 G=OK(+0.002432) MF=OK(active=19/20,min=+1.699e-11,slack=+5.58e-14)
[RMPCC 0177] OK solve=135.5ms pose=(1.669,0.814,0.236) u=(0.109,-0.587) s=1.939 PSDFmin=+0.000358 G=OK(+3.553e-15) MF=OK(active=9/20,min=+3.911e-14,slack=+3.511e-17)
[RMPCC 0178] OK solve=130.2ms pose=(1.679,0.817,0.177) u=(0.168,-0.140) s=1.952 PSDFmin=+0.00797 G=OK(+0.01513) MF=OK(active=18/20,min=+1.782e-14,slack=+6e-17)
[RMPCC 0179] OK solve=134.2ms pose=(1.696,0.820,0.163) u=(0.125,-1.200) s=1.965 PSDFmin=-0.01834 G=OK(+0.00725) MF=OK(active=20/20,min=-7.095e-15,slack=+1.012e-17)
[RMPCC 0180] OK solve=141.5ms pose=(1.708,0.822,0.043) u=(0.147,-0.537) s=1.979 PSDFmin=+0.00208 G=OK(+3.244e-13) MF=OK(active=4/20,min=+0.1943,slack=+1.319e-14)
[RMPCC 0181] OK solve=133.6ms pose=(1.723,0.823,-0.010) u=(0.158,-0.376) s=1.993 PSDFmin=-0.001119 G=OK(+0.01601) MF=OK(active=20/20,min=+7.832e-14,slack=+1.784e-16)
[RMPCC 0182] OK solve=266.2ms pose=(1.739,0.822,-0.048) u=(0.147,-0.465) s=2.009 PSDFmin=-0.01263 G=OK(+0.00825) MF=OK(active=16/20,min=+3.323e-12,slack=+3.806e-14)
[RMPCC 0183] OK solve=323.0ms pose=(1.753,0.822,-0.094) u=(0.074,-0.477) s=2.012 PSDFmin=-0.0008885 G=OK(+9.017e-13) MF=OK(active=8/20,min=+7.47e-11,slack=+1.219e-14)
[RMPCC 0184] OK solve=267.7ms pose=(1.761,0.821,-0.142) u=(0.068,-0.231) s=2.026 PSDFmin=+0.008154 G=OK(+0.005811) MF=OK(active=16/20,min=+7.145e-15,slack=+3.926e-17)
[RMPCC 0185] OK solve=392.1ms pose=(1.767,0.820,-0.165) u=(0.123,-0.692) s=2.028 PSDFmin=+0.006887 G=OK(+0.005124) MF=OK(active=17/20,min=+2.549e-14,slack=+6.478e-16)
[RMPCC 0186] OK solve=262.3ms pose=(1.779,0.818,-0.234) u=(0.072,-0.645) s=2.044 PSDFmin=+0.006929 G=OK(+0.005403) MF=OK(active=19/20,min=+7.116e-12,slack=+4.734e-14)
[RMPCC 0187] OK solve=263.5ms pose=(1.786,0.816,-0.299) u=(0.114,-0.515) s=2.047 PSDFmin=+0.003089 G=OK(+0.003404) MF=OK(active=20/20,min=+7.117e-15,slack=+1.182e-17)
[RMPCC 0188] OK solve=278.5ms pose=(1.797,0.813,-0.350) u=(0.057,-0.640) s=2.063 PSDFmin=+0.007564 G=OK(+0.007173) MF=OK(active=19/20,min=+3.213e-12,slack=+7.704e-15)
[RMPCC 0189] OK solve=136.4ms pose=(1.803,0.811,-0.414) u=(0.112,-0.453) s=2.073 PSDFmin=+0.004453 G=OK(+0.004643) MF=OK(active=20/20,min=+6.586e-14,slack=+1.326e-16)
[RMPCC 0190] OK solve=138.2ms pose=(1.813,0.807,-0.459) u=(0.056,-0.784) s=2.084 PSDFmin=+0.008542 G=OK(+0.00691) MF=OK(active=20/20,min=+2.279e-13,slack=+5.113e-16)
[RMPCC 0191] OK solve=130.2ms pose=(1.818,0.804,-0.538) u=(0.061,-0.853) s=2.091 PSDFmin=+0.002437 G=OK(+0.003698) MF=OK(active=20/20,min=+1.428e-14,slack=+6.988e-17)
[RMPCC 0192] OK solve=259.7ms pose=(1.823,0.801,-0.623) u=(0.094,-0.344) s=2.096 PSDFmin=+0.006623 G=OK(+0.005934) MF=OK(active=20/20,min=+4.906e-10,slack=+1.914e-12)
[RMPCC 0193] OK solve=265.1ms pose=(1.831,0.796,-0.658) u=(0.081,-1.200) s=2.103 PSDFmin=+0.009527 G=OK(+0.007691) MF=OK(active=18/20,min=+2.133e-14,slack=+1.084e-17)
[RMPCC 0194] OK solve=131.9ms pose=(1.837,0.791,-0.778) u=(0.115,-1.200) s=2.115 PSDFmin=+0.01014 G=OK(+0.008158) MF=OK(active=20/20,min=+7.375e-13,slack=+1.969e-14)
[RMPCC 0195] OK solve=135.6ms pose=(1.846,0.782,-0.898) u=(0.107,-1.200) s=2.129 PSDFmin=+0.01143 G=OK(+0.009556) MF=OK(active=20/20,min=+4.977e-14,slack=+8.905e-17)
[RMPCC 0196] OK solve=132.2ms pose=(1.852,0.774,-1.018) u=(0.135,-1.021) s=2.130 PSDFmin=+0.003073 G=OK(+0.01106) MF=OK(active=20/20,min=+0.008664,slack=+9.143e-15)
[RMPCC 0197] OK solve=149.7ms pose=(1.859,0.763,-1.120) u=(0.137,-0.872) s=2.145 PSDFmin=+0.01548 G=OK(+0.01352) MF=OK(active=20/20,min=+9.594e-13,slack=+1.388e-15)
[RMPCC 0198] OK solve=149.4ms pose=(1.865,0.750,-1.207) u=(0.132,-0.712) s=2.160 PSDFmin=+0.01274 G=OK(+0.01537) MF=OK(active=20/20,min=+9.452e-11,slack=+7.783e-13)
[RMPCC 0199] OK solve=160.4ms pose=(1.870,0.738,-1.278) u=(0.161,-0.637) s=2.170 PSDFmin=+0.005221 G=OK(+0.008868) MF=OK(active=20/20,min=+3.695e-12,slack=+2.385e-15)
[RMPCC 0200] OK solve=151.0ms pose=(1.875,0.723,-1.342) u=(0.161,-0.548) s=2.186 PSDFmin=+0.01487 G=OK(+0.01359) MF=OK(active=20/20,min=+4.702e-12,slack=+1.168e-11)
[RMPCC 0201] OK solve=137.2ms pose=(1.878,0.707,-1.397) u=(0.169,-0.522) s=2.196 PSDFmin=+0.01363 G=OK(+0.01271) MF=OK(active=20/20,min=+4.432e-13,slack=+2.314e-15)
[RMPCC 0202] OK solve=132.9ms pose=(1.881,0.690,-1.449) u=(0.154,-0.266) s=2.211 PSDFmin=-5.645e-05 G=OK(+0.01274) MF=OK(active=20/20,min=+1.599e-16,slack=+1.627e-16)
[RMPCC 0203] OK solve=134.6ms pose=(1.883,0.675,-1.475) u=(0.151,-0.621) s=2.227 PSDFmin=-0.001026 G=OK(+3.501e-11) MF=OK(active=19/20,min=-1.794e-11,slack=+2.09e-12)
[RMPCC 0204] OK solve=137.2ms pose=(1.884,0.660,-1.537) u=(0.149,-0.265) s=2.242 PSDFmin=-0.008188 G=OK(+0.004555) MF=OK(active=11/20,min=+3.887e-09,slack=+1.372e-12)
[RMPCC 0205] OK solve=132.3ms pose=(1.885,0.645,-1.564) u=(0.158,-0.057) s=2.257 PSDFmin=-0.0004459 G=OK(+3.913e-12) MF=OK(active=18/20,min=+1.661e-12,slack=+2.369e-14)
[RMPCC 0206] OK solve=135.7ms pose=(1.885,0.629,-1.570) u=(0.180,-0.371) s=2.272 PSDFmin=+0.0009989 G=OK(+1.305e-13) MF=OK(active=19/20,min=+5.747e-13,slack=+2.708e-15)
[RMPCC 0207] OK solve=139.8ms pose=(1.885,0.611,-1.607) u=(0.144,-0.103) s=2.280 PSDFmin=+0.001082 G=OK(+2.9e-11) MF=OK(active=19/20,min=+2.729e-10,slack=+4.653e-13)
[RMPCC 0208] OK solve=129.1ms pose=(1.885,0.597,-1.617) u=(0.150,-0.110) s=2.296 PSDFmin=+0.01431 G=OK(+0.01333) MF=OK(active=20/20,min=+3.174e-13,slack=+1.248e-15)
[RMPCC 0209] OK solve=135.8ms pose=(1.884,0.582,-1.628) u=(0.150,0.012) s=2.313 PSDFmin=+0.01316 G=OK(+0.01398) MF=OK(active=20/20,min=+5.453e-15,slack=+1.238e-16)
[RMPCC 0210] OK solve=135.5ms pose=(1.883,0.567,-1.627) u=(0.161,-0.074) s=2.331 PSDFmin=+0.0158 G=OK(+0.01575) MF=OK(active=20/20,min=+2.149e-11,slack=+1.464e-13)
[RMPCC 0211] OK solve=132.4ms pose=(1.882,0.551,-1.634) u=(0.135,-0.302) s=2.335 PSDFmin=+0.002737 G=OK(+0.008726) MF=OK(active=20/20,min=+1.822e-12,slack=+1.016e-14)
[RMPCC 0212] OK solve=134.7ms pose=(1.881,0.537,-1.664) u=(0.130,-0.013) s=2.352 PSDFmin=-0.01214 G=OK(+0.01702) MF=OK(active=20/20,min=+5.704e-12,slack=+6.091e-15)
[RMPCC 0213] OK solve=135.9ms pose=(1.880,0.524,-1.666) u=(0.103,-0.661) s=2.372 PSDFmin=-3.989e-05 G=OK(+1.039e-11) MF=OK(active=12/20,min=+0.02526,slack=+4.075e-13)
[RMPCC 0214] OK solve=135.2ms pose=(1.879,0.514,-1.732) u=(0.120,-0.268) s=2.376 PSDFmin=+0.001501 G=OK(+0.0002076) MF=OK(active=15/20,min=+3.385e-13,slack=+1.198e-15)
[RMPCC 0215] OK solve=137.0ms pose=(1.877,0.502,-1.759) u=(0.088,-0.457) s=2.395 PSDFmin=+0.003257 G=OK(+0.004642) MF=OK(active=20/20,min=+3.654e-10,slack=+3.906e-12)
[RMPCC 0216] OK solve=140.0ms pose=(1.876,0.494,-1.804) u=(0.112,-0.157) s=2.396 PSDFmin=+0.005877 G=OK(+0.006892) MF=OK(active=20/20,min=+2.525e-13,slack=+3.057e-16)
[RMPCC 0217] OK solve=130.5ms pose=(1.873,0.483,-1.820) u=(0.065,-0.616) s=2.413 PSDFmin=-0.0001307 G=OK(+0.00117) MF=OK(active=20/20,min=+5.157e-14,slack=+5.383e-17)
[RMPCC 0218] OK solve=146.5ms pose=(1.871,0.476,-1.882) u=(0.059,-0.287) s=2.413 PSDFmin=+0.007492 G=OK(+0.007478) MF=OK(active=18/20,min=+1.068e-14,slack=+2.313e-17)
[RMPCC 0219] OK solve=312.3ms pose=(1.870,0.471,-1.910) u=(0.082,-0.306) s=2.430 PSDFmin=+0.00517 G=OK(+0.004455) MF=OK(active=20/20,min=+5.331e-14,slack=+1.226e-16)
[RMPCC 0220] OK solve=269.4ms pose=(1.867,0.463,-1.941) u=(0.082,-0.206) s=2.430 PSDFmin=+0.006446 G=OK(+0.00606) MF=OK(active=19/20,min=+1.91e-17,slack=+1.942e-17)
[RMPCC 0221] OK solve=267.6ms pose=(1.864,0.455,-1.962) u=(0.056,-0.524) s=2.446 PSDFmin=+0.006834 G=OK(+2.346e-12) MF=OK(active=20/20,min=+7.692e-12,slack=+8.148e-15)
[RMPCC 0222] OK solve=273.1ms pose=(1.862,0.450,-2.014) u=(0.110,-0.563) s=2.447 PSDFmin=+0.005902 G=OK(+0.005229) MF=OK(active=19/20,min=+8.694e-12,slack=+3.165e-13)
[RMPCC 0223] OK solve=134.1ms pose=(1.857,0.440,-2.070) u=(0.055,-0.394) s=2.461 PSDFmin=-0.006943 G=OK(+0.007097) MF=OK(active=20/20,min=+2.679e-11,slack=+7.577e-13)
[RMPCC 0224] OK solve=274.0ms pose=(1.854,0.435,-2.110) u=(0.088,-0.479) s=2.466 PSDFmin=+0.005677 G=OK(+0.00464) MF=OK(active=16/20,min=+7.613e-09,slack=+5.691e-12)
[RMPCC 0225] OK solve=266.0ms pose=(1.850,0.428,-2.157) u=(0.059,-0.497) s=2.477 PSDFmin=+0.007778 G=OK(+0.006528) MF=OK(active=19/20,min=+3.539e-11,slack=+6.561e-14)
[RMPCC 0226] OK solve=124.5ms pose=(1.847,0.423,-2.207) u=(0.108,-0.241) s=2.483 PSDFmin=+0.007376 G=OK(+0.005302) MF=OK(active=20/20,min=+5.185e-11,slack=+4.021e-13)
[RMPCC 0227] OK solve=133.6ms pose=(1.840,0.414,-2.231) u=(0.085,-0.594) s=2.494 PSDFmin=+0.004932 G=OK(+0.00204) MF=OK(active=20/20,min=+1.066e-14,slack=+1.206e-17)
[RMPCC 0228] OK solve=128.6ms pose=(1.835,0.408,-2.291) u=(0.100,-0.578) s=2.502 PSDFmin=+0.007839 G=OK(+0.006907) MF=OK(active=20/20,min=+2.845e-14,slack=+2.799e-17)
[RMPCC 0229] OK solve=138.4ms pose=(1.828,0.400,-2.348) u=(0.102,-0.250) s=2.512 PSDFmin=+0.007918 G=OK(+0.005765) MF=OK(active=20/20,min=+1.14e-13,slack=+2.984e-16)
[RMPCC 0230] OK solve=130.9ms pose=(1.821,0.393,-2.373) u=(0.106,-0.420) s=2.523 PSDFmin=+0.002134 G=OK(+0.00352) MF=OK(active=20/20,min=+8.222e-12,slack=+1.554e-14)
[RMPCC 0231] OK solve=134.3ms pose=(1.814,0.385,-2.415) u=(0.114,-0.203) s=2.533 PSDFmin=+0.005905 G=OK(+0.004495) MF=OK(active=20/20,min=-1.183e-12,slack=+1.46e-13)
[RMPCC 0232] OK solve=131.4ms pose=(1.805,0.378,-2.436) u=(0.173,0.112) s=2.544 PSDFmin=+0.008527 G=OK(+0.004272) MF=OK(active=20/20,min=+1.335e-14,slack=+1.035e-16)
[RMPCC 0233] OK solve=130.1ms pose=(1.792,0.367,-2.424) u=(0.156,0.895) s=2.565 PSDFmin=-0.002259 G=OK(+0.002822) MF=OK(active=20/20,min=+1.087e-12,slack=+3.738e-15)
[RMPCC 0234] OK solve=136.2ms pose=(1.780,0.356,-2.335) u=(0.139,0.414) s=2.586 PSDFmin=+0.0002197 G=OK(+0.004979) MF=OK(active=16/20,min=+1.069e-14,slack=+3.566e-17)
[RMPCC 0235] OK solve=143.9ms pose=(1.770,0.346,-2.294) u=(0.139,0.577) s=2.597 PSDFmin=-0.002301 G=OK(+0.005494) MF=OK(active=19/20,min=+7.12e-15,slack=+1.445e-17)
[RMPCC 0236] OK solve=164.2ms pose=(1.761,0.336,-2.236) u=(0.105,1.200) s=2.607 PSDFmin=-0.01165 G=OK(+3.997e-15) MF=OK(active=18/20,min=+8.612e-10,slack=+2.404e-16)
[RMPCC 0237] OK solve=147.6ms pose=(1.755,0.328,-2.116) u=(0.127,0.710) s=2.618 PSDFmin=-0.001709 G=OK(+2.673e-13) MF=OK(active=8/20,min=+0.1057,slack=+6.039e-15)
[RMPCC 0238] OK solve=132.4ms pose=(1.748,0.317,-2.045) u=(0.097,1.200) s=2.628 PSDFmin=-0.02211 G=OK(+0.005095) MF=OK(active=14/20,min=+5.295e-11,slack=+1.778e-12)
[RMPCC 0239] OK solve=132.8ms pose=(1.744,0.308,-1.925) u=(0.150,0.546) s=2.636 PSDFmin=+0.0004117 G=OK(+0.006104) MF=OK(active=18/20,min=+9.987e-14,slack=+3.939e-16)
[RMPCC 0240] OK solve=125.6ms pose=(1.739,0.294,-1.870) u=(0.120,0.822) s=2.649 PSDFmin=-0.02856 G=OK(+0.006874) MF=OK(active=17/20,min=+3.869e-12,slack=+1.071e-14)
[RMPCC 0241] OK solve=132.4ms pose=(1.735,0.283,-1.788) u=(0.129,0.337) s=2.658 PSDFmin=-0.003942 G=OK(+0.007562) MF=OK(active=17/20,min=+2.846e-14,slack=+4.343e-17)
[RMPCC 0242] OK solve=133.2ms pose=(1.732,0.270,-1.754) u=(0.097,0.751) s=2.669 PSDFmin=-0.006402 G=OK(+3.433e-13) MF=OK(active=13/20,min=+9.585e-10,slack=+8.728e-13)
[RMPCC 0243] OK solve=126.3ms pose=(1.731,0.261,-1.679) u=(0.105,0.324) s=2.678 PSDFmin=-0.00114 G=OK(+1.846e-09) MF=OK(active=11/20,min=+1.982e-08,slack=+1.352e-11)
[RMPCC 0244] OK solve=135.8ms pose=(1.729,0.250,-1.647) u=(0.098,0.509) s=2.689 PSDFmin=-0.0174 G=OK(+0.01054) MF=OK(active=14/20,min=+3.563e-15,slack=+1.04e-17)
[RMPCC 0245] OK solve=132.0ms pose=(1.729,0.240,-1.596) u=(0.116,0.161) s=2.699 PSDFmin=+0.006029 G=OK(+0.003669) MF=OK(active=17/20,min=+5.913e-12,slack=+1.16e-14)
[RMPCC 0246] OK solve=133.4ms pose=(1.728,0.229,-1.580) u=(0.100,0.312) s=2.705 PSDFmin=+0.01325 G=OK(+0.01206) MF=OK(active=20/20,min=+5.13e-12,slack=+2.485e-14)
[RMPCC 0247] OK solve=131.1ms pose=(1.728,0.219,-1.549) u=(0.121,0.219) s=2.716 PSDFmin=+0.008116 G=OK(+0.007187) MF=OK(active=20/20,min=+5.003e-13,slack=+1.164e-15)
[RMPCC 0248] OK solve=131.3ms pose=(1.729,0.207,-1.527) u=(0.074,0.460) s=2.728 PSDFmin=-0.009212 G=OK(+0.004706) MF=OK(active=20/20,min=+1.799e-09,slack=+2.111e-12)
[RMPCC 0249] OK solve=131.2ms pose=(1.729,0.199,-1.481) u=(0.086,0.213) s=2.734 PSDFmin=+0.008186 G=OK(+0.005197) MF=OK(active=18/20,min=+1.43e-14,slack=+8.746e-17)
[RMPCC 0250] OK solve=143.2ms pose=(1.730,0.191,-1.459) u=(0.084,0.228) s=2.740 PSDFmin=+0.01175 G=OK(+0.01072) MF=OK(active=20/20,min=+2.669e-10,slack=+7.529e-12)
[RMPCC 0251] OK solve=143.9ms pose=(1.731,0.182,-1.437) u=(0.071,0.320) s=2.751 PSDFmin=+0.007888 G=OK(+0.007103) MF=OK(active=20/20,min=+2.155e-12,slack=+3.874e-15)
[RMPCC 0252] OK solve=132.5ms pose=(1.732,0.175,-1.405) u=(0.058,0.396) s=2.757 PSDFmin=-0.00243 G=OK(+0.008103) MF=OK(active=20/20,min=+1.897e-12,slack=+1.49e-14)
[RMPCC 0253] OK solve=140.5ms pose=(1.732,0.170,-1.365) u=(0.064,0.297) s=2.763 PSDFmin=+0.009605 G=OK(+0.00917) MF=OK(active=19/20,min=-7.439e-12,slack=+8.017e-13)
[RMPCC 0254] OK solve=141.1ms pose=(1.734,0.163,-1.335) u=(0.057,0.363) s=2.769 PSDFmin=+0.01041 G=OK(+0.009327) MF=OK(active=20/20,min=+1.641e-10,slack=+9.042e-12)
[RMPCC 0255] OK solve=142.9ms pose=(1.735,0.158,-1.299) u=(0.052,0.391) s=2.775 PSDFmin=+0.008307 G=OK(+0.007541) MF=OK(active=20/20,min=+1.544e-09,slack=+1.861e-12)
[RMPCC 0256] OK solve=163.8ms pose=(1.737,0.153,-1.260) u=(0.041,0.436) s=2.781 PSDFmin=+0.008889 G=OK(+0.007911) MF=OK(active=20/20,min=+3.464e-08,slack=+2.12e-11)
[RMPCC 0257] OK solve=145.1ms pose=(1.738,0.149,-1.216) u=(0.046,0.393) s=2.786 PSDFmin=+0.008375 G=OK(+0.007644) MF=OK(active=20/20,min=+3.282e-13,slack=+1.342e-15)
[RMPCC 0258] OK solve=132.9ms pose=(1.739,0.145,-1.177) u=(0.038,0.432) s=2.792 PSDFmin=+0.008432 G=OK(+0.007379) MF=OK(active=20/20,min=+2.313e-10,slack=+6.89e-12)
[RMPCC 0259] OK solve=148.8ms pose=(1.741,0.141,-1.134) u=(0.039,0.435) s=2.798 PSDFmin=+0.008048 G=OK(+0.007026) MF=OK(active=20/20,min=+1.595e-11,slack=+6.356e-13)
[RMPCC 0260] OK solve=143.7ms pose=(1.743,0.137,-1.090) u=(0.033,0.449) s=2.802 PSDFmin=+0.007581 G=OK(+0.006545) MF=OK(active=20/20,min=+2.272e-11,slack=+1.357e-12)
[RMPCC 0261] OK solve=135.3ms pose=(1.744,0.135,-1.045) u=(0.031,0.446) s=2.804 PSDFmin=+0.007209 G=OK(+0.006175) MF=OK(active=20/20,min=+4.356e-12,slack=+7.527e-15)
[RMPCC 0262] OK solve=134.4ms pose=(1.746,0.132,-1.001) u=(0.030,0.448) s=2.809 PSDFmin=+0.006851 G=OK(+0.005816) MF=OK(active=20/20,min=+5.088e-10,slack=+4.008e-12)
[RMPCC 0263] OK solve=127.2ms pose=(1.747,0.129,-0.956) u=(0.028,0.444) s=2.812 PSDFmin=+0.006488 G=OK(+0.005456) MF=OK(active=20/20,min=+8.206e-10,slack=+9.772e-12)
[RMPCC 0264] OK solve=127.9ms pose=(1.749,0.127,-0.912) u=(0.025,0.432) s=2.814 PSDFmin=+0.006176 G=OK(+0.005148) MF=OK(active=20/20,min=+1.804e-06,slack=+5.43e-11)
[RMPCC 0265] OK solve=145.6ms pose=(1.750,0.125,-0.868) u=(0.026,0.422) s=2.818 PSDFmin=+0.005931 G=OK(+0.004898) MF=OK(active=20/20,min=+3.344e-05,slack=+1.589e-11)
[RMPCC 0266] OK solve=131.2ms pose=(1.752,0.123,-0.826) u=(0.025,0.398) s=2.820 PSDFmin=+0.00581 G=OK(+0.00478) MF=OK(active=20/20,min=+0.008309,slack=+3.829e-13)
[RMPCC 0267] OK solve=135.5ms pose=(1.754,0.121,-0.786) u=(0.024,0.367) s=2.822 PSDFmin=+0.005782 G=OK(+0.004758) MF=OK(active=20/20,min=+0.02152,slack=+3.562e-13)
[RMPCC 0268] OK solve=132.5ms pose=(1.755,0.120,-0.750) u=(0.024,0.339) s=2.825 PSDFmin=+0.005756 G=OK(+0.00473) MF=OK(active=20/20,min=+0.03496,slack=+1.138e-12)
[RMPCC 0269] OK solve=139.4ms pose=(1.757,0.118,-0.716) u=(0.025,0.315) s=2.829 PSDFmin=+0.005788 G=OK(+0.004759) MF=OK(active=20/20,min=+0.05158,slack=+2.86e-12)
[RMPCC 0270] OK solve=137.4ms pose=(1.759,0.116,-0.684) u=(0.025,0.292) s=2.831 PSDFmin=+0.005793 G=OK(+0.004767) MF=OK(active=20/20,min=+0.06912,slack=+2.018e-13)
[RMPCC 0271] OK solve=130.7ms pose=(1.761,0.115,-0.655) u=(0.024,0.270) s=2.833 PSDFmin=+0.005795 G=OK(+0.004772) MF=OK(active=20/20,min=+0.0859,slack=+1.549e-13)
[RMPCC 0272] OK solve=132.3ms pose=(1.763,0.113,-0.628) u=(0.023,0.250) s=2.835 PSDFmin=+0.005799 G=OK(+0.004775) MF=OK(active=20/20,min=+0.102,slack=+1.27e-13)
[RMPCC 0273] OK solve=129.4ms pose=(1.765,0.112,-0.603) u=(0.022,0.231) s=2.837 PSDFmin=+0.005807 G=OK(+0.004786) MF=OK(active=20/20,min=+0.1175,slack=+4.378e-17)
[RMPCC 0274] OK solve=141.0ms pose=(1.767,0.111,-0.580) u=(0.021,0.214) s=2.839 PSDFmin=+0.005815 G=OK(+0.004792) MF=OK(active=20/20,min=+0.1318,slack=+6.599e-14)
[RMPCC 0275] OK solve=137.3ms pose=(1.768,0.110,-0.559) u=(0.021,0.198) s=2.841 PSDFmin=+0.005829 G=OK(+0.004806) MF=OK(active=20/20,min=+0.1451,slack=+4.511e-14)
[RMPCC 0276] OK solve=137.9ms pose=(1.770,0.108,-0.539) u=(0.020,0.184) s=2.843 PSDFmin=+0.005843 G=OK(+0.004822) MF=OK(active=20/20,min=+0.1571,slack=+7.735e-17)
[RMPCC 0277] OK solve=136.6ms pose=(1.772,0.107,-0.520) u=(0.020,0.171) s=2.845 PSDFmin=+0.005859 G=OK(+0.004837) MF=OK(active=20/20,min=+0.1677,slack=+1.697e-15)
[RMPCC 0278] OK solve=195.2ms pose=(1.774,0.106,-0.503) u=(0.019,0.160) s=2.848 PSDFmin=+0.005875 G=OK(+0.004853) MF=OK(active=20/20,min=+0.1764,slack=+5.252e-14)
[RMPCC 0279] OK solve=143.8ms pose=(1.775,0.106,-0.487) u=(0.019,0.149) s=2.850 PSDFmin=+0.005892 G=OK(+0.004869) MF=OK(active=20/20,min=+0.1837,slack=+2.211e-13)
[RMPCC 0280] OK solve=128.7ms pose=(1.777,0.105,-0.472) u=(0.019,0.139) s=2.852 PSDFmin=+0.005915 G=OK(+0.004894) MF=OK(active=20/20,min=+0.1895,slack=+2.779e-17)
[RMPCC 0281] OK solve=146.4ms pose=(1.779,0.104,-0.458) u=(0.018,0.130) s=2.854 PSDFmin=+0.005951 G=OK(+0.004932) MF=OK(active=20/20,min=+0.1938,slack=+3.808e-14)
[RMPCC 0282] OK solve=146.2ms pose=(1.780,0.103,-0.445) u=(0.016,0.121) s=2.854 PSDFmin=+0.005998 G=OK(+0.004983) MF=OK(active=20/20,min=+0.1967,slack=+3.277e-14)
[RMPCC 0283] OK solve=137.4ms pose=(1.782,0.102,-0.433) u=(0.016,0.113) s=2.856 PSDFmin=+0.006051 G=OK(+0.005037) MF=OK(active=20/20,min=+0.1981,slack=+4.928e-17)
[RMPCC 0284] OK solve=146.1ms pose=(1.783,0.102,-0.422) u=(0.016,0.106) s=2.858 PSDFmin=+0.006112 G=OK(+0.005098) MF=OK(active=20/20,min=+0.1992,slack=+4.514e-17)
[RMPCC 0285] OK solve=128.9ms pose=(1.785,0.101,-0.411) u=(0.016,0.099) s=2.860 PSDFmin=+0.006179 G=OK(+0.005166) MF=OK(active=20/20,min=+0.1997,slack=+3.643e-17)
[RMPCC 0286] OK solve=141.2ms pose=(1.786,0.100,-0.402) u=(0.014,0.093) s=2.860 PSDFmin=+0.006252 G=OK(+0.005241) MF=OK(active=20/20,min=+0.2,slack=+4.184e-13)
[RMPCC 0287] OK solve=144.6ms pose=(1.787,0.100,-0.392) u=(0.014,0.087) s=2.862 PSDFmin=+0.006327 G=OK(+0.005317) MF=OK(active=20/20,min=+0.2,slack=+3.508e-17)
[RMPCC 0288] OK solve=142.3ms pose=(1.789,0.099,-0.383) u=(0.014,0.083) s=2.864 PSDFmin=+0.006406 G=OK(+0.005396) MF=OK(active=20/20,min=+0.2,slack=+6.033e-13)
[RMPCC 0289] OK solve=129.9ms pose=(1.790,0.099,-0.375) u=(0.012,0.078) s=2.864 PSDFmin=+0.006488 G=OK(+0.00548) MF=OK(active=20/20,min=+0.2,slack=+2.301e-12)
[RMPCC 0290] OK solve=137.8ms pose=(1.791,0.098,-0.367) u=(0.013,0.073) s=2.866 PSDFmin=+0.00657 G=OK(+0.005562) MF=OK(active=20/20,min=+0.2,slack=+3.524e-17)
[RMPCC 0291] OK solve=137.0ms pose=(1.792,0.098,-0.360) u=(0.011,0.069) s=2.866 PSDFmin=+0.006653 G=OK(+0.005647) MF=OK(active=20/20,min=+0.2,slack=+1.449e-12)
[RMPCC 0292] OK solve=133.7ms pose=(1.793,0.097,-0.353) u=(0.012,0.065) s=2.869 PSDFmin=+0.006736 G=OK(+0.00573) MF=OK(active=20/20,min=+0.2,slack=+1.484e-12)
[RMPCC 0293] OK solve=135.8ms pose=(1.794,0.097,-0.347) u=(0.010,0.061) s=2.869 PSDFmin=+0.00682 G=OK(+0.005814) MF=OK(active=20/20,min=+0.2,slack=+8.919e-14)
[RMPCC 0294] OK solve=133.2ms pose=(1.795,0.097,-0.341) u=(0.011,0.058) s=2.871 PSDFmin=+0.006902 G=OK(+0.005897) MF=OK(active=20/20,min=+0.2,slack=+7.319e-16)
[RMPCC 0295] OK solve=136.5ms pose=(1.796,0.096,-0.335) u=(0.009,0.055) s=2.871 PSDFmin=+0.006984 G=OK(+0.00598) MF=OK(active=20/20,min=+0.2,slack=+1.167e-13)
[RMPCC 0296] OK solve=143.2ms pose=(1.797,0.096,-0.329) u=(0.010,0.052) s=2.873 PSDFmin=+0.007066 G=OK(+0.006061) MF=OK(active=20/20,min=+0.2,slack=+9.241e-16)
[RMPCC 0297] OK solve=128.6ms pose=(1.798,0.096,-0.324) u=(0.009,0.049) s=2.873 PSDFmin=+0.007146 G=OK(+0.006143) MF=OK(active=20/20,min=+0.2,slack=+4.721e-14)
[RMPCC 0298] OK solve=134.3ms pose=(1.799,0.095,-0.319) u=(0.008,0.047) s=2.873 PSDFmin=+0.007225 G=OK(+0.006222) MF=OK(active=20/20,min=+0.2,slack=+8.428e-14)
[RMPCC 0299] OK solve=125.1ms pose=(1.800,0.095,-0.315) u=(0.009,0.044) s=2.875 PSDFmin=+0.007302 G=OK(+0.006298) MF=OK(active=20/20,min=+0.2,slack=+2.184e-14)
[RMPCC 0300] OK solve=132.1ms pose=(1.801,0.095,-0.310) u=(0.007,0.042) s=2.875 PSDFmin=+0.007378 G=OK(+0.006375) MF=OK(active=20/20,min=+0.2,slack=+6.185e-14)
[RMPCC 0301] OK solve=135.7ms pose=(1.801,0.095,-0.306) u=(0.007,0.040) s=2.876 PSDFmin=+0.007451 G=OK(+0.006449) MF=OK(active=20/20,min=+0.2,slack=+1.029e-13)
[RMPCC 0302] OK solve=130.0ms pose=(1.802,0.094,-0.302) u=(0.008,0.038) s=2.877 PSDFmin=+0.007524 G=OK(+0.006521) MF=OK(active=20/20,min=+0.2,slack=+1.553e-13)
[RMPCC 0303] OK solve=143.9ms pose=(1.803,0.094,-0.298) u=(0.007,0.036) s=2.877 PSDFmin=+0.007595 G=OK(+0.006593) MF=OK(active=20/20,min=+0.2,slack=+2.331e-13)
[RMPCC 0304] OK solve=147.8ms pose=(1.803,0.094,-0.295) u=(0.006,0.034) s=2.878 PSDFmin=+0.007663 G=OK(+0.006661) MF=OK(active=20/20,min=+0.2,slack=+1.069e-13)
[RMPCC 0305] OK solve=138.7ms pose=(1.804,0.094,-0.291) u=(0.006,0.033) s=2.878 PSDFmin=+0.00773 G=OK(+0.006728) MF=OK(active=20/20,min=+0.2,slack=+6.677e-14)
[RMPCC 0306] OK solve=137.8ms pose=(1.804,0.094,-0.288) u=(0.006,0.031) s=2.879 PSDFmin=+0.007795 G=OK(+0.006793) MF=OK(active=20/20,min=+0.2,slack=+2.079e-13)
[RMPCC 0307] OK solve=133.6ms pose=(1.805,0.094,-0.285) u=(0.006,0.030) s=2.879 PSDFmin=+0.007859 G=OK(+0.006857) MF=OK(active=20/20,min=+0.2,slack=+2.655e-13)
[RMPCC 0308] OK solve=130.5ms pose=(1.806,0.093,-0.282) u=(0.005,0.028) s=2.880 PSDFmin=+0.00792 G=OK(+0.006919) MF=OK(active=20/20,min=+0.2,slack=+1.109e-13)
[RMPCC 0309] OK solve=130.3ms pose=(1.806,0.093,-0.279) u=(0.005,0.027) s=2.881 PSDFmin=+0.007979 G=OK(+0.006978) MF=OK(active=20/20,min=+0.2,slack=+4.785e-14)
[RMPCC 0310] OK solve=143.1ms pose=(1.807,0.093,-0.276) u=(0.005,0.026) s=2.881 PSDFmin=+0.008037 G=OK(+0.007036) MF=OK(active=20/20,min=+0.2,slack=+4.008e-14)
[RMPCC 0311] OK solve=132.1ms pose=(1.807,0.093,-0.274) u=(0.005,0.025) s=2.882 PSDFmin=+0.008093 G=OK(+0.007092) MF=OK(active=20/20,min=+0.2,slack=+7.075e-14)
[RMPCC 0312] OK solve=137.3ms pose=(1.808,0.093,-0.271) u=(0.005,0.023) s=2.882 PSDFmin=+0.008147 G=OK(+0.007146) MF=OK(active=20/20,min=+0.2,slack=+1.124e-13)
[RMPCC 0313] OK solve=133.1ms pose=(1.808,0.093,-0.269) u=(0.005,0.023) s=2.883 PSDFmin=+0.0082 G=OK(+0.007199) MF=OK(active=20/20,min=+0.2,slack=+4.205e-13)
[RMPCC 0314] OK solve=127.1ms pose=(1.808,0.093,-0.267) u=(0.004,0.022) s=2.883 PSDFmin=+0.008251 G=OK(+0.00725) MF=OK(active=20/20,min=+0.2,slack=+4.02e-13)
목적지에 도착했습니다! 현재 위치: [1.80891 0.09242], 시간: 31.50초
Using rmpcc optimizer with differential_drive dynamics:
median:  0.13715815544128418
std:  0.05873038055252074
min:  0.12184000015258789
max:  0.4503755569458008
Simulation finished.
Run outcome: status=success, reason=None, final_time=31.500000000000178, distance_to_goal=0.00993167161679725
Optimizer runtime stats: safe_stop_count=0, backup_feasible_qp_success_count=0, plant_input_apply_count=315, last_solve_mode=sqp_rti
Trial history saved to /home/taek111/projects/psdf_mpcc/benchmark_runs/maze_rectangle_nominal/mf_scale_0p3/data/trial_history_MPC_rmpcc_rectangle_maze_mf_scale_0p3.csv
RMPCC constraint history saved to /home/taek111/projects/psdf_mpcc/benchmark_runs/maze_rectangle_nominal/mf_scale_0p3/data/rmpcc_constraints_MPC_rmpcc_rectangle_maze_mf_scale_0p3.csv
RMPCC debug history saved to /home/taek111/projects/psdf_mpcc/benchmark_runs/maze_rectangle_nominal/mf_scale_0p3/data/cycle_raw.csv
RMPCC debug history saved to /home/taek111/projects/psdf_mpcc/benchmark_runs/maze_rectangle_nominal/mf_scale_0p3/data/covariance_trajectory.csv
Pose-SDF data saved to /home/taek111/projects/psdf_mpcc/benchmark_runs/maze_rectangle_nominal/mf_scale_0p3/data/pose_sdf_MPC_rmpcc_rectangle_maze_mf_scale_0p3.csv
Total data points: 315
SDF statistics - Min: 0.0059, Max: 0.0607, Mean: 0.0138
