Trial CSV directory: /home/taekwon/projects/psdf_mpcc/benchmark_runs/obca_maze_h12_20260917_001636

[Trials] maze / obca trial 1/1, seed=0
Running single test...
Start perturbation: seed=0, pose=[0.07751460442186786, 0.7923579027341738, -1.5387751942727323], delta=[0.002514604421867866, -0.0026420972658260378, 0.03202113252216411], clearance=0.025107 m, attempts=1
Start pose saved to /home/taekwon/projects/psdf_mpcc/benchmark_runs/obca_maze_h12_20260917_001636/runs/config01/trial_0001/data/start_pose_MPC_OBCA_rectangle_maze_startseed0.json
OBCA configured from config: horizon=12
Trial failure criteria enabled: movement_window_sec=4.0, movement_threshold=0.03, max_consecutive_solver_failures=20
generating global path with A* + Line of Sight
시작 위치: [0.07751 0.79236]
목적지: [1.8  0.09]
도착 판정 기준: position <= 0.01m, angle <= 0.01rad

******************************************************************************
This program contains Ipopt, a library for large-scale nonlinear optimization.
 Ipopt is released as open source code under the Eclipse Public License (EPL).
         For more information visit https://github.com/coin-or/Ipopt
******************************************************************************

solver time:  0.36942996399011463
plant_input_stage0: full=[0.05519 0.99999], physical=[0.05519 0.99999]
solver time:  0.35624764300882816
plant_input_stage0: full=[0.05549 0.22425], physical=[0.05549 0.22425]
solver time:  0.35594469198258594
plant_input_stage0: full=[ 0.05535 -0.03198], physical=[ 0.05535 -0.03198]
solver time:  0.37592548498651013
plant_input_stage0: full=[ 0.05519 -0.03055], physical=[ 0.05519 -0.03055]
solver time:  0.3480039240093902
plant_input_stage0: full=[ 0.05503 -0.02964], physical=[ 0.05503 -0.02964]
solver time:  0.3586337040178478
plant_input_stage0: full=[ 0.05487 -0.02828], physical=[ 0.05487 -0.02828]
solver time:  0.36990065799909644
plant_input_stage0: full=[ 0.05471 -0.027  ], physical=[ 0.05471 -0.027  ]
solver time:  0.3649555610027164
plant_input_stage0: full=[ 0.05455 -0.02625], physical=[ 0.05455 -0.02625]
solver time:  0.36109070098609664
plant_input_stage0: full=[ 0.05439 -0.02523], physical=[ 0.05439 -0.02523]
solver time:  0.37577995701576583
plant_input_stage0: full=[ 0.05424 -0.02402], physical=[ 0.05424 -0.02402]
solver time:  0.36717119498644024
plant_input_stage0: full=[0.05402 0.00049], physical=[0.05402 0.00049]
solver time:  0.41094812800292857
plant_input_stage0: full=[0.05376 0.01562], physical=[0.05376 0.01562]
solver time:  0.3790814429812599
plant_input_stage0: full=[0.05342 0.04309], physical=[0.05342 0.04309]
solver time:  0.3655296500073746
plant_input_stage0: full=[0.05306 0.04991], physical=[0.05306 0.04991]
solver time:  0.3716856759856455
plant_input_stage0: full=[0.0526  0.08037], physical=[0.0526  0.08037]
solver time:  0.39080913600628264
plant_input_stage0: full=[0.05212 0.08018], physical=[0.05212 0.08018]
solver time:  0.39487507101148367
plant_input_stage0: full=[0.05155 0.1125 ], physical=[0.05155 0.1125 ]
solver time:  0.3811317769868765
plant_input_stage0: full=[0.05098 0.10989], physical=[0.05098 0.10989]
solver time:  0.36813050400814973
plant_input_stage0: full=[0.05028 0.06194], physical=[0.05028 0.06194]
solver time:  0.3691467450116761
plant_input_stage0: full=[ 0.04959 -0.14057], physical=[ 0.04959 -0.14057]
solver time:  0.39035542399506085
plant_input_stage0: full=[ 0.0488  -0.12671], physical=[ 0.0488  -0.12671]
solver time:  0.3857837489922531
plant_input_stage0: full=[ 0.04807 -0.11461], physical=[ 0.04807 -0.11461]
solver time:  0.37136717900284566
plant_input_stage0: full=[ 0.0472  -0.10367], physical=[ 0.0472  -0.10367]
solver time:  0.3746073110087309
plant_input_stage0: full=[ 0.04635 -0.07799], physical=[ 0.04635 -0.07799]
solver time:  0.3929279890144244
plant_input_stage0: full=[0.04537 0.     ], physical=[0.04537 0.     ]
solver time:  0.3994470789912157
plant_input_stage0: full=[0.04444 0.     ], physical=[0.04444 0.     ]
solver time:  0.3998477799759712
plant_input_stage0: full=[0.04347 0.     ], physical=[0.04347 0.     ]
solver time:  0.4049020200036466
plant_input_stage0: full=[0.04247 0.     ], physical=[0.04247 0.     ]
solver time:  0.4015364639926702
plant_input_stage0: full=[0.04147 0.     ], physical=[0.04147 0.     ]
solver time:  0.41302820199052803
plant_input_stage0: full=[0.04042 0.     ], physical=[0.04042 0.     ]
solver time:  0.4048083130037412
plant_input_stage0: full=[0.03939 0.     ], physical=[0.03939 0.     ]
solver time:  0.4051898950128816
plant_input_stage0: full=[0.03831 0.     ], physical=[0.03831 0.     ]
solver time:  0.420072490000166
plant_input_stage0: full=[0.03723 0.     ], physical=[0.03723 0.     ]
solver time:  0.4228587329853326
plant_input_stage0: full=[0.04467 0.00001], physical=[0.04467 0.00001]
solver time:  0.7888800809741952
plant_input_stage0: full=[ 0.04255 -0.     ], physical=[ 0.04255 -0.     ]
solver time:  0.5988272139802575
plant_input_stage0: full=[0.04052 0.     ], physical=[0.04052 0.     ]
solver time:  0.5240459109772928
plant_input_stage0: full=[ 0.03958 -0.00001], physical=[ 0.03958 -0.00001]
solver time:  0.6786611700081266
plant_input_stage0: full=[ 0.04118 -0.     ], physical=[ 0.04118 -0.     ]
solver time:  0.5850316540163476
plant_input_stage0: full=[ 0.04352 -0.00001], physical=[ 0.04352 -0.00001]
solver time:  0.6406375339720398
plant_input_stage0: full=[0.0465  0.00001], physical=[0.0465  0.00001]
solver time:  0.6316997130052187
plant_input_stage0: full=[0.04778 0.00012], physical=[0.04778 0.00012]
solver time:  2.5230132350116037
plant_input_stage0: full=[0.04539 1.     ], physical=[0.04539 1.     ]
solver time:  2.617158640990965
plant_input_stage0: full=[0.04513 1.     ], physical=[0.04513 1.     ]
solver time:  1.6809768420062028
plant_input_stage0: full=[0.04514 1.     ], physical=[0.04514 1.     ]
solver time:  0.6785960039997008
plant_input_stage0: full=[0.04514 1.     ], physical=[0.04514 1.     ]
solver time:  0.6344208820082713
plant_input_stage0: full=[0.04516 1.     ], physical=[0.04516 1.     ]
solver time:  1.4398739190073684
plant_input_stage0: full=[0.04529 1.     ], physical=[0.04529 1.     ]
solver time:  0.6500756650057156
plant_input_stage0: full=[0.04551 1.     ], physical=[0.04551 1.     ]
solver time:  0.7371339490055107
plant_input_stage0: full=[0.04629 1.     ], physical=[0.04629 1.     ]
solver time:  0.6821622139832471
plant_input_stage0: full=[0.04864 1.     ], physical=[0.04864 1.     ]
solver time:  0.5653453640115913
plant_input_stage0: full=[0.05073 1.     ], physical=[0.05073 1.     ]
solver time:  0.5813504680118058
plant_input_stage0: full=[0.05252 1.     ], physical=[0.05252 1.     ]
solver time:  0.49384248300339095
plant_input_stage0: full=[0.05394 1.     ], physical=[0.05394 1.     ]
solver time:  0.5781816770031583
plant_input_stage0: full=[0.05495 1.     ], physical=[0.05495 1.     ]
solver time:  0.5531168009911198
plant_input_stage0: full=[0.0555  0.71805], physical=[0.0555  0.71805]
solver time:  0.5356773109815549
plant_input_stage0: full=[0.05555 0.04339], physical=[0.05555 0.04339]
solver time:  0.5658127159986179
plant_input_stage0: full=[0.05545 0.04083], physical=[0.05545 0.04083]
solver time:  0.6024877770105377
plant_input_stage0: full=[0.07645 0.4894 ], physical=[0.07645 0.4894 ]
solver time:  0.6064358559960965
plant_input_stage0: full=[0.07288 0.00032], physical=[0.07288 0.00032]
solver time:  0.6381249350088183
plant_input_stage0: full=[0.06941 0.00033], physical=[0.06941 0.00033]
solver time:  0.5460403120086994
plant_input_stage0: full=[0.06611 0.00031], physical=[0.06611 0.00031]
solver time:  0.5002095949894283
plant_input_stage0: full=[ 0.06296 -0.0001 ], physical=[ 0.06296 -0.0001 ]
solver time:  0.4956901049881708
plant_input_stage0: full=[ 0.05997 -0.00018], physical=[ 0.05997 -0.00018]
solver time:  0.4948711679899134
plant_input_stage0: full=[ 0.05711 -0.00016], physical=[ 0.05711 -0.00016]
solver time:  0.5768085250165313
plant_input_stage0: full=[0.05515 0.02204], physical=[0.05515 0.02204]
solver time:  0.613628154998878
plant_input_stage0: full=[0.05507 0.08357], physical=[0.05507 0.08357]
solver time:  0.555975772003876
plant_input_stage0: full=[0.055   0.07858], physical=[0.055   0.07858]
solver time:  0.5726196760078892
plant_input_stage0: full=[0.05492 0.0835 ], physical=[0.05492 0.0835 ]
solver time:  0.5860702059871983
plant_input_stage0: full=[0.05485 0.07493], physical=[0.05485 0.07493]
solver time:  0.5772570360277314
plant_input_stage0: full=[0.05477 0.07326], physical=[0.05477 0.07326]
solver time:  0.5596612509980332
plant_input_stage0: full=[0.05469 0.06254], physical=[0.05469 0.06254]
solver time:  0.5563585549825802
plant_input_stage0: full=[0.05461 0.0511 ], physical=[0.05461 0.0511 ]
solver time:  0.5817790570145007
plant_input_stage0: full=[0.05452 0.03339], physical=[0.05452 0.03339]
solver time:  0.5965886399790179
plant_input_stage0: full=[0.05443 0.00603], physical=[0.05443 0.00603]
solver time:  0.8057979069999419
plant_input_stage0: full=[ 0.0544  -0.02092], physical=[ 0.0544  -0.02092]
solver time:  0.8827826420019846
plant_input_stage0: full=[0.05447 0.02938], physical=[0.05447 0.02938]
solver time:  0.9911129879765213
plant_input_stage0: full=[0.07551 0.11071], physical=[0.07551 0.11071]
solver time:  1.023395424010232
plant_input_stage0: full=[ 0.07189 -0.06496], physical=[ 0.07189 -0.06496]
solver time:  0.7903630649961997
plant_input_stage0: full=[ 0.06845 -0.0683 ], physical=[ 0.06845 -0.0683 ]
solver time:  0.5331277719815262
plant_input_stage0: full=[0.06519 0.7011 ], physical=[0.06519 0.7011 ]
solver time:  0.6701989980065264
plant_input_stage0: full=[0.06197 0.944  ], physical=[0.06197 0.944  ]
solver time:  0.6498918209981639
plant_input_stage0: full=[0.05925 0.00029], physical=[0.05925 0.00029]
solver time:  0.5753082339942921
plant_input_stage0: full=[0.05643 0.00023], physical=[0.05643 0.00023]
solver time:  0.6098178770043887
plant_input_stage0: full=[0.056   0.04504], physical=[0.056   0.04504]
solver time:  0.5300838719995227
plant_input_stage0: full=[0.05597 0.0505 ], physical=[0.05597 0.0505 ]
solver time:  0.5037525900115725
plant_input_stage0: full=[0.05594 0.04818], physical=[0.05594 0.04818]
solver time:  0.46752016301616095
plant_input_stage0: full=[0.05591 0.04595], physical=[0.05591 0.04595]
solver time:  0.39293589899898507
plant_input_stage0: full=[0.05589 0.04381], physical=[0.05589 0.04381]
solver time:  0.3962341180013027
plant_input_stage0: full=[0.05586 0.04177], physical=[0.05586 0.04177]
solver time:  0.406781788013177
plant_input_stage0: full=[0.05584 0.03983], physical=[0.05584 0.03983]
solver time:  0.4082578080124222
plant_input_stage0: full=[0.05582 0.03797], physical=[0.05582 0.03797]
solver time:  0.40802542501478456
plant_input_stage0: full=[0.05581 0.03619], physical=[0.05581 0.03619]
solver time:  0.4228793240035884
plant_input_stage0: full=[0.05579 0.0345 ], physical=[0.05579 0.0345 ]
solver time:  0.3917162719881162
plant_input_stage0: full=[0.05578 0.03288], physical=[0.05578 0.03288]
solver time:  0.39466300400090404
plant_input_stage0: full=[0.05577 0.03132], physical=[0.05577 0.03132]
solver time:  0.4215185860230122
plant_input_stage0: full=[0.05575 0.02984], physical=[0.05575 0.02984]
solver time:  0.3468778359820135
plant_input_stage0: full=[0.05574 0.02846], physical=[0.05574 0.02846]
solver time:  0.35464315401623026
plant_input_stage0: full=[0.05573 0.02712], physical=[0.05573 0.02712]
solver time:  0.33053556899540126
plant_input_stage0: full=[0.05573 0.02585], physical=[0.05573 0.02585]
solver time:  0.32724809300270863
plant_input_stage0: full=[0.05572 0.02463], physical=[0.05572 0.02463]
solver time:  0.3444349830097053
plant_input_stage0: full=[0.05571 0.02347], physical=[0.05571 0.02347]
solver time:  0.3327055970148649
plant_input_stage0: full=[0.0557  0.02237], physical=[0.0557  0.02237]
solver time:  0.33321949699893594
plant_input_stage0: full=[0.0557  0.02131], physical=[0.0557  0.02131]
solver time:  0.32898889397620223
plant_input_stage0: full=[0.05569 0.01963], physical=[0.05569 0.01963]
solver time:  0.3282556640042458
plant_input_stage0: full=[0.05568 0.00699], physical=[0.05568 0.00699]
solver time:  0.3186599620094057
plant_input_stage0: full=[0.05567 0.00666], physical=[0.05567 0.00666]
solver time:  0.31403797198436223
plant_input_stage0: full=[0.05566 0.00635], physical=[0.05566 0.00635]
solver time:  0.314328165986808
plant_input_stage0: full=[0.05564 0.00605], physical=[0.05564 0.00605]
solver time:  0.3171249699953478
plant_input_stage0: full=[0.05563 0.00576], physical=[0.05563 0.00576]
solver time:  0.34169313398888335
plant_input_stage0: full=[0.05562 0.00549], physical=[0.05562 0.00549]
solver time:  0.3364844289899338
plant_input_stage0: full=[0.05561 0.00524], physical=[0.05561 0.00524]
solver time:  0.35664645599899814
plant_input_stage0: full=[0.0556  0.00499], physical=[0.0556  0.00499]
solver time:  0.44142955300048925
plant_input_stage0: full=[0.05559 0.00476], physical=[0.05559 0.00476]
solver time:  0.37457990198163316
plant_input_stage0: full=[0.05544 0.01875], physical=[0.05544 0.01875]
solver time:  0.37720824099960737
plant_input_stage0: full=[0.05456 0.09671], physical=[0.05456 0.09671]
solver time:  0.41099074500380084
plant_input_stage0: full=[0.05095 0.4448 ], physical=[0.05095 0.4448 ]
solver time:  0.4142977979790885
plant_input_stage0: full=[0.04734 0.55498], physical=[0.04734 0.55498]
solver time:  0.42089241900248453
plant_input_stage0: full=[0.04369 0.71149], physical=[0.04369 0.71149]
solver time:  0.397100533999037
plant_input_stage0: full=[0.0397  0.38482], physical=[0.0397  0.38482]
solver time:  0.4070423259981908
plant_input_stage0: full=[ 0.05416 -1.     ], physical=[ 0.05416 -1.     ]
solver time:  0.4324624269793276
plant_input_stage0: full=[ 0.05501 -0.20278], physical=[ 0.05501 -0.20278]
solver time:  0.4365927049948368
plant_input_stage0: full=[ 0.05507 -0.     ], physical=[ 0.05507 -0.     ]
solver time:  0.4228011310042348
plant_input_stage0: full=[ 0.05502 -0.     ], physical=[ 0.05502 -0.     ]
solver time:  0.44132204999914393
plant_input_stage0: full=[ 0.05495 -0.     ], physical=[ 0.05495 -0.     ]
solver time:  0.4402826849836856
plant_input_stage0: full=[ 0.05488 -0.     ], physical=[ 0.05488 -0.     ]
solver time:  0.42881487699924037
plant_input_stage0: full=[0.05472 0.     ], physical=[0.05472 0.     ]
solver time:  0.4798336369858589
plant_input_stage0: full=[0.05455 0.     ], physical=[0.05455 0.     ]
solver time:  0.4853765270090662
plant_input_stage0: full=[ 0.05471 -0.00002], physical=[ 0.05471 -0.00002]
solver time:  0.47044384400942363
plant_input_stage0: full=[0.05506 0.00003], physical=[0.05506 0.00003]
solver time:  0.47521636699093506
plant_input_stage0: full=[0.05525 0.00001], physical=[0.05525 0.00001]
solver time:  0.4998045300017111
plant_input_stage0: full=[0.05527 0.00003], physical=[0.05527 0.00003]
solver time:  0.5354900609818287
plant_input_stage0: full=[0.05529 0.00121], physical=[0.05529 0.00121]
solver time:  0.510928725998383
plant_input_stage0: full=[0.05533 0.12736], physical=[0.05533 0.12736]
solver time:  0.626927353994688
plant_input_stage0: full=[ 0.05408 -1.     ], physical=[ 0.05408 -1.     ]
solver time:  0.8256325399852358
plant_input_stage0: full=[ 0.05402 -1.     ], physical=[ 0.05402 -1.     ]
solver time:  0.7634547000052407
plant_input_stage0: full=[ 0.05481 -0.99999], physical=[ 0.05481 -0.99999]
solver time:  0.822264501999598
plant_input_stage0: full=[ 0.05511 -0.34884], physical=[ 0.05511 -0.34884]
solver time:  0.5490607810206711
plant_input_stage0: full=[-0.15967 -0.22426], physical=[-0.15967 -0.22426]
solver time:  0.5920818870072253
plant_input_stage0: full=[0.0554  0.32524], physical=[0.0554  0.32524]
solver time:  0.9694924119976349
plant_input_stage0: full=[ 0.05527 -0.04952], physical=[ 0.05527 -0.04952]
solver time:  0.572656129981624
plant_input_stage0: full=[-0.15767 -0.13694], physical=[-0.15767 -0.13694]
solver time:  0.571223081991775
plant_input_stage0: full=[0.05553 0.22318], physical=[0.05553 0.22318]
solver time:  0.6253675380139612
plant_input_stage0: full=[-0.1899  -0.08729], physical=[-0.1899  -0.08729]
solver time:  0.47824506199685857
plant_input_stage0: full=[-0.19832 -0.     ], physical=[-0.19832 -0.     ]
solver time:  0.449249997996958
plant_input_stage0: full=[-0.20241 -1.     ], physical=[-0.20241 -1.     ]
solver time:  0.48273962500388734
plant_input_stage0: full=[ 0.02553 -0.72676], physical=[ 0.02553 -0.72676]
solver time:  0.4242692970146891
plant_input_stage0: full=[ 0.02163 -0.7272 ], physical=[ 0.02163 -0.7272 ]
solver time:  0.4316435079963412
plant_input_stage0: full=[ 0.01777 -0.73008], physical=[ 0.01777 -0.73008]
solver time:  0.4331229200179223
plant_input_stage0: full=[ 0.01398 -0.74064], physical=[ 0.01398 -0.74064]
solver time:  0.45406675699632615
plant_input_stage0: full=[ 0.01028 -0.77793], physical=[ 0.01028 -0.77793]
solver time:  0.3851117980084382
plant_input_stage0: full=[ 0.00656 -0.99993], physical=[ 0.00656 -0.99993]
solver time:  0.3740469760086853
plant_input_stage0: full=[ 0.00053 -0.37522], physical=[ 0.00053 -0.37522]
solver time:  0.37359909899532795
plant_input_stage0: full=[-0.       0.00001], physical=[-0.       0.00001]
solver time:  0.3803300409927033
plant_input_stage0: full=[-0.  0.], physical=[-0.  0.]
solver time:  0.3855251770000905
plant_input_stage0: full=[0. 0.], physical=[0. 0.]
solver time:  0.39493277299334295
plant_input_stage0: full=[-0. -0.], physical=[-0. -0.]
solver time:  0.37659138900926337
plant_input_stage0: full=[-0.  0.], physical=[-0.  0.]
solver time:  0.3872256400063634
plant_input_stage0: full=[ 0. -0.], physical=[ 0. -0.]
solver time:  0.3854457399866078
plant_input_stage0: full=[ 0. -0.], physical=[ 0. -0.]
solver time:  0.3877235150139313
plant_input_stage0: full=[-0.  0.], physical=[-0.  0.]
solver time:  0.38309565000236034
plant_input_stage0: full=[ 0. -0.], physical=[ 0. -0.]
실패 조건 충족으로 시뮬레이션 종료: stuck_for_4.00s_disp_0.0291m_le_0.0300m
Using obca optimizer with differential_drive dynamics:
median:  0.4316435079963412
std:  0.29561502303850207
min:  0.31403797198436223
max:  2.617158640990965
Simulation finished.
Run outcome: status=failure, reason=stuck_for_4.00s_disp_0.0291m_le_0.0300m, final_time=16.09999999999996, distance_to_goal=1.3940745300019577
Trial history saved to /home/taekwon/projects/psdf_mpcc/benchmark_runs/obca_maze_h12_20260917_001636/runs/config01/trial_0001/data/trial_history_MPC_OBCA_rectangle_maze_startseed0.csv
Single test completed.
[Trials] Saved: status=failure, successful solver steps=161
Trial outcomes: /home/taekwon/projects/psdf_mpcc/benchmark_runs/obca_maze_h12_20260917_001636/trial_results.csv
Success rates and solver mean/p95 [s]: /home/taekwon/projects/psdf_mpcc/benchmark_runs/obca_maze_h12_20260917_001636/summary.csv
