RMPCC configured from config: horizon=20, tf=2.0, use_obstacle_constraint=True, use_row_mf=True, d_col=0.001, d_min=0.001, d_mf_mask=0.001, mf_slack_linear=3.0, mf_slack_quadratic=1.0, chance_epsilon=0.2, mf_active_start_step=1, mf_active_end_step=None, mf_active_terminal=True, sigma_f0=0.0002, sigma_l0=0.00025, sigma_psi0=0.00025, q_f0=0.0, q_l0=0.0, q_psi0=0.0, alpha_f=0.002, alpha_v=0.0004, alpha_kappa=0.01, beta_v=0.02, beta_kappa=0.008, beta_omega=0.008, enable_backup_solver=False, debug_mf=True, debug_infeasibility=True, augmented_psdf_device=cpu
Resetting rmpcc optimizer for clean state...
Trial failure criteria enabled: movement_window_sec=5.0, movement_threshold=0.005, max_consecutive_solver_failures=10
generating global path with A* + Line of Sight
시작 위치: [0.075 0.795]
목적지: [1.8  0.09]
도착 판정 기준: position <= 0.01m, angle <= 0.01rad
Setting up RMPCC-MF optimizer...
RMPCC-MF Row M configuration: enabled=True, active only when phi > d_mf_mask=0.001, configured stages=[1, 2, 3, 4, 5, 6, 7, 8, 9, 10, 11, 12, 13, 14, 15, 16, 17, 18, 19, 20]
Added two affine safety rows at intermediate/terminal stages: 0=HARD guard/recovery, 1=SOFT MF
field AcadosOcpDims.N has been migrated to AcadosOcpOptions.N_horizon. setting AcadosOcpOptions.N_horizon = N. For future comppatibility, please use AcadosOcpOptions.N_horizon directly.

WARNING: Gauss-Newton Hessian approximation with EXTERNAL cost type not well defined!
got cost_type EXTERNAL for cost_type_0, cost_type, cost_type_e, hessian_approx: 'GAUSS_NEWTON'.
With this setting, acados will proceed computing the exact Hessian for the cost term and no Hessian contribution from constraints and dynamics.
If the external cost is a linear least squares cost, this coincides with the Gauss-Newton Hessian.
Note: There is also the option to use the external cost module with a numerical Hessian approximation (see `ext_cost_num_hess`).
OR the option to provide a symbolic custom Hessian approximation (see `cost_expr_ext_cost_custom_hess`).

acados was compiled without OpenMP.
RMPCC-MF backup SQP_WITH_FEASIBLE_QP solver disabled; using nominal safe-stop recovery.
[RMPCC 0000] OK solve=148.5ms pose=(0.075,0.795,-1.571) u=(0.123,0.000) s=0.013 PSDFmin=+0.03 G=OK(+0.04134) MF=OK(active=20/20,min=+0.2,slack=+1.757e-09)
[RMPCC 0001] OK solve=123.0ms pose=(0.075,0.783,-1.571) u=(0.114,0.088) s=0.024 PSDFmin=-0.002916 G=OK(+1.298e-13) MF=OK(active=20/20,min=+0.2,slack=+1.127e-14)
[RMPCC 0002] OK solve=123.3ms pose=(0.075,0.771,-1.562) u=(0.128,0.064) s=0.035 PSDFmin=+0.009478 G=OK(+0.01019) MF=OK(active=14/20,min=+3.854e-12,slack=+4.414e-13)
[RMPCC 0003] OK solve=238.2ms pose=(0.075,0.758,-1.556) u=(0.145,0.035) s=0.041 PSDFmin=-0.001497 G=OK(+0.02436) MF=OK(active=20/20,min=+5.898e-16,slack=+0.04928)
[RMPCC 0004] OK solve=263.1ms pose=(0.075,0.744,-1.552) u=(0.107,0.334) s=0.055 PSDFmin=-0.01123 G=OK(+0.001313) MF=OK(active=16/20,min=-1.982e-12,slack=+4.246e-12)
[RMPCC 0005] OK solve=117.8ms pose=(0.076,0.733,-1.519) u=(0.093,0.121) s=0.056 PSDFmin=+0.001403 G=OK(+1.144e-12) MF=OK(active=7/20,min=+0.04753,slack=+1.399e-12)
[RMPCC 0006] OK solve=124.9ms pose=(0.076,0.724,-1.507) u=(0.160,-0.303) s=0.071 PSDFmin=-0.00458 G=OK(+0.008541) MF=OK(active=20/20,min=+1.71e-12,slack=+1.691e-13)
[RMPCC 0007] OK solve=129.4ms pose=(0.077,0.708,-1.537) u=(0.122,-0.045) s=0.087 PSDFmin=-0.005375 G=OK(+2.11e-11) MF=OK(active=14/20,min=+9.367e-11,slack=+5.091e-12)
[RMPCC 0008] OK solve=130.5ms pose=(0.077,0.696,-1.541) u=(0.086,-0.218) s=0.089 PSDFmin=+0.005465 G=OK(+0.003057) MF=OK(active=13/20,min=+5.413e-12,slack=+2.064e-13)
[RMPCC 0009] OK solve=250.0ms pose=(0.078,0.687,-1.563) u=(0.217,-0.549) s=0.105 PSDFmin=-0.003679 G=OK(+2.398e-14) MF=OK(active=20/20,min=+4.608e-14,slack=+0.0138)
[RMPCC 0010] OK solve=376.2ms pose=(0.078,0.666,-1.618) u=(0.151,-0.157) s=0.124 PSDFmin=+0.001942 G=OK(+0.0115) MF=OK(active=15/20,min=+5.727e-10,slack=+5.374e-11)
[RMPCC 0011] OK solve=402.0ms pose=(0.077,0.651,-1.634) u=(0.176,0.758) s=0.143 PSDFmin=+0.003206 G=OK(+4.241e-14) MF=OK(active=18/20,min=+8.436e-14,slack=+1.686e-14)
[RMPCC 0012] OK solve=376.4ms pose=(0.076,0.633,-1.558) u=(0.088,1.200) s=0.163 PSDFmin=-0.01015 G=OK(+0.003196) MF=OK(active=18/20,min=+1.441e-10,slack=+1.937e-11)
[RMPCC 0013] OK solve=243.7ms pose=(0.076,0.624,-1.438) u=(0.051,0.762) s=0.167 PSDFmin=+0.002521 G=OK(+3.891e-08) MF=OK(active=5/20,min=+1.316e-06,slack=+1.254e-08)
[RMPCC 0014] OK solve=271.1ms pose=(0.077,0.619,-1.362) u=(0.033,0.426) s=0.168 PSDFmin=-0.007613 G=OK(+0.01424) MF=OK(active=20/20,min=+3.864e-12,slack=+4.488e-13)
[RMPCC 0015] OK solve=366.0ms pose=(0.078,0.616,-1.319) u=(0.094,0.987) s=0.186 PSDFmin=+0.001727 G=OK(+0.00703) MF=OK(active=11/20,min=+6.153e-13,slack=+3.53e-14)
[RMPCC 0016] OK solve=388.0ms pose=(0.080,0.607,-1.220) u=(0.049,0.845) s=0.190 PSDFmin=-0.006133 G=OK(+0.007478) MF=OK(active=18/20,min=+4.273e-11,slack=+1.741e-12)
[RMPCC 0017] OK solve=371.9ms pose=(0.082,0.602,-1.136) u=(0.093,0.508) s=0.192 PSDFmin=+0.006456 G=OK(+0.006146) MF=OK(active=12/20,min=+1.383e-10,slack=+1.992e-11)
[RMPCC 0018] OK solve=363.6ms pose=(0.085,0.594,-1.085) u=(0.049,0.572) s=0.210 PSDFmin=-0.004397 G=OK(+0.009465) MF=OK(active=19/20,min=+1.579e-11,slack=+1.196e-12)
[RMPCC 0019] OK solve=255.7ms pose=(0.088,0.589,-1.028) u=(0.123,1.079) s=0.215 PSDFmin=-0.001727 G=OK(+0.001643) MF=OK(active=11/20,min=+2.198e-12,slack=+4.53e-14)
[RMPCC 0020] OK solve=253.7ms pose=(0.094,0.579,-0.920) u=(0.071,0.767) s=0.226 PSDFmin=+0.004857 G=OK(+0.007422) MF=OK(active=16/20,min=+6.214e-11,slack=+4.613e-12)
[RMPCC 0021] OK solve=435.2ms pose=(0.098,0.573,-0.843) u=(0.035,0.783) s=0.232 PSDFmin=-0.02131 G=OK(+0.00487) MF=OK(active=19/20,min=+5.578e-12,slack=+1.04e-12)
[RMPCC 0022] OK solve=257.7ms pose=(0.101,0.571,-0.765) u=(0.105,0.410) s=0.238 PSDFmin=+0.008042 G=OK(+0.007458) MF=OK(active=7/20,min=+8.084e-10,slack=+1.706e-11)
[RMPCC 0023] OK solve=131.7ms pose=(0.108,0.563,-0.724) u=(0.053,0.202) s=0.251 PSDFmin=-0.008409 G=OK(+0.00895) MF=OK(active=20/20,min=+8.878e-13,slack=+1.634e-13)
[RMPCC 0024] OK solve=264.8ms pose=(0.112,0.560,-0.704) u=(0.123,1.200) s=0.252 PSDFmin=-0.006042 G=OK(+0.008334) MF=OK(active=13/20,min=+1.242e-13,slack=+1.964e-14)
[RMPCC 0025] OK solve=259.3ms pose=(0.122,0.552,-0.584) u=(0.092,0.797) s=0.265 PSDFmin=+0.01129 G=OK(+0.009736) MF=OK(active=12/20,min=+2.701e-10,slack=+4.462e-11)
[RMPCC 0026] OK solve=127.5ms pose=(0.129,0.547,-0.504) u=(0.049,0.396) s=0.270 PSDFmin=+0.001433 G=OK(+0.0003721) MF=OK(active=20/20,min=+3.469e-17,slack=+0.04394)
[RMPCC 0027] OK solve=138.9ms pose=(0.134,0.544,-0.465) u=(0.113,1.130) s=0.280 PSDFmin=-0.01092 G=OK(+0.0118) MF=OK(active=20/20,min=+6.218e-14,slack=+1.565e-15)
[RMPCC 0028] OK solve=136.7ms pose=(0.144,0.539,-0.352) u=(0.112,0.528) s=0.286 PSDFmin=+0.01511 G=OK(+0.01361) MF=OK(active=17/20,min=+7.076e-11,slack=+2.355e-12)
[RMPCC 0029] OK solve=114.7ms pose=(0.154,0.535,-0.299) u=(0.066,0.254) s=0.297 PSDFmin=+0.01612 G=OK(+0.01498) MF=OK(active=20/20,min=+4.656e-13,slack=+3.382e-13)
[RMPCC 0030] OK solve=132.5ms pose=(0.161,0.534,-0.274) u=(0.145,0.942) s=0.303 PSDFmin=+0.004085 G=OK(+0.01361) MF=OK(active=20/20,min=+2.237e-09,slack=+1.268e-10)
[RMPCC 0031] OK solve=122.0ms pose=(0.174,0.530,-0.179) u=(0.153,0.475) s=0.318 PSDFmin=+0.01017 G=OK(+0.008381) MF=OK(active=20/20,min=+1.36e-14,slack=+7.399e-14)
[RMPCC 0032] OK solve=124.4ms pose=(0.189,0.527,-0.132) u=(0.152,0.129) s=0.331 PSDFmin=+0.00461 G=OK(+0.003609) MF=OK(active=20/20,min=+1.24e-13,slack=+2.311e-13)
[RMPCC 0033] OK solve=120.5ms pose=(0.205,0.525,-0.119) u=(0.133,1.131) s=0.344 PSDFmin=+0.008772 G=OK(+0.01273) MF=OK(active=20/20,min=+1.163e-09,slack=+3.428e-11)
[RMPCC 0034] OK solve=133.8ms pose=(0.218,0.523,-0.006) u=(0.144,0.526) s=0.356 PSDFmin=+0.01623 G=OK(+0.01523) MF=OK(active=20/20,min=+5.38e-15,slack=+5.214e-16)
[RMPCC 0035] OK solve=126.8ms pose=(0.232,0.523,0.047) u=(0.137,0.184) s=0.369 PSDFmin=+0.01651 G=OK(+0.01529) MF=OK(active=20/20,min=+1.273e-11,slack=+4.002e-11)
[RMPCC 0036] OK solve=118.7ms pose=(0.246,0.524,0.065) u=(0.126,0.225) s=0.383 PSDFmin=+0.01387 G=OK(+0.01255) MF=OK(active=20/20,min=-5.875e-14,slack=+1.455e-13)
[RMPCC 0037] OK solve=115.1ms pose=(0.258,0.525,0.088) u=(0.122,0.269) s=0.396 PSDFmin=+0.01462 G=OK(+0.01336) MF=OK(active=20/20,min=+1.024e-10,slack=+3.561e-11)
[RMPCC 0038] OK solve=146.9ms pose=(0.271,0.526,0.114) u=(0.115,0.327) s=0.408 PSDFmin=+0.0103 G=OK(+0.008231) MF=OK(active=20/20,min=+9.806e-15,slack=+9.246e-16)
[RMPCC 0039] OK solve=139.6ms pose=(0.282,0.527,0.147) u=(0.110,0.383) s=0.419 PSDFmin=+0.01003 G=OK(+0.006395) MF=OK(active=20/20,min=-2.821e-12,slack=+7.656e-12)
[RMPCC 0040] OK solve=114.2ms pose=(0.293,0.529,0.186) u=(0.106,0.445) s=0.430 PSDFmin=+0.01011 G=OK(+0.005914) MF=OK(active=20/20,min=-9.94e-13,slack=+3.651e-12)
[RMPCC 0041] OK solve=134.3ms pose=(0.303,0.531,0.230) u=(0.101,0.449) s=0.441 PSDFmin=+0.01072 G=OK(+0.009342) MF=OK(active=20/20,min=+9.344e-13,slack=+7.404e-14)
[RMPCC 0042] OK solve=134.0ms pose=(0.313,0.533,0.275) u=(0.098,0.448) s=0.450 PSDFmin=+0.003638 G=OK(+0.005284) MF=OK(active=20/20,min=+5.341e-12,slack=+2.577e-13)
[RMPCC 0043] OK solve=123.1ms pose=(0.323,0.536,0.320) u=(0.098,0.269) s=0.457 PSDFmin=+0.01514 G=OK(+0.008808) MF=OK(active=20/20,min=+2.87e-10,slack=+6.405e-12)
[RMPCC 0044] OK solve=115.4ms pose=(0.332,0.539,0.347) u=(0.100,0.039) s=0.469 PSDFmin=+0.02353 G=OK(+0.01976) MF=OK(active=20/20,min=+6.171e-10,slack=+1.577e-11)
[RMPCC 0045] OK solve=117.5ms pose=(0.341,0.542,0.350) u=(0.088,0.174) s=0.477 PSDFmin=+0.02027 G=OK(+0.01715) MF=OK(active=20/20,min=+3.847e-14,slack=+2.052e-15)
[RMPCC 0046] OK solve=125.3ms pose=(0.350,0.545,0.368) u=(0.083,0.043) s=0.486 PSDFmin=+0.0113 G=OK(+0.01929) MF=OK(active=20/20,min=+7.778e-14,slack=+1.216e-14)
[RMPCC 0047] OK solve=139.5ms pose=(0.357,0.548,0.372) u=(0.102,0.256) s=0.497 PSDFmin=+0.01427 G=OK(+0.01125) MF=OK(active=20/20,min=+4.17e-12,slack=+7.087e-13)
[RMPCC 0048] OK solve=124.8ms pose=(0.367,0.552,0.398) u=(0.093,0.051) s=0.504 PSDFmin=+0.001754 G=OK(+0.01992) MF=OK(active=20/20,min=+3.104e-10,slack=+3.028e-11)
[RMPCC 0049] OK solve=120.6ms pose=(0.375,0.555,0.403) u=(0.105,0.290) s=0.514 PSDFmin=+0.009845 G=OK(+0.007875) MF=OK(active=20/20,min=-6.417e-16,slack=+7.991e-15)
[RMPCC 0050] OK solve=129.5ms pose=(0.385,0.560,0.432) u=(0.109,0.058) s=0.527 PSDFmin=+0.0028 G=OK(+0.01537) MF=OK(active=20/20,min=+8.417e-11,slack=+2.988e-12)
[RMPCC 0051] OK solve=117.7ms pose=(0.395,0.564,0.438) u=(0.108,0.358) s=0.535 PSDFmin=+0.01374 G=OK(+0.01263) MF=OK(active=20/20,min=+1.118e-14,slack=+2.747e-15)
[RMPCC 0052] OK solve=116.7ms pose=(0.405,0.569,0.474) u=(0.120,0.101) s=0.546 PSDFmin=+0.00246 G=OK(+0.009988) MF=OK(active=20/20,min=+9.652e-10,slack=+2.617e-11)
[RMPCC 0053] OK solve=130.9ms pose=(0.415,0.574,0.484) u=(0.126,0.165) s=0.562 PSDFmin=+0.01533 G=OK(+0.01273) MF=OK(active=20/20,min=+4.861e-15,slack=+1.308e-15)
[RMPCC 0054] OK solve=128.1ms pose=(0.427,0.580,0.500) u=(0.128,-0.095) s=0.570 PSDFmin=+0.00977 G=OK(+0.006294) MF=OK(active=20/20,min=+3.739e-09,slack=+1.803e-10)
[RMPCC 0055] OK solve=124.1ms pose=(0.438,0.586,0.491) u=(0.131,0.120) s=0.583 PSDFmin=+0.004267 G=OK(+0.01075) MF=OK(active=20/20,min=+1.092e-14,slack=+2.036e-15)
[RMPCC 0056] OK solve=147.6ms pose=(0.449,0.592,0.503) u=(0.150,-0.228) s=0.600 PSDFmin=+0.008627 G=OK(+0.005202) MF=OK(active=20/20,min=+8.416e-11,slack=+2.045e-11)
[RMPCC 0057] OK solve=129.9ms pose=(0.463,0.600,0.480) u=(0.145,0.023) s=0.610 PSDFmin=-0.001386 G=OK(+0.008592) MF=OK(active=20/20,min=+4.869e-14,slack=+2.503e-15)
[RMPCC 0058] OK solve=125.1ms pose=(0.475,0.606,0.482) u=(0.145,-0.308) s=0.625 PSDFmin=+0.00824 G=OK(+0.006877) MF=OK(active=16/20,min=-2.333e-13,slack=+1.35e-12)
[RMPCC 0059] OK solve=241.9ms pose=(0.488,0.613,0.451) u=(0.238,0.041) s=0.644 PSDFmin=+0.0122 G=OK(+0.002232) MF=OK(active=20/20,min=+2.177e-15,slack=+1.288e-15)
[RMPCC 0060] OK solve=243.7ms pose=(0.510,0.623,0.455) u=(0.194,-1.200) s=0.668 PSDFmin=-0.0008758 G=OK(+0.0001265) MF=OK(active=19/20,min=+8.518e-11,slack=+1.037e-11)
[RMPCC 0061] OK solve=242.9ms pose=(0.527,0.632,0.335) u=(0.154,-0.633) s=0.682 PSDFmin=+0.005554 G=OK(+0.004065) MF=OK(active=15/20,min=+4.453e-11,slack=+3.17e-12)
[RMPCC 0062] OK solve=249.3ms pose=(0.542,0.637,0.272) u=(0.171,-0.243) s=0.697 PSDFmin=+0.005333 G=OK(+0.003933) MF=OK(active=19/20,min=+3.22e-11,slack=+8.833e-12)
[RMPCC 0063] OK solve=250.9ms pose=(0.558,0.642,0.248) u=(0.111,-0.059) s=0.721 PSDFmin=-0.00206 G=OK(+0.003286) MF=OK(active=20/20,min=+3.583e-14,slack=+2.084e-15)
[RMPCC 0064] OK solve=240.5ms pose=(0.569,0.644,0.242) u=(0.118,0.395) s=0.727 PSDFmin=-0.003818 G=OK(+0.005134) MF=OK(active=18/20,min=+9.655e-14,slack=+6.52e-15)
[RMPCC 0065] OK solve=142.9ms pose=(0.580,0.647,0.281) u=(0.100,0.184) s=0.737 PSDFmin=-0.01715 G=OK(+0.002302) MF=OK(active=19/20,min=+4.686e-12,slack=+1.62e-12)
[RMPCC 0066] OK solve=138.6ms pose=(0.590,0.650,0.300) u=(0.098,-0.009) s=0.747 PSDFmin=-0.02542 G=OK(+1.85e-12) MF=OK(active=7/20,min=+2.033e-09,slack=+3.293e-11)
[RMPCC 0067] OK solve=134.3ms pose=(0.600,0.653,0.299) u=(0.106,-0.093) s=0.757 PSDFmin=+0.002879 G=OK(+2.054e-14) MF=OK(active=17/20,min=+4.978e-13,slack=+2.525e-14)
[RMPCC 0068] OK solve=247.7ms pose=(0.610,0.656,0.289) u=(0.184,-1.200) s=0.768 PSDFmin=-0.002349 G=OK(+0.004301) MF=OK(active=20/20,min=-2.791e-15,slack=+0.1435)
[RMPCC 0069] OK solve=460.4ms pose=(0.627,0.661,0.169) u=(0.186,-0.538) s=0.786 PSDFmin=-0.02764 G=OK(+0.01124) MF=OK(active=12/20,min=+2.499e-08,slack=+2.821e-09)
[RMPCC 0070] OK solve=389.6ms pose=(0.646,0.664,0.116) u=(0.094,-0.268) s=0.804 PSDFmin=-0.007636 G=OK(+5.328e-11) MF=OK(active=16/20,min=+4.95e-10,slack=+5.356e-11)
[RMPCC 0071] OK solve=261.2ms pose=(0.655,0.665,0.089) u=(0.112,-0.358) s=0.812 PSDFmin=-0.01551 G=OK(+3.886e-15) MF=OK(active=10/20,min=+2.291e-14,slack=+1.606e-15)
[RMPCC 0072] OK solve=131.2ms pose=(0.666,0.666,0.053) u=(0.126,-0.072) s=0.822 PSDFmin=+0.0009772 G=OK(+1.998e-15) MF=OK(active=14/20,min=+5.062e-14,slack=+2.655e-15)
[RMPCC 0073] OK solve=258.8ms pose=(0.679,0.667,0.046) u=(0.147,0.066) s=0.834 PSDFmin=+0.002317 G=OK(+0.01249) MF=OK(active=19/20,min=+1.455e-13,slack=+0.1473)
[RMPCC 0074] OK solve=377.1ms pose=(0.693,0.668,0.053) u=(0.119,-0.579) s=0.849 PSDFmin=-0.002467 G=OK(+6.439e-15) MF=OK(active=16/20,min=+9.269e-14,slack=+4.32e-15)
[RMPCC 0075] OK solve=394.8ms pose=(0.705,0.668,-0.005) u=(0.059,-0.760) s=0.861 PSDFmin=-0.002288 G=OK(+8.955e-12) MF=OK(active=16/20,min=+2.191e-11,slack=+1.736e-12)
[RMPCC 0076] OK solve=246.4ms pose=(0.711,0.668,-0.081) u=(0.105,-0.400) s=0.867 PSDFmin=-0.03603 G=OK(+0.01353) MF=OK(active=13/20,min=+2.179e-13,slack=+2.067e-14)
[RMPCC 0077] OK solve=144.1ms pose=(0.722,0.668,-0.121) u=(0.052,-0.701) s=0.877 PSDFmin=-0.003804 G=OK(+3.029e-12) MF=OK(active=11/20,min=+1.462e-09,slack=+1.751e-11)
[RMPCC 0078] OK solve=160.9ms pose=(0.727,0.667,-0.192) u=(0.100,-0.328) s=0.883 PSDFmin=-0.02244 G=OK(+0.007123) MF=OK(active=15/20,min=+4.984e-11,slack=+6.238e-12)
[RMPCC 0079] OK solve=131.4ms pose=(0.737,0.665,-0.224) u=(0.050,-0.226) s=0.892 PSDFmin=-0.0108 G=OK(+1.736e-13) MF=OK(active=17/20,min=+1.747e-14,slack=+2.995e-15)
[RMPCC 0080] OK solve=245.3ms pose=(0.742,0.664,-0.247) u=(0.060,-1.091) s=0.897 PSDFmin=+0.00162 G=OK(+5.148e-11) MF=OK(active=14/20,min=+4.546e-11,slack=+6.344e-12)
[RMPCC 0081] OK solve=373.3ms pose=(0.748,0.662,-0.356) u=(0.213,-0.449) s=0.901 PSDFmin=+0.004535 G=OK(+3.109e-15) MF=OK(active=19/20,min=+8.041e-15,slack=+9.456e-16)
[RMPCC 0082] OK solve=365.0ms pose=(0.768,0.655,-0.401) u=(0.107,-0.562) s=0.923 PSDFmin=-0.01856 G=OK(+0.003053) MF=OK(active=18/20,min=+3.307e-09,slack=+6.388e-11)
[RMPCC 0083] OK solve=372.8ms pose=(0.777,0.651,-0.457) u=(0.053,-1.200) s=0.934 PSDFmin=+0.006422 G=OK(+0.006875) MF=OK(active=9/20,min=+4.862e-12,slack=+2.576e-13)
[RMPCC 0084] OK solve=366.6ms pose=(0.782,0.648,-0.577) u=(0.084,-0.574) s=0.940 PSDFmin=-0.00306 G=OK(+0.01078) MF=OK(active=18/20,min=+1.441e-13,slack=+4.646e-14)
[RMPCC 0085] OK solve=454.4ms pose=(0.789,0.644,-0.634) u=(0.097,-0.258) s=0.950 PSDFmin=-0.001366 G=OK(+4.298e-11) MF=OK(active=17/20,min=+6.136e-10,slack=+2.133e-11)
[RMPCC 0086] OK solve=399.6ms pose=(0.797,0.638,-0.660) u=(0.048,-1.069) s=0.958 PSDFmin=+0.00291 G=OK(+0.004656) MF=OK(active=16/20,min=+2.934e-13,slack=+2.334e-14)
[RMPCC 0087] OK solve=395.6ms pose=(0.801,0.635,-0.767) u=(0.030,-0.533) s=0.965 PSDFmin=+0.004471 G=OK(+0.005964) MF=OK(active=19/20,min=+2.363e-14,slack=+2.732e-14)
[RMPCC 0088] OK solve=260.3ms pose=(0.803,0.633,-0.820) u=(0.102,-0.307) s=0.966 PSDFmin=+0.007087 G=OK(+8.582e-14) MF=OK(active=19/20,min=+5.066e-13,slack=+2.343e-14)
[RMPCC 0089] OK solve=121.3ms pose=(0.810,0.626,-0.851) u=(0.051,-0.253) s=0.979 PSDFmin=-0.009305 G=OK(+0.004393) MF=OK(active=20/20,min=+6.845e-12,slack=+9.861e-13)
[RMPCC 0090] OK solve=127.5ms pose=(0.813,0.622,-0.876) u=(0.093,-0.144) s=0.981 PSDFmin=+0.003223 G=OK(+0.003812) MF=OK(active=16/20,min=+7.343e-11,slack=+8.946e-12)
[RMPCC 0091] OK solve=129.1ms pose=(0.819,0.615,-0.891) u=(0.058,-0.106) s=0.995 PSDFmin=-0.02586 G=OK(+0.008222) MF=OK(active=20/20,min=+4.741e-11,slack=+6.145e-12)
[RMPCC 0092] OK solve=118.8ms pose=(0.823,0.610,-0.901) u=(0.067,-0.093) s=0.997 PSDFmin=-0.0003661 G=OK(+0.003048) MF=OK(active=10/20,min=+1.515e-14,slack=+9.816e-16)
[RMPCC 0093] OK solve=134.9ms pose=(0.827,0.605,-0.911) u=(0.106,0.171) s=1.002 PSDFmin=-0.03236 G=OK(+0.005954) MF=OK(active=17/20,min=+3.921e-15,slack=+2.144e-15)
[RMPCC 0094] OK solve=238.4ms pose=(0.834,0.596,-0.894) u=(0.105,0.319) s=1.013 PSDFmin=-0.006591 G=OK(+0.002073) MF=OK(active=6/20,min=+7.942e-10,slack=+1.641e-10)
[RMPCC 0095] OK solve=242.5ms pose=(0.840,0.588,-0.862) u=(0.192,0.646) s=1.022 PSDFmin=-0.02892 G=OK(+0.004439) MF=OK(active=12/20,min=+1.28e-14,slack=+3.591e-15)
[RMPCC 0096] OK solve=127.9ms pose=(0.853,0.574,-0.797) u=(0.096,1.200) s=1.041 PSDFmin=-0.001086 G=OK(+0.001188) MF=OK(active=4/20,min=+0.001728,slack=+5.946e-13)
[RMPCC 0097] OK solve=125.8ms pose=(0.859,0.567,-0.677) u=(0.124,0.573) s=1.050 PSDFmin=-0.01097 G=OK(+0.004271) MF=OK(active=16/20,min=+2.225e-13,slack=+8.481e-14)
[RMPCC 0098] OK solve=246.8ms pose=(0.869,0.559,-0.620) u=(0.082,1.200) s=1.063 PSDFmin=-0.003355 G=OK(+0.004547) MF=OK(active=11/20,min=+3.007e-09,slack=+9.085e-11)
[RMPCC 0099] OK solve=245.9ms pose=(0.876,0.554,-0.500) u=(0.082,0.583) s=1.071 PSDFmin=+0.001049 G=OK(+0.005586) MF=OK(active=15/20,min=+2.323e-13,slack=+1.275e-13)
[RMPCC 0100] OK solve=127.8ms pose=(0.883,0.550,-0.442) u=(0.106,1.200) s=1.079 PSDFmin=-0.02519 G=OK(+0.006337) MF=OK(active=20/20,min=+3.145e-15,slack=+1.368e-15)
[RMPCC 0101] OK solve=119.3ms pose=(0.892,0.546,-0.322) u=(0.110,0.562) s=1.090 PSDFmin=-0.02256 G=OK(+4.767e-12) MF=OK(active=4/20,min=+4.626e-09,slack=+4.437e-12)
[RMPCC 0102] OK solve=120.9ms pose=(0.903,0.542,-0.265) u=(0.121,0.172) s=1.100 PSDFmin=+0.0001266 G=OK(+7.794e-14) MF=OK(active=18/20,min=+5.98e-13,slack=+1.019e-13)
[RMPCC 0103] OK solve=248.0ms pose=(0.915,0.539,-0.248) u=(0.061,0.861) s=1.111 PSDFmin=-0.004874 G=OK(+3.671e-12) MF=OK(active=17/20,min=+4.818e-12,slack=+0.1088)
[RMPCC 0104] OK solve=274.3ms pose=(0.920,0.538,-0.162) u=(0.083,0.420) s=1.114 PSDFmin=-0.01956 G=OK(+5.551e-17) MF=OK(active=6/20,min=+1.094e-12,slack=+3.452e-15)
[RMPCC 0105] OK solve=262.4ms pose=(0.929,0.536,-0.120) u=(0.128,0.057) s=1.125 PSDFmin=-0.0001709 G=OK(+9.681e-14) MF=OK(active=18/20,min=+1.501e-12,slack=+2.024e-13)
[RMPCC 0106] OK solve=367.4ms pose=(0.941,0.535,-0.115) u=(0.086,0.622) s=1.134 PSDFmin=+0.003742 G=OK(+6.661e-16) MF=OK(active=17/20,min=+6.553e-16,slack=+7.761e-15)
[RMPCC 0107] OK solve=237.8ms pose=(0.950,0.534,-0.052) u=(0.044,0.309) s=1.143 PSDFmin=+0.01102 G=OK(+0.009862) MF=OK(active=19/20,min=+3.022e-10,slack=+2.636e-11)
[RMPCC 0108] OK solve=259.0ms pose=(0.954,0.534,-0.021) u=(0.089,0.199) s=1.147 PSDFmin=+0.003257 G=OK(+0.002188) MF=OK(active=20/20,min=+1.345e-11,slack=+1.655e-12)
[RMPCC 0109] OK solve=384.1ms pose=(0.963,0.533,-0.002) u=(0.067,0.134) s=1.156 PSDFmin=-0.0127 G=OK(+0.01289) MF=OK(active=19/20,min=+3.744e-11,slack=+1.941e-12)
[RMPCC 0110] OK solve=375.7ms pose=(0.970,0.533,0.012) u=(0.085,0.194) s=1.163 PSDFmin=-0.008018 G=OK(+1.756e-13) MF=OK(active=17/20,min=+1.192e-13,slack=+3.235e-13)
[RMPCC 0111] OK solve=246.1ms pose=(0.978,0.534,0.031) u=(0.061,0.032) s=1.171 PSDFmin=+0.004042 G=OK(+0.01091) MF=OK(active=11/20,min=+1.859e-14,slack=+8.303e-16)
[RMPCC 0112] OK solve=125.5ms pose=(0.984,0.534,0.034) u=(0.115,0.116) s=1.177 PSDFmin=+0.005296 G=OK(+0.008066) MF=OK(active=20/20,min=+1.306e-12,slack=+1.514e-13)
[RMPCC 0113] OK solve=245.0ms pose=(0.996,0.534,0.046) u=(0.101,0.464) s=1.189 PSDFmin=-0.01321 G=OK(+0.007747) MF=OK(active=20/20,min=+1.416e-13,slack=+1.031e-14)
[RMPCC 0114] OK solve=366.4ms pose=(1.006,0.535,0.093) u=(0.078,0.357) s=1.199 PSDFmin=+0.001046 G=OK(+8.513e-13) MF=OK(active=9/20,min=+1.251e-11,slack=+1.479e-12)
[RMPCC 0115] OK solve=388.2ms pose=(1.014,0.535,0.128) u=(0.094,0.146) s=1.207 PSDFmin=+0.003337 G=OK(+0.008876) MF=OK(active=19/20,min=+1.387e-12,slack=+6.878e-13)
[RMPCC 0116] OK solve=365.7ms pose=(1.023,0.536,0.143) u=(0.081,0.578) s=1.216 PSDFmin=-6.335e-05 G=OK(+8.8e-05) MF=OK(active=17/20,min=+9.832e-15,slack=+6.47e-16)
[RMPCC 0117] OK solve=240.1ms pose=(1.031,0.538,0.201) u=(0.068,0.278) s=1.224 PSDFmin=-0.01248 G=OK(+0.0009473) MF=OK(active=16/20,min=+5.479e-12,slack=+1.774e-13)
[RMPCC 0118] OK solve=133.5ms pose=(1.038,0.539,0.228) u=(0.034,0.638) s=1.231 PSDFmin=-0.009315 G=OK(+3.612e-09) MF=OK(active=17/20,min=+8.104e-09,slack=+1.948e-09)
[RMPCC 0119] OK solve=117.2ms pose=(1.041,0.540,0.292) u=(0.070,0.779) s=1.234 PSDFmin=+0.001603 G=OK(+1.504e-14) MF=OK(active=11/20,min=+3.003e-12,slack=+1.84e-14)
[RMPCC 0120] OK solve=225.7ms pose=(1.048,0.542,0.370) u=(0.072,0.363) s=1.241 PSDFmin=+0.002758 G=OK(+0.003808) MF=OK(active=20/20,min=+1.745e-09,slack=+2.722e-10)
[RMPCC 0121] OK solve=372.6ms pose=(1.054,0.544,0.406) u=(0.036,0.554) s=1.247 PSDFmin=-0.0191 G=OK(+0.003352) MF=OK(active=17/20,min=+9.036e-12,slack=+1.003e-12)
[RMPCC 0122] OK solve=355.6ms pose=(1.058,0.546,0.462) u=(0.092,0.405) s=1.251 PSDFmin=+0.003268 G=OK(+7.063e-13) MF=OK(active=14/20,min=+1.848e-13,slack=+2.901e-13)
[RMPCC 0123] OK solve=359.9ms pose=(1.066,0.550,0.502) u=(0.046,0.732) s=1.259 PSDFmin=-0.02071 G=OK(+2.696e-10) MF=OK(active=15/20,min=+9.646e-10,slack=+7.583e-11)
[RMPCC 0124] OK solve=236.4ms pose=(1.070,0.552,0.575) u=(0.030,0.362) s=1.268 PSDFmin=-0.01218 G=OK(+0.003788) MF=OK(active=8/20,min=+2.644e-13,slack=+5.071e-13)
[RMPCC 0125] OK solve=245.1ms pose=(1.072,0.554,0.612) u=(0.104,0.120) s=1.271 PSDFmin=-0.04665 G=OK(+1.11e-16) MF=OK(active=8/20,min=+4.636e-15,slack=+4.038e-15)
[RMPCC 0126] OK solve=401.3ms pose=(1.081,0.560,0.624) u=(0.083,-0.058) s=1.281 PSDFmin=-0.006444 G=OK(+2.209e-09) MF=OK(active=9/20,min=-1.282e-11,slack=+9.674e-11)
[RMPCC 0127] OK solve=366.3ms pose=(1.088,0.565,0.618) u=(0.089,0.448) s=1.290 PSDFmin=-0.008772 G=OK(+9.104e-14) MF=OK(active=11/20,min=+1.353e-12,slack=+2.296e-13)
[RMPCC 0128] OK solve=244.4ms pose=(1.095,0.570,0.663) u=(0.070,0.191) s=1.298 PSDFmin=+0.0007304 G=OK(+0.0008169) MF=OK(active=12/20,min=+2.045e-11,slack=+7.189e-13)
[RMPCC 0129] OK solve=117.5ms pose=(1.101,0.574,0.682) u=(0.092,0.449) s=1.305 PSDFmin=-0.01076 G=OK(+0.003526) MF=OK(active=18/20,min=+2.907e-10,slack=+2.291e-11)
[RMPCC 0130] OK solve=124.4ms pose=(1.108,0.580,0.727) u=(0.046,0.482) s=1.315 PSDFmin=+0.001636 G=OK(+0.002187) MF=OK(active=19/20,min=+1.763e-10,slack=+6.678e-12)
[RMPCC 0131] OK solve=136.7ms pose=(1.111,0.583,0.775) u=(0.104,0.203) s=1.319 PSDFmin=-0.02187 G=OK(+0.004723) MF=OK(active=20/20,min=+2.283e-15,slack=+6.269e-16)
[RMPCC 0132] OK solve=245.2ms pose=(1.119,0.590,0.795) u=(0.092,0.014) s=1.330 PSDFmin=-0.00196 G=OK(+0.002203) MF=OK(active=10/20,min=+9.806e-13,slack=+3.598e-14)
[RMPCC 0133] OK solve=244.6ms pose=(1.125,0.597,0.796) u=(0.080,-0.107) s=1.339 PSDFmin=-0.03518 G=OK(+0.004503) MF=OK(active=14/20,min=+6.278e-14,slack=+6.146e-15)
[RMPCC 0134] OK solve=131.2ms pose=(1.131,0.602,0.786) u=(0.127,0.153) s=1.347 PSDFmin=+0.003396 G=OK(+0.003526) MF=OK(active=9/20,min=+1.01e-11,slack=+9.761e-13)
[RMPCC 0135] OK solve=240.5ms pose=(1.140,0.611,0.801) u=(0.441,-0.359) s=1.359 PSDFmin=-0.02051 G=OK(+1.313e-13) MF=OK(active=20/20,min=+1.176e-12,slack=+5.222e-13)
[RMPCC 0136] OK solve=359.5ms pose=(1.170,0.643,0.765) u=(0.221,-1.200) s=1.403 PSDFmin=+0.007722 G=OK(+0.004444) MF=OK(active=11/20,min=+1.054e-10,slack=+6.622e-13)
[RMPCC 0137] OK solve=384.5ms pose=(1.186,0.658,0.645) u=(0.110,-1.185) s=1.425 PSDFmin=+0.001077 G=OK(+0.005414) MF=OK(active=17/20,min=+3.463e-11,slack=+3.083e-12)
[RMPCC 0138] OK solve=256.9ms pose=(1.195,0.665,0.527) u=(0.060,-0.849) s=1.436 PSDFmin=+0.009409 G=OK(+0.008137) MF=OK(active=18/20,min=-1.388e-12,slack=+1.521e-11)
[RMPCC 0139] OK solve=119.6ms pose=(1.200,0.668,0.442) u=(0.096,-0.417) s=1.441 PSDFmin=-0.001439 G=OK(+0.002775) MF=OK(active=20/20,min=+5.551e-13,slack=+2.599e-12)
[RMPCC 0140] OK solve=133.4ms pose=(1.209,0.672,0.400) u=(0.070,-0.800) s=1.449 PSDFmin=+0.008618 G=OK(+0.007956) MF=OK(active=13/20,min=+2.105e-12,slack=+7.785e-14)
[RMPCC 0141] OK solve=134.8ms pose=(1.215,0.675,0.320) u=(0.083,-0.792) s=1.449 PSDFmin=-0.01642 G=OK(+0.00605) MF=OK(active=20/20,min=+7.165e-14,slack=+1.654e-14)
[RMPCC 0142] OK solve=138.4ms pose=(1.223,0.677,0.241) u=(0.093,-0.705) s=1.462 PSDFmin=+0.01363 G=OK(+0.01248) MF=OK(active=11/20,min=+3.241e-13,slack=+4.348e-15)
[RMPCC 0143] OK solve=115.6ms pose=(1.232,0.680,0.170) u=(0.049,-0.350) s=1.465 PSDFmin=-0.0001846 G=OK(+0.0138) MF=OK(active=20/20,min=+9.625e-11,slack=+8.984e-11)
[RMPCC 0144] OK solve=126.4ms pose=(1.237,0.680,0.135) u=(0.117,-0.186) s=1.476 PSDFmin=+0.001873 G=OK(+0.01369) MF=OK(active=18/20,min=+8.947e-11,slack=+1.879e-12)
[RMPCC 0145] OK solve=116.4ms pose=(1.248,0.682,0.117) u=(0.097,-0.651) s=1.482 PSDFmin=+0.006846 G=OK(+0.01728) MF=OK(active=20/20,min=+3.362e-15,slack=+1.757e-14)
[RMPCC 0146] OK solve=121.6ms pose=(1.258,0.683,0.052) u=(0.128,-0.382) s=1.492 PSDFmin=-0.02026 G=OK(+0.01863) MF=OK(active=20/20,min=+1.754e-13,slack=+1.27e-14)
[RMPCC 0147] OK solve=130.8ms pose=(1.271,0.684,0.013) u=(0.100,-0.115) s=1.505 PSDFmin=-0.003513 G=OK(+1.1e-11) MF=OK(active=10/20,min=+1.658e-10,slack=+4.148e-12)
[RMPCC 0148] OK solve=122.2ms pose=(1.281,0.684,0.002) u=(0.112,-0.315) s=1.514 PSDFmin=-0.01223 G=OK(+0.01097) MF=OK(active=14/20,min=+1.174e-14,slack=+1.107e-15)
[RMPCC 0149] OK solve=259.3ms pose=(1.292,0.684,-0.030) u=(0.088,-0.097) s=1.525 PSDFmin=+0.001013 G=OK(+9.77e-15) MF=OK(active=19/20,min=+3.846e-14,slack=+0.007765)
[RMPCC 0150] OK solve=246.7ms pose=(1.301,0.684,-0.039) u=(0.117,-0.061) s=1.534 PSDFmin=+0.001611 G=OK(+3.331e-15) MF=OK(active=19/20,min=+1.921e-14,slack=+2.335e-15)
[RMPCC 0151] OK solve=128.2ms pose=(1.312,0.683,-0.045) u=(0.118,0.068) s=1.546 PSDFmin=+0.01239 G=OK(+0.01063) MF=OK(active=20/20,min=+1.201e-11,slack=+9.218e-12)
[RMPCC 0152] OK solve=242.8ms pose=(1.324,0.683,-0.039) u=(0.116,-0.003) s=1.557 PSDFmin=+0.01371 G=OK(+0.01223) MF=OK(active=20/20,min=-4.345e-12,slack=+1.28e-11)
[RMPCC 0153] OK solve=249.2ms pose=(1.336,0.682,-0.039) u=(0.134,0.264) s=1.569 PSDFmin=+0.001317 G=OK(+0.01402) MF=OK(active=19/20,min=+1.973e-14,slack=+1.947e-15)
[RMPCC 0154] OK solve=247.2ms pose=(1.349,0.682,-0.012) u=(0.126,0.038) s=1.582 PSDFmin=-0.008417 G=OK(+3.997e-15) MF=OK(active=20/20,min=+2.321e-14,slack=+1.897e-15)
[RMPCC 0155] OK solve=248.7ms pose=(1.362,0.682,-0.009) u=(0.122,0.210) s=1.594 PSDFmin=+0.005444 G=OK(+0.0106) MF=OK(active=14/20,min=+6.206e-10,slack=+3.449e-11)
[RMPCC 0156] OK solve=126.8ms pose=(1.374,0.681,0.012) u=(0.140,-0.015) s=1.606 PSDFmin=-6.971e-05 G=OK(+0.006979) MF=OK(active=20/20,min=+9.182e-12,slack=+5.336e-13)
[RMPCC 0157] OK solve=131.1ms pose=(1.388,0.682,0.011) u=(0.141,-0.038) s=1.616 PSDFmin=+0.01034 G=OK(+0.01325) MF=OK(active=15/20,min=+1.436e-14,slack=+1.492e-15)
[RMPCC 0158] OK solve=258.5ms pose=(1.402,0.682,0.007) u=(0.131,-0.038) s=1.634 PSDFmin=+0.00894 G=OK(+0.01016) MF=OK(active=20/20,min=+2.769e-13,slack=+7.081e-14)
[RMPCC 0159] OK solve=381.8ms pose=(1.415,0.682,0.003) u=(0.126,0.499) s=1.640 PSDFmin=-0.001748 G=OK(+0.001786) MF=OK(active=18/20,min=+2.695e-10,slack=+1.724e-11)
[RMPCC 0160] OK solve=358.0ms pose=(1.428,0.682,0.053) u=(0.101,0.205) s=1.660 PSDFmin=+0.007506 G=OK(+8.149e-11) MF=OK(active=14/20,min=+7.678e-10,slack=+8.042e-11)
[RMPCC 0161] OK solve=253.9ms pose=(1.438,0.682,0.074) u=(0.123,-0.069) s=1.665 PSDFmin=+0.0139 G=OK(+0.01327) MF=OK(active=19/20,min=+4.941e-12,slack=+1.513e-11)
[RMPCC 0162] OK solve=255.7ms pose=(1.450,0.683,0.067) u=(0.073,0.088) s=1.682 PSDFmin=+0.009459 G=OK(+0.008546) MF=OK(active=20/20,min=+1.21e-08,slack=+8.164e-10)
[RMPCC 0163] OK solve=399.4ms pose=(1.457,0.684,0.075) u=(0.085,0.216) s=1.689 PSDFmin=+0.003585 G=OK(+0.009019) MF=OK(active=18/20,min=+1.861e-11,slack=+1.465e-10)
[RMPCC 0164] OK solve=391.2ms pose=(1.466,0.685,0.097) u=(0.081,0.214) s=1.692 PSDFmin=+0.006092 G=OK(+1.801e-11) MF=OK(active=18/20,min=+1.356e-10,slack=+2.241e-11)
[RMPCC 0165] OK solve=367.8ms pose=(1.474,0.685,0.118) u=(0.044,0.365) s=1.706 PSDFmin=+0.01005 G=OK(+0.009014) MF=OK(active=19/20,min=+2.497e-14,slack=+1.878e-15)
[RMPCC 0166] OK solve=416.0ms pose=(1.478,0.686,0.155) u=(0.080,0.558) s=1.710 PSDFmin=+0.0005768 G=OK(+3.886e-14) MF=OK(active=18/20,min=+1.291e-12,slack=+4.794e-14)
[RMPCC 0167] OK solve=238.1ms pose=(1.486,0.687,0.211) u=(0.048,0.475) s=1.718 PSDFmin=-0.003016 G=OK(+0.003579) MF=OK(active=18/20,min=+4.996e-14,slack=+2.315e-15)
[RMPCC 0168] OK solve=272.0ms pose=(1.491,0.688,0.258) u=(0.080,0.192) s=1.720 PSDFmin=-0.0008094 G=OK(+0.01092) MF=OK(active=19/20,min=+3.82e-11,slack=+2.524e-12)
[RMPCC 0169] OK solve=405.8ms pose=(1.498,0.690,0.277) u=(0.057,1.150) s=1.731 PSDFmin=+0.004093 G=OK(+0.004792) MF=OK(active=14/20,min=+8.457e-14,slack=+1.082e-14)
[RMPCC 0170] OK solve=386.5ms pose=(1.504,0.692,0.392) u=(0.062,0.560) s=1.737 PSDFmin=-0.003204 G=OK(+0.0005988) MF=OK(active=19/20,min=+1.013e-10,slack=+2.092e-11)
[RMPCC 0171] OK solve=391.6ms pose=(1.510,0.694,0.448) u=(0.069,0.240) s=1.743 PSDFmin=-0.02163 G=OK(+0.008143) MF=OK(active=17/20,min=+9.704e-10,slack=+7.343e-11)
[RMPCC 0172] OK solve=383.5ms pose=(1.516,0.697,0.472) u=(0.035,0.295) s=1.749 PSDFmin=-0.001775 G=OK(+1.445e-11) MF=OK(active=12/20,min=+1.165e-10,slack=+1.375e-11)
[RMPCC 0173] OK solve=237.1ms pose=(1.519,0.699,0.502) u=(0.064,0.893) s=1.755 PSDFmin=+0.0002821 G=OK(+1.278e-09) MF=OK(active=16/20,min=+1.982e-08,slack=+1.999e-09)
[RMPCC 0174] OK solve=125.7ms pose=(1.525,0.702,0.591) u=(0.100,0.402) s=1.761 PSDFmin=-0.00118 G=OK(+0.007019) MF=OK(active=19/20,min=+8.251e-13,slack=+1.078e-13)
[RMPCC 0175] OK solve=134.3ms pose=(1.533,0.707,0.631) u=(0.074,0.269) s=1.771 PSDFmin=+0.002598 G=OK(+0.007078) MF=OK(active=17/20,min=+1.42e-09,slack=+1.448e-11)
[RMPCC 0176] OK solve=242.5ms pose=(1.539,0.712,0.658) u=(0.058,0.796) s=1.778 PSDFmin=-0.01568 G=OK(+0.00841) MF=OK(active=20/20,min=+1.229e-12,slack=+1.436e-13)
[RMPCC 0177] OK solve=392.1ms pose=(1.543,0.715,0.738) u=(0.029,0.398) s=1.784 PSDFmin=-0.01811 G=OK(+0.009314) MF=OK(active=15/20,min=+2.607e-08,slack=+1.016e-09)
[RMPCC 0178] OK solve=253.0ms pose=(1.546,0.717,0.778) u=(0.148,0.183) s=1.792 PSDFmin=+0.006896 G=OK(+0.005902) MF=OK(active=14/20,min=+7.662e-14,slack=+2.455e-13)
[RMPCC 0179] OK solve=268.3ms pose=(1.556,0.728,0.796) u=(0.074,0.092) s=1.807 PSDFmin=-0.03734 G=OK(+0.003323) MF=OK(active=20/20,min=+1.906e-15,slack=+1.351e-15)
[RMPCC 0180] OK solve=253.9ms pose=(1.561,0.733,0.805) u=(0.054,0.244) s=1.809 PSDFmin=+0.001079 G=OK(+0.003751) MF=OK(active=7/20,min=+9.604e-13,slack=+4.024e-14)
[RMPCC 0181] OK solve=121.9ms pose=(1.565,0.737,0.830) u=(0.152,0.603) s=1.823 PSDFmin=-0.01391 G=OK(+0.007784) MF=OK(active=20/20,min=+8.175e-15,slack=+4.939e-14)
[RMPCC 0182] OK solve=115.1ms pose=(1.575,0.748,0.890) u=(0.093,0.287) s=1.829 PSDFmin=+0.003451 G=OK(+0.005023) MF=OK(active=14/20,min=+2.135e-09,slack=+1.556e-10)
[RMPCC 0183] OK solve=124.4ms pose=(1.581,0.755,0.919) u=(0.190,0.024) s=1.840 PSDFmin=-0.01886 G=OK(+1.168e-12) MF=OK(active=20/20,min=+3.952e-12,slack=+2.348e-13)
[RMPCC 0184] OK solve=127.1ms pose=(1.593,0.770,0.921) u=(0.139,-1.200) s=1.857 PSDFmin=-0.01903 G=OK(+0.00247) MF=OK(active=4/20,min=+0.1645,slack=+6.369e-12)
[RMPCC 0185] OK solve=139.8ms pose=(1.601,0.781,0.801) u=(0.083,-0.995) s=1.875 PSDFmin=+0.002336 G=OK(+1.07e-13) MF=OK(active=9/20,min=+9.5e-10,slack=+2.292e-13)
[RMPCC 0186] OK solve=249.1ms pose=(1.607,0.787,0.702) u=(0.296,-0.394) s=1.878 PSDFmin=-0.04285 G=OK(+0.008702) MF=OK(active=20/20,min=+1.31e-14,slack=+2.021e-14)
[RMPCC 0187] OK solve=243.2ms pose=(1.629,0.806,0.662) u=(0.148,-1.124) s=1.908 PSDFmin=+0.00614 G=OK(+0.009125) MF=OK(active=6/20,min=+0.1025,slack=+4.942e-14)
[RMPCC 0188] OK solve=121.8ms pose=(1.641,0.815,0.550) u=(0.074,-1.194) s=1.922 PSDFmin=+0.009009 G=OK(+0.007468) MF=OK(active=20/20,min=+1.956e-12,slack=+2.457e-13)
[RMPCC 0189] OK solve=125.7ms pose=(1.647,0.819,0.430) u=(0.083,-0.721) s=1.930 PSDFmin=-0.002558 G=OK(+0.007976) MF=OK(active=20/20,min=+1.463e-07,slack=+7.032e-09)
[RMPCC 0190] OK solve=246.7ms pose=(1.655,0.823,0.358) u=(0.075,-0.504) s=1.938 PSDFmin=-0.002465 G=OK(+0.006571) MF=OK(active=16/20,min=+5.405e-15,slack=+7.953e-16)
[RMPCC 0191] OK solve=246.1ms pose=(1.662,0.825,0.308) u=(0.081,-0.980) s=1.939 PSDFmin=-0.006978 G=OK(+0.01164) MF=OK(active=14/20,min=+0.06492,slack=+2.651e-10)
[RMPCC 0192] OK solve=132.3ms pose=(1.670,0.828,0.210) u=(0.076,-0.707) s=1.952 PSDFmin=+0.002639 G=OK(+1.328e-09) MF=OK(active=11/20,min=+3.519e-09,slack=+1.227e-10)
[RMPCC 0193] OK solve=240.0ms pose=(1.677,0.829,0.139) u=(0.097,-0.568) s=1.952 PSDFmin=-0.02168 G=OK(+0.01748) MF=OK(active=20/20,min=+1.147e-11,slack=+0.007348)
[RMPCC 0194] OK solve=237.4ms pose=(1.687,0.831,0.082) u=(0.094,-0.802) s=1.965 PSDFmin=-0.01552 G=OK(+0.01651) MF=OK(active=15/20,min=+0.2057,slack=+1.662e-15)
[RMPCC 0195] OK solve=136.2ms pose=(1.696,0.831,0.002) u=(0.087,-0.367) s=1.966 PSDFmin=+0.001693 G=OK(+1.664e-12) MF=OK(active=7/20,min=+3.547e-10,slack=+1.282e-12)
[RMPCC 0196] OK solve=133.1ms pose=(1.705,0.831,-0.035) u=(0.137,-0.283) s=1.975 PSDFmin=-0.01481 G=OK(+6.661e-16) MF=OK(active=20/20,min=+2.116e-15,slack=+0.02407)
[RMPCC 0197] OK solve=134.5ms pose=(1.718,0.831,-0.063) u=(0.089,-1.020) s=1.989 PSDFmin=-0.01808 G=OK(+0.005065) MF=OK(active=13/20,min=+0.08245,slack=+3.516e-10)
[RMPCC 0198] OK solve=123.9ms pose=(1.727,0.830,-0.165) u=(0.074,-0.617) s=1.995 PSDFmin=+0.0009887 G=OK(+3.775e-15) MF=OK(active=5/20,min=+4.392e-14,slack=+1.291e-15)
[RMPCC 0199] OK solve=119.5ms pose=(1.735,0.829,-0.227) u=(0.102,-0.814) s=2.005 PSDFmin=-0.002212 G=OK(+3.182e-13) MF=OK(active=19/20,min=+5.514e-13,slack=+0.02669)
[RMPCC 0200] OK solve=126.6ms pose=(1.745,0.827,-0.308) u=(0.055,-0.403) s=2.011 PSDFmin=-0.009326 G=OK(+0.005756) MF=OK(active=15/20,min=+7.916e-13,slack=+0.04187)
[RMPCC 0201] OK solve=131.0ms pose=(1.750,0.825,-0.348) u=(0.132,-0.084) s=2.012 PSDFmin=-0.02855 G=OK(+0.001499) MF=OK(active=12/20,min=+3.474e-10,slack=+1.925e-11)
[RMPCC 0202] OK solve=245.8ms pose=(1.762,0.821,-0.357) u=(0.066,-0.042) s=2.027 PSDFmin=+0.005483 G=OK(+5.521e-12) MF=OK(active=9/20,min=+3.511e-12,slack=+1.422e-12)
[RMPCC 0203] OK solve=417.9ms pose=(1.768,0.818,-0.361) u=(0.111,0.310) s=2.028 PSDFmin=-0.002971 G=OK(+0.001363) MF=OK(active=19/20,min=+1.615e-11,slack=+4.561e-12)
[RMPCC 0204] OK solve=357.5ms pose=(1.779,0.815,-0.330) u=(0.056,0.280) s=2.044 PSDFmin=+0.007637 G=OK(+0.008159) MF=OK(active=17/20,min=+1.323e-10,slack=+5.183e-12)
[RMPCC 0205] OK solve=371.0ms pose=(1.784,0.813,-0.302) u=(0.044,0.202) s=2.046 PSDFmin=-0.00346 G=OK(+0.00487) MF=OK(active=17/20,min=+5.271e-13,slack=+6.523e-14)
[RMPCC 0206] OK solve=366.9ms pose=(1.788,0.811,-0.282) u=(0.071,-0.044) s=2.059 PSDFmin=+0.006671 G=OK(+0.005859) MF=OK(active=14/20,min=+7.474e-15,slack=+3.735e-16)
[RMPCC 0207] OK solve=387.2ms pose=(1.795,0.809,-0.286) u=(0.056,-0.585) s=2.064 PSDFmin=+0.006438 G=OK(+0.005068) MF=OK(active=19/20,min=+8.23e-15,slack=+1.125e-15)
[RMPCC 0208] OK solve=412.0ms pose=(1.800,0.808,-0.345) u=(0.054,-0.430) s=2.071 PSDFmin=+0.0008367 G=OK(+0.005323) MF=OK(active=17/20,min=+1.513e-14,slack=+9.228e-16)
[RMPCC 0209] OK solve=431.7ms pose=(1.805,0.806,-0.388) u=(0.044,-0.180) s=2.076 PSDFmin=+0.007923 G=OK(+0.007367) MF=OK(active=16/20,min=+1.923e-13,slack=+3.6e-14)
[RMPCC 0210] OK solve=429.7ms pose=(1.809,0.804,-0.406) u=(0.070,0.117) s=2.080 PSDFmin=-0.01855 G=OK(+0.007909) MF=OK(active=17/20,min=+4.293e-12,slack=+3.885e-12)
[RMPCC 0211] OK solve=397.9ms pose=(1.816,0.802,-0.394) u=(0.068,-0.326) s=2.089 PSDFmin=+0.001007 G=OK(+0.002964) MF=OK(active=15/20,min=+2.908e-14,slack=+6.596e-16)
[RMPCC 0212] OK solve=380.6ms pose=(1.822,0.799,-0.426) u=(0.043,-0.966) s=2.097 PSDFmin=-0.00414 G=OK(+0.007559) MF=OK(active=18/20,min=+7.284e-12,slack=+4.871e-13)
[RMPCC 0213] OK solve=395.1ms pose=(1.826,0.797,-0.523) u=(0.069,-1.200) s=2.102 PSDFmin=+0.001044 G=OK(+0.007512) MF=OK(active=11/20,min=+2.679e-12,slack=+4.396e-14)
[RMPCC 0214] OK solve=360.4ms pose=(1.832,0.794,-0.643) u=(0.068,-0.569) s=2.105 PSDFmin=-0.01075 G=OK(+0.008117) MF=OK(active=19/20,min=+7.58e-14,slack=+1.237e-14)
[RMPCC 0215] OK solve=367.6ms pose=(1.838,0.790,-0.700) u=(0.044,-1.200) s=2.115 PSDFmin=-0.001634 G=OK(+0.008643) MF=OK(active=17/20,min=+2.369e-11,slack=+1.812e-12)
[RMPCC 0216] OK solve=381.6ms pose=(1.841,0.787,-0.820) u=(0.090,-0.686) s=2.116 PSDFmin=-0.003985 G=OK(+0.008747) MF=OK(active=17/20,min=+4.126e-08,slack=+2.294e-09)
[RMPCC 0217] OK solve=378.4ms pose=(1.847,0.780,-0.889) u=(0.045,-1.200) s=2.129 PSDFmin=+0.008792 G=OK(+0.01) MF=OK(active=18/20,min=+6.499e-10,slack=+3.226e-11)
[RMPCC 0218] OK solve=247.2ms pose=(1.850,0.777,-1.009) u=(0.123,-0.560) s=2.130 PSDFmin=-0.01083 G=OK(+0.01014) MF=OK(active=19/20,min=+2.226e-11,slack=+1.355e-12)
[RMPCC 0219] OK solve=137.1ms pose=(1.856,0.766,-1.065) u=(0.062,-1.002) s=2.144 PSDFmin=+0.01039 G=OK(+0.01219) MF=OK(active=18/20,min=+2.016e-11,slack=+6.654e-13)
[RMPCC 0220] OK solve=119.5ms pose=(1.859,0.761,-1.165) u=(0.129,-0.454) s=2.145 PSDFmin=-0.006956 G=OK(+0.01309) MF=OK(active=20/20,min=+3.943e-13,slack=+1.774e-14)
[RMPCC 0221] OK solve=122.0ms pose=(1.865,0.749,-1.210) u=(0.093,-1.132) s=2.160 PSDFmin=+0.01505 G=OK(+0.0161) MF=OK(active=18/20,min=+9.449e-14,slack=+9.222e-15)
[RMPCC 0222] OK solve=137.5ms pose=(1.868,0.740,-1.323) u=(0.153,-0.545) s=2.167 PSDFmin=-0.01187 G=OK(+0.01823) MF=OK(active=20/20,min=+5.955e-11,slack=+8.557e-12)
[RMPCC 0223] OK solve=137.7ms pose=(1.872,0.726,-1.378) u=(0.135,-0.577) s=2.182 PSDFmin=+0.004041 G=OK(+0.02134) MF=OK(active=17/20,min=+4.136e-10,slack=+5.148e-11)
[RMPCC 0224] OK solve=120.1ms pose=(1.874,0.712,-1.436) u=(0.171,-0.220) s=2.195 PSDFmin=-0.01134 G=OK(+2.889e-11) MF=OK(active=20/20,min=+1.158e-12,slack=+4.841e-14)
[RMPCC 0225] OK solve=123.6ms pose=(1.876,0.695,-1.457) u=(0.151,-0.772) s=2.208 PSDFmin=-0.02197 G=OK(+0.01785) MF=OK(active=15/20,min=+2.231e-12,slack=+1.62e-12)
[RMPCC 0226] OK solve=125.7ms pose=(1.878,0.680,-1.535) u=(0.178,-0.390) s=2.221 PSDFmin=-0.006784 G=OK(+2.174e-13) MF=OK(active=18/20,min=+3.974e-12,slack=+3.29e-13)
[RMPCC 0227] OK solve=129.5ms pose=(1.879,0.663,-1.574) u=(0.163,-0.966) s=2.239 PSDFmin=-0.02775 G=OK(+2.8e-13) MF=OK(active=15/20,min=+1.603e-12,slack=+1.362e-13)
[RMPCC 0228] OK solve=113.8ms pose=(1.879,0.646,-1.670) u=(0.152,-0.609) s=2.255 PSDFmin=-0.0104 G=OK(+1.665e-16) MF=OK(active=6/20,min=+0.1959,slack=+6.096e-16)
[RMPCC 0229] OK solve=130.6ms pose=(1.877,0.631,-1.731) u=(0.152,-0.349) s=2.264 PSDFmin=-0.04239 G=OK(+0.01309) MF=OK(active=13/20,min=+2.345e-14,slack=+2.132e-15)
[RMPCC 0230] OK solve=264.8ms pose=(1.875,0.616,-1.766) u=(0.177,-0.037) s=2.279 PSDFmin=-0.003442 G=OK(+3.614e-13) MF=OK(active=17/20,min=+1.292e-12,slack=+3.739e-13)
[RMPCC 0231] OK solve=274.4ms pose=(1.871,0.599,-1.770) u=(0.133,0.130) s=2.295 PSDFmin=-0.01177 G=OK(+0.00749) MF=OK(active=15/20,min=+1.849e-10,slack=+1.541e-11)
[RMPCC 0232] OK solve=132.2ms pose=(1.869,0.586,-1.757) u=(0.134,1.200) s=2.313 PSDFmin=+0.01096 G=OK(+0.007069) MF=OK(active=17/20,min=+3.321e-14,slack=+1.189e-14)
[RMPCC 0233] OK solve=123.8ms pose=(1.866,0.573,-1.637) u=(0.201,1.200) s=2.315 PSDFmin=-0.001984 G=OK(+0.00232) MF=OK(active=20/20,min=+9.413e-15,slack=+2.307e-15)
[RMPCC 0234] OK solve=258.9ms pose=(1.865,0.552,-1.517) u=(0.116,0.780) s=2.333 PSDFmin=-0.008655 G=OK(+0.01022) MF=OK(active=16/20,min=+3.633e-09,slack=+1.126e-10)
[RMPCC 0235] OK solve=268.5ms pose=(1.866,0.541,-1.439) u=(0.141,0.329) s=2.351 PSDFmin=-0.0008731 G=OK(+2.801e-12) MF=OK(active=15/20,min=+2.519e-11,slack=+5.081e-12)
[RMPCC 0236] OK solve=248.4ms pose=(1.867,0.527,-1.406) u=(0.097,0.102) s=2.372 PSDFmin=+0.003608 G=OK(+0.00197) MF=OK(active=17/20,min=+1.184e-15,slack=+1.184e-15)
[RMPCC 0237] OK solve=362.8ms pose=(1.869,0.517,-1.396) u=(0.141,-0.459) s=2.375 PSDFmin=+0.000963 G=OK(+0.001314) MF=OK(active=19/20,min=-5.65e-16,slack=+2.988e-15)
[RMPCC 0238] OK solve=244.9ms pose=(1.871,0.504,-1.442) u=(0.071,-0.575) s=2.394 PSDFmin=-0.008309 G=OK(+0.0172) MF=OK(active=17/20,min=+3.9e-10,slack=+1.616e-11)
[RMPCC 0239] OK solve=265.3ms pose=(1.872,0.497,-1.499) u=(0.072,-1.123) s=2.396 PSDFmin=-2.174e-05 G=OK(+7.638e-09) MF=OK(active=12/20,min=+1.775e-07,slack=+6.903e-09)
[RMPCC 0240] OK solve=250.0ms pose=(1.873,0.489,-1.611) u=(0.039,-0.560) s=2.396 PSDFmin=-0.006494 G=OK(+1.469e-12) MF=OK(active=16/20,min=+2.83e-12,slack=+0.04212)
[RMPCC 0241] OK solve=238.8ms pose=(1.873,0.485,-1.667) u=(0.129,-0.393) s=2.413 PSDFmin=+0.001639 G=OK(+0.01633) MF=OK(active=15/20,min=+8.069e-09,slack=+6.033e-10)
[RMPCC 0242] OK solve=406.3ms pose=(1.872,0.473,-1.707) u=(0.064,-1.200) s=2.429 PSDFmin=+0.007858 G=OK(+0.008046) MF=OK(active=18/20,min=+5.109e-12,slack=+8.496e-13)
[RMPCC 0243] OK solve=382.9ms pose=(1.871,0.466,-1.827) u=(0.095,-0.573) s=2.430 PSDFmin=+0.0008246 G=OK(+0.003021) MF=OK(active=17/20,min=+2.313e-14,slack=+1.818e-15)
[RMPCC 0244] OK solve=389.0ms pose=(1.868,0.457,-1.884) u=(0.055,-0.756) s=2.444 PSDFmin=-0.01687 G=OK(+0.01214) MF=OK(active=15/20,min=+8.892e-12,slack=+7.241e-13)
[RMPCC 0245] OK solve=402.6ms pose=(1.867,0.452,-1.959) u=(0.095,-0.385) s=2.447 PSDFmin=+0.004025 G=OK(+9.424e-13) MF=OK(active=17/20,min=+2.226e-13,slack=+9.93e-14)
[RMPCC 0246] OK solve=366.3ms pose=(1.863,0.443,-1.998) u=(0.053,-1.200) s=2.458 PSDFmin=+0.00736 G=OK(+0.008683) MF=OK(active=18/20,min=+1.897e-11,slack=+3.232e-12)
[RMPCC 0247] OK solve=369.4ms pose=(1.861,0.438,-2.118) u=(0.167,-0.543) s=2.463 PSDFmin=-0.00347 G=OK(+0.00436) MF=OK(active=17/20,min=+2.532e-12,slack=+2.264e-13)
[RMPCC 0248] OK solve=418.4ms pose=(1.852,0.424,-2.172) u=(0.083,-0.616) s=2.479 PSDFmin=+0.005903 G=OK(+0.0005298) MF=OK(active=16/20,min=+3.07e-11,slack=+3.271e-11)
[RMPCC 0249] OK solve=259.1ms pose=(1.847,0.417,-2.234) u=(0.090,-0.421) s=2.487 PSDFmin=-0.0156 G=OK(+0.01019) MF=OK(active=19/20,min=+2.093e-11,slack=+7.452e-13)
[RMPCC 0250] OK solve=121.2ms pose=(1.842,0.410,-2.276) u=(0.045,-0.525) s=2.496 PSDFmin=+0.00131 G=OK(+0.005168) MF=OK(active=13/20,min=+1.719e-12,slack=+2.019e-13)
[RMPCC 0251] OK solve=248.0ms pose=(1.839,0.407,-2.329) u=(0.154,-0.190) s=2.502 PSDFmin=-0.0224 G=OK(+3.769e-14) MF=OK(active=20/20,min=+4.179e-14,slack=+0.06795)
[RMPCC 0252] OK solve=362.5ms pose=(1.828,0.395,-2.348) u=(0.084,-0.067) s=2.523 PSDFmin=+0.002259 G=OK(+1.307e-13) MF=OK(active=14/20,min=+3.176e-12,slack=+8.048e-14)
[RMPCC 0253] OK solve=248.2ms pose=(1.822,0.389,-2.354) u=(0.049,-0.766) s=2.524 PSDFmin=-0.00479 G=OK(+0.001926) MF=OK(active=19/20,min=+3.564e-13,slack=+3.75e-14)
[RMPCC 0254] OK solve=131.8ms pose=(1.819,0.386,-2.431) u=(0.140,-0.370) s=2.533 PSDFmin=+0.005 G=OK(+0.005506) MF=OK(active=18/20,min=+3.907e-12,slack=+2.139e-13)
[RMPCC 0255] OK solve=134.4ms pose=(1.808,0.377,-2.468) u=(0.124,-0.135) s=2.544 PSDFmin=-0.02515 G=OK(+0.007989) MF=OK(active=20/20,min=+9.601e-09,slack=+7.356e-10)
[RMPCC 0256] OK solve=132.6ms pose=(1.799,0.369,-2.481) u=(0.114,0.057) s=2.555 PSDFmin=-0.004686 G=OK(+0.002801) MF=OK(active=16/20,min=+7.317e-12,slack=+3.799e-13)
[RMPCC 0257] OK solve=140.3ms pose=(1.790,0.362,-2.476) u=(0.110,0.073) s=2.576 PSDFmin=-0.02203 G=OK(+0.008876) MF=OK(active=17/20,min=+4.317e-14,slack=+7.647e-15)
[RMPCC 0258] OK solve=132.4ms pose=(1.781,0.355,-2.468) u=(0.095,0.754) s=2.586 PSDFmin=-0.02044 G=OK(+2.26e-08) MF=OK(active=6/20,min=+9.503e-08,slack=+9.984e-09)
[RMPCC 0259] OK solve=117.5ms pose=(1.774,0.349,-2.393) u=(0.106,0.641) s=2.586 PSDFmin=+0.001921 G=OK(+2.35e-12) MF=OK(active=4/20,min=+9.318e-10,slack=+2.472e-12)
[RMPCC 0260] OK solve=240.3ms pose=(1.766,0.342,-2.329) u=(0.162,0.235) s=2.597 PSDFmin=-0.04339 G=OK(+0.007327) MF=OK(active=20/20,min=+1.837e-13,slack=+4.768e-13)
[RMPCC 0261] OK solve=249.9ms pose=(1.755,0.330,-2.305) u=(0.096,1.012) s=2.612 PSDFmin=+0.00307 G=OK(+0.008039) MF=OK(active=10/20,min=+0.01653,slack=+3.139e-15)
[RMPCC 0262] OK solve=123.8ms pose=(1.748,0.323,-2.204) u=(0.069,1.012) s=2.621 PSDFmin=+0.01172 G=OK(+0.01031) MF=OK(active=20/20,min=+1.491e-14,slack=+6.642e-14)
[RMPCC 0263] OK solve=238.4ms pose=(1.744,0.318,-2.103) u=(0.093,1.100) s=2.628 PSDFmin=-0.005864 G=OK(+3.275e-13) MF=OK(active=20/20,min=+2.886e-11,slack=+1.18e-12)
[RMPCC 0264] OK solve=245.6ms pose=(1.740,0.310,-1.993) u=(0.080,0.531) s=2.637 PSDFmin=+0.002451 G=OK(+0.0007902) MF=OK(active=15/20,min=+7.446e-09,slack=+3.288e-10)
[RMPCC 0265] OK solve=240.0ms pose=(1.736,0.303,-1.940) u=(0.101,0.588) s=2.645 PSDFmin=-0.002715 G=OK(+0.01526) MF=OK(active=20/20,min=+1.007e-14,slack=+8.292e-15)
[RMPCC 0266] OK solve=245.9ms pose=(1.733,0.293,-1.881) u=(0.091,0.583) s=2.655 PSDFmin=-0.009079 G=OK(+1.11e-14) MF=OK(active=17/20,min=+3.394e-13,slack=+9.919e-16)
[RMPCC 0267] OK solve=120.5ms pose=(1.730,0.284,-1.823) u=(0.067,0.554) s=2.658 PSDFmin=+0.004405 G=OK(+0.00394) MF=OK(active=12/20,min=+3.004e-14,slack=+5.634e-15)
[RMPCC 0268] OK solve=248.2ms pose=(1.728,0.278,-1.767) u=(0.122,0.424) s=2.664 PSDFmin=-0.02288 G=OK(+3.691e-15) MF=OK(active=20/20,min=+1.383e-14,slack=+0.08804)
[RMPCC 0269] OK solve=255.2ms pose=(1.726,0.266,-1.725) u=(0.080,0.763) s=2.675 PSDFmin=-0.007716 G=OK(+0.02312) MF=OK(active=15/20,min=+0.2196,slack=+8.697e-16)
[RMPCC 0270] OK solve=122.2ms pose=(1.725,0.258,-1.649) u=(0.075,0.376) s=2.681 PSDFmin=+0.002575 G=OK(+2.22e-16) MF=OK(active=9/20,min=+4.339e-14,slack=+7.527e-16)
[RMPCC 0271] OK solve=249.3ms pose=(1.724,0.251,-1.611) u=(0.130,0.102) s=2.688 PSDFmin=-0.01635 G=OK(+2.082e-16) MF=OK(active=20/20,min=+2.593e-16,slack=+0.004741)
[RMPCC 0272] OK solve=267.7ms pose=(1.723,0.238,-1.601) u=(0.081,0.753) s=2.699 PSDFmin=-0.01276 G=OK(+0.008466) MF=OK(active=15/20,min=+0.2058,slack=+2.021e-15)
[RMPCC 0273] OK solve=130.1ms pose=(1.723,0.230,-1.525) u=(0.080,0.397) s=2.705 PSDFmin=-0.001204 G=OK(+5.376e-12) MF=OK(active=6/20,min=+1.665e-10,slack=+9.409e-13)
[RMPCC 0274] OK solve=244.0ms pose=(1.724,0.222,-1.486) u=(0.163,0.006) s=2.716 PSDFmin=-0.008639 G=OK(+2.359e-16) MF=OK(active=19/20,min=+1.06e-15,slack=+1.948e-15)
[RMPCC 0275] OK solve=368.7ms pose=(1.725,0.205,-1.485) u=(0.082,0.863) s=2.728 PSDFmin=-0.009256 G=OK(+0.008476) MF=OK(active=16/20,min=+6.578e-07,slack=+4.144e-09)
[RMPCC 0276] OK solve=375.0ms pose=(1.726,0.197,-1.399) u=(0.087,0.393) s=2.734 PSDFmin=+0.003163 G=OK(+0.00729) MF=OK(active=4/20,min=+1.604e-09,slack=+2.548e-10)
[RMPCC 0277] OK solve=372.0ms pose=(1.727,0.189,-1.360) u=(0.077,0.124) s=2.745 PSDFmin=+0.006783 G=OK(+0.007783) MF=OK(active=19/20,min=+5.034e-10,slack=+1.772e-11)
[RMPCC 0278] OK solve=240.4ms pose=(1.729,0.181,-1.347) u=(0.076,0.307) s=2.751 PSDFmin=-0.001206 G=OK(+7.436e-13) MF=OK(active=18/20,min=+8.926e-10,slack=+1.939e-11)
[RMPCC 0279] OK solve=120.2ms pose=(1.730,0.174,-1.316) u=(0.049,0.470) s=2.757 PSDFmin=+0.003043 G=OK(+0.003811) MF=OK(active=16/20,min=+2.614e-12,slack=+2.835e-14)
[RMPCC 0280] OK solve=127.6ms pose=(1.732,0.169,-1.269) u=(0.067,0.183) s=2.763 PSDFmin=+0.007362 G=OK(+0.00654) MF=OK(active=20/20,min=-8.979e-13,slack=+8.371e-12)
[RMPCC 0281] OK solve=235.9ms pose=(1.734,0.162,-1.251) u=(0.036,0.440) s=2.769 PSDFmin=+0.005199 G=OK(+0.003669) MF=OK(active=20/20,min=+6.585e-14,slack=+1.275e-15)
[RMPCC 0282] OK solve=367.1ms pose=(1.735,0.159,-1.207) u=(0.061,0.173) s=2.775 PSDFmin=+0.008041 G=OK(+0.006889) MF=OK(active=19/20,min=+1.148e-12,slack=+2.703e-14)
[RMPCC 0283] OK solve=244.1ms pose=(1.737,0.153,-1.190) u=(0.040,0.446) s=2.781 PSDFmin=+0.007418 G=OK(+0.005793) MF=OK(active=19/20,min=+1.595e-10,slack=+5.725e-12)
[RMPCC 0284] OK solve=257.1ms pose=(1.738,0.150,-1.145) u=(0.056,0.309) s=2.786 PSDFmin=+0.004742 G=OK(+0.004457) MF=OK(active=20/20,min=+8.397e-13,slack=+6.511e-14)
[RMPCC 0285] OK solve=391.5ms pose=(1.741,0.145,-1.114) u=(0.028,0.399) s=2.794 PSDFmin=+0.005709 G=OK(+0.004795) MF=OK(active=19/20,min=+6.45e-12,slack=+1.997e-11)
[RMPCC 0286] OK solve=365.6ms pose=(1.742,0.142,-1.074) u=(0.047,0.334) s=2.797 PSDFmin=+0.005206 G=OK(+0.004453) MF=OK(active=18/20,min=+1.296e-11,slack=+9.052e-13)
[RMPCC 0287] OK solve=356.3ms pose=(1.744,0.138,-1.041) u=(0.023,0.235) s=2.801 PSDFmin=+0.007025 G=OK(+0.006178) MF=OK(active=18/20,min=+3.421e-11,slack=+3.091e-12)
[RMPCC 0288] OK solve=248.8ms pose=(1.745,0.136,-1.017) u=(0.044,0.307) s=2.804 PSDFmin=+0.005302 G=OK(+0.004706) MF=OK(active=19/20,min=+5.957e-09,slack=+1.251e-10)
[RMPCC 0289] OK solve=129.9ms pose=(1.748,0.132,-0.987) u=(0.026,0.320) s=2.810 PSDFmin=+0.005955 G=OK(+0.005001) MF=OK(active=20/20,min=+3.652e-09,slack=+5.098e-11)
[RMPCC 0290] OK solve=278.3ms pose=(1.749,0.130,-0.955) u=(0.029,0.350) s=2.813 PSDFmin=+0.005673 G=OK(+0.004669) MF=OK(active=20/20,min=+2.023e-09,slack=+1.195e-10)
[RMPCC 0291] OK solve=251.2ms pose=(1.751,0.128,-0.920) u=(0.027,0.295) s=2.816 PSDFmin=+0.00606 G=OK(+0.005062) MF=OK(active=19/20,min=+3.221e-10,slack=+3.601e-11)
[RMPCC 0292] OK solve=247.0ms pose=(1.752,0.126,-0.890) u=(0.025,0.307) s=2.818 PSDFmin=+0.005775 G=OK(+0.004774) MF=OK(active=20/20,min=+9.143e-12,slack=+6.777e-12)
[RMPCC 0293] OK solve=363.1ms pose=(1.754,0.124,-0.859) u=(0.028,0.282) s=2.822 PSDFmin=+0.005976 G=OK(+0.00495) MF=OK(active=19/20,min=+5.692e-09,slack=+5.295e-11)
[RMPCC 0294] OK solve=280.0ms pose=(1.756,0.121,-0.831) u=(0.022,0.275) s=2.825 PSDFmin=+0.005866 G=OK(+0.004871) MF=OK(active=19/20,min=+8.916e-09,slack=+9.139e-10)
[RMPCC 0295] OK solve=150.1ms pose=(1.757,0.120,-0.804) u=(0.027,0.252) s=2.827 PSDFmin=+0.005967 G=OK(+0.004939) MF=OK(active=20/20,min=+2.24e-08,slack=+1.533e-10)
[RMPCC 0296] OK solve=143.5ms pose=(1.759,0.118,-0.779) u=(0.020,0.252) s=2.829 PSDFmin=+0.00596 G=OK(+0.004935) MF=OK(active=20/20,min=+1.597e-08,slack=+1.038e-10)
[RMPCC 0297] OK solve=139.8ms pose=(1.761,0.117,-0.753) u=(0.025,0.233) s=2.831 PSDFmin=+0.005967 G=OK(+0.004957) MF=OK(active=20/20,min=+1.076e-07,slack=+7.004e-10)
[RMPCC 0298] OK solve=121.7ms pose=(1.762,0.115,-0.730) u=(0.022,0.257) s=2.835 PSDFmin=+0.005964 G=OK(+0.00494) MF=OK(active=20/20,min=+2.19e-07,slack=+1.934e-09)
[RMPCC 0299] OK solve=123.6ms pose=(1.764,0.113,-0.704) u=(0.022,0.281) s=2.837 PSDFmin=+0.005937 G=OK(+0.004901) MF=OK(active=20/20,min=+9.068e-08,slack=+4.244e-09)
[RMPCC 0300] OK solve=118.2ms pose=(1.766,0.112,-0.676) u=(0.021,0.278) s=2.839 PSDFmin=+0.005945 G=OK(+0.004914) MF=OK(active=20/20,min=+0.0006162,slack=+1.171e-14)
[RMPCC 0301] OK solve=121.9ms pose=(1.767,0.111,-0.648) u=(0.021,0.259) s=2.841 PSDFmin=+0.005979 G=OK(+0.004947) MF=OK(active=20/20,min=+0.02306,slack=+5.002e-15)
[RMPCC 0302] OK solve=127.9ms pose=(1.769,0.109,-0.622) u=(0.021,0.242) s=2.843 PSDFmin=+0.006009 G=OK(+0.004976) MF=OK(active=20/20,min=+0.04341,slack=+7.512e-13)
[RMPCC 0303] OK solve=126.6ms pose=(1.771,0.108,-0.598) u=(0.020,0.226) s=2.845 PSDFmin=+0.006035 G=OK(+0.005002) MF=OK(active=20/20,min=+0.06272,slack=+1.683e-12)
[RMPCC 0304] OK solve=117.5ms pose=(1.772,0.107,-0.576) u=(0.017,0.210) s=2.845 PSDFmin=+0.006069 G=OK(+0.005044) MF=OK(active=20/20,min=+0.07948,slack=+9.5e-16)
[RMPCC 0305] OK solve=130.9ms pose=(1.774,0.106,-0.555) u=(0.017,0.195) s=2.848 PSDFmin=+0.006111 G=OK(+0.005087) MF=OK(active=20/20,min=+0.09386,slack=+1.046e-11)
[RMPCC 0306] OK solve=126.0ms pose=(1.775,0.105,-0.535) u=(0.018,0.182) s=2.850 PSDFmin=+0.006166 G=OK(+0.005142) MF=OK(active=20/20,min=+0.1087,slack=+1.205e-13)
[RMPCC 0307] OK solve=122.4ms pose=(1.777,0.104,-0.517) u=(0.018,0.170) s=2.852 PSDFmin=+0.006231 G=OK(+0.005208) MF=OK(active=20/20,min=+0.1236,slack=+8.161e-16)
[RMPCC 0308] OK solve=113.0ms pose=(1.778,0.103,-0.500) u=(0.018,0.160) s=2.854 PSDFmin=+0.006306 G=OK(+0.005285) MF=OK(active=20/20,min=+0.1382,slack=+2.221e-11)
[RMPCC 0309] OK solve=127.0ms pose=(1.780,0.103,-0.484) u=(0.015,0.149) s=2.854 PSDFmin=+0.00639 G=OK(+0.005373) MF=OK(active=20/20,min=+0.1513,slack=+8.832e-16)
[RMPCC 0310] OK solve=129.4ms pose=(1.781,0.102,-0.469) u=(0.015,0.139) s=2.856 PSDFmin=+0.006476 G=OK(+0.00546) MF=OK(active=20/20,min=+0.1616,slack=+7.665e-16)
[RMPCC 0311] OK solve=136.8ms pose=(1.783,0.101,-0.455) u=(0.016,0.131) s=2.858 PSDFmin=+0.006569 G=OK(+0.005553) MF=OK(active=20/20,min=+0.1716,slack=+2.186e-12)
[RMPCC 0312] OK solve=131.0ms pose=(1.784,0.101,-0.442) u=(0.013,0.123) s=2.858 PSDFmin=+0.006666 G=OK(+0.005654) MF=OK(active=20/20,min=+0.18,slack=+2.216e-11)
[RMPCC 0313] OK solve=130.9ms pose=(1.785,0.100,-0.430) u=(0.014,0.115) s=2.860 PSDFmin=+0.006764 G=OK(+0.005752) MF=OK(active=20/20,min=+0.1858,slack=+1.553e-15)
[RMPCC 0314] OK solve=120.6ms pose=(1.786,0.099,-0.418) u=(0.014,0.109) s=2.862 PSDFmin=+0.006866 G=OK(+0.005854) MF=OK(active=20/20,min=+0.191,slack=+1.102e-14)
[RMPCC 0315] OK solve=126.4ms pose=(1.788,0.099,-0.407) u=(0.012,0.102) s=2.862 PSDFmin=+0.006971 G=OK(+0.005961) MF=OK(active=20/20,min=+0.1949,slack=+7.455e-14)
[RMPCC 0316] OK solve=121.5ms pose=(1.789,0.098,-0.397) u=(0.013,0.096) s=2.864 PSDFmin=+0.007075 G=OK(+0.006065) MF=OK(active=20/20,min=+0.197,slack=+4.251e-13)
[RMPCC 0317] OK solve=131.3ms pose=(1.790,0.098,-0.388) u=(0.011,0.091) s=2.864 PSDFmin=+0.00718 G=OK(+0.006172) MF=OK(active=20/20,min=+0.1986,slack=+1.026e-12)
[RMPCC 0318] OK solve=117.8ms pose=(1.791,0.097,-0.378) u=(0.012,0.086) s=2.866 PSDFmin=+0.007284 G=OK(+0.006275) MF=OK(active=20/20,min=+0.1993,slack=+1.723e-11)
[RMPCC 0319] OK solve=136.0ms pose=(1.792,0.097,-0.370) u=(0.010,0.081) s=2.866 PSDFmin=+0.007388 G=OK(+0.006381) MF=OK(active=20/20,min=+0.1998,slack=+9.952e-12)
[RMPCC 0320] OK solve=144.2ms pose=(1.793,0.097,-0.362) u=(0.011,0.077) s=2.869 PSDFmin=+0.00749 G=OK(+0.006483) MF=OK(active=20/20,min=+0.1999,slack=+1.368e-14)
[RMPCC 0321] OK solve=144.4ms pose=(1.794,0.096,-0.354) u=(0.009,0.073) s=2.869 PSDFmin=+0.007593 G=OK(+0.006587) MF=OK(active=20/20,min=+0.2,slack=+1.894e-12)
[RMPCC 0322] OK solve=140.5ms pose=(1.795,0.096,-0.347) u=(0.010,0.069) s=2.871 PSDFmin=+0.007693 G=OK(+0.006687) MF=OK(active=20/20,min=+0.2,slack=+8.345e-12)
[RMPCC 0323] OK solve=128.6ms pose=(1.796,0.096,-0.340) u=(0.009,0.065) s=2.871 PSDFmin=+0.007793 G=OK(+0.006788) MF=OK(active=20/20,min=+0.2,slack=+5.85e-13)
[RMPCC 0324] OK solve=131.2ms pose=(1.797,0.095,-0.333) u=(0.008,0.062) s=2.871 PSDFmin=+0.007891 G=OK(+0.006886) MF=OK(active=20/20,min=+0.2,slack=+2.577e-11)
[RMPCC 0325] OK solve=126.6ms pose=(1.798,0.095,-0.327) u=(0.009,0.059) s=2.873 PSDFmin=+0.007987 G=OK(+0.006982) MF=OK(active=20/20,min=+0.2,slack=+3.233e-11)
[RMPCC 0326] OK solve=121.4ms pose=(1.799,0.095,-0.321) u=(0.008,0.056) s=2.873 PSDFmin=+0.00808 G=OK(+0.007077) MF=OK(active=20/20,min=+0.2,slack=+9.252e-14)
[RMPCC 0327] OK solve=125.5ms pose=(1.799,0.094,-0.316) u=(0.008,0.053) s=2.874 PSDFmin=+0.008172 G=OK(+0.007169) MF=OK(active=20/20,min=+0.2,slack=+8.129e-13)
[RMPCC 0328] OK solve=130.9ms pose=(1.800,0.094,-0.310) u=(0.008,0.051) s=2.875 PSDFmin=+0.008262 G=OK(+0.007258) MF=OK(active=20/20,min=+0.2,slack=+2.736e-12)
[RMPCC 0329] OK solve=129.6ms pose=(1.801,0.094,-0.305) u=(0.007,0.048) s=2.875 PSDFmin=+0.00835 G=OK(+0.007347) MF=OK(active=20/20,min=+0.2,slack=+6.683e-12)
[RMPCC 0330] OK solve=114.4ms pose=(1.801,0.094,-0.300) u=(0.007,0.046) s=2.876 PSDFmin=+0.008435 G=OK(+0.007433) MF=OK(active=20/20,min=+0.2,slack=+1.146e-11)
[RMPCC 0331] OK solve=120.4ms pose=(1.802,0.094,-0.296) u=(0.007,0.044) s=2.877 PSDFmin=+0.008518 G=OK(+0.007516) MF=OK(active=20/20,min=+0.2,slack=+1.666e-13)
[RMPCC 0332] OK solve=129.4ms pose=(1.803,0.093,-0.292) u=(0.006,0.042) s=2.877 PSDFmin=+0.0086 G=OK(+0.007597) MF=OK(active=20/20,min=+0.2,slack=+1.162e-13)
[RMPCC 0333] OK solve=132.5ms pose=(1.803,0.093,-0.287) u=(0.006,0.040) s=2.878 PSDFmin=+0.008678 G=OK(+0.007676) MF=OK(active=20/20,min=+0.2,slack=+4.03e-13)
[RMPCC 0334] OK solve=116.5ms pose=(1.804,0.093,-0.283) u=(0.006,0.038) s=2.879 PSDFmin=+0.008755 G=OK(+0.007753) MF=OK(active=20/20,min=+0.2,slack=+3.182e-12)
[RMPCC 0335] OK solve=126.0ms pose=(1.805,0.093,-0.280) u=(0.006,0.036) s=2.879 PSDFmin=+0.008831 G=OK(+0.007829) MF=OK(active=20/20,min=+0.2,slack=+1.414e-11)
[RMPCC 0336] OK solve=125.2ms pose=(1.805,0.093,-0.276) u=(0.006,0.035) s=2.880 PSDFmin=+0.008904 G=OK(+0.007902) MF=OK(active=20/20,min=+0.2,slack=+3.085e-11)
[RMPCC 0337] OK solve=118.6ms pose=(1.806,0.092,-0.272) u=(0.005,0.033) s=2.881 PSDFmin=+0.008976 G=OK(+0.007974) MF=OK(active=20/20,min=+0.2,slack=+5.746e-11)
[RMPCC 0338] OK solve=135.9ms pose=(1.806,0.092,-0.269) u=(0.005,0.032) s=2.881 PSDFmin=+0.009046 G=OK(+0.008044) MF=OK(active=20/20,min=+0.2,slack=+9.47e-11)
[RMPCC 0339] OK solve=129.2ms pose=(1.807,0.092,-0.266) u=(0.005,0.030) s=2.882 PSDFmin=+0.009111 G=OK(+0.00811) MF=OK(active=20/20,min=+0.2,slack=+6.131e-14)
[RMPCC 0340] OK solve=131.8ms pose=(1.807,0.092,-0.263) u=(0.005,0.028) s=2.882 PSDFmin=+0.009175 G=OK(+0.008173) MF=OK(active=20/20,min=+0.2,slack=+1.226e-13)
[RMPCC 0341] OK solve=126.7ms pose=(1.808,0.092,-0.260) u=(0.005,0.028) s=2.883 PSDFmin=+0.009238 G=OK(+0.008237) MF=OK(active=20/20,min=+0.2,slack=+8.098e-11)
[RMPCC 0342] OK solve=123.1ms pose=(1.808,0.092,-0.257) u=(0.005,0.027) s=2.883 PSDFmin=+0.009301 G=OK(+0.008299) MF=OK(active=20/20,min=+0.2,slack=+8.689e-11)
[RMPCC 0343] OK solve=127.4ms pose=(1.809,0.092,-0.255) u=(0.004,0.024) s=2.883 PSDFmin=+0.009357 G=OK(+0.008357) MF=OK(active=20/20,min=+0.2,slack=+2.118e-13)
[RMPCC 0344] OK solve=122.4ms pose=(1.809,0.092,-0.252) u=(0.004,0.024) s=2.884 PSDFmin=+0.009415 G=OK(+0.008414) MF=OK(active=20/20,min=+0.2,slack=+6.036e-11)
목적지에 도착했습니다! 현재 위치: [1.8094  0.09144], 시간: 34.50초
Using rmpcc optimizer with differential_drive dynamics:
median:  0.22568130493164062
std:  0.1026735915153212
min:  0.11297941207885742
max:  0.46038079261779785
Simulation finished.
Run outcome: status=success, reason=None, final_time=34.50000000000022, distance_to_goal=0.009632196318206847
Optimizer runtime stats: safe_stop_count=0, backup_feasible_qp_success_count=0, plant_input_apply_count=345, last_solve_mode=sqp_rti
Trial history saved to /home/taek111/projects/psdf_mpcc/debug_runs/rmpcc_tuning/p1-l3_maze_r1/data/trial_history_MPC_rmpcc_rectangle_maze_p1-l3_maze_r1.csv
RMPCC constraint history saved to /home/taek111/projects/psdf_mpcc/debug_runs/rmpcc_tuning/p1-l3_maze_r1/data/rmpcc_constraints_MPC_rmpcc_rectangle_maze_p1-l3_maze_r1.csv
RMPCC debug history saved to /home/taek111/projects/psdf_mpcc/debug_runs/rmpcc_tuning/p1-l3_maze_r1/data/cycle_raw.csv
RMPCC debug history saved to /home/taek111/projects/psdf_mpcc/debug_runs/rmpcc_tuning/p1-l3_maze_r1/data/covariance_trajectory.csv
Pose-SDF data saved to /home/taek111/projects/psdf_mpcc/debug_runs/rmpcc_tuning/p1-l3_maze_r1/data/pose_sdf_MPC_rmpcc_rectangle_maze_p1-l3_maze_r1.csv
Total data points: 345
SDF statistics - Min: 0.0046, Max: 0.0622, Mean: 0.0140
