RMPCC configured from config: horizon=20, tf=2.0, use_obstacle_constraint=True, use_row_mf=True, d_col=0.001, d_min=0.001, d_mf_mask=0.001, mf_slack_linear=100.0, mf_slack_quadratic=1.0, chance_epsilon=0.2, mf_active_start_step=1, mf_active_end_step=20, mf_active_terminal=False, sigma_f0=0.0002, sigma_l0=0.00025, sigma_psi0=0.00025, q_f0=0.0, q_l0=0.0, q_psi0=0.0, alpha_f=0.002, alpha_v=0.0004, alpha_kappa=0.01, beta_v=0.02, beta_kappa=0.008, beta_omega=0.008, enable_backup_solver=False, debug_mf=True, debug_infeasibility=True, augmented_psdf_device=cpu
Resetting rmpcc optimizer for clean state...
Trial failure criteria enabled: movement_window_sec=5.0, movement_threshold=0.005, max_consecutive_solver_failures=10
generating global path with A* + Line of Sight
시작 위치: [0.075 0.795]
목적지: [1.8  0.09]
도착 판정 기준: position <= 0.01m, angle <= 0.01rad
Setting up RMPCC-MF optimizer...
RMPCC-MF Row M configuration: enabled=True, active only when phi > d_mf_mask=0.001, configured stages=[1, 2, 3, 4, 5, 6, 7, 8, 9, 10, 11, 12, 13, 14, 15, 16, 17, 18, 19]
Added two affine safety rows at intermediate/terminal stages: 0=HARD guard/recovery, 1=SOFT MF
field AcadosOcpDims.N has been migrated to AcadosOcpOptions.N_horizon. setting AcadosOcpOptions.N_horizon = N. For future comppatibility, please use AcadosOcpOptions.N_horizon directly.

WARNING: Gauss-Newton Hessian approximation with EXTERNAL cost type not well defined!
got cost_type EXTERNAL for cost_type_0, cost_type, cost_type_e, hessian_approx: 'GAUSS_NEWTON'.
With this setting, acados will proceed computing the exact Hessian for the cost term and no Hessian contribution from constraints and dynamics.
If the external cost is a linear least squares cost, this coincides with the Gauss-Newton Hessian.
Note: There is also the option to use the external cost module with a numerical Hessian approximation (see `ext_cost_num_hess`).
OR the option to provide a symbolic custom Hessian approximation (see `cost_expr_ext_cost_custom_hess`).

acados was compiled without OpenMP.
RMPCC-MF backup SQP_WITH_FEASIBLE_QP solver disabled; using nominal safe-stop recovery.
[RMPCC 0000] OK solve=141.6ms pose=(0.075,0.795,-1.571) u=(0.123,0.000) s=0.013 PSDFmin=+0.03 G=OK(+0.04134) MF=OK(active=19/20,min=+0.2,slack=+7.52e-12)
[RMPCC 0001] OK solve=126.9ms pose=(0.075,0.783,-1.571) u=(0.114,0.088) s=0.024 PSDFmin=-0.002916 G=OK(+1.599e-12) MF=OK(active=19/20,min=+0.2,slack=+8.156e-13)
[RMPCC 0002] OK solve=123.0ms pose=(0.075,0.771,-1.562) u=(0.128,0.064) s=0.035 PSDFmin=+0.009478 G=OK(+0.01019) MF=OK(active=14/20,min=+1.602e-14,slack=+3.326e-17)
[RMPCC 0003] OK solve=245.8ms pose=(0.075,0.758,-1.556) u=(0.121,0.013) s=0.041 PSDFmin=+0.0002448 G=OK(+5.551e-16) MF=OK(active=19/20,min=+2.398e-16,slack=+1.78e-17)
[RMPCC 0004] OK solve=245.8ms pose=(0.075,0.746,-1.554) u=(0.106,0.472) s=0.055 PSDFmin=-0.01116 G=OK(+0.01565) MF=OK(active=17/20,min=+0.1841,slack=+2.082e-14)
[RMPCC 0005] OK solve=130.1ms pose=(0.075,0.736,-1.507) u=(0.102,0.195) s=0.056 PSDFmin=-0.0005589 G=OK(+6.124e-13) MF=OK(active=7/20,min=+3.797e-09,slack=+4.154e-14)
[RMPCC 0006] OK solve=138.8ms pose=(0.076,0.726,-1.488) u=(0.160,-0.141) s=0.071 PSDFmin=-0.0002856 G=OK(+0.01078) MF=OK(active=19/20,min=+2.184e-13,slack=+7.886e-16)
[RMPCC 0007] OK solve=141.4ms pose=(0.077,0.710,-1.502) u=(0.172,0.433) s=0.087 PSDFmin=-0.01494 G=OK(+0.007783) MF=OK(active=17/20,min=+1.441e-12,slack=+3.634e-15)
[RMPCC 0008] OK solve=129.7ms pose=(0.079,0.692,-1.458) u=(0.096,0.198) s=0.089 PSDFmin=+0.001335 G=OK(+1.75e-13) MF=OK(active=9/20,min=+1.383e-11,slack=+5.225e-15)
[RMPCC 0009] OK solve=241.4ms pose=(0.080,0.683,-1.439) u=(0.237,-0.422) s=0.105 PSDFmin=-0.008078 G=OK(+0.01461) MF=OK(active=19/20,min=+4.047e-13,slack=+7.357e-15)
[RMPCC 0010] OK solve=365.0ms pose=(0.083,0.659,-1.481) u=(0.171,-0.006) s=0.124 PSDFmin=+0.002078 G=OK(+0.01186) MF=OK(active=13/20,min=+2.775e-12,slack=+2.782e-15)
[RMPCC 0011] OK solve=376.2ms pose=(0.084,0.642,-1.481) u=(0.086,0.080) s=0.143 PSDFmin=+0.007427 G=OK(+0.01362) MF=OK(active=18/20,min=+1.261e-10,slack=+2.71e-13)
[RMPCC 0012] OK solve=248.5ms pose=(0.085,0.634,-1.473) u=(0.090,0.741) s=0.163 PSDFmin=+0.007404 G=OK(+0.007451) MF=OK(active=18/20,min=+1.074e-12,slack=+5.833e-15)
[RMPCC 0013] OK solve=270.7ms pose=(0.086,0.625,-1.399) u=(0.097,0.297) s=0.168 PSDFmin=+0.009754 G=OK(+0.009135) MF=OK(active=19/20,min=+1.473e-11,slack=+2.417e-14)
[RMPCC 0014] OK solve=378.0ms pose=(0.088,0.615,-1.370) u=(0.050,0.303) s=0.186 PSDFmin=+0.007515 G=OK(+0.003886) MF=OK(active=16/20,min=+2.359e-14,slack=+5.66e-17)
[RMPCC 0015] OK solve=370.5ms pose=(0.089,0.610,-1.339) u=(0.092,0.746) s=0.190 PSDFmin=-0.002761 G=OK(+0.0003323) MF=OK(active=16/20,min=+1.338e-11,slack=+2.748e-14)
[RMPCC 0016] OK solve=373.9ms pose=(0.091,0.601,-1.265) u=(0.046,0.700) s=0.205 PSDFmin=+0.006889 G=OK(+0.00638) MF=OK(active=15/20,min=+2.819e-12,slack=+2.134e-15)
[RMPCC 0017] OK solve=375.5ms pose=(0.092,0.597,-1.195) u=(0.034,0.339) s=0.209 PSDFmin=+0.008612 G=OK(+0.007828) MF=OK(active=17/20,min=+1.085e-12,slack=+7.016e-15)
[RMPCC 0018] OK solve=380.7ms pose=(0.093,0.594,-1.161) u=(0.105,0.424) s=0.212 PSDFmin=-0.004382 G=OK(+0.002169) MF=OK(active=18/20,min=+8.903e-15,slack=+2.084e-17)
[RMPCC 0019] OK solve=375.2ms pose=(0.098,0.584,-1.118) u=(0.055,0.904) s=0.222 PSDFmin=+0.006591 G=OK(+0.005409) MF=OK(active=15/20,min=+1.034e-12,slack=+6.602e-16)
[RMPCC 0020] OK solve=354.4ms pose=(0.100,0.579,-1.028) u=(0.155,0.508) s=0.232 PSDFmin=-0.007994 G=OK(+0.006465) MF=OK(active=16/20,min=+1.613e-13,slack=+8.798e-16)
[RMPCC 0021] OK solve=363.4ms pose=(0.108,0.566,-0.977) u=(0.077,1.200) s=0.251 PSDFmin=+0.009138 G=OK(+0.007598) MF=OK(active=14/20,min=+1.174e-13,slack=+1.29e-16)
[RMPCC 0022] OK solve=283.3ms pose=(0.112,0.560,-0.857) u=(0.046,0.663) s=0.252 PSDFmin=-0.0004344 G=OK(+0.009194) MF=OK(active=17/20,min=+3.321e-13,slack=+7.861e-16)
[RMPCC 0023] OK solve=121.3ms pose=(0.115,0.556,-0.791) u=(0.058,1.200) s=0.253 PSDFmin=+0.00139 G=OK(+0.009933) MF=OK(active=16/20,min=+1.939e-12,slack=+9.906e-16)
[RMPCC 0024] OK solve=135.3ms pose=(0.119,0.552,-0.671) u=(0.087,0.735) s=0.265 PSDFmin=+0.01105 G=OK(+0.01059) MF=OK(active=19/20,min=+2.847e-11,slack=+1.487e-14)
[RMPCC 0025] OK solve=251.9ms pose=(0.126,0.547,-0.597) u=(0.043,0.960) s=0.267 PSDFmin=-0.003467 G=OK(+0.0122) MF=OK(active=19/20,min=+8.099e-15,slack=+1.058e-16)
[RMPCC 0026] OK solve=243.4ms pose=(0.130,0.544,-0.501) u=(0.089,0.903) s=0.271 PSDFmin=+0.01458 G=OK(+0.01301) MF=OK(active=8/20,min=-2.697e-14,slack=+3.494e-12)
[RMPCC 0027] OK solve=130.9ms pose=(0.138,0.540,-0.411) u=(0.065,0.437) s=0.281 PSDFmin=+0.006463 G=OK(+0.01446) MF=OK(active=19/20,min=+1.5e-10,slack=+4.291e-13)
[RMPCC 0028] OK solve=124.3ms pose=(0.144,0.537,-0.367) u=(0.126,0.799) s=0.286 PSDFmin=+0.0169 G=OK(+0.01571) MF=OK(active=19/20,min=+8.656e-15,slack=+2.185e-16)
[RMPCC 0029] OK solve=131.4ms pose=(0.155,0.533,-0.288) u=(0.064,0.645) s=0.299 PSDFmin=+0.002197 G=OK(+7.827e-15) MF=OK(active=19/20,min=+1.62e-14,slack=+2.158e-16)
[RMPCC 0030] OK solve=115.1ms pose=(0.162,0.531,-0.223) u=(0.144,0.807) s=0.305 PSDFmin=+0.00434 G=OK(+0.02038) MF=OK(active=19/20,min=+9.933e-14,slack=+7.58e-17)
[RMPCC 0031] OK solve=123.5ms pose=(0.176,0.528,-0.142) u=(0.146,0.370) s=0.320 PSDFmin=+0.02193 G=OK(+0.02289) MF=OK(active=19/20,min=+1.056e-10,slack=+8.05e-14)
[RMPCC 0032] OK solve=126.5ms pose=(0.190,0.526,-0.105) u=(0.141,0.126) s=0.331 PSDFmin=+0.01281 G=OK(+0.01163) MF=OK(active=19/20,min=+3.226e-13,slack=+7.49e-15)
[RMPCC 0033] OK solve=126.8ms pose=(0.204,0.524,-0.093) u=(0.136,0.960) s=0.344 PSDFmin=+0.001265 G=OK(+5.594e-11) MF=OK(active=19/20,min=+0.07082,slack=+1.182e-13)
[RMPCC 0034] OK solve=121.3ms pose=(0.218,0.523,0.003) u=(0.157,0.426) s=0.356 PSDFmin=+0.004066 G=OK(+2.109e-15) MF=OK(active=19/20,min=+8.266e-14,slack=+5.985e-17)
[RMPCC 0035] OK solve=130.5ms pose=(0.233,0.523,0.046) u=(0.136,0.119) s=0.371 PSDFmin=+0.001035 G=OK(+3.854e-10) MF=OK(active=19/20,min=+1.859e-11,slack=+1.674e-13)
[RMPCC 0036] OK solve=133.5ms pose=(0.247,0.524,0.058) u=(0.131,0.283) s=0.384 PSDFmin=+0.001119 G=OK(+1.987e-14) MF=OK(active=19/20,min=+1.006e-14,slack=+6.403e-17)
[RMPCC 0037] OK solve=128.1ms pose=(0.260,0.524,0.086) u=(0.127,0.299) s=0.397 PSDFmin=+0.00103 G=OK(+5.163e-15) MF=OK(active=19/20,min=+1.203e-14,slack=+3.491e-17)
[RMPCC 0038] OK solve=114.2ms pose=(0.273,0.526,0.116) u=(0.121,0.384) s=0.410 PSDFmin=+0.001037 G=OK(+6.417e-14) MF=OK(active=19/20,min=+1.719e-13,slack=+5.258e-16)
[RMPCC 0039] OK solve=128.6ms pose=(0.285,0.527,0.154) u=(0.116,0.433) s=0.422 PSDFmin=+0.001025 G=OK(+1.554e-15) MF=OK(active=19/20,min=+7.121e-15,slack=+1.601e-17)
[RMPCC 0040] OK solve=129.6ms pose=(0.296,0.529,0.198) u=(0.109,0.482) s=0.432 PSDFmin=+0.001029 G=OK(+2.043e-14) MF=OK(active=19/20,min=+5.714e-14,slack=+2.985e-16)
[RMPCC 0041] OK solve=121.7ms pose=(0.307,0.531,0.246) u=(0.106,0.486) s=0.444 PSDFmin=+0.001018 G=OK(+1.423e-12) MF=OK(active=19/20,min=+9.151e-12,slack=+2.054e-14)
[RMPCC 0042] OK solve=129.1ms pose=(0.317,0.533,0.294) u=(0.103,0.414) s=0.454 PSDFmin=+0.001017 G=OK(+3.553e-15) MF=OK(active=19/20,min=+2.847e-14,slack=+4.792e-17)
[RMPCC 0043] OK solve=114.6ms pose=(0.327,0.536,0.336) u=(0.096,0.366) s=0.461 PSDFmin=+0.001014 G=OK(+2.331e-15) MF=OK(active=19/20,min=+1.424e-14,slack=+2.965e-17)
[RMPCC 0044] OK solve=138.1ms pose=(0.336,0.540,0.372) u=(0.093,0.318) s=0.471 PSDFmin=+0.001014 G=OK(+1.207e-13) MF=OK(active=19/20,min=+7.547e-13,slack=+1.512e-15)
[RMPCC 0045] OK solve=136.6ms pose=(0.344,0.543,0.404) u=(0.092,0.281) s=0.482 PSDFmin=+0.001013 G=OK(+6.777e-13) MF=OK(active=19/20,min=+3.724e-12,slack=+8.442e-15)
[RMPCC 0046] OK solve=119.6ms pose=(0.353,0.547,0.432) u=(0.086,0.249) s=0.489 PSDFmin=+0.001012 G=OK(+4.33e-15) MF=OK(active=19/20,min=+3.559e-14,slack=+6.351e-17)
[RMPCC 0047] OK solve=120.3ms pose=(0.361,0.550,0.457) u=(0.083,0.219) s=0.498 PSDFmin=+0.001012 G=OK(+4.265e-12) MF=OK(active=19/20,min=+5.011e-11,slack=+9.524e-14)
[RMPCC 0048] OK solve=130.4ms pose=(0.368,0.554,0.479) u=(0.079,0.195) s=0.506 PSDFmin=+0.001011 G=OK(+4.402e-13) MF=OK(active=19/20,min=+4.514e-12,slack=+9.868e-15)
[RMPCC 0049] OK solve=131.0ms pose=(0.375,0.557,0.499) u=(0.076,0.173) s=0.514 PSDFmin=+0.001011 G=OK(+1.439e-13) MF=OK(active=19/20,min=+1.588e-12,slack=+3.273e-15)
[RMPCC 0050] OK solve=125.5ms pose=(0.382,0.561,0.516) u=(0.073,0.154) s=0.521 PSDFmin=+0.001011 G=OK(+1.776e-15) MF=OK(active=19/20,min=+2.136e-14,slack=+4.349e-17)
[RMPCC 0051] OK solve=119.3ms pose=(0.388,0.565,0.531) u=(0.071,0.137) s=0.529 PSDFmin=+0.00101 G=OK(+3.145e-12) MF=OK(active=19/20,min=+4.266e-11,slack=+8.069e-14)
[RMPCC 0052] OK solve=129.1ms pose=(0.394,0.568,0.545) u=(0.068,0.122) s=0.536 PSDFmin=+0.00101 G=OK(+2.22e-15) MF=OK(active=19/20,min=+3.558e-14,slack=+5.472e-17)
[RMPCC 0053] OK solve=114.4ms pose=(0.400,0.572,0.557) u=(0.068,0.108) s=0.544 PSDFmin=+0.00101 G=OK(+4.441e-16) MF=OK(active=19/20,min=+7.129e-15,slack=+2.341e-17)
[RMPCC 0054] OK solve=135.7ms pose=(0.406,0.575,0.568) u=(0.063,0.099) s=0.549 PSDFmin=+0.00101 G=OK(+1.332e-15) MF=OK(active=19/20,min=+1.427e-14,slack=+6.036e-17)
[RMPCC 0055] OK solve=129.2ms pose=(0.411,0.579,0.578) u=(0.069,0.086) s=0.561 PSDFmin=+0.001011 G=OK(+7.888e-11) MF=OK(active=19/20,min=+2.16e-09,slack=+2.969e-12)
[RMPCC 0056] OK solve=122.6ms pose=(0.417,0.583,0.587) u=(0.058,0.085) s=0.563 PSDFmin=+0.001009 G=OK(+3.813e-13) MF=OK(active=19/20,min=-5.282e-13,slack=+1.918e-14)
[RMPCC 0057] OK solve=119.4ms pose=(0.422,0.586,0.595) u=(0.057,0.067) s=0.567 PSDFmin=+0.001008 G=OK(+9.992e-14) MF=OK(active=19/20,min=+4.069e-12,slack=+4.988e-15)
[RMPCC 0058] OK solve=129.5ms pose=(0.427,0.589,0.602) u=(0.063,0.063) s=0.580 PSDFmin=+0.00101 G=OK(+1.012e-11) MF=OK(active=19/20,min=-3.888e-11,slack=+4.288e-13)
[RMPCC 0059] OK solve=144.6ms pose=(0.432,0.593,0.608) u=(0.054,0.062) s=0.582 PSDFmin=+0.001009 G=OK(+1.443e-15) MF=OK(active=19/20,min=+5.691e-14,slack=+6.929e-17)
[RMPCC 0060] OK solve=119.0ms pose=(0.436,0.596,0.614) u=(0.051,0.048) s=0.584 PSDFmin=+0.001009 G=OK(+1.492e-13) MF=OK(active=19/20,min=+4.574e-12,slack=+4.978e-15)
[RMPCC 0061] OK solve=132.1ms pose=(0.440,0.599,0.619) u=(0.062,0.041) s=0.599 PSDFmin=+0.001011 G=OK(+7.772e-16) MF=OK(active=19/20,min=+2.134e-14,slack=+2.335e-17)
[RMPCC 0062] OK solve=145.7ms pose=(0.446,0.602,0.623) u=(0.053,0.050) s=0.602 PSDFmin=+0.001012 G=OK(+1.554e-15) MF=OK(active=19/20,min=+4.979e-14,slack=+5.067e-17)
[RMPCC 0063] OK solve=136.7ms pose=(0.450,0.605,0.628) u=(0.050,0.033) s=0.602 PSDFmin=+0.001012 G=OK(+2.998e-15) MF=OK(active=19/20,min=+9.247e-14,slack=+9.59e-17)
[RMPCC 0064] OK solve=117.0ms pose=(0.454,0.608,0.631) u=(0.046,0.039) s=0.605 PSDFmin=+0.001012 G=OK(+9.992e-16) MF=OK(active=19/20,min=+4.267e-14,slack=+3.598e-17)
[RMPCC 0065] OK solve=123.1ms pose=(0.458,0.611,0.635) u=(0.061,0.023) s=0.620 PSDFmin=+0.0005844 G=OK(+3.433e-13) MF=OK(active=19/20,min=+9.863e-12,slack=+1.473e-14)
[RMPCC 0066] OK solve=125.4ms pose=(0.462,0.615,0.637) u=(0.050,-0.032) s=0.623 PSDFmin=+0.001002 G=OK(+1.998e-15) MF=OK(active=19/20,min=+3.556e-14,slack=+3.045e-17)
[RMPCC 0067] OK solve=130.8ms pose=(0.466,0.617,0.634) u=(0.047,-0.044) s=0.624 PSDFmin=+0.001001 G=OK(+2.165e-14) MF=OK(active=19/20,min=+2.562e-13,slack=+3.759e-16)
[RMPCC 0068] OK solve=141.6ms pose=(0.470,0.620,0.630) u=(0.041,-0.050) s=0.624 PSDFmin=+0.001001 G=OK(+1.812e-11) MF=OK(active=19/20,min=+2.864e-10,slack=+3.937e-13)
[RMPCC 0069] OK solve=130.8ms pose=(0.474,0.623,0.625) u=(0.042,-0.063) s=0.628 PSDFmin=+0.001002 G=OK(+2.509e-14) MF=OK(active=19/20,min=+4.34e-13,slack=+5.874e-16)
[RMPCC 0070] OK solve=126.4ms pose=(0.477,0.625,0.619) u=(0.055,-0.065) s=0.643 PSDFmin=+0.001004 G=OK(+4.11e-11) MF=OK(active=19/20,min=+6.055e-10,slack=+7.794e-13)
[RMPCC 0071] OK solve=135.5ms pose=(0.481,0.628,0.612) u=(0.049,-0.052) s=0.646 PSDFmin=+0.001005 G=OK(+2.29e-13) MF=OK(active=19/20,min=+3.358e-12,slack=+4.657e-15)
[RMPCC 0072] OK solve=130.8ms pose=(0.485,0.631,0.607) u=(0.047,-0.056) s=0.647 PSDFmin=+0.001006 G=OK(+2.887e-15) MF=OK(active=19/20,min=+4.979e-14,slack=+4.978e-17)
[RMPCC 0073] OK solve=133.3ms pose=(0.489,0.634,0.601) u=(0.044,-0.038) s=0.647 PSDFmin=+0.001009 G=OK(+6.185e-13) MF=OK(active=19/20,min=+8.499e-12,slack=+1.542e-14)
[RMPCC 0074] OK solve=124.4ms pose=(0.493,0.636,0.598) u=(0.045,-0.031) s=0.651 PSDFmin=+0.001016 G=OK(+3.542e-14) MF=OK(active=19/20,min=+1.352e-12,slack=+1.677e-15)
[RMPCC 0075] OK solve=123.0ms pose=(0.497,0.639,0.594) u=(0.058,-0.016) s=0.666 PSDFmin=+0.001056 G=OK(+4.431e-11) MF=OK(active=19/20,min=+6.8e-10,slack=+1.134e-12)
[RMPCC 0076] OK solve=126.8ms pose=(0.501,0.642,0.593) u=(0.053,0.107) s=0.670 PSDFmin=+0.001119 G=OK(+1.887e-15) MF=OK(active=19/20,min=+8.906e-15,slack=+2.416e-17)
[RMPCC 0077] OK solve=247.6ms pose=(0.506,0.645,0.604) u=(0.041,0.146) s=0.671 PSDFmin=+0.00247 G=OK(+6.283e-09) MF=OK(active=19/20,min=+5.075e-08,slack=+2.874e-11)
[RMPCC 0078] OK solve=268.8ms pose=(0.509,0.647,0.618) u=(0.047,0.294) s=0.672 PSDFmin=+0.01071 G=OK(+0.0143) MF=OK(active=17/20,min=+0.2,slack=+2.07e-12)
[RMPCC 0079] OK solve=140.0ms pose=(0.513,0.650,0.648) u=(0.034,0.142) s=0.674 PSDFmin=+0.01624 G=OK(+0.01523) MF=OK(active=19/20,min=+0.1689,slack=+3.436e-17)
[RMPCC 0080] OK solve=121.6ms pose=(0.516,0.652,0.662) u=(0.066,0.036) s=0.677 PSDFmin=+0.006587 G=OK(+0.005566) MF=OK(active=19/20,min=+1.888e-15,slack=+1.222e-16)
[RMPCC 0081] OK solve=127.8ms pose=(0.521,0.656,0.665) u=(0.113,-0.438) s=0.693 PSDFmin=+0.006652 G=OK(+0.005575) MF=OK(active=19/20,min=+4.683e-10,slack=+1.139e-13)
[RMPCC 0082] OK solve=133.8ms pose=(0.530,0.663,0.622) u=(0.072,-0.966) s=0.698 PSDFmin=+0.002116 G=OK(+0.0008796) MF=OK(active=19/20,min=+9.597e-14,slack=+4.477e-17)
[RMPCC 0083] OK solve=128.3ms pose=(0.536,0.667,0.525) u=(0.082,-1.200) s=0.701 PSDFmin=+0.005897 G=OK(+0.006448) MF=OK(active=19/20,min=+6.054e-11,slack=+5.624e-15)
[RMPCC 0084] OK solve=123.8ms pose=(0.543,0.672,0.405) u=(0.111,-0.613) s=0.709 PSDFmin=+0.003619 G=OK(+0.005485) MF=OK(active=19/20,min=+3.347e-09,slack=+4.974e-12)
[RMPCC 0085] OK solve=120.7ms pose=(0.553,0.676,0.344) u=(0.118,-1.200) s=0.724 PSDFmin=-0.02749 G=OK(+0.0088) MF=OK(active=19/20,min=+8.241e-14,slack=+6.938e-16)
[RMPCC 0086] OK solve=129.0ms pose=(0.564,0.680,0.224) u=(0.105,-0.944) s=0.732 PSDFmin=-0.01673 G=OK(+1.144e-07) MF=OK(active=6/20,min=+0.194,slack=+1.07e-11)
[RMPCC 0087] OK solve=119.6ms pose=(0.574,0.682,0.129) u=(0.155,-0.429) s=0.742 PSDFmin=-0.002735 G=OK(+1.699e-14) MF=OK(active=18/20,min=+2.945e-13,slack=+1.37e-15)
[RMPCC 0088] OK solve=243.4ms pose=(0.590,0.684,0.087) u=(0.084,-1.200) s=0.758 PSDFmin=-0.02012 G=OK(+2.109e-15) MF=OK(active=16/20,min=+2.699e-15,slack=+0.01113)
[RMPCC 0089] OK solve=396.7ms pose=(0.598,0.685,-0.033) u=(0.113,-0.581) s=0.766 PSDFmin=-0.02106 G=OK(+7.695e-10) MF=OK(active=3/20,min=+0.2,slack=+8.459e-12)
[RMPCC 0090] OK solve=245.7ms pose=(0.609,0.685,-0.092) u=(0.127,-0.233) s=0.776 PSDFmin=-0.008822 G=OK(+5.551e-16) MF=OK(active=17/20,min=+2.134e-14,slack=+2.49e-17)
[RMPCC 0091] OK solve=128.2ms pose=(0.622,0.683,-0.115) u=(0.086,-0.283) s=0.788 PSDFmin=-0.03177 G=OK(+0.01147) MF=OK(active=13/20,min=+1.226e-12,slack=+2.421e-15)
[RMPCC 0092] OK solve=121.0ms pose=(0.630,0.682,-0.143) u=(0.132,-0.023) s=0.796 PSDFmin=+0.004705 G=OK(+3.886e-15) MF=OK(active=17/20,min=+8.9e-14,slack=+1.824e-16)
[RMPCC 0093] OK solve=248.5ms pose=(0.644,0.681,-0.146) u=(0.172,1.115) s=0.807 PSDFmin=+0.009345 G=OK(+0.007836) MF=OK(active=19/20,min=+8.977e-13,slack=+3.434e-14)
[RMPCC 0094] OK solve=367.1ms pose=(0.661,0.678,-0.034) u=(0.119,0.697) s=0.816 PSDFmin=+0.003517 G=OK(+1.249e-12) MF=OK(active=17/20,min=+9.23e-12,slack=+2e-14)
[RMPCC 0095] OK solve=386.6ms pose=(0.672,0.678,0.036) u=(0.099,0.314) s=0.828 PSDFmin=+0.006964 G=OK(+0.00597) MF=OK(active=17/20,min=+1.957e-14,slack=+3.341e-17)
[RMPCC 0096] OK solve=356.4ms pose=(0.682,0.678,0.067) u=(0.099,0.071) s=0.838 PSDFmin=-0.01429 G=OK(+0.01686) MF=OK(active=18/20,min=+4.122e-12,slack=+1.193e-14)
[RMPCC 0097] OK solve=366.3ms pose=(0.692,0.679,0.074) u=(0.128,-0.618) s=0.848 PSDFmin=+0.001924 G=OK(+1.998e-15) MF=OK(active=9/20,min=+6.308e-14,slack=+2.417e-17)
[RMPCC 0098] OK solve=370.2ms pose=(0.705,0.680,0.012) u=(0.064,-1.200) s=0.861 PSDFmin=-0.03946 G=OK(+0.01109) MF=OK(active=18/20,min=+1.68e-11,slack=+2.234e-12)
[RMPCC 0099] OK solve=392.4ms pose=(0.711,0.680,-0.108) u=(0.087,-1.112) s=0.867 PSDFmin=-0.02285 G=OK(+0.006129) MF=OK(active=13/20,min=+3.412e-10,slack=+2.888e-13)
[RMPCC 0100] OK solve=367.7ms pose=(0.720,0.679,-0.219) u=(0.145,-0.519) s=0.876 PSDFmin=-0.006261 G=OK(+0.005216) MF=OK(active=12/20,min=+1.619e-12,slack=+5.573e-15)
[RMPCC 0101] OK solve=396.5ms pose=(0.734,0.676,-0.271) u=(0.077,-0.801) s=0.890 PSDFmin=-0.02747 G=OK(+0.007639) MF=OK(active=11/20,min=+2.855e-14,slack=+1.312e-16)
[RMPCC 0102] OK solve=370.5ms pose=(0.742,0.674,-0.351) u=(0.162,-0.291) s=0.897 PSDFmin=+0.001029 G=OK(+7.39e-12) MF=OK(active=17/20,min=+2.661e-11,slack=+1.091e-13)
[RMPCC 0103] OK solve=373.0ms pose=(0.757,0.668,-0.380) u=(0.081,-1.200) s=0.912 PSDFmin=+0.005219 G=OK(+0.007951) MF=OK(active=16/20,min=+3.202e-13,slack=+7.547e-15)
[RMPCC 0104] OK solve=390.0ms pose=(0.764,0.665,-0.500) u=(0.122,-0.539) s=0.918 PSDFmin=+0.0008625 G=OK(+8.344e-13) MF=OK(active=18/20,min=+1.063e-11,slack=+4.778e-14)
[RMPCC 0105] OK solve=385.6ms pose=(0.775,0.659,-0.554) u=(0.069,-0.585) s=0.928 PSDFmin=+0.00107 G=OK(+6.883e-15) MF=OK(active=16/20,min=+1.422e-13,slack=+1.397e-16)
[RMPCC 0106] OK solve=379.3ms pose=(0.781,0.655,-0.612) u=(0.034,-0.853) s=0.937 PSDFmin=+0.003563 G=OK(+0.0127) MF=OK(active=17/20,min=+4.125e-11,slack=+1.905e-13)
[RMPCC 0107] OK solve=284.6ms pose=(0.784,0.653,-0.698) u=(0.071,-0.404) s=0.938 PSDFmin=-0.02983 G=OK(+0.01408) MF=OK(active=14/20,min=+3.19e-10,slack=+8.266e-13)
[RMPCC 0108] OK solve=132.0ms pose=(0.789,0.649,-0.738) u=(0.092,-0.106) s=0.945 PSDFmin=+0.006586 G=OK(+0.007822) MF=OK(active=16/20,min=+5.709e-11,slack=+1.142e-13)
[RMPCC 0109] OK solve=254.4ms pose=(0.796,0.643,-0.749) u=(0.046,-0.907) s=0.954 PSDFmin=+0.006319 G=OK(+5.218e-15) MF=OK(active=19/20,min=+1.782e-14,slack=+5.798e-17)
[RMPCC 0110] OK solve=251.1ms pose=(0.799,0.640,-0.839) u=(0.105,-0.505) s=0.959 PSDFmin=+0.001312 G=OK(+4.441e-16) MF=OK(active=15/20,min=+1.018e-14,slack=+2.023e-17)
[RMPCC 0111] OK solve=123.6ms pose=(0.806,0.632,-0.890) u=(0.053,-0.253) s=0.969 PSDFmin=-0.001582 G=OK(+0.007895) MF=OK(active=19/20,min=+8.791e-10,slack=+1.378e-12)
[RMPCC 0112] OK solve=243.9ms pose=(0.810,0.628,-0.915) u=(0.027,-0.127) s=0.974 PSDFmin=-0.02276 G=OK(+0.003532) MF=OK(active=17/20,min=+2.203e-15,slack=+3.979e-15)
[RMPCC 0113] OK solve=357.9ms pose=(0.811,0.626,-0.928) u=(0.054,-0.013) s=0.980 PSDFmin=+0.002006 G=OK(+0.0005834) MF=OK(active=7/20,min=+1.232e-10,slack=+2e-13)
[RMPCC 0114] OK solve=363.7ms pose=(0.815,0.621,-0.929) u=(0.067,-0.211) s=0.982 PSDFmin=-0.02292 G=OK(+0.009953) MF=OK(active=18/20,min=+4.656e-14,slack=+3.794e-16)
[RMPCC 0115] OK solve=385.1ms pose=(0.819,0.616,-0.950) u=(0.063,-0.133) s=0.988 PSDFmin=-0.00799 G=OK(+0.00245) MF=OK(active=8/20,min=-9.913e-14,slack=+1.456e-14)
[RMPCC 0116] OK solve=240.5ms pose=(0.822,0.611,-0.964) u=(0.053,-0.019) s=0.996 PSDFmin=-0.01129 G=OK(+0.00894) MF=OK(active=11/20,min=+1.07e-14,slack=+3.88e-17)
[RMPCC 0117] OK solve=255.5ms pose=(0.825,0.606,-0.965) u=(0.083,0.286) s=0.999 PSDFmin=-0.004416 G=OK(+0.002403) MF=OK(active=8/20,min=+2.846e-14,slack=+3.718e-17)
[RMPCC 0118] OK solve=240.5ms pose=(0.830,0.600,-0.937) u=(0.129,0.592) s=1.012 PSDFmin=+0.006257 G=OK(+0.003882) MF=OK(active=6/20,min=+1.068e-14,slack=+2.11e-17)
[RMPCC 0119] OK solve=240.3ms pose=(0.838,0.589,-0.878) u=(0.260,1.200) s=1.020 PSDFmin=-0.03154 G=OK(+4.676e-12) MF=OK(active=19/20,min=+7.338e-13,slack=+4.567e-13)
[RMPCC 0120] OK solve=389.0ms pose=(0.854,0.569,-0.758) u=(0.135,0.778) s=1.048 PSDFmin=-0.07433 G=OK(+0.00667) MF=OK(active=12/20,min=+1.852e-13,slack=+1.124e-14)
[RMPCC 0121] OK solve=377.0ms pose=(0.864,0.560,-0.680) u=(0.104,0.643) s=1.058 PSDFmin=+0.008675 G=OK(+8.882e-16) MF=OK(active=11/20,min=+1.425e-14,slack=+3.431e-17)
[RMPCC 0122] OK solve=355.5ms pose=(0.872,0.553,-0.616) u=(0.129,0.897) s=1.069 PSDFmin=-0.000409 G=OK(+4.707e-14) MF=OK(active=16/20,min=+4.034e-11,slack=+8.005e-14)
[RMPCC 0123] OK solve=249.9ms pose=(0.883,0.546,-0.526) u=(0.066,0.686) s=1.082 PSDFmin=-0.004305 G=OK(+0.002699) MF=OK(active=13/20,min=+1.837e-09,slack=+1.691e-12)
[RMPCC 0124] OK solve=259.7ms pose=(0.888,0.543,-0.457) u=(0.134,1.189) s=1.088 PSDFmin=+0.001278 G=OK(+1.389e-15) MF=OK(active=19/20,min=+2.136e-14,slack=+4.329e-17)
[RMPCC 0125] OK solve=379.7ms pose=(0.900,0.537,-0.338) u=(0.098,0.565) s=1.101 PSDFmin=-0.0005278 G=OK(+0.01465) MF=OK(active=18/20,min=+8.982e-13,slack=+4.656e-15)
[RMPCC 0126] OK solve=263.3ms pose=(0.910,0.533,-0.282) u=(0.081,1.086) s=1.111 PSDFmin=-0.0112 G=OK(+1.29e-10) MF=OK(active=16/20,min=+6.369e-09,slack=+3.208e-12)
[RMPCC 0127] OK solve=114.9ms pose=(0.917,0.531,-0.173) u=(0.084,0.564) s=1.112 PSDFmin=-0.02125 G=OK(+3.598e-11) MF=OK(active=6/20,min=+3.33e-09,slack=+1.76e-12)
[RMPCC 0128] OK solve=239.2ms pose=(0.926,0.530,-0.117) u=(0.224,1.200) s=1.125 PSDFmin=+0.0002844 G=OK(+5.013e-12) MF=OK(active=13/20,min=+7.228e-12,slack=+4.421e-13)
[RMPCC 0129] OK solve=243.1ms pose=(0.948,0.527,0.003) u=(0.163,1.144) s=1.141 PSDFmin=-0.01619 G=OK(+0.004225) MF=OK(active=17/20,min=+6.222e-12,slack=+1.581e-14)
[RMPCC 0130] OK solve=242.3ms pose=(0.964,0.527,0.118) u=(0.104,0.545) s=1.157 PSDFmin=-0.01785 G=OK(+0.003142) MF=OK(active=6/20,min=+3.58e-07,slack=+1.501e-10)
[RMPCC 0131] OK solve=281.6ms pose=(0.975,0.528,0.172) u=(0.053,0.271) s=1.168 PSDFmin=-0.003118 G=OK(+8.993e-15) MF=OK(active=15/20,min=+1.736e-13,slack=+4.522e-16)
[RMPCC 0132] OK solve=274.8ms pose=(0.980,0.529,0.199) u=(0.125,-0.020) s=1.173 PSDFmin=+0.0008579 G=OK(+1.717e-09) MF=OK(active=17/20,min=+8.596e-09,slack=+3.111e-11)
[RMPCC 0133] OK solve=372.1ms pose=(0.992,0.532,0.197) u=(0.062,-0.478) s=1.185 PSDFmin=-0.0002678 G=OK(+6.217e-15) MF=OK(active=16/20,min=+3.56e-14,slack=+7.735e-17)
[RMPCC 0134] OK solve=256.4ms pose=(0.998,0.533,0.149) u=(0.080,-0.273) s=1.191 PSDFmin=-0.0001989 G=OK(+1.887e-14) MF=OK(active=16/20,min=+4.519e-13,slack=+7.112e-16)
[RMPCC 0135] OK solve=129.2ms pose=(1.006,0.534,0.122) u=(0.072,-0.193) s=1.199 PSDFmin=-0.003808 G=OK(+0.01002) MF=OK(active=16/20,min=+5.735e-13,slack=+1.526e-15)
[RMPCC 0136] OK solve=241.3ms pose=(1.013,0.535,0.103) u=(0.117,0.141) s=1.206 PSDFmin=+0.002281 G=OK(+7.636e-11) MF=OK(active=16/20,min=+1.046e-09,slack=+3.535e-12)
[RMPCC 0137] OK solve=359.5ms pose=(1.025,0.536,0.117) u=(0.062,0.896) s=1.218 PSDFmin=+0.005093 G=OK(+2.234e-12) MF=OK(active=18/20,min=+9.597e-13,slack=+9.326e-15)
[RMPCC 0138] OK solve=378.6ms pose=(1.031,0.537,0.206) u=(0.152,0.382) s=1.224 PSDFmin=+0.00138 G=OK(+1.381e-13) MF=OK(active=17/20,min=+1.231e-12,slack=+2.06e-15)
[RMPCC 0139] OK solve=377.8ms pose=(1.046,0.540,0.245) u=(0.076,0.756) s=1.239 PSDFmin=+0.005211 G=OK(+3.348e-05) MF=OK(active=16/20,min=+6.223e-12,slack=+1.088e-12)
[RMPCC 0140] OK solve=387.2ms pose=(1.053,0.542,0.320) u=(0.091,0.407) s=1.246 PSDFmin=+0.003096 G=OK(+0.003961) MF=OK(active=16/20,min=+2.266e-09,slack=+5.779e-12)
[RMPCC 0141] OK solve=396.7ms pose=(1.062,0.545,0.361) u=(0.067,1.078) s=1.256 PSDFmin=+0.00543 G=OK(+0.00014) MF=OK(active=15/20,min=+3.436e-14,slack=+6.14e-16)
[RMPCC 0142] OK solve=376.2ms pose=(1.068,0.547,0.469) u=(0.104,0.501) s=1.263 PSDFmin=+0.009794 G=OK(+0.008521) MF=OK(active=14/20,min=+2.776e-11,slack=+3.26e-14)
[RMPCC 0143] OK solve=349.7ms pose=(1.077,0.552,0.519) u=(0.052,0.561) s=1.274 PSDFmin=-0.002049 G=OK(+0.001084) MF=OK(active=17/20,min=+3.523e-09,slack=+7.926e-12)
[RMPCC 0144] OK solve=375.5ms pose=(1.082,0.554,0.575) u=(0.107,0.715) s=1.279 PSDFmin=+0.007188 G=OK(+0.003345) MF=OK(active=14/20,min=+2.638e-13,slack=+9.049e-16)
[RMPCC 0145] OK solve=239.6ms pose=(1.091,0.560,0.646) u=(0.056,0.355) s=1.289 PSDFmin=-0.02333 G=OK(+0.002598) MF=OK(active=18/20,min=+6.171e-13,slack=+7.326e-16)
[RMPCC 0146] OK solve=249.6ms pose=(1.095,0.564,0.682) u=(0.079,0.766) s=1.295 PSDFmin=+0.002825 G=OK(+0.00521) MF=OK(active=15/20,min=+1.367e-12,slack=+2.587e-15)
[RMPCC 0147] OK solve=366.8ms pose=(1.101,0.569,0.758) u=(0.040,0.382) s=1.302 PSDFmin=-0.009908 G=OK(+5.063e-14) MF=OK(active=18/20,min=+8.691e-13,slack=+5.757e-15)
[RMPCC 0148] OK solve=378.7ms pose=(1.104,0.571,0.797) u=(0.106,0.400) s=1.307 PSDFmin=+0.002646 G=OK(+0.003428) MF=OK(active=11/20,min=+3.906e-10,slack=+5.642e-13)
[RMPCC 0149] OK solve=370.9ms pose=(1.112,0.579,0.837) u=(0.053,0.200) s=1.317 PSDFmin=-0.007436 G=OK(+0.006927) MF=OK(active=18/20,min=+1.265e-13,slack=+3.301e-16)
[RMPCC 0150] OK solve=256.5ms pose=(1.115,0.583,0.857) u=(0.088,0.199) s=1.323 PSDFmin=-0.006561 G=OK(+0.002871) MF=OK(active=9/20,min=+8.346e-13,slack=+1.506e-15)
[RMPCC 0151] OK solve=136.2ms pose=(1.121,0.590,0.877) u=(0.069,0.054) s=1.331 PSDFmin=-0.02322 G=OK(+2.217e-12) MF=OK(active=13/20,min=+5.021e-12,slack=+1.743e-14)
[RMPCC 0152] OK solve=142.5ms pose=(1.126,0.595,0.882) u=(0.114,-0.062) s=1.338 PSDFmin=-0.001954 G=OK(+0.00239) MF=OK(active=7/20,min=+4.839e-13,slack=+7.503e-16)
[RMPCC 0153] OK solve=128.2ms pose=(1.133,0.604,0.876) u=(0.144,-0.515) s=1.349 PSDFmin=-0.02477 G=OK(+0.004429) MF=OK(active=15/20,min=+6.173e-11,slack=+1.403e-13)
[RMPCC 0154] OK solve=129.0ms pose=(1.142,0.615,0.824) u=(0.135,-0.630) s=1.363 PSDFmin=-0.002197 G=OK(+0.001888) MF=OK(active=6/20,min=+1.138e-13,slack=+7.067e-17)
[RMPCC 0155] OK solve=117.2ms pose=(1.151,0.625,0.761) u=(0.107,-0.284) s=1.376 PSDFmin=-0.02018 G=OK(+0.004934) MF=OK(active=15/20,min=+8.236e-12,slack=+1.345e-14)
[RMPCC 0156] OK solve=122.6ms pose=(1.159,0.632,0.733) u=(0.083,-0.909) s=1.387 PSDFmin=+0.002657 G=OK(+0.003489) MF=OK(active=5/20,min=+7.413e-10,slack=+6.156e-13)
[RMPCC 0157] OK solve=129.1ms pose=(1.165,0.638,0.642) u=(0.043,-0.454) s=1.395 PSDFmin=-0.02408 G=OK(+3.697e-13) MF=OK(active=19/20,min=+3.051e-13,slack=+1.38e-15)
[RMPCC 0158] OK solve=114.8ms pose=(1.168,0.640,0.597) u=(0.129,-1.019) s=1.399 PSDFmin=+0.00588 G=OK(+0.004158) MF=OK(active=7/20,min=+4.063e-08,slack=+2.698e-11)
[RMPCC 0159] OK solve=233.4ms pose=(1.179,0.647,0.495) u=(0.070,-0.505) s=1.412 PSDFmin=-0.0346 G=OK(+0.005804) MF=OK(active=19/20,min=-3.534e-15,slack=+0.06907)
[RMPCC 0160] OK solve=371.6ms pose=(1.185,0.651,0.444) u=(0.104,-1.200) s=1.419 PSDFmin=-0.02794 G=OK(+3.217e-13) MF=OK(active=7/20,min=+2.495e-12,slack=+2.994e-15)
[RMPCC 0161] OK solve=257.7ms pose=(1.195,0.655,0.324) u=(0.122,-0.553) s=1.429 PSDFmin=-0.005447 G=OK(+2.699e-13) MF=OK(active=14/20,min=-6.612e-15,slack=+2.273e-15)
[RMPCC 0162] OK solve=113.3ms pose=(1.206,0.659,0.269) u=(0.089,-1.125) s=1.441 PSDFmin=-0.006336 G=OK(+0.01113) MF=OK(active=12/20,min=+9.841e-12,slack=+3.749e-14)
[RMPCC 0163] OK solve=119.6ms pose=(1.215,0.661,0.156) u=(0.122,-0.578) s=1.449 PSDFmin=-0.0153 G=OK(+0.01331) MF=OK(active=12/20,min=+6.046e-14,slack=+6.896e-17)
[RMPCC 0164] OK solve=124.3ms pose=(1.227,0.663,0.099) u=(0.064,-0.284) s=1.458 PSDFmin=-0.007186 G=OK(+0.01225) MF=OK(active=10/20,min=-2.124e-14,slack=+0.01607)
[RMPCC 0165] OK solve=240.4ms pose=(1.233,0.664,0.070) u=(0.169,0.110) s=1.465 PSDFmin=-0.002859 G=OK(+6.661e-16) MF=OK(active=11/20,min=+1.814e-15,slack=+3.775e-17)
[RMPCC 0166] OK solve=359.0ms pose=(1.250,0.665,0.081) u=(0.085,0.058) s=1.482 PSDFmin=+0.00436 G=OK(+1.364e-10) MF=OK(active=14/20,min=+7.881e-10,slack=+1.209e-12)
[RMPCC 0167] OK solve=250.7ms pose=(1.259,0.666,0.087) u=(0.110,0.551) s=1.490 PSDFmin=+0.002965 G=OK(+1.411e-11) MF=OK(active=17/20,min=+1.659e-11,slack=+5.734e-14)
[RMPCC 0168] OK solve=122.3ms pose=(1.270,0.667,0.142) u=(0.095,0.278) s=1.505 PSDFmin=+0.01113 G=OK(+2.442e-15) MF=OK(active=19/20,min=+1.069e-14,slack=+3.306e-17)
[RMPCC 0169] OK solve=142.3ms pose=(1.279,0.668,0.170) u=(0.106,0.290) s=1.511 PSDFmin=-0.009073 G=OK(+3.405e-12) MF=OK(active=19/20,min=+3.617e-11,slack=+6.836e-14)
[RMPCC 0170] OK solve=126.1ms pose=(1.289,0.670,0.199) u=(0.096,0.057) s=1.521 PSDFmin=-0.003016 G=OK(+3.442e-15) MF=OK(active=12/20,min=+4.657e-13,slack=+3.315e-16)
[RMPCC 0171] OK solve=119.9ms pose=(1.299,0.672,0.205) u=(0.123,-0.560) s=1.531 PSDFmin=-0.03365 G=OK(+0.01739) MF=OK(active=15/20,min=+5.297e-09,slack=+9.537e-12)
[RMPCC 0172] OK solve=258.7ms pose=(1.311,0.674,0.149) u=(0.096,-0.299) s=1.543 PSDFmin=-0.007042 G=OK(+1.648e-10) MF=OK(active=18/20,min=+1.447e-09,slack=+1.053e-11)
[RMPCC 0173] OK solve=246.4ms pose=(1.321,0.676,0.119) u=(0.132,-0.356) s=1.553 PSDFmin=-0.01798 G=OK(+0.005201) MF=OK(active=12/20,min=+1.038e-10,slack=+3.436e-14)
[RMPCC 0174] OK solve=123.5ms pose=(1.334,0.677,0.083) u=(0.137,-0.080) s=1.566 PSDFmin=+0.0004955 G=OK(+4.685e-11) MF=OK(active=17/20,min=+4.628e-10,slack=+2.954e-12)
[RMPCC 0175] OK solve=250.0ms pose=(1.347,0.678,0.075) u=(0.154,-0.226) s=1.580 PSDFmin=+0.0006828 G=OK(+2.767e-12) MF=OK(active=19/20,min=+9.307e-10,slack=+8.426e-13)
[RMPCC 0176] OK solve=263.0ms pose=(1.363,0.680,0.053) u=(0.164,-0.077) s=1.594 PSDFmin=-0.02276 G=OK(+0.01906) MF=OK(active=16/20,min=+4.269e-14,slack=+5.521e-17)
[RMPCC 0177] OK solve=126.2ms pose=(1.379,0.681,0.045) u=(0.138,-0.128) s=1.611 PSDFmin=-0.005068 G=OK(+6.661e-16) MF=OK(active=15/20,min=+1.067e-14,slack=+1.163e-17)
[RMPCC 0178] OK solve=120.4ms pose=(1.393,0.681,0.032) u=(0.132,0.034) s=1.625 PSDFmin=-0.01298 G=OK(+5.523e-13) MF=OK(active=11/20,min=-1.774e-13,slack=+2.528e-14)
[RMPCC 0179] OK solve=123.5ms pose=(1.406,0.682,0.035) u=(0.156,-0.216) s=1.638 PSDFmin=+0.001124 G=OK(+6.74e-13) MF=OK(active=13/20,min=+3.247e-11,slack=+1.132e-13)
[RMPCC 0180] OK solve=233.5ms pose=(1.422,0.682,0.014) u=(0.201,-0.575) s=1.654 PSDFmin=-0.02036 G=OK(+0.01078) MF=OK(active=19/20,min=+2.759e-12,slack=+3.163e-13)
[RMPCC 0181] OK solve=373.4ms pose=(1.442,0.682,-0.044) u=(0.120,-0.347) s=1.674 PSDFmin=-0.02842 G=OK(+0.0141) MF=OK(active=15/20,min=+3.087e-12,slack=+2.976e-15)
[RMPCC 0182] OK solve=259.9ms pose=(1.454,0.682,-0.078) u=(0.091,-0.370) s=1.686 PSDFmin=-0.002105 G=OK(+1.109e-12) MF=OK(active=11/20,min=+8.725e-10,slack=+1.376e-12)
[RMPCC 0183] OK solve=248.4ms pose=(1.463,0.681,-0.115) u=(0.086,-0.124) s=1.691 PSDFmin=-0.01792 G=OK(+0.01471) MF=OK(active=16/20,min=+2.321e-12,slack=+3.69e-14)
[RMPCC 0184] OK solve=418.6ms pose=(1.471,0.680,-0.128) u=(0.147,0.433) s=1.703 PSDFmin=-0.007901 G=OK(+0.008502) MF=OK(active=17/20,min=+1.143e-13,slack=+6.666e-16)
[RMPCC 0185] OK solve=237.0ms pose=(1.486,0.678,-0.084) u=(0.075,1.200) s=1.717 PSDFmin=+0.001935 G=OK(+7.83e-11) MF=OK(active=10/20,min=+1.639e-10,slack=+1.147e-13)
[RMPCC 0186] OK solve=121.4ms pose=(1.493,0.678,0.036) u=(0.081,1.200) s=1.720 PSDFmin=-0.0005618 G=OK(+0.002036) MF=OK(active=19/20,min=+3.081e-12,slack=+3.509e-14)
[RMPCC 0187] OK solve=240.8ms pose=(1.501,0.678,0.156) u=(0.070,0.584) s=1.733 PSDFmin=-0.02438 G=OK(+0.01337) MF=OK(active=19/20,min=+2.095e-09,slack=+9.268e-13)
[RMPCC 0188] OK solve=256.3ms pose=(1.508,0.679,0.214) u=(0.059,1.200) s=1.740 PSDFmin=-0.00306 G=OK(+1.554e-15) MF=OK(active=7/20,min=+0.01032,slack=+3.79e-17)
[RMPCC 0189] OK solve=121.0ms pose=(1.514,0.680,0.334) u=(0.047,0.621) s=1.745 PSDFmin=+0.001375 G=OK(+2.288e-10) MF=OK(active=19/20,min=+1.733e-10,slack=+1.32e-12)
[RMPCC 0190] OK solve=257.1ms pose=(1.519,0.682,0.396) u=(0.023,1.200) s=1.749 PSDFmin=-0.00709 G=OK(+1.817e-13) MF=OK(active=19/20,min=+4.637e-14,slack=+2.846e-15)
[RMPCC 0191] OK solve=372.9ms pose=(1.521,0.683,0.516) u=(0.028,0.747) s=1.752 PSDFmin=-0.001499 G=OK(+0.003565) MF=OK(active=14/20,min=+8.853e-10,slack=+3.832e-12)
[RMPCC 0192] OK solve=369.5ms pose=(1.523,0.684,0.591) u=(0.112,0.352) s=1.752 PSDFmin=+0.004881 G=OK(+0.003879) MF=OK(active=18/20,min=+2.101e-13,slack=+5.289e-16)
[RMPCC 0193] OK solve=362.3ms pose=(1.533,0.690,0.626) u=(0.071,1.123) s=1.764 PSDFmin=-0.01325 G=OK(+5.24e-14) MF=OK(active=17/20,min=+1.276e-12,slack=+1.573e-15)
[RMPCC 0194] OK solve=374.9ms pose=(1.538,0.695,0.738) u=(0.117,0.518) s=1.768 PSDFmin=+0.003348 G=OK(+0.003679) MF=OK(active=13/20,min=+7.156e-11,slack=+4.352e-13)
[RMPCC 0195] OK solve=403.0ms pose=(1.547,0.702,0.790) u=(0.058,0.574) s=1.779 PSDFmin=-0.0156 G=OK(+0.002413) MF=OK(active=18/20,min=+3.696e-08,slack=+6.851e-11)
[RMPCC 0196] OK solve=241.5ms pose=(1.551,0.706,0.847) u=(0.082,0.414) s=1.785 PSDFmin=-0.01438 G=OK(+0.003021) MF=OK(active=9/20,min=+7.341e-10,slack=+1.515e-12)
[RMPCC 0197] OK solve=118.8ms pose=(1.556,0.713,0.889) u=(0.042,0.247) s=1.793 PSDFmin=-0.01137 G=OK(+0.007133) MF=OK(active=8/20,min=+7.14e-15,slack=+3.424e-17)
[RMPCC 0198] OK solve=114.3ms pose=(1.559,0.716,0.913) u=(0.099,0.689) s=1.797 PSDFmin=-0.005483 G=OK(+0.004808) MF=OK(active=11/20,min=+1.126e-14,slack=+6.001e-16)
[RMPCC 0199] OK solve=122.8ms pose=(1.565,0.724,0.982) u=(0.075,0.457) s=1.807 PSDFmin=+0.002951 G=OK(+0.007155) MF=OK(active=8/20,min=+8.53e-14,slack=+3.455e-17)
[RMPCC 0200] OK solve=131.0ms pose=(1.569,0.730,1.028) u=(0.084,0.433) s=1.814 PSDFmin=-0.03588 G=OK(+0.008012) MF=OK(active=19/20,min=+8.842e-12,slack=+5.925e-14)
[RMPCC 0201] OK solve=239.4ms pose=(1.574,0.737,1.071) u=(0.100,0.175) s=1.824 PSDFmin=-0.01102 G=OK(+0.004774) MF=OK(active=5/20,min=+0.1076,slack=+3.201e-15)
[RMPCC 0202] OK solve=240.0ms pose=(1.578,0.746,1.089) u=(0.124,-0.025) s=1.839 PSDFmin=+0.005044 G=OK(+5.329e-15) MF=OK(active=4/20,min=+4.269e-14,slack=+5.529e-17)
[RMPCC 0203] OK solve=289.0ms pose=(1.584,0.757,1.086) u=(0.333,-1.200) s=1.842 PSDFmin=-0.069 G=OK(+0.01176) MF=OK(active=19/20,min=-1.762e-15,slack=+1.474e-17)
[RMPCC 0204] OK solve=369.1ms pose=(1.600,0.786,0.966) u=(0.167,-1.200) s=1.875 PSDFmin=+0.00208 G=OK(+0.0005173) MF=OK(active=2/20,min=+0.1497,slack=+2.562e-11)
[RMPCC 0205] OK solve=381.3ms pose=(1.609,0.800,0.846) u=(0.119,-1.200) s=1.888 PSDFmin=+0.008115 G=OK(+0.006501) MF=OK(active=17/20,min=+3.521e-11,slack=+3.109e-13)
[RMPCC 0206] OK solve=269.5ms pose=(1.617,0.809,0.726) u=(0.080,-1.098) s=1.899 PSDFmin=-0.01177 G=OK(+2.017e-12) MF=OK(active=17/20,min=+6.333e-12,slack=+1.179e-13)
[RMPCC 0207] OK solve=139.3ms pose=(1.623,0.814,0.616) u=(0.057,-1.200) s=1.907 PSDFmin=+0.004609 G=OK(+0.005903) MF=OK(active=13/20,min=+1.97e-12,slack=+1.717e-15)
[RMPCC 0208] OK solve=255.3ms pose=(1.628,0.818,0.496) u=(0.096,-1.200) s=1.913 PSDFmin=-0.03671 G=OK(+5.129e-14) MF=OK(active=19/20,min=+5.556e-14,slack=+7.597e-15)
[RMPCC 0209] OK solve=264.7ms pose=(1.636,0.822,0.376) u=(0.088,-1.082) s=1.920 PSDFmin=+0.004862 G=OK(+0.01046) MF=OK(active=9/20,min=+2.507e-11,slack=+1.876e-14)
[RMPCC 0210] OK solve=243.8ms pose=(1.644,0.825,0.268) u=(0.126,-0.646) s=1.931 PSDFmin=+0.01258 G=OK(+0.01145) MF=OK(active=19/20,min=+5.881e-12,slack=+1.154e-14)
[RMPCC 0211] OK solve=376.1ms pose=(1.656,0.829,0.204) u=(0.063,-1.183) s=1.939 PSDFmin=-0.004232 G=OK(+1.338e-12) MF=OK(active=18/20,min=+2.53e-11,slack=+5.577e-14)
[RMPCC 0212] OK solve=260.5ms pose=(1.663,0.830,0.085) u=(0.123,-0.706) s=1.939 PSDFmin=+0.001218 G=OK(+2.22e-15) MF=OK(active=10/20,min=+4.27e-14,slack=+6.67e-17)
[RMPCC 0213] OK solve=268.0ms pose=(1.675,0.831,0.015) u=(0.105,-0.513) s=1.952 PSDFmin=-0.008266 G=OK(+0.01909) MF=OK(active=19/20,min=+3.935e-12,slack=+9.851e-14)
[RMPCC 0214] OK solve=376.3ms pose=(1.685,0.831,-0.037) u=(0.067,-0.906) s=1.956 PSDFmin=-0.01517 G=OK(+0.01298) MF=OK(active=16/20,min=+7.054e-10,slack=+1.024e-12)
[RMPCC 0215] OK solve=265.8ms pose=(1.692,0.831,-0.127) u=(0.070,-0.459) s=1.965 PSDFmin=-0.003135 G=OK(+1.421e-10) MF=OK(active=6/20,min=+1.956e-08,slack=+5.179e-12)
[RMPCC 0216] OK solve=269.8ms pose=(1.699,0.830,-0.173) u=(0.134,-0.123) s=1.969 PSDFmin=-0.002823 G=OK(+6.941e-13) MF=OK(active=17/20,min=+6.5e-13,slack=+6.991e-15)
[RMPCC 0217] OK solve=373.8ms pose=(1.712,0.828,-0.185) u=(0.098,-1.169) s=1.980 PSDFmin=-0.02173 G=OK(+7.516e-14) MF=OK(active=16/20,min=+1.221e-11,slack=+3.615e-14)
[RMPCC 0218] OK solve=250.2ms pose=(1.722,0.826,-0.302) u=(0.069,-0.572) s=1.992 PSDFmin=-0.00485 G=OK(+2.218e-13) MF=OK(active=6/20,min=+4.69e-12,slack=+1.117e-14)
[RMPCC 0219] OK solve=283.6ms pose=(1.728,0.824,-0.359) u=(0.039,-0.282) s=1.995 PSDFmin=-0.005427 G=OK(+2.145e-12) MF=OK(active=15/20,min=+2.37e-12,slack=+6.248e-14)
Acados solver failed with status 4
Acados residuals [stat, eq, ineq, comp]: [57.0942   0.02816  0.5862   0.04583]
Acados SQP iterations: 1
RMPCC-MF diagnostics captured before infeasibility recovery.
RMPCC-MF failed-iterate infeasibility candidates:
  - {'constraint': 'row_g_hard_guard', 'stages': array([12, 13, 14]), 'minimum_residual': -0.0064265856742858896}
  - {'constraint': 'row_m_soft_after_slack', 'stages': array([ 4,  5,  6,  7,  8,  9, 10, 15, 16, 17, 18, 19]), 'minimum_residual': -0.5861964379174903}
  - {'constraint': 'dynamics_or_stage0_equality', 'maximum_residual': 0.028156106804199832}
RMPCC-MF inactive Row M stages are trivially feasible.
RMPCC-MF minimum box residuals [state | input]: 3.462184371915578e-14 | 5.97235594312906e-11
SQP_RTI solver failed with status 4. Starting infeasible recovery.
Backup solver is unavailable; falling back to safe stop.
Applied nominal_safe_controller safe-stop plan after infeasible RMPCC-MF solve.
[RMPCC 0220] SAFE_STOP solve=474.9ms pose=(1.732,0.822,-0.388) u=(0.000,0.000) s=1.996 PSDFmin=+0.002466 G=FAIL(-0.003164) MF=FAIL(active=15/20,min=n/a,slack=n/a)
[RMPCC 0221] OK solve=142.0ms pose=(1.732,0.822,-0.388) u=(0.006,0.118) s=1.995 PSDFmin=+0.002866 G=OK(+1.002e-08) MF=OK(active=19/20,min=+0.2,slack=+2.078e-11)
[RMPCC 0222] OK solve=132.3ms pose=(1.732,0.822,-0.376) u=(0.016,0.281) s=1.995 PSDFmin=+0.003828 G=OK(+0.002801) MF=OK(active=19/20,min=+0.2,slack=+8.247e-13)
[RMPCC 0223] OK solve=116.4ms pose=(1.734,0.822,-0.348) u=(0.034,0.417) s=1.995 PSDFmin=+0.005078 G=OK(+0.00402) MF=OK(active=19/20,min=+5.43e-12,slack=+1.237e-14)
[RMPCC 0224] OK solve=118.9ms pose=(1.737,0.821,-0.306) u=(0.046,0.454) s=2.008 PSDFmin=+0.006841 G=OK(+0.005374) MF=OK(active=19/20,min=+2.138e-14,slack=+6.293e-17)
[RMPCC 0225] OK solve=122.8ms pose=(1.741,0.819,-0.261) u=(0.063,0.752) s=2.011 PSDFmin=+0.002677 G=OK(+0.006492) MF=OK(active=19/20,min=+1.41e-10,slack=+1.841e-12)
[RMPCC 0226] OK solve=132.9ms pose=(1.748,0.818,-0.185) u=(0.084,0.340) s=2.011 PSDFmin=+0.008423 G=OK(+0.01307) MF=OK(active=19/20,min=+3.963e-13,slack=+3.592e-13)
[RMPCC 0227] OK solve=257.6ms pose=(1.756,0.816,-0.151) u=(0.083,0.109) s=2.026 PSDFmin=+0.001652 G=OK(+0.004486) MF=OK(active=19/20,min=+3.439e-13,slack=+2.817e-15)
[RMPCC 0228] OK solve=374.9ms pose=(1.764,0.815,-0.140) u=(0.042,0.207) s=2.028 PSDFmin=+0.004297 G=OK(+0.004215) MF=OK(active=18/20,min=+2.726e-10,slack=+3.778e-13)
[RMPCC 0229] OK solve=372.9ms pose=(1.768,0.814,-0.120) u=(0.071,0.046) s=2.028 PSDFmin=+0.001193 G=OK(+0.006063) MF=OK(active=18/20,min=+2.713e-09,slack=+2.853e-12)
[RMPCC 0230] OK solve=357.0ms pose=(1.775,0.813,-0.115) u=(0.065,-0.166) s=2.044 PSDFmin=+0.01269 G=OK(+0.01138) MF=OK(active=14/20,min=+9.97e-14,slack=+2.245e-16)
[RMPCC 0231] OK solve=372.4ms pose=(1.782,0.813,-0.132) u=(0.089,-0.555) s=2.046 PSDFmin=-0.007037 G=OK(+0.0008233) MF=OK(active=17/20,min=+1.797e-14,slack=+2.089e-16)
[RMPCC 0232] OK solve=268.2ms pose=(1.790,0.811,-0.187) u=(0.067,-0.643) s=2.061 PSDFmin=+0.0107 G=OK(+0.008232) MF=OK(active=16/20,min=+2.447e-10,slack=+3.504e-13)
[RMPCC 0233] OK solve=254.3ms pose=(1.797,0.810,-0.251) u=(0.052,-0.956) s=2.065 PSDFmin=+0.001612 G=OK(+0.001965) MF=OK(active=19/20,min=+5.386e-15,slack=+5.694e-17)
[RMPCC 0234] OK solve=375.8ms pose=(1.802,0.809,-0.347) u=(0.090,-0.421) s=2.073 PSDFmin=+0.006723 G=OK(+0.00725) MF=OK(active=15/20,min=+6.919e-10,slack=+8.888e-13)
[RMPCC 0235] OK solve=369.8ms pose=(1.811,0.806,-0.389) u=(0.045,-0.836) s=2.083 PSDFmin=+0.009 G=OK(+0.006015) MF=OK(active=16/20,min=-2.699e-12,slack=+1.496e-13)
[RMPCC 0236] OK solve=375.8ms pose=(1.815,0.804,-0.473) u=(0.058,-1.200) s=2.086 PSDFmin=-0.001843 G=OK(+1.332e-15) MF=OK(active=17/20,min=+7.414e-13,slack=+7.068e-16)
[RMPCC 0237] OK solve=240.0ms pose=(1.820,0.801,-0.593) u=(0.039,-0.591) s=2.094 PSDFmin=+0.005918 G=OK(+0.006451) MF=OK(active=14/20,min=+6.114e-13,slack=+3.418e-16)
[RMPCC 0238] OK solve=245.6ms pose=(1.823,0.799,-0.652) u=(0.061,-0.246) s=2.097 PSDFmin=-0.01415 G=OK(+0.006596) MF=OK(active=19/20,min=+4.504e-11,slack=+4.042e-13)
[RMPCC 0239] OK solve=366.4ms pose=(1.828,0.796,-0.677) u=(0.061,-0.921) s=2.102 PSDFmin=+0.007506 G=OK(+0.005766) MF=OK(active=6/20,min=+1.564e-12,slack=+3.513e-16)
[RMPCC 0240] OK solve=372.2ms pose=(1.833,0.792,-0.769) u=(0.068,-0.785) s=2.115 PSDFmin=-0.0002448 G=OK(+0.005901) MF=OK(active=17/20,min=+4.829e-11,slack=+1.182e-13)
[RMPCC 0241] OK solve=256.7ms pose=(1.838,0.787,-0.847) u=(0.035,-0.593) s=2.116 PSDFmin=+0.007143 G=OK(+0.006194) MF=OK(active=17/20,min=+2.307e-12,slack=+1.198e-14)
[RMPCC 0242] OK solve=131.8ms pose=(1.840,0.784,-0.906) u=(0.018,-0.406) s=2.117 PSDFmin=-0.0009156 G=OK(+6.661e-15) MF=OK(active=19/20,min=+2.41e-13,slack=+3.413e-16)
[RMPCC 0243] OK solve=141.3ms pose=(1.841,0.783,-0.947) u=(0.093,-0.879) s=2.118 PSDFmin=+0.007558 G=OK(+0.00612) MF=OK(active=15/20,min=-4.705e-10,slack=+4.913e-12)
[RMPCC 0244] OK solve=117.6ms pose=(1.847,0.775,-1.035) u=(0.052,-0.465) s=2.130 PSDFmin=-0.00135 G=OK(+0.007087) MF=OK(active=19/20,min=+1.993e-13,slack=+3.101e-16)
[RMPCC 0245] OK solve=123.9ms pose=(1.849,0.771,-1.081) u=(0.114,-1.045) s=2.132 PSDFmin=+0.004384 G=OK(+0.007384) MF=OK(active=13/20,min=+1.795e-12,slack=+1.927e-14)
[RMPCC 0246] OK solve=120.1ms pose=(1.855,0.761,-1.186) u=(0.110,-0.476) s=2.145 PSDFmin=+0.003241 G=OK(+0.008951) MF=OK(active=19/20,min=+5.7e-13,slack=+1.542e-15)
[RMPCC 0247] OK solve=117.5ms pose=(1.859,0.751,-1.234) u=(0.088,-1.148) s=2.160 PSDFmin=-0.02181 G=OK(+0.01126) MF=OK(active=19/20,min=+1.069e-14,slack=+3.018e-17)
[RMPCC 0248] OK solve=119.9ms pose=(1.862,0.742,-1.348) u=(0.159,-0.659) s=2.164 PSDFmin=+0.003177 G=OK(+1.332e-15) MF=OK(active=6/20,min=+0.1094,slack=+2.888e-17)
[RMPCC 0249] OK solve=110.1ms pose=(1.865,0.727,-1.414) u=(0.171,-0.261) s=2.179 PSDFmin=+0.00554 G=OK(+0.01542) MF=OK(active=19/20,min=+1.295e-10,slack=+7.088e-13)
[RMPCC 0250] OK solve=121.8ms pose=(1.868,0.710,-1.440) u=(0.180,-1.200) s=2.195 PSDFmin=-0.03388 G=OK(+0.003024) MF=OK(active=19/20,min=+1.43e-14,slack=+8.714e-17)
[RMPCC 0251] OK solve=116.0ms pose=(1.870,0.692,-1.560) u=(0.183,-0.596) s=2.210 PSDFmin=-0.02662 G=OK(+1.181e-12) MF=OK(active=3/20,min=+0.131,slack=+1.798e-14)
[RMPCC 0252] OK solve=108.9ms pose=(1.870,0.674,-1.620) u=(0.190,-0.215) s=2.228 PSDFmin=-0.001649 G=OK(+1.799e-14) MF=OK(active=18/20,min=+2.996e-13,slack=+1.172e-15)
[RMPCC 0253] OK solve=134.5ms pose=(1.869,0.655,-1.642) u=(0.213,-0.038) s=2.247 PSDFmin=-0.03368 G=OK(+0.001958) MF=OK(active=15/20,min=+2.43e-11,slack=+8.314e-14)
[RMPCC 0254] OK solve=126.1ms pose=(1.868,0.633,-1.645) u=(0.148,0.652) s=2.263 PSDFmin=-0.003941 G=OK(+1.554e-15) MF=OK(active=11/20,min=+3.098e-12,slack=+2.666e-16)
[RMPCC 0255] OK solve=113.7ms pose=(1.867,0.619,-1.580) u=(0.159,0.447) s=2.279 PSDFmin=-0.03045 G=OK(+0.01781) MF=OK(active=13/20,min=+1.486e-11,slack=+5.249e-14)
[RMPCC 0256] OK solve=251.3ms pose=(1.867,0.603,-1.535) u=(0.187,0.091) s=2.295 PSDFmin=-0.00707 G=OK(+5.74e-12) MF=OK(active=16/20,min=+1.606e-11,slack=+1.617e-13)
[RMPCC 0257] OK solve=240.7ms pose=(1.867,0.584,-1.526) u=(0.141,0.083) s=2.313 PSDFmin=-0.0126 G=OK(+6.217e-15) MF=OK(active=10/20,min=+7.821e-14,slack=+5.412e-17)
[RMPCC 0258] OK solve=251.7ms pose=(1.868,0.570,-1.518) u=(0.184,-0.287) s=2.316 PSDFmin=+0.001042 G=OK(+3.286e-14) MF=OK(active=14/20,min=+9.727e-14,slack=+2.239e-15)
[RMPCC 0259] OK solve=384.8ms pose=(1.869,0.552,-1.547) u=(0.130,-0.038) s=2.333 PSDFmin=+0.006434 G=OK(+0.01402) MF=OK(active=18/20,min=+1.468e-13,slack=+1.158e-15)
[RMPCC 0260] OK solve=247.7ms pose=(1.869,0.539,-1.550) u=(0.091,-0.999) s=2.351 PSDFmin=+0.003051 G=OK(+0.003756) MF=OK(active=18/20,min=+4.926e-13,slack=+2.382e-15)
[RMPCC 0261] OK solve=254.0ms pose=(1.869,0.529,-1.650) u=(0.098,-0.504) s=2.355 PSDFmin=+0.001654 G=OK(+0.002855) MF=OK(active=19/20,min=+2.079e-12,slack=+4.21e-15)
[RMPCC 0262] OK solve=373.9ms pose=(1.869,0.520,-1.701) u=(0.108,-0.187) s=2.373 PSDFmin=-0.007334 G=OK(+5.107e-14) MF=OK(active=14/20,min=+3.582e-15,slack=+2.971e-17)
[RMPCC 0263] OK solve=242.5ms pose=(1.867,0.509,-1.719) u=(0.086,-0.001) s=2.377 PSDFmin=-0.0013 G=OK(+0.00314) MF=OK(active=12/20,min=+3.563e-15,slack=+1.005e-17)
[RMPCC 0264] OK solve=233.3ms pose=(1.866,0.500,-1.719) u=(0.081,-0.283) s=2.395 PSDFmin=+0.001069 G=OK(+0.00166) MF=OK(active=14/20,min=+1.747e-13,slack=+6.021e-16)
[RMPCC 0265] OK solve=403.0ms pose=(1.865,0.492,-1.748) u=(0.144,0.053) s=2.396 PSDFmin=-0.006595 G=OK(+5.84e-10) MF=OK(active=17/20,min=+8.485e-10,slack=+1.063e-11)
[RMPCC 0266] OK solve=250.0ms pose=(1.862,0.478,-1.742) u=(0.085,-0.231) s=2.413 PSDFmin=+0.0002464 G=OK(+2.935e-11) MF=OK(active=9/20,min=+2.584e-10,slack=+4.979e-13)
[RMPCC 0267] OK solve=247.9ms pose=(1.861,0.470,-1.766) u=(0.170,0.261) s=2.430 PSDFmin=-0.02514 G=OK(+0.002311) MF=OK(active=18/20,min=-1.146e-15,slack=+0.0123)
[RMPCC 0268] OK solve=373.1ms pose=(1.858,0.453,-1.739) u=(0.140,-0.072) s=2.447 PSDFmin=-0.01076 G=OK(+1.077e-14) MF=OK(active=12/20,min=+9.642e-12,slack=+3.221e-14)
[RMPCC 0269] OK solve=367.3ms pose=(1.855,0.439,-1.747) u=(0.105,-1.200) s=2.462 PSDFmin=+0.007827 G=OK(+4.209e-10) MF=OK(active=10/20,min=+2.389e-09,slack=+6.417e-12)
[RMPCC 0270] OK solve=367.9ms pose=(1.853,0.429,-1.867) u=(0.062,-0.593) s=2.474 PSDFmin=+0.008666 G=OK(+0.008064) MF=OK(active=18/20,min=-4.939e-14,slack=+7.529e-15)
[RMPCC 0271] OK solve=388.4ms pose=(1.852,0.423,-1.926) u=(0.052,-1.200) s=2.481 PSDFmin=-0.01379 G=OK(+3.295e-11) MF=OK(active=17/20,min=+2.833e-10,slack=+8.223e-13)
[RMPCC 0272] OK solve=367.3ms pose=(1.850,0.418,-2.046) u=(0.040,-0.654) s=2.484 PSDFmin=-0.000747 G=OK(+0.001957) MF=OK(active=17/20,min=+6.157e-13,slack=+1.06e-15)
[RMPCC 0273] OK solve=247.8ms pose=(1.848,0.415,-2.111) u=(0.033,-0.585) s=2.491 PSDFmin=-0.01678 G=OK(+0.00433) MF=OK(active=17/20,min=+4.373e-09,slack=+4.882e-12)
[RMPCC 0274] OK solve=262.5ms pose=(1.846,0.412,-2.170) u=(0.081,-1.012) s=2.492 PSDFmin=+0.007061 G=OK(+0.005835) MF=OK(active=14/20,min=+4.902e-10,slack=+1.627e-12)
[RMPCC 0275] OK solve=382.0ms pose=(1.842,0.405,-2.271) u=(0.043,-0.504) s=2.502 PSDFmin=-0.06404 G=OK(+4.738e-12) MF=OK(active=18/20,min=+3.807e-11,slack=+3.527e-12)
[RMPCC 0276] OK solve=368.0ms pose=(1.839,0.402,-2.321) u=(0.084,-0.617) s=2.504 PSDFmin=-0.002214 G=OK(+0.006455) MF=OK(active=6/20,min=+7.45e-12,slack=+1.412e-14)
[RMPCC 0277] OK solve=373.4ms pose=(1.833,0.396,-2.383) u=(0.123,-0.347) s=2.512 PSDFmin=+0.004775 G=OK(+0.003108) MF=OK(active=16/20,min=+6.023e-09,slack=+1.325e-11)
[RMPCC 0278] OK solve=363.9ms pose=(1.824,0.387,-2.418) u=(0.061,-0.670) s=2.525 PSDFmin=-0.005206 G=OK(+8.653e-13) MF=OK(active=16/20,min=+4.551e-11,slack=+5.685e-14)
[RMPCC 0279] OK solve=270.0ms pose=(1.820,0.383,-2.485) u=(0.116,-0.304) s=2.533 PSDFmin=-0.01549 G=OK(+0.003066) MF=OK(active=6/20,min=+9.791e-11,slack=+5.049e-14)
[RMPCC 0280] OK solve=129.4ms pose=(1.810,0.376,-2.515) u=(0.132,-0.059) s=2.544 PSDFmin=+0.009287 G=OK(+0.006669) MF=OK(active=15/20,min=+1.424e-14,slack=+2.713e-17)
[RMPCC 0281] OK solve=247.1ms pose=(1.800,0.368,-2.521) u=(0.520,1.200) s=2.555 PSDFmin=-0.02449 G=OK(+0.002021) MF=OK(active=19/20,min=+2.728e-13,slack=+1.79e-14)
[RMPCC 0282] OK solve=390.4ms pose=(1.757,0.338,-2.401) u=(0.262,1.200) s=2.607 PSDFmin=-0.004206 G=OK(+5.329e-14) MF=OK(active=10/20,min=+1.856e-10,slack=+4.889e-13)
Acados solver failed with status 4
Acados residuals [stat, eq, ineq, comp]: [38.66995  0.12     0.98885  0.00211]
Acados SQP iterations: 1
RMPCC-MF diagnostics captured before infeasibility recovery.
RMPCC-MF failed-iterate infeasibility candidates:
  - {'constraint': 'row_g_hard_guard', 'stages': array([16, 17, 20]), 'minimum_residual': -0.005206053912639619}
  - {'constraint': 'row_m_soft_after_slack', 'stages': array([ 4,  5,  8,  9, 10, 11, 12, 13, 14, 15, 18, 19]), 'minimum_residual': -0.9888495027605828}
  - {'constraint': 'dynamics_or_stage0_equality', 'maximum_residual': 0.1199999998430954}
RMPCC-MF inactive Row M stages are trivially feasible.
RMPCC-MF minimum box residuals [state | input]: 4.444921484089026e-14 | 1.569092411557449e-09
SQP_RTI solver failed with status 4. Starting infeasible recovery.
Backup solver is unavailable; falling back to safe stop.
Applied nominal_safe_controller safe-stop plan after infeasible RMPCC-MF solve.
[RMPCC 0283] SAFE_STOP solve=453.1ms pose=(1.738,0.321,-2.281) u=(0.162,0.000) s=2.630 PSDFmin=-0.009629 G=FAIL(-0.1576) MF=FAIL(active=16/20,min=n/a,slack=n/a)
Acados solver failed with status 4
Acados residuals [stat, eq, ineq, comp]: [100.        0.01621   0.01063   0.     ]
Acados SQP iterations: 1
RMPCC-MF diagnostics captured before infeasibility recovery.
RMPCC-MF failed-iterate infeasibility candidates:
  - {'constraint': 'row_g_hard_guard', 'stages': array([ 1,  2,  3,  4,  5,  6,  7,  8,  9, 10, 11, 12, 13, 14, 15, 16, 17,
       18, 19, 20]), 'minimum_residual': -0.010629428386688122}
  - {'constraint': 'dynamics_or_stage0_equality', 'maximum_residual': 0.01621259401024977}
RMPCC-MF inactive Row M stages are trivially feasible.
RMPCC-MF minimum box residuals [state | input]: 3.9e-08 | 0.0
SQP_RTI solver failed with status 4. Starting infeasible recovery.
Backup solver is unavailable; falling back to safe stop.
Applied nominal_safe_controller safe-stop plan after infeasible RMPCC-MF solve.
[RMPCC 0284] SAFE_STOP solve=193.5ms pose=(1.727,0.308,-2.281) u=(0.062,0.000) s=2.646 PSDFmin=-0.009629 G=FAIL(-0.01063) MF=inactive(active=0/20)
Acados solver failed with status 4
Acados residuals [stat, eq, ineq, comp]: [100.        0.00474   0.01063   0.     ]
Acados SQP iterations: 1
RMPCC-MF diagnostics captured before infeasibility recovery.
RMPCC-MF failed-iterate infeasibility candidates:
  - {'constraint': 'row_g_hard_guard', 'stages': array([ 1,  2,  3,  4,  5,  6,  7,  8,  9, 10, 11, 12, 13, 14, 15, 16, 17,
       18, 19, 20]), 'minimum_residual': -0.010629428386688122}
  - {'constraint': 'dynamics_or_stage0_equality', 'maximum_residual': 0.0047375854203389745}
RMPCC-MF inactive Row M stages are trivially feasible.
RMPCC-MF minimum box residuals [state | input]: 3.9e-08 | 0.0
SQP_RTI solver failed with status 4. Starting infeasible recovery.
Backup solver is unavailable; falling back to safe stop.
Applied nominal_safe_controller safe-stop plan after infeasible RMPCC-MF solve.
[RMPCC 0285] SAFE_STOP solve=214.6ms pose=(1.723,0.303,-2.281) u=(0.000,0.000) s=2.649 PSDFmin=-0.009629 G=FAIL(-0.01063) MF=inactive(active=0/20)
[RMPCC 0286] OK solve=132.8ms pose=(1.723,0.303,-2.281) u=(-0.114,1.169) s=2.649 PSDFmin=+0.001559 G=OK(+1.021e-11) MF=inactive(active=0/20)
[RMPCC 0287] OK solve=133.0ms pose=(1.731,0.312,-2.164) u=(-0.058,1.019) s=2.639 PSDFmin=+0.004387 G=OK(+0.002019) MF=OK(active=19/20,min=+4.059e-11,slack=+1.93e-15)
[RMPCC 0288] OK solve=116.7ms pose=(1.734,0.317,-2.062) u=(-0.030,0.560) s=2.635 PSDFmin=+0.01298 G=OK(+0.01174) MF=OK(active=19/20,min=+4.624e-13,slack=+5.029e-16)
[RMPCC 0289] OK solve=133.2ms pose=(1.735,0.320,-2.006) u=(-0.015,0.923) s=2.632 PSDFmin=+0.01359 G=OK(+0.01707) MF=OK(active=19/20,min=+3.913e-14,slack=+4.776e-17)
[RMPCC 0290] OK solve=129.1ms pose=(1.736,0.321,-1.914) u=(-0.007,0.717) s=2.631 PSDFmin=+0.01565 G=OK(+0.02119) MF=OK(active=19/20,min=+2.341e-16,slack=+2.352e-16)
[RMPCC 0291] OK solve=244.8ms pose=(1.736,0.322,-1.842) u=(-0.002,1.200) s=2.630 PSDFmin=-0.005607 G=OK(+0.01978) MF=OK(active=19/20,min=+1.334e-13,slack=+4.373e-16)
[RMPCC 0292] OK solve=248.6ms pose=(1.736,0.322,-1.722) u=(0.002,1.015) s=2.630 PSDFmin=+0.01015 G=OK(+0.009124) MF=OK(active=6/20,min=+7.032e-11,slack=+1.063e-13)
[RMPCC 0293] OK solve=239.1ms pose=(1.736,0.321,-1.621) u=(0.219,0.986) s=2.630 PSDFmin=-0.0107 G=OK(+0.004051) MF=OK(active=19/20,min=+8.247e-14,slack=+7.563e-16)
[RMPCC 0294] OK solve=376.4ms pose=(1.735,0.300,-1.522) u=(0.109,1.192) s=2.648 PSDFmin=-0.00439 G=OK(+2.423e-13) MF=OK(active=15/20,min=+4.178e-12,slack=+7.656e-15)
[RMPCC 0295] OK solve=272.7ms pose=(1.736,0.289,-1.403) u=(0.059,0.786) s=2.657 PSDFmin=-0.0007329 G=OK(+1.592e-11) MF=OK(active=14/20,min=+1.192e-10,slack=+2.886e-13)
Acados solver failed with status 4
Acados residuals [stat, eq, ineq, comp]: [5.9944  0.07864 0.47654 0.00598]
Acados SQP iterations: 1
RMPCC-MF diagnostics captured before infeasibility recovery.
RMPCC-MF failed-iterate infeasibility candidates:
  - {'constraint': 'row_g_hard_guard', 'stages': array([17, 18, 19, 20]), 'minimum_residual': -0.0017328540086745114}
  - {'constraint': 'row_m_soft_after_slack', 'stages': array([ 1,  2,  8, 11, 12, 13, 14, 15, 16]), 'minimum_residual': -0.476537200798077}
  - {'constraint': 'dynamics_or_stage0_equality', 'maximum_residual': 0.07863724729145871}
RMPCC-MF inactive Row M stages are trivially feasible.
RMPCC-MF minimum box residuals [state | input]: 1.3247505796389726e-14 | 5.879328801583483e-09
SQP_RTI solver failed with status 4. Starting infeasible recovery.
Backup solver is unavailable; falling back to safe stop.
Applied nominal_safe_controller safe-stop plan after infeasible RMPCC-MF solve.
[RMPCC 0296] SAFE_STOP solve=246.7ms pose=(1.737,0.283,-1.325) u=(0.000,0.000) s=2.658 PSDFmin=+0.001312 G=FAIL(-0.1058) MF=FAIL(active=16/20,min=n/a,slack=n/a)
[RMPCC 0297] OK solve=127.0ms pose=(1.737,0.283,-1.325) u=(0.011,-0.076) s=2.658 PSDFmin=+0.001511 G=OK(+1.554e-15) MF=OK(active=19/20,min=+0.123,slack=+4.759e-16)
[RMPCC 0298] OK solve=129.0ms pose=(1.737,0.282,-1.332) u=(0.012,-0.503) s=2.658 PSDFmin=-0.004629 G=OK(+0.003381) MF=OK(active=19/20,min=+1.035e-10,slack=+2.017e-13)
[RMPCC 0299] OK solve=123.1ms pose=(1.737,0.281,-1.382) u=(0.031,-0.297) s=2.658 PSDFmin=+0.005874 G=OK(+0.004848) MF=OK(active=11/20,min=+0.1855,slack=+2.579e-14)
[RMPCC 0300] OK solve=117.0ms pose=(1.738,0.278,-1.412) u=(0.039,-0.589) s=2.664 PSDFmin=+0.009328 G=OK(+0.008233) MF=OK(active=19/20,min=+7.766e-13,slack=+9.319e-15)
[RMPCC 0301] OK solve=120.5ms pose=(1.739,0.274,-1.471) u=(0.025,-0.757) s=2.665 PSDFmin=+0.008766 G=OK(+0.008419) MF=OK(active=19/20,min=+1.423e-14,slack=+2.397e-17)
[RMPCC 0302] OK solve=134.5ms pose=(1.739,0.271,-1.547) u=(0.068,-0.525) s=2.668 PSDFmin=+0.002177 G=OK(+2.887e-14) MF=OK(active=19/20,min=+5.708e-14,slack=+2.348e-16)
[RMPCC 0303] OK solve=118.9ms pose=(1.739,0.264,-1.599) u=(0.052,-0.566) s=2.675 PSDFmin=+0.009075 G=OK(+0.009348) MF=OK(active=19/20,min=+8.024e-10,slack=+3.475e-12)
[RMPCC 0304] OK solve=268.6ms pose=(1.739,0.259,-1.656) u=(0.120,-0.468) s=2.680 PSDFmin=-0.003888 G=OK(+3.413e-12) MF=OK(active=19/20,min=+2.424e-12,slack=+2.099e-13)
[RMPCC 0305] OK solve=260.9ms pose=(1.738,0.247,-1.703) u=(0.074,-0.208) s=2.687 PSDFmin=+0.002816 G=OK(+3.646e-13) MF=OK(active=13/20,min=+4.911e-11,slack=+2.08e-14)
[RMPCC 0306] OK solve=134.3ms pose=(1.737,0.240,-1.724) u=(0.095,0.043) s=2.693 PSDFmin=+0.000523 G=OK(+0.00762) MF=OK(active=19/20,min=+3.562e-11,slack=+1.486e-12)
[RMPCC 0307] OK solve=240.9ms pose=(1.735,0.231,-1.719) u=(0.087,0.390) s=2.705 PSDFmin=-0.01018 G=OK(+6.661e-16) MF=OK(active=19/20,min=+1.779e-14,slack=+2.479e-17)
[RMPCC 0308] OK solve=250.2ms pose=(1.734,0.222,-1.680) u=(0.068,0.409) s=2.710 PSDFmin=+0.000963 G=OK(+9.607e-09) MF=OK(active=8/20,min=+2.244e-07,slack=+2.423e-10)
[RMPCC 0309] OK solve=122.9ms pose=(1.733,0.215,-1.639) u=(0.138,0.070) s=2.716 PSDFmin=-0.004615 G=OK(+2.867e-13) MF=OK(active=18/20,min=+3.59e-13,slack=+5.476e-15)
[RMPCC 0310] OK solve=123.5ms pose=(1.732,0.201,-1.632) u=(0.070,0.971) s=2.734 PSDFmin=-0.009794 G=OK(+0.006596) MF=OK(active=16/20,min=+4.088e-13,slack=+2.699e-16)
[RMPCC 0311] OK solve=125.2ms pose=(1.732,0.194,-1.535) u=(0.053,0.562) s=2.740 PSDFmin=-0.002314 G=OK(+2.22e-16) MF=OK(active=5/20,min=+5.685e-13,slack=+1.733e-17)
[RMPCC 0312] OK solve=129.1ms pose=(1.732,0.189,-1.479) u=(0.118,0.198) s=2.745 PSDFmin=+0.008925 G=OK(+2.942e-15) MF=OK(active=12/20,min=+7.163e-15,slack=+5.754e-17)
[RMPCC 0313] OK solve=261.8ms pose=(1.733,0.177,-1.459) u=(0.059,0.693) s=2.757 PSDFmin=-0.0003228 G=OK(+0.00692) MF=OK(active=19/20,min=+5.635e-12,slack=+5.558e-15)
[RMPCC 0314] OK solve=261.3ms pose=(1.734,0.171,-1.390) u=(0.039,0.337) s=2.763 PSDFmin=-0.01637 G=OK(+0.009374) MF=OK(active=14/20,min=+4.351e-12,slack=+2.709e-15)
[RMPCC 0315] OK solve=118.3ms pose=(1.735,0.168,-1.356) u=(0.057,0.115) s=2.769 PSDFmin=+0.007085 G=OK(+0.009463) MF=OK(active=17/20,min=+2.514e-12,slack=+9.168e-15)
[RMPCC 0316] OK solve=125.3ms pose=(1.736,0.162,-1.345) u=(0.063,0.360) s=2.775 PSDFmin=+0.009407 G=OK(+0.00898) MF=OK(active=19/20,min=-5.188e-13,slack=+4.528e-13)
[RMPCC 0317] OK solve=236.9ms pose=(1.737,0.156,-1.309) u=(0.038,0.566) s=2.781 PSDFmin=+0.005415 G=OK(+0.004966) MF=OK(active=19/20,min=+9.208e-10,slack=+1.041e-11)
[RMPCC 0318] OK solve=379.9ms pose=(1.738,0.152,-1.252) u=(0.060,0.306) s=2.786 PSDFmin=+0.008489 G=OK(+0.007616) MF=OK(active=18/20,min=+4.292e-11,slack=+6.644e-13)
[RMPCC 0319] OK solve=274.4ms pose=(1.740,0.147,-1.221) u=(0.042,0.594) s=2.792 PSDFmin=+0.007646 G=OK(+0.006375) MF=OK(active=18/20,min=-1.026e-14,slack=+2.174e-15)
[RMPCC 0320] OK solve=243.2ms pose=(1.741,0.143,-1.162) u=(0.038,0.483) s=2.796 PSDFmin=+0.006421 G=OK(+0.005588) MF=OK(active=19/20,min=+7.077e-11,slack=+3.606e-14)
[RMPCC 0321] OK solve=242.3ms pose=(1.743,0.139,-1.114) u=(0.034,0.449) s=2.800 PSDFmin=+0.007207 G=OK(+0.006212) MF=OK(active=18/20,min=+8.208e-14,slack=+3.637e-16)
[RMPCC 0322] OK solve=239.9ms pose=(1.744,0.136,-1.069) u=(0.030,0.483) s=2.804 PSDFmin=+0.005783 G=OK(+0.004888) MF=OK(active=19/20,min=+2.932e-10,slack=+4.433e-13)
[RMPCC 0323] OK solve=248.5ms pose=(1.746,0.134,-1.021) u=(0.029,0.337) s=2.806 PSDFmin=+0.007179 G=OK(+0.006392) MF=OK(active=17/20,min=+3.515e-12,slack=+3.322e-14)
[RMPCC 0324] OK solve=235.5ms pose=(1.747,0.131,-0.987) u=(0.032,0.426) s=2.811 PSDFmin=+0.00605 G=OK(+0.005148) MF=OK(active=19/20,min=+2.684e-13,slack=+9.118e-15)
[RMPCC 0325] OK solve=239.5ms pose=(1.749,0.128,-0.944) u=(0.025,0.295) s=2.814 PSDFmin=+0.006895 G=OK(+0.006051) MF=OK(active=18/20,min=+1.527e-10,slack=+4.544e-13)
[RMPCC 0326] OK solve=123.4ms pose=(1.751,0.126,-0.915) u=(0.028,0.362) s=2.816 PSDFmin=+0.006254 G=OK(+0.005358) MF=OK(active=19/20,min=+1.134e-10,slack=+4.244e-12)
[RMPCC 0327] OK solve=131.4ms pose=(1.752,0.124,-0.879) u=(0.025,0.295) s=2.820 PSDFmin=+0.006764 G=OK(+0.005789) MF=OK(active=19/20,min=+3.384e-09,slack=+1.287e-12)
[RMPCC 0328] OK solve=144.4ms pose=(1.754,0.122,-0.849) u=(0.025,0.308) s=2.822 PSDFmin=+0.006606 G=OK(+0.005583) MF=OK(active=19/20,min=+2.257e-09,slack=+4.267e-13)
[RMPCC 0329] OK solve=125.1ms pose=(1.756,0.120,-0.818) u=(0.023,0.280) s=2.825 PSDFmin=+0.00671 G=OK(+0.005698) MF=OK(active=19/20,min=+2.821e-09,slack=+3.292e-12)
[RMPCC 0330] OK solve=122.9ms pose=(1.757,0.119,-0.790) u=(0.024,0.267) s=2.827 PSDFmin=+0.006711 G=OK(+0.005689) MF=OK(active=19/20,min=+5.325e-09,slack=+1.943e-12)
[RMPCC 0331] OK solve=115.7ms pose=(1.759,0.117,-0.764) u=(0.025,0.271) s=2.831 PSDFmin=+0.006727 G=OK(+0.005682) MF=OK(active=19/20,min=+1.248e-09,slack=+3.038e-12)
[RMPCC 0332] OK solve=105.1ms pose=(1.761,0.115,-0.736) u=(0.023,0.287) s=2.833 PSDFmin=+0.006637 G=OK(+0.005606) MF=OK(active=19/20,min=+8.508e-08,slack=+9.519e-12)
[RMPCC 0333] OK solve=126.7ms pose=(1.762,0.114,-0.708) u=(0.022,0.303) s=2.835 PSDFmin=+0.006555 G=OK(+0.005524) MF=OK(active=19/20,min=+3.819e-07,slack=+7.821e-12)
[RMPCC 0334] OK solve=132.0ms pose=(1.764,0.112,-0.677) u=(0.021,0.289) s=2.837 PSDFmin=+0.006559 G=OK(+0.005528) MF=OK(active=19/20,min=+0.006111,slack=+3.716e-17)
[RMPCC 0335] OK solve=125.0ms pose=(1.766,0.111,-0.649) u=(0.021,0.269) s=2.839 PSDFmin=+0.006587 G=OK(+0.005556) MF=OK(active=19/20,min=+0.02617,slack=+3.117e-14)
[RMPCC 0336] OK solve=114.1ms pose=(1.767,0.110,-0.622) u=(0.021,0.251) s=2.841 PSDFmin=+0.006613 G=OK(+0.005584) MF=OK(active=19/20,min=+0.04455,slack=+2.421e-14)
[RMPCC 0337] OK solve=122.3ms pose=(1.769,0.109,-0.597) u=(0.020,0.233) s=2.843 PSDFmin=+0.006638 G=OK(+0.005609) MF=OK(active=19/20,min=+0.06228,slack=+2.92e-17)
[RMPCC 0338] OK solve=118.2ms pose=(1.771,0.107,-0.573) u=(0.020,0.218) s=2.845 PSDFmin=+0.006663 G=OK(+0.005634) MF=OK(active=19/20,min=+0.07944,slack=+5.937e-14)
[RMPCC 0339] OK solve=123.0ms pose=(1.772,0.106,-0.552) u=(0.020,0.203) s=2.848 PSDFmin=+0.006686 G=OK(+0.005657) MF=OK(active=19/20,min=+0.09622,slack=+7.12e-17)
[RMPCC 0340] OK solve=109.8ms pose=(1.774,0.105,-0.531) u=(0.017,0.189) s=2.848 PSDFmin=+0.006718 G=OK(+0.005695) MF=OK(active=19/20,min=+0.1115,slack=+1.141e-15)
[RMPCC 0341] OK solve=118.7ms pose=(1.775,0.104,-0.512) u=(0.017,0.175) s=2.850 PSDFmin=+0.006758 G=OK(+0.005736) MF=OK(active=19/20,min=+0.1244,slack=+5.004e-13)
[RMPCC 0342] OK solve=125.9ms pose=(1.777,0.104,-0.495) u=(0.017,0.164) s=2.852 PSDFmin=+0.006809 G=OK(+0.005788) MF=OK(active=19/20,min=+0.1376,slack=+3.799e-17)
[RMPCC 0343] OK solve=121.6ms pose=(1.778,0.103,-0.478) u=(0.017,0.154) s=2.854 PSDFmin=+0.00687 G=OK(+0.00585) MF=OK(active=19/20,min=+0.1504,slack=+3.394e-17)
[RMPCC 0344] OK solve=121.5ms pose=(1.780,0.102,-0.463) u=(0.017,0.144) s=2.856 PSDFmin=+0.006942 G=OK(+0.005922) MF=OK(active=19/20,min=+0.1623,slack=+1.458e-13)
[RMPCC 0345] OK solve=122.9ms pose=(1.782,0.101,-0.449) u=(0.015,0.135) s=2.856 PSDFmin=+0.007021 G=OK(+0.006005) MF=OK(active=19/20,min=+0.1726,slack=+3.865e-13)
[RMPCC 0346] OK solve=125.1ms pose=(1.783,0.101,-0.435) u=(0.015,0.126) s=2.858 PSDFmin=+0.007103 G=OK(+0.006088) MF=OK(active=19/20,min=+0.1799,slack=+4.343e-13)
[RMPCC 0347] OK solve=121.4ms pose=(1.784,0.100,-0.423) u=(0.015,0.119) s=2.860 PSDFmin=+0.00719 G=OK(+0.006176) MF=OK(active=19/20,min=+0.1866,slack=+3.902e-17)
[RMPCC 0348] OK solve=127.7ms pose=(1.786,0.099,-0.411) u=(0.013,0.111) s=2.860 PSDFmin=+0.007282 G=OK(+0.006271) MF=OK(active=19/20,min=+0.1918,slack=+2.765e-16)
[RMPCC 0349] OK solve=137.2ms pose=(1.787,0.099,-0.399) u=(0.014,0.105) s=2.862 PSDFmin=+0.007375 G=OK(+0.006364) MF=OK(active=19/20,min=+0.1948,slack=+2.607e-15)
[RMPCC 0350] OK solve=129.5ms pose=(1.788,0.098,-0.389) u=(0.014,0.099) s=2.864 PSDFmin=+0.007472 G=OK(+0.00646) MF=OK(active=19/20,min=+0.1973,slack=+1.405e-14)
[RMPCC 0351] OK solve=121.4ms pose=(1.789,0.098,-0.379) u=(0.012,0.093) s=2.864 PSDFmin=+0.00757 G=OK(+0.006561) MF=OK(active=19/20,min=+0.1989,slack=+7.869e-14)
[RMPCC 0352] OK solve=139.1ms pose=(1.791,0.097,-0.370) u=(0.013,0.088) s=2.866 PSDFmin=+0.007669 G=OK(+0.00666) MF=OK(active=19/20,min=+0.1994,slack=+4.069e-17)
[RMPCC 0353] OK solve=144.6ms pose=(1.792,0.097,-0.361) u=(0.011,0.083) s=2.866 PSDFmin=+0.007769 G=OK(+0.006761) MF=OK(active=19/20,min=+0.1999,slack=+1.271e-12)
[RMPCC 0354] OK solve=138.0ms pose=(1.793,0.096,-0.353) u=(0.012,0.078) s=2.869 PSDFmin=+0.007867 G=OK(+0.00686) MF=OK(active=19/20,min=+0.1999,slack=+2.026e-15)
[RMPCC 0355] OK solve=137.6ms pose=(1.794,0.096,-0.345) u=(0.010,0.074) s=2.869 PSDFmin=+0.007966 G=OK(+0.00696) MF=OK(active=19/20,min=+0.2,slack=+3.038e-15)
[RMPCC 0356] OK solve=123.8ms pose=(1.795,0.096,-0.338) u=(0.011,0.070) s=2.871 PSDFmin=+0.008063 G=OK(+0.007057) MF=OK(active=19/20,min=+0.2,slack=+7.437e-13)
[RMPCC 0357] OK solve=121.1ms pose=(1.796,0.095,-0.331) u=(0.009,0.066) s=2.871 PSDFmin=+0.00816 G=OK(+0.007155) MF=OK(active=19/20,min=+0.2,slack=+4.603e-14)
[RMPCC 0358] OK solve=114.5ms pose=(1.797,0.095,-0.324) u=(0.009,0.063) s=2.871 PSDFmin=+0.008254 G=OK(+0.00725) MF=OK(active=19/20,min=+0.2,slack=+1.265e-15)
[RMPCC 0359] OK solve=133.0ms pose=(1.797,0.095,-0.318) u=(0.009,0.060) s=2.873 PSDFmin=+0.008347 G=OK(+0.007343) MF=OK(active=19/20,min=+0.2,slack=+2.409e-12)
[RMPCC 0360] OK solve=146.0ms pose=(1.798,0.094,-0.312) u=(0.008,0.056) s=2.873 PSDFmin=+0.008439 G=OK(+0.007435) MF=OK(active=19/20,min=+0.2,slack=+2.667e-15)
[RMPCC 0361] OK solve=138.0ms pose=(1.799,0.094,-0.306) u=(0.008,0.054) s=2.874 PSDFmin=+0.008528 G=OK(+0.007524) MF=OK(active=19/20,min=+0.2,slack=+1.203e-14)
[RMPCC 0362] OK solve=120.4ms pose=(1.800,0.094,-0.301) u=(0.008,0.051) s=2.875 PSDFmin=+0.008615 G=OK(+0.007612) MF=OK(active=19/20,min=+0.2,slack=+5.348e-15)
[RMPCC 0363] OK solve=115.4ms pose=(1.801,0.094,-0.296) u=(0.007,0.049) s=2.875 PSDFmin=+0.0087 G=OK(+0.007697) MF=OK(active=19/20,min=+0.2,slack=+4.823e-16)
[RMPCC 0364] OK solve=132.8ms pose=(1.801,0.094,-0.291) u=(0.007,0.046) s=2.876 PSDFmin=+0.008784 G=OK(+0.007781) MF=OK(active=19/20,min=+0.2,slack=+5.988e-15)
[RMPCC 0365] OK solve=129.5ms pose=(1.802,0.093,-0.286) u=(0.007,0.044) s=2.877 PSDFmin=+0.008865 G=OK(+0.007862) MF=OK(active=19/20,min=+0.2,slack=+3.038e-14)
[RMPCC 0366] OK solve=137.3ms pose=(1.803,0.093,-0.282) u=(0.007,0.042) s=2.877 PSDFmin=+0.008944 G=OK(+0.007942) MF=OK(active=19/20,min=+0.2,slack=+2.145e-14)
[RMPCC 0367] OK solve=141.9ms pose=(1.803,0.093,-0.278) u=(0.006,0.040) s=2.878 PSDFmin=+0.009022 G=OK(+0.00802) MF=OK(active=19/20,min=+0.2,slack=+5.583e-14)
[RMPCC 0368] OK solve=113.4ms pose=(1.804,0.093,-0.274) u=(0.006,0.038) s=2.879 PSDFmin=+0.009097 G=OK(+0.008095) MF=OK(active=19/20,min=+0.2,slack=+1.268e-13)
[RMPCC 0369] OK solve=133.0ms pose=(1.804,0.093,-0.270) u=(0.006,0.036) s=2.879 PSDFmin=+0.00917 G=OK(+0.008168) MF=OK(active=19/20,min=+0.2,slack=+2.352e-13)
[RMPCC 0370] OK solve=133.8ms pose=(1.805,0.092,-0.266) u=(0.006,0.035) s=2.880 PSDFmin=+0.009242 G=OK(+0.00824) MF=OK(active=19/20,min=+0.2,slack=+3.707e-13)
[RMPCC 0371] OK solve=125.7ms pose=(1.806,0.092,-0.263) u=(0.006,0.033) s=2.880 PSDFmin=+0.009311 G=OK(+0.00831) MF=OK(active=19/20,min=+0.2,slack=+5.266e-13)
[RMPCC 0372] OK solve=124.3ms pose=(1.806,0.092,-0.259) u=(0.005,0.032) s=2.881 PSDFmin=+0.009379 G=OK(+0.008378) MF=OK(active=19/20,min=+0.2,slack=+6.751e-13)
[RMPCC 0373] OK solve=133.6ms pose=(1.807,0.092,-0.256) u=(0.005,0.031) s=2.882 PSDFmin=+0.009445 G=OK(+0.008444) MF=OK(active=19/20,min=+0.2,slack=+9.018e-13)
[RMPCC 0374] OK solve=139.2ms pose=(1.807,0.092,-0.253) u=(0.005,0.029) s=2.882 PSDFmin=+0.009509 G=OK(+0.008508) MF=OK(active=19/20,min=+0.2,slack=+1.123e-12)
[RMPCC 0375] OK solve=128.2ms pose=(1.808,0.092,-0.250) u=(0.005,0.028) s=2.883 PSDFmin=+0.009572 G=OK(+0.008571) MF=OK(active=19/20,min=+0.2,slack=+1.232e-12)
[RMPCC 0376] OK solve=139.8ms pose=(1.808,0.092,-0.247) u=(0.005,0.027) s=2.883 PSDFmin=+0.009632 G=OK(+0.008631) MF=OK(active=19/20,min=+0.2,slack=+1.203e-12)
[RMPCC 0377] OK solve=132.3ms pose=(1.809,0.092,-0.245) u=(0.004,0.026) s=2.883 PSDFmin=+0.009691 G=OK(+0.00869) MF=OK(active=19/20,min=+0.2,slack=+1.028e-12)
[RMPCC 0378] OK solve=128.0ms pose=(1.809,0.091,-0.242) u=(0.004,0.024) s=2.884 PSDFmin=+0.009746 G=OK(+0.008745) MF=OK(active=19/20,min=+0.2,slack=+6.73e-13)
목적지에 도착했습니다! 현재 위치: [1.80938 0.09135], 시간: 37.90초
Using rmpcc optimizer with differential_drive dynamics:
median:  0.14455175399780273
std:  0.10141076081679158
min:  0.10511231422424316
max:  0.47490811347961426
Simulation finished.
Run outcome: status=success, reason=None, final_time=37.90000000000027, distance_to_goal=0.009676496572765451
Optimizer runtime stats: safe_stop_count=5, backup_feasible_qp_success_count=0, plant_input_apply_count=379, last_solve_mode=sqp_rti
Trial history saved to /home/taek111/projects/psdf_mpcc/debug_runs/rmpcc_tuning/p4-h20_maze_r1/data/trial_history_MPC_rmpcc_rectangle_maze_p4-h20_maze_r1.csv
RMPCC constraint history saved to /home/taek111/projects/psdf_mpcc/debug_runs/rmpcc_tuning/p4-h20_maze_r1/data/rmpcc_constraints_MPC_rmpcc_rectangle_maze_p4-h20_maze_r1.csv
RMPCC debug history saved to /home/taek111/projects/psdf_mpcc/debug_runs/rmpcc_tuning/p4-h20_maze_r1/data/cycle_raw.csv
RMPCC debug history saved to /home/taek111/projects/psdf_mpcc/debug_runs/rmpcc_tuning/p4-h20_maze_r1/data/covariance_trajectory.csv
Pose-SDF data saved to /home/taek111/projects/psdf_mpcc/debug_runs/rmpcc_tuning/p4-h20_maze_r1/data/pose_sdf_MPC_rmpcc_rectangle_maze_p4-h20_maze_r1.csv
Total data points: 379
SDF statistics - Min: -0.0096, Max: 0.0627, Mean: 0.0151
