RMPCC configured from config: horizon=20, tf=2.0, use_obstacle_constraint=True, use_row_mf=True, d_col=0.001, d_min=0.001, d_mf_mask=0.001, mf_slack_linear=100.0, mf_slack_quadratic=0.1, chance_epsilon=0.2, mf_active_start_step=1, mf_active_end_step=None, mf_active_terminal=True, sigma_f0=0.0002, sigma_l0=0.00025, sigma_psi0=0.00025, q_f0=0.0, q_l0=0.0, q_psi0=0.0, alpha_f=0.002, alpha_v=0.0004, alpha_kappa=0.01, beta_v=0.02, beta_kappa=0.008, beta_omega=0.008, enable_backup_solver=False, debug_mf=True, debug_infeasibility=True, augmented_psdf_device=cpu
Resetting rmpcc optimizer for clean state...
Trial failure criteria enabled: movement_window_sec=5.0, movement_threshold=0.005, max_consecutive_solver_failures=10
generating global path with A* + Line of Sight
시작 위치: [0.3 0.2]
목적지: [0.8 0.8]
도착 판정 기준: position <= 0.01m, angle <= 0.01rad
Setting up RMPCC-MF optimizer...
RMPCC-MF Row M configuration: enabled=True, active only when phi > d_mf_mask=0.001, configured stages=[1, 2, 3, 4, 5, 6, 7, 8, 9, 10, 11, 12, 13, 14, 15, 16, 17, 18, 19, 20]
/home/taek111/projects/psdf_mpcc/models/geometry_utils.py:241: UserWarning: Creating a tensor from a list of numpy.ndarrays is extremely slow. Please consider converting the list to a single numpy.ndarray with numpy.array() before converting to a tensor. (Triggered internally at ../torch/csrc/utils/tensor_new.cpp:230.)
  edgesA = torch.tensor(edgesA, dtype=torch.float32)
Added two affine safety rows at intermediate/terminal stages: 0=HARD guard/recovery, 1=SOFT MF
field AcadosOcpDims.N has been migrated to AcadosOcpOptions.N_horizon. setting AcadosOcpOptions.N_horizon = N. For future comppatibility, please use AcadosOcpOptions.N_horizon directly.

WARNING: Gauss-Newton Hessian approximation with EXTERNAL cost type not well defined!
got cost_type EXTERNAL for cost_type_0, cost_type, cost_type_e, hessian_approx: 'GAUSS_NEWTON'.
With this setting, acados will proceed computing the exact Hessian for the cost term and no Hessian contribution from constraints and dynamics.
If the external cost is a linear least squares cost, this coincides with the Gauss-Newton Hessian.
Note: There is also the option to use the external cost module with a numerical Hessian approximation (see `ext_cost_num_hess`).
OR the option to provide a symbolic custom Hessian approximation (see `cost_expr_ext_cost_custom_hess`).

acados was compiled without OpenMP.
RMPCC-MF backup SQP_WITH_FEASIBLE_QP solver disabled; using nominal safe-stop recovery.
[RMPCC 0000] OK solve=65.5ms pose=(0.300,0.200,0.000) u=(0.091,-0.000) s=0.016 PSDFmin=-0.0149 G=OK(+0.104) MF=OK(active=20/20,min=+0.2,slack=+1.965e-12)
[RMPCC 0001] OK solve=57.9ms pose=(0.309,0.200,-0.000) u=(0.071,0.766) s=0.026 PSDFmin=+0.01016 G=OK(+0.008772) MF=OK(active=18/20,min=+0.2,slack=+4.092e-13)
[RMPCC 0002] OK solve=54.2ms pose=(0.316,0.200,0.077) u=(0.068,0.855) s=0.031 PSDFmin=-0.0006441 G=OK(+0.02558) MF=OK(active=20/20,min=+1.298e-08,slack=+5.899e-12)
[RMPCC 0003] OK solve=64.9ms pose=(0.323,0.201,0.162) u=(0.098,0.567) s=0.040 PSDFmin=+0.007067 G=OK(+0.01439) MF=OK(active=19/20,min=+8.976e-15,slack=+9.606e-17)
[RMPCC 0004] OK solve=156.7ms pose=(0.333,0.202,0.219) u=(0.105,0.842) s=0.047 PSDFmin=-0.02598 G=OK(+0.028) MF=OK(active=20/20,min=+3.518e-13,slack=+2.556e-15)
[RMPCC 0005] OK solve=158.2ms pose=(0.343,0.204,0.303) u=(0.101,0.628) s=0.058 PSDFmin=+0.004425 G=OK(+0.001262) MF=OK(active=15/20,min=-7.531e-15,slack=+9.2e-16)
[RMPCC 0006] OK solve=59.8ms pose=(0.353,0.207,0.366) u=(0.149,0.239) s=0.071 PSDFmin=-0.001578 G=OK(+0.02022) MF=OK(active=20/20,min=+9.605e-14,slack=+5.721e-16)
[RMPCC 0007] OK solve=52.8ms pose=(0.366,0.213,0.390) u=(0.120,1.136) s=0.083 PSDFmin=+0.002169 G=OK(+0.02044) MF=OK(active=18/20,min=+5.762e-11,slack=+2.858e-13)
[RMPCC 0008] OK solve=58.6ms pose=(0.378,0.217,0.503) u=(0.129,0.527) s=0.095 PSDFmin=+0.007663 G=OK(+0.02691) MF=OK(active=20/20,min=+2.626e-13,slack=+1.537e-15)
[RMPCC 0009] OK solve=60.1ms pose=(0.389,0.223,0.556) u=(0.089,0.899) s=0.106 PSDFmin=+0.007715 G=OK(+0.009761) MF=OK(active=20/20,min=+1.25e-14,slack=+6.229e-17)
[RMPCC 0010] OK solve=58.6ms pose=(0.396,0.228,0.646) u=(0.114,0.406) s=0.116 PSDFmin=+0.0153 G=OK(+0.01707) MF=OK(active=20/20,min=+1.096e-10,slack=+3.243e-13)
[RMPCC 0011] OK solve=127.4ms pose=(0.405,0.235,0.687) u=(0.082,0.157) s=0.125 PSDFmin=-0.008078 G=OK(+0.009959) MF=OK(active=20/20,min=+4.072e-13,slack=+2.654e-15)
[RMPCC 0012] OK solve=130.0ms pose=(0.412,0.240,0.702) u=(0.090,0.787) s=0.135 PSDFmin=-0.006938 G=OK(+0.0005442) MF=OK(active=17/20,min=+6.503e-10,slack=+5.209e-13)
[RMPCC 0013] OK solve=53.9ms pose=(0.419,0.246,0.781) u=(0.121,0.332) s=0.143 PSDFmin=+0.00456 G=OK(+0.01815) MF=OK(active=13/20,min=+1.249e-09,slack=+3.086e-12)
[RMPCC 0014] OK solve=125.6ms pose=(0.427,0.255,0.814) u=(0.540,-1.071) s=0.147 PSDFmin=-0.01759 G=OK(+2.22e-16) MF=OK(active=20/20,min=-1.402e-15,slack=+0.5966)
[RMPCC 0015] OK solve=199.2ms pose=(0.464,0.294,0.707) u=(0.276,-1.182) s=0.199 PSDFmin=+0.0007784 G=OK(+2.02e-10) MF=OK(active=14/20,min=+9.695e-10,slack=+2.172e-11)
Acados solver failed with status 4
Acados residuals [stat, eq, ineq, comp]: [48.95545  0.11824  1.17511  0.05551]
Acados SQP iterations: 1
RMPCC-MF diagnostics captured before infeasibility recovery.
RMPCC-MF failed-iterate infeasibility candidates:
  - {'constraint': 'row_g_hard_guard', 'stages': array([18]), 'minimum_residual': -0.00022158848494291394}
  - {'constraint': 'row_m_soft_after_slack', 'stages': array([ 1,  4,  9, 10, 12, 13, 14, 15, 16, 17]), 'minimum_residual': -1.175109891979167}
  - {'constraint': 'dynamics_or_stage0_equality', 'maximum_residual': 0.11823901732038583}
RMPCC-MF inactive Row M stages are trivially feasible.
RMPCC-MF minimum box residuals [state | input]: 5.244580189484751e-13 | 3.811503979100905e-08
SQP_RTI solver failed with status 4. Starting infeasible recovery.
Backup solver is unavailable; falling back to safe stop.
Applied nominal_safe_controller safe-stop plan after infeasible RMPCC-MF solve.
[RMPCC 0016] SAFE_STOP solve=244.5ms pose=(0.485,0.312,0.589) u=(0.176,0.000) s=0.227 PSDFmin=-0.01865 G=FAIL(-0.04443) MF=FAIL(active=17/20,min=n/a,slack=n/a)
Acados solver failed with status 4
Acados residuals [stat, eq, ineq, comp]: [100.        0.01462   0.01965   0.     ]
Acados SQP iterations: 1
RMPCC-MF diagnostics captured before infeasibility recovery.
RMPCC-MF failed-iterate infeasibility candidates:
  - {'constraint': 'row_g_hard_guard', 'stages': array([ 1,  2,  3,  4,  5,  6,  7,  8,  9, 10, 11, 12, 13, 14, 15, 16, 17,
       18, 19, 20]), 'minimum_residual': -0.019648646771907807}
  - {'constraint': 'dynamics_or_stage0_equality', 'maximum_residual': 0.014617039335269089}
RMPCC-MF inactive Row M stages are trivially feasible.
RMPCC-MF minimum box residuals [state | input]: 0.0 | 0.0
SQP_RTI solver failed with status 4. Starting infeasible recovery.
Backup solver is unavailable; falling back to safe stop.
Applied nominal_safe_controller safe-stop plan after infeasible RMPCC-MF solve.
[RMPCC 0017] SAFE_STOP solve=89.3ms pose=(0.500,0.322,0.589) u=(0.076,0.000) s=0.241 PSDFmin=-0.01865 G=FAIL(-0.01965) MF=inactive(active=0/20)
Acados solver failed with status 4
Acados residuals [stat, eq, ineq, comp]: [100.        0.0063    0.01965   0.     ]
Acados SQP iterations: 1
RMPCC-MF diagnostics captured before infeasibility recovery.
RMPCC-MF failed-iterate infeasibility candidates:
  - {'constraint': 'row_g_hard_guard', 'stages': array([ 1,  2,  3,  4,  5,  6,  7,  8,  9, 10, 11, 12, 13, 14, 15, 16, 17,
       18, 19, 20]), 'minimum_residual': -0.019648646771907807}
  - {'constraint': 'dynamics_or_stage0_equality', 'maximum_residual': 0.006301095761204412}
RMPCC-MF inactive Row M stages are trivially feasible.
RMPCC-MF minimum box residuals [state | input]: 3.9e-08 | 0.0
SQP_RTI solver failed with status 4. Starting infeasible recovery.
Backup solver is unavailable; falling back to safe stop.
Applied nominal_safe_controller safe-stop plan after infeasible RMPCC-MF solve.
[RMPCC 0018] SAFE_STOP solve=92.7ms pose=(0.506,0.326,0.589) u=(0.000,0.000) s=0.241 PSDFmin=-0.01865 G=FAIL(-0.01965) MF=inactive(active=0/20)
[RMPCC 0019] OK solve=59.1ms pose=(0.506,0.326,0.589) u=(-0.233,0.548) s=0.241 PSDFmin=+0.001131 G=OK(+3.109e-14) MF=inactive(active=0/20)
[RMPCC 0020] OK solve=136.2ms pose=(0.487,0.313,0.644) u=(-0.117,0.532) s=0.229 PSDFmin=+0.001046 G=OK(+2.316e-12) MF=OK(active=20/20,min=+0.1953,slack=+1.825e-14)
[RMPCC 0021] OK solve=133.8ms pose=(0.478,0.306,0.697) u=(-0.058,0.661) s=0.215 PSDFmin=+0.01593 G=OK(+0.01389) MF=OK(active=19/20,min=+3.559e-11,slack=+8.802e-14)
[RMPCC 0022] OK solve=56.4ms pose=(0.473,0.302,0.763) u=(-0.029,0.833) s=0.211 PSDFmin=-0.01852 G=OK(+0.01686) MF=OK(active=20/20,min=+4.425e-11,slack=+1.052e-13)
[RMPCC 0023] OK solve=58.7ms pose=(0.471,0.300,0.846) u=(-0.014,0.685) s=0.208 PSDFmin=+0.01659 G=OK(+0.01838) MF=OK(active=16/20,min=+3.804e-14,slack=+2.526e-14)
[RMPCC 0024] OK solve=140.1ms pose=(0.470,0.299,0.915) u=(-0.007,0.342) s=0.207 PSDFmin=-0.02913 G=OK(+0.02035) MF=OK(active=20/20,min=+1.011e-17,slack=+1.011e-17)
[RMPCC 0025] OK solve=128.4ms pose=(0.470,0.298,0.949) u=(-0.003,0.949) s=0.206 PSDFmin=+0.01248 G=OK(+2.554e-15) MF=OK(active=15/20,min=+1.128e-13,slack=+2.468e-17)
[RMPCC 0026] OK solve=125.9ms pose=(0.469,0.298,1.044) u=(0.000,0.474) s=0.206 PSDFmin=+0.003235 G=OK(+0.003513) MF=OK(active=20/20,min=+7.017e-12,slack=+1.104e-13)
[RMPCC 0027] OK solve=199.4ms pose=(0.469,0.298,1.091) u=(0.082,0.717) s=0.206 PSDFmin=-0.01683 G=OK(+0.01289) MF=OK(active=16/20,min=+6.434e-07,slack=+4.486e-12)
[RMPCC 0028] OK solve=125.4ms pose=(0.473,0.305,1.163) u=(0.112,0.704) s=0.214 PSDFmin=+0.01216 G=OK(+0.01248) MF=OK(active=17/20,min=+1.055e-11,slack=+1.907e-14)
[RMPCC 0029] OK solve=130.7ms pose=(0.478,0.316,1.233) u=(0.061,0.343) s=0.224 PSDFmin=-0.00346 G=OK(+0.01314) MF=OK(active=20/20,min=+6.922e-12,slack=+7.889e-14)
[RMPCC 0030] OK solve=240.4ms pose=(0.480,0.322,1.267) u=(0.099,0.697) s=0.229 PSDFmin=+0.003712 G=OK(+2.863e-12) MF=OK(active=16/20,min=+5.032e-10,slack=+4.269e-14)
[RMPCC 0031] OK solve=240.8ms pose=(0.483,0.331,1.337) u=(0.116,0.238) s=0.235 PSDFmin=+0.01544 G=OK(+0.01419) MF=OK(active=19/20,min=+1.807e-08,slack=+3.626e-11)
[RMPCC 0032] OK solve=202.6ms pose=(0.485,0.342,1.361) u=(0.058,0.119) s=0.246 PSDFmin=-0.01737 G=OK(+0.01468) MF=OK(active=17/20,min=+2e-12,slack=+2.921e-15)
[RMPCC 0033] OK solve=131.3ms pose=(0.487,0.348,1.373) u=(0.122,0.358) s=0.255 PSDFmin=+0.01422 G=OK(+0.01277) MF=OK(active=15/20,min=+2.902e-10,slack=+2.841e-12)
[RMPCC 0034] OK solve=120.7ms pose=(0.489,0.360,1.409) u=(0.080,0.115) s=0.269 PSDFmin=-0.0212 G=OK(+0.01573) MF=OK(active=20/20,min=+1.111e-14,slack=+1.058e-16)
[RMPCC 0035] OK solve=137.8ms pose=(0.490,0.368,1.420) u=(0.118,0.176) s=0.284 PSDFmin=-0.005404 G=OK(+0.0131) MF=OK(active=16/20,min=+6.175e-13,slack=+2.357e-16)
[RMPCC 0036] OK solve=59.4ms pose=(0.492,0.379,1.438) u=(0.078,0.233) s=0.285 PSDFmin=+0.01472 G=OK(+0.01362) MF=OK(active=13/20,min=+2.394e-12,slack=+6.07e-15)
[RMPCC 0037] OK solve=55.1ms pose=(0.493,0.387,1.461) u=(0.092,0.024) s=0.300 PSDFmin=-0.0054 G=OK(+0.01763) MF=OK(active=20/20,min=+3.429e-10,slack=+2.834e-12)
[RMPCC 0038] OK solve=68.0ms pose=(0.494,0.396,1.464) u=(0.124,0.255) s=0.301 PSDFmin=+0.01649 G=OK(+0.01891) MF=OK(active=13/20,min=+0.04855,slack=+6.637e-12)
[RMPCC 0039] OK solve=144.9ms pose=(0.495,0.409,1.489) u=(0.062,0.127) s=0.317 PSDFmin=+0.0051 G=OK(+0.02014) MF=OK(active=20/20,min=+1.081e-08,slack=+5.198e-11)
[RMPCC 0040] OK solve=147.3ms pose=(0.496,0.415,1.502) u=(0.134,0.402) s=0.319 PSDFmin=+0.01297 G=OK(+0.02284) MF=OK(active=18/20,min=+1.425e-08,slack=+7.223e-12)
[RMPCC 0041] OK solve=69.1ms pose=(0.497,0.428,1.542) u=(0.135,0.087) s=0.335 PSDFmin=-0.001146 G=OK(+0.0246) MF=OK(active=20/20,min=+9.845e-13,slack=+2.165e-15)
[RMPCC 0042] OK solve=66.1ms pose=(0.497,0.442,1.551) u=(0.148,0.083) s=0.353 PSDFmin=+0.01958 G=OK(+0.01968) MF=OK(active=14/20,min=+1.354e-11,slack=+9.81e-15)
[RMPCC 0043] OK solve=66.5ms pose=(0.497,0.456,1.559) u=(0.137,0.193) s=0.360 PSDFmin=-0.008714 G=OK(+0.01083) MF=OK(active=20/20,min=+6.012e-12,slack=+2.404e-14)
[RMPCC 0044] OK solve=66.4ms pose=(0.498,0.470,1.578) u=(0.173,-0.123) s=0.375 PSDFmin=+0.003613 G=OK(+0.02465) MF=OK(active=16/20,min=+7.012e-11,slack=+3.135e-13)
[RMPCC 0045] OK solve=69.3ms pose=(0.497,0.487,1.566) u=(0.191,0.337) s=0.391 PSDFmin=+0.001233 G=OK(+0.02846) MF=OK(active=20/20,min=+6.238e-15,slack=+2.074e-17)
[RMPCC 0046] OK solve=67.9ms pose=(0.498,0.507,1.600) u=(0.185,-0.008) s=0.410 PSDFmin=+0.01127 G=OK(+0.02284) MF=OK(active=20/20,min=+1.144e-12,slack=+2.974e-15)
[RMPCC 0047] OK solve=71.6ms pose=(0.497,0.525,1.599) u=(0.172,0.305) s=0.429 PSDFmin=-0.00446 G=OK(+0.0178) MF=OK(active=20/20,min=+8.932e-15,slack=+5.004e-17)
[RMPCC 0048] OK solve=69.1ms pose=(0.497,0.542,1.629) u=(0.177,-0.028) s=0.442 PSDFmin=+0.01035 G=OK(+0.01338) MF=OK(active=17/20,min=+1.303e-12,slack=+6.008e-15)
[RMPCC 0049] OK solve=66.9ms pose=(0.496,0.560,1.627) u=(0.179,0.134) s=0.455 PSDFmin=-0.004196 G=OK(+0.01428) MF=OK(active=20/20,min=+1.982e-13,slack=+1.94e-15)
[RMPCC 0050] OK solve=67.2ms pose=(0.495,0.578,1.640) u=(0.176,-0.432) s=0.470 PSDFmin=+0.0001951 G=OK(+0.01333) MF=OK(active=17/20,min=+3.564e-14,slack=+1.116e-16)
[RMPCC 0051] OK solve=65.3ms pose=(0.493,0.595,1.597) u=(0.157,-0.155) s=0.485 PSDFmin=+0.01437 G=OK(+0.01709) MF=OK(active=18/20,min=+3.47e-13,slack=+5.997e-16)
[RMPCC 0052] OK solve=66.1ms pose=(0.493,0.611,1.581) u=(0.295,-1.200) s=0.513 PSDFmin=-0.003028 G=OK(+0.001797) MF=OK(active=20/20,min=+1.253e-17,slack=+1.253e-17)
[RMPCC 0053] OK solve=66.4ms pose=(0.493,0.641,1.461) u=(0.185,-0.705) s=0.541 PSDFmin=+0.007427 G=OK(+0.00697) MF=OK(active=19/20,min=+2.426e-11,slack=+2.819e-14)
[RMPCC 0054] OK solve=70.1ms pose=(0.495,0.659,1.391) u=(0.094,-0.545) s=0.555 PSDFmin=+0.01007 G=OK(+0.009061) MF=OK(active=20/20,min=+3.748e-13,slack=+9.107e-16)
[RMPCC 0055] OK solve=67.5ms pose=(0.496,0.668,1.336) u=(0.154,-0.415) s=0.569 PSDFmin=+0.01149 G=OK(+0.01043) MF=OK(active=20/20,min=+2.758e-14,slack=+4.546e-17)
[RMPCC 0056] OK solve=67.3ms pose=(0.500,0.683,1.295) u=(0.102,-0.580) s=0.583 PSDFmin=+0.01089 G=OK(+0.009781) MF=OK(active=20/20,min=+4.784e-12,slack=+2.789e-13)
[RMPCC 0057] OK solve=65.2ms pose=(0.503,0.693,1.237) u=(0.148,-0.439) s=0.583 PSDFmin=+0.01336 G=OK(+0.0123) MF=OK(active=20/20,min=+4.67e-14,slack=+7.208e-17)
[RMPCC 0058] OK solve=65.9ms pose=(0.508,0.707,1.193) u=(0.122,-0.642) s=0.611 PSDFmin=+0.01466 G=OK(+0.01351) MF=OK(active=20/20,min=+4.091e-13,slack=+5.455e-16)
[RMPCC 0059] OK solve=66.1ms pose=(0.512,0.718,1.129) u=(0.140,-0.717) s=0.625 PSDFmin=+0.01743 G=OK(+0.01624) MF=OK(active=20/20,min=+1.095e-12,slack=+1.158e-15)
[RMPCC 0060] OK solve=67.5ms pose=(0.518,0.731,1.057) u=(0.126,-0.804) s=0.638 PSDFmin=+0.02013 G=OK(+0.01907) MF=OK(active=20/20,min=+2.402e-12,slack=+4.465e-13)
[RMPCC 0061] OK solve=67.5ms pose=(0.524,0.742,0.977) u=(0.121,-0.893) s=0.651 PSDFmin=+0.0215 G=OK(+0.01968) MF=OK(active=20/20,min=+1.291e-13,slack=+1.195e-14)
[RMPCC 0062] OK solve=62.0ms pose=(0.531,0.752,0.887) u=(0.113,-0.976) s=0.666 PSDFmin=+0.0235 G=OK(+0.02172) MF=OK(active=20/20,min=+9.855e-12,slack=+1.058e-13)
[RMPCC 0063] OK solve=65.1ms pose=(0.538,0.761,0.790) u=(0.110,-0.974) s=0.680 PSDFmin=+0.02595 G=OK(+0.02422) MF=OK(active=20/20,min=+0.003192,slack=+5.536e-16)
[RMPCC 0064] OK solve=69.3ms pose=(0.546,0.769,0.692) u=(0.115,-0.836) s=0.699 PSDFmin=+0.0285 G=OK(+0.0268) MF=OK(active=20/20,min=+0.06462,slack=+4.471e-11)
[RMPCC 0065] OK solve=70.1ms pose=(0.555,0.776,0.609) u=(0.112,-0.726) s=0.713 PSDFmin=+0.03115 G=OK(+0.02953) MF=OK(active=20/20,min=+0.1196,slack=+1.604e-14)
[RMPCC 0066] OK solve=65.2ms pose=(0.564,0.782,0.536) u=(0.112,-0.626) s=0.729 PSDFmin=+0.03379 G=OK(+0.03224) MF=OK(active=20/20,min=+0.1603,slack=+6.632e-12)
[RMPCC 0067] OK solve=69.6ms pose=(0.574,0.788,0.473) u=(0.111,-0.542) s=0.745 PSDFmin=+0.03644 G=OK(+0.03496) MF=OK(active=20/20,min=+0.1877,slack=+2.966e-15)
[RMPCC 0068] OK solve=68.6ms pose=(0.583,0.793,0.419) u=(0.101,-0.467) s=0.752 PSDFmin=+0.03902 G=OK(+0.03764) MF=OK(active=20/20,min=+0.1991,slack=+1.246e-13)
[RMPCC 0069] OK solve=68.1ms pose=(0.593,0.797,0.373) u=(0.102,-0.403) s=0.767 PSDFmin=+0.04149 G=OK(+0.04015) MF=OK(active=20/20,min=+0.1997,slack=+2.634e-17)
[RMPCC 0070] OK solve=60.7ms pose=(0.602,0.801,0.332) u=(0.102,-0.354) s=0.783 PSDFmin=+0.04389 G=OK(+0.04259) MF=OK(active=20/20,min=+0.2,slack=+8.142e-14)
[RMPCC 0071] OK solve=60.5ms pose=(0.612,0.804,0.297) u=(0.095,-0.310) s=0.790 PSDFmin=+0.04622 G=OK(+0.04497) MF=OK(active=20/20,min=+0.2,slack=+5.106e-17)
[RMPCC 0072] OK solve=63.9ms pose=(0.621,0.807,0.266) u=(0.088,-0.269) s=0.798 PSDFmin=+0.04855 G=OK(+0.0472) MF=OK(active=20/20,min=+0.2,slack=+2.02e-17)
[RMPCC 0073] OK solve=64.7ms pose=(0.629,0.810,0.239) u=(0.091,-0.238) s=0.813 PSDFmin=+0.05159 G=OK(+0.04996) MF=OK(active=20/20,min=+0.2,slack=+7.805e-13)
[RMPCC 0074] OK solve=66.4ms pose=(0.638,0.812,0.215) u=(0.086,-0.211) s=0.821 PSDFmin=+0.0548 G=OK(+0.05374) MF=OK(active=20/20,min=+0.2,slack=+3.273e-17)
[RMPCC 0075] OK solve=68.4ms pose=(0.647,0.814,0.194) u=(0.081,-0.187) s=0.828 PSDFmin=+0.0576 G=OK(+0.05659) MF=OK(active=20/20,min=+0.2,slack=+5.626e-12)
[RMPCC 0076] OK solve=69.3ms pose=(0.655,0.815,0.175) u=(0.077,-0.165) s=0.836 PSDFmin=+0.06006 G=OK(+0.05905) MF=OK(active=20/20,min=+0.2,slack=+2.29e-17)
[RMPCC 0077] OK solve=65.5ms pose=(0.662,0.816,0.159) u=(0.074,-0.147) s=0.843 PSDFmin=+0.06224 G=OK(+0.06123) MF=OK(active=20/20,min=+0.2,slack=+4.053e-17)
[RMPCC 0078] OK solve=69.7ms pose=(0.670,0.818,0.144) u=(0.071,-0.132) s=0.851 PSDFmin=+0.06417 G=OK(+0.06316) MF=OK(active=20/20,min=+0.2,slack=+1.335e-16)
[RMPCC 0079] OK solve=65.3ms pose=(0.677,0.819,0.131) u=(0.069,-0.119) s=0.859 PSDFmin=+0.0659 G=OK(+0.06489) MF=OK(active=20/20,min=+0.2,slack=+3.457e-15)
[RMPCC 0080] OK solve=64.6ms pose=(0.684,0.820,0.119) u=(0.068,-0.107) s=0.866 PSDFmin=+0.06745 G=OK(+0.06645) MF=OK(active=20/20,min=+0.2,slack=+7.056e-15)
[RMPCC 0081] OK solve=65.6ms pose=(0.690,0.820,0.108) u=(0.066,-0.097) s=0.874 PSDFmin=+0.06885 G=OK(+0.06785) MF=OK(active=20/20,min=+0.2,slack=+9.674e-15)
[RMPCC 0082] OK solve=65.1ms pose=(0.697,0.821,0.099) u=(0.056,-0.087) s=0.874 PSDFmin=+0.07003 G=OK(+0.06902) MF=OK(active=20/20,min=+0.2,slack=+2.019e-14)
[RMPCC 0083] OK solve=61.4ms pose=(0.702,0.822,0.090) u=(0.056,-0.078) s=0.881 PSDFmin=+0.07098 G=OK(+0.06998) MF=OK(active=20/20,min=+0.2,slack=+1.615e-14)
[RMPCC 0084] OK solve=63.1ms pose=(0.708,0.822,0.082) u=(0.057,-0.072) s=0.889 PSDFmin=+0.07095 G=OK(+0.06995) MF=OK(active=20/20,min=+0.2,slack=+1.072e-14)
[RMPCC 0085] OK solve=64.6ms pose=(0.714,0.823,0.075) u=(0.048,-0.065) s=0.889 PSDFmin=+0.07091 G=OK(+0.06991) MF=OK(active=20/20,min=+0.2,slack=+9.222e-15)
[RMPCC 0086] OK solve=67.9ms pose=(0.719,0.823,0.069) u=(0.050,-0.059) s=0.897 PSDFmin=+0.07089 G=OK(+0.06989) MF=OK(active=20/20,min=+0.2,slack=+4.652e-15)
[RMPCC 0087] OK solve=68.7ms pose=(0.724,0.823,0.063) u=(0.052,-0.054) s=0.904 PSDFmin=+0.07086 G=OK(+0.06986) MF=OK(active=20/20,min=+0.2,slack=+2.641e-15)
[RMPCC 0088] OK solve=60.3ms pose=(0.729,0.824,0.057) u=(0.044,-0.049) s=0.904 PSDFmin=+0.07082 G=OK(+0.06982) MF=OK(active=20/20,min=+0.2,slack=+1.577e-15)
[RMPCC 0089] OK solve=54.9ms pose=(0.733,0.824,0.052) u=(0.046,-0.045) s=0.912 PSDFmin=+0.0708 G=OK(+0.0698) MF=OK(active=20/20,min=+0.2,slack=+7.438e-16)
[RMPCC 0090] OK solve=59.5ms pose=(0.738,0.824,0.048) u=(0.039,-0.041) s=0.912 PSDFmin=+0.07077 G=OK(+0.06977) MF=OK(active=20/20,min=+0.2,slack=+6.089e-16)
[RMPCC 0091] OK solve=58.2ms pose=(0.742,0.824,0.044) u=(0.042,-0.038) s=0.919 PSDFmin=+0.07076 G=OK(+0.06976) MF=OK(active=20/20,min=+0.2,slack=+3.338e-16)
[RMPCC 0092] OK solve=52.9ms pose=(0.746,0.824,0.040) u=(0.036,-0.035) s=0.919 PSDFmin=+0.07073 G=OK(+0.06973) MF=OK(active=20/20,min=+0.2,slack=+1.207e-16)
[RMPCC 0093] OK solve=54.2ms pose=(0.749,0.825,0.036) u=(0.040,-0.032) s=0.927 PSDFmin=+0.07072 G=OK(+0.06972) MF=OK(active=20/20,min=+0.2,slack=+3.63e-16)
[RMPCC 0094] OK solve=63.3ms pose=(0.753,0.825,0.033) u=(0.034,-0.030) s=0.927 PSDFmin=+0.07069 G=OK(+0.06969) MF=OK(active=20/20,min=+0.2,slack=+1.621e-16)
[RMPCC 0095] OK solve=63.6ms pose=(0.757,0.825,0.030) u=(0.028,-0.027) s=0.927 PSDFmin=+0.07065 G=OK(+0.06968) MF=OK(active=20/20,min=+0.2,slack=+8.526e-16)
[RMPCC 0096] OK solve=57.1ms pose=(0.760,0.825,0.027) u=(0.033,-0.025) s=0.935 PSDFmin=+0.07059 G=OK(+0.06959) MF=OK(active=20/20,min=+0.2,slack=+2.342e-16)
[RMPCC 0097] OK solve=56.7ms pose=(0.763,0.825,0.025) u=(0.029,-0.023) s=0.935 PSDFmin=+0.07055 G=OK(+0.06955) MF=OK(active=20/20,min=+0.2,slack=+1.603e-15)
[RMPCC 0098] OK solve=62.0ms pose=(0.766,0.825,0.022) u=(0.024,-0.021) s=0.935 PSDFmin=+0.07051 G=OK(+0.06951) MF=OK(active=20/20,min=+0.2,slack=+1.263e-13)
[RMPCC 0099] OK solve=57.4ms pose=(0.768,0.825,0.020) u=(0.030,-0.020) s=0.942 PSDFmin=+0.07046 G=OK(+0.06946) MF=OK(active=20/20,min=+0.2,slack=+8.611e-17)
[RMPCC 0100] OK solve=53.1ms pose=(0.771,0.825,0.018) u=(0.026,-0.019) s=0.942 PSDFmin=+0.07042 G=OK(+0.06942) MF=OK(active=20/20,min=+0.2,slack=+1.828e-15)
[RMPCC 0101] OK solve=59.6ms pose=(0.774,0.825,0.016) u=(0.021,-0.017) s=0.942 PSDFmin=+0.07039 G=OK(+0.06939) MF=OK(active=20/20,min=+0.2,slack=+1.729e-13)
[RMPCC 0102] OK solve=60.8ms pose=(0.776,0.825,0.015) u=(0.028,-0.016) s=0.950 PSDFmin=+0.07033 G=OK(+0.06933) MF=OK(active=20/20,min=+0.2,slack=+2.887e-16)
[RMPCC 0103] OK solve=56.6ms pose=(0.779,0.825,0.013) u=(0.024,-0.015) s=0.950 PSDFmin=+0.0703 G=OK(+0.0693) MF=OK(active=20/20,min=+0.2,slack=+1.118e-15)
[RMPCC 0104] OK solve=57.5ms pose=(0.781,0.825,0.012) u=(0.020,-0.014) s=0.950 PSDFmin=+0.07027 G=OK(+0.06927) MF=OK(active=20/20,min=+0.2,slack=+1.115e-14)
[RMPCC 0105] OK solve=53.9ms pose=(0.783,0.825,0.010) u=(0.017,-0.013) s=0.950 PSDFmin=+0.07024 G=OK(+0.06924) MF=OK(active=20/20,min=+0.2,slack=+7.251e-14)
[RMPCC 0106] OK solve=58.9ms pose=(0.785,0.825,0.009) u=(0.014,-0.012) s=0.950 PSDFmin=+0.07021 G=OK(+0.06921) MF=OK(active=20/20,min=+0.2,slack=+2.487e-17)
[RMPCC 0107] OK solve=55.0ms pose=(0.786,0.825,0.008) u=(0.021,-0.011) s=0.957 PSDFmin=+0.07016 G=OK(+0.06916) MF=OK(active=20/20,min=+0.2,slack=+1.197e-12)
[RMPCC 0108] OK solve=58.0ms pose=(0.788,0.825,0.007) u=(0.018,-0.011) s=0.957 PSDFmin=+0.07014 G=OK(+0.06914) MF=OK(active=20/20,min=+0.2,slack=+1.491e-13)
[RMPCC 0109] OK solve=56.9ms pose=(0.790,0.825,0.006) u=(0.016,-0.010) s=0.957 PSDFmin=+0.07011 G=OK(+0.06911) MF=OK(active=20/20,min=+0.2,slack=+4.343e-13)
[RMPCC 0110] OK solve=57.8ms pose=(0.792,0.825,0.005) u=(0.013,-0.009) s=0.957 PSDFmin=+0.07008 G=OK(+0.06908) MF=OK(active=20/20,min=+0.2,slack=+2.974e-17)
[RMPCC 0111] OK solve=54.7ms pose=(0.793,0.825,0.004) u=(0.011,-0.008) s=0.957 PSDFmin=+0.07006 G=OK(+0.06906) MF=OK(active=20/20,min=+0.2,slack=+2.963e-17)
[RMPCC 0112] OK solve=64.8ms pose=(0.794,0.825,0.003) u=(0.019,-0.008) s=0.965 PSDFmin=+0.07002 G=OK(+0.06902) MF=OK(active=20/20,min=+0.2,slack=+5.78e-13)
[RMPCC 0113] OK solve=59.6ms pose=(0.796,0.825,0.002) u=(0.016,-0.008) s=0.965 PSDFmin=+0.07 G=OK(+0.069) MF=OK(active=20/20,min=+0.2,slack=+6.698e-13)
[RMPCC 0114] OK solve=61.1ms pose=(0.798,0.825,0.001) u=(0.014,-0.007) s=0.965 PSDFmin=+0.06998 G=OK(+0.06898) MF=OK(active=20/20,min=+0.2,slack=+5.207e-17)
[RMPCC 0115] OK solve=60.9ms pose=(0.799,0.825,0.001) u=(0.011,-0.007) s=0.965 PSDFmin=+0.06995 G=OK(+0.06895) MF=OK(active=20/20,min=+0.2,slack=+3.5e-16)
[RMPCC 0116] OK solve=69.5ms pose=(0.800,0.826,-0.000) u=(0.010,-0.006) s=0.965 PSDFmin=+0.06993 G=OK(+0.06893) MF=OK(active=20/20,min=+0.2,slack=+9.154e-14)
[RMPCC 0117] OK solve=67.1ms pose=(0.801,0.826,-0.001) u=(0.008,-0.006) s=0.965 PSDFmin=+0.06991 G=OK(+0.06891) MF=OK(active=20/20,min=+0.2,slack=+1.75e-13)
[RMPCC 0118] OK solve=69.2ms pose=(0.802,0.825,-0.001) u=(0.007,-0.006) s=0.965 PSDFmin=+0.06989 G=OK(+0.06889) MF=OK(active=20/20,min=+0.2,slack=+1.068e-13)
[RMPCC 0119] OK solve=58.7ms pose=(0.802,0.825,-0.002) u=(0.006,-0.006) s=0.966 PSDFmin=+0.06987 G=OK(+0.06887) MF=OK(active=20/20,min=+0.2,slack=+1.484e-13)
[RMPCC 0120] OK solve=57.1ms pose=(0.803,0.825,-0.002) u=(0.006,-0.005) s=0.966 PSDFmin=+0.06985 G=OK(+0.06885) MF=OK(active=20/20,min=+0.2,slack=+1.752e-13)
[RMPCC 0121] OK solve=50.4ms pose=(0.804,0.825,-0.003) u=(0.006,-0.005) s=0.967 PSDFmin=+0.06983 G=OK(+0.06883) MF=OK(active=20/20,min=+0.2,slack=+1.844e-13)
[RMPCC 0122] OK solve=53.3ms pose=(0.804,0.825,-0.003) u=(0.013,-0.005) s=0.973 PSDFmin=+0.06981 G=OK(+0.06881) MF=OK(active=20/20,min=+0.2,slack=+7.554e-13)
[RMPCC 0123] OK solve=59.3ms pose=(0.806,0.825,-0.004) u=(0.011,-0.004) s=0.973 PSDFmin=+0.06979 G=OK(+0.06879) MF=OK(active=20/20,min=+0.2,slack=+1.888e-14)
[RMPCC 0124] OK solve=55.6ms pose=(0.807,0.825,-0.004) u=(0.009,-0.004) s=0.973 PSDFmin=+0.06978 G=OK(+0.06878) MF=OK(active=20/20,min=+0.2,slack=+4.181e-14)
[RMPCC 0125] OK solve=57.8ms pose=(0.808,0.825,-0.005) u=(0.008,-0.004) s=0.973 PSDFmin=+0.06976 G=OK(+0.06876) MF=OK(active=20/20,min=+0.2,slack=+3.977e-14)
[RMPCC 0126] OK solve=59.9ms pose=(0.808,0.825,-0.005) u=(0.006,-0.004) s=0.973 PSDFmin=+0.06975 G=OK(+0.06875) MF=OK(active=20/20,min=+0.2,slack=+2.042e-14)
[RMPCC 0127] OK solve=65.8ms pose=(0.809,0.825,-0.006) u=(0.005,-0.003) s=0.973 PSDFmin=+0.06973 G=OK(+0.06873) MF=OK(active=20/20,min=+0.2,slack=+2.137e-14)
[RMPCC 0128] OK solve=61.1ms pose=(0.810,0.825,-0.006) u=(0.004,-0.003) s=0.973 PSDFmin=+0.06972 G=OK(+0.06872) MF=OK(active=20/20,min=+0.2,slack=+1.765e-14)
[RMPCC 0129] OK solve=51.9ms pose=(0.810,0.825,-0.006) u=(0.004,-0.003) s=0.973 PSDFmin=+0.06971 G=OK(+0.06871) MF=OK(active=20/20,min=+0.2,slack=+2.132e-14)
[RMPCC 0130] OK solve=57.3ms pose=(0.810,0.825,-0.007) u=(0.004,-0.003) s=0.974 PSDFmin=+0.0697 G=OK(+0.0687) MF=OK(active=20/20,min=+0.2,slack=+2.851e-14)
[RMPCC 0131] OK solve=59.8ms pose=(0.811,0.825,-0.007) u=(0.004,-0.003) s=0.974 PSDFmin=+0.06968 G=OK(+0.06868) MF=OK(active=20/20,min=+0.2,slack=+5.041e-14)
[RMPCC 0132] OK solve=60.3ms pose=(0.811,0.825,-0.007) u=(0.004,-0.003) s=0.974 PSDFmin=+0.06967 G=OK(+0.06867) MF=OK(active=20/20,min=+0.2,slack=+1.442e-13)
[RMPCC 0133] OK solve=53.4ms pose=(0.812,0.825,-0.007) u=(0.004,-0.003) s=0.975 PSDFmin=+0.06966 G=OK(+0.06866) MF=OK(active=20/20,min=+0.2,slack=+1.828e-13)
[RMPCC 0134] OK solve=54.0ms pose=(0.812,0.825,-0.008) u=(0.004,-0.003) s=0.975 PSDFmin=+0.06965 G=OK(+0.06865) MF=OK(active=20/20,min=+0.2,slack=+1.02e-13)
[RMPCC 0135] OK solve=56.7ms pose=(0.812,0.825,-0.008) u=(0.004,-0.003) s=0.975 PSDFmin=+0.06963 G=OK(+0.06863) MF=OK(active=20/20,min=+0.2,slack=+9.365e-14)
[RMPCC 0136] OK solve=58.2ms pose=(0.813,0.825,-0.008) u=(0.003,-0.002) s=0.976 PSDFmin=+0.06962 G=OK(+0.06862) MF=OK(active=20/20,min=+0.2,slack=+2.72e-14)
[RMPCC 0137] OK solve=60.1ms pose=(0.813,0.825,-0.009) u=(0.003,-0.002) s=0.976 PSDFmin=+0.06961 G=OK(+0.06861) MF=OK(active=20/20,min=+0.2,slack=+1.674e-14)
[RMPCC 0138] OK solve=53.6ms pose=(0.813,0.825,-0.009) u=(0.003,-0.002) s=0.977 PSDFmin=+0.0696 G=OK(+0.0686) MF=OK(active=20/20,min=+0.2,slack=+2.067e-16)
[RMPCC 0139] OK solve=56.2ms pose=(0.814,0.825,-0.009) u=(0.003,-0.002) s=0.977 PSDFmin=+0.06959 G=OK(+0.06859) MF=OK(active=20/20,min=+0.2,slack=+3.187e-12)
[RMPCC 0140] OK solve=56.2ms pose=(0.814,0.825,-0.009) u=(0.003,-0.002) s=0.977 PSDFmin=+0.06958 G=OK(+0.06858) MF=OK(active=20/20,min=+0.2,slack=+8.6e-13)
[RMPCC 0141] OK solve=56.7ms pose=(0.814,0.825,-0.010) u=(0.003,-0.002) s=0.977 PSDFmin=+0.06957 G=OK(+0.06857) MF=OK(active=20/20,min=+0.2,slack=+8.659e-13)
[RMPCC 0142] OK solve=60.2ms pose=(0.815,0.825,-0.010) u=(0.006,-0.002) s=0.980 PSDFmin=+0.06956 G=OK(+0.06856) MF=OK(active=20/20,min=+0.2,slack=+7.18e-14)
목적지에 도착했습니다! 현재 위치: [0.81528 0.82543], 시간: 14.30초
Using rmpcc optimizer with differential_drive dynamics:
median:  0.06473755836486816
std:  0.03920641860315274
min:  0.05036640167236328
max:  0.24448013305664062
Simulation finished.
Run outcome: status=success, reason=None, final_time=14.299999999999965, distance_to_goal=0.009727444417182046
Optimizer runtime stats: safe_stop_count=3, backup_feasible_qp_success_count=0, plant_input_apply_count=143, last_solve_mode=sqp_rti
Trial history saved to /home/taek111/projects/psdf_mpcc/debug_runs/rmpcc_tuning/p2-q0p1_s_path_r1/data/trial_history_MPC_rmpcc_rectangle_s_path_p2-q0p1_s_path_r1.csv
RMPCC constraint history saved to /home/taek111/projects/psdf_mpcc/debug_runs/rmpcc_tuning/p2-q0p1_s_path_r1/data/rmpcc_constraints_MPC_rmpcc_rectangle_s_path_p2-q0p1_s_path_r1.csv
RMPCC debug history saved to /home/taek111/projects/psdf_mpcc/debug_runs/rmpcc_tuning/p2-q0p1_s_path_r1/data/cycle_raw.csv
RMPCC debug history saved to /home/taek111/projects/psdf_mpcc/debug_runs/rmpcc_tuning/p2-q0p1_s_path_r1/data/covariance_trajectory.csv
Pose-SDF data saved to /home/taek111/projects/psdf_mpcc/debug_runs/rmpcc_tuning/p2-q0p1_s_path_r1/data/pose_sdf_MPC_rmpcc_rectangle_s_path_p2-q0p1_s_path_r1.csv
Total data points: 143
SDF statistics - Min: -0.0186, Max: 0.1050, Mean: 0.0518
