Start perturbation: seed=42, pose=[0.07652358539877216, 0.7898000794687975, -1.5707963267948966], delta=[0.0015235853987721568, -0.005199920531202478, 0.0], clearance=0.028476 m, attempts=1
Start pose saved to /home/taek111/projects/psdf_mpcc/benchmark_runs/navigation_comparison_20260907_seed42/psdf/data/start_pose_MPC_psdf_rectangle_maze_startseed42.json
Resetting psdf optimizer for clean state...
generating global path with A* + Line of Sight
시작 위치: [0.07652 0.7898 ]
목적지: [1.8  0.09]
도착 판정 기준: position <= 0.01m, angle <= 0.01rad
Warning: PSDF wrapper not initialized, skipping obstacle update
Setting up PSDF optimizer...
vertices.shape: (4, 2)
AugmentedPSDFWrapper initialized with vertices shape: (4, 2)
/home/taek111/projects/psdf_mpcc/models/geometry_utils.py:241: UserWarning: Creating a tensor from a list of numpy.ndarrays is extremely slow. Please consider converting the list to a single numpy.ndarray with numpy.array() before converting to a tensor. (Triggered internally at /pytorch/torch/csrc/utils/tensor_new.cpp:254.)
  edgesA = torch.tensor(edgesA, dtype=torch.float32)
Added HARD obstacle avoidance constraint with d_safe = 0.0001
acados PSDF cache miss or source/config changed: rebuilding.
field AcadosOcpDims.N has been migrated to AcadosOcpOptions.N_horizon. setting AcadosOcpOptions.N_horizon = N. For future comppatibility, please use AcadosOcpOptions.N_horizon directly.
rm -f libacados_ocp_solver_differential_drive_psdf.so
rm -f differential_drive_psdf_constraints/differential_drive_psdf_constr_h_fun_jac_uxt_zt.o differential_drive_psdf_constraints/differential_drive_psdf_constr_h_fun.o acados_solver_differential_drive_psdf.o
cc -fPIC -std=c99   -O2 -I/home/taek111/projects/acados/include -I/home/taek111/projects/acados/include/acados -I/home/taek111/projects/acados/include/blasfeo/include -I/home/taek111/projects/acados/include/hpipm/include  -c -o differential_drive_psdf_constraints/differential_drive_psdf_constr_h_fun_jac_uxt_zt.o differential_drive_psdf_constraints/differential_drive_psdf_constr_h_fun_jac_uxt_zt.c
cc -fPIC -std=c99   -O2 -I/home/taek111/projects/acados/include -I/home/taek111/projects/acados/include/acados -I/home/taek111/projects/acados/include/blasfeo/include -I/home/taek111/projects/acados/include/hpipm/include  -c -o differential_drive_psdf_constraints/differential_drive_psdf_constr_h_fun.o differential_drive_psdf_constraints/differential_drive_psdf_constr_h_fun.c
cc -fPIC -std=c99   -O2 -I/home/taek111/projects/acados/include -I/home/taek111/projects/acados/include/acados -I/home/taek111/projects/acados/include/blasfeo/include -I/home/taek111/projects/acados/include/hpipm/include  -c -o acados_solver_differential_drive_psdf.o acados_solver_differential_drive_psdf.c
cc -fPIC -std=c99   -O2 -I/home/taek111/projects/acados/include -I/home/taek111/projects/acados/include/acados -I/home/taek111/projects/acados/include/blasfeo/include -I/home/taek111/projects/acados/include/hpipm/include  -c -o differential_drive_psdf_model/differential_drive_psdf_expl_ode_fun.o differential_drive_psdf_model/differential_drive_psdf_expl_ode_fun.c
cc -fPIC -std=c99   -O2 -I/home/taek111/projects/acados/include -I/home/taek111/projects/acados/include/acados -I/home/taek111/projects/acados/include/blasfeo/include -I/home/taek111/projects/acados/include/hpipm/include  -c -o differential_drive_psdf_model/differential_drive_psdf_expl_vde_forw.o differential_drive_psdf_model/differential_drive_psdf_expl_vde_forw.c
cc -fPIC -std=c99   -O2 -I/home/taek111/projects/acados/include -I/home/taek111/projects/acados/include/acados -I/home/taek111/projects/acados/include/blasfeo/include -I/home/taek111/projects/acados/include/hpipm/include  -c -o differential_drive_psdf_model/differential_drive_psdf_expl_vde_adj.o differential_drive_psdf_model/differential_drive_psdf_expl_vde_adj.c
cc -shared differential_drive_psdf_constraints/differential_drive_psdf_constr_h_fun_jac_uxt_zt.o differential_drive_psdf_constraints/differential_drive_psdf_constr_h_fun.o acados_solver_differential_drive_psdf.o differential_drive_psdf_model/differential_drive_psdf_expl_ode_fun.o differential_drive_psdf_model/differential_drive_psdf_expl_vde_forw.o differential_drive_psdf_model/differential_drive_psdf_expl_vde_adj.o -o libacados_ocp_solver_differential_drive_psdf.so -L/home/taek111/projects/acados/lib -lacados -lhpipm -lblasfeo -lm  \
-L -l
acados was compiled without OpenMP.
x_ws, u_ws : [ 0.07652  0.7898  -1.5708 ] [0. 0.]
solver time:  0.06285810470581055
plant_input_stage0: full=[0.13664 0.00372], physical=[0.13664 0.00372]
solver time:  0.03732156753540039
plant_input_stage0: full=[ 0.24107 -0.92765], physical=[ 0.24107 -0.92765]
solver time:  0.036733150482177734
plant_input_stage0: full=[0.23773 1.10898], physical=[0.23773 1.10898]
solver time:  0.03769207000732422
plant_input_stage0: full=[0.23492 0.13731], physical=[0.23492 0.13731]
solver time:  0.03953146934509277
plant_input_stage0: full=[0.2413 0.1469], physical=[0.2413 0.1469]
solver time:  0.043738365173339844
plant_input_stage0: full=[0.26469 0.40242], physical=[0.26469 0.40242]
solver time:  0.04191088676452637
plant_input_stage0: full=[0.22581 1.2    ], physical=[0.22581 1.2    ]
solver time:  0.03815054893493652
plant_input_stage0: full=[0.16214 1.2    ], physical=[0.16214 1.2    ]
solver time:  0.03957247734069824
plant_input_stage0: full=[0.1048 1.2   ], physical=[0.1048 1.2   ]
solver time:  0.0375826358795166
plant_input_stage0: full=[0.1331 1.2   ], physical=[0.1331 1.2   ]
solver time:  0.036420345306396484
plant_input_stage0: full=[0.14051 1.2    ], physical=[0.14051 1.2    ]
solver time:  0.03750801086425781
plant_input_stage0: full=[0.14031 1.2    ], physical=[0.14031 1.2    ]
solver time:  0.04076433181762695
plant_input_stage0: full=[0.14654 1.2    ], physical=[0.14654 1.2    ]
solver time:  0.03716897964477539
plant_input_stage0: full=[0.15618 1.2    ], physical=[0.15618 1.2    ]
solver time:  0.035953521728515625
plant_input_stage0: full=[0.16805 1.2    ], physical=[0.16805 1.2    ]
solver time:  0.03590035438537598
plant_input_stage0: full=[0.17779 1.2    ], physical=[0.17779 1.2    ]
solver time:  0.0363306999206543
plant_input_stage0: full=[0.28714 1.2    ], physical=[0.28714 1.2    ]
solver time:  0.036103248596191406
plant_input_stage0: full=[0.23736 1.2    ], physical=[0.23736 1.2    ]
solver time:  0.0346829891204834
plant_input_stage0: full=[0.20832 0.89362], physical=[0.20832 0.89362]
solver time:  0.03799724578857422
plant_input_stage0: full=[0.22177 0.60894], physical=[0.22177 0.60894]
solver time:  0.03587937355041504
plant_input_stage0: full=[0.22843 0.725  ], physical=[0.22843 0.725  ]
solver time:  0.037049055099487305
plant_input_stage0: full=[0.33291 1.01955], physical=[0.33291 1.01955]
solver time:  0.03576302528381348
plant_input_stage0: full=[0.25352 0.57923], physical=[0.25352 0.57923]
solver time:  0.03884172439575195
plant_input_stage0: full=[0.22988 0.33529], physical=[0.22988 0.33529]
solver time:  0.03613543510437012
plant_input_stage0: full=[0.23147 0.25096], physical=[0.23147 0.25096]
solver time:  0.034989118576049805
plant_input_stage0: full=[0.23052 0.25155], physical=[0.23052 0.25155]
solver time:  0.034415245056152344
plant_input_stage0: full=[0.2268  0.29203], physical=[0.2268  0.29203]
solver time:  0.03714776039123535
plant_input_stage0: full=[0.22399 0.35571], physical=[0.22399 0.35571]
solver time:  0.03511834144592285
plant_input_stage0: full=[0.2253 0.1622], physical=[0.2253 0.1622]
solver time:  0.0348048210144043
plant_input_stage0: full=[ 0.23008 -0.01089], physical=[ 0.23008 -0.01089]
solver time:  0.0344393253326416
plant_input_stage0: full=[ 0.22926 -0.22211], physical=[ 0.22926 -0.22211]
solver time:  0.03625631332397461
plant_input_stage0: full=[0.24054 0.12022], physical=[0.24054 0.12022]
solver time:  0.036164045333862305
plant_input_stage0: full=[ 0.22695 -1.10399], physical=[ 0.22695 -1.10399]
solver time:  0.035901784896850586
plant_input_stage0: full=[ 0.21199 -0.88452], physical=[ 0.21199 -0.88452]
solver time:  0.03714942932128906
plant_input_stage0: full=[ 0.22085 -0.60945], physical=[ 0.22085 -0.60945]
solver time:  0.03462862968444824
plant_input_stage0: full=[ 0.22695 -0.58919], physical=[ 0.22695 -0.58919]
solver time:  0.036270856857299805
plant_input_stage0: full=[ 0.3743  -0.60624], physical=[ 0.3743  -0.60624]
solver time:  0.04245114326477051
plant_input_stage0: full=[ 0.25279 -1.09739], physical=[ 0.25279 -1.09739]
solver time:  0.03849625587463379
plant_input_stage0: full=[ 0.21343 -0.68957], physical=[ 0.21343 -0.68957]
solver time:  0.03486466407775879
plant_input_stage0: full=[ 0.21204 -0.76031], physical=[ 0.21204 -0.76031]
solver time:  0.03485512733459473
plant_input_stage0: full=[ 0.20651 -1.2    ], physical=[ 0.20651 -1.2    ]
solver time:  0.03604006767272949
plant_input_stage0: full=[ 0.21136 -1.2    ], physical=[ 0.21136 -1.2    ]
solver time:  0.03599977493286133
plant_input_stage0: full=[ 0.21442 -1.2    ], physical=[ 0.21442 -1.2    ]
solver time:  0.03627967834472656
plant_input_stage0: full=[ 0.19493 -1.2    ], physical=[ 0.19493 -1.2    ]
solver time:  0.04071235656738281
plant_input_stage0: full=[ 0.20159 -0.867  ], physical=[ 0.20159 -0.867  ]
solver time:  0.03997182846069336
plant_input_stage0: full=[ 0.14447 -0.69376], physical=[ 0.14447 -0.69376]
solver time:  0.03661680221557617
plant_input_stage0: full=[ 0.21905 -0.33945], physical=[ 0.21905 -0.33945]
solver time:  0.038117408752441406
plant_input_stage0: full=[ 0.22493 -0.25403], physical=[ 0.22493 -0.25403]
solver time:  0.03526878356933594
plant_input_stage0: full=[0.21154 0.36023], physical=[0.21154 0.36023]
solver time:  0.03573250770568848
plant_input_stage0: full=[0.15957 1.2    ], physical=[0.15957 1.2    ]
solver time:  0.036108970642089844
plant_input_stage0: full=[0.22393 1.2    ], physical=[0.22393 1.2    ]
solver time:  0.03571963310241699
plant_input_stage0: full=[0.19836 1.2    ], physical=[0.19836 1.2    ]
solver time:  0.03745460510253906
plant_input_stage0: full=[0.16959 1.2    ], physical=[0.16959 1.2    ]
solver time:  0.03580284118652344
plant_input_stage0: full=[0.14796 1.2    ], physical=[0.14796 1.2    ]
solver time:  0.036469459533691406
plant_input_stage0: full=[0.15696 1.2    ], physical=[0.15696 1.2    ]
solver time:  0.036324262619018555
plant_input_stage0: full=[0.1751 1.2   ], physical=[0.1751 1.2   ]
solver time:  0.03608441352844238
plant_input_stage0: full=[0.18852 0.85724], physical=[0.18852 0.85724]
solver time:  0.042163848876953125
plant_input_stage0: full=[0.2011  0.82056], physical=[0.2011  0.82056]
solver time:  0.036801815032958984
plant_input_stage0: full=[0.20019 1.2    ], physical=[0.20019 1.2    ]
solver time:  0.04128217697143555
plant_input_stage0: full=[0.20973 1.2    ], physical=[0.20973 1.2    ]
solver time:  0.04421186447143555
plant_input_stage0: full=[0.2383 1.2   ], physical=[0.2383 1.2   ]
solver time:  0.039872169494628906
plant_input_stage0: full=[0.18372 1.02969], physical=[0.18372 1.02969]
solver time:  0.038733482360839844
plant_input_stage0: full=[0.16726 0.59252], physical=[0.16726 0.59252]
solver time:  0.03682136535644531
plant_input_stage0: full=[0.14793 0.45808], physical=[0.14793 0.45808]
solver time:  0.038201093673706055
plant_input_stage0: full=[0.11679 0.34501], physical=[0.11679 0.34501]
solver time:  0.03708219528198242
plant_input_stage0: full=[ 0.23185 -0.09761], physical=[ 0.23185 -0.09761]
solver time:  0.03507733345031738
plant_input_stage0: full=[ 0.23347 -0.12446], physical=[ 0.23347 -0.12446]
solver time:  0.03524327278137207
plant_input_stage0: full=[ 0.22092 -0.31831], physical=[ 0.22092 -0.31831]
solver time:  0.03511953353881836
plant_input_stage0: full=[ 0.17579 -1.2    ], physical=[ 0.17579 -1.2    ]
solver time:  0.03855299949645996
plant_input_stage0: full=[ 0.23828 -1.2    ], physical=[ 0.23828 -1.2    ]
solver time:  0.03568911552429199
plant_input_stage0: full=[ 0.21925 -1.2    ], physical=[ 0.21925 -1.2    ]
solver time:  0.03438234329223633
plant_input_stage0: full=[ 0.18251 -1.2    ], physical=[ 0.18251 -1.2    ]
solver time:  0.03599190711975098
plant_input_stage0: full=[ 0.18912 -1.19999], physical=[ 0.18912 -1.19999]
solver time:  0.03630876541137695
plant_input_stage0: full=[ 0.20937 -0.78149], physical=[ 0.20937 -0.78149]
solver time:  0.03596830368041992
plant_input_stage0: full=[ 0.22625 -0.42063], physical=[ 0.22625 -0.42063]
solver time:  0.036583900451660156
plant_input_stage0: full=[ 0.23464 -0.27669], physical=[ 0.23464 -0.27669]
solver time:  0.035451650619506836
plant_input_stage0: full=[0.23789 0.03531], physical=[0.23789 0.03531]
solver time:  0.034567832946777344
plant_input_stage0: full=[0.24031 0.05891], physical=[0.24031 0.05891]
solver time:  0.03597450256347656
plant_input_stage0: full=[0.23828 0.17269], physical=[0.23828 0.17269]
solver time:  0.03913712501525879
plant_input_stage0: full=[0.23624 0.19446], physical=[0.23624 0.19446]
solver time:  0.04225039482116699
plant_input_stage0: full=[ 0.23806 -0.00271], physical=[ 0.23806 -0.00271]
solver time:  0.04252028465270996
plant_input_stage0: full=[0.23368 0.31764], physical=[0.23368 0.31764]
solver time:  0.03816533088684082
plant_input_stage0: full=[0.23197 0.92793], physical=[0.23197 0.92793]
solver time:  0.03715634346008301
plant_input_stage0: full=[0.15695 1.2    ], physical=[0.15695 1.2    ]
solver time:  0.03604435920715332
plant_input_stage0: full=[0.19749 1.2    ], physical=[0.19749 1.2    ]
solver time:  0.03620767593383789
plant_input_stage0: full=[0.16565 1.2    ], physical=[0.16565 1.2    ]
solver time:  0.03587055206298828
plant_input_stage0: full=[0.1934  1.08805], physical=[0.1934  1.08805]
solver time:  0.037827253341674805
plant_input_stage0: full=[0.12569 0.89346], physical=[0.12569 0.89346]
solver time:  0.03772711753845215
plant_input_stage0: full=[0.09804 0.5123 ], physical=[0.09804 0.5123 ]
solver time:  0.03625845909118652
plant_input_stage0: full=[0.22745 0.11273], physical=[0.22745 0.11273]
solver time:  0.036499738693237305
plant_input_stage0: full=[0.23154 0.13064], physical=[0.23154 0.13064]
solver time:  0.03613543510437012
plant_input_stage0: full=[ 0.23976 -0.41525], physical=[ 0.23976 -0.41525]
solver time:  0.03516697883605957
plant_input_stage0: full=[ 0.18686 -1.2    ], physical=[ 0.18686 -1.2    ]
solver time:  0.0371706485748291
plant_input_stage0: full=[ 0.27055 -1.2    ], physical=[ 0.27055 -1.2    ]
solver time:  0.03648495674133301
plant_input_stage0: full=[ 0.20761 -1.2    ], physical=[ 0.20761 -1.2    ]
solver time:  0.037400007247924805
plant_input_stage0: full=[ 0.1687 -1.2   ], physical=[ 0.1687 -1.2   ]
solver time:  0.03468489646911621
plant_input_stage0: full=[ 0.1756 -1.2   ], physical=[ 0.1756 -1.2   ]
solver time:  0.03530693054199219
plant_input_stage0: full=[ 0.18278 -1.2    ], physical=[ 0.18278 -1.2    ]
solver time:  0.04077959060668945
plant_input_stage0: full=[ 0.21001 -1.2    ], physical=[ 0.21001 -1.2    ]
solver time:  0.038796186447143555
plant_input_stage0: full=[ 0.17776 -1.2    ], physical=[ 0.17776 -1.2    ]
solver time:  0.039427995681762695
plant_input_stage0: full=[ 0.1564 -1.2   ], physical=[ 0.1564 -1.2   ]
solver time:  0.03761768341064453
plant_input_stage0: full=[ 0.19065 -1.2    ], physical=[ 0.19065 -1.2    ]
solver time:  0.03540205955505371
plant_input_stage0: full=[ 0.13799 -1.2    ], physical=[ 0.13799 -1.2    ]
solver time:  0.0357518196105957
plant_input_stage0: full=[ 0.14837 -1.2    ], physical=[ 0.14837 -1.2    ]
solver time:  0.03601408004760742
plant_input_stage0: full=[ 0.14828 -1.2    ], physical=[ 0.14828 -1.2    ]
solver time:  0.03706526756286621
plant_input_stage0: full=[ 0.14032 -1.2    ], physical=[ 0.14032 -1.2    ]
solver time:  0.036492347717285156
plant_input_stage0: full=[ 0.15116 -1.2    ], physical=[ 0.15116 -1.2    ]
solver time:  0.035895347595214844
plant_input_stage0: full=[ 0.16992 -1.2    ], physical=[ 0.16992 -1.2    ]
solver time:  0.03557443618774414
plant_input_stage0: full=[ 0.18192 -1.2    ], physical=[ 0.18192 -1.2    ]
solver time:  0.03515315055847168
plant_input_stage0: full=[ 0.19588 -1.2    ], physical=[ 0.19588 -1.2    ]
solver time:  0.03708219528198242
plant_input_stage0: full=[ 0.2966 -1.2   ], physical=[ 0.2966 -1.2   ]
solver time:  0.03556537628173828
plant_input_stage0: full=[ 0.24096 -0.88885], physical=[ 0.24096 -0.88885]
solver time:  0.03730940818786621
plant_input_stage0: full=[ 0.22613 -0.43651], physical=[ 0.22613 -0.43651]
solver time:  0.0372014045715332
plant_input_stage0: full=[ 0.23464 -0.09434], physical=[ 0.23464 -0.09434]
solver time:  0.0357363224029541
plant_input_stage0: full=[ 0.23766 -0.05203], physical=[ 0.23766 -0.05203]
solver time:  0.037428855895996094
plant_input_stage0: full=[0.23721 0.06613], physical=[0.23721 0.06613]
solver time:  0.03687763214111328
plant_input_stage0: full=[0.23621 0.00916], physical=[0.23621 0.00916]
solver time:  0.035310983657836914
plant_input_stage0: full=[ 0.23261 -0.06629], physical=[ 0.23261 -0.06629]
solver time:  0.03564596176147461
plant_input_stage0: full=[0.23136 0.20582], physical=[0.23136 0.20582]
solver time:  0.03604555130004883
plant_input_stage0: full=[ 0.23343 -0.20675], physical=[ 0.23343 -0.20675]
solver time:  0.03772997856140137
plant_input_stage0: full=[ 0.23031 -0.86962], physical=[ 0.23031 -0.86962]
solver time:  0.039014339447021484
plant_input_stage0: full=[ 0.1644 -1.2   ], physical=[ 0.1644 -1.2   ]
solver time:  0.03850555419921875
plant_input_stage0: full=[ 0.19662 -1.2    ], physical=[ 0.19662 -1.2    ]
solver time:  0.0377347469329834
plant_input_stage0: full=[ 0.18791 -1.2    ], physical=[ 0.18791 -1.2    ]
solver time:  0.03733563423156738
plant_input_stage0: full=[ 0.15186 -1.2    ], physical=[ 0.15186 -1.2    ]
solver time:  0.03613996505737305
plant_input_stage0: full=[ 0.13614 -0.728  ], physical=[ 0.13614 -0.728  ]
solver time:  0.03622889518737793
plant_input_stage0: full=[ 0.12004 -0.56733], physical=[ 0.12004 -0.56733]
solver time:  0.0358431339263916
plant_input_stage0: full=[ 0.22424 -0.16751], physical=[ 0.22424 -0.16751]
solver time:  0.040628671646118164
plant_input_stage0: full=[ 0.22993 -0.14755], physical=[ 0.22993 -0.14755]
solver time:  0.04061627388000488
plant_input_stage0: full=[0.23102 0.4033 ], physical=[0.23102 0.4033 ]
solver time:  0.04341483116149902
plant_input_stage0: full=[0.17115 1.2    ], physical=[0.17115 1.2    ]
solver time:  0.03929781913757324
plant_input_stage0: full=[0.2862 1.2   ], physical=[0.2862 1.2   ]
solver time:  0.04043459892272949
plant_input_stage0: full=[0.20071 1.2    ], physical=[0.20071 1.2    ]
solver time:  0.039792537689208984
plant_input_stage0: full=[0.16413 1.2    ], physical=[0.16413 1.2    ]
solver time:  0.039945363998413086
plant_input_stage0: full=[0.16904 1.2    ], physical=[0.16904 1.2    ]
solver time:  0.03893256187438965
plant_input_stage0: full=[0.17824 1.2    ], physical=[0.17824 1.2    ]
solver time:  0.03741145133972168
plant_input_stage0: full=[0.20866 1.19855], physical=[0.20866 1.19855]
solver time:  0.036377906799316406
plant_input_stage0: full=[0.20295 1.2    ], physical=[0.20295 1.2    ]
solver time:  0.03521561622619629
plant_input_stage0: full=[0.1918 1.2   ], physical=[0.1918 1.2   ]
solver time:  0.035372018814086914
plant_input_stage0: full=[0.21155 1.2    ], physical=[0.21155 1.2    ]
solver time:  0.03348183631896973
plant_input_stage0: full=[0.1853 1.2   ], physical=[0.1853 1.2   ]
solver time:  0.03632497787475586
plant_input_stage0: full=[0.1589 1.2   ], physical=[0.1589 1.2   ]
solver time:  0.036667823791503906
plant_input_stage0: full=[0.13606 1.2    ], physical=[0.13606 1.2    ]
solver time:  0.03592944145202637
plant_input_stage0: full=[0.12861 1.2    ], physical=[0.12861 1.2    ]
solver time:  0.037766218185424805
plant_input_stage0: full=[0.11476 1.2    ], physical=[0.11476 1.2    ]
solver time:  0.03614640235900879
plant_input_stage0: full=[0.09352 1.2    ], physical=[0.09352 1.2    ]
solver time:  0.03631734848022461
plant_input_stage0: full=[0.07643 1.2    ], physical=[0.07643 1.2    ]
solver time:  0.0348050594329834
plant_input_stage0: full=[0.06401 1.2    ], physical=[0.06401 1.2    ]
solver time:  0.034299373626708984
plant_input_stage0: full=[0.05644 0.80767], physical=[0.05644 0.80767]
solver time:  0.03504824638366699
plant_input_stage0: full=[0.05059 0.4997 ], physical=[0.05059 0.4997 ]
solver time:  0.03453326225280762
plant_input_stage0: full=[0.04327 0.30158], physical=[0.04327 0.30158]
solver time:  0.03775811195373535
plant_input_stage0: full=[0.03559 0.17397], physical=[0.03559 0.17397]
solver time:  0.03705024719238281
plant_input_stage0: full=[0.02847 0.09337], physical=[0.02847 0.09337]
solver time:  0.03598666191101074
plant_input_stage0: full=[0.02227 0.044  ], physical=[0.02227 0.044  ]
목적지에 도착했습니다! 현재 위치: [1.81238 0.08729], 시간: 15.40초
Using psdf optimizer with differential_drive dynamics:
median:  0.036444902420043945
std:  0.002934440888366082
min:  0.03348183631896973
max:  0.06285810470581055
Simulation finished.
Run outcome: status=success, reason=None, final_time=15.399999999999961, distance_to_goal=0.009068115902484877
Trial history saved to /home/taek111/projects/psdf_mpcc/benchmark_runs/navigation_comparison_20260907_seed42/psdf/data/trial_history_MPC_psdf_rectangle_maze_startseed42.csv
Pose-SDF data saved to /home/taek111/projects/psdf_mpcc/benchmark_runs/navigation_comparison_20260907_seed42/psdf/data/pose_sdf_MPC_psdf_rectangle_maze_startseed42.csv
Total data points: 154
SDF statistics - Min: 0.0003, Max: 0.0546, Mean: 0.0130
Trial history saved to /home/taek111/projects/psdf_mpcc/benchmark_runs/navigation_comparison_20260907_seed42/psdf/data/trial_history_MPC_psdf_rectangle_maze_startseed42.csv
{
  "status": "success",
  "failure_reason": null,
  "goal_reached": true,
  "final_time": 15.399999999999961,
  "distance_to_goal": 0.009068115902484877,
  "start_perturbation": {
    "enabled": true,
    "seed": 42,
    "position_std": 0.005,
    "heading_std_deg": 0.0,
    "max_sigma": 3.0,
    "min_clearance": 0.01,
    "max_attempts": 1000,
    "nominal_pose": [
      0.075,
      0.7949999999999999,
      -1.5707963267948966
    ],
    "initial_pose": [
      0.07652358539877216,
      0.7898000794687975,
      -1.5707963267948966
    ],
    "delta_pose": [
      0.0015235853987721568,
      -0.005199920531202478,
      0.0
    ],
    "nominal_clearance": 0.029999999999999992,
    "initial_clearance": 0.028476414601227823,
    "attempts": 1
  },
  "method": "psdf",
  "wall_seconds": 9.66232650100028,
  "error": null,
  "final_pose": [
    1.812382616074355,
    0.08729344147673555,
    0.007891852792647624
  ],
  "goal_pose": [
    1.7999999999999998,
    0.09,
    0.0
  ],
  "distance_to_environment_goal": 0.012674961139377716,
  "optimizer_class": "PSDFOptimizer",
  "parameters": {
    "horizon": 20,
    "mat_Q": [
      [
        50.0,
        0.0,
        0.0
      ],
      [
        0.0,
        50.0,
        0.0
      ],
      [
        0.0,
        0.0,
        1.0
      ]
    ],
    "mat_R": [
      [
        5.0,
        0.0
      ],
      [
        0.0,
        0.05
      ]
    ],
    "terminal_weight": 1.0,
    "tf": 2.0,
    "qp_solver": "PARTIAL_CONDENSING_HPIPM",
    "hessian_approx": "GAUSS_NEWTON",
    "integrator_type": "ERK",
    "nlp_solver_type": "SQP_RTI",
    "qp_solver_iter_max": 50,
    "nlp_solver_max_iter": 20,
    "tol": 0.0001,
    "vmin": -0.6,
    "vmax": 0.6,
    "omegamin": -1.2,
    "omegamax": 1.2,
    "d_safe": 0.0001,
    "gamma_s": 0.000437,
    "use_soft_constraint": false,
    "slack_weight": 1e+16,
    "detection_window_width": 4.0,
    "detection_window_height": 4.0,
    "detection_safety_margin": 0.05,
    "detection_frequency": 10.0,
    "reuse_acados_codegen": true
  },
  "completed_steps": 154,
  "minimum_sampled_clearance": 0.00031029365312351675,
  "minimum_clearance_time": 10.200000000000001,
  "contact_or_collision_samples": 0,
  "first_input": [
    0.13664079001378976,
    0.0037235803630367944
  ],
  "max_abs_inputs": [
    0.37429854565333465,
    1.1999999999999986
  ],
  "solver_statuses": [
    {
      "raw_status": "success",
      "status_code": 0,
      "success": true
    },
    {
      "raw_status": "success",
      "status_code": 0,
      "success": true
    },
    {
      "raw_status": "success",
      "status_code": 0,
      "success": true
    },
    {
      "raw_status": "success",
      "status_code": 0,
      "success": true
    },
    {
      "raw_status": "success",
      "status_code": 0,
      "success": true
    },
    {
      "raw_status": "success",
      "status_code": 0,
      "success": true
    },
    {
      "raw_status": "success",
      "status_code": 0,
      "success": true
    },
    {
      "raw_status": "success",
      "status_code": 0,
      "success": true
    },
    {
      "raw_status": "success",
      "status_code": 0,
      "success": true
    },
    {
      "raw_status": "success",
      "status_code": 0,
      "success": true
    },
    {
      "raw_status": "success",
      "status_code": 0,
      "success": true
    },
    {
      "raw_status": "success",
      "status_code": 0,
      "success": true
    },
    {
      "raw_status": "success",
      "status_code": 0,
      "success": true
    },
    {
      "raw_status": "success",
      "status_code": 0,
      "success": true
    },
    {
      "raw_status": "success",
      "status_code": 0,
      "success": true
    },
    {
      "raw_status": "success",
      "status_code": 0,
      "success": true
    },
    {
      "raw_status": "success",
      "status_code": 0,
      "success": true
    },
    {
      "raw_status": "success",
      "status_code": 0,
      "success": true
    },
    {
      "raw_status": "success",
      "status_code": 0,
      "success": true
    },
    {
      "raw_status": "success",
      "status_code": 0,
      "success": true
    },
    {
      "raw_status": "success",
      "status_code": 0,
      "success": true
    },
    {
      "raw_status": "success",
      "status_code": 0,
      "success": true
    },
    {
      "raw_status": "success",
      "status_code": 0,
      "success": true
    },
    {
      "raw_status": "success",
      "status_code": 0,
      "success": true
    },
    {
      "raw_status": "success",
      "status_code": 0,
      "success": true
    },
    {
      "raw_status": "success",
      "status_code": 0,
      "success": true
    },
    {
      "raw_status": "success",
      "status_code": 0,
      "success": true
    },
    {
      "raw_status": "success",
      "status_code": 0,
      "success": true
    },
    {
      "raw_status": "success",
      "status_code": 0,
      "success": true
    },
    {
      "raw_status": "success",
      "status_code": 0,
      "success": true
    },
    {
      "raw_status": "success",
      "status_code": 0,
      "success": true
    },
    {
      "raw_status": "success",
      "status_code": 0,
      "success": true
    },
    {
      "raw_status": "success",
      "status_code": 0,
      "success": true
    },
    {
      "raw_status": "success",
      "status_code": 0,
      "success": true
    },
    {
      "raw_status": "success",
      "status_code": 0,
      "success": true
    },
    {
      "raw_status": "success",
      "status_code": 0,
      "success": true
    },
    {
      "raw_status": "success",
      "status_code": 0,
      "success": true
    },
    {
      "raw_status": "success",
      "status_code": 0,
      "success": true
    },
    {
      "raw_status": "success",
      "status_code": 0,
      "success": true
    },
    {
      "raw_status": "success",
      "status_code": 0,
      "success": true
    },
    {
      "raw_status": "success",
      "status_code": 0,
      "success": true
    },
    {
      "raw_status": "success",
      "status_code": 0,
      "success": true
    },
    {
      "raw_status": "success",
      "status_code": 0,
      "success": true
    },
    {
      "raw_status": "success",
      "status_code": 0,
      "success": true
    },
    {
      "raw_status": "success",
      "status_code": 0,
      "success": true
    },
    {
      "raw_status": "success",
      "status_code": 0,
      "success": true
    },
    {
      "raw_status": "success",
      "status_code": 0,
      "success": true
    },
    {
      "raw_status": "success",
      "status_code": 0,
      "success": true
    },
    {
      "raw_status": "success",
      "status_code": 0,
      "success": true
    },
    {
      "raw_status": "success",
      "status_code": 0,
      "success": true
    },
    {
      "raw_status": "success",
      "status_code": 0,
      "success": true
    },
    {
      "raw_status": "success",
      "status_code": 0,
      "success": true
    },
    {
      "raw_status": "success",
      "status_code": 0,
      "success": true
    },
    {
      "raw_status": "success",
      "status_code": 0,
      "success": true
    },
    {
      "raw_status": "success",
      "status_code": 0,
      "success": true
    },
    {
      "raw_status": "success",
      "status_code": 0,
      "success": true
    },
    {
      "raw_status": "success",
      "status_code": 0,
      "success": true
    },
    {
      "raw_status": "success",
      "status_code": 0,
      "success": true
    },
    {
      "raw_status": "success",
      "status_code": 0,
      "success": true
    },
    {
      "raw_status": "success",
      "status_code": 0,
      "success": true
    },
    {
      "raw_status": "success",
      "status_code": 0,
      "success": true
    },
    {
      "raw_status": "success",
      "status_code": 0,
      "success": true
    },
    {
      "raw_status": "success",
      "status_code": 0,
      "success": true
    },
    {
      "raw_status": "success",
      "status_code": 0,
      "success": true
    },
    {
      "raw_status": "success",
      "status_code": 0,
      "success": true
    },
    {
      "raw_status": "success",
      "status_code": 0,
      "success": true
    },
    {
      "raw_status": "success",
      "status_code": 0,
      "success": true
    },
    {
      "raw_status": "success",
      "status_code": 0,
      "success": true
    },
    {
      "raw_status": "success",
      "status_code": 0,
      "success": true
    },
    {
      "raw_status": "success",
      "status_code": 0,
      "success": true
    },
    {
      "raw_status": "success",
      "status_code": 0,
      "success": true
    },
    {
      "raw_status": "success",
      "status_code": 0,
      "success": true
    },
    {
      "raw_status": "success",
      "status_code": 0,
      "success": true
    },
    {
      "raw_status": "success",
      "status_code": 0,
      "success": true
    },
    {
      "raw_status": "success",
      "status_code": 0,
      "success": true
    },
    {
      "raw_status": "success",
      "status_code": 0,
      "success": true
    },
    {
      "raw_status": "success",
      "status_code": 0,
      "success": true
    },
    {
      "raw_status": "success",
      "status_code": 0,
      "success": true
    },
    {
      "raw_status": "success",
      "status_code": 0,
      "success": true
    },
    {
      "raw_status": "success",
      "status_code": 0,
      "success": true
    },
    {
      "raw_status": "success",
      "status_code": 0,
      "success": true
    },
    {
      "raw_status": "success",
      "status_code": 0,
      "success": true
    },
    {
      "raw_status": "success",
      "status_code": 0,
      "success": true
    },
    {
      "raw_status": "success",
      "status_code": 0,
      "success": true
    },
    {
      "raw_status": "success",
      "status_code": 0,
      "success": true
    },
    {
      "raw_status": "success",
      "status_code": 0,
      "success": true
    },
    {
      "raw_status": "success",
      "status_code": 0,
      "success": true
    },
    {
      "raw_status": "success",
      "status_code": 0,
      "success": true
    },
    {
      "raw_status": "success",
      "status_code": 0,
      "success": true
    },
    {
      "raw_status": "success",
      "status_code": 0,
      "success": true
    },
    {
      "raw_status": "success",
      "status_code": 0,
      "success": true
    },
    {
      "raw_status": "success",
      "status_code": 0,
      "success": true
    },
    {
      "raw_status": "success",
      "status_code": 0,
      "success": true
    },
    {
      "raw_status": "success",
      "status_code": 0,
      "success": true
    },
    {
      "raw_status": "success",
      "status_code": 0,
      "success": true
    },
    {
      "raw_status": "success",
      "status_code": 0,
      "success": true
    },
    {
      "raw_status": "success",
      "status_code": 0,
      "success": true
    },
    {
      "raw_status": "success",
      "status_code": 0,
      "success": true
    },
    {
      "raw_status": "success",
      "status_code": 0,
      "success": true
    },
    {
      "raw_status": "success",
      "status_code": 0,
      "success": true
    },
    {
      "raw_status": "success",
      "status_code": 0,
      "success": true
    },
    {
      "raw_status": "success",
      "status_code": 0,
      "success": true
    },
    {
      "raw_status": "success",
      "status_code": 0,
      "success": true
    },
    {
      "raw_status": "success",
      "status_code": 0,
      "success": true
    },
    {
      "raw_status": "success",
      "status_code": 0,
      "success": true
    },
    {
      "raw_status": "success",
      "status_code": 0,
      "success": true
    },
    {
      "raw_status": "success",
      "status_code": 0,
      "success": true
    },
    {
      "raw_status": "success",
      "status_code": 0,
      "success": true
    },
    {
      "raw_status": "success",
      "status_code": 0,
      "success": true
    },
    {
      "raw_status": "success",
      "status_code": 0,
      "success": true
    },
    {
      "raw_status": "success",
      "status_code": 0,
      "success": true
    },
    {
      "raw_status": "success",
      "status_code": 0,
      "success": true
    },
    {
      "raw_status": "success",
      "status_code": 0,
      "success": true
    },
    {
      "raw_status": "success",
      "status_code": 0,
      "success": true
    },
    {
      "raw_status": "success",
      "status_code": 0,
      "success": true
    },
    {
      "raw_status": "success",
      "status_code": 0,
      "success": true
    },
    {
      "raw_status": "success",
      "status_code": 0,
      "success": true
    },
    {
      "raw_status": "success",
      "status_code": 0,
      "success": true
    },
    {
      "raw_status": "success",
      "status_code": 0,
      "success": true
    },
    {
      "raw_status": "success",
      "status_code": 0,
      "success": true
    },
    {
      "raw_status": "success",
      "status_code": 0,
      "success": true
    },
    {
      "raw_status": "success",
      "status_code": 0,
      "success": true
    },
    {
      "raw_status": "success",
      "status_code": 0,
      "success": true
    },
    {
      "raw_status": "success",
      "status_code": 0,
      "success": true
    },
    {
      "raw_status": "success",
      "status_code": 0,
      "success": true
    },
    {
      "raw_status": "success",
      "status_code": 0,
      "success": true
    },
    {
      "raw_status": "success",
      "status_code": 0,
      "success": true
    },
    {
      "raw_status": "success",
      "status_code": 0,
      "success": true
    },
    {
      "raw_status": "success",
      "status_code": 0,
      "success": true
    },
    {
      "raw_status": "success",
      "status_code": 0,
      "success": true
    },
    {
      "raw_status": "success",
      "status_code": 0,
      "success": true
    },
    {
      "raw_status": "success",
      "status_code": 0,
      "success": true
    },
    {
      "raw_status": "success",
      "status_code": 0,
      "success": true
    },
    {
      "raw_status": "success",
      "status_code": 0,
      "success": true
    },
    {
      "raw_status": "success",
      "status_code": 0,
      "success": true
    },
    {
      "raw_status": "success",
      "status_code": 0,
      "success": true
    },
    {
      "raw_status": "success",
      "status_code": 0,
      "success": true
    },
    {
      "raw_status": "success",
      "status_code": 0,
      "success": true
    },
    {
      "raw_status": "success",
      "status_code": 0,
      "success": true
    },
    {
      "raw_status": "success",
      "status_code": 0,
      "success": true
    },
    {
      "raw_status": "success",
      "status_code": 0,
      "success": true
    },
    {
      "raw_status": "success",
      "status_code": 0,
      "success": true
    },
    {
      "raw_status": "success",
      "status_code": 0,
      "success": true
    },
    {
      "raw_status": "success",
      "status_code": 0,
      "success": true
    },
    {
      "raw_status": "success",
      "status_code": 0,
      "success": true
    },
    {
      "raw_status": "success",
      "status_code": 0,
      "success": true
    },
    {
      "raw_status": "success",
      "status_code": 0,
      "success": true
    },
    {
      "raw_status": "success",
      "status_code": 0,
      "success": true
    },
    {
      "raw_status": "success",
      "status_code": 0,
      "success": true
    },
    {
      "raw_status": "success",
      "status_code": 0,
      "success": true
    },
    {
      "raw_status": "success",
      "status_code": 0,
      "success": true
    },
    {
      "raw_status": "success",
      "status_code": 0,
      "success": true
    },
    {
      "raw_status": "success",
      "status_code": 0,
      "success": true
    },
    {
      "raw_status": "success",
      "status_code": 0,
      "success": true
    }
  ],
  "solver_failure_steps": 0,
  "animation": "/home/taek111/projects/psdf_mpcc/benchmark_runs/navigation_comparison_20260907_seed42/psdf/animations/psdf/MPC_psdf_rectangle_maze_startseed42.mp4"
}
