COMMAND: python3 test_nmpc.py --single --config /home/taek111/projects/psdf_mpcc/debug_runs/maze_dd_rectangle_20260910/dcbf/config.yaml --maze-type maze --robot-shape rectangle --dynamics-type differential_drive --optimizer-type dcbf --path-planner astar --simulation-time 60 --no-perturb-start --no-animation
RUNTIME: 3.8.10 (default, Mar 18 2025, 20:04:55) 
[GCC 9.4.0] numpy 1.24.4 torch 1.13.1+cpu casadi 3.7.1
Running single test...
generating global path with A* + Line of Sight
시작 위치: [0.075 0.795]
목적지: [1.8  0.09]
도착 판정 기준: position <= 0.01m, angle <= 0.01rad

******************************************************************************
This program contains Ipopt, a library for large-scale nonlinear optimization.
 Ipopt is released as open source code under the Eclipse Public License (EPL).
         For more information visit https://github.com/coin-or/Ipopt
******************************************************************************

solver time:  0.444914
plant_input_stage0: full=[0.2278  0.48339], physical=[0.2278  0.48339]
solver time:  0.427074
plant_input_stage0: full=[0.2328  0.26448], physical=[0.2328  0.26448]
solver time:  0.55226
plant_input_stage0: full=[ 0.237   -0.02524], physical=[ 0.237   -0.02524]
solver time:  0.519097
plant_input_stage0: full=[ 0.24   -0.1166], physical=[ 0.24   -0.1166]
solver time:  0.571504
plant_input_stage0: full=[0.24688 0.06255], physical=[0.24688 0.06255]
solver time:  0.689297
plant_input_stage0: full=[0.28219 0.50138], physical=[0.28219 0.50138]
solver time:  0.603219
plant_input_stage0: full=[0.24081 1.     ], physical=[0.24081 1.     ]
solver time:  0.658931
plant_input_stage0: full=[0.15254 1.     ], physical=[0.15254 1.     ]
solver time:  0.738088
plant_input_stage0: full=[0.11043 1.     ], physical=[0.11043 1.     ]
solver time:  0.635953
plant_input_stage0: full=[0.09279 1.     ], physical=[0.09279 1.     ]
solver time:  0.623083
plant_input_stage0: full=[0.08829 1.     ], physical=[0.08829 1.     ]
solver time:  0.591906
plant_input_stage0: full=[0.10136 1.     ], physical=[0.10136 1.     ]
solver time:  0.609087
plant_input_stage0: full=[0.11417 1.     ], physical=[0.11417 1.     ]
solver time:  0.58587
plant_input_stage0: full=[0.1255 1.    ], physical=[0.1255 1.    ]
solver time:  0.579901
plant_input_stage0: full=[0.13618 1.     ], physical=[0.13618 1.     ]
solver time:  0.543945
plant_input_stage0: full=[0.14674 1.     ], physical=[0.14674 1.     ]
solver time:  0.53702
plant_input_stage0: full=[0.1601 1.    ], physical=[0.1601 1.    ]
solver time:  0.647763
plant_input_stage0: full=[0.26204 1.     ], physical=[0.26204 1.     ]
solver time:  0.576178
plant_input_stage0: full=[0.21496 1.     ], physical=[0.21496 1.     ]
solver time:  0.575664
plant_input_stage0: full=[0.17707 1.     ], physical=[0.17707 1.     ]
solver time:  0.620519
plant_input_stage0: full=[0.19519 1.     ], physical=[0.19519 1.     ]
solver time:  0.595457
plant_input_stage0: full=[0.2134  0.65108], physical=[0.2134  0.65108]
solver time:  0.664747
plant_input_stage0: full=[0.22779 0.81238], physical=[0.22779 0.81238]
solver time:  0.648163
plant_input_stage0: full=[0.31097 1.     ], physical=[0.31097 1.     ]
solver time:  0.693533
plant_input_stage0: full=[0.24205 0.62795], physical=[0.24205 0.62795]
solver time:  0.661725
plant_input_stage0: full=[0.23285 0.31164], physical=[0.23285 0.31164]
solver time:  0.828181
plant_input_stage0: full=[0.23611 0.13497], physical=[0.23611 0.13497]
solver time:  0.760898
plant_input_stage0: full=[0.23131 0.11851], physical=[0.23131 0.11851]
solver time:  0.89903
plant_input_stage0: full=[0.22135 0.12939], physical=[0.22135 0.12939]
solver time:  0.779522
plant_input_stage0: full=[0.19034 0.10903], physical=[0.19034 0.10903]
solver time:  0.85116
plant_input_stage0: full=[0.15494 0.0516 ], physical=[0.15494 0.0516 ]
solver time:  0.762763
plant_input_stage0: full=[ 0.12543 -0.03679], physical=[ 0.12543 -0.03679]
solver time:  0.73706
plant_input_stage0: full=[ 0.10063 -0.09661], physical=[ 0.10063 -0.09661]
solver time:  0.68506
plant_input_stage0: full=[ 0.08062 -0.15231], physical=[ 0.08062 -0.15231]
solver time:  0.686419
plant_input_stage0: full=[ 0.06477 -0.19956], physical=[ 0.06477 -0.19956]
solver time:  0.807981
plant_input_stage0: full=[ 0.05195 -0.20793], physical=[ 0.05195 -0.20793]
solver time:  0.716794
plant_input_stage0: full=[ 0.04183 -0.20433], physical=[ 0.04183 -0.20433]
solver time:  0.686563
plant_input_stage0: full=[ 0.03399 -0.20207], physical=[ 0.03399 -0.20207]
solver time:  0.677782
plant_input_stage0: full=[ 0.02766 -0.18872], physical=[ 0.02766 -0.18872]
solver time:  0.650293
plant_input_stage0: full=[ 0.02248 -0.16685], physical=[ 0.02248 -0.16685]
solver time:  0.670046
plant_input_stage0: full=[ 0.01834 -0.14833], physical=[ 0.01834 -0.14833]
solver time:  0.639319
plant_input_stage0: full=[ 0.01495 -0.12879], physical=[ 0.01495 -0.12879]
solver time:  0.634359
plant_input_stage0: full=[ 0.01217 -0.10994], physical=[ 0.01217 -0.10994]
solver time:  0.638653
plant_input_stage0: full=[ 0.00988 -0.09265], physical=[ 0.00988 -0.09265]
solver time:  0.635104
plant_input_stage0: full=[ 0.00803 -0.07728], physical=[ 0.00803 -0.07728]
solver time:  0.623386
plant_input_stage0: full=[ 0.00649 -0.06403], physical=[ 0.00649 -0.06403]
solver time:  0.627647
plant_input_stage0: full=[ 0.00524 -0.0527 ], physical=[ 0.00524 -0.0527 ]
solver time:  0.678053
plant_input_stage0: full=[ 0.00442 -0.05035], physical=[ 0.00442 -0.05035]
solver time:  0.777747
plant_input_stage0: full=[ 0.00351 -0.04022], physical=[ 0.00351 -0.04022]
solver time:  0.667717
plant_input_stage0: full=[ 0.00286 -0.03202], physical=[ 0.00286 -0.03202]
solver time:  0.651178
plant_input_stage0: full=[ 0.00229 -0.02566], physical=[ 0.00229 -0.02566]
solver time:  0.780466
plant_input_stage0: full=[ 0.00182 -0.02055], physical=[ 0.00182 -0.02055]
solver time:  0.727174
plant_input_stage0: full=[ 0.00141 -0.01646], physical=[ 0.00141 -0.01646]
solver time:  0.671686
plant_input_stage0: full=[ 0.0011  -0.01308], physical=[ 0.0011  -0.01308]
solver time:  0.607493
plant_input_stage0: full=[ 0.00084 -0.01035], physical=[ 0.00084 -0.01035]
solver time:  0.64114
plant_input_stage0: full=[ 0.00063 -0.00814], physical=[ 0.00063 -0.00814]
solver time:  0.648273
plant_input_stage0: full=[ 0.00047 -0.00634], physical=[ 0.00047 -0.00634]
solver time:  0.625909
plant_input_stage0: full=[ 0.00034 -0.00488], physical=[ 0.00034 -0.00488]
solver time:  0.615838
plant_input_stage0: full=[ 0.00024 -0.00371], physical=[ 0.00024 -0.00371]
solver time:  0.731078
plant_input_stage0: full=[ 0.00039 -0.00259], physical=[ 0.00039 -0.00259]
solver time:  0.661984
plant_input_stage0: full=[ 0.00031 -0.00242], physical=[ 0.00031 -0.00242]
solver time:  0.642194
plant_input_stage0: full=[ 0.00024 -0.00214], physical=[ 0.00024 -0.00214]
solver time:  0.682533
plant_input_stage0: full=[ 0.00018 -0.00183], physical=[ 0.00018 -0.00183]
solver time:  0.61833
plant_input_stage0: full=[ 0.00014 -0.00151], physical=[ 0.00014 -0.00151]
solver time:  0.655318
plant_input_stage0: full=[ 0.0001  -0.00122], physical=[ 0.0001  -0.00122]
solver time:  0.65922
plant_input_stage0: full=[ 0.00007 -0.00097], physical=[ 0.00007 -0.00097]
solver time:  0.665327
plant_input_stage0: full=[ 0.00005 -0.00075], physical=[ 0.00005 -0.00075]
solver time:  0.618015
plant_input_stage0: full=[ 0.00004 -0.00058], physical=[ 0.00004 -0.00058]
solver time:  0.64989
plant_input_stage0: full=[ 0.00003 -0.00044], physical=[ 0.00003 -0.00044]
solver time:  0.618797
plant_input_stage0: full=[ 0.00002 -0.00033], physical=[ 0.00002 -0.00033]
solver time:  0.699045
plant_input_stage0: full=[ 0.00001 -0.00025], physical=[ 0.00001 -0.00025]
solver time:  0.666475
plant_input_stage0: full=[ 0.00001 -0.00018], physical=[ 0.00001 -0.00018]
solver time:  0.612714
plant_input_stage0: full=[ 0.00001 -0.00013], physical=[ 0.00001 -0.00013]
solver time:  0.641548
plant_input_stage0: full=[ 0.00001 -0.0001 ], physical=[ 0.00001 -0.0001 ]
solver time:  0.66898
plant_input_stage0: full=[ 0.      -0.00007], physical=[ 0.      -0.00007]
solver time:  0.606221
plant_input_stage0: full=[ 0.      -0.00005], physical=[ 0.      -0.00005]
solver time:  0.636813
plant_input_stage0: full=[ 0.      -0.00004], physical=[ 0.      -0.00004]
solver time:  0.614534
plant_input_stage0: full=[ 0.      -0.00003], physical=[ 0.      -0.00003]
solver time:  0.645793
plant_input_stage0: full=[ 0.      -0.00002], physical=[ 0.      -0.00002]
solver time:  0.620453
plant_input_stage0: full=[ 0.      -0.00001], physical=[ 0.      -0.00001]
solver time:  0.622114
plant_input_stage0: full=[ 0.      -0.00001], physical=[ 0.      -0.00001]
solver time:  0.625301
plant_input_stage0: full=[ 0.      -0.00001], physical=[ 0.      -0.00001]
solver time:  0.644583
plant_input_stage0: full=[ 0. -0.], physical=[ 0. -0.]
solver time:  0.658384
plant_input_stage0: full=[ 0. -0.], physical=[ 0. -0.]
solver time:  0.668252
plant_input_stage0: full=[ 0. -0.], physical=[ 0. -0.]
solver time:  0.633526
plant_input_stage0: full=[ 0. -0.], physical=[ 0. -0.]
solver time:  0.646656
plant_input_stage0: full=[ 0. -0.], physical=[ 0. -0.]
solver time:  0.696627
plant_input_stage0: full=[ 0. -0.], physical=[ 0. -0.]
solver time:  0.715369
plant_input_stage0: full=[ 0. -0.], physical=[ 0. -0.]
solver time:  0.716016
plant_input_stage0: full=[ 0. -0.], physical=[ 0. -0.]
solver time:  0.592893
plant_input_stage0: full=[ 0. -0.], physical=[ 0. -0.]
solver time:  0.630393
plant_input_stage0: full=[ 0. -0.], physical=[ 0. -0.]
solver time:  0.651163
plant_input_stage0: full=[ 0. -0.], physical=[ 0. -0.]
solver time:  0.628325
plant_input_stage0: full=[ 0. -0.], physical=[ 0. -0.]
solver time:  0.659693
plant_input_stage0: full=[ 0. -0.], physical=[ 0. -0.]
solver time:  0.714116
plant_input_stage0: full=[ 0. -0.], physical=[ 0. -0.]
solver time:  0.635805
plant_input_stage0: full=[ 0. -0.], physical=[ 0. -0.]
solver time:  0.656539
plant_input_stage0: full=[ 0. -0.], physical=[ 0. -0.]
solver time:  0.614961
plant_input_stage0: full=[ 0. -0.], physical=[ 0. -0.]
solver time:  0.661679
plant_input_stage0: full=[ 0. -0.], physical=[ 0. -0.]
solver time:  0.598578
plant_input_stage0: full=[ 0. -0.], physical=[ 0. -0.]
solver time:  0.634357
plant_input_stage0: full=[ 0. -0.], physical=[ 0. -0.]
solver time:  0.701299
plant_input_stage0: full=[ 0. -0.], physical=[ 0. -0.]
solver time:  0.618997
plant_input_stage0: full=[ 0. -0.], physical=[ 0. -0.]
solver time:  0.659341
plant_input_stage0: full=[ 0. -0.], physical=[ 0. -0.]
solver time:  0.618217
plant_input_stage0: full=[ 0. -0.], physical=[ 0. -0.]
solver time:  0.621222
plant_input_stage0: full=[ 0. -0.], physical=[ 0. -0.]
solver time:  0.675001
plant_input_stage0: full=[ 0. -0.], physical=[ 0. -0.]
solver time:  0.603266
plant_input_stage0: full=[ 0. -0.], physical=[ 0. -0.]
solver time:  0.632856
plant_input_stage0: full=[ 0. -0.], physical=[ 0. -0.]
solver time:  0.626605
plant_input_stage0: full=[ 0. -0.], physical=[ 0. -0.]
solver time:  0.612101
plant_input_stage0: full=[ 0. -0.], physical=[ 0. -0.]
solver time:  0.616231
plant_input_stage0: full=[ 0. -0.], physical=[ 0. -0.]
solver time:  0.611472
plant_input_stage0: full=[ 0. -0.], physical=[ 0. -0.]
solver time:  0.648956
plant_input_stage0: full=[ 0. -0.], physical=[ 0. -0.]
solver time:  0.669096
plant_input_stage0: full=[ 0. -0.], physical=[ 0. -0.]
solver time:  0.684763
plant_input_stage0: full=[ 0. -0.], physical=[ 0. -0.]
solver time:  0.654096
plant_input_stage0: full=[ 0. -0.], physical=[ 0. -0.]
solver time:  0.606227
plant_input_stage0: full=[ 0. -0.], physical=[ 0. -0.]
solver time:  0.637571
plant_input_stage0: full=[ 0. -0.], physical=[ 0. -0.]
solver time:  0.659078
plant_input_stage0: full=[ 0. -0.], physical=[ 0. -0.]
solver time:  0.673029
plant_input_stage0: full=[ 0. -0.], physical=[ 0. -0.]
solver time:  0.620942
plant_input_stage0: full=[ 0. -0.], physical=[ 0. -0.]
solver time:  0.689329
plant_input_stage0: full=[ 0. -0.], physical=[ 0. -0.]
solver time:  0.665305
plant_input_stage0: full=[ 0. -0.], physical=[ 0. -0.]
solver time:  0.632339
plant_input_stage0: full=[ 0. -0.], physical=[ 0. -0.]
solver time:  0.6312
plant_input_stage0: full=[ 0. -0.], physical=[ 0. -0.]
solver time:  0.658919
plant_input_stage0: full=[ 0. -0.], physical=[ 0. -0.]
solver time:  0.598608
plant_input_stage0: full=[ 0. -0.], physical=[ 0. -0.]
solver time:  0.676549
plant_input_stage0: full=[ 0. -0.], physical=[ 0. -0.]
solver time:  0.63202
plant_input_stage0: full=[ 0. -0.], physical=[ 0. -0.]
solver time:  0.671367
plant_input_stage0: full=[ 0. -0.], physical=[ 0. -0.]
solver time:  0.62472
plant_input_stage0: full=[ 0. -0.], physical=[ 0. -0.]
solver time:  0.614424
plant_input_stage0: full=[ 0. -0.], physical=[ 0. -0.]
solver time:  0.624237
plant_input_stage0: full=[ 0. -0.], physical=[ 0. -0.]
solver time:  0.6433
plant_input_stage0: full=[ 0. -0.], physical=[ 0. -0.]
solver time:  0.622114
plant_input_stage0: full=[ 0. -0.], physical=[ 0. -0.]
solver time:  0.613651
plant_input_stage0: full=[ 0. -0.], physical=[ 0. -0.]
solver time:  0.664925
plant_input_stage0: full=[ 0. -0.], physical=[ 0. -0.]
solver time:  0.646367
plant_input_stage0: full=[-0. -0.], physical=[-0. -0.]
solver time:  0.70756
plant_input_stage0: full=[0. 0.], physical=[0. 0.]
solver time:  0.633761
plant_input_stage0: full=[-0. -0.], physical=[-0. -0.]
solver time:  0.606437
plant_input_stage0: full=[0. 0.], physical=[0. 0.]
solver time:  0.686625
plant_input_stage0: full=[-0. -0.], physical=[-0. -0.]
solver time:  0.61532
plant_input_stage0: full=[-0.  0.], physical=[-0.  0.]
solver time:  0.61019
plant_input_stage0: full=[0. 0.], physical=[0. 0.]
solver time:  0.633775
plant_input_stage0: full=[-0.  0.], physical=[-0.  0.]
solver time:  0.632646
plant_input_stage0: full=[0. 0.], physical=[0. 0.]
solver time:  0.599779
plant_input_stage0: full=[-0. -0.], physical=[-0. -0.]
solver time:  0.6478
plant_input_stage0: full=[0. 0.], physical=[0. 0.]
solver time:  0.606248
plant_input_stage0: full=[ 0. -0.], physical=[ 0. -0.]
solver time:  0.634326
plant_input_stage0: full=[ 0. -0.], physical=[ 0. -0.]
solver time:  0.634343
plant_input_stage0: full=[-0. -0.], physical=[-0. -0.]
solver time:  0.69134
plant_input_stage0: full=[ 0. -0.], physical=[ 0. -0.]
solver time:  0.71558
plant_input_stage0: full=[ 0. -0.], physical=[ 0. -0.]
solver time:  0.699816
plant_input_stage0: full=[-0. -0.], physical=[-0. -0.]
solver time:  0.696645
plant_input_stage0: full=[-0.  0.], physical=[-0.  0.]
solver time:  0.661473
plant_input_stage0: full=[-0.  0.], physical=[-0.  0.]
solver time:  0.728116
plant_input_stage0: full=[-0. -0.], physical=[-0. -0.]
solver time:  0.669148
plant_input_stage0: full=[-0.  0.], physical=[-0.  0.]
solver time:  0.674261
plant_input_stage0: full=[0. 0.], physical=[0. 0.]
solver time:  0.718595
plant_input_stage0: full=[-0.  0.], physical=[-0.  0.]
solver time:  0.690266
plant_input_stage0: full=[0. 0.], physical=[0. 0.]
solver time:  0.758985
plant_input_stage0: full=[-0. -0.], physical=[-0. -0.]
solver time:  0.666795
plant_input_stage0: full=[0. 0.], physical=[0. 0.]
solver time:  0.642424
plant_input_stage0: full=[ 0. -0.], physical=[ 0. -0.]
solver time:  0.637
plant_input_stage0: full=[ 0. -0.], physical=[ 0. -0.]
solver time:  0.653891
plant_input_stage0: full=[-0. -0.], physical=[-0. -0.]
solver time:  0.689042
plant_input_stage0: full=[ 0. -0.], physical=[ 0. -0.]
solver time:  0.623659
plant_input_stage0: full=[ 0. -0.], physical=[ 0. -0.]
solver time:  0.634244
plant_input_stage0: full=[-0. -0.], physical=[-0. -0.]
solver time:  0.691315
plant_input_stage0: full=[-0.  0.], physical=[-0.  0.]
solver time:  0.616488
plant_input_stage0: full=[-0.  0.], physical=[-0.  0.]
solver time:  0.674261
plant_input_stage0: full=[-0. -0.], physical=[-0. -0.]
solver time:  0.628708
plant_input_stage0: full=[-0.  0.], physical=[-0.  0.]
solver time:  0.681407
plant_input_stage0: full=[0. 0.], physical=[0. 0.]
solver time:  0.719934
plant_input_stage0: full=[-0.  0.], physical=[-0.  0.]
solver time:  0.651656
plant_input_stage0: full=[0. 0.], physical=[0. 0.]
solver time:  0.682643
plant_input_stage0: full=[-0. -0.], physical=[-0. -0.]
solver time:  0.723193
plant_input_stage0: full=[0. 0.], physical=[0. 0.]
solver time:  0.711632
plant_input_stage0: full=[ 0. -0.], physical=[ 0. -0.]
solver time:  0.666707
plant_input_stage0: full=[ 0. -0.], physical=[ 0. -0.]
solver time:  0.641518
plant_input_stage0: full=[-0. -0.], physical=[-0. -0.]
solver time:  0.680034
plant_input_stage0: full=[ 0. -0.], physical=[ 0. -0.]
solver time:  0.679596
plant_input_stage0: full=[ 0. -0.], physical=[ 0. -0.]
solver time:  0.755539
plant_input_stage0: full=[-0. -0.], physical=[-0. -0.]
solver time:  0.754591
plant_input_stage0: full=[-0.  0.], physical=[-0.  0.]
solver time:  0.68521
plant_input_stage0: full=[-0.  0.], physical=[-0.  0.]
solver time:  0.645856
plant_input_stage0: full=[-0. -0.], physical=[-0. -0.]
solver time:  0.767553
plant_input_stage0: full=[-0.  0.], physical=[-0.  0.]
solver time:  0.732027
plant_input_stage0: full=[0. 0.], physical=[0. 0.]
solver time:  0.744294
plant_input_stage0: full=[-0.  0.], physical=[-0.  0.]
solver time:  0.646739
plant_input_stage0: full=[0. 0.], physical=[0. 0.]
solver time:  0.675975
plant_input_stage0: full=[-0. -0.], physical=[-0. -0.]
solver time:  0.615794
plant_input_stage0: full=[0. 0.], physical=[0. 0.]
solver time:  0.645303
plant_input_stage0: full=[ 0. -0.], physical=[ 0. -0.]
solver time:  0.646536
plant_input_stage0: full=[ 0. -0.], physical=[ 0. -0.]
solver time:  0.626125
plant_input_stage0: full=[-0. -0.], physical=[-0. -0.]
solver time:  0.678207
plant_input_stage0: full=[ 0. -0.], physical=[ 0. -0.]
solver time:  0.652719
plant_input_stage0: full=[ 0. -0.], physical=[ 0. -0.]
solver time:  0.62179
plant_input_stage0: full=[-0. -0.], physical=[-0. -0.]
solver time:  0.638671
plant_input_stage0: full=[-0.  0.], physical=[-0.  0.]
solver time:  0.652489
plant_input_stage0: full=[-0.  0.], physical=[-0.  0.]
solver time:  0.620967
plant_input_stage0: full=[-0. -0.], physical=[-0. -0.]
solver time:  0.722084
plant_input_stage0: full=[-0.  0.], physical=[-0.  0.]
solver time:  0.643974
plant_input_stage0: full=[0. 0.], physical=[0. 0.]
solver time:  0.643513
plant_input_stage0: full=[-0.  0.], physical=[-0.  0.]
solver time:  0.603351
plant_input_stage0: full=[0. 0.], physical=[0. 0.]
solver time:  0.705723
plant_input_stage0: full=[-0. -0.], physical=[-0. -0.]
solver time:  0.616952
plant_input_stage0: full=[0. 0.], physical=[0. 0.]
solver time:  0.658587
plant_input_stage0: full=[ 0. -0.], physical=[ 0. -0.]
solver time:  0.603293
plant_input_stage0: full=[ 0. -0.], physical=[ 0. -0.]
solver time:  0.668638
plant_input_stage0: full=[-0. -0.], physical=[-0. -0.]
solver time:  0.688378
plant_input_stage0: full=[ 0. -0.], physical=[ 0. -0.]
solver time:  0.640711
plant_input_stage0: full=[ 0. -0.], physical=[ 0. -0.]
solver time:  0.633825
plant_input_stage0: full=[-0. -0.], physical=[-0. -0.]
solver time:  0.611708
plant_input_stage0: full=[-0.  0.], physical=[-0.  0.]
solver time:  0.71119
plant_input_stage0: full=[-0.  0.], physical=[-0.  0.]
solver time:  0.656708
plant_input_stage0: full=[-0. -0.], physical=[-0. -0.]
solver time:  0.63973
plant_input_stage0: full=[-0.  0.], physical=[-0.  0.]
solver time:  0.697423
plant_input_stage0: full=[0. 0.], physical=[0. 0.]
solver time:  0.656815
plant_input_stage0: full=[-0.  0.], physical=[-0.  0.]
solver time:  0.662907
plant_input_stage0: full=[0. 0.], physical=[0. 0.]
solver time:  0.635194
plant_input_stage0: full=[-0. -0.], physical=[-0. -0.]
solver time:  0.611469
plant_input_stage0: full=[0. 0.], physical=[0. 0.]
solver time:  0.658482
plant_input_stage0: full=[ 0. -0.], physical=[ 0. -0.]
solver time:  0.706222
plant_input_stage0: full=[ 0. -0.], physical=[ 0. -0.]
solver time:  0.786296
plant_input_stage0: full=[-0. -0.], physical=[-0. -0.]
solver time:  0.693793
plant_input_stage0: full=[ 0. -0.], physical=[ 0. -0.]
solver time:  0.790885
plant_input_stage0: full=[ 0. -0.], physical=[ 0. -0.]
solver time:  0.680879
plant_input_stage0: full=[-0. -0.], physical=[-0. -0.]
solver time:  0.682682
plant_input_stage0: full=[-0.  0.], physical=[-0.  0.]
solver time:  0.690482
plant_input_stage0: full=[-0.  0.], physical=[-0.  0.]
solver time:  0.720313
plant_input_stage0: full=[-0. -0.], physical=[-0. -0.]
solver time:  0.707633
plant_input_stage0: full=[-0.  0.], physical=[-0.  0.]
solver time:  0.654232
plant_input_stage0: full=[0. 0.], physical=[0. 0.]
solver time:  0.619184
plant_input_stage0: full=[-0.  0.], physical=[-0.  0.]
solver time:  0.648621
plant_input_stage0: full=[0. 0.], physical=[0. 0.]
solver time:  0.655753
plant_input_stage0: full=[-0. -0.], physical=[-0. -0.]
solver time:  0.688813
plant_input_stage0: full=[0. 0.], physical=[0. 0.]
solver time:  0.629894
plant_input_stage0: full=[ 0. -0.], physical=[ 0. -0.]
solver time:  0.650169
plant_input_stage0: full=[ 0. -0.], physical=[ 0. -0.]
solver time:  0.680436
plant_input_stage0: full=[-0. -0.], physical=[-0. -0.]
solver time:  0.609537
plant_input_stage0: full=[ 0. -0.], physical=[ 0. -0.]
solver time:  0.657795
plant_input_stage0: full=[ 0. -0.], physical=[ 0. -0.]
solver time:  0.638517
plant_input_stage0: full=[-0. -0.], physical=[-0. -0.]
solver time:  0.611027
plant_input_stage0: full=[-0.  0.], physical=[-0.  0.]
solver time:  0.622646
plant_input_stage0: full=[-0.  0.], physical=[-0.  0.]
solver time:  0.659425
plant_input_stage0: full=[-0. -0.], physical=[-0. -0.]
solver time:  0.636153
plant_input_stage0: full=[-0.  0.], physical=[-0.  0.]
solver time:  0.639388
plant_input_stage0: full=[0. 0.], physical=[0. 0.]
solver time:  0.642327
plant_input_stage0: full=[-0.  0.], physical=[-0.  0.]
solver time:  0.631718
plant_input_stage0: full=[0. 0.], physical=[0. 0.]
solver time:  0.66273
plant_input_stage0: full=[-0. -0.], physical=[-0. -0.]
solver time:  0.643691
plant_input_stage0: full=[0. 0.], physical=[0. 0.]
solver time:  0.730687
plant_input_stage0: full=[ 0. -0.], physical=[ 0. -0.]
solver time:  0.743415
plant_input_stage0: full=[ 0. -0.], physical=[ 0. -0.]
solver time:  0.753102
plant_input_stage0: full=[-0. -0.], physical=[-0. -0.]
solver time:  0.744258
plant_input_stage0: full=[ 0. -0.], physical=[ 0. -0.]
solver time:  0.707988
plant_input_stage0: full=[ 0. -0.], physical=[ 0. -0.]
solver time:  0.74866
plant_input_stage0: full=[-0. -0.], physical=[-0. -0.]
solver time:  0.690783
plant_input_stage0: full=[-0.  0.], physical=[-0.  0.]
solver time:  0.634539
plant_input_stage0: full=[-0.  0.], physical=[-0.  0.]
solver time:  0.667943
plant_input_stage0: full=[-0. -0.], physical=[-0. -0.]
solver time:  0.662693
plant_input_stage0: full=[-0.  0.], physical=[-0.  0.]
solver time:  0.699014
plant_input_stage0: full=[0. 0.], physical=[0. 0.]
solver time:  0.719244
plant_input_stage0: full=[-0.  0.], physical=[-0.  0.]
solver time:  0.717825
plant_input_stage0: full=[0. 0.], physical=[0. 0.]
solver time:  0.664785
plant_input_stage0: full=[-0. -0.], physical=[-0. -0.]
solver time:  0.660774
plant_input_stage0: full=[0. 0.], physical=[0. 0.]
solver time:  0.623402
plant_input_stage0: full=[ 0. -0.], physical=[ 0. -0.]
solver time:  0.647111
plant_input_stage0: full=[ 0. -0.], physical=[ 0. -0.]
solver time:  0.693882
plant_input_stage0: full=[-0. -0.], physical=[-0. -0.]
solver time:  0.737835
plant_input_stage0: full=[ 0. -0.], physical=[ 0. -0.]
solver time:  0.654575
plant_input_stage0: full=[ 0. -0.], physical=[ 0. -0.]
solver time:  0.648792
plant_input_stage0: full=[-0. -0.], physical=[-0. -0.]
solver time:  0.662952
plant_input_stage0: full=[-0.  0.], physical=[-0.  0.]
solver time:  0.661488
plant_input_stage0: full=[-0.  0.], physical=[-0.  0.]
solver time:  0.634752
plant_input_stage0: full=[-0. -0.], physical=[-0. -0.]
solver time:  0.662327
plant_input_stage0: full=[-0.  0.], physical=[-0.  0.]
solver time:  0.717852
plant_input_stage0: full=[0. 0.], physical=[0. 0.]
solver time:  0.635151
plant_input_stage0: full=[-0.  0.], physical=[-0.  0.]
solver time:  0.653459
plant_input_stage0: full=[0. 0.], physical=[0. 0.]
solver time:  0.633517
plant_input_stage0: full=[-0. -0.], physical=[-0. -0.]
solver time:  0.701594
plant_input_stage0: full=[0. 0.], physical=[0. 0.]
solver time:  0.647242
plant_input_stage0: full=[ 0. -0.], physical=[ 0. -0.]
solver time:  0.648888
plant_input_stage0: full=[ 0. -0.], physical=[ 0. -0.]
solver time:  0.633786
plant_input_stage0: full=[-0. -0.], physical=[-0. -0.]
solver time:  0.6197
plant_input_stage0: full=[ 0. -0.], physical=[ 0. -0.]
solver time:  0.637827
plant_input_stage0: full=[ 0. -0.], physical=[ 0. -0.]
solver time:  0.640137
plant_input_stage0: full=[-0. -0.], physical=[-0. -0.]
solver time:  0.657591
plant_input_stage0: full=[-0.  0.], physical=[-0.  0.]
solver time:  0.639774
plant_input_stage0: full=[-0.  0.], physical=[-0.  0.]
solver time:  0.636675
plant_input_stage0: full=[-0. -0.], physical=[-0. -0.]
solver time:  0.657942
plant_input_stage0: full=[-0.  0.], physical=[-0.  0.]
solver time:  0.651005
plant_input_stage0: full=[0. 0.], physical=[0. 0.]
solver time:  0.655832
plant_input_stage0: full=[-0.  0.], physical=[-0.  0.]
solver time:  0.644196
plant_input_stage0: full=[0. 0.], physical=[0. 0.]
solver time:  0.638596
plant_input_stage0: full=[-0. -0.], physical=[-0. -0.]
solver time:  0.689797
plant_input_stage0: full=[0. 0.], physical=[0. 0.]
solver time:  0.624798
plant_input_stage0: full=[ 0. -0.], physical=[ 0. -0.]
solver time:  0.630524
plant_input_stage0: full=[ 0. -0.], physical=[ 0. -0.]
solver time:  0.614883
plant_input_stage0: full=[-0. -0.], physical=[-0. -0.]
solver time:  0.623146
plant_input_stage0: full=[ 0. -0.], physical=[ 0. -0.]
solver time:  0.691193
plant_input_stage0: full=[ 0. -0.], physical=[ 0. -0.]
solver time:  0.65419
plant_input_stage0: full=[-0. -0.], physical=[-0. -0.]
solver time:  0.648242
plant_input_stage0: full=[-0.  0.], physical=[-0.  0.]
solver time:  0.616945
plant_input_stage0: full=[-0.  0.], physical=[-0.  0.]
solver time:  0.671448
plant_input_stage0: full=[-0. -0.], physical=[-0. -0.]
solver time:  0.688043
plant_input_stage0: full=[-0.  0.], physical=[-0.  0.]
solver time:  0.618831
plant_input_stage0: full=[0. 0.], physical=[0. 0.]
solver time:  0.639887
plant_input_stage0: full=[-0.  0.], physical=[-0.  0.]
solver time:  0.680307
plant_input_stage0: full=[0. 0.], physical=[0. 0.]
solver time:  0.626352
plant_input_stage0: full=[-0. -0.], physical=[-0. -0.]
solver time:  0.70763
plant_input_stage0: full=[0. 0.], physical=[0. 0.]
solver time:  0.625558
plant_input_stage0: full=[ 0. -0.], physical=[ 0. -0.]
solver time:  0.648919
plant_input_stage0: full=[ 0. -0.], physical=[ 0. -0.]
solver time:  0.623233
plant_input_stage0: full=[-0. -0.], physical=[-0. -0.]
solver time:  0.650002
plant_input_stage0: full=[ 0. -0.], physical=[ 0. -0.]
solver time:  0.73233
plant_input_stage0: full=[ 0. -0.], physical=[ 0. -0.]
solver time:  0.717457
plant_input_stage0: full=[-0. -0.], physical=[-0. -0.]
solver time:  0.687397
plant_input_stage0: full=[-0.  0.], physical=[-0.  0.]
solver time:  0.679058
plant_input_stage0: full=[-0.  0.], physical=[-0.  0.]
solver time:  0.694282
plant_input_stage0: full=[-0. -0.], physical=[-0. -0.]
solver time:  0.676066
plant_input_stage0: full=[-0.  0.], physical=[-0.  0.]
solver time:  0.719981
plant_input_stage0: full=[0. 0.], physical=[0. 0.]
solver time:  0.669572
plant_input_stage0: full=[-0.  0.], physical=[-0.  0.]
solver time:  0.642073
plant_input_stage0: full=[0. 0.], physical=[0. 0.]
solver time:  0.658767
plant_input_stage0: full=[-0. -0.], physical=[-0. -0.]
solver time:  0.626802
plant_input_stage0: full=[0. 0.], physical=[0. 0.]
solver time:  0.665665
plant_input_stage0: full=[ 0. -0.], physical=[ 0. -0.]
solver time:  0.612532
plant_input_stage0: full=[ 0. -0.], physical=[ 0. -0.]
solver time:  0.658461
plant_input_stage0: full=[-0. -0.], physical=[-0. -0.]
solver time:  0.624892
plant_input_stage0: full=[ 0. -0.], physical=[ 0. -0.]
solver time:  0.65108
plant_input_stage0: full=[ 0. -0.], physical=[ 0. -0.]
solver time:  0.680023
plant_input_stage0: full=[-0. -0.], physical=[-0. -0.]
solver time:  0.684703
plant_input_stage0: full=[-0.  0.], physical=[-0.  0.]
solver time:  0.722597
plant_input_stage0: full=[-0.  0.], physical=[-0.  0.]
solver time:  0.694576
plant_input_stage0: full=[-0. -0.], physical=[-0. -0.]
solver time:  0.687049
plant_input_stage0: full=[-0.  0.], physical=[-0.  0.]
solver time:  0.645103
plant_input_stage0: full=[0. 0.], physical=[0. 0.]
solver time:  0.651143
plant_input_stage0: full=[-0.  0.], physical=[-0.  0.]
solver time:  0.643839
plant_input_stage0: full=[0. 0.], physical=[0. 0.]
solver time:  0.694024
plant_input_stage0: full=[-0. -0.], physical=[-0. -0.]
solver time:  0.619507
plant_input_stage0: full=[0. 0.], physical=[0. 0.]
solver time:  0.665329
plant_input_stage0: full=[ 0. -0.], physical=[ 0. -0.]
solver time:  0.662635
plant_input_stage0: full=[ 0. -0.], physical=[ 0. -0.]
solver time:  0.659568
plant_input_stage0: full=[-0. -0.], physical=[-0. -0.]
solver time:  0.64402
plant_input_stage0: full=[ 0. -0.], physical=[ 0. -0.]
solver time:  0.66902
plant_input_stage0: full=[ 0. -0.], physical=[ 0. -0.]
solver time:  0.641579
plant_input_stage0: full=[-0. -0.], physical=[-0. -0.]
solver time:  0.640095
plant_input_stage0: full=[-0.  0.], physical=[-0.  0.]
solver time:  0.645872
plant_input_stage0: full=[-0.  0.], physical=[-0.  0.]
solver time:  0.628293
plant_input_stage0: full=[-0. -0.], physical=[-0. -0.]
solver time:  0.63761
plant_input_stage0: full=[-0.  0.], physical=[-0.  0.]
solver time:  0.619243
plant_input_stage0: full=[0. 0.], physical=[0. 0.]
solver time:  0.651029
plant_input_stage0: full=[-0.  0.], physical=[-0.  0.]
solver time:  0.638044
plant_input_stage0: full=[0. 0.], physical=[0. 0.]
solver time:  0.634804
plant_input_stage0: full=[-0. -0.], physical=[-0. -0.]
solver time:  0.616704
plant_input_stage0: full=[0. 0.], physical=[0. 0.]
solver time:  0.650129
plant_input_stage0: full=[ 0. -0.], physical=[ 0. -0.]
solver time:  0.708657
plant_input_stage0: full=[ 0. -0.], physical=[ 0. -0.]
solver time:  0.625253
plant_input_stage0: full=[-0. -0.], physical=[-0. -0.]
solver time:  0.627252
plant_input_stage0: full=[ 0. -0.], physical=[ 0. -0.]
solver time:  0.653682
plant_input_stage0: full=[ 0. -0.], physical=[ 0. -0.]
solver time:  0.635327
plant_input_stage0: full=[-0. -0.], physical=[-0. -0.]
solver time:  0.65514
plant_input_stage0: full=[-0.  0.], physical=[-0.  0.]
solver time:  0.707796
plant_input_stage0: full=[-0.  0.], physical=[-0.  0.]
solver time:  0.724026
plant_input_stage0: full=[-0. -0.], physical=[-0. -0.]
CasADi - 2026-09-10 00:24:54 WARNING("KeyboardInterruptException") [.../casadi/interfaces/ipopt/ipopt_nlp.cpp:114]

SIGINT interrupted the solver. Finalizing outputs from the partial run...
Trial history saved to /home/taek111/projects/psdf_mpcc/debug_runs/maze_dd_rectangle_20260910/dcbf/data/partial_trial_history.csv
RESULT: {"status": "interrupted", "failure_reason": "Error in Opti::solve [OptiNode] at .../casadi/core/optistack.cpp:217:\n.../casadi/core/optistack_internal.cpp:1338: Assertion \"return_success(accept_limit)\" failed:\nSolver failed. You may use opti.debug.value to investigate the latest values of variables. return_status is 'NonIpopt_Exception_Thrown'", "current_name": "MPC_DCBF_rectangle_maze_20260910", "output_root_dir": "/home/taek111/projects/psdf_mpcc/debug_runs/maze_dd_rectangle_20260910/dcbf", "wall_seconds": 474.434074998, "method": "dcbf", "cli": ["--single", "--config", "/home/taek111/projects/psdf_mpcc/debug_runs/maze_dd_rectangle_20260910/dcbf/config.yaml", "--maze-type", "maze", "--robot-shape", "rectangle", "--dynamics-type", "differential_drive", "--optimizer-type", "dcbf", "--path-planner", "astar", "--simulation-time", "60", "--no-perturb-start", "--no-animation"], "source_commit": "65b8b6f37408873e2638b3e20ea01c5be5b46bbd"}
