RMPCC configured from config: horizon=20, tf=2.0, use_obstacle_constraint=True, use_row_mf=True, d_col=0.001, d_min=0.001, d_mf_mask=0.001, mf_slack_linear=100.0, mf_slack_quadratic=1.0, chance_epsilon=0.2, mf_active_start_step=1, mf_active_end_step=None, mf_active_terminal=True, sigma_f0=0.0002, sigma_l0=0.00025, sigma_psi0=0.00025, q_f0=0.0, q_l0=0.0, q_psi0=0.0, alpha_f=0.0, alpha_v=0.0, alpha_kappa=0.0, beta_v=0.0, beta_kappa=0.0, beta_omega=0.0, enable_backup_solver=False, debug_mf=True, debug_infeasibility=True, augmented_psdf_device=cpu
Resetting rmpcc optimizer for clean state...
Trial failure criteria enabled: movement_window_sec=5.0, movement_threshold=0.005, max_consecutive_solver_failures=10
generating global path with A* + Line of Sight
시작 위치: [0.075 0.795]
목적지: [1.8  0.09]
도착 판정 기준: position <= 0.01m, angle <= 0.01rad
Setting up RMPCC-MF optimizer...
RMPCC-MF Row M configuration: enabled=True, active only when phi > d_mf_mask=0.001, configured stages=[1, 2, 3, 4, 5, 6, 7, 8, 9, 10, 11, 12, 13, 14, 15, 16, 17, 18, 19, 20]
Added two affine safety rows at intermediate/terminal stages: 0=HARD guard/recovery, 1=SOFT MF
field AcadosOcpDims.N has been migrated to AcadosOcpOptions.N_horizon. setting AcadosOcpOptions.N_horizon = N. For future comppatibility, please use AcadosOcpOptions.N_horizon directly.

WARNING: Gauss-Newton Hessian approximation with EXTERNAL cost type not well defined!
got cost_type EXTERNAL for cost_type_0, cost_type, cost_type_e, hessian_approx: 'GAUSS_NEWTON'.
With this setting, acados will proceed computing the exact Hessian for the cost term and no Hessian contribution from constraints and dynamics.
If the external cost is a linear least squares cost, this coincides with the Gauss-Newton Hessian.
Note: There is also the option to use the external cost module with a numerical Hessian approximation (see `ext_cost_num_hess`).
OR the option to provide a symbolic custom Hessian approximation (see `cost_expr_ext_cost_custom_hess`).

acados was compiled without OpenMP.
RMPCC-MF backup SQP_WITH_FEASIBLE_QP solver disabled; using nominal safe-stop recovery.
[RMPCC 0000] OK solve=138.7ms pose=(0.075,0.795,-1.571) u=(0.123,0.000) s=0.013 PSDFmin=+0.03 G=OK(+0.04134) MF=OK(active=20/20,min=+0.2,slack=+7.52e-12)
[RMPCC 0001] OK solve=139.5ms pose=(0.075,0.783,-1.571) u=(0.114,0.088) s=0.024 PSDFmin=-0.002916 G=OK(+3.837e-08) MF=OK(active=20/20,min=+0.2,slack=+3.95e-11)
[RMPCC 0002] OK solve=126.1ms pose=(0.075,0.771,-1.562) u=(0.119,0.180) s=0.035 PSDFmin=+0.0009511 G=OK(+3.331e-16) MF=OK(active=14/20,min=+0.2,slack=+2.06e-17)
[RMPCC 0003] OK solve=135.6ms pose=(0.075,0.759,-1.544) u=(0.119,-0.080) s=0.041 PSDFmin=+0.002114 G=OK(+8.882e-16) MF=OK(active=19/20,min=+0.08832,slack=+2.947e-17)
[RMPCC 0004] OK solve=132.1ms pose=(0.075,0.747,-1.552) u=(0.126,0.051) s=0.055 PSDFmin=-0.003095 G=OK(+8.383e-12) MF=OK(active=20/20,min=+0.1999,slack=+2.491e-11)
[RMPCC 0005] OK solve=117.5ms pose=(0.076,0.735,-1.547) u=(0.120,-0.064) s=0.056 PSDFmin=+0.002304 G=OK(+7.735e-12) MF=OK(active=19/20,min=+0.187,slack=+2.333e-13)
[RMPCC 0006] OK solve=123.8ms pose=(0.076,0.723,-1.553) u=(0.127,0.059) s=0.071 PSDFmin=+0.00195 G=OK(+5.229e-14) MF=OK(active=20/20,min=+0.2,slack=+1.592e-15)
[RMPCC 0007] OK solve=125.7ms pose=(0.076,0.710,-1.547) u=(0.137,0.083) s=0.087 PSDFmin=+0.002432 G=OK(+4.441e-16) MF=OK(active=20/20,min=+0.1982,slack=+1.127e-16)
[RMPCC 0008] OK solve=130.3ms pose=(0.076,0.696,-1.539) u=(0.127,0.191) s=0.090 PSDFmin=+0.002119 G=OK(+4.507e-12) MF=OK(active=20/20,min=+0.2,slack=+1.038e-13)
[RMPCC 0009] OK solve=135.2ms pose=(0.077,0.684,-1.520) u=(0.134,0.289) s=0.105 PSDFmin=+0.002239 G=OK(+5.778e-12) MF=OK(active=20/20,min=+0.1999,slack=+5.179e-13)
[RMPCC 0010] OK solve=124.0ms pose=(0.078,0.670,-1.491) u=(0.139,0.412) s=0.124 PSDFmin=+0.00224 G=OK(+3.301e-11) MF=OK(active=20/20,min=+0.2,slack=+1.459e-12)
[RMPCC 0011] OK solve=132.7ms pose=(0.079,0.657,-1.450) u=(0.127,0.496) s=0.127 PSDFmin=+0.001961 G=OK(+1.674e-13) MF=OK(active=20/20,min=+0.2,slack=+4.394e-14)
[RMPCC 0012] OK solve=129.2ms pose=(0.080,0.644,-1.400) u=(0.129,0.605) s=0.144 PSDFmin=+0.001951 G=OK(+1.878e-10) MF=OK(active=20/20,min=+0.1993,slack=+1.608e-11)
[RMPCC 0013] OK solve=128.2ms pose=(0.082,0.631,-1.340) u=(0.131,0.728) s=0.165 PSDFmin=+0.002 G=OK(+8.054e-12) MF=OK(active=20/20,min=+0.1993,slack=+7.531e-13)
[RMPCC 0014] OK solve=117.2ms pose=(0.085,0.618,-1.267) u=(0.131,0.877) s=0.186 PSDFmin=+0.002053 G=OK(+8.598e-12) MF=OK(active=20/20,min=+0.1996,slack=+8.076e-13)
[RMPCC 0015] OK solve=112.1ms pose=(0.089,0.606,-1.179) u=(0.123,1.015) s=0.200 PSDFmin=+0.001947 G=OK(+7.837e-12) MF=OK(active=20/20,min=+0.1998,slack=+1.957e-13)
[RMPCC 0016] OK solve=145.5ms pose=(0.094,0.594,-1.078) u=(0.115,1.144) s=0.214 PSDFmin=+0.001857 G=OK(+5.423e-14) MF=OK(active=20/20,min=+0.199,slack=+1.558e-15)
[RMPCC 0017] OK solve=135.9ms pose=(0.099,0.584,-0.963) u=(0.097,1.200) s=0.229 PSDFmin=+0.001518 G=OK(+1.903e-12) MF=OK(active=20/20,min=+0.1949,slack=+2.415e-13)
[RMPCC 0018] OK solve=121.5ms pose=(0.105,0.576,-0.843) u=(0.100,1.200) s=0.238 PSDFmin=+0.002424 G=OK(+0.0004719) MF=OK(active=20/20,min=+0.1704,slack=+1.874e-16)
[RMPCC 0019] OK solve=108.7ms pose=(0.112,0.569,-0.723) u=(0.116,1.200) s=0.251 PSDFmin=+0.003054 G=OK(+0.001015) MF=OK(active=20/20,min=+0.2,slack=+1.244e-11)
[RMPCC 0020] OK solve=139.6ms pose=(0.120,0.561,-0.603) u=(0.121,1.200) s=0.257 PSDFmin=+0.003842 G=OK(+0.001747) MF=OK(active=20/20,min=+0.2,slack=+2.527e-15)
[RMPCC 0021] OK solve=137.4ms pose=(0.130,0.554,-0.483) u=(0.132,1.200) s=0.268 PSDFmin=+0.00546 G=OK(+0.003244) MF=OK(active=20/20,min=+0.2,slack=+1.493e-12)
[RMPCC 0022] OK solve=148.8ms pose=(0.142,0.548,-0.363) u=(0.143,1.054) s=0.281 PSDFmin=+0.00559 G=OK(+0.00415) MF=OK(active=20/20,min=+0.2,slack=+1.972e-11)
[RMPCC 0023] OK solve=146.3ms pose=(0.155,0.543,-0.258) u=(0.152,0.915) s=0.296 PSDFmin=+0.005914 G=OK(+0.004476) MF=OK(active=20/20,min=+0.2,slack=+9.701e-13)
[RMPCC 0024] OK solve=134.3ms pose=(0.170,0.539,-0.166) u=(0.157,0.801) s=0.311 PSDFmin=+0.001001 G=OK(+2.366e-07) MF=OK(active=20/20,min=+0.2,slack=+1.949e-11)
[RMPCC 0025] OK solve=122.4ms pose=(0.186,0.537,-0.086) u=(0.157,0.760) s=0.326 PSDFmin=+0.001375 G=OK(+0.0001576) MF=OK(active=20/20,min=+2.728e-12,slack=+2.425e-17)
[RMPCC 0026] OK solve=118.7ms pose=(0.201,0.535,-0.010) u=(0.154,0.680) s=0.341 PSDFmin=+0.001172 G=OK(+9.848e-14) MF=OK(active=20/20,min=+0.02617,slack=+2.375e-15)
[RMPCC 0027] OK solve=127.9ms pose=(0.217,0.535,0.058) u=(0.147,0.580) s=0.354 PSDFmin=+0.001284 G=OK(+5.806e-10) MF=OK(active=20/20,min=+8.067e-09,slack=+3.15e-13)
[RMPCC 0028] OK solve=118.1ms pose=(0.231,0.536,0.116) u=(0.144,0.487) s=0.369 PSDFmin=+0.001181 G=OK(+3.891e-05) MF=OK(active=20/20,min=+6.935e-12,slack=+9.42e-16)
[RMPCC 0029] OK solve=124.7ms pose=(0.246,0.538,0.164) u=(0.139,0.436) s=0.383 PSDFmin=+0.0008757 G=OK(+6.273e-15) MF=OK(active=20/20,min=+1.137e-13,slack=+2.773e-17)
[RMPCC 0030] OK solve=142.0ms pose=(0.259,0.540,0.208) u=(0.134,0.267) s=0.397 PSDFmin=-0.0004742 G=OK(+4.441e-16) MF=OK(active=19/20,min=+0.2,slack=+3.222e-17)
[RMPCC 0031] OK solve=136.1ms pose=(0.272,0.543,0.235) u=(0.129,0.172) s=0.410 PSDFmin=+0.000305 G=OK(+7.772e-16) MF=OK(active=19/20,min=+0.2,slack=+2.826e-17)
[RMPCC 0032] OK solve=120.9ms pose=(0.285,0.546,0.252) u=(0.127,0.085) s=0.422 PSDFmin=+0.003584 G=OK(+5.551e-15) MF=OK(active=19/20,min=+1.614e-11,slack=+5.195e-17)
[RMPCC 0033] OK solve=120.2ms pose=(0.297,0.549,0.260) u=(0.126,0.121) s=0.435 PSDFmin=+0.002948 G=OK(+3.475e-10) MF=OK(active=20/20,min=+0.2,slack=+5.806e-12)
[RMPCC 0034] OK solve=123.0ms pose=(0.309,0.552,0.273) u=(0.125,0.102) s=0.447 PSDFmin=+0.0009757 G=OK(+5.695e-11) MF=OK(active=20/20,min=+0.2,slack=+1.029e-12)
[RMPCC 0035] OK solve=124.2ms pose=(0.322,0.555,0.283) u=(0.129,0.101) s=0.462 PSDFmin=+0.001459 G=OK(+7.216e-16) MF=OK(active=18/20,min=+0.0003322,slack=+9.214e-16)
[RMPCC 0036] OK solve=116.7ms pose=(0.334,0.559,0.293) u=(0.129,0.098) s=0.475 PSDFmin=+0.001006 G=OK(+1.032e-12) MF=OK(active=20/20,min=+0.04444,slack=+1.537e-14)
[RMPCC 0037] OK solve=122.6ms pose=(0.346,0.563,0.303) u=(0.129,0.134) s=0.488 PSDFmin=+0.003559 G=OK(+1.022e-12) MF=OK(active=20/20,min=+0.125,slack=+1.227e-14)
[RMPCC 0038] OK solve=117.9ms pose=(0.359,0.567,0.316) u=(0.130,0.085) s=0.501 PSDFmin=+0.001049 G=OK(+6.999e-11) MF=OK(active=20/20,min=+0.2,slack=+5.391e-12)
[RMPCC 0039] OK solve=144.5ms pose=(0.371,0.571,0.325) u=(0.130,0.102) s=0.514 PSDFmin=+0.001492 G=OK(+1.427e-12) MF=OK(active=20/20,min=+2.961e-09,slack=+1.534e-14)
[RMPCC 0040] OK solve=134.1ms pose=(0.383,0.575,0.335) u=(0.132,0.099) s=0.528 PSDFmin=+0.001505 G=OK(-3.886e-16) MF=OK(active=20/20,min=+0.05018,slack=+1.567e-14)
[RMPCC 0041] OK solve=130.0ms pose=(0.396,0.579,0.345) u=(0.136,0.092) s=0.544 PSDFmin=+0.001543 G=OK(+1.921e-14) MF=OK(active=20/20,min=+0.06213,slack=+1.587e-15)
[RMPCC 0042] OK solve=126.1ms pose=(0.409,0.584,0.354) u=(0.141,0.086) s=0.561 PSDFmin=+0.001653 G=OK(+4.441e-16) MF=OK(active=20/20,min=+0.09434,slack=+1.605e-14)
[RMPCC 0043] OK solve=133.3ms pose=(0.422,0.589,0.363) u=(0.135,0.070) s=0.568 PSDFmin=+0.001744 G=OK(+2.737e-14) MF=OK(active=20/20,min=+0.1562,slack=+3.708e-15)
[RMPCC 0044] OK solve=143.9ms pose=(0.434,0.593,0.370) u=(0.137,0.052) s=0.581 PSDFmin=+0.001846 G=OK(+6.217e-15) MF=OK(active=20/20,min=+0.182,slack=+4.594e-17)
[RMPCC 0045] OK solve=132.8ms pose=(0.447,0.598,0.375) u=(0.144,0.032) s=0.600 PSDFmin=+0.001852 G=OK(+4.409e-10) MF=OK(active=20/20,min=+0.195,slack=+2.133e-11)
[RMPCC 0046] OK solve=140.6ms pose=(0.461,0.604,0.378) u=(0.142,-0.039) s=0.610 PSDFmin=+0.001611 G=OK(+1.63e-09) MF=OK(active=20/20,min=+0.1934,slack=+1.741e-11)
[RMPCC 0047] OK solve=129.9ms pose=(0.474,0.609,0.374) u=(0.143,-0.101) s=0.624 PSDFmin=+0.001519 G=OK(+1.554e-15) MF=OK(active=20/20,min=+0.1365,slack=+3.481e-17)
[RMPCC 0048] OK solve=132.1ms pose=(0.487,0.614,0.364) u=(0.147,-0.144) s=0.644 PSDFmin=-0.01025 G=OK(+9.271e-13) MF=OK(active=20/20,min=+0.1501,slack=+2.047e-12)
[RMPCC 0049] OK solve=121.9ms pose=(0.501,0.619,0.350) u=(0.147,-0.217) s=0.653 PSDFmin=-0.0006958 G=OK(+8.66e-15) MF=OK(active=19/20,min=+0.151,slack=+4.104e-16)
[RMPCC 0050] OK solve=122.9ms pose=(0.515,0.624,0.328) u=(0.152,-0.161) s=0.670 PSDFmin=-0.02338 G=OK(+5.995e-15) MF=OK(active=15/20,min=+2.41e-11,slack=+2.343e-16)
[RMPCC 0051] OK solve=130.5ms pose=(0.529,0.629,0.312) u=(0.144,-0.181) s=0.683 PSDFmin=-0.006349 G=OK(+5.551e-16) MF=OK(active=16/20,min=+0.07747,slack=+3.848e-17)
[RMPCC 0052] OK solve=125.3ms pose=(0.543,0.634,0.294) u=(0.138,-0.215) s=0.697 PSDFmin=-0.03196 G=OK(+1.124e-08) MF=OK(active=14/20,min=+0.2,slack=+3.499e-10)
[RMPCC 0053] OK solve=117.9ms pose=(0.556,0.638,0.272) u=(0.135,-0.081) s=0.711 PSDFmin=-0.01347 G=OK(+6.661e-16) MF=OK(active=12/20,min=+0.2,slack=+5.491e-17)
[RMPCC 0054] OK solve=132.2ms pose=(0.569,0.641,0.264) u=(0.126,-0.532) s=0.725 PSDFmin=-0.03487 G=OK(+4.663e-15) MF=OK(active=13/20,min=+0.2,slack=+4.343e-16)
[RMPCC 0055] OK solve=132.7ms pose=(0.581,0.645,0.211) u=(0.128,-0.065) s=0.737 PSDFmin=-0.007387 G=OK(+6.661e-16) MF=OK(active=10/20,min=+0.2,slack=+4.171e-17)
[RMPCC 0056] OK solve=126.0ms pose=(0.594,0.647,0.204) u=(0.131,-0.408) s=0.754 PSDFmin=-0.01997 G=OK(+1.717e-11) MF=OK(active=13/20,min=+0.1975,slack=+1.819e-13)
[RMPCC 0057] OK solve=122.4ms pose=(0.606,0.650,0.164) u=(0.129,-0.151) s=0.763 PSDFmin=-0.0007505 G=OK(+6.772e-15) MF=OK(active=13/20,min=+0.2,slack=+4.592e-16)
[RMPCC 0058] OK solve=130.3ms pose=(0.619,0.652,0.149) u=(0.133,-0.299) s=0.775 PSDFmin=-0.007698 G=OK(+5.551e-16) MF=OK(active=17/20,min=+0.1913,slack=+2.01e-17)
[RMPCC 0059] OK solve=124.0ms pose=(0.632,0.654,0.119) u=(0.132,-0.198) s=0.789 PSDFmin=+0.001031 G=OK(+6.652e-10) MF=OK(active=14/20,min=+0.2,slack=+1.393e-11)
[RMPCC 0060] OK solve=125.3ms pose=(0.645,0.656,0.099) u=(0.135,-0.341) s=0.801 PSDFmin=-0.003305 G=OK(+1.11e-16) MF=OK(active=20/20,min=+0.1395,slack=+3.904e-17)
[RMPCC 0061] OK solve=139.2ms pose=(0.659,0.657,0.065) u=(0.133,-0.257) s=0.814 PSDFmin=+0.001339 G=OK(+3.209e-11) MF=OK(active=12/20,min=+0.1998,slack=+9.544e-13)
[RMPCC 0062] OK solve=140.8ms pose=(0.672,0.658,0.039) u=(0.135,-0.422) s=0.828 PSDFmin=+3.671e-05 G=OK(+5.551e-16) MF=OK(active=20/20,min=+0.1976,slack=+2.53e-17)
[RMPCC 0063] OK solve=124.3ms pose=(0.685,0.658,-0.003) u=(0.132,-0.384) s=0.841 PSDFmin=+0.001527 G=OK(+3.664e-15) MF=OK(active=17/20,min=+0.1996,slack=+2.028e-16)
[RMPCC 0064] OK solve=132.6ms pose=(0.699,0.658,-0.042) u=(0.130,-0.543) s=0.852 PSDFmin=+0.001279 G=OK(+4.16e-11) MF=OK(active=20/20,min=+0.1811,slack=+1.679e-12)
[RMPCC 0065] OK solve=126.8ms pose=(0.712,0.658,-0.096) u=(0.130,-0.570) s=0.867 PSDFmin=+0.001856 G=OK(+1.221e-15) MF=OK(active=20/20,min=+6.822e-13,slack=+6.499e-17)
[RMPCC 0066] OK solve=113.7ms pose=(0.725,0.656,-0.153) u=(0.124,-0.701) s=0.880 PSDFmin=+0.001778 G=OK(+2.974e-12) MF=OK(active=20/20,min=+0.1965,slack=+1.28e-13)
[RMPCC 0067] OK solve=138.0ms pose=(0.737,0.655,-0.223) u=(0.117,-0.820) s=0.892 PSDFmin=+0.001776 G=OK(+2.071e-13) MF=OK(active=20/20,min=+0.1891,slack=+1.029e-14)
[RMPCC 0068] OK solve=147.2ms pose=(0.748,0.652,-0.305) u=(0.112,-1.008) s=0.904 PSDFmin=+0.001891 G=OK(+1.669e-13) MF=OK(active=20/20,min=+0.1882,slack=+2.233e-13)
[RMPCC 0069] OK solve=128.8ms pose=(0.759,0.649,-0.406) u=(0.117,-1.066) s=0.918 PSDFmin=+0.002003 G=OK(+8.882e-16) MF=OK(active=20/20,min=+0.1983,slack=+1.817e-16)
[RMPCC 0070] OK solve=124.9ms pose=(0.770,0.644,-0.512) u=(0.131,-0.878) s=0.932 PSDFmin=+0.002141 G=OK(+3.127e-13) MF=OK(active=20/20,min=+0.1992,slack=+1.667e-14)
[RMPCC 0071] OK solve=129.4ms pose=(0.781,0.638,-0.600) u=(0.138,-0.723) s=0.945 PSDFmin=+0.002005 G=OK(+1.731e-12) MF=OK(active=20/20,min=+0.1999,slack=+1.401e-13)
[RMPCC 0072] OK solve=122.0ms pose=(0.793,0.630,-0.672) u=(0.144,-0.508) s=0.959 PSDFmin=+0.001595 G=OK(+1.384e-13) MF=OK(active=20/20,min=+0.1987,slack=+2.283e-13)
[RMPCC 0073] OK solve=123.3ms pose=(0.804,0.621,-0.723) u=(0.148,-0.290) s=0.974 PSDFmin=-0.0002294 G=OK(+2.98e-12) MF=OK(active=20/20,min=+0.115,slack=+1.132e-13)
[RMPCC 0074] OK solve=134.9ms pose=(0.815,0.611,-0.752) u=(0.155,-0.065) s=0.995 PSDFmin=+0.001023 G=OK(+1.332e-15) MF=OK(active=19/20,min=+0.188,slack=+5.659e-17)
[RMPCC 0075] OK solve=128.6ms pose=(0.826,0.600,-0.759) u=(0.144,0.104) s=1.004 PSDFmin=-0.00227 G=OK(+3.331e-16) MF=OK(active=20/20,min=+9.095e-13,slack=+2.488e-17)
[RMPCC 0076] OK solve=122.6ms pose=(0.837,0.591,-0.748) u=(0.138,0.348) s=1.018 PSDFmin=+0.0009748 G=OK(+3.331e-16) MF=OK(active=19/20,min=+2.842e-13,slack=+2.345e-17)
[RMPCC 0077] OK solve=129.5ms pose=(0.847,0.581,-0.713) u=(0.129,0.510) s=1.032 PSDFmin=+0.001019 G=OK(+9.992e-16) MF=OK(active=19/20,min=+4.548e-13,slack=+3.114e-17)
[RMPCC 0078] OK solve=130.4ms pose=(0.856,0.573,-0.663) u=(0.124,0.761) s=1.048 PSDFmin=+0.001307 G=OK(+3.432e-12) MF=OK(active=20/20,min=-2.463e-09,slack=+1.078e-13)
[RMPCC 0079] OK solve=120.8ms pose=(0.866,0.565,-0.586) u=(0.119,0.871) s=1.057 PSDFmin=+0.00132 G=OK(+0.0001037) MF=OK(active=20/20,min=-5.682e-14,slack=+2.869e-17)
[RMPCC 0080] OK solve=122.3ms pose=(0.876,0.559,-0.499) u=(0.114,0.993) s=1.069 PSDFmin=-0.03208 G=OK(+1.832e-15) MF=OK(active=20/20,min=+0.1998,slack=+2.71e-17)
[RMPCC 0081] OK solve=126.7ms pose=(0.886,0.553,-0.400) u=(0.124,0.490) s=1.080 PSDFmin=-0.01289 G=OK(+9.17e-14) MF=OK(active=12/20,min=+0.2,slack=+8.129e-15)
[RMPCC 0082] OK solve=121.3ms pose=(0.898,0.548,-0.351) u=(0.109,0.890) s=1.092 PSDFmin=-0.02927 G=OK(+2.905e-13) MF=OK(active=13/20,min=+0.2,slack=+1.211e-13)
[RMPCC 0083] OK solve=128.2ms pose=(0.908,0.544,-0.262) u=(0.118,0.397) s=1.103 PSDFmin=-0.009418 G=OK(+1.11e-15) MF=OK(active=10/20,min=+0.2,slack=+5.999e-17)
[RMPCC 0084] OK solve=122.4ms pose=(0.919,0.541,-0.222) u=(0.111,0.705) s=1.112 PSDFmin=-0.01757 G=OK(+7.261e-14) MF=OK(active=14/20,min=+0.2,slack=+5.269e-14)
[RMPCC 0085] OK solve=118.3ms pose=(0.930,0.539,-0.152) u=(0.119,0.447) s=1.125 PSDFmin=-0.001441 G=OK(+8.438e-15) MF=OK(active=10/20,min=+0.2,slack=+1.482e-15)
[RMPCC 0086] OK solve=116.8ms pose=(0.942,0.537,-0.107) u=(0.114,0.448) s=1.135 PSDFmin=+0.001189 G=OK(+5.551e-15) MF=OK(active=16/20,min=+0.1424,slack=+3.222e-16)
[RMPCC 0087] OK solve=122.2ms pose=(0.953,0.536,-0.062) u=(0.122,0.533) s=1.146 PSDFmin=-0.004354 G=OK(+1.245e-12) MF=OK(active=20/20,min=-6.74e-11,slack=+1.396e-14)
[RMPCC 0088] OK solve=122.6ms pose=(0.965,0.535,-0.009) u=(0.122,0.421) s=1.158 PSDFmin=+0.001472 G=OK(+9.969e-09) MF=OK(active=12/20,min=+0.2,slack=+1.679e-10)
[RMPCC 0089] OK solve=108.8ms pose=(0.977,0.535,0.033) u=(0.126,0.534) s=1.171 PSDFmin=+0.000709 G=OK(-1.665e-16) MF=OK(active=20/20,min=+0.1996,slack=+3.129e-14)
[RMPCC 0090] OK solve=125.1ms pose=(0.990,0.536,0.086) u=(0.123,0.465) s=1.183 PSDFmin=+0.001388 G=OK(+8.882e-16) MF=OK(active=19/20,min=+4.548e-13,slack=+3.57e-17)
[RMPCC 0091] OK solve=146.7ms pose=(1.002,0.537,0.133) u=(0.126,0.589) s=1.195 PSDFmin=+0.001304 G=OK(+8.882e-16) MF=OK(active=20/20,min=+6.935e-12,slack=+3.79e-17)
[RMPCC 0092] OK solve=199.6ms pose=(1.015,0.538,0.192) u=(0.121,0.545) s=1.208 PSDFmin=+0.001555 G=OK(+1.443e-15) MF=OK(active=20/20,min=+7.106e-12,slack=+6.398e-16)
[RMPCC 0093] OK solve=124.0ms pose=(1.027,0.541,0.246) u=(0.123,0.679) s=1.220 PSDFmin=+0.001662 G=OK(+1.41e-14) MF=OK(active=20/20,min=+0.1493,slack=+5.181e-13)
[RMPCC 0094] OK solve=120.1ms pose=(1.039,0.544,0.314) u=(0.122,0.726) s=1.232 PSDFmin=+0.001828 G=OK(+1.221e-15) MF=OK(active=20/20,min=+0.1579,slack=+7.065e-17)
[RMPCC 0095] OK solve=121.3ms pose=(1.050,0.547,0.387) u=(0.120,0.866) s=1.243 PSDFmin=+0.001881 G=OK(+4.613e-11) MF=OK(active=20/20,min=+0.1945,slack=+2.804e-12)
[RMPCC 0096] OK solve=120.5ms pose=(1.061,0.552,0.473) u=(0.129,0.863) s=1.257 PSDFmin=+0.00206 G=OK(+1.221e-15) MF=OK(active=20/20,min=+0.1988,slack=+6.128e-17)
[RMPCC 0097] OK solve=124.9ms pose=(1.073,0.558,0.560) u=(0.141,0.702) s=1.273 PSDFmin=+0.00203 G=OK(+3.821e-11) MF=OK(active=20/20,min=+0.1999,slack=+1.022e-12)
[RMPCC 0098] OK solve=121.2ms pose=(1.085,0.565,0.630) u=(0.146,0.549) s=1.287 PSDFmin=+0.002018 G=OK(+1.191e-10) MF=OK(active=20/20,min=+0.1998,slack=+2.373e-12)
[RMPCC 0099] OK solve=116.1ms pose=(1.096,0.574,0.685) u=(0.150,0.378) s=1.302 PSDFmin=+0.001995 G=OK(+9.334e-11) MF=OK(active=20/20,min=+0.1998,slack=+1.99e-12)
[RMPCC 0100] OK solve=125.6ms pose=(1.108,0.583,0.722) u=(0.153,0.206) s=1.317 PSDFmin=+0.001988 G=OK(+2.811e-12) MF=OK(active=20/20,min=+0.1998,slack=+7.971e-14)
[RMPCC 0101] OK solve=117.0ms pose=(1.120,0.593,0.743) u=(0.155,0.023) s=1.332 PSDFmin=+0.001986 G=OK(+1.852e-10) MF=OK(active=20/20,min=+0.1997,slack=+4.561e-12)
[RMPCC 0102] OK solve=117.2ms pose=(1.131,0.604,0.745) u=(0.155,-0.172) s=1.348 PSDFmin=+0.001991 G=OK(+1.867e-09) MF=OK(active=20/20,min=+0.1997,slack=+7.24e-11)
[RMPCC 0103] OK solve=123.7ms pose=(1.142,0.614,0.728) u=(0.152,-0.393) s=1.363 PSDFmin=+0.002008 G=OK(+1.755e-12) MF=OK(active=20/20,min=+0.1997,slack=+6.013e-14)
[RMPCC 0104] OK solve=128.8ms pose=(1.154,0.625,0.689) u=(0.148,-0.674) s=1.378 PSDFmin=+0.002078 G=OK(+5.607e-12) MF=OK(active=20/20,min=+0.1997,slack=+2.566e-13)
[RMPCC 0105] OK solve=137.0ms pose=(1.165,0.634,0.621) u=(0.149,-0.991) s=1.393 PSDFmin=+0.002516 G=OK(+0.0002739) MF=OK(active=20/20,min=+0.2,slack=+1.474e-11)
[RMPCC 0106] OK solve=141.0ms pose=(1.177,0.643,0.522) u=(0.156,-0.803) s=1.407 PSDFmin=+0.001298 G=OK(+7.538e-14) MF=OK(active=20/20,min=+0.2,slack=+1.516e-14)
[RMPCC 0107] OK solve=115.1ms pose=(1.191,0.650,0.442) u=(0.160,-0.717) s=1.423 PSDFmin=+0.001875 G=OK(+0.0002118) MF=OK(active=20/20,min=+5.002e-12,slack=+3.672e-17)
[RMPCC 0108] OK solve=135.2ms pose=(1.205,0.657,0.370) u=(0.160,-0.646) s=1.439 PSDFmin=+0.001882 G=OK(+5.052e-15) MF=OK(active=20/20,min=+0.194,slack=+5.146e-17)
[RMPCC 0109] OK solve=133.1ms pose=(1.220,0.663,0.306) u=(0.157,-0.574) s=1.452 PSDFmin=-0.002864 G=OK(+1.149e-12) MF=OK(active=20/20,min=+0.1953,slack=+1.051e-14)
[RMPCC 0110] OK solve=131.6ms pose=(1.235,0.668,0.248) u=(0.153,-0.533) s=1.467 PSDFmin=+0.0007186 G=OK(+2.842e-14) MF=OK(active=19/20,min=+0.1905,slack=+4.838e-16)
[RMPCC 0111] OK solve=125.2ms pose=(1.250,0.672,0.195) u=(0.154,-0.318) s=1.482 PSDFmin=-0.02001 G=OK(+1.17e-13) MF=OK(active=18/20,min=+0.1141,slack=+2.369e-15)
[RMPCC 0112] OK solve=137.5ms pose=(1.265,0.674,0.163) u=(0.147,-0.505) s=1.498 PSDFmin=-0.00539 G=OK(+2.88e-13) MF=OK(active=15/20,min=+0.1984,slack=+1.789e-14)
[RMPCC 0113] OK solve=134.2ms pose=(1.280,0.677,0.113) u=(0.145,-0.047) s=1.512 PSDFmin=-0.02998 G=OK(+2.133e-13) MF=OK(active=14/20,min=+0.2,slack=+3.187e-14)
[RMPCC 0114] OK solve=125.7ms pose=(1.294,0.678,0.108) u=(0.139,-0.456) s=1.527 PSDFmin=-0.01195 G=OK(+2.22e-16) MF=OK(active=11/20,min=+0.2,slack=+2.632e-17)
[RMPCC 0115] OK solve=127.7ms pose=(1.308,0.680,0.062) u=(0.136,0.103) s=1.541 PSDFmin=-0.02981 G=OK(+6.917e-12) MF=OK(active=14/20,min=+0.2,slack=+2.078e-13)
[RMPCC 0116] OK solve=139.1ms pose=(1.321,0.681,0.073) u=(0.135,-0.286) s=1.555 PSDFmin=-0.006075 G=OK(+1.277e-15) MF=OK(active=10/20,min=+0.2,slack=+6.352e-17)
[RMPCC 0117] OK solve=134.8ms pose=(1.335,0.682,0.044) u=(0.136,0.084) s=1.568 PSDFmin=-0.01756 G=OK(+3.468e-13) MF=OK(active=13/20,min=+0.2,slack=+4.112e-14)
[RMPCC 0118] OK solve=132.0ms pose=(1.349,0.682,0.052) u=(0.135,-0.130) s=1.581 PSDFmin=-0.0006587 G=OK(+8.882e-16) MF=OK(active=11/20,min=+0.2,slack=+3.12e-17)
[RMPCC 0119] OK solve=145.9ms pose=(1.362,0.683,0.039) u=(0.140,0.051) s=1.594 PSDFmin=-0.005588 G=OK(+3.475e-14) MF=OK(active=16/20,min=+0.1938,slack=+4.333e-14)
[RMPCC 0120] OK solve=141.2ms pose=(1.376,0.684,0.044) u=(0.138,-0.027) s=1.609 PSDFmin=+0.001087 G=OK(+9.952e-12) MF=OK(active=14/20,min=+0.1963,slack=+3.501e-13)
[RMPCC 0121] OK solve=130.6ms pose=(1.390,0.684,0.042) u=(0.137,0.147) s=1.617 PSDFmin=-0.002347 G=OK(+1.288e-14) MF=OK(active=20/20,min=+0.09387,slack=+1.091e-14)
[RMPCC 0122] OK solve=137.7ms pose=(1.404,0.685,0.056) u=(0.140,0.076) s=1.636 PSDFmin=+0.001251 G=OK(+1.801e-09) MF=OK(active=12/20,min=+0.1995,slack=+8.448e-11)
[RMPCC 0123] OK solve=125.9ms pose=(1.418,0.686,0.064) u=(0.143,0.261) s=1.650 PSDFmin=+0.0004672 G=OK(+6.661e-16) MF=OK(active=20/20,min=+0.1993,slack=+3.519e-17)
[RMPCC 0124] OK solve=125.8ms pose=(1.432,0.687,0.090) u=(0.137,0.234) s=1.663 PSDFmin=+0.001332 G=OK(+2.22e-16) MF=OK(active=18/20,min=+2.842e-11,slack=+1.136e-15)
[RMPCC 0125] OK solve=119.7ms pose=(1.445,0.688,0.114) u=(0.138,0.407) s=1.678 PSDFmin=+0.001338 G=OK(+8.882e-16) MF=OK(active=20/20,min=+1.029e-10,slack=+4.008e-17)
[RMPCC 0126] OK solve=110.7ms pose=(1.459,0.689,0.154) u=(0.133,0.444) s=1.690 PSDFmin=+0.001823 G=OK(+2.025e-12) MF=OK(active=20/20,min=-6.008e-10,slack=+1.358e-13)
[RMPCC 0127] OK solve=117.9ms pose=(1.472,0.691,0.199) u=(0.130,0.579) s=1.705 PSDFmin=+0.001814 G=OK(+6.661e-16) MF=OK(active=20/20,min=+0.1938,slack=+4.392e-17)
[RMPCC 0128] OK solve=114.1ms pose=(1.485,0.694,0.257) u=(0.124,0.709) s=1.718 PSDFmin=+0.001837 G=OK(+1.102e-13) MF=OK(active=20/20,min=+0.1924,slack=+7.623e-15)
[RMPCC 0129] OK solve=120.9ms pose=(1.497,0.697,0.328) u=(0.121,0.895) s=1.730 PSDFmin=+0.00193 G=OK(+3.308e-14) MF=OK(active=20/20,min=+0.1943,slack=+1.757e-13)
[RMPCC 0130] OK solve=114.9ms pose=(1.508,0.701,0.417) u=(0.117,1.029) s=1.742 PSDFmin=+0.00187 G=OK(+0) MF=OK(active=20/20,min=+0.1987,slack=+3.968e-17)
[RMPCC 0131] OK solve=127.7ms pose=(1.519,0.706,0.520) u=(0.131,0.873) s=1.759 PSDFmin=+0.001794 G=OK(+4.539e-12) MF=OK(active=20/20,min=+0.1954,slack=+1.98e-13)
[RMPCC 0132] OK solve=124.3ms pose=(1.530,0.712,0.607) u=(0.138,0.666) s=1.772 PSDFmin=+0.001379 G=OK(+1.11e-16) MF=OK(active=20/20,min=+0.1839,slack=+2.825e-17)
[RMPCC 0133] OK solve=116.2ms pose=(1.542,0.720,0.674) u=(0.142,0.451) s=1.786 PSDFmin=+0.001756 G=OK(+9.992e-15) MF=OK(active=20/20,min=+1.23e-09,slack=+8.735e-14)
[RMPCC 0134] OK solve=116.4ms pose=(1.553,0.729,0.719) u=(0.150,0.254) s=1.807 PSDFmin=+0.001474 G=OK(+1.852e-12) MF=OK(active=20/20,min=+0.1796,slack=+5.885e-13)
[RMPCC 0135] OK solve=121.7ms pose=(1.564,0.739,0.745) u=(0.151,0.072) s=1.823 PSDFmin=+0.001527 G=OK(+7.35e-14) MF=OK(active=20/20,min=+0.01472,slack=+6.166e-15)
[RMPCC 0136] OK solve=125.6ms pose=(1.575,0.749,0.752) u=(0.152,-0.129) s=1.839 PSDFmin=+0.001727 G=OK(+2.376e-14) MF=OK(active=20/20,min=+0.06342,slack=+6.363e-14)
[RMPCC 0137] OK solve=118.1ms pose=(1.586,0.760,0.739) u=(0.138,-0.320) s=1.845 PSDFmin=+0.001364 G=OK(+1.845e-11) MF=OK(active=20/20,min=+0.1728,slack=+1.671e-12)
[RMPCC 0138] OK solve=123.4ms pose=(1.597,0.769,0.707) u=(0.134,-0.499) s=1.859 PSDFmin=-0.0008188 G=OK(+4.312e-11) MF=OK(active=20/20,min=+3.362e-09,slack=+9.826e-13)
[RMPCC 0139] OK solve=126.6ms pose=(1.607,0.778,0.657) u=(0.135,-0.765) s=1.876 PSDFmin=+0.001665 G=OK(+2.22e-16) MF=OK(active=19/20,min=+0.1956,slack=+2.843e-17)
[RMPCC 0140] OK solve=123.7ms pose=(1.618,0.786,0.580) u=(0.135,-0.871) s=1.886 PSDFmin=+0.001443 G=OK(+9.592e-14) MF=OK(active=20/20,min=+0.1587,slack=+1.375e-14)
[RMPCC 0141] OK solve=143.1ms pose=(1.629,0.793,0.493) u=(0.142,-0.737) s=1.899 PSDFmin=+0.001758 G=OK(+3.109e-15) MF=OK(active=20/20,min=+0.1987,slack=+1.686e-16)
[RMPCC 0142] OK solve=136.1ms pose=(1.641,0.800,0.420) u=(0.145,-0.687) s=1.913 PSDFmin=+0.001755 G=OK(+4.663e-15) MF=OK(active=20/20,min=+0.1784,slack=+7.706e-14)
[RMPCC 0143] OK solve=140.1ms pose=(1.655,0.806,0.351) u=(0.149,-0.664) s=1.928 PSDFmin=+0.002027 G=OK(+1.354e-14) MF=OK(active=20/20,min=+0.1785,slack=+1.062e-15)
[RMPCC 0144] OK solve=136.1ms pose=(1.669,0.811,0.285) u=(0.148,-0.660) s=1.939 PSDFmin=+0.002011 G=OK(+9.311e-10) MF=OK(active=20/20,min=+0.1992,slack=+3.946e-11)
[RMPCC 0145] OK solve=143.0ms pose=(1.683,0.815,0.219) u=(0.150,-0.671) s=1.953 PSDFmin=+0.002017 G=OK(+8.183e-11) MF=OK(active=20/20,min=+0.199,slack=+2.377e-12)
[RMPCC 0146] OK solve=126.6ms pose=(1.697,0.818,0.151) u=(0.151,-0.698) s=1.968 PSDFmin=+0.002036 G=OK(+1.021e-14) MF=OK(active=20/20,min=+0.1992,slack=+4.808e-16)
[RMPCC 0147] OK solve=119.9ms pose=(1.712,0.821,0.082) u=(0.149,-0.733) s=1.980 PSDFmin=+0.00204 G=OK(+1.87e-09) MF=OK(active=20/20,min=+0.1994,slack=+6.674e-11)
[RMPCC 0148] OK solve=130.5ms pose=(1.727,0.822,0.008) u=(0.149,-0.781) s=1.995 PSDFmin=+0.002083 G=OK(+2.954e-12) MF=OK(active=20/20,min=+0.1995,slack=+7.104e-14)
[RMPCC 0149] OK solve=148.3ms pose=(1.742,0.822,-0.070) u=(0.149,-0.844) s=2.010 PSDFmin=+0.002146 G=OK(+2.471e-11) MF=OK(active=20/20,min=+0.1998,slack=+1.041e-12)
[RMPCC 0150] OK solve=133.5ms pose=(1.757,0.821,-0.154) u=(0.148,-0.923) s=2.027 PSDFmin=+0.002213 G=OK(+5.072e-12) MF=OK(active=20/20,min=+0.1999,slack=+2.73e-13)
[RMPCC 0151] OK solve=135.1ms pose=(1.772,0.819,-0.246) u=(0.132,-0.943) s=2.029 PSDFmin=+0.001861 G=OK(+3.753e-14) MF=OK(active=20/20,min=+0.2,slack=+6.119e-16)
[RMPCC 0152] OK solve=121.3ms pose=(1.784,0.815,-0.341) u=(0.129,-0.992) s=2.045 PSDFmin=+0.001927 G=OK(+4.681e-10) MF=OK(active=20/20,min=+0.1972,slack=+1.579e-11)
[RMPCC 0153] OK solve=132.5ms pose=(1.797,0.811,-0.440) u=(0.127,-1.074) s=2.063 PSDFmin=+0.00201 G=OK(+7.046e-11) MF=OK(active=20/20,min=+0.1984,slack=+5.14e-12)
[RMPCC 0154] OK solve=131.4ms pose=(1.808,0.806,-0.547) u=(0.120,-1.195) s=2.078 PSDFmin=+0.002 G=OK(+1.603e-09) MF=OK(active=20/20,min=+0.1994,slack=+4.046e-11)
[RMPCC 0155] OK solve=124.3ms pose=(1.818,0.800,-0.667) u=(0.115,-1.200) s=2.095 PSDFmin=+0.002567 G=OK(+0.0005117) MF=OK(active=20/20,min=+0.1996,slack=+1.677e-16)
[RMPCC 0156] OK solve=124.0ms pose=(1.827,0.792,-0.787) u=(0.123,-1.200) s=2.105 PSDFmin=+0.003382 G=OK(+0.001169) MF=OK(active=20/20,min=+0.2,slack=+2.948e-12)
[RMPCC 0157] OK solve=137.5ms pose=(1.836,0.784,-0.907) u=(0.131,-1.200) s=2.116 PSDFmin=+0.004034 G=OK(+0.001818) MF=OK(active=20/20,min=+0.2,slack=+7.775e-14)
[RMPCC 0158] OK solve=127.8ms pose=(1.844,0.773,-1.027) u=(0.142,-1.151) s=2.130 PSDFmin=+0.001476 G=OK(+7.751e-09) MF=OK(active=20/20,min=+0.2,slack=+3.052e-12)
[RMPCC 0159] OK solve=114.9ms pose=(1.851,0.761,-1.142) u=(0.152,-0.968) s=2.145 PSDFmin=+0.00159 G=OK(+1.998e-15) MF=OK(active=20/20,min=+0.016,slack=+3.233e-17)
[RMPCC 0160] OK solve=119.7ms pose=(1.858,0.747,-1.239) u=(0.161,-0.782) s=2.160 PSDFmin=+0.001863 G=OK(+3.553e-15) MF=OK(active=20/20,min=+0.1109,slack=+2.604e-17)
[RMPCC 0161] OK solve=122.9ms pose=(1.863,0.732,-1.317) u=(0.163,-0.631) s=2.173 PSDFmin=-0.003877 G=OK(+3.283e-10) MF=OK(active=20/20,min=+0.195,slack=+6.089e-12)
[RMPCC 0162] OK solve=113.7ms pose=(1.867,0.716,-1.380) u=(0.165,-0.435) s=2.190 PSDFmin=+0.0005292 G=OK(+6.883e-15) MF=OK(active=19/20,min=+0.1834,slack=+2.761e-16)
[RMPCC 0163] OK solve=118.2ms pose=(1.870,0.700,-1.423) u=(0.164,-0.514) s=2.206 PSDFmin=-0.02053 G=OK(+9.712e-13) MF=OK(active=17/20,min=+0.1207,slack=+9.808e-13)
[RMPCC 0164] OK solve=135.2ms pose=(1.873,0.684,-1.475) u=(0.157,-0.134) s=2.218 PSDFmin=-0.005641 G=OK(+1.711e-12) MF=OK(active=14/20,min=+0.2,slack=+1.081e-13)
[RMPCC 0165] OK solve=139.4ms pose=(1.874,0.668,-1.488) u=(0.152,-0.502) s=2.233 PSDFmin=-0.02926 G=OK(+2.447e-09) MF=OK(active=14/20,min=+0.2,slack=+1.856e-11)
[RMPCC 0166] OK solve=128.8ms pose=(1.875,0.653,-1.539) u=(0.152,-0.081) s=2.248 PSDFmin=-0.002783 G=OK(+5.284e-13) MF=OK(active=11/20,min=+0.2,slack=+2.578e-14)
[RMPCC 0167] OK solve=119.1ms pose=(1.876,0.638,-1.547) u=(0.154,-0.284) s=2.263 PSDFmin=-0.004806 G=OK(+1.177e-14) MF=OK(active=14/20,min=+0.19,slack=+1.889e-14)
[RMPCC 0168] OK solve=127.1ms pose=(1.876,0.623,-1.575) u=(0.154,-0.146) s=2.279 PSDFmin=+0.0008689 G=OK(+1.497e-11) MF=OK(active=14/20,min=+0.2,slack=+2.747e-13)
[RMPCC 0169] OK solve=132.6ms pose=(1.876,0.607,-1.590) u=(0.134,-0.178) s=2.281 PSDFmin=+0.0009833 G=OK(+1.042e-11) MF=OK(active=19/20,min=+2.304e-10,slack=+3.532e-14)
[RMPCC 0170] OK solve=122.1ms pose=(1.876,0.594,-1.607) u=(0.130,-0.138) s=2.296 PSDFmin=+0.001265 G=OK(+0.0001997) MF=OK(active=19/20,min=-1.081e-09,slack=+2.56e-13)
[RMPCC 0171] OK solve=129.8ms pose=(1.875,0.581,-1.621) u=(0.142,-0.263) s=2.313 PSDFmin=-0.004762 G=OK(+4.063e-13) MF=OK(active=20/20,min=+2.569e-08,slack=+1.174e-12)
[RMPCC 0172] OK solve=130.0ms pose=(1.875,0.567,-1.648) u=(0.147,-0.176) s=2.331 PSDFmin=+0.001596 G=OK(+2.272e-12) MF=OK(active=14/20,min=+7.53e-09,slack=+5.234e-14)
[RMPCC 0173] OK solve=129.3ms pose=(1.874,0.552,-1.665) u=(0.136,-0.258) s=2.335 PSDFmin=-0.001117 G=OK(+1.044e-14) MF=OK(active=20/20,min=+0.1825,slack=+2.848e-14)
[RMPCC 0174] OK solve=114.5ms pose=(1.872,0.538,-1.691) u=(0.142,-0.260) s=2.352 PSDFmin=+0.001851 G=OK(+5.351e-14) MF=OK(active=19/20,min=-1.182e-11,slack=+2.411e-15)
[RMPCC 0175] OK solve=115.4ms pose=(1.871,0.524,-1.717) u=(0.147,-0.320) s=2.372 PSDFmin=+0.001126 G=OK(+1.332e-15) MF=OK(active=20/20,min=+0.1929,slack=+6.669e-16)
[RMPCC 0176] OK solve=126.8ms pose=(1.869,0.510,-1.749) u=(0.135,-0.373) s=2.377 PSDFmin=+0.001353 G=OK(+6.883e-15) MF=OK(active=20/20,min=+6.457e-11,slack=+5.382e-16)
[RMPCC 0177] OK solve=120.6ms pose=(1.866,0.496,-1.786) u=(0.139,-0.429) s=2.396 PSDFmin=+0.001857 G=OK(+2.22e-16) MF=OK(active=20/20,min=+0.1824,slack=+2.302e-17)
[RMPCC 0178] OK solve=116.7ms pose=(1.863,0.483,-1.829) u=(0.138,-0.499) s=2.413 PSDFmin=+0.00184 G=OK(+4.441e-16) MF=OK(active=20/20,min=+0.1955,slack=+3.808e-17)
[RMPCC 0179] OK solve=116.8ms pose=(1.860,0.470,-1.879) u=(0.135,-0.588) s=2.430 PSDFmin=+0.001829 G=OK(+1.955e-11) MF=OK(active=20/20,min=+0.1965,slack=+1.384e-12)
[RMPCC 0180] OK solve=127.4ms pose=(1.856,0.457,-1.938) u=(0.129,-0.702) s=2.445 PSDFmin=+0.001806 G=OK(+4.831e-12) MF=OK(active=20/20,min=+0.1973,slack=+3.385e-13)
[RMPCC 0181] OK solve=141.4ms pose=(1.851,0.445,-2.008) u=(0.123,-0.881) s=2.457 PSDFmin=+0.001891 G=OK(+4.441e-13) MF=OK(active=20/20,min=+0.1956,slack=+3.205e-14)
[RMPCC 0182] OK solve=130.3ms pose=(1.846,0.434,-2.096) u=(0.135,-0.830) s=2.475 PSDFmin=+0.00217 G=OK(+2.748e-12) MF=OK(active=20/20,min=+0.1997,slack=+1.581e-13)
[RMPCC 0183] OK solve=127.5ms pose=(1.839,0.422,-2.179) u=(0.139,-0.658) s=2.488 PSDFmin=+0.001318 G=OK(+1.017e-11) MF=OK(active=20/20,min=+0.1998,slack=+5.495e-13)
[RMPCC 0184] OK solve=127.4ms pose=(1.831,0.410,-2.245) u=(0.143,-0.428) s=2.502 PSDFmin=+0.001876 G=OK(+2.047e-13) MF=OK(active=20/20,min=+1.88e-10,slack=+8.424e-15)
[RMPCC 0185] OK solve=121.7ms pose=(1.822,0.399,-2.288) u=(0.151,-0.244) s=2.523 PSDFmin=+0.001532 G=OK(+1.308e-09) MF=OK(active=20/20,min=+0.1949,slack=+4.962e-11)
[RMPCC 0186] OK solve=117.2ms pose=(1.812,0.388,-2.312) u=(0.145,-0.073) s=2.533 PSDFmin=+0.001612 G=OK(+9.571e-12) MF=OK(active=20/20,min=+0.06681,slack=+4.593e-13)
[RMPCC 0187] OK solve=129.2ms pose=(1.802,0.377,-2.319) u=(0.151,0.130) s=2.555 PSDFmin=+0.001721 G=OK(+1.025e-10) MF=OK(active=20/20,min=+0.1227,slack=+2.719e-12)
[RMPCC 0188] OK solve=122.5ms pose=(1.792,0.366,-2.306) u=(0.144,0.307) s=2.565 PSDFmin=-0.0004169 G=OK(+2.22e-15) MF=OK(active=20/20,min=+0.1688,slack=+8.961e-17)
[RMPCC 0189] OK solve=143.3ms pose=(1.782,0.355,-2.276) u=(0.138,0.510) s=2.576 PSDFmin=+0.001888 G=OK(+1.361e-13) MF=OK(active=19/20,min=+0.1449,slack=+1.129e-14)
[RMPCC 0190] OK solve=133.4ms pose=(1.773,0.345,-2.225) u=(0.141,0.741) s=2.597 PSDFmin=+0.001065 G=OK(+1.961e-13) MF=OK(active=20/20,min=+0.1985,slack=+1.255e-14)
[RMPCC 0191] OK solve=120.5ms pose=(1.765,0.334,-2.151) u=(0.135,0.890) s=2.607 PSDFmin=+0.001213 G=OK(+0.0001985) MF=OK(active=20/20,min=+4.548e-13,slack=+2.916e-17)
[RMPCC 0192] OK solve=122.8ms pose=(1.758,0.323,-2.062) u=(0.131,0.778) s=2.618 PSDFmin=+0.001215 G=OK(+0.0001366) MF=OK(active=20/20,min=+2.969e-10,slack=+4.422e-14)
[RMPCC 0193] OK solve=128.5ms pose=(1.751,0.311,-1.984) u=(0.127,0.681) s=2.629 PSDFmin=+0.001213 G=OK(+0.000196) MF=OK(active=20/20,min=+4.604e-09,slack=+1.252e-13)
[RMPCC 0194] OK solve=114.7ms pose=(1.746,0.299,-1.916) u=(0.123,0.596) s=2.642 PSDFmin=+0.001212 G=OK(+0.0002118) MF=OK(active=20/20,min=-1.075e-10,slack=+6.973e-14)
[RMPCC 0195] OK solve=133.3ms pose=(1.742,0.288,-1.856) u=(0.119,0.548) s=2.654 PSDFmin=+0.001211 G=OK(+0.0002105) MF=OK(active=20/20,min=+8.447e-08,slack=+2.332e-12)
[RMPCC 0196] OK solve=120.8ms pose=(1.739,0.276,-1.801) u=(0.114,0.511) s=2.664 PSDFmin=+0.00121 G=OK(+0.0002095) MF=OK(active=20/20,min=+6.822e-13,slack=+3.007e-17)
[RMPCC 0197] OK solve=126.6ms pose=(1.736,0.265,-1.750) u=(0.109,0.486) s=2.674 PSDFmin=+0.001209 G=OK(+0.0001579) MF=OK(active=20/20,min=+3.076e-07,slack=+8.248e-12)
[RMPCC 0198] OK solve=121.8ms pose=(1.734,0.254,-1.702) u=(0.105,0.440) s=2.685 PSDFmin=+0.001209 G=OK(+0.0002078) MF=OK(active=20/20,min=+2.729e-12,slack=+5.605e-17)
[RMPCC 0199] OK solve=121.0ms pose=(1.733,0.244,-1.658) u=(0.098,0.423) s=2.693 PSDFmin=+0.001207 G=OK(+0.0002068) MF=OK(active=20/20,min=+4.973e-10,slack=+1.77e-14)
[RMPCC 0200] OK solve=131.8ms pose=(1.732,0.234,-1.615) u=(0.090,0.411) s=2.699 PSDFmin=+0.001206 G=OK(+0.0002061) MF=OK(active=20/20,min=+6.822e-13,slack=+3.367e-17)
[RMPCC 0201] OK solve=128.5ms pose=(1.732,0.225,-1.574) u=(0.089,0.411) s=2.710 PSDFmin=+0.001206 G=OK(+0.0001688) MF=OK(active=20/20,min=+5.766e-10,slack=+2.293e-14)
[RMPCC 0202] OK solve=126.9ms pose=(1.731,0.216,-1.533) u=(0.082,0.375) s=2.716 PSDFmin=+0.001208 G=OK(+0.0002073) MF=OK(active=20/20,min=-7.665e-10,slack=+1.713e-13)
[RMPCC 0203] OK solve=122.1ms pose=(1.732,0.208,-1.496) u=(0.075,0.373) s=2.722 PSDFmin=+0.001259 G=OK(+0.0002138) MF=OK(active=20/20,min=+1.094e-08,slack=+6.072e-14)
[RMPCC 0204] OK solve=132.0ms pose=(1.732,0.201,-1.458) u=(0.076,0.378) s=2.734 PSDFmin=+0.001275 G=OK(+0.0002093) MF=OK(active=20/20,min=+8.527e-11,slack=+6.525e-16)
[RMPCC 0205] OK solve=134.9ms pose=(1.733,0.193,-1.421) u=(0.070,0.368) s=2.740 PSDFmin=+0.001229 G=OK(+0.0001849) MF=OK(active=20/20,min=+1.364e-12,slack=+3.052e-17)
[RMPCC 0206] OK solve=123.2ms pose=(1.734,0.186,-1.384) u=(0.064,0.355) s=2.745 PSDFmin=+0.001245 G=OK(+0.0002124) MF=OK(active=20/20,min=+2.274e-13,slack=+2.515e-17)
[RMPCC 0207] OK solve=124.1ms pose=(1.735,0.180,-1.348) u=(0.059,0.357) s=2.751 PSDFmin=+0.00126 G=OK(+0.0002107) MF=OK(active=20/20,min=+3.183e-12,slack=+4.185e-17)
[RMPCC 0208] OK solve=128.1ms pose=(1.737,0.174,-1.313) u=(0.055,0.348) s=2.757 PSDFmin=+0.001235 G=OK(+0.000193) MF=OK(active=20/20,min=+1.819e-12,slack=+3.485e-17)
[RMPCC 0209] OK solve=128.5ms pose=(1.738,0.169,-1.278) u=(0.058,0.351) s=2.769 PSDFmin=+0.00126 G=OK(+0.0002114) MF=OK(active=20/20,min=+1.322e-08,slack=+1.429e-13)
[RMPCC 0210] OK solve=136.8ms pose=(1.740,0.163,-1.243) u=(0.053,0.359) s=2.775 PSDFmin=+0.001265 G=OK(+0.0002076) MF=OK(active=20/20,min=+2.974e-08,slack=+3.286e-13)
[RMPCC 0211] OK solve=124.5ms pose=(1.742,0.158,-1.207) u=(0.050,0.346) s=2.781 PSDFmin=+0.001235 G=OK(+0.0002034) MF=OK(active=20/20,min=-4.963e-09,slack=+3.266e-13)
[RMPCC 0212] OK solve=135.4ms pose=(1.743,0.154,-1.172) u=(0.046,0.350) s=2.785 PSDFmin=+0.001261 G=OK(+0.0002105) MF=OK(active=20/20,min=+2.285e-10,slack=+9.267e-16)
[RMPCC 0213] OK solve=141.5ms pose=(1.745,0.149,-1.137) u=(0.044,0.349) s=2.792 PSDFmin=+0.001243 G=OK(+0.0001955) MF=OK(active=20/20,min=+6.931e-09,slack=+1.144e-13)
[RMPCC 0214] OK solve=131.4ms pose=(1.747,0.145,-1.102) u=(0.042,0.348) s=2.798 PSDFmin=+0.001257 G=OK(+0.0002094) MF=OK(active=20/20,min=+8.254e-11,slack=+7.062e-16)
[RMPCC 0215] OK solve=133.7ms pose=(1.749,0.142,-1.068) u=(0.040,0.351) s=2.804 PSDFmin=+0.001248 G=OK(+0.0001937) MF=OK(active=20/20,min=+6.821e-13,slack=+2.463e-17)
[RMPCC 0216] OK solve=125.1ms pose=(1.751,0.138,-1.032) u=(0.038,0.350) s=2.810 PSDFmin=+0.001257 G=OK(+0.0002086) MF=OK(active=20/20,min=+6.139e-12,slack=+3.152e-17)
[RMPCC 0217] OK solve=133.4ms pose=(1.753,0.135,-0.997) u=(0.034,0.341) s=2.812 PSDFmin=+0.001237 G=OK(+0.0001975) MF=OK(active=20/20,min=+2.632e-08,slack=+4.2e-13)
[RMPCC 0218] OK solve=120.0ms pose=(1.755,0.132,-0.963) u=(0.032,0.333) s=2.816 PSDFmin=+0.001251 G=OK(+0.0002097) MF=OK(active=20/20,min=+6.139e-12,slack=+3.593e-17)
[RMPCC 0219] OK solve=117.3ms pose=(1.756,0.129,-0.930) u=(0.030,0.326) s=2.820 PSDFmin=+0.00124 G=OK(+0.0002019) MF=OK(active=20/20,min=-1.13e-09,slack=+1.64e-13)
[RMPCC 0220] OK solve=119.1ms pose=(1.758,0.127,-0.897) u=(0.028,0.319) s=2.823 PSDFmin=+0.001248 G=OK(+0.0002093) MF=OK(active=20/20,min=+7.164e-11,slack=+1.662e-14)
[RMPCC 0221] OK solve=127.1ms pose=(1.760,0.125,-0.866) u=(0.027,0.315) s=2.827 PSDFmin=+0.001245 G=OK(+0.0002047) MF=OK(active=20/20,min=+3.183e-12,slack=+3.621e-17)
[RMPCC 0222] OK solve=114.2ms pose=(1.762,0.123,-0.834) u=(0.025,0.309) s=2.829 PSDFmin=+0.001244 G=OK(+0.0002083) MF=OK(active=20/20,min=+3.024e-11,slack=+4.359e-17)
[RMPCC 0223] OK solve=138.2ms pose=(1.763,0.121,-0.803) u=(0.023,0.301) s=2.831 PSDFmin=+0.00124 G=OK(+0.0002067) MF=OK(active=20/20,min=+1.849e-07,slack=+1.401e-13)
[RMPCC 0224] OK solve=136.8ms pose=(1.765,0.119,-0.773) u=(0.021,0.285) s=2.833 PSDFmin=+0.001259 G=OK(+0.0002266) MF=OK(active=20/20,min=+0.01766,slack=+6.419e-17)
[RMPCC 0225] OK solve=130.4ms pose=(1.766,0.118,-0.745) u=(0.021,0.263) s=2.835 PSDFmin=+0.001285 G=OK(+0.0002522) MF=OK(active=20/20,min=+0.04376,slack=+2.44e-17)
[RMPCC 0226] OK solve=127.7ms pose=(1.768,0.116,-0.718) u=(0.023,0.245) s=2.839 PSDFmin=+0.001324 G=OK(+0.0002823) MF=OK(active=20/20,min=+0.07107,slack=+3.485e-17)
[RMPCC 0227] OK solve=122.9ms pose=(1.770,0.115,-0.694) u=(0.022,0.229) s=2.841 PSDFmin=+0.001351 G=OK(+0.0003125) MF=OK(active=20/20,min=+0.09494,slack=+2.41e-17)
[RMPCC 0228] OK solve=119.4ms pose=(1.771,0.114,-0.671) u=(0.021,0.213) s=2.843 PSDFmin=+0.001393 G=OK(+0.0003582) MF=OK(active=20/20,min=+0.1241,slack=+2.484e-17)
[RMPCC 0229] OK solve=110.7ms pose=(1.773,0.112,-0.650) u=(0.021,0.198) s=2.845 PSDFmin=+0.001455 G=OK(+0.0004226) MF=OK(active=20/20,min=+0.1557,slack=+2.571e-17)
[RMPCC 0230] OK solve=121.9ms pose=(1.775,0.111,-0.630) u=(0.020,0.184) s=2.848 PSDFmin=+0.001532 G=OK(+0.0005031) MF=OK(active=20/20,min=+0.1803,slack=+3.359e-13)
[RMPCC 0231] OK solve=126.0ms pose=(1.776,0.110,-0.611) u=(0.020,0.171) s=2.850 PSDFmin=+0.001624 G=OK(+0.0005975) MF=OK(active=20/20,min=+0.1941,slack=+3.13e-17)
[RMPCC 0232] OK solve=126.5ms pose=(1.778,0.109,-0.594) u=(0.017,0.159) s=2.850 PSDFmin=+0.001726 G=OK(+0.0007055) MF=OK(active=20/20,min=+0.1995,slack=+7.252e-17)
[RMPCC 0233] OK solve=115.6ms pose=(1.779,0.108,-0.578) u=(0.017,0.148) s=2.852 PSDFmin=+0.001833 G=OK(+0.0008132) MF=OK(active=20/20,min=+0.2,slack=+2.58e-13)
[RMPCC 0234] OK solve=118.9ms pose=(1.781,0.107,-0.564) u=(0.017,0.138) s=2.854 PSDFmin=+0.001946 G=OK(+0.0009276) MF=OK(active=20/20,min=+0.2,slack=+4.126e-14)
[RMPCC 0235] OK solve=132.8ms pose=(1.782,0.106,-0.550) u=(0.017,0.130) s=2.856 PSDFmin=+0.002066 G=OK(+0.001048) MF=OK(active=20/20,min=+0.2,slack=+4.655e-13)
[RMPCC 0236] OK solve=138.8ms pose=(1.784,0.105,-0.537) u=(0.017,0.122) s=2.858 PSDFmin=+0.002192 G=OK(+0.001175) MF=OK(active=20/20,min=+0.2,slack=+3e-13)
[RMPCC 0237] OK solve=145.9ms pose=(1.785,0.104,-0.525) u=(0.014,0.114) s=2.858 PSDFmin=+0.002321 G=OK(+0.001307) MF=OK(active=20/20,min=+0.2,slack=+1.596e-10)
[RMPCC 0238] OK solve=130.3ms pose=(1.786,0.103,-0.513) u=(0.015,0.106) s=2.860 PSDFmin=+0.00245 G=OK(+0.001437) MF=OK(active=20/20,min=+0.2,slack=+2.233e-12)
[RMPCC 0239] OK solve=132.0ms pose=(1.787,0.103,-0.503) u=(0.015,0.100) s=2.862 PSDFmin=+0.002581 G=OK(+0.001568) MF=OK(active=20/20,min=+0.2,slack=+1.43e-10)
[RMPCC 0240] OK solve=125.8ms pose=(1.789,0.102,-0.493) u=(0.013,0.094) s=2.862 PSDFmin=+0.002713 G=OK(+0.001703) MF=OK(active=20/20,min=+0.2,slack=+6.308e-11)
[RMPCC 0241] OK solve=115.7ms pose=(1.790,0.101,-0.483) u=(0.013,0.088) s=2.864 PSDFmin=+0.002844 G=OK(+0.001834) MF=OK(active=20/20,min=+0.2,slack=+4.237e-12)
[RMPCC 0242] OK solve=120.9ms pose=(1.791,0.101,-0.474) u=(0.011,0.083) s=2.864 PSDFmin=+0.002974 G=OK(+0.001966) MF=OK(active=20/20,min=+0.2,slack=+5.414e-11)
[RMPCC 0243] OK solve=114.2ms pose=(1.792,0.100,-0.466) u=(0.012,0.078) s=2.866 PSDFmin=+0.003101 G=OK(+0.002093) MF=OK(active=20/20,min=+0.2,slack=+1.429e-11)
[RMPCC 0244] OK solve=123.9ms pose=(1.793,0.100,-0.458) u=(0.010,0.074) s=2.866 PSDFmin=+0.003228 G=OK(+0.002221) MF=OK(active=20/20,min=+0.2,slack=+6.782e-12)
[RMPCC 0245] OK solve=126.1ms pose=(1.794,0.099,-0.451) u=(0.011,0.070) s=2.869 PSDFmin=+0.003351 G=OK(+0.002345) MF=OK(active=20/20,min=+0.2,slack=+4.565e-11)
[RMPCC 0246] OK solve=137.9ms pose=(1.795,0.099,-0.444) u=(0.009,0.066) s=2.869 PSDFmin=+0.003473 G=OK(+0.002468) MF=OK(active=20/20,min=+0.2,slack=+4.79e-11)
[RMPCC 0247] OK solve=127.3ms pose=(1.796,0.098,-0.437) u=(0.010,0.063) s=2.871 PSDFmin=+0.003592 G=OK(+0.002587) MF=OK(active=20/20,min=+0.2,slack=+9.431e-11)
[RMPCC 0248] OK solve=118.9ms pose=(1.797,0.098,-0.431) u=(0.009,0.059) s=2.871 PSDFmin=+0.00371 G=OK(+0.002705) MF=OK(active=20/20,min=+0.2,slack=+1.012e-11)
[RMPCC 0249] OK solve=125.0ms pose=(1.798,0.098,-0.425) u=(0.010,0.056) s=2.873 PSDFmin=+0.003824 G=OK(+0.00282) MF=OK(active=20/20,min=+0.2,slack=+1.339e-10)
[RMPCC 0250] OK solve=117.2ms pose=(1.799,0.097,-0.419) u=(0.009,0.053) s=2.873 PSDFmin=+0.003937 G=OK(+0.002933) MF=OK(active=20/20,min=+0.2,slack=+4.024e-11)
[RMPCC 0251] OK solve=119.6ms pose=(1.799,0.097,-0.414) u=(0.007,0.051) s=2.873 PSDFmin=+0.004046 G=OK(+0.003043) MF=OK(active=20/20,min=+0.2,slack=+5.048e-15)
[RMPCC 0252] OK solve=122.8ms pose=(1.800,0.097,-0.409) u=(0.009,0.048) s=2.875 PSDFmin=+0.004151 G=OK(+0.003148) MF=OK(active=20/20,min=+0.2,slack=+2.386e-11)
[RMPCC 0253] OK solve=128.1ms pose=(1.801,0.096,-0.404) u=(0.007,0.046) s=2.875 PSDFmin=+0.004255 G=OK(+0.003252) MF=OK(active=20/20,min=+0.2,slack=+8.056e-16)
[RMPCC 0254] OK solve=122.0ms pose=(1.802,0.096,-0.399) u=(0.007,0.043) s=2.875 PSDFmin=+0.004355 G=OK(+0.003353) MF=OK(active=20/20,min=+0.2,slack=+6.648e-15)
[RMPCC 0255] OK solve=115.2ms pose=(1.802,0.096,-0.395) u=(0.008,0.041) s=2.877 PSDFmin=+0.004452 G=OK(+0.003449) MF=OK(active=20/20,min=+0.2,slack=+5.229e-11)
[RMPCC 0256] OK solve=127.9ms pose=(1.803,0.095,-0.391) u=(0.007,0.039) s=2.877 PSDFmin=+0.004547 G=OK(+0.003545) MF=OK(active=20/20,min=+0.2,slack=+1.395e-15)
[RMPCC 0257] OK solve=140.5ms pose=(1.803,0.095,-0.387) u=(0.006,0.037) s=2.877 PSDFmin=+0.004639 G=OK(+0.003637) MF=OK(active=20/20,min=+0.2,slack=+5.332e-15)
[RMPCC 0258] OK solve=139.4ms pose=(1.804,0.095,-0.383) u=(0.006,0.036) s=2.878 PSDFmin=+0.004727 G=OK(+0.003725) MF=OK(active=20/20,min=+0.2,slack=+3.666e-15)
[RMPCC 0259] OK solve=133.8ms pose=(1.805,0.095,-0.380) u=(0.006,0.034) s=2.879 PSDFmin=+0.004813 G=OK(+0.003811) MF=OK(active=20/20,min=+0.2,slack=+5.934e-12)
[RMPCC 0260] OK solve=133.6ms pose=(1.805,0.094,-0.376) u=(0.005,0.033) s=2.879 PSDFmin=+0.004897 G=OK(+0.003895) MF=OK(active=20/20,min=+0.2,slack=+1.514e-15)
[RMPCC 0261] OK solve=145.7ms pose=(1.806,0.094,-0.373) u=(0.005,0.031) s=2.880 PSDFmin=+0.004977 G=OK(+0.003976) MF=OK(active=20/20,min=+0.2,slack=+1.063e-15)
[RMPCC 0262] OK solve=144.6ms pose=(1.806,0.094,-0.370) u=(0.005,0.030) s=2.880 PSDFmin=+0.005055 G=OK(+0.004054) MF=OK(active=20/20,min=+0.2,slack=+7.015e-16)
[RMPCC 0263] OK solve=130.3ms pose=(1.807,0.094,-0.367) u=(0.005,0.028) s=2.881 PSDFmin=+0.005131 G=OK(+0.00413) MF=OK(active=20/20,min=+0.2,slack=+2.328e-10)
[RMPCC 0264] OK solve=126.4ms pose=(1.807,0.094,-0.364) u=(0.005,0.027) s=2.881 PSDFmin=+0.005204 G=OK(+0.004203) MF=OK(active=20/20,min=+0.2,slack=+1.728e-10)
[RMPCC 0265] OK solve=116.7ms pose=(1.807,0.094,-0.361) u=(0.004,0.026) s=2.882 PSDFmin=+0.005275 G=OK(+0.004274) MF=OK(active=20/20,min=+0.2,slack=+1.362e-10)
[RMPCC 0266] OK solve=101.8ms pose=(1.808,0.093,-0.359) u=(0.004,0.025) s=2.882 PSDFmin=+0.005343 G=OK(+0.004342) MF=OK(active=20/20,min=+0.2,slack=+8.575e-11)
[RMPCC 0267] OK solve=121.2ms pose=(1.808,0.093,-0.356) u=(0.004,0.024) s=2.882 PSDFmin=+0.005409 G=OK(+0.004408) MF=OK(active=20/20,min=+0.2,slack=+5.895e-11)
[RMPCC 0268] OK solve=118.6ms pose=(1.809,0.093,-0.354) u=(0.004,0.023) s=2.883 PSDFmin=+0.005473 G=OK(+0.004472) MF=OK(active=20/20,min=+0.2,slack=+3.206e-11)
목적지에 도착했습니다! 현재 위치: [1.809   0.09293], 시간: 26.90초
Using rmpcc optimizer with differential_drive dynamics:
median:  0.12649154663085938
std:  0.009647657459994751
min:  0.10175776481628418
max:  0.1996450424194336
Simulation finished.
Run outcome: status=success, reason=None, final_time=26.900000000000112, distance_to_goal=0.009788033998050989
Optimizer runtime stats: safe_stop_count=0, backup_feasible_qp_success_count=0, plant_input_apply_count=269, last_solve_mode=sqp_rti
Trial history saved to /home/taek111/projects/psdf_mpcc/debug_runs/rmpcc_tuning/p5-c0_maze_r1/data/trial_history_MPC_rmpcc_rectangle_maze_p5-c0_maze_r1.csv
RMPCC constraint history saved to /home/taek111/projects/psdf_mpcc/debug_runs/rmpcc_tuning/p5-c0_maze_r1/data/rmpcc_constraints_MPC_rmpcc_rectangle_maze_p5-c0_maze_r1.csv
RMPCC debug history saved to /home/taek111/projects/psdf_mpcc/debug_runs/rmpcc_tuning/p5-c0_maze_r1/data/cycle_raw.csv
RMPCC debug history saved to /home/taek111/projects/psdf_mpcc/debug_runs/rmpcc_tuning/p5-c0_maze_r1/data/covariance_trajectory.csv
Pose-SDF data saved to /home/taek111/projects/psdf_mpcc/debug_runs/rmpcc_tuning/p5-c0_maze_r1/data/pose_sdf_MPC_rmpcc_rectangle_maze_p5-c0_maze_r1.csv
Total data points: 269
SDF statistics - Min: 0.0014, Max: 0.0609, Mean: 0.0097
