RMPCC configured from config: horizon=20, tf=2.0, use_obstacle_constraint=True, use_row_mf=True, d_col=0.001, d_min=0.001, d_mf_mask=0.001, mf_slack_linear=100.0, mf_slack_quadratic=1.0, chance_epsilon=0.2, mf_active_start_step=1, mf_active_end_step=None, mf_active_terminal=True, sigma_f0=0.0002, sigma_l0=0.00025, sigma_psi0=0.00025, q_f0=0.0, q_l0=0.0, q_psi0=0.0, alpha_f=6e-05, alpha_v=1.2e-05, alpha_kappa=0.0003, beta_v=0.0006, beta_kappa=0.00024, beta_omega=0.00024, enable_backup_solver=False, debug_mf=True, debug_infeasibility=True, augmented_psdf_device=cpu
Resetting rmpcc optimizer for clean state...
Trial failure criteria enabled: movement_window_sec=5.0, movement_threshold=0.005, max_consecutive_solver_failures=10
generating global path with A* + Line of Sight
시작 위치: [0.3 0.2]
목적지: [0.8 0.8]
도착 판정 기준: position <= 0.01m, angle <= 0.01rad
Setting up RMPCC-MF optimizer...
RMPCC-MF Row M configuration: enabled=True, active only when phi > d_mf_mask=0.001, configured stages=[1, 2, 3, 4, 5, 6, 7, 8, 9, 10, 11, 12, 13, 14, 15, 16, 17, 18, 19, 20]
/home/taek111/projects/psdf_mpcc/models/geometry_utils.py:241: UserWarning: Creating a tensor from a list of numpy.ndarrays is extremely slow. Please consider converting the list to a single numpy.ndarray with numpy.array() before converting to a tensor. (Triggered internally at ../torch/csrc/utils/tensor_new.cpp:230.)
  edgesA = torch.tensor(edgesA, dtype=torch.float32)
Added two affine safety rows at intermediate/terminal stages: 0=HARD guard/recovery, 1=SOFT MF
field AcadosOcpDims.N has been migrated to AcadosOcpOptions.N_horizon. setting AcadosOcpOptions.N_horizon = N. For future comppatibility, please use AcadosOcpOptions.N_horizon directly.

WARNING: Gauss-Newton Hessian approximation with EXTERNAL cost type not well defined!
got cost_type EXTERNAL for cost_type_0, cost_type, cost_type_e, hessian_approx: 'GAUSS_NEWTON'.
With this setting, acados will proceed computing the exact Hessian for the cost term and no Hessian contribution from constraints and dynamics.
If the external cost is a linear least squares cost, this coincides with the Gauss-Newton Hessian.
Note: There is also the option to use the external cost module with a numerical Hessian approximation (see `ext_cost_num_hess`).
OR the option to provide a symbolic custom Hessian approximation (see `cost_expr_ext_cost_custom_hess`).

acados was compiled without OpenMP.
RMPCC-MF backup SQP_WITH_FEASIBLE_QP solver disabled; using nominal safe-stop recovery.
[RMPCC 0000] OK solve=63.5ms pose=(0.300,0.200,0.000) u=(0.091,-0.000) s=0.016 PSDFmin=-0.0149 G=OK(+0.104) MF=OK(active=20/20,min=+0.2,slack=+3.032e-13)
[RMPCC 0001] OK solve=62.6ms pose=(0.309,0.200,-0.000) u=(0.069,1.108) s=0.026 PSDFmin=+0.01377 G=OK(+9.72e-13) MF=OK(active=18/20,min=+0.2,slack=+1.237e-15)
[RMPCC 0002] OK solve=56.8ms pose=(0.316,0.200,0.111) u=(0.068,0.895) s=0.031 PSDFmin=+0.008865 G=OK(+0.004876) MF=OK(active=20/20,min=+0.1999,slack=+5.492e-17)
[RMPCC 0003] OK solve=57.7ms pose=(0.323,0.201,0.200) u=(0.080,0.899) s=0.040 PSDFmin=+0.003629 G=OK(+0.004721) MF=OK(active=20/20,min=+0.1613,slack=+2.003e-16)
[RMPCC 0004] OK solve=54.7ms pose=(0.331,0.202,0.290) u=(0.095,0.681) s=0.046 PSDFmin=+0.008136 G=OK(+0.004341) MF=OK(active=20/20,min=+2.371e-11,slack=+1.941e-13)
[RMPCC 0005] OK solve=60.0ms pose=(0.340,0.205,0.358) u=(0.107,0.705) s=0.056 PSDFmin=+0.005765 G=OK(+0.003428) MF=OK(active=20/20,min=+1.484e-13,slack=+1.059e-16)
[RMPCC 0006] OK solve=57.2ms pose=(0.350,0.209,0.429) u=(0.116,0.596) s=0.066 PSDFmin=+0.007015 G=OK(+0.00454) MF=OK(active=20/20,min=-1.143e-11,slack=+1.313e-13)
[RMPCC 0007] OK solve=52.5ms pose=(0.360,0.214,0.488) u=(0.125,0.548) s=0.077 PSDFmin=+0.006745 G=OK(+0.004236) MF=OK(active=20/20,min=-2.141e-13,slack=+2.687e-14)
[RMPCC 0008] OK solve=60.2ms pose=(0.371,0.219,0.543) u=(0.130,0.497) s=0.090 PSDFmin=+0.006375 G=OK(+0.004288) MF=OK(active=20/20,min=+2.539e-07,slack=+7.914e-11)
[RMPCC 0009] OK solve=51.8ms pose=(0.382,0.226,0.593) u=(0.134,0.490) s=0.102 PSDFmin=+0.006476 G=OK(+0.004326) MF=OK(active=20/20,min=-6.513e-12,slack=+2.646e-13)
[RMPCC 0010] OK solve=64.2ms pose=(0.394,0.234,0.642) u=(0.138,0.497) s=0.115 PSDFmin=+0.006407 G=OK(+0.004267) MF=OK(active=20/20,min=+5.439e-13,slack=+3.643e-16)
[RMPCC 0011] OK solve=65.5ms pose=(0.405,0.242,0.691) u=(0.137,0.522) s=0.125 PSDFmin=+0.006088 G=OK(+0.004112) MF=OK(active=20/20,min=+3.835e-12,slack=+1.811e-15)
[RMPCC 0012] OK solve=65.7ms pose=(0.415,0.251,0.744) u=(0.142,0.564) s=0.141 PSDFmin=+0.006001 G=OK(+0.003955) MF=OK(active=20/20,min=+8.07e-09,slack=+8.197e-12)
[RMPCC 0013] OK solve=61.9ms pose=(0.426,0.260,0.800) u=(0.143,0.614) s=0.154 PSDFmin=+0.005752 G=OK(+0.003731) MF=OK(active=20/20,min=+7.273e-13,slack=+3.092e-15)
[RMPCC 0014] OK solve=59.0ms pose=(0.436,0.271,0.862) u=(0.138,0.668) s=0.162 PSDFmin=+0.005416 G=OK(+0.003507) MF=OK(active=20/20,min=+5.754e-10,slack=+8.641e-12)
[RMPCC 0015] OK solve=50.4ms pose=(0.445,0.281,0.928) u=(0.139,0.732) s=0.176 PSDFmin=+0.005286 G=OK(+0.003321) MF=OK(active=20/20,min=+4.605e-09,slack=+3.781e-11)
[RMPCC 0016] OK solve=58.6ms pose=(0.453,0.292,1.001) u=(0.139,0.828) s=0.190 PSDFmin=+0.005125 G=OK(+0.003089) MF=OK(active=20/20,min=+2.925e-09,slack=+1.21e-12)
[RMPCC 0017] OK solve=58.5ms pose=(0.460,0.304,1.084) u=(0.142,0.873) s=0.204 PSDFmin=+0.005422 G=OK(+0.00337) MF=OK(active=20/20,min=+3.162e-13,slack=+3.317e-17)
[RMPCC 0018] OK solve=56.4ms pose=(0.467,0.316,1.172) u=(0.146,0.740) s=0.217 PSDFmin=+0.006051 G=OK(+0.004114) MF=OK(active=20/20,min=+2.101e-11,slack=+1.138e-14)
[RMPCC 0019] OK solve=61.9ms pose=(0.473,0.330,1.246) u=(0.151,0.639) s=0.234 PSDFmin=+0.006724 G=OK(+0.004867) MF=OK(active=20/20,min=+0.1473,slack=+1.435e-15)
[RMPCC 0020] OK solve=67.6ms pose=(0.477,0.344,1.309) u=(0.152,0.523) s=0.248 PSDFmin=+0.007947 G=OK(+0.006228) MF=OK(active=20/20,min=+0.1908,slack=+8.694e-17)
[RMPCC 0021] OK solve=68.2ms pose=(0.481,0.359,1.362) u=(0.159,0.425) s=0.269 PSDFmin=+0.009493 G=OK(+0.007866) MF=OK(active=20/20,min=+0.2008,slack=+1.169e-15)
[RMPCC 0022] OK solve=67.8ms pose=(0.485,0.374,1.404) u=(0.160,0.331) s=0.284 PSDFmin=+0.01119 G=OK(+0.009694) MF=OK(active=20/20,min=+0.2001,slack=+9.336e-11)
[RMPCC 0023] OK solve=64.9ms pose=(0.487,0.390,1.437) u=(0.161,0.243) s=0.300 PSDFmin=+0.0128 G=OK(+0.01143) MF=OK(active=20/20,min=+0.1976,slack=+1.091e-10)
[RMPCC 0024] OK solve=56.6ms pose=(0.490,0.406,1.462) u=(0.163,0.161) s=0.317 PSDFmin=+0.01132 G=OK(+0.009692) MF=OK(active=20/20,min=+0.1684,slack=+2.673e-17)
[RMPCC 0025] OK solve=58.6ms pose=(0.491,0.422,1.478) u=(0.166,0.110) s=0.334 PSDFmin=+0.006501 G=OK(+0.004747) MF=OK(active=20/20,min=+6.769e-06,slack=+1.193e-10)
[RMPCC 0026] OK solve=52.8ms pose=(0.493,0.439,1.489) u=(0.170,0.123) s=0.353 PSDFmin=+0.006416 G=OK(+0.004547) MF=OK(active=20/20,min=+3.206e-12,slack=+1.881e-15)
[RMPCC 0027] OK solve=56.7ms pose=(0.494,0.456,1.501) u=(0.160,0.118) s=0.360 PSDFmin=+0.006176 G=OK(+0.004426) MF=OK(active=20/20,min=+1.499e-12,slack=+1.517e-16)
[RMPCC 0028] OK solve=57.5ms pose=(0.495,0.472,1.513) u=(0.162,0.107) s=0.376 PSDFmin=+0.006054 G=OK(+0.004235) MF=OK(active=20/20,min=+3.804e-08,slack=+3.132e-11)
[RMPCC 0029] OK solve=61.4ms pose=(0.496,0.488,1.524) u=(0.168,0.100) s=0.394 PSDFmin=+0.006043 G=OK(+0.004136) MF=OK(active=20/20,min=-1.424e-11,slack=+2.029e-12)
[RMPCC 0030] OK solve=58.3ms pose=(0.497,0.505,1.534) u=(0.166,0.079) s=0.409 PSDFmin=+0.006164 G=OK(+0.004333) MF=OK(active=20/20,min=+8.204e-15,slack=+1.12e-15)
[RMPCC 0031] OK solve=59.7ms pose=(0.498,0.521,1.541) u=(0.166,0.045) s=0.425 PSDFmin=+0.005953 G=OK(+0.004159) MF=OK(active=20/20,min=+3.256e-07,slack=+8.228e-11)
[RMPCC 0032] OK solve=52.5ms pose=(0.498,0.538,1.546) u=(0.166,-0.007) s=0.442 PSDFmin=+0.005746 G=OK(+0.003888) MF=OK(active=20/20,min=-5.036e-13,slack=+6.26e-15)
[RMPCC 0033] OK solve=57.6ms pose=(0.499,0.555,1.545) u=(0.164,-0.073) s=0.455 PSDFmin=+0.005855 G=OK(+0.003776) MF=OK(active=20/20,min=-6.881e-15,slack=+2.342e-16)
[RMPCC 0034] OK solve=53.6ms pose=(0.499,0.571,1.538) u=(0.162,-0.117) s=0.469 PSDFmin=+0.005669 G=OK(+0.003788) MF=OK(active=20/20,min=+1.734e-12,slack=+2.822e-16)
[RMPCC 0035] OK solve=56.1ms pose=(0.500,0.587,1.526) u=(0.160,-0.181) s=0.484 PSDFmin=+0.005464 G=OK(+0.003634) MF=OK(active=20/20,min=+1.706e-13,slack=+8.215e-17)
[RMPCC 0036] OK solve=55.4ms pose=(0.500,0.603,1.508) u=(0.156,-0.245) s=0.499 PSDFmin=+0.005135 G=OK(+0.003348) MF=OK(active=20/20,min=-3.363e-12,slack=+4.553e-14)
[RMPCC 0037] OK solve=54.2ms pose=(0.501,0.619,1.484) u=(0.153,-0.341) s=0.513 PSDFmin=+0.005089 G=OK(+0.003133) MF=OK(active=20/20,min=+2.896e-07,slack=+1.356e-10)
[RMPCC 0038] OK solve=54.4ms pose=(0.503,0.634,1.450) u=(0.151,-0.446) s=0.527 PSDFmin=+0.005041 G=OK(+0.002931) MF=OK(active=20/20,min=-5.623e-12,slack=+4.824e-14)
[RMPCC 0039] OK solve=50.6ms pose=(0.504,0.649,1.405) u=(0.147,-0.528) s=0.541 PSDFmin=+0.004773 G=OK(+0.002816) MF=OK(active=20/20,min=-1.141e-10,slack=+2.433e-12)
[RMPCC 0040] OK solve=65.4ms pose=(0.507,0.664,1.352) u=(0.142,-0.615) s=0.555 PSDFmin=+0.004613 G=OK(+0.002728) MF=OK(active=20/20,min=+7.08e-10,slack=+1.509e-13)
[RMPCC 0041] OK solve=54.0ms pose=(0.510,0.677,1.291) u=(0.135,-0.718) s=0.569 PSDFmin=+0.004346 G=OK(+0.002545) MF=OK(active=20/20,min=+1.92e-10,slack=+3.29e-13)
[RMPCC 0042] OK solve=52.2ms pose=(0.514,0.690,1.219) u=(0.127,-0.865) s=0.583 PSDFmin=+0.004035 G=OK(+0.002159) MF=OK(active=20/20,min=+2.217e-09,slack=+3.62e-13)
[RMPCC 0043] OK solve=57.0ms pose=(0.518,0.702,1.132) u=(0.136,-1.071) s=0.611 PSDFmin=+0.004469 G=OK(+0.002103) MF=OK(active=20/20,min=+1.524e-12,slack=+1.821e-14)
[RMPCC 0044] OK solve=59.9ms pose=(0.524,0.715,1.025) u=(0.127,-1.126) s=0.624 PSDFmin=+0.004671 G=OK(+0.00268) MF=OK(active=20/20,min=+0.07028,slack=+3.563e-17)
[RMPCC 0045] OK solve=54.9ms pose=(0.530,0.725,0.913) u=(0.122,-0.946) s=0.636 PSDFmin=+0.005497 G=OK(+0.00358) MF=OK(active=20/20,min=+0.1645,slack=+6.952e-16)
[RMPCC 0046] OK solve=51.1ms pose=(0.538,0.735,0.818) u=(0.119,-0.813) s=0.652 PSDFmin=+0.00639 G=OK(+0.004597) MF=OK(active=20/20,min=+0.1935,slack=+8.092e-17)
[RMPCC 0047] OK solve=51.0ms pose=(0.546,0.744,0.737) u=(0.112,-0.697) s=0.666 PSDFmin=+0.00768 G=OK(+0.006027) MF=OK(active=20/20,min=+0.2,slack=+4.09e-16)
[RMPCC 0048] OK solve=54.9ms pose=(0.554,0.751,0.667) u=(0.117,-0.604) s=0.691 PSDFmin=+0.009245 G=OK(+0.007638) MF=OK(active=20/20,min=+0.2,slack=+3.023e-17)
[RMPCC 0049] OK solve=58.0ms pose=(0.563,0.758,0.607) u=(0.111,-0.530) s=0.707 PSDFmin=+0.01108 G=OK(+0.00957) MF=OK(active=20/20,min=+0.2,slack=+2.722e-11)
[RMPCC 0050] OK solve=55.9ms pose=(0.572,0.765,0.554) u=(0.106,-0.462) s=0.722 PSDFmin=+0.01303 G=OK(+0.0116) MF=OK(active=20/20,min=+0.2,slack=+3.1e-11)
[RMPCC 0051] OK solve=53.7ms pose=(0.582,0.770,0.507) u=(0.105,-0.407) s=0.739 PSDFmin=+0.01506 G=OK(+0.01368) MF=OK(active=20/20,min=+0.2,slack=+5.794e-11)
[RMPCC 0052] OK solve=61.7ms pose=(0.591,0.775,0.467) u=(0.101,-0.361) s=0.752 PSDFmin=+0.01715 G=OK(+0.01582) MF=OK(active=20/20,min=+0.2,slack=+3.006e-12)
[RMPCC 0053] OK solve=55.8ms pose=(0.600,0.780,0.431) u=(0.100,-0.321) s=0.767 PSDFmin=+0.01925 G=OK(+0.01796) MF=OK(active=20/20,min=+0.2,slack=+7.959e-12)
[RMPCC 0054] OK solve=53.3ms pose=(0.609,0.784,0.399) u=(0.100,-0.289) s=0.783 PSDFmin=+0.02136 G=OK(+0.0201) MF=OK(active=20/20,min=+0.2,slack=+1.191e-11)
[RMPCC 0055] OK solve=58.0ms pose=(0.618,0.788,0.370) u=(0.092,-0.257) s=0.790 PSDFmin=+0.02384 G=OK(+0.02224) MF=OK(active=20/20,min=+0.2,slack=+1.763e-11)
[RMPCC 0056] OK solve=70.1ms pose=(0.627,0.791,0.344) u=(0.094,-0.233) s=0.805 PSDFmin=+0.02799 G=OK(+0.02605) MF=OK(active=20/20,min=+0.2,slack=+3.01e-11)
[RMPCC 0057] OK solve=70.5ms pose=(0.635,0.794,0.321) u=(0.087,-0.210) s=0.813 PSDFmin=+0.03197 G=OK(+0.03095) MF=OK(active=20/20,min=+0.2,slack=+1.805e-11)
[RMPCC 0058] OK solve=66.4ms pose=(0.644,0.797,0.300) u=(0.082,-0.189) s=0.821 PSDFmin=+0.03551 G=OK(+0.03449) MF=OK(active=20/20,min=+0.2,slack=+2.004e-11)
[RMPCC 0059] OK solve=55.0ms pose=(0.651,0.800,0.281) u=(0.077,-0.170) s=0.828 PSDFmin=+0.03868 G=OK(+0.03767) MF=OK(active=20/20,min=+0.2,slack=+2.04e-11)
[RMPCC 0060] OK solve=53.4ms pose=(0.659,0.802,0.264) u=(0.074,-0.154) s=0.836 PSDFmin=+0.04155 G=OK(+0.04055) MF=OK(active=20/20,min=+0.2,slack=+9.808e-11)
[RMPCC 0061] OK solve=56.9ms pose=(0.666,0.804,0.248) u=(0.071,-0.140) s=0.843 PSDFmin=+0.04418 G=OK(+0.04317) MF=OK(active=20/20,min=+0.2,slack=+1.152e-16)
[RMPCC 0062] OK solve=57.3ms pose=(0.673,0.805,0.234) u=(0.069,-0.128) s=0.851 PSDFmin=+0.04658 G=OK(+0.04558) MF=OK(active=20/20,min=+0.2,slack=+3.57e-16)
[RMPCC 0063] OK solve=54.5ms pose=(0.680,0.807,0.221) u=(0.067,-0.118) s=0.859 PSDFmin=+0.04881 G=OK(+0.0478) MF=OK(active=20/20,min=+0.2,slack=+4.936e-16)
[RMPCC 0064] OK solve=52.8ms pose=(0.686,0.808,0.210) u=(0.066,-0.109) s=0.866 PSDFmin=+0.05087 G=OK(+0.04987) MF=OK(active=20/20,min=+0.2,slack=+2.603e-16)
[RMPCC 0065] OK solve=58.5ms pose=(0.692,0.810,0.199) u=(0.065,-0.101) s=0.874 PSDFmin=+0.05281 G=OK(+0.0518) MF=OK(active=20/20,min=+0.2,slack=+2.74e-16)
[RMPCC 0066] OK solve=62.0ms pose=(0.699,0.811,0.189) u=(0.064,-0.094) s=0.881 PSDFmin=+0.05462 G=OK(+0.05362) MF=OK(active=20/20,min=+0.2,slack=+7.895e-16)
[RMPCC 0067] OK solve=57.8ms pose=(0.705,0.812,0.179) u=(0.054,-0.085) s=0.881 PSDFmin=+0.05615 G=OK(+0.05515) MF=OK(active=20/20,min=+0.2,slack=+5.872e-14)
[RMPCC 0068] OK solve=53.5ms pose=(0.710,0.813,0.171) u=(0.054,-0.079) s=0.889 PSDFmin=+0.0576 G=OK(+0.0566) MF=OK(active=20/20,min=+0.2,slack=+4.453e-14)
[RMPCC 0069] OK solve=60.9ms pose=(0.716,0.814,0.163) u=(0.055,-0.074) s=0.897 PSDFmin=+0.05899 G=OK(+0.05799) MF=OK(active=20/20,min=+0.2,slack=+2.401e-13)
[RMPCC 0070] OK solve=57.1ms pose=(0.721,0.815,0.156) u=(0.047,-0.067) s=0.897 PSDFmin=+0.06018 G=OK(+0.05918) MF=OK(active=20/20,min=+0.2,slack=+4.238e-13)
[RMPCC 0071] OK solve=62.8ms pose=(0.726,0.816,0.149) u=(0.049,-0.063) s=0.904 PSDFmin=+0.06132 G=OK(+0.06032) MF=OK(active=20/20,min=+0.2,slack=+8.625e-14)
[RMPCC 0072] OK solve=68.7ms pose=(0.731,0.817,0.143) u=(0.041,-0.057) s=0.904 PSDFmin=+0.06231 G=OK(+0.06131) MF=OK(active=20/20,min=+0.2,slack=+2.795e-15)
[RMPCC 0073] OK solve=69.0ms pose=(0.735,0.817,0.137) u=(0.044,-0.054) s=0.912 PSDFmin=+0.06327 G=OK(+0.06227) MF=OK(active=20/20,min=+0.2,slack=+6.418e-14)
[RMPCC 0074] OK solve=63.6ms pose=(0.739,0.818,0.132) u=(0.038,-0.049) s=0.912 PSDFmin=+0.0641 G=OK(+0.0631) MF=OK(active=20/20,min=+0.2,slack=+5.133e-12)
[RMPCC 0075] OK solve=54.8ms pose=(0.743,0.818,0.127) u=(0.041,-0.046) s=0.919 PSDFmin=+0.06494 G=OK(+0.06394) MF=OK(active=20/20,min=+0.2,slack=+7.24e-14)
[RMPCC 0076] OK solve=60.2ms pose=(0.747,0.819,0.122) u=(0.035,-0.042) s=0.919 PSDFmin=+0.06566 G=OK(+0.06466) MF=OK(active=20/20,min=+0.2,slack=+2.253e-12)
[RMPCC 0077] OK solve=57.8ms pose=(0.750,0.819,0.118) u=(0.039,-0.040) s=0.927 PSDFmin=+0.06639 G=OK(+0.06539) MF=OK(active=20/20,min=+0.2,slack=+9.889e-15)
[RMPCC 0078] OK solve=61.7ms pose=(0.754,0.820,0.114) u=(0.033,-0.037) s=0.927 PSDFmin=+0.06702 G=OK(+0.06602) MF=OK(active=20/20,min=+0.2,slack=+2.433e-12)
[RMPCC 0079] OK solve=61.3ms pose=(0.757,0.820,0.110) u=(0.028,-0.034) s=0.927 PSDFmin=+0.06756 G=OK(+0.06656) MF=OK(active=20/20,min=+0.2,slack=+3.436e-12)
[RMPCC 0080] OK solve=53.5ms pose=(0.760,0.820,0.107) u=(0.033,-0.032) s=0.935 PSDFmin=+0.06777 G=OK(+0.06677) MF=OK(active=20/20,min=+0.2,slack=+4.111e-16)
[RMPCC 0081] OK solve=50.2ms pose=(0.763,0.821,0.104) u=(0.028,-0.029) s=0.935 PSDFmin=+0.06774 G=OK(+0.06674) MF=OK(active=20/20,min=+0.2,slack=+1.214e-12)
[RMPCC 0082] OK solve=57.2ms pose=(0.766,0.821,0.101) u=(0.024,-0.027) s=0.935 PSDFmin=+0.06773 G=OK(+0.06673) MF=OK(active=20/20,min=+0.2,slack=+2.902e-12)
[RMPCC 0083] OK solve=59.0ms pose=(0.769,0.821,0.098) u=(0.029,-0.026) s=0.942 PSDFmin=+0.06772 G=OK(+0.06672) MF=OK(active=20/20,min=+0.2,slack=+1.876e-16)
[RMPCC 0084] OK solve=54.7ms pose=(0.771,0.821,0.095) u=(0.025,-0.024) s=0.942 PSDFmin=+0.0677 G=OK(+0.0667) MF=OK(active=20/20,min=+0.2,slack=+1.26e-12)
[RMPCC 0085] OK solve=61.5ms pose=(0.774,0.822,0.093) u=(0.021,-0.022) s=0.942 PSDFmin=+0.06769 G=OK(+0.06669) MF=OK(active=20/20,min=+0.2,slack=+3.338e-13)
[RMPCC 0086] OK solve=52.0ms pose=(0.776,0.822,0.091) u=(0.027,-0.021) s=0.950 PSDFmin=+0.06768 G=OK(+0.06668) MF=OK(active=20/20,min=+0.2,slack=+1.325e-12)
[RMPCC 0087] OK solve=59.1ms pose=(0.779,0.822,0.089) u=(0.024,-0.019) s=0.950 PSDFmin=+0.06765 G=OK(+0.06665) MF=OK(active=20/20,min=+0.2,slack=+3.526e-12)
[RMPCC 0088] OK solve=51.3ms pose=(0.781,0.822,0.087) u=(0.020,-0.018) s=0.950 PSDFmin=+0.06764 G=OK(+0.06664) MF=OK(active=20/20,min=+0.2,slack=+2.262e-11)
[RMPCC 0089] OK solve=66.9ms pose=(0.783,0.823,0.085) u=(0.016,-0.017) s=0.950 PSDFmin=+0.06764 G=OK(+0.06664) MF=OK(active=20/20,min=+0.2,slack=+5.962e-11)
[RMPCC 0090] OK solve=58.8ms pose=(0.785,0.823,0.083) u=(0.024,-0.016) s=0.957 PSDFmin=+0.06764 G=OK(+0.06664) MF=OK(active=20/20,min=+0.2,slack=+1.357e-12)
[RMPCC 0091] OK solve=57.6ms pose=(0.787,0.823,0.082) u=(0.020,-0.015) s=0.957 PSDFmin=+0.06761 G=OK(+0.06661) MF=OK(active=20/20,min=+0.2,slack=+5.686e-13)
[RMPCC 0092] OK solve=57.1ms pose=(0.789,0.823,0.080) u=(0.017,-0.014) s=0.957 PSDFmin=+0.06761 G=OK(+0.06661) MF=OK(active=20/20,min=+0.2,slack=+7.135e-12)
[RMPCC 0093] OK solve=57.7ms pose=(0.791,0.823,0.079) u=(0.014,-0.013) s=0.957 PSDFmin=+0.06761 G=OK(+0.06661) MF=OK(active=20/20,min=+0.2,slack=+1.172e-10)
[RMPCC 0094] OK solve=55.8ms pose=(0.792,0.823,0.078) u=(0.012,-0.012) s=0.957 PSDFmin=+0.06761 G=OK(+0.06661) MF=OK(active=20/20,min=+0.2,slack=+1.848e-15)
[RMPCC 0095] OK solve=61.4ms pose=(0.793,0.823,0.076) u=(0.010,-0.011) s=0.957 PSDFmin=+0.06762 G=OK(+0.06662) MF=OK(active=20/20,min=+0.2,slack=+1.206e-14)
[RMPCC 0096] OK solve=51.7ms pose=(0.794,0.823,0.075) u=(0.018,-0.011) s=0.965 PSDFmin=+0.06761 G=OK(+0.06661) MF=OK(active=20/20,min=+0.2,slack=+7.166e-12)
[RMPCC 0097] OK solve=51.6ms pose=(0.796,0.824,0.074) u=(0.016,-0.010) s=0.965 PSDFmin=+0.06759 G=OK(+0.06659) MF=OK(active=20/20,min=+0.2,slack=+4.237e-13)
[RMPCC 0098] OK solve=57.1ms pose=(0.798,0.824,0.073) u=(0.013,-0.009) s=0.965 PSDFmin=+0.06759 G=OK(+0.06659) MF=OK(active=20/20,min=+0.2,slack=+2.508e-12)
[RMPCC 0099] OK solve=57.7ms pose=(0.799,0.824,0.072) u=(0.011,-0.009) s=0.965 PSDFmin=+0.06759 G=OK(+0.06659) MF=OK(active=20/20,min=+0.2,slack=+1.975e-10)
[RMPCC 0100] OK solve=57.6ms pose=(0.800,0.824,0.071) u=(0.009,-0.008) s=0.965 PSDFmin=+0.06759 G=OK(+0.06659) MF=OK(active=20/20,min=+0.2,slack=+3.567e-15)
[RMPCC 0101] OK solve=54.0ms pose=(0.801,0.824,0.070) u=(0.008,-0.008) s=0.965 PSDFmin=+0.0676 G=OK(+0.0666) MF=OK(active=20/20,min=+0.2,slack=+3.06e-14)
[RMPCC 0102] OK solve=54.1ms pose=(0.802,0.824,0.070) u=(0.006,-0.007) s=0.965 PSDFmin=+0.06761 G=OK(+0.06661) MF=OK(active=20/20,min=+0.2,slack=+1.144e-13)
[RMPCC 0103] OK solve=53.7ms pose=(0.803,0.824,0.069) u=(0.006,-0.007) s=0.966 PSDFmin=+0.06762 G=OK(+0.06662) MF=OK(active=20/20,min=+0.2,slack=+1.147e-13)
[RMPCC 0104] OK solve=62.9ms pose=(0.803,0.824,0.068) u=(0.006,-0.007) s=0.966 PSDFmin=+0.06763 G=OK(+0.06663) MF=OK(active=20/20,min=+0.2,slack=+8.799e-14)
[RMPCC 0105] OK solve=50.1ms pose=(0.804,0.824,0.068) u=(0.014,-0.007) s=0.973 PSDFmin=+0.06762 G=OK(+0.06662) MF=OK(active=20/20,min=+0.2,slack=+2.906e-11)
[RMPCC 0106] OK solve=53.8ms pose=(0.805,0.824,0.067) u=(0.012,-0.006) s=0.973 PSDFmin=+0.06761 G=OK(+0.06661) MF=OK(active=20/20,min=+0.2,slack=+1.746e-11)
[RMPCC 0107] OK solve=50.5ms pose=(0.806,0.824,0.066) u=(0.010,-0.006) s=0.973 PSDFmin=+0.0676 G=OK(+0.0666) MF=OK(active=20/20,min=+0.2,slack=+1.174e-12)
[RMPCC 0108] OK solve=56.6ms pose=(0.807,0.824,0.066) u=(0.008,-0.005) s=0.973 PSDFmin=+0.0676 G=OK(+0.0666) MF=OK(active=20/20,min=+0.2,slack=+5.15e-13)
[RMPCC 0109] OK solve=56.2ms pose=(0.808,0.824,0.065) u=(0.007,-0.005) s=0.973 PSDFmin=+0.0676 G=OK(+0.0666) MF=OK(active=20/20,min=+0.2,slack=+6.619e-11)
[RMPCC 0110] OK solve=57.8ms pose=(0.809,0.824,0.065) u=(0.006,-0.005) s=0.973 PSDFmin=+0.06761 G=OK(+0.06661) MF=OK(active=20/20,min=+0.2,slack=+7.929e-11)
[RMPCC 0111] OK solve=62.0ms pose=(0.809,0.824,0.064) u=(0.005,-0.005) s=0.973 PSDFmin=+0.06762 G=OK(+0.06662) MF=OK(active=20/20,min=+0.2,slack=+2.026e-10)
[RMPCC 0112] OK solve=65.9ms pose=(0.810,0.825,0.064) u=(0.004,-0.004) s=0.973 PSDFmin=+0.06762 G=OK(+0.06662) MF=OK(active=20/20,min=+0.2,slack=+2.816e-10)
[RMPCC 0113] OK solve=62.5ms pose=(0.810,0.825,0.063) u=(0.004,-0.004) s=0.973 PSDFmin=+0.06763 G=OK(+0.06663) MF=OK(active=20/20,min=+0.2,slack=+2.006e-10)
[RMPCC 0114] OK solve=62.4ms pose=(0.811,0.825,0.063) u=(0.004,-0.004) s=0.974 PSDFmin=+0.06764 G=OK(+0.06664) MF=OK(active=20/20,min=+0.2,slack=+6.409e-11)
[RMPCC 0115] OK solve=58.2ms pose=(0.811,0.825,0.062) u=(0.004,-0.004) s=0.974 PSDFmin=+0.06764 G=OK(+0.06664) MF=OK(active=20/20,min=+0.2,slack=+4.64e-11)
[RMPCC 0116] OK solve=53.3ms pose=(0.811,0.825,0.062) u=(0.004,-0.004) s=0.974 PSDFmin=+0.06765 G=OK(+0.06665) MF=OK(active=20/20,min=+0.2,slack=+3.303e-11)
[RMPCC 0117] OK solve=59.6ms pose=(0.812,0.825,0.062) u=(0.004,-0.004) s=0.975 PSDFmin=+0.06765 G=OK(+0.06665) MF=OK(active=20/20,min=+0.2,slack=+1.429e-11)
[RMPCC 0118] OK solve=60.3ms pose=(0.812,0.825,0.061) u=(0.003,-0.004) s=0.975 PSDFmin=+0.06766 G=OK(+0.06666) MF=OK(active=20/20,min=+0.2,slack=+1.075e-11)
[RMPCC 0119] OK solve=57.4ms pose=(0.812,0.825,0.061) u=(0.003,-0.003) s=0.975 PSDFmin=+0.06766 G=OK(+0.06666) MF=OK(active=20/20,min=+0.2,slack=+8.322e-12)
[RMPCC 0120] OK solve=63.4ms pose=(0.813,0.825,0.061) u=(0.003,-0.003) s=0.976 PSDFmin=+0.06767 G=OK(+0.06667) MF=OK(active=20/20,min=+0.2,slack=+4.597e-12)
[RMPCC 0121] OK solve=49.9ms pose=(0.813,0.825,0.060) u=(0.003,-0.003) s=0.976 PSDFmin=+0.06767 G=OK(+0.06667) MF=OK(active=20/20,min=+0.2,slack=+3.723e-12)
[RMPCC 0122] OK solve=67.4ms pose=(0.813,0.825,0.060) u=(0.003,-0.003) s=0.976 PSDFmin=+0.06768 G=OK(+0.06668) MF=OK(active=20/20,min=+0.2,slack=+3.064e-12)
[RMPCC 0123] OK solve=64.0ms pose=(0.814,0.825,0.060) u=(0.003,-0.003) s=0.977 PSDFmin=+0.06768 G=OK(+0.06668) MF=OK(active=20/20,min=+0.2,slack=+1.871e-12)
[RMPCC 0124] OK solve=67.4ms pose=(0.814,0.825,0.059) u=(0.003,-0.003) s=0.977 PSDFmin=+0.06769 G=OK(+0.06669) MF=OK(active=20/20,min=+0.2,slack=+1.468e-12)
[RMPCC 0125] OK solve=66.1ms pose=(0.814,0.825,0.059) u=(0.007,-0.003) s=0.980 PSDFmin=+0.06768 G=OK(+0.06668) MF=OK(active=20/20,min=+0.2,slack=+9.338e-13)
목적지에 도착했습니다! 현재 위치: [0.81504 0.82484], 시간: 12.60초
Using rmpcc optimizer with differential_drive dynamics:
median:  0.057614803314208984
std:  0.004985730959138768
min:  0.049890995025634766
max:  0.0704507827758789
Simulation finished.
Run outcome: status=success, reason=None, final_time=12.599999999999971, distance_to_goal=0.009963417595627402
Optimizer runtime stats: safe_stop_count=0, backup_feasible_qp_success_count=0, plant_input_apply_count=126, last_solve_mode=sqp_rti
Trial history saved to /home/taek111/projects/psdf_mpcc/debug_runs/rmpcc_tuning/p5-c0p03_s_path_r1/data/trial_history_MPC_rmpcc_rectangle_s_path_p5-c0p03_s_path_r1.csv
RMPCC constraint history saved to /home/taek111/projects/psdf_mpcc/debug_runs/rmpcc_tuning/p5-c0p03_s_path_r1/data/rmpcc_constraints_MPC_rmpcc_rectangle_s_path_p5-c0p03_s_path_r1.csv
RMPCC debug history saved to /home/taek111/projects/psdf_mpcc/debug_runs/rmpcc_tuning/p5-c0p03_s_path_r1/data/cycle_raw.csv
RMPCC debug history saved to /home/taek111/projects/psdf_mpcc/debug_runs/rmpcc_tuning/p5-c0p03_s_path_r1/data/covariance_trajectory.csv
Pose-SDF data saved to /home/taek111/projects/psdf_mpcc/debug_runs/rmpcc_tuning/p5-c0p03_s_path_r1/data/pose_sdf_MPC_rmpcc_rectangle_s_path_p5-c0p03_s_path_r1.csv
Total data points: 126
SDF statistics - Min: 0.0058, Max: 0.1050, Mean: 0.0486
