RMPCC configured from config: horizon=20, tf=2.0, use_obstacle_constraint=True, use_row_mf=True, d_col=0.001, d_min=0.001, d_mf_mask=0.001, mf_slack_linear=3.0, mf_slack_quadratic=1.0, chance_epsilon=0.2, mf_active_start_step=1, mf_active_end_step=None, mf_active_terminal=True, sigma_f0=0.0002, sigma_l0=0.00025, sigma_psi0=0.00025, q_f0=0.0, q_l0=0.0, q_psi0=0.0, alpha_f=0.002, alpha_v=0.0004, alpha_kappa=0.01, beta_v=0.02, beta_kappa=0.008, beta_omega=0.008, enable_backup_solver=False, debug_mf=True, debug_infeasibility=True, augmented_psdf_device=cpu
Resetting rmpcc optimizer for clean state...
Trial failure criteria enabled: movement_window_sec=5.0, movement_threshold=0.005, max_consecutive_solver_failures=10
generating global path with A* + Line of Sight
시작 위치: [0.3 0.2]
목적지: [0.8 0.8]
도착 판정 기준: position <= 0.01m, angle <= 0.01rad
Setting up RMPCC-MF optimizer...
RMPCC-MF Row M configuration: enabled=True, active only when phi > d_mf_mask=0.001, configured stages=[1, 2, 3, 4, 5, 6, 7, 8, 9, 10, 11, 12, 13, 14, 15, 16, 17, 18, 19, 20]
/home/taek111/projects/psdf_mpcc/models/geometry_utils.py:241: UserWarning: Creating a tensor from a list of numpy.ndarrays is extremely slow. Please consider converting the list to a single numpy.ndarray with numpy.array() before converting to a tensor. (Triggered internally at ../torch/csrc/utils/tensor_new.cpp:230.)
  edgesA = torch.tensor(edgesA, dtype=torch.float32)
Added two affine safety rows at intermediate/terminal stages: 0=HARD guard/recovery, 1=SOFT MF
field AcadosOcpDims.N has been migrated to AcadosOcpOptions.N_horizon. setting AcadosOcpOptions.N_horizon = N. For future comppatibility, please use AcadosOcpOptions.N_horizon directly.

WARNING: Gauss-Newton Hessian approximation with EXTERNAL cost type not well defined!
got cost_type EXTERNAL for cost_type_0, cost_type, cost_type_e, hessian_approx: 'GAUSS_NEWTON'.
With this setting, acados will proceed computing the exact Hessian for the cost term and no Hessian contribution from constraints and dynamics.
If the external cost is a linear least squares cost, this coincides with the Gauss-Newton Hessian.
Note: There is also the option to use the external cost module with a numerical Hessian approximation (see `ext_cost_num_hess`).
OR the option to provide a symbolic custom Hessian approximation (see `cost_expr_ext_cost_custom_hess`).

acados was compiled without OpenMP.
RMPCC-MF backup SQP_WITH_FEASIBLE_QP solver disabled; using nominal safe-stop recovery.
[RMPCC 0000] OK solve=63.6ms pose=(0.300,0.200,0.000) u=(0.091,-0.000) s=0.016 PSDFmin=-0.0149 G=OK(+0.104) MF=OK(active=20/20,min=+0.2,slack=+9.98e-12)
[RMPCC 0001] OK solve=55.2ms pose=(0.309,0.200,-0.000) u=(0.069,1.108) s=0.026 PSDFmin=+0.01377 G=OK(+1.428e-11) MF=OK(active=18/20,min=+0.2,slack=+1.599e-12)
[RMPCC 0002] OK solve=61.0ms pose=(0.316,0.200,0.111) u=(0.078,0.709) s=0.031 PSDFmin=+0.0059 G=OK(+0.02294) MF=OK(active=20/20,min=+1.312e-14,slack=+2.019e-15)
[RMPCC 0003] OK solve=57.7ms pose=(0.324,0.201,0.182) u=(0.100,0.545) s=0.040 PSDFmin=+0.006874 G=OK(+0.01309) MF=OK(active=20/20,min=+3.639e-11,slack=+2.879e-10)
[RMPCC 0004] OK solve=57.3ms pose=(0.334,0.203,0.236) u=(0.079,0.834) s=0.049 PSDFmin=-0.005204 G=OK(+0.02107) MF=OK(active=20/20,min=-7.288e-13,slack=+5.967e-11)
[RMPCC 0005] OK solve=67.5ms pose=(0.341,0.205,0.320) u=(0.107,0.390) s=0.056 PSDFmin=+0.002859 G=OK(+0.012) MF=OK(active=19/20,min=+6.028e-10,slack=+3.136e-11)
[RMPCC 0006] OK solve=67.8ms pose=(0.351,0.208,0.359) u=(0.092,0.945) s=0.067 PSDFmin=-0.02879 G=OK(+0.01621) MF=OK(active=20/20,min=+1.439e-14,slack=+2.074e-15)
[RMPCC 0007] OK solve=65.8ms pose=(0.360,0.211,0.453) u=(0.110,0.442) s=0.076 PSDFmin=+0.001285 G=OK(+0.01097) MF=OK(active=17/20,min=+1.937e-14,slack=+2.047e-15)
[RMPCC 0008] OK solve=54.5ms pose=(0.370,0.216,0.497) u=(0.117,0.496) s=0.087 PSDFmin=-0.01702 G=OK(+0.01938) MF=OK(active=20/20,min=+5.918e-14,slack=+5.49e-14)
[RMPCC 0009] OK solve=55.6ms pose=(0.380,0.221,0.547) u=(0.103,0.400) s=0.099 PSDFmin=-0.002643 G=OK(+0.009137) MF=OK(active=12/20,min=+8.841e-14,slack=+1.425e-14)
[RMPCC 0010] OK solve=54.4ms pose=(0.389,0.227,0.587) u=(0.138,0.270) s=0.106 PSDFmin=-0.01526 G=OK(+0.02557) MF=OK(active=15/20,min=+1.536e-15,slack=+6.48e-16)
[RMPCC 0011] OK solve=60.7ms pose=(0.400,0.234,0.614) u=(0.101,0.954) s=0.122 PSDFmin=-0.01355 G=OK(+0.002207) MF=OK(active=11/20,min=+3.51e-14,slack=+1.13e-15)
[RMPCC 0012] OK solve=66.9ms pose=(0.409,0.240,0.709) u=(0.132,0.421) s=0.126 PSDFmin=-0.03292 G=OK(+0.01743) MF=OK(active=8/20,min=+2.033e-10,slack=+3.667e-11)
[RMPCC 0013] OK solve=58.7ms pose=(0.419,0.249,0.751) u=(0.103,0.398) s=0.144 PSDFmin=-0.00484 G=OK(+0.00687) MF=OK(active=9/20,min=+2.054e-13,slack=+4.948e-14)
[RMPCC 0014] OK solve=53.7ms pose=(0.426,0.256,0.791) u=(0.152,0.207) s=0.147 PSDFmin=-0.01923 G=OK(+0.01911) MF=OK(active=15/20,min=+1.188e-10,slack=+9.178e-12)
[RMPCC 0015] OK solve=62.0ms pose=(0.437,0.267,0.812) u=(0.098,1.132) s=0.161 PSDFmin=-0.006091 G=OK(+0.003735) MF=OK(active=6/20,min=+2.201e-10,slack=+7.453e-12)
[RMPCC 0016] OK solve=56.0ms pose=(0.444,0.274,0.925) u=(0.124,0.517) s=0.171 PSDFmin=-0.01569 G=OK(+0.01064) MF=OK(active=10/20,min=+9.861e-12,slack=+4.5e-12)
[RMPCC 0017] OK solve=57.2ms pose=(0.451,0.284,0.977) u=(0.097,0.446) s=0.183 PSDFmin=-0.01079 G=OK(+0.004909) MF=OK(active=6/20,min=+1.989e-10,slack=+7.298e-11)
[RMPCC 0018] OK solve=134.3ms pose=(0.457,0.292,1.021) u=(0.150,0.039) s=0.192 PSDFmin=+0.004093 G=OK(+0.007856) MF=OK(active=13/20,min=+1.278e-10,slack=+3.655e-11)
[RMPCC 0019] OK solve=206.3ms pose=(0.464,0.305,1.025) u=(0.075,0.578) s=0.207 PSDFmin=-0.01448 G=OK(+0.006261) MF=OK(active=14/20,min=+5.84e-10,slack=+1.442e-10)
[RMPCC 0020] OK solve=231.0ms pose=(0.468,0.311,1.083) u=(0.132,0.186) s=0.214 PSDFmin=+0.0001054 G=OK(+2.739e-13) MF=OK(active=12/20,min=+2.928e-12,slack=+2.996e-14)
[RMPCC 0021] OK solve=197.2ms pose=(0.474,0.323,1.102) u=(0.083,0.904) s=0.227 PSDFmin=+0.01001 G=OK(+0.009731) MF=OK(active=16/20,min=+3.731e-11,slack=+2.336e-12)
[RMPCC 0022] OK solve=237.1ms pose=(0.478,0.330,1.192) u=(0.092,0.457) s=0.234 PSDFmin=-0.02507 G=OK(+0.01063) MF=OK(active=18/20,min=+3.644e-12,slack=+3.411e-13)
[RMPCC 0023] OK solve=208.6ms pose=(0.482,0.339,1.238) u=(0.109,0.690) s=0.242 PSDFmin=+0.01302 G=OK(+0.0114) MF=OK(active=16/20,min=-2.015e-12,slack=+4.777e-12)
[RMPCC 0024] OK solve=191.7ms pose=(0.485,0.349,1.307) u=(0.091,0.282) s=0.255 PSDFmin=-0.0214 G=OK(+0.0127) MF=OK(active=19/20,min=+8.798e-11,slack=+7.89e-12)
[RMPCC 0025] OK solve=129.8ms pose=(0.488,0.358,1.335) u=(0.094,0.743) s=0.269 PSDFmin=+0.0125 G=OK(+0.01433) MF=OK(active=16/20,min=-6.734e-15,slack=+3.945e-14)
[RMPCC 0026] OK solve=57.2ms pose=(0.490,0.367,1.409) u=(0.138,0.256) s=0.271 PSDFmin=-0.008843 G=OK(+0.01561) MF=OK(active=20/20,min=+3.131e-13,slack=+3.045e-13)
[RMPCC 0027] OK solve=63.1ms pose=(0.492,0.381,1.435) u=(0.143,0.341) s=0.285 PSDFmin=+0.004262 G=OK(+0.01733) MF=OK(active=14/20,min=+6.936e-11,slack=+5.451e-13)
[RMPCC 0028] OK solve=66.8ms pose=(0.494,0.395,1.469) u=(0.115,0.120) s=0.300 PSDFmin=+0.01974 G=OK(+0.0186) MF=OK(active=20/20,min=+1.492e-10,slack=+2.272e-12)
[RMPCC 0029] OK solve=54.0ms pose=(0.495,0.406,1.481) u=(0.059,0.835) s=0.317 PSDFmin=-0.03002 G=OK(+0.02353) MF=OK(active=20/20,min=+4.138e-14,slack=+5.852e-15)
[RMPCC 0030] OK solve=61.1ms pose=(0.496,0.412,1.565) u=(0.146,0.389) s=0.319 PSDFmin=+0.01385 G=OK(+0.01204) MF=OK(active=5/20,min=+0.08844,slack=+6.085e-14)
[RMPCC 0031] OK solve=56.8ms pose=(0.496,0.427,1.603) u=(0.073,0.396) s=0.335 PSDFmin=-0.01965 G=OK(+0.01899) MF=OK(active=20/20,min=+2.586e-15,slack=+4.514e-15)
[RMPCC 0032] OK solve=128.8ms pose=(0.495,0.434,1.643) u=(0.162,0.245) s=0.338 PSDFmin=+0.005138 G=OK(+0.00942) MF=OK(active=7/20,min=+0.1979,slack=+5.909e-12)
[RMPCC 0033] OK solve=123.7ms pose=(0.494,0.450,1.668) u=(0.132,-0.010) s=0.354 PSDFmin=-0.00485 G=OK(+0.007102) MF=OK(active=19/20,min=+5.309e-15,slack=+8.686e-16)
[RMPCC 0034] OK solve=49.8ms pose=(0.493,0.463,1.667) u=(0.186,-0.582) s=0.373 PSDFmin=+0.00716 G=OK(+0.01775) MF=OK(active=16/20,min=+2.771e-14,slack=+5.935e-15)
[RMPCC 0035] OK solve=58.6ms pose=(0.491,0.482,1.608) u=(0.224,-0.186) s=0.386 PSDFmin=+0.002342 G=OK(+0.01825) MF=OK(active=20/20,min=+2.767e-11,slack=+1.215e-12)
[RMPCC 0036] OK solve=61.8ms pose=(0.490,0.504,1.590) u=(0.152,-0.554) s=0.408 PSDFmin=+0.0002672 G=OK(+0.01401) MF=OK(active=20/20,min=+0.04672,slack=+4.303e-14)
[RMPCC 0037] OK solve=68.1ms pose=(0.490,0.519,1.534) u=(0.158,-0.212) s=0.423 PSDFmin=+0.01662 G=OK(+0.01561) MF=OK(active=15/20,min=+1.649e-12,slack=+7.515e-14)
[RMPCC 0038] OK solve=66.1ms pose=(0.491,0.535,1.513) u=(0.093,-1.200) s=0.442 PSDFmin=-0.01344 G=OK(+5.124e-13) MF=OK(active=20/20,min=-4.122e-13,slack=+0.1768)
[RMPCC 0039] OK solve=141.3ms pose=(0.491,0.544,1.393) u=(0.106,-0.580) s=0.442 PSDFmin=+0.00279 G=OK(+0.003939) MF=OK(active=15/20,min=+5.551e-16,slack=+0.1057)
[RMPCC 0040] OK solve=129.1ms pose=(0.493,0.555,1.335) u=(0.142,-0.221) s=0.455 PSDFmin=-0.007726 G=OK(+0.0009104) MF=OK(active=19/20,min=+2.459e-15,slack=+2.459e-15)
[RMPCC 0041] OK solve=60.8ms pose=(0.496,0.569,1.313) u=(0.172,0.171) s=0.470 PSDFmin=+0.002548 G=OK(+7.799e-15) MF=OK(active=19/20,min=+5.575e-11,slack=+8.066e-12)
[RMPCC 0042] OK solve=52.2ms pose=(0.501,0.585,1.330) u=(0.139,1.113) s=0.484 PSDFmin=+0.0175 G=OK(+0.01613) MF=OK(active=20/20,min=-6.212e-13,slack=+3.732e-12)
[RMPCC 0043] OK solve=56.6ms pose=(0.504,0.599,1.442) u=(0.203,0.481) s=0.499 PSDFmin=+0.01696 G=OK(+0.01466) MF=OK(active=20/20,min=+1.96e-15,slack=+3.902e-15)
[RMPCC 0044] OK solve=133.2ms pose=(0.507,0.619,1.490) u=(0.157,0.444) s=0.513 PSDFmin=+0.01262 G=OK(+0.01187) MF=OK(active=20/20,min=+2.324e-13,slack=+5.659e-14)
[RMPCC 0045] OK solve=124.8ms pose=(0.508,0.635,1.534) u=(0.132,0.129) s=0.527 PSDFmin=+0.01742 G=OK(+0.01815) MF=OK(active=19/20,min=+1.357e-14,slack=+1.14e-15)
[RMPCC 0046] OK solve=53.6ms pose=(0.508,0.648,1.547) u=(0.163,-0.150) s=0.541 PSDFmin=+0.01772 G=OK(+0.01639) MF=OK(active=20/20,min=+7.128e-13,slack=+8.859e-13)
[RMPCC 0047] OK solve=56.5ms pose=(0.509,0.664,1.532) u=(0.104,-0.796) s=0.555 PSDFmin=+0.01055 G=OK(+0.009739) MF=OK(active=20/20,min=+5.98e-09,slack=+6.332e-10)
[RMPCC 0048] OK solve=62.8ms pose=(0.509,0.675,1.452) u=(0.143,-0.331) s=0.569 PSDFmin=+0.01539 G=OK(+0.01448) MF=OK(active=20/20,min=+1.428e-12,slack=+1.282e-13)
[RMPCC 0049] OK solve=62.2ms pose=(0.511,0.689,1.419) u=(0.097,-0.612) s=0.583 PSDFmin=+0.01437 G=OK(+0.01273) MF=OK(active=20/20,min=+1.325e-10,slack=+1.996e-10)
[RMPCC 0050] OK solve=50.8ms pose=(0.512,0.698,1.358) u=(0.141,-0.662) s=0.597 PSDFmin=+0.01516 G=OK(+0.01333) MF=OK(active=20/20,min=+1.251e-14,slack=+9.636e-16)
[RMPCC 0051] OK solve=58.0ms pose=(0.515,0.712,1.292) u=(0.114,-0.956) s=0.611 PSDFmin=+0.01539 G=OK(+0.01358) MF=OK(active=20/20,min=+1.234e-11,slack=+1.075e-12)
[RMPCC 0052] OK solve=55.4ms pose=(0.519,0.723,1.196) u=(0.125,-0.956) s=0.625 PSDFmin=+0.01638 G=OK(+0.01447) MF=OK(active=20/20,min=+1.254e-11,slack=+4.913e-13)
[RMPCC 0053] OK solve=55.8ms pose=(0.523,0.735,1.101) u=(0.120,-1.016) s=0.644 PSDFmin=+0.01803 G=OK(+0.01613) MF=OK(active=20/20,min=+2.54e-12,slack=+7.822e-13)
[RMPCC 0054] OK solve=64.6ms pose=(0.529,0.745,0.999) u=(0.112,-1.050) s=0.656 PSDFmin=+0.02025 G=OK(+0.01843) MF=OK(active=20/20,min=+1.18e-14,slack=+1.137e-15)
[RMPCC 0055] OK solve=59.1ms pose=(0.535,0.755,0.894) u=(0.103,-1.061) s=0.666 PSDFmin=+0.02287 G=OK(+0.02115) MF=OK(active=20/20,min=+2.517e-11,slack=+2.595e-12)
[RMPCC 0056] OK solve=55.6ms pose=(0.541,0.763,0.788) u=(0.107,-0.968) s=0.684 PSDFmin=+0.02562 G=OK(+0.02391) MF=OK(active=20/20,min=+0.02681,slack=+1.232e-15)
[RMPCC 0057] OK solve=49.3ms pose=(0.549,0.771,0.691) u=(0.108,-0.838) s=0.699 PSDFmin=+0.02841 G=OK(+0.02675) MF=OK(active=20/20,min=+0.08357,slack=+1.634e-15)
[RMPCC 0058] OK solve=63.3ms pose=(0.557,0.777,0.607) u=(0.110,-0.725) s=0.716 PSDFmin=+0.0312 G=OK(+0.0296) MF=OK(active=20/20,min=+0.1341,slack=+3.14e-11)
[RMPCC 0059] OK solve=63.2ms pose=(0.566,0.784,0.535) u=(0.108,-0.627) s=0.729 PSDFmin=+0.03398 G=OK(+0.03246) MF=OK(active=20/20,min=+0.1695,slack=+1.925e-15)
[RMPCC 0060] OK solve=55.9ms pose=(0.575,0.789,0.472) u=(0.107,-0.542) s=0.745 PSDFmin=+0.03671 G=OK(+0.03525) MF=OK(active=20/20,min=+0.191,slack=+1.454e-15)
[RMPCC 0061] OK solve=55.5ms pose=(0.585,0.794,0.418) u=(0.107,-0.471) s=0.760 PSDFmin=+0.03938 G=OK(+0.03797) MF=OK(active=20/20,min=+0.1991,slack=+1.581e-10)
[RMPCC 0062] OK solve=60.1ms pose=(0.595,0.798,0.371) u=(0.098,-0.408) s=0.767 PSDFmin=+0.04197 G=OK(+0.04064) MF=OK(active=20/20,min=+0.2,slack=+3.327e-12)
[RMPCC 0063] OK solve=57.3ms pose=(0.604,0.802,0.330) u=(0.099,-0.355) s=0.783 PSDFmin=+0.04443 G=OK(+0.04313) MF=OK(active=20/20,min=+0.2,slack=+7.942e-16)
[RMPCC 0064] OK solve=61.8ms pose=(0.613,0.805,0.295) u=(0.092,-0.310) s=0.790 PSDFmin=+0.04679 G=OK(+0.04555) MF=OK(active=20/20,min=+0.2,slack=+1.907e-11)
[RMPCC 0065] OK solve=57.7ms pose=(0.622,0.808,0.264) u=(0.095,-0.273) s=0.805 PSDFmin=+0.04933 G=OK(+0.0478) MF=OK(active=20/20,min=+0.2,slack=+1.173e-13)
[RMPCC 0066] OK solve=52.0ms pose=(0.631,0.810,0.236) u=(0.089,-0.241) s=0.813 PSDFmin=+0.05256 G=OK(+0.05101) MF=OK(active=20/20,min=+0.2,slack=+7.654e-13)
[RMPCC 0067] OK solve=59.7ms pose=(0.640,0.812,0.212) u=(0.083,-0.212) s=0.821 PSDFmin=+0.0557 G=OK(+0.05468) MF=OK(active=20/20,min=+0.2,slack=+2.263e-12)
[RMPCC 0068] OK solve=55.4ms pose=(0.648,0.814,0.191) u=(0.079,-0.187) s=0.828 PSDFmin=+0.05844 G=OK(+0.05743) MF=OK(active=20/20,min=+0.2,slack=+5.194e-12)
[RMPCC 0069] OK solve=61.0ms pose=(0.656,0.816,0.172) u=(0.075,-0.166) s=0.836 PSDFmin=+0.06084 G=OK(+0.05984) MF=OK(active=20/20,min=+0.2,slack=+1.019e-11)
[RMPCC 0070] OK solve=57.6ms pose=(0.663,0.817,0.156) u=(0.072,-0.148) s=0.843 PSDFmin=+0.06297 G=OK(+0.06197) MF=OK(active=20/20,min=+0.2,slack=+1.326e-11)
[RMPCC 0071] OK solve=118.0ms pose=(0.670,0.818,0.141) u=(0.070,-0.132) s=0.851 PSDFmin=+0.06487 G=OK(+0.06386) MF=OK(active=20/20,min=+0.2,slack=+9.702e-13)
[RMPCC 0072] OK solve=66.8ms pose=(0.677,0.819,0.128) u=(0.068,-0.119) s=0.859 PSDFmin=+0.06656 G=OK(+0.06556) MF=OK(active=20/20,min=+0.2,slack=+9.594e-12)
[RMPCC 0073] OK solve=68.1ms pose=(0.684,0.820,0.116) u=(0.067,-0.107) s=0.866 PSDFmin=+0.06808 G=OK(+0.06708) MF=OK(active=20/20,min=+0.2,slack=+1.94e-11)
[RMPCC 0074] OK solve=67.6ms pose=(0.691,0.821,0.105) u=(0.066,-0.097) s=0.874 PSDFmin=+0.06946 G=OK(+0.06846) MF=OK(active=20/20,min=+0.2,slack=+1.124e-12)
[RMPCC 0075] OK solve=75.9ms pose=(0.697,0.821,0.096) u=(0.056,-0.087) s=0.874 PSDFmin=+0.07061 G=OK(+0.06961) MF=OK(active=20/20,min=+0.2,slack=+2.399e-12)
[RMPCC 0076] OK solve=65.4ms pose=(0.703,0.822,0.087) u=(0.056,-0.078) s=0.881 PSDFmin=+0.07109 G=OK(+0.07009) MF=OK(active=20/20,min=+0.2,slack=+4.255e-15)
[RMPCC 0077] OK solve=63.0ms pose=(0.708,0.822,0.079) u=(0.056,-0.071) s=0.889 PSDFmin=+0.07106 G=OK(+0.07006) MF=OK(active=20/20,min=+0.2,slack=+1.83e-12)
[RMPCC 0078] OK solve=65.1ms pose=(0.714,0.823,0.072) u=(0.048,-0.064) s=0.889 PSDFmin=+0.07101 G=OK(+0.07001) MF=OK(active=20/20,min=+0.2,slack=+1.623e-10)
[RMPCC 0079] OK solve=65.3ms pose=(0.719,0.823,0.065) u=(0.049,-0.059) s=0.897 PSDFmin=+0.07099 G=OK(+0.06999) MF=OK(active=20/20,min=+0.2,slack=+1.633e-10)
[RMPCC 0080] OK solve=64.1ms pose=(0.724,0.824,0.060) u=(0.051,-0.054) s=0.904 PSDFmin=+0.07097 G=OK(+0.06997) MF=OK(active=20/20,min=+0.2,slack=+7.997e-11)
[RMPCC 0081] OK solve=67.7ms pose=(0.729,0.824,0.054) u=(0.044,-0.049) s=0.904 PSDFmin=+0.07093 G=OK(+0.06993) MF=OK(active=20/20,min=+0.2,slack=+8.77e-16)
[RMPCC 0082] OK solve=68.6ms pose=(0.733,0.824,0.049) u=(0.046,-0.045) s=0.912 PSDFmin=+0.07087 G=OK(+0.06991) MF=OK(active=20/20,min=+0.2,slack=+7.793e-11)
[RMPCC 0083] OK solve=68.7ms pose=(0.738,0.824,0.045) u=(0.039,-0.041) s=0.912 PSDFmin=+0.07082 G=OK(+0.06982) MF=OK(active=20/20,min=+0.2,slack=+6.582e-11)
[RMPCC 0084] OK solve=68.5ms pose=(0.742,0.825,0.041) u=(0.042,-0.038) s=0.919 PSDFmin=+0.07075 G=OK(+0.06975) MF=OK(active=20/20,min=+0.2,slack=+3.106e-12)
[RMPCC 0085] OK solve=53.2ms pose=(0.746,0.825,0.037) u=(0.036,-0.035) s=0.919 PSDFmin=+0.0707 G=OK(+0.0697) MF=OK(active=20/20,min=+0.2,slack=+4.811e-11)
[RMPCC 0086] OK solve=51.8ms pose=(0.749,0.825,0.033) u=(0.040,-0.032) s=0.927 PSDFmin=+0.07063 G=OK(+0.06963) MF=OK(active=20/20,min=+0.2,slack=+1.554e-11)
[RMPCC 0087] OK solve=53.5ms pose=(0.753,0.825,0.030) u=(0.034,-0.030) s=0.927 PSDFmin=+0.07058 G=OK(+0.06958) MF=OK(active=20/20,min=+0.2,slack=+3.209e-12)
[RMPCC 0088] OK solve=55.5ms pose=(0.757,0.825,0.027) u=(0.028,-0.027) s=0.927 PSDFmin=+0.07054 G=OK(+0.06954) MF=OK(active=20/20,min=+0.2,slack=+1.023e-15)
[RMPCC 0089] OK solve=59.1ms pose=(0.760,0.825,0.024) u=(0.033,-0.025) s=0.935 PSDFmin=+0.07048 G=OK(+0.06948) MF=OK(active=20/20,min=+0.2,slack=+2.15e-12)
[RMPCC 0090] OK solve=52.8ms pose=(0.763,0.825,0.022) u=(0.029,-0.023) s=0.935 PSDFmin=+0.07044 G=OK(+0.06944) MF=OK(active=20/20,min=+0.2,slack=+9.063e-11)
[RMPCC 0091] OK solve=55.0ms pose=(0.766,0.825,0.020) u=(0.024,-0.021) s=0.935 PSDFmin=+0.0704 G=OK(+0.0694) MF=OK(active=20/20,min=+0.2,slack=+9.498e-16)
[RMPCC 0092] OK solve=52.6ms pose=(0.768,0.825,0.018) u=(0.030,-0.020) s=0.942 PSDFmin=+0.07034 G=OK(+0.06934) MF=OK(active=20/20,min=+0.2,slack=+1.773e-11)
[RMPCC 0093] OK solve=56.7ms pose=(0.771,0.825,0.016) u=(0.025,-0.018) s=0.942 PSDFmin=+0.07031 G=OK(+0.06931) MF=OK(active=20/20,min=+0.2,slack=+2.54e-10)
[RMPCC 0094] OK solve=55.1ms pose=(0.774,0.825,0.014) u=(0.021,-0.017) s=0.942 PSDFmin=+0.07028 G=OK(+0.06928) MF=OK(active=20/20,min=+0.2,slack=+5.847e-15)
[RMPCC 0095] OK solve=55.9ms pose=(0.776,0.825,0.012) u=(0.028,-0.016) s=0.950 PSDFmin=+0.07022 G=OK(+0.06922) MF=OK(active=20/20,min=+0.2,slack=+2.297e-11)
[RMPCC 0096] OK solve=55.6ms pose=(0.779,0.825,0.010) u=(0.024,-0.015) s=0.950 PSDFmin=+0.07019 G=OK(+0.06919) MF=OK(active=20/20,min=+0.2,slack=+2.783e-10)
[RMPCC 0097] OK solve=64.8ms pose=(0.781,0.825,0.009) u=(0.020,-0.014) s=0.950 PSDFmin=+0.07016 G=OK(+0.06916) MF=OK(active=20/20,min=+0.2,slack=+6.616e-15)
[RMPCC 0098] OK solve=61.6ms pose=(0.783,0.826,0.008) u=(0.017,-0.013) s=0.950 PSDFmin=+0.07013 G=OK(+0.06913) MF=OK(active=20/20,min=+0.2,slack=+2.343e-13)
[RMPCC 0099] OK solve=56.0ms pose=(0.785,0.826,0.006) u=(0.014,-0.012) s=0.950 PSDFmin=+0.0701 G=OK(+0.0691) MF=OK(active=20/20,min=+0.2,slack=+1.405e-12)
[RMPCC 0100] OK solve=59.3ms pose=(0.786,0.826,0.005) u=(0.021,-0.011) s=0.957 PSDFmin=+0.07005 G=OK(+0.06905) MF=OK(active=20/20,min=+0.2,slack=+8.604e-16)
[RMPCC 0101] OK solve=59.0ms pose=(0.788,0.826,0.004) u=(0.018,-0.010) s=0.957 PSDFmin=+0.07003 G=OK(+0.06903) MF=OK(active=20/20,min=+0.2,slack=+9.997e-15)
[RMPCC 0102] OK solve=56.1ms pose=(0.790,0.826,0.003) u=(0.016,-0.010) s=0.957 PSDFmin=+0.07 G=OK(+0.069) MF=OK(active=20/20,min=+0.2,slack=+8.797e-14)
[RMPCC 0103] OK solve=56.4ms pose=(0.792,0.826,0.002) u=(0.013,-0.009) s=0.957 PSDFmin=+0.06997 G=OK(+0.06897) MF=OK(active=20/20,min=+0.2,slack=+3.525e-14)
[RMPCC 0104] OK solve=65.6ms pose=(0.793,0.826,0.001) u=(0.011,-0.008) s=0.957 PSDFmin=+0.06995 G=OK(+0.06895) MF=OK(active=20/20,min=+0.2,slack=+4.142e-13)
[RMPCC 0105] OK solve=59.5ms pose=(0.794,0.826,0.000) u=(0.019,-0.008) s=0.965 PSDFmin=+0.06991 G=OK(+0.06891) MF=OK(active=20/20,min=+0.2,slack=+1.004e-11)
[RMPCC 0106] OK solve=55.4ms pose=(0.796,0.826,-0.001) u=(0.016,-0.008) s=0.965 PSDFmin=+0.06989 G=OK(+0.06889) MF=OK(active=20/20,min=+0.2,slack=+8.434e-13)
[RMPCC 0107] OK solve=56.8ms pose=(0.798,0.826,-0.001) u=(0.014,-0.007) s=0.965 PSDFmin=+0.06987 G=OK(+0.06887) MF=OK(active=20/20,min=+0.2,slack=+2.03e-12)
[RMPCC 0108] OK solve=54.8ms pose=(0.799,0.826,-0.002) u=(0.011,-0.007) s=0.965 PSDFmin=+0.06984 G=OK(+0.06884) MF=OK(active=20/20,min=+0.2,slack=+2.593e-12)
[RMPCC 0109] OK solve=52.8ms pose=(0.800,0.826,-0.003) u=(0.010,-0.006) s=0.965 PSDFmin=+0.06982 G=OK(+0.06882) MF=OK(active=20/20,min=+0.2,slack=+1.924e-12)
[RMPCC 0110] OK solve=59.1ms pose=(0.801,0.826,-0.003) u=(0.008,-0.006) s=0.965 PSDFmin=+0.0698 G=OK(+0.0688) MF=OK(active=20/20,min=+0.2,slack=+1.543e-12)
[RMPCC 0111] OK solve=48.7ms pose=(0.802,0.826,-0.004) u=(0.007,-0.006) s=0.965 PSDFmin=+0.06979 G=OK(+0.06879) MF=OK(active=20/20,min=+0.2,slack=+1.647e-12)
[RMPCC 0112] OK solve=58.8ms pose=(0.802,0.826,-0.004) u=(0.006,-0.005) s=0.966 PSDFmin=+0.06977 G=OK(+0.06877) MF=OK(active=20/20,min=+0.2,slack=+5.454e-12)
[RMPCC 0113] OK solve=52.5ms pose=(0.803,0.826,-0.005) u=(0.006,-0.005) s=0.966 PSDFmin=+0.06975 G=OK(+0.06875) MF=OK(active=20/20,min=+0.2,slack=+1.782e-12)
[RMPCC 0114] OK solve=60.9ms pose=(0.804,0.826,-0.005) u=(0.006,-0.005) s=0.967 PSDFmin=+0.06973 G=OK(+0.06873) MF=OK(active=20/20,min=+0.2,slack=+2.493e-12)
[RMPCC 0115] OK solve=54.0ms pose=(0.804,0.826,-0.006) u=(0.013,-0.005) s=0.973 PSDFmin=+0.0697 G=OK(+0.0687) MF=OK(active=20/20,min=+0.2,slack=+2.202e-15)
[RMPCC 0116] OK solve=59.1ms pose=(0.806,0.826,-0.006) u=(0.011,-0.004) s=0.973 PSDFmin=+0.06969 G=OK(+0.06869) MF=OK(active=20/20,min=+0.2,slack=+5.812e-12)
[RMPCC 0117] OK solve=60.2ms pose=(0.807,0.826,-0.007) u=(0.009,-0.004) s=0.973 PSDFmin=+0.06967 G=OK(+0.06867) MF=OK(active=20/20,min=+0.2,slack=+2.133e-11)
[RMPCC 0118] OK solve=63.9ms pose=(0.808,0.826,-0.007) u=(0.008,-0.004) s=0.973 PSDFmin=+0.06966 G=OK(+0.06866) MF=OK(active=20/20,min=+0.2,slack=+8.452e-16)
[RMPCC 0119] OK solve=52.6ms pose=(0.808,0.826,-0.008) u=(0.006,-0.004) s=0.973 PSDFmin=+0.06964 G=OK(+0.06864) MF=OK(active=20/20,min=+0.2,slack=+1.502e-11)
[RMPCC 0120] OK solve=57.5ms pose=(0.809,0.826,-0.008) u=(0.005,-0.003) s=0.973 PSDFmin=+0.06963 G=OK(+0.06863) MF=OK(active=20/20,min=+0.2,slack=+9.256e-16)
[RMPCC 0121] OK solve=56.9ms pose=(0.810,0.826,-0.008) u=(0.004,-0.003) s=0.973 PSDFmin=+0.06961 G=OK(+0.06861) MF=OK(active=20/20,min=+0.2,slack=+1.411e-12)
[RMPCC 0122] OK solve=55.9ms pose=(0.810,0.826,-0.009) u=(0.004,-0.003) s=0.973 PSDFmin=+0.0696 G=OK(+0.0686) MF=OK(active=20/20,min=+0.2,slack=+5.072e-13)
[RMPCC 0123] OK solve=57.8ms pose=(0.810,0.825,-0.009) u=(0.004,-0.003) s=0.974 PSDFmin=+0.06959 G=OK(+0.06859) MF=OK(active=20/20,min=+0.2,slack=+2.472e-11)
[RMPCC 0124] OK solve=62.0ms pose=(0.811,0.825,-0.009) u=(0.004,-0.003) s=0.974 PSDFmin=+0.06958 G=OK(+0.06858) MF=OK(active=20/20,min=+0.2,slack=+6.254e-11)
[RMPCC 0125] OK solve=53.6ms pose=(0.811,0.825,-0.010) u=(0.004,-0.003) s=0.974 PSDFmin=+0.06956 G=OK(+0.06856) MF=OK(active=20/20,min=+0.2,slack=+1.3e-10)
[RMPCC 0126] OK solve=56.8ms pose=(0.812,0.825,-0.010) u=(0.004,-0.003) s=0.975 PSDFmin=+0.06955 G=OK(+0.06855) MF=OK(active=20/20,min=+0.2,slack=+1.565e-10)
[RMPCC 0127] OK solve=58.5ms pose=(0.812,0.825,-0.010) u=(0.004,-0.003) s=0.975 PSDFmin=+0.06954 G=OK(+0.06854) MF=OK(active=20/20,min=+0.2,slack=+2.139e-10)
[RMPCC 0128] OK solve=60.3ms pose=(0.812,0.825,-0.011) u=(0.004,-0.003) s=0.976 PSDFmin=+0.06953 G=OK(+0.06853) MF=OK(active=20/20,min=+0.2,slack=+2.299e-10)
[RMPCC 0129] OK solve=57.4ms pose=(0.813,0.825,-0.011) u=(0.003,-0.003) s=0.976 PSDFmin=+0.06951 G=OK(+0.06851) MF=OK(active=20/20,min=+0.2,slack=+2.694e-10)
[RMPCC 0130] OK solve=58.5ms pose=(0.813,0.825,-0.011) u=(0.003,-0.003) s=0.976 PSDFmin=+0.0695 G=OK(+0.0685) MF=OK(active=20/20,min=+0.2,slack=+2.708e-10)
[RMPCC 0131] OK solve=51.7ms pose=(0.813,0.825,-0.011) u=(0.003,-0.003) s=0.977 PSDFmin=+0.06949 G=OK(+0.06849) MF=OK(active=20/20,min=+0.2,slack=+2.834e-10)
[RMPCC 0132] OK solve=51.2ms pose=(0.814,0.825,-0.012) u=(0.003,-0.003) s=0.977 PSDFmin=+0.06948 G=OK(+0.06848) MF=OK(active=20/20,min=+0.2,slack=+2.731e-10)
[RMPCC 0133] OK solve=56.1ms pose=(0.814,0.825,-0.012) u=(0.003,-0.002) s=0.977 PSDFmin=+0.06947 G=OK(+0.06847) MF=OK(active=20/20,min=+0.2,slack=+2.656e-10)
[RMPCC 0134] OK solve=66.6ms pose=(0.814,0.825,-0.012) u=(0.003,-0.002) s=0.977 PSDFmin=+0.06946 G=OK(+0.06846) MF=OK(active=20/20,min=+0.2,slack=+2.444e-10)
[RMPCC 0135] OK solve=66.3ms pose=(0.815,0.825,-0.012) u=(0.006,-0.002) s=0.980 PSDFmin=+0.06945 G=OK(+0.06845) MF=OK(active=20/20,min=+0.2,slack=+1.456e-12)
목적지에 도착했습니다! 현재 위치: [0.81529 0.82545], 시간: 13.60초
Using rmpcc optimizer with differential_drive dynamics:
median:  0.05906498432159424
std:  0.03573811703229736
min:  0.04874610900878906
max:  0.23708128929138184
Simulation finished.
Run outcome: status=success, reason=None, final_time=13.599999999999968, distance_to_goal=0.009717337038067134
Optimizer runtime stats: safe_stop_count=0, backup_feasible_qp_success_count=0, plant_input_apply_count=136, last_solve_mode=sqp_rti
Trial history saved to /home/taek111/projects/psdf_mpcc/debug_runs/rmpcc_tuning/p1-l3_s_path_r1/data/trial_history_MPC_rmpcc_rectangle_s_path_p1-l3_s_path_r1.csv
RMPCC constraint history saved to /home/taek111/projects/psdf_mpcc/debug_runs/rmpcc_tuning/p1-l3_s_path_r1/data/rmpcc_constraints_MPC_rmpcc_rectangle_s_path_p1-l3_s_path_r1.csv
RMPCC debug history saved to /home/taek111/projects/psdf_mpcc/debug_runs/rmpcc_tuning/p1-l3_s_path_r1/data/cycle_raw.csv
RMPCC debug history saved to /home/taek111/projects/psdf_mpcc/debug_runs/rmpcc_tuning/p1-l3_s_path_r1/data/covariance_trajectory.csv
Pose-SDF data saved to /home/taek111/projects/psdf_mpcc/debug_runs/rmpcc_tuning/p1-l3_s_path_r1/data/pose_sdf_MPC_rmpcc_rectangle_s_path_p1-l3_s_path_r1.csv
Total data points: 136
SDF statistics - Min: 0.0068, Max: 0.1050, Mean: 0.0539
