COMMAND: python3 test_nmpc.py --single --config /home/taek111/projects/psdf_mpcc/debug_runs/maze_dd_rectangle_20260909/dcbf/config.yaml --maze-type maze --robot-shape rectangle --dynamics-type differential_drive --optimizer-type dcbf --path-planner astar --simulation-time 60 --no-perturb-start --no-animation
RUNTIME: 3.8.10 (default, Mar 18 2025, 20:04:55) 
[GCC 9.4.0]
Running single test...
Resetting dcbf optimizer for clean state...
generating global path with A* + Line of Sight
시작 위치: [0.075 0.795]
목적지: [1.8  0.09]
도착 판정 기준: position <= 0.01m, angle <= 0.01rad
rm -f libacados_ocp_solver_diff_drive_dcbf.so
rm -f diff_drive_dcbf_cost/diff_drive_dcbf_cost_ext_cost_0_fun.o diff_drive_dcbf_cost/diff_drive_dcbf_cost_ext_cost_0_fun_jac_hess.o diff_drive_dcbf_cost/diff_drive_dcbf_cost_ext_cost_0_fun_jac.o diff_drive_dcbf_cost/diff_drive_dcbf_cost_ext_cost_fun.o diff_drive_dcbf_cost/diff_drive_dcbf_cost_ext_cost_fun_jac_hess.o diff_drive_dcbf_cost/diff_drive_dcbf_cost_ext_cost_fun_jac.o diff_drive_dcbf_cost/diff_drive_dcbf_cost_ext_cost_e_fun.o diff_drive_dcbf_cost/diff_drive_dcbf_cost_ext_cost_e_fun_jac_hess.o diff_drive_dcbf_cost/diff_drive_dcbf_cost_ext_cost_e_fun_jac.o acados_solver_diff_drive_dcbf.o
cc -fPIC -std=c99   -O2 -I/home/taek111/projects/acados/include -I/home/taek111/projects/acados/include/acados -I/home/taek111/projects/acados/include/blasfeo/include -I/home/taek111/projects/acados/include/hpipm/include  -c -o diff_drive_dcbf_cost/diff_drive_dcbf_cost_ext_cost_0_fun.o diff_drive_dcbf_cost/diff_drive_dcbf_cost_ext_cost_0_fun.c
cc -fPIC -std=c99   -O2 -I/home/taek111/projects/acados/include -I/home/taek111/projects/acados/include/acados -I/home/taek111/projects/acados/include/blasfeo/include -I/home/taek111/projects/acados/include/hpipm/include  -c -o diff_drive_dcbf_cost/diff_drive_dcbf_cost_ext_cost_0_fun_jac_hess.o diff_drive_dcbf_cost/diff_drive_dcbf_cost_ext_cost_0_fun_jac_hess.c
cc -fPIC -std=c99   -O2 -I/home/taek111/projects/acados/include -I/home/taek111/projects/acados/include/acados -I/home/taek111/projects/acados/include/blasfeo/include -I/home/taek111/projects/acados/include/hpipm/include  -c -o diff_drive_dcbf_cost/diff_drive_dcbf_cost_ext_cost_0_fun_jac.o diff_drive_dcbf_cost/diff_drive_dcbf_cost_ext_cost_0_fun_jac.c
cc -fPIC -std=c99   -O2 -I/home/taek111/projects/acados/include -I/home/taek111/projects/acados/include/acados -I/home/taek111/projects/acados/include/blasfeo/include -I/home/taek111/projects/acados/include/hpipm/include  -c -o diff_drive_dcbf_cost/diff_drive_dcbf_cost_ext_cost_fun.o diff_drive_dcbf_cost/diff_drive_dcbf_cost_ext_cost_fun.c
cc -fPIC -std=c99   -O2 -I/home/taek111/projects/acados/include -I/home/taek111/projects/acados/include/acados -I/home/taek111/projects/acados/include/blasfeo/include -I/home/taek111/projects/acados/include/hpipm/include  -c -o diff_drive_dcbf_cost/diff_drive_dcbf_cost_ext_cost_fun_jac_hess.o diff_drive_dcbf_cost/diff_drive_dcbf_cost_ext_cost_fun_jac_hess.c
cc -fPIC -std=c99   -O2 -I/home/taek111/projects/acados/include -I/home/taek111/projects/acados/include/acados -I/home/taek111/projects/acados/include/blasfeo/include -I/home/taek111/projects/acados/include/hpipm/include  -c -o diff_drive_dcbf_cost/diff_drive_dcbf_cost_ext_cost_fun_jac.o diff_drive_dcbf_cost/diff_drive_dcbf_cost_ext_cost_fun_jac.c
cc -fPIC -std=c99   -O2 -I/home/taek111/projects/acados/include -I/home/taek111/projects/acados/include/acados -I/home/taek111/projects/acados/include/blasfeo/include -I/home/taek111/projects/acados/include/hpipm/include  -c -o diff_drive_dcbf_cost/diff_drive_dcbf_cost_ext_cost_e_fun.o diff_drive_dcbf_cost/diff_drive_dcbf_cost_ext_cost_e_fun.c
cc -fPIC -std=c99   -O2 -I/home/taek111/projects/acados/include -I/home/taek111/projects/acados/include/acados -I/home/taek111/projects/acados/include/blasfeo/include -I/home/taek111/projects/acados/include/hpipm/include  -c -o diff_drive_dcbf_cost/diff_drive_dcbf_cost_ext_cost_e_fun_jac_hess.o diff_drive_dcbf_cost/diff_drive_dcbf_cost_ext_cost_e_fun_jac_hess.c
cc -fPIC -std=c99   -O2 -I/home/taek111/projects/acados/include -I/home/taek111/projects/acados/include/acados -I/home/taek111/projects/acados/include/blasfeo/include -I/home/taek111/projects/acados/include/hpipm/include  -c -o diff_drive_dcbf_cost/diff_drive_dcbf_cost_ext_cost_e_fun_jac.o diff_drive_dcbf_cost/diff_drive_dcbf_cost_ext_cost_e_fun_jac.c
cc -fPIC -std=c99   -O2 -I/home/taek111/projects/acados/include -I/home/taek111/projects/acados/include/acados -I/home/taek111/projects/acados/include/blasfeo/include -I/home/taek111/projects/acados/include/hpipm/include  -c -o acados_solver_diff_drive_dcbf.o acados_solver_diff_drive_dcbf.c
cc -fPIC -std=c99   -O2 -I/home/taek111/projects/acados/include -I/home/taek111/projects/acados/include/acados -I/home/taek111/projects/acados/include/blasfeo/include -I/home/taek111/projects/acados/include/hpipm/include  -c -o diff_drive_dcbf_model/diff_drive_dcbf_impl_dae_fun.o diff_drive_dcbf_model/diff_drive_dcbf_impl_dae_fun.c
cc -fPIC -std=c99   -O2 -I/home/taek111/projects/acados/include -I/home/taek111/projects/acados/include/acados -I/home/taek111/projects/acados/include/blasfeo/include -I/home/taek111/projects/acados/include/hpipm/include  -c -o diff_drive_dcbf_model/diff_drive_dcbf_impl_dae_fun_jac_x_xdot_z.o diff_drive_dcbf_model/diff_drive_dcbf_impl_dae_fun_jac_x_xdot_z.c
cc -fPIC -std=c99   -O2 -I/home/taek111/projects/acados/include -I/home/taek111/projects/acados/include/acados -I/home/taek111/projects/acados/include/blasfeo/include -I/home/taek111/projects/acados/include/hpipm/include  -c -o diff_drive_dcbf_model/diff_drive_dcbf_impl_dae_fun_jac_x_xdot_u_z.o diff_drive_dcbf_model/diff_drive_dcbf_impl_dae_fun_jac_x_xdot_u_z.c
cc -fPIC -std=c99   -O2 -I/home/taek111/projects/acados/include -I/home/taek111/projects/acados/include/acados -I/home/taek111/projects/acados/include/blasfeo/include -I/home/taek111/projects/acados/include/hpipm/include  -c -o diff_drive_dcbf_model/diff_drive_dcbf_impl_dae_fun_jac_x_xdot_u.o diff_drive_dcbf_model/diff_drive_dcbf_impl_dae_fun_jac_x_xdot_u.c
cc -fPIC -std=c99   -O2 -I/home/taek111/projects/acados/include -I/home/taek111/projects/acados/include/acados -I/home/taek111/projects/acados/include/blasfeo/include -I/home/taek111/projects/acados/include/hpipm/include  -c -o diff_drive_dcbf_model/diff_drive_dcbf_impl_dae_jac_x_xdot_u_z.o diff_drive_dcbf_model/diff_drive_dcbf_impl_dae_jac_x_xdot_u_z.c
cc -fPIC -std=c99   -O2 -I/home/taek111/projects/acados/include -I/home/taek111/projects/acados/include/acados -I/home/taek111/projects/acados/include/blasfeo/include -I/home/taek111/projects/acados/include/hpipm/include  -c -o diff_drive_dcbf_model/diff_drive_dcbf_impl_dae_hess.o diff_drive_dcbf_model/diff_drive_dcbf_impl_dae_hess.c
cc -shared diff_drive_dcbf_cost/diff_drive_dcbf_cost_ext_cost_0_fun.o diff_drive_dcbf_cost/diff_drive_dcbf_cost_ext_cost_0_fun_jac_hess.o diff_drive_dcbf_cost/diff_drive_dcbf_cost_ext_cost_0_fun_jac.o diff_drive_dcbf_cost/diff_drive_dcbf_cost_ext_cost_fun.o diff_drive_dcbf_cost/diff_drive_dcbf_cost_ext_cost_fun_jac_hess.o diff_drive_dcbf_cost/diff_drive_dcbf_cost_ext_cost_fun_jac.o diff_drive_dcbf_cost/diff_drive_dcbf_cost_ext_cost_e_fun.o diff_drive_dcbf_cost/diff_drive_dcbf_cost_ext_cost_e_fun_jac_hess.o diff_drive_dcbf_cost/diff_drive_dcbf_cost_ext_cost_e_fun_jac.o acados_solver_diff_drive_dcbf.o diff_drive_dcbf_model/diff_drive_dcbf_impl_dae_fun.o diff_drive_dcbf_model/diff_drive_dcbf_impl_dae_fun_jac_x_xdot_z.o diff_drive_dcbf_model/diff_drive_dcbf_impl_dae_fun_jac_x_xdot_u_z.o diff_drive_dcbf_model/diff_drive_dcbf_impl_dae_fun_jac_x_xdot_u.o diff_drive_dcbf_model/diff_drive_dcbf_impl_dae_jac_x_xdot_u_z.o diff_drive_dcbf_model/diff_drive_dcbf_impl_dae_hess.o -o libacados_ocp_solver_diff_drive_dcbf.so -L/home/taek111/projects/acados/lib -lacados -lhpipm -lblasfeo -lm  \
-L -l
acados was compiled without OpenMP.

******************************************************************************
This program contains Ipopt, a library for large-scale nonlinear optimization.
 Ipopt is released as open source code under the Eclipse Public License (EPL).
         For more information visit https://github.com/coin-or/Ipopt
******************************************************************************

Solving DCBF SQP optimization problem
