COMMAND: python3 test_nmpc.py --single --config /home/taek111/projects/psdf_mpcc/debug_runs/maze_dd_rectangle_20260910/obca/config.yaml --maze-type maze --robot-shape rectangle --dynamics-type differential_drive --optimizer-type obca --path-planner astar --simulation-time 60 --no-perturb-start --no-animation
RUNTIME: 3.8.10 (default, Mar 18 2025, 20:04:55) 
[GCC 9.4.0] numpy 1.24.4 torch 1.13.1+cpu casadi 3.7.1
Running single test...
generating global path with A* + Line of Sight
시작 위치: [0.075 0.795]
목적지: [1.8  0.09]
도착 판정 기준: position <= 0.01m, angle <= 0.01rad

******************************************************************************
This program contains Ipopt, a library for large-scale nonlinear optimization.
 Ipopt is released as open source code under the Eclipse Public License (EPL).
         For more information visit https://github.com/coin-or/Ipopt
******************************************************************************

solver time:  0.903529
plant_input_stage0: full=[0.22978 0.42913], physical=[0.22978 0.42913]
solver time:  1.095358
plant_input_stage0: full=[0.23437 0.22326], physical=[0.23437 0.22326]
solver time:  1.28742
plant_input_stage0: full=[ 0.23851 -0.01567], physical=[ 0.23851 -0.01567]
solver time:  1.25827
plant_input_stage0: full=[ 0.23912 -0.00547], physical=[ 0.23912 -0.00547]
solver time:  1.276011
plant_input_stage0: full=[ 0.26566 -0.00626], physical=[ 0.26566 -0.00626]
solver time:  1.272354
plant_input_stage0: full=[0.27749 0.62654], physical=[0.27749 0.62654]
solver time:  1.385782
plant_input_stage0: full=[0.22724 1.     ], physical=[0.22724 1.     ]
solver time:  1.466774
plant_input_stage0: full=[0.14869 1.     ], physical=[0.14869 1.     ]
solver time:  1.382217
plant_input_stage0: full=[0.11081 1.     ], physical=[0.11081 1.     ]
solver time:  1.420076
plant_input_stage0: full=[0.09421 1.     ], physical=[0.09421 1.     ]
solver time:  1.760139
plant_input_stage0: full=[0.08937 1.     ], physical=[0.08937 1.     ]
solver time:  1.392828
plant_input_stage0: full=[0.10365 1.     ], physical=[0.10365 1.     ]
solver time:  1.327298
plant_input_stage0: full=[0.116 1.   ], physical=[0.116 1.   ]
solver time:  1.237596
plant_input_stage0: full=[0.12704 1.     ], physical=[0.12704 1.     ]
solver time:  1.188538
plant_input_stage0: full=[0.13753 1.     ], physical=[0.13753 1.     ]
solver time:  1.224815
plant_input_stage0: full=[0.14795 1.     ], physical=[0.14795 1.     ]
solver time:  1.349626
plant_input_stage0: full=[0.16121 1.     ], physical=[0.16121 1.     ]
solver time:  1.184067
plant_input_stage0: full=[0.2621 1.    ], physical=[0.2621 1.    ]
solver time:  1.138338
plant_input_stage0: full=[0.21449 1.     ], physical=[0.21449 1.     ]
solver time:  1.168664
plant_input_stage0: full=[0.17878 1.     ], physical=[0.17878 1.     ]
solver time:  1.145555
plant_input_stage0: full=[0.19678 1.     ], physical=[0.19678 1.     ]
solver time:  1.167437
plant_input_stage0: full=[0.2152  0.66975], physical=[0.2152  0.66975]
solver time:  1.148025
plant_input_stage0: full=[0.22866 0.84655], physical=[0.22866 0.84655]
solver time:  1.187027
plant_input_stage0: full=[0.30701 1.     ], physical=[0.30701 1.     ]
solver time:  1.244112
plant_input_stage0: full=[0.23915 0.58045], physical=[0.23915 0.58045]
solver time:  1.276772
plant_input_stage0: full=[0.23113 0.34591], physical=[0.23113 0.34591]
solver time:  1.250543
plant_input_stage0: full=[0.23236 0.25465], physical=[0.23236 0.25465]
solver time:  1.415819
plant_input_stage0: full=[0.22976 0.24037], physical=[0.22976 0.24037]
solver time:  1.669577
plant_input_stage0: full=[0.21968 0.26715], physical=[0.21968 0.26715]
solver time:  1.536977
plant_input_stage0: full=[0.19341 0.23351], physical=[0.19341 0.23351]
solver time:  1.42925
plant_input_stage0: full=[0.16013 0.13026], physical=[0.16013 0.13026]
solver time:  1.309248
plant_input_stage0: full=[0.13043 0.00305], physical=[0.13043 0.00305]
solver time:  1.296855
plant_input_stage0: full=[ 0.10494 -0.1095 ], physical=[ 0.10494 -0.1095 ]
solver time:  1.449594
plant_input_stage0: full=[ 0.08386 -0.20558], physical=[ 0.08386 -0.20558]
solver time:  1.302648
plant_input_stage0: full=[ 0.06693 -0.26618], physical=[ 0.06693 -0.26618]
solver time:  1.270304
plant_input_stage0: full=[ 0.05372 -0.29694], physical=[ 0.05372 -0.29694]
solver time:  1.334611
plant_input_stage0: full=[ 0.04341 -0.29879], physical=[ 0.04341 -0.29879]
solver time:  1.300241
plant_input_stage0: full=[ 0.03533 -0.28461], physical=[ 0.03533 -0.28461]
solver time:  1.264852
plant_input_stage0: full=[ 0.02888 -0.25963], physical=[ 0.02888 -0.25963]
solver time:  1.378533
plant_input_stage0: full=[ 0.02368 -0.2311 ], physical=[ 0.02368 -0.2311 ]
solver time:  1.287094
plant_input_stage0: full=[ 0.0194  -0.20013], physical=[ 0.0194  -0.20013]
solver time:  1.286827
plant_input_stage0: full=[ 0.01587 -0.1705 ], physical=[ 0.01587 -0.1705 ]
solver time:  1.324835
plant_input_stage0: full=[ 0.01296 -0.14347], physical=[ 0.01296 -0.14347]
solver time:  1.270955
plant_input_stage0: full=[ 0.01055 -0.11957], physical=[ 0.01055 -0.11957]
solver time:  1.337687
plant_input_stage0: full=[ 0.00868 -0.10222], physical=[ 0.00868 -0.10222]
solver time:  1.315134
plant_input_stage0: full=[ 0.00702 -0.08361], physical=[ 0.00702 -0.08361]
solver time:  1.296082
plant_input_stage0: full=[ 0.00567 -0.0681 ], physical=[ 0.00567 -0.0681 ]
solver time:  1.328996
plant_input_stage0: full=[ 0.00457 -0.0553 ], physical=[ 0.00457 -0.0553 ]
solver time:  1.474916
plant_input_stage0: full=[ 0.00365 -0.04477], physical=[ 0.00365 -0.04477]
solver time:  1.439959
plant_input_stage0: full=[ 0.00299 -0.03607], physical=[ 0.00299 -0.03607]
solver time:  1.314177
plant_input_stage0: full=[ 0.0024  -0.02917], physical=[ 0.0024  -0.02917]
solver time:  1.300806
plant_input_stage0: full=[ 0.00192 -0.02355], physical=[ 0.00192 -0.02355]
solver time:  1.48307
plant_input_stage0: full=[ 0.00149 -0.01896], physical=[ 0.00149 -0.01896]
solver time:  1.328103
plant_input_stage0: full=[ 0.00116 -0.01513], physical=[ 0.00116 -0.01513]
solver time:  1.389423
plant_input_stage0: full=[ 0.00089 -0.01201], physical=[ 0.00089 -0.01201]
solver time:  1.274092
plant_input_stage0: full=[ 0.00067 -0.00945], physical=[ 0.00067 -0.00945]
solver time:  1.294768
plant_input_stage0: full=[ 0.0005  -0.00736], physical=[ 0.0005  -0.00736]
solver time:  1.43384
plant_input_stage0: full=[ 0.00036 -0.00566], physical=[ 0.00036 -0.00566]
solver time:  1.418428
plant_input_stage0: full=[ 0.00026 -0.0043 ], physical=[ 0.00026 -0.0043 ]
solver time:  1.306709
plant_input_stage0: full=[ 0.00041 -0.00312], physical=[ 0.00041 -0.00312]
solver time:  1.333476
plant_input_stage0: full=[ 0.00032 -0.00291], physical=[ 0.00032 -0.00291]
solver time:  1.314725
plant_input_stage0: full=[ 0.00025 -0.00257], physical=[ 0.00025 -0.00257]
solver time:  1.332954
plant_input_stage0: full=[ 0.00019 -0.00219], physical=[ 0.00019 -0.00219]
solver time:  1.368743
plant_input_stage0: full=[ 0.00015 -0.0018 ], physical=[ 0.00015 -0.0018 ]
solver time:  1.284178
plant_input_stage0: full=[ 0.00011 -0.00145], physical=[ 0.00011 -0.00145]
solver time:  1.349374
plant_input_stage0: full=[ 0.00008 -0.00115], physical=[ 0.00008 -0.00115]
solver time:  1.332875
plant_input_stage0: full=[ 0.00006 -0.00089], physical=[ 0.00006 -0.00089]
solver time:  1.391736
plant_input_stage0: full=[ 0.00004 -0.00068], physical=[ 0.00004 -0.00068]
solver time:  1.304664
plant_input_stage0: full=[ 0.00003 -0.00052], physical=[ 0.00003 -0.00052]
solver time:  1.34187
plant_input_stage0: full=[ 0.00002 -0.00039], physical=[ 0.00002 -0.00039]
solver time:  1.361083
plant_input_stage0: full=[ 0.00002 -0.00029], physical=[ 0.00002 -0.00029]
solver time:  1.347624
plant_input_stage0: full=[ 0.00001 -0.00021], physical=[ 0.00001 -0.00021]
solver time:  1.325241
plant_input_stage0: full=[ 0.00001 -0.00016], physical=[ 0.00001 -0.00016]
solver time:  1.294521
plant_input_stage0: full=[ 0.00001 -0.00011], physical=[ 0.00001 -0.00011]
solver time:  1.272258
plant_input_stage0: full=[ 0.      -0.00008], physical=[ 0.      -0.00008]
solver time:  1.294751
plant_input_stage0: full=[ 0.      -0.00006], physical=[ 0.      -0.00006]
solver time:  1.390772
plant_input_stage0: full=[ 0.      -0.00004], physical=[ 0.      -0.00004]
solver time:  1.291045
plant_input_stage0: full=[ 0.      -0.00003], physical=[ 0.      -0.00003]
solver time:  1.331042
plant_input_stage0: full=[ 0.      -0.00002], physical=[ 0.      -0.00002]
solver time:  1.302241
plant_input_stage0: full=[ 0.      -0.00002], physical=[ 0.      -0.00002]
solver time:  1.30059
plant_input_stage0: full=[ 0.      -0.00001], physical=[ 0.      -0.00001]
solver time:  1.273003
plant_input_stage0: full=[ 0.      -0.00001], physical=[ 0.      -0.00001]
solver time:  1.389372
plant_input_stage0: full=[ 0.      -0.00001], physical=[ 0.      -0.00001]
solver time:  1.414388
plant_input_stage0: full=[ 0. -0.], physical=[ 0. -0.]
solver time:  1.476816
plant_input_stage0: full=[ 0. -0.], physical=[ 0. -0.]
solver time:  1.47759
plant_input_stage0: full=[ 0. -0.], physical=[ 0. -0.]
solver time:  1.381037
plant_input_stage0: full=[ 0. -0.], physical=[ 0. -0.]
solver time:  1.406312
plant_input_stage0: full=[ 0. -0.], physical=[ 0. -0.]
solver time:  1.428981
plant_input_stage0: full=[ 0. -0.], physical=[ 0. -0.]
solver time:  1.313125
plant_input_stage0: full=[ 0. -0.], physical=[ 0. -0.]
solver time:  1.389791
plant_input_stage0: full=[ 0. -0.], physical=[ 0. -0.]
solver time:  1.268617
plant_input_stage0: full=[ 0. -0.], physical=[ 0. -0.]
solver time:  1.398715
plant_input_stage0: full=[ 0. -0.], physical=[ 0. -0.]
solver time:  1.350682
plant_input_stage0: full=[ 0. -0.], physical=[ 0. -0.]
solver time:  1.398882
plant_input_stage0: full=[ 0. -0.], physical=[ 0. -0.]
solver time:  1.398208
plant_input_stage0: full=[ 0. -0.], physical=[ 0. -0.]
solver time:  1.547093
plant_input_stage0: full=[ 0. -0.], physical=[ 0. -0.]
solver time:  1.490399
plant_input_stage0: full=[ 0. -0.], physical=[ 0. -0.]
solver time:  1.448952
plant_input_stage0: full=[ 0. -0.], physical=[ 0. -0.]
solver time:  1.456521
plant_input_stage0: full=[ 0. -0.], physical=[ 0. -0.]
solver time:  1.444817
plant_input_stage0: full=[ 0. -0.], physical=[ 0. -0.]
solver time:  1.411247
plant_input_stage0: full=[ 0. -0.], physical=[ 0. -0.]
solver time:  1.479022
plant_input_stage0: full=[ 0. -0.], physical=[ 0. -0.]
solver time:  1.371826
plant_input_stage0: full=[ 0. -0.], physical=[ 0. -0.]
solver time:  1.320584
plant_input_stage0: full=[ 0. -0.], physical=[ 0. -0.]
solver time:  1.399957
plant_input_stage0: full=[ 0. -0.], physical=[ 0. -0.]
solver time:  1.377949
plant_input_stage0: full=[ 0. -0.], physical=[ 0. -0.]
solver time:  1.269072
plant_input_stage0: full=[ 0. -0.], physical=[ 0. -0.]
solver time:  1.36669
plant_input_stage0: full=[ 0. -0.], physical=[ 0. -0.]
solver time:  1.403841
plant_input_stage0: full=[ 0. -0.], physical=[ 0. -0.]
solver time:  1.35998
plant_input_stage0: full=[ 0. -0.], physical=[ 0. -0.]
solver time:  1.299701
plant_input_stage0: full=[ 0. -0.], physical=[ 0. -0.]
solver time:  1.390186
plant_input_stage0: full=[ 0. -0.], physical=[ 0. -0.]
solver time:  1.348414
plant_input_stage0: full=[ 0. -0.], physical=[ 0. -0.]
solver time:  1.453733
plant_input_stage0: full=[ 0. -0.], physical=[ 0. -0.]
solver time:  1.310046
plant_input_stage0: full=[ 0. -0.], physical=[ 0. -0.]
solver time:  1.4511
plant_input_stage0: full=[ 0. -0.], physical=[ 0. -0.]
solver time:  1.345878
plant_input_stage0: full=[ 0. -0.], physical=[ 0. -0.]
solver time:  1.377536
plant_input_stage0: full=[ 0. -0.], physical=[ 0. -0.]
solver time:  1.273945
plant_input_stage0: full=[ 0. -0.], physical=[ 0. -0.]
solver time:  1.308658
plant_input_stage0: full=[ 0. -0.], physical=[ 0. -0.]
solver time:  1.442892
plant_input_stage0: full=[ 0. -0.], physical=[ 0. -0.]
solver time:  1.435445
plant_input_stage0: full=[ 0. -0.], physical=[ 0. -0.]
solver time:  1.432935
plant_input_stage0: full=[ 0. -0.], physical=[ 0. -0.]
solver time:  1.439293
plant_input_stage0: full=[ 0. -0.], physical=[ 0. -0.]
solver time:  1.454081
plant_input_stage0: full=[ 0. -0.], physical=[ 0. -0.]
solver time:  1.321912
plant_input_stage0: full=[ 0. -0.], physical=[ 0. -0.]
solver time:  1.338876
plant_input_stage0: full=[ 0. -0.], physical=[ 0. -0.]
solver time:  1.314338
plant_input_stage0: full=[ 0. -0.], physical=[ 0. -0.]
solver time:  1.333171
plant_input_stage0: full=[ 0. -0.], physical=[ 0. -0.]
solver time:  1.34533
plant_input_stage0: full=[ 0. -0.], physical=[ 0. -0.]
solver time:  1.325005
plant_input_stage0: full=[ 0. -0.], physical=[ 0. -0.]
solver time:  1.306715
plant_input_stage0: full=[ 0. -0.], physical=[ 0. -0.]
solver time:  1.304965
plant_input_stage0: full=[ 0. -0.], physical=[ 0. -0.]
solver time:  1.30864
plant_input_stage0: full=[ 0. -0.], physical=[ 0. -0.]
solver time:  1.326717
plant_input_stage0: full=[ 0. -0.], physical=[ 0. -0.]
solver time:  1.544235
plant_input_stage0: full=[ 0. -0.], physical=[ 0. -0.]
solver time:  1.502655
plant_input_stage0: full=[ 0. -0.], physical=[ 0. -0.]
solver time:  1.396523
plant_input_stage0: full=[ 0. -0.], physical=[ 0. -0.]
solver time:  1.436427
plant_input_stage0: full=[ 0. -0.], physical=[ 0. -0.]
solver time:  1.374928
plant_input_stage0: full=[-0. -0.], physical=[-0. -0.]
solver time:  1.347189
plant_input_stage0: full=[ 0. -0.], physical=[ 0. -0.]
solver time:  1.441942
plant_input_stage0: full=[ 0. -0.], physical=[ 0. -0.]
solver time:  1.389651
plant_input_stage0: full=[ 0. -0.], physical=[ 0. -0.]
solver time:  1.303486
plant_input_stage0: full=[ 0. -0.], physical=[ 0. -0.]
solver time:  1.383062
plant_input_stage0: full=[ 0. -0.], physical=[ 0. -0.]
solver time:  1.323842
plant_input_stage0: full=[ 0. -0.], physical=[ 0. -0.]
solver time:  1.397954
plant_input_stage0: full=[ 0. -0.], physical=[ 0. -0.]
solver time:  1.384253
plant_input_stage0: full=[ 0. -0.], physical=[ 0. -0.]
solver time:  1.387343
plant_input_stage0: full=[ 0. -0.], physical=[ 0. -0.]
solver time:  1.308514
plant_input_stage0: full=[ 0. -0.], physical=[ 0. -0.]
solver time:  1.302412
plant_input_stage0: full=[ 0. -0.], physical=[ 0. -0.]
solver time:  1.410127
plant_input_stage0: full=[ 0. -0.], physical=[ 0. -0.]
solver time:  1.30709
plant_input_stage0: full=[ 0. -0.], physical=[ 0. -0.]
solver time:  1.348554
plant_input_stage0: full=[ 0. -0.], physical=[ 0. -0.]
solver time:  1.337578
plant_input_stage0: full=[ 0. -0.], physical=[ 0. -0.]
solver time:  1.360308
plant_input_stage0: full=[ 0. -0.], physical=[ 0. -0.]
solver time:  1.323166
plant_input_stage0: full=[ 0. -0.], physical=[ 0. -0.]
solver time:  1.345688
plant_input_stage0: full=[ 0. -0.], physical=[ 0. -0.]
solver time:  1.334264
plant_input_stage0: full=[ 0. -0.], physical=[ 0. -0.]
solver time:  1.293754
plant_input_stage0: full=[ 0. -0.], physical=[ 0. -0.]
solver time:  1.277299
plant_input_stage0: full=[ 0. -0.], physical=[ 0. -0.]
solver time:  1.367883
plant_input_stage0: full=[ 0. -0.], physical=[ 0. -0.]
solver time:  1.356974
plant_input_stage0: full=[ 0. -0.], physical=[ 0. -0.]
solver time:  1.377247
plant_input_stage0: full=[ 0. -0.], physical=[ 0. -0.]
solver time:  1.321871
plant_input_stage0: full=[ 0. -0.], physical=[ 0. -0.]
solver time:  1.368703
plant_input_stage0: full=[ 0. -0.], physical=[ 0. -0.]
solver time:  1.388259
plant_input_stage0: full=[ 0. -0.], physical=[ 0. -0.]
solver time:  1.345628
plant_input_stage0: full=[ 0. -0.], physical=[ 0. -0.]
solver time:  1.368191
plant_input_stage0: full=[ 0. -0.], physical=[ 0. -0.]
solver time:  1.514286
plant_input_stage0: full=[ 0. -0.], physical=[ 0. -0.]
solver time:  1.45233
plant_input_stage0: full=[ 0. -0.], physical=[ 0. -0.]
solver time:  1.429877
plant_input_stage0: full=[ 0. -0.], physical=[ 0. -0.]
solver time:  1.475269
plant_input_stage0: full=[ 0. -0.], physical=[ 0. -0.]
solver time:  1.349611
plant_input_stage0: full=[ 0. -0.], physical=[ 0. -0.]
solver time:  1.323797
plant_input_stage0: full=[ 0. -0.], physical=[ 0. -0.]
solver time:  1.325318
plant_input_stage0: full=[ 0. -0.], physical=[ 0. -0.]
solver time:  1.332728
plant_input_stage0: full=[ 0. -0.], physical=[ 0. -0.]
solver time:  1.443374
plant_input_stage0: full=[ 0. -0.], physical=[ 0. -0.]
solver time:  1.417312
plant_input_stage0: full=[ 0. -0.], physical=[ 0. -0.]
solver time:  1.385346
plant_input_stage0: full=[ 0. -0.], physical=[ 0. -0.]
solver time:  1.337979
plant_input_stage0: full=[ 0. -0.], physical=[ 0. -0.]
solver time:  1.384984
plant_input_stage0: full=[ 0. -0.], physical=[ 0. -0.]
solver time:  1.315581
plant_input_stage0: full=[ 0. -0.], physical=[ 0. -0.]
solver time:  1.306353
plant_input_stage0: full=[ 0. -0.], physical=[ 0. -0.]
solver time:  1.335918
plant_input_stage0: full=[ 0. -0.], physical=[ 0. -0.]
solver time:  1.29338
plant_input_stage0: full=[ 0. -0.], physical=[ 0. -0.]
solver time:  1.299648
plant_input_stage0: full=[ 0. -0.], physical=[ 0. -0.]
solver time:  1.314604
plant_input_stage0: full=[ 0. -0.], physical=[ 0. -0.]
solver time:  1.309538
plant_input_stage0: full=[ 0. -0.], physical=[ 0. -0.]
solver time:  1.353104
plant_input_stage0: full=[ 0. -0.], physical=[ 0. -0.]
solver time:  1.345038
plant_input_stage0: full=[ 0. -0.], physical=[ 0. -0.]
solver time:  1.302214
plant_input_stage0: full=[ 0. -0.], physical=[ 0. -0.]
solver time:  1.310523
plant_input_stage0: full=[ 0. -0.], physical=[ 0. -0.]
solver time:  1.335747
plant_input_stage0: full=[ 0. -0.], physical=[ 0. -0.]
solver time:  1.579728
plant_input_stage0: full=[ 0. -0.], physical=[ 0. -0.]
CasADi - 2026-09-10 00:24:55 WARNING("KeyboardInterruptException") [.../casadi/interfaces/ipopt/ipopt_nlp.cpp:114]

SIGINT interrupted the solver. Finalizing outputs from the partial run...
Trial history saved to /home/taek111/projects/psdf_mpcc/debug_runs/maze_dd_rectangle_20260910/obca/data/partial_trial_history.csv
RESULT: {"status": "interrupted", "failure_reason": "Error in Opti::solve [OptiNode] at .../casadi/core/optistack.cpp:217:\n.../casadi/core/optistack_internal.cpp:1338: Assertion \"return_success(accept_limit)\" failed:\nSolver failed. You may use opti.debug.value to investigate the latest values of variables. return_status is 'NonIpopt_Exception_Thrown'", "current_name": "MPC_OBCA_rectangle_maze_20260910", "output_root_dir": "/home/taek111/projects/psdf_mpcc/debug_runs/maze_dd_rectangle_20260910/obca", "wall_seconds": 475.1377841010001, "method": "obca", "cli": ["--single", "--config", "/home/taek111/projects/psdf_mpcc/debug_runs/maze_dd_rectangle_20260910/obca/config.yaml", "--maze-type", "maze", "--robot-shape", "rectangle", "--dynamics-type", "differential_drive", "--optimizer-type", "obca", "--path-planner", "astar", "--simulation-time", "60", "--no-perturb-start", "--no-animation"], "source_commit": "65b8b6f37408873e2638b3e20ea01c5be5b46bbd"}
