RMPCC configured from config: horizon=20, tf=2.0, use_obstacle_constraint=True, use_row_mf=True, d_col=0.001, d_min=0.001, d_mf_mask=0.001, mf_slack_linear=100.0, mf_slack_quadratic=10.0, chance_epsilon=0.2, mf_active_start_step=1, mf_active_end_step=None, mf_active_terminal=True, sigma_f0=0.0002, sigma_l0=0.00025, sigma_psi0=0.00025, q_f0=0.0, q_l0=0.0, q_psi0=0.0, alpha_f=0.002, alpha_v=0.0004, alpha_kappa=0.01, beta_v=0.02, beta_kappa=0.008, beta_omega=0.008, enable_backup_solver=False, debug_mf=True, debug_infeasibility=True, augmented_psdf_device=cpu
Resetting rmpcc optimizer for clean state...
Trial failure criteria enabled: movement_window_sec=5.0, movement_threshold=0.005, max_consecutive_solver_failures=10
generating global path with A* + Line of Sight
시작 위치: [0.075 0.795]
목적지: [1.8  0.09]
도착 판정 기준: position <= 0.01m, angle <= 0.01rad
Setting up RMPCC-MF optimizer...
RMPCC-MF Row M configuration: enabled=True, active only when phi > d_mf_mask=0.001, configured stages=[1, 2, 3, 4, 5, 6, 7, 8, 9, 10, 11, 12, 13, 14, 15, 16, 17, 18, 19, 20]
Added two affine safety rows at intermediate/terminal stages: 0=HARD guard/recovery, 1=SOFT MF
field AcadosOcpDims.N has been migrated to AcadosOcpOptions.N_horizon. setting AcadosOcpOptions.N_horizon = N. For future comppatibility, please use AcadosOcpOptions.N_horizon directly.

WARNING: Gauss-Newton Hessian approximation with EXTERNAL cost type not well defined!
got cost_type EXTERNAL for cost_type_0, cost_type, cost_type_e, hessian_approx: 'GAUSS_NEWTON'.
With this setting, acados will proceed computing the exact Hessian for the cost term and no Hessian contribution from constraints and dynamics.
If the external cost is a linear least squares cost, this coincides with the Gauss-Newton Hessian.
Note: There is also the option to use the external cost module with a numerical Hessian approximation (see `ext_cost_num_hess`).
OR the option to provide a symbolic custom Hessian approximation (see `cost_expr_ext_cost_custom_hess`).

acados was compiled without OpenMP.
RMPCC-MF backup SQP_WITH_FEASIBLE_QP solver disabled; using nominal safe-stop recovery.
[RMPCC 0000] OK solve=140.0ms pose=(0.075,0.795,-1.571) u=(0.123,0.000) s=0.013 PSDFmin=+0.03 G=OK(+0.04134) MF=OK(active=20/20,min=+0.2,slack=+1.649e-13)
[RMPCC 0001] OK solve=120.3ms pose=(0.075,0.783,-1.571) u=(0.115,0.237) s=0.024 PSDFmin=-0.01111 G=OK(+0.006612) MF=OK(active=20/20,min=+0.2,slack=+6.898e-12)
[RMPCC 0002] OK solve=136.4ms pose=(0.075,0.771,-1.547) u=(0.120,0.080) s=0.035 PSDFmin=+0.001955 G=OK(+2.22e-16) MF=OK(active=9/20,min=+1.74e-12,slack=+2.677e-17)
[RMPCC 0003] OK solve=128.2ms pose=(0.075,0.759,-1.539) u=(0.162,-0.472) s=0.041 PSDFmin=-0.004284 G=OK(+0.0108) MF=OK(active=20/20,min=+7.197e-12,slack=+1.601e-14)
[RMPCC 0004] OK solve=120.1ms pose=(0.076,0.743,-1.586) u=(0.138,-0.164) s=0.055 PSDFmin=-0.009231 G=OK(+7.438e-12) MF=OK(active=13/20,min=+1.783e-11,slack=+7.333e-14)
[RMPCC 0005] OK solve=117.4ms pose=(0.076,0.729,-1.603) u=(0.111,-0.102) s=0.071 PSDFmin=+0.004845 G=OK(+9.627e-11) MF=OK(active=11/20,min=+7.896e-09,slack=+1.513e-12)
[RMPCC 0006] OK solve=130.9ms pose=(0.075,0.718,-1.613) u=(0.248,0.338) s=0.072 PSDFmin=-0.05208 G=OK(+0.02195) MF=OK(active=20/20,min=+8.003e-13,slack=+4.941e-14)
[RMPCC 0007] OK solve=268.2ms pose=(0.074,0.693,-1.579) u=(0.124,1.028) s=0.089 PSDFmin=-0.0189 G=OK(+0.01724) MF=OK(active=13/20,min=+0.2102,slack=+2.063e-15)
[RMPCC 0008] OK solve=250.2ms pose=(0.074,0.681,-1.476) u=(0.084,0.499) s=0.105 PSDFmin=+0.0009285 G=OK(+1.554e-15) MF=OK(active=3/20,min=+9.877e-13,slack=+9.578e-17)
[RMPCC 0009] OK solve=246.8ms pose=(0.075,0.673,-1.426) u=(0.149,1.018) s=0.108 PSDFmin=-0.01524 G=OK(+7.994e-15) MF=OK(active=19/20,min=+5.115e-15,slack=+2.298e-16)
[RMPCC 0010] OK solve=372.4ms pose=(0.077,0.658,-1.325) u=(0.082,0.501) s=0.125 PSDFmin=+0.007353 G=OK(+0.006346) MF=OK(active=14/20,min=-2.081e-12,slack=+0.005244)
[RMPCC 0011] OK solve=387.7ms pose=(0.079,0.650,-1.274) u=(0.085,0.188) s=0.143 PSDFmin=-0.01844 G=OK(+0.005932) MF=OK(active=18/20,min=+7.842e-14,slack=+2.644e-16)
[RMPCC 0012] OK solve=380.2ms pose=(0.082,0.642,-1.256) u=(0.099,-0.138) s=0.147 PSDFmin=+0.00134 G=OK(+0.003229) MF=OK(active=16/20,min=+2.687e-10,slack=+5.318e-13)
[RMPCC 0013] OK solve=373.0ms pose=(0.085,0.632,-1.269) u=(0.049,-0.082) s=0.164 PSDFmin=+0.0001115 G=OK(+0.004085) MF=OK(active=19/20,min=+3.208e-14,slack=+1.03e-16)
[RMPCC 0014] OK solve=372.8ms pose=(0.086,0.628,-1.278) u=(0.089,-0.362) s=0.168 PSDFmin=-0.004342 G=OK(+0.005025) MF=OK(active=17/20,min=+3.457e-11,slack=+5.406e-14)
[RMPCC 0015] OK solve=390.3ms pose=(0.089,0.619,-1.314) u=(0.045,-0.186) s=0.186 PSDFmin=+0.0002442 G=OK(+0.007742) MF=OK(active=16/20,min=+6.902e-12,slack=+1.52e-14)
[RMPCC 0016] OK solve=439.7ms pose=(0.090,0.615,-1.332) u=(0.152,-0.078) s=0.190 PSDFmin=+0.003548 G=OK(+0.006564) MF=OK(active=17/20,min=+2.205e-10,slack=+3.621e-13)
[RMPCC 0017] OK solve=387.5ms pose=(0.093,0.600,-1.340) u=(0.097,0.609) s=0.206 PSDFmin=+0.003629 G=OK(+0.003698) MF=OK(active=17/20,min=+1.155e-14,slack=+1.921e-17)
[RMPCC 0018] OK solve=389.9ms pose=(0.096,0.591,-1.279) u=(0.048,0.594) s=0.216 PSDFmin=+0.004555 G=OK(+0.004608) MF=OK(active=18/20,min=+1.066e-13,slack=+6.656e-17)
[RMPCC 0019] OK solve=386.1ms pose=(0.097,0.586,-1.220) u=(0.045,0.907) s=0.220 PSDFmin=+0.0003248 G=OK(+0.005988) MF=OK(active=19/20,min=+1.422e-14,slack=+2.741e-17)
[RMPCC 0020] OK solve=250.5ms pose=(0.099,0.582,-1.129) u=(0.046,1.200) s=0.229 PSDFmin=-0.00966 G=OK(+0.005218) MF=OK(active=17/20,min=+2.372e-13,slack=+2.108e-16)
[RMPCC 0021] OK solve=136.3ms pose=(0.100,0.578,-1.009) u=(0.075,0.906) s=0.233 PSDFmin=+0.006201 G=OK(+0.005412) MF=OK(active=11/20,min=+1.294e-08,slack=+8.481e-12)
[RMPCC 0022] OK solve=246.9ms pose=(0.104,0.571,-0.919) u=(0.037,0.834) s=0.238 PSDFmin=-0.009432 G=OK(+0.007144) MF=OK(active=20/20,min=+8.896e-13,slack=+5.434e-15)
[RMPCC 0023] OK solve=441.2ms pose=(0.107,0.568,-0.835) u=(0.090,1.200) s=0.241 PSDFmin=-0.01008 G=OK(+0.006005) MF=OK(active=11/20,min=+5.04e-09,slack=+1.317e-11)
[RMPCC 0024] OK solve=298.0ms pose=(0.113,0.562,-0.715) u=(0.050,0.843) s=0.251 PSDFmin=+0.008293 G=OK(+0.007064) MF=OK(active=10/20,min=+4.617e-12,slack=+2.423e-15)
[RMPCC 0025] OK solve=254.8ms pose=(0.117,0.558,-0.631) u=(0.154,0.344) s=0.254 PSDFmin=-0.006738 G=OK(+0.006827) MF=OK(active=20/20,min=-3.535e-15,slack=+1.834e-17)
[RMPCC 0026] OK solve=252.9ms pose=(0.129,0.549,-0.597) u=(0.108,1.200) s=0.269 PSDFmin=-0.01552 G=OK(+0.008338) MF=OK(active=13/20,min=+2.693e-12,slack=+1.407e-15)
[RMPCC 0027] OK solve=146.9ms pose=(0.138,0.543,-0.477) u=(0.098,0.578) s=0.280 PSDFmin=+0.01142 G=OK(+0.01071) MF=OK(active=18/20,min=+2.291e-10,slack=+2.182e-13)
[RMPCC 0028] OK solve=162.0ms pose=(0.147,0.539,-0.419) u=(0.090,1.006) s=0.289 PSDFmin=+0.01434 G=OK(+0.01316) MF=OK(active=20/20,min=-8.574e-13,slack=+2.991e-13)
[RMPCC 0029] OK solve=131.2ms pose=(0.155,0.535,-0.318) u=(0.130,0.784) s=0.297 PSDFmin=+0.01619 G=OK(+0.0149) MF=OK(active=20/20,min=+2.392e-12,slack=+1.832e-14)
[RMPCC 0030] OK solve=130.6ms pose=(0.167,0.531,-0.240) u=(0.101,0.531) s=0.310 PSDFmin=+0.01219 G=OK(+0.01111) MF=OK(active=20/20,min=+6.595e-13,slack=+5.029e-15)
[RMPCC 0031] OK solve=125.4ms pose=(0.177,0.529,-0.187) u=(0.146,0.996) s=0.321 PSDFmin=+0.003697 G=OK(+0.01276) MF=OK(active=20/20,min=+7.569e-13,slack=+2.855e-15)
[RMPCC 0032] OK solve=122.1ms pose=(0.191,0.526,-0.087) u=(0.150,0.461) s=0.331 PSDFmin=+0.01435 G=OK(+0.01321) MF=OK(active=20/20,min=+1.268e-11,slack=+1.638e-14)
[RMPCC 0033] OK solve=121.8ms pose=(0.206,0.525,-0.041) u=(0.170,0.103) s=0.344 PSDFmin=+0.01439 G=OK(+0.01332) MF=OK(active=20/20,min=+7.772e-14,slack=+9.724e-16)
[RMPCC 0034] OK solve=122.5ms pose=(0.223,0.524,-0.031) u=(0.130,0.564) s=0.360 PSDFmin=+0.01519 G=OK(+0.01389) MF=OK(active=20/20,min=+3.586e-15,slack=+3.335e-17)
[RMPCC 0035] OK solve=122.0ms pose=(0.236,0.523,0.026) u=(0.136,0.225) s=0.373 PSDFmin=+0.0141 G=OK(+0.01303) MF=OK(active=20/20,min=+3.625e-13,slack=+6.819e-16)
[RMPCC 0036] OK solve=142.0ms pose=(0.250,0.524,0.048) u=(0.127,0.322) s=0.387 PSDFmin=+0.01559 G=OK(+0.01454) MF=OK(active=20/20,min=+5.949e-12,slack=+2.204e-13)
[RMPCC 0037] OK solve=135.7ms pose=(0.262,0.524,0.080) u=(0.118,0.343) s=0.399 PSDFmin=+0.01172 G=OK(+0.01026) MF=OK(active=20/20,min=+1.329e-10,slack=+1.03e-11)
[RMPCC 0038] OK solve=144.3ms pose=(0.274,0.525,0.115) u=(0.114,0.407) s=0.412 PSDFmin=+0.01244 G=OK(+0.01025) MF=OK(active=20/20,min=+6.967e-13,slack=+1.289e-15)
[RMPCC 0039] OK solve=131.7ms pose=(0.285,0.527,0.155) u=(0.109,0.425) s=0.423 PSDFmin=+0.007782 G=OK(+0.003938) MF=OK(active=20/20,min=-1.738e-13,slack=+1.609e-14)
[RMPCC 0040] OK solve=131.0ms pose=(0.296,0.528,0.198) u=(0.105,0.448) s=0.432 PSDFmin=+0.009177 G=OK(+0.0002568) MF=OK(active=20/20,min=+2.182e-12,slack=+2.478e-15)
[RMPCC 0041] OK solve=123.0ms pose=(0.307,0.530,0.243) u=(0.105,0.220) s=0.444 PSDFmin=+0.01999 G=OK(+0.01897) MF=OK(active=20/20,min=+5.642e-12,slack=+6.064e-15)
[RMPCC 0042] OK solve=140.0ms pose=(0.317,0.533,0.265) u=(0.102,0.194) s=0.454 PSDFmin=+0.02147 G=OK(+0.02046) MF=OK(active=20/20,min=+8.605e-10,slack=+8.002e-13)
[RMPCC 0043] OK solve=129.1ms pose=(0.327,0.536,0.284) u=(0.091,0.261) s=0.461 PSDFmin=+0.01947 G=OK(+0.01843) MF=OK(active=20/20,min=+2.49e-14,slack=+3.711e-17)
[RMPCC 0044] OK solve=135.2ms pose=(0.335,0.538,0.310) u=(0.101,0.141) s=0.470 PSDFmin=+0.01103 G=OK(+0.02254) MF=OK(active=20/20,min=+1.423e-14,slack=+1.936e-17)
[RMPCC 0045] OK solve=130.7ms pose=(0.345,0.541,0.324) u=(0.094,0.403) s=0.482 PSDFmin=+0.01408 G=OK(+0.01367) MF=OK(active=20/20,min=+2.82e-12,slack=+6.824e-14)
[RMPCC 0046] OK solve=123.8ms pose=(0.354,0.544,0.365) u=(0.100,0.141) s=0.490 PSDFmin=+0.006954 G=OK(+0.01998) MF=OK(active=20/20,min=+9.473e-09,slack=+1.392e-11)
[RMPCC 0047] OK solve=126.2ms pose=(0.363,0.548,0.379) u=(0.089,0.408) s=0.500 PSDFmin=+0.01427 G=OK(+0.01363) MF=OK(active=20/20,min=+5.863e-11,slack=+2.07e-12)
[RMPCC 0048] OK solve=151.2ms pose=(0.372,0.551,0.419) u=(0.116,0.134) s=0.511 PSDFmin=+0.001245 G=OK(+0.01417) MF=OK(active=20/20,min=+1.181e-09,slack=+1.922e-12)
[RMPCC 0049] OK solve=141.5ms pose=(0.382,0.556,0.433) u=(0.098,0.314) s=0.520 PSDFmin=+0.0119 G=OK(+0.01098) MF=OK(active=20/20,min=+4.011e-15,slack=+1.468e-17)
[RMPCC 0050] OK solve=137.0ms pose=(0.391,0.560,0.464) u=(0.122,0.062) s=0.530 PSDFmin=-0.001105 G=OK(+0.01069) MF=OK(active=20/20,min=+1.112e-08,slack=+7.272e-12)
[RMPCC 0051] OK solve=128.0ms pose=(0.402,0.565,0.470) u=(0.120,0.266) s=0.544 PSDFmin=+0.01321 G=OK(+0.01192) MF=OK(active=19/20,min=+3.626e-15,slack=+7.304e-17)
[RMPCC 0052] OK solve=122.5ms pose=(0.413,0.571,0.497) u=(0.129,0.015) s=0.554 PSDFmin=+0.00719 G=OK(+0.007674) MF=OK(active=20/20,min=+7.362e-09,slack=+6.143e-12)
[RMPCC 0053] OK solve=130.6ms pose=(0.424,0.577,0.498) u=(0.128,0.157) s=0.566 PSDFmin=+0.01292 G=OK(+0.01235) MF=OK(active=20/20,min=+2.156e-14,slack=+7.4e-15)
[RMPCC 0054] OK solve=118.5ms pose=(0.435,0.583,0.514) u=(0.142,-0.137) s=0.581 PSDFmin=+0.002981 G=OK(+0.004526) MF=OK(active=20/20,min=+6.475e-10,slack=+1.052e-12)
[RMPCC 0055] OK solve=134.0ms pose=(0.448,0.590,0.500) u=(0.145,0.079) s=0.600 PSDFmin=+0.008234 G=OK(+0.008923) MF=OK(active=20/20,min=+1.208e-13,slack=+4.969e-17)
[RMPCC 0056] OK solve=139.8ms pose=(0.460,0.597,0.508) u=(0.151,-0.392) s=0.607 PSDFmin=+0.006712 G=OK(+0.004031) MF=OK(active=20/20,min=+2.694e-10,slack=+7.512e-13)
[RMPCC 0057] OK solve=128.0ms pose=(0.474,0.604,0.469) u=(0.159,-0.106) s=0.623 PSDFmin=-0.01271 G=OK(+0.004511) MF=OK(active=20/20,min=+1.79e-15,slack=+1.42e-17)
[RMPCC 0058] OK solve=128.0ms pose=(0.488,0.612,0.459) u=(0.161,-0.112) s=0.644 PSDFmin=+0.002236 G=OK(+0.001088) MF=OK(active=11/20,min=+2.587e-12,slack=+3.062e-13)
[RMPCC 0059] OK solve=126.8ms pose=(0.502,0.619,0.447) u=(0.171,-0.177) s=0.654 PSDFmin=+0.004372 G=OK(+0.007162) MF=OK(active=20/20,min=+2.493e-14,slack=+5.855e-17)
[RMPCC 0060] OK solve=247.4ms pose=(0.518,0.626,0.430) u=(0.268,-0.184) s=0.671 PSDFmin=-0.01494 G=OK(+3.331e-16) MF=OK(active=20/20,min=+9.296e-16,slack=+4.146e-17)
[RMPCC 0061] OK solve=372.5ms pose=(0.542,0.637,0.411) u=(0.134,-0.702) s=0.697 PSDFmin=-0.006892 G=OK(+3.32e-14) MF=OK(active=5/20,min=+0.002073,slack=+1.007e-15)
[RMPCC 0062] OK solve=248.6ms pose=(0.554,0.643,0.341) u=(0.144,-0.301) s=0.711 PSDFmin=-0.005056 G=OK(+0.008391) MF=OK(active=17/20,min=+1.894e-10,slack=+1.439e-13)
[RMPCC 0063] OK solve=230.2ms pose=(0.568,0.647,0.311) u=(0.350,0.320) s=0.725 PSDFmin=-0.02456 G=OK(+5.537e-13) MF=OK(active=19/20,min=-2.01e-12,slack=+0.01257)
[RMPCC 0064] OK solve=364.0ms pose=(0.601,0.658,0.343) u=(0.214,-0.011) s=0.760 PSDFmin=+0.001049 G=OK(+2.63e-11) MF=OK(active=15/20,min=+3.022e-10,slack=+3.243e-13)
[RMPCC 0065] OK solve=401.4ms pose=(0.621,0.665,0.342) u=(0.131,-0.908) s=0.782 PSDFmin=+0.009793 G=OK(+0.00872) MF=OK(active=19/20,min=+1.779e-14,slack=+2.333e-17)
[RMPCC 0066] OK solve=383.5ms pose=(0.634,0.670,0.251) u=(0.133,-0.712) s=0.795 PSDFmin=+0.008917 G=OK(+2.952e-13) MF=OK(active=17/20,min=+4.149e-12,slack=+6.473e-15)
[RMPCC 0067] OK solve=436.1ms pose=(0.647,0.673,0.180) u=(0.127,-1.200) s=0.808 PSDFmin=-0.00636 G=OK(+0.001835) MF=OK(active=18/20,min=+5.207e-14,slack=+5.517e-16)
[RMPCC 0068] OK solve=257.5ms pose=(0.659,0.675,0.060) u=(0.098,-0.583) s=0.815 PSDFmin=-0.02286 G=OK(+0.01346) MF=OK(active=10/20,min=+4.386e-12,slack=+5.428e-15)
[RMPCC 0069] OK solve=121.3ms pose=(0.669,0.676,0.002) u=(0.120,-0.240) s=0.825 PSDFmin=-0.003584 G=OK(+2.731e-14) MF=OK(active=14/20,min=+4.738e-13,slack=+1.32e-15)
[RMPCC 0070] OK solve=145.9ms pose=(0.681,0.676,-0.022) u=(0.081,-0.810) s=0.838 PSDFmin=+0.004093 G=OK(+0.006947) MF=OK(active=17/20,min=+1.112e-14,slack=+2.117e-17)
[RMPCC 0071] OK solve=249.8ms pose=(0.689,0.676,-0.103) u=(0.130,-0.353) s=0.845 PSDFmin=-0.02208 G=OK(+0.01933) MF=OK(active=20/20,min=+3.117e-13,slack=+2.597e-15)
[RMPCC 0072] OK solve=246.7ms pose=(0.702,0.674,-0.139) u=(0.076,-0.891) s=0.857 PSDFmin=-0.00789 G=OK(+3.664e-15) MF=OK(active=10/20,min=+1.991e-13,slack=+1.834e-16)
[RMPCC 0073] OK solve=121.8ms pose=(0.709,0.673,-0.228) u=(0.093,-0.413) s=0.865 PSDFmin=-0.003961 G=OK(+4.885e-15) MF=OK(active=8/20,min=+3.911e-14,slack=+2.945e-16)
[RMPCC 0074] OK solve=261.1ms pose=(0.718,0.671,-0.269) u=(0.100,-0.117) s=0.874 PSDFmin=-0.008495 G=OK(+1.06e-11) MF=OK(active=14/20,min=+4.1e-11,slack=+9.332e-14)
[RMPCC 0075] OK solve=246.4ms pose=(0.728,0.669,-0.281) u=(0.074,-0.119) s=0.883 PSDFmin=+0.0001603 G=OK(+4.885e-15) MF=OK(active=9/20,min=+4.815e-14,slack=+1.893e-16)
[RMPCC 0076] OK solve=256.7ms pose=(0.735,0.667,-0.293) u=(0.037,-0.692) s=0.891 PSDFmin=+0.001871 G=OK(+8.161e-13) MF=OK(active=19/20,min=+3.786e-12,slack=+2.385e-14)
[RMPCC 0077] OK solve=377.1ms pose=(0.739,0.666,-0.362) u=(0.099,-0.539) s=0.894 PSDFmin=-0.007555 G=OK(+4.368e-13) MF=OK(active=19/20,min=+4.397e-12,slack=+8.324e-15)
[RMPCC 0078] OK solve=259.1ms pose=(0.748,0.662,-0.416) u=(0.050,-0.403) s=0.900 PSDFmin=+0.001489 G=OK(+4.885e-15) MF=OK(active=7/20,min=+3.198e-13,slack=+7.556e-17)
[RMPCC 0079] OK solve=238.9ms pose=(0.753,0.660,-0.456) u=(0.114,-0.089) s=0.908 PSDFmin=+0.007898 G=OK(+0.007301) MF=OK(active=20/20,min=+6.175e-13,slack=+2.832e-15)
[RMPCC 0080] OK solve=372.7ms pose=(0.763,0.655,-0.465) u=(0.057,-0.755) s=0.918 PSDFmin=+0.005472 G=OK(+0.006393) MF=OK(active=18/20,min=+5.371e-15,slack=+4.216e-17)
[RMPCC 0081] OK solve=379.7ms pose=(0.768,0.652,-0.541) u=(0.115,-0.376) s=0.924 PSDFmin=-0.0001247 G=OK(+5.11e-09) MF=OK(active=16/20,min=+7.86e-10,slack=+2.708e-12)
[RMPCC 0082] OK solve=247.6ms pose=(0.778,0.647,-0.578) u=(0.057,-0.553) s=0.937 PSDFmin=+0.003389 G=OK(+0.006381) MF=OK(active=14/20,min=+3.208e-14,slack=+1.108e-16)
[RMPCC 0083] OK solve=253.7ms pose=(0.783,0.643,-0.634) u=(0.080,-0.225) s=0.943 PSDFmin=+0.003157 G=OK(+0.005111) MF=OK(active=20/20,min=+1.254e-09,slack=+4.211e-12)
[RMPCC 0084] OK solve=354.4ms pose=(0.789,0.639,-0.656) u=(0.056,-0.725) s=0.951 PSDFmin=+0.008132 G=OK(+7.037e-12) MF=OK(active=18/20,min=+1.365e-10,slack=+1.365e-13)
[RMPCC 0085] OK solve=370.0ms pose=(0.793,0.635,-0.728) u=(0.155,-0.280) s=0.957 PSDFmin=+0.001867 G=OK(+0.007335) MF=OK(active=19/20,min=+1.207e-08,slack=+2.185e-11)
[RMPCC 0086] OK solve=257.7ms pose=(0.805,0.625,-0.757) u=(0.078,-0.564) s=0.972 PSDFmin=+0.006817 G=OK(+7.772e-15) MF=OK(active=19/20,min=+5.694e-14,slack=+9.363e-17)
[RMPCC 0087] OK solve=247.6ms pose=(0.811,0.620,-0.813) u=(0.039,-0.282) s=0.980 PSDFmin=-0.0001457 G=OK(+0.007092) MF=OK(active=20/20,min=+1.985e-07,slack=+1.411e-10)
[RMPCC 0088] OK solve=275.2ms pose=(0.813,0.617,-0.841) u=(0.085,-0.289) s=0.984 PSDFmin=+0.002865 G=OK(+0.003104) MF=OK(active=16/20,min=+5.161e-14,slack=+9.871e-17)
[RMPCC 0089] OK solve=123.4ms pose=(0.819,0.610,-0.870) u=(0.073,-0.103) s=0.995 PSDFmin=-0.004233 G=OK(+0.006458) MF=OK(active=20/20,min=+8.563e-11,slack=+2.241e-12)
[RMPCC 0090] OK solve=132.1ms pose=(0.824,0.605,-0.880) u=(0.084,0.097) s=0.999 PSDFmin=+0.006405 G=OK(+0.005578) MF=OK(active=18/20,min=+1.138e-12,slack=+3.29e-14)
[RMPCC 0091] OK solve=119.5ms pose=(0.829,0.598,-0.871) u=(0.183,0.375) s=1.012 PSDFmin=-0.03225 G=OK(+0.006161) MF=OK(active=20/20,min=+6.539e-17,slack=+6.833e-17)
[RMPCC 0092] OK solve=120.3ms pose=(0.841,0.584,-0.833) u=(0.110,1.200) s=1.030 PSDFmin=-0.008111 G=OK(+0.00101) MF=OK(active=4/20,min=+1.945e-11,slack=+7.179e-15)
[RMPCC 0093] OK solve=129.6ms pose=(0.848,0.576,-0.713) u=(0.187,0.559) s=1.036 PSDFmin=-0.02664 G=OK(+0.003763) MF=OK(active=11/20,min=+2.309e-12,slack=+2.348e-14)
[RMPCC 0094] OK solve=129.0ms pose=(0.862,0.564,-0.657) u=(0.094,0.954) s=1.055 PSDFmin=+0.003192 G=OK(+0.003808) MF=OK(active=5/20,min=+5.731e-09,slack=+1.251e-12)
[RMPCC 0095] OK solve=242.6ms pose=(0.870,0.558,-0.562) u=(0.049,0.476) s=1.064 PSDFmin=-0.004564 G=OK(+0.005243) MF=OK(active=20/20,min=+2.691e-12,slack=+1.66e-14)
[RMPCC 0096] OK solve=251.6ms pose=(0.874,0.556,-0.514) u=(0.112,0.723) s=1.070 PSDFmin=-0.007087 G=OK(+0.00503) MF=OK(active=14/20,min=+1.081e-12,slack=+1.021e-15)
[RMPCC 0097] OK solve=117.3ms pose=(0.884,0.550,-0.442) u=(0.065,0.352) s=1.080 PSDFmin=+0.007437 G=OK(+0.006239) MF=OK(active=15/20,min=+1.385e-09,slack=+3.552e-12)
[RMPCC 0098] OK solve=119.8ms pose=(0.890,0.547,-0.407) u=(0.111,0.837) s=1.086 PSDFmin=-0.02943 G=OK(+0.007056) MF=OK(active=20/20,min=+6.177e-12,slack=+2.164e-14)
[RMPCC 0099] OK solve=113.0ms pose=(0.900,0.543,-0.323) u=(0.073,0.479) s=1.097 PSDFmin=-0.01575 G=OK(+9.18e-09) MF=OK(active=8/20,min=+1.805e-09,slack=+2.664e-11)
[RMPCC 0100] OK solve=113.7ms pose=(0.907,0.541,-0.275) u=(0.121,0.127) s=1.104 PSDFmin=-0.001054 G=OK(+5.773e-15) MF=OK(active=18/20,min=+5.444e-14,slack=+2.579e-16)
[RMPCC 0101] OK solve=273.6ms pose=(0.918,0.537,-0.262) u=(0.069,1.200) s=1.112 PSDFmin=-0.008618 G=OK(+2.776e-16) MF=OK(active=19/20,min=+9.642e-16,slack=+7.604e-17)
[RMPCC 0102] OK solve=299.3ms pose=(0.925,0.536,-0.142) u=(0.096,0.567) s=1.118 PSDFmin=-0.0185 G=OK(+9.204e-11) MF=OK(active=5/20,min=+3.391e-10,slack=+2.939e-13)
[RMPCC 0103] OK solve=258.0ms pose=(0.935,0.534,-0.086) u=(0.081,0.234) s=1.128 PSDFmin=+0.001816 G=OK(+3.34e-12) MF=OK(active=18/20,min=+3.602e-11,slack=+2.152e-13)
[RMPCC 0104] OK solve=366.0ms pose=(0.943,0.534,-0.062) u=(0.048,0.436) s=1.138 PSDFmin=+0.003045 G=OK(+0.001127) MF=OK(active=19/20,min=+9.167e-12,slack=+1.287e-14)
[RMPCC 0105] OK solve=393.5ms pose=(0.947,0.533,-0.019) u=(0.127,0.183) s=1.141 PSDFmin=+0.001006 G=OK(+5.995e-14) MF=OK(active=18/20,min=+3.71e-13,slack=+1.501e-15)
[RMPCC 0106] OK solve=369.5ms pose=(0.960,0.533,-0.000) u=(0.066,0.078) s=1.153 PSDFmin=+0.01099 G=OK(+0.005213) MF=OK(active=18/20,min=+2.782e-11,slack=+4.306e-14)
[RMPCC 0107] OK solve=371.1ms pose=(0.967,0.533,0.007) u=(0.129,0.114) s=1.160 PSDFmin=+0.001857 G=OK(+1.461e-11) MF=OK(active=19/20,min=+1.186e-10,slack=+3.987e-13)
[RMPCC 0108] OK solve=252.1ms pose=(0.980,0.533,0.019) u=(0.065,0.289) s=1.173 PSDFmin=+0.002732 G=OK(+1.198e-09) MF=OK(active=19/20,min=+8.053e-09,slack=+1.338e-11)
[RMPCC 0109] OK solve=124.0ms pose=(0.986,0.533,0.048) u=(0.055,0.104) s=1.179 PSDFmin=+0.007609 G=OK(+0.01092) MF=OK(active=20/20,min=+1.862e-11,slack=+2.044e-14)
[RMPCC 0110] OK solve=119.8ms pose=(0.992,0.533,0.058) u=(0.060,-0.061) s=1.185 PSDFmin=+0.001837 G=OK(+0.01496) MF=OK(active=20/20,min=+8.025e-11,slack=+3.513e-12)
[RMPCC 0111] OK solve=123.0ms pose=(0.998,0.534,0.052) u=(0.058,0.185) s=1.191 PSDFmin=-0.009054 G=OK(+0.001828) MF=OK(active=20/20,min=+6.85e-14,slack=+1.084e-16)
[RMPCC 0112] OK solve=132.6ms pose=(1.003,0.534,0.071) u=(0.053,0.324) s=1.197 PSDFmin=-0.02836 G=OK(+0.009283) MF=OK(active=10/20,min=+6.963e-11,slack=+3.258e-14)
[RMPCC 0113] OK solve=140.0ms pose=(1.009,0.534,0.103) u=(0.074,0.101) s=1.202 PSDFmin=+0.003173 G=OK(+1.219e-13) MF=OK(active=16/20,min=+5.832e-12,slack=+7.512e-15)
[RMPCC 0114] OK solve=115.6ms pose=(1.016,0.535,0.113) u=(0.042,0.021) s=1.209 PSDFmin=+0.01245 G=OK(+0.01149) MF=OK(active=20/20,min=+7.398e-12,slack=+8.377e-15)
[RMPCC 0115] OK solve=240.8ms pose=(1.020,0.536,0.115) u=(0.104,0.256) s=1.213 PSDFmin=+0.00872 G=OK(+0.0113) MF=OK(active=20/20,min=+3.173e-13,slack=+1.158e-15)
[RMPCC 0116] OK solve=364.1ms pose=(1.031,0.537,0.141) u=(0.057,0.572) s=1.224 PSDFmin=-0.005726 G=OK(+1.169e-13) MF=OK(active=18/20,min=+2.776e-12,slack=+2.505e-15)
[RMPCC 0117] OK solve=247.6ms pose=(1.036,0.538,0.198) u=(0.068,0.558) s=1.229 PSDFmin=+0.003253 G=OK(+0.006142) MF=OK(active=14/20,min=+1.545e-10,slack=+1.25e-13)
[RMPCC 0118] OK solve=277.3ms pose=(1.043,0.539,0.254) u=(0.073,0.361) s=1.236 PSDFmin=+0.005149 G=OK(+0.006733) MF=OK(active=20/20,min=-2.522e-13,slack=+4.459e-14)
[RMPCC 0119] OK solve=382.0ms pose=(1.050,0.541,0.290) u=(0.056,0.825) s=1.243 PSDFmin=+0.006338 G=OK(+0.005845) MF=OK(active=18/20,min=+2.238e-11,slack=+2.349e-14)
[RMPCC 0120] OK solve=382.3ms pose=(1.055,0.542,0.372) u=(0.086,0.380) s=1.248 PSDFmin=+0.005803 G=OK(+0.008229) MF=OK(active=17/20,min=+9.436e-12,slack=+2.478e-14)
[RMPCC 0121] OK solve=390.3ms pose=(1.063,0.546,0.410) u=(0.051,0.642) s=1.257 PSDFmin=+0.006803 G=OK(+0.005706) MF=OK(active=18/20,min=+2.128e-11,slack=+3.539e-14)
[RMPCC 0122] OK solve=358.2ms pose=(1.068,0.548,0.475) u=(0.102,0.497) s=1.264 PSDFmin=-0.001227 G=OK(+0.008118) MF=OK(active=18/20,min=-2.634e-13,slack=+7.917e-14)
[RMPCC 0123] OK solve=382.9ms pose=(1.077,0.552,0.524) u=(0.064,0.500) s=1.274 PSDFmin=-0.0004863 G=OK(+2.168e-09) MF=OK(active=16/20,min=+7.061e-09,slack=+9.389e-12)
[RMPCC 0124] OK solve=354.8ms pose=(1.083,0.556,0.574) u=(0.077,0.740) s=1.280 PSDFmin=+0.01036 G=OK(+0.007967) MF=OK(active=17/20,min=+4.459e-11,slack=+4.746e-14)
[RMPCC 0125] OK solve=373.9ms pose=(1.089,0.560,0.648) u=(0.040,0.369) s=1.288 PSDFmin=-0.00749 G=OK(+0.001528) MF=OK(active=19/20,min=+1.446e-09,slack=+2.598e-12)
[RMPCC 0126] OK solve=246.1ms pose=(1.092,0.562,0.685) u=(0.089,0.638) s=1.292 PSDFmin=+0.004704 G=OK(+4.703e-10) MF=OK(active=16/20,min=-1.155e-14,slack=+6.216e-15)
[RMPCC 0127] OK solve=259.9ms pose=(1.099,0.568,0.749) u=(0.045,0.318) s=1.301 PSDFmin=-0.008997 G=OK(+0.00246) MF=OK(active=20/20,min=+1.261e-08,slack=+9.58e-12)
[RMPCC 0128] OK solve=263.0ms pose=(1.103,0.571,0.781) u=(0.086,0.513) s=1.305 PSDFmin=+0.007071 G=OK(+0.0056) MF=OK(active=14/20,min=+8.605e-12,slack=+2.484e-14)
[RMPCC 0129] OK solve=126.6ms pose=(1.109,0.577,0.832) u=(0.043,0.379) s=1.314 PSDFmin=-0.05092 G=OK(+0.005788) MF=OK(active=20/20,min=+2.488e-14,slack=+6.833e-17)
[RMPCC 0130] OK solve=149.6ms pose=(1.112,0.580,0.870) u=(0.121,0.215) s=1.318 PSDFmin=+0.00417 G=OK(+0.00362) MF=OK(active=11/20,min=+1.71e-09,slack=+1.716e-12)
[RMPCC 0131] OK solve=291.8ms pose=(1.119,0.589,0.892) u=(0.060,0.108) s=1.330 PSDFmin=-0.02127 G=OK(+9.494e-10) MF=OK(active=20/20,min=+1.695e-08,slack=+7.931e-11)
[RMPCC 0132] OK solve=252.9ms pose=(1.123,0.594,0.902) u=(0.119,-0.141) s=1.336 PSDFmin=-0.006584 G=OK(+0.001148) MF=OK(active=8/20,min=+1.603e-14,slack=+4.297e-17)
[RMPCC 0133] OK solve=120.5ms pose=(1.131,0.603,0.888) u=(0.134,-0.909) s=1.347 PSDFmin=-0.01985 G=OK(+0.004846) MF=OK(active=12/20,min=+5.197e-13,slack=+1.019e-15)
[RMPCC 0134] OK solve=115.5ms pose=(1.139,0.614,0.797) u=(0.137,-0.546) s=1.360 PSDFmin=-0.0003909 G=OK(+0.002191) MF=OK(active=6/20,min=+1.877e-11,slack=+2.031e-14)
[RMPCC 0135] OK solve=126.4ms pose=(1.149,0.624,0.743) u=(0.127,-0.221) s=1.374 PSDFmin=-0.02327 G=OK(+0.005551) MF=OK(active=16/20,min=+6.054e-14,slack=+1.462e-16)
[RMPCC 0136] OK solve=119.4ms pose=(1.158,0.632,0.721) u=(0.085,-0.694) s=1.386 PSDFmin=+0.00408 G=OK(+0.004348) MF=OK(active=6/20,min=+3.557e-14,slack=+4.567e-17)
[RMPCC 0137] OK solve=127.8ms pose=(1.164,0.638,0.651) u=(0.109,-0.306) s=1.395 PSDFmin=-0.0104 G=OK(+7.1e-13) MF=OK(active=20/20,min=+3.87e-12,slack=+2.663e-14)
[RMPCC 0138] OK solve=130.5ms pose=(1.173,0.645,0.621) u=(0.090,-1.045) s=1.406 PSDFmin=+0.00738 G=OK(+0.005721) MF=OK(active=9/20,min=+9.617e-11,slack=+1.19e-13)
[RMPCC 0139] OK solve=242.7ms pose=(1.180,0.650,0.516) u=(0.116,-0.483) s=1.415 PSDFmin=-0.005435 G=OK(+0) MF=OK(active=20/20,min=-4.117e-16,slack=+0.1501)
[RMPCC 0140] OK solve=395.8ms pose=(1.191,0.655,0.468) u=(0.072,-1.200) s=1.426 PSDFmin=-0.02005 G=OK(+0.001256) MF=OK(active=7/20,min=+3.333e-12,slack=+1.281e-14)
[RMPCC 0141] OK solve=371.5ms pose=(1.197,0.659,0.348) u=(0.147,-0.548) s=1.430 PSDFmin=-0.0007776 G=OK(+5.773e-14) MF=OK(active=16/20,min=+1.423e-13,slack=+1.09e-15)
[RMPCC 0142] OK solve=244.3ms pose=(1.211,0.664,0.293) u=(0.080,-0.986) s=1.447 PSDFmin=+0.0007271 G=OK(+0.0142) MF=OK(active=15/20,min=+3.966e-12,slack=+1.748e-14)
[RMPCC 0143] OK solve=141.7ms pose=(1.218,0.666,0.194) u=(0.147,-0.991) s=1.450 PSDFmin=-0.03476 G=OK(+0.01642) MF=OK(active=19/20,min=+9.473e-14,slack=+5.772e-16)
[RMPCC 0144] OK solve=131.4ms pose=(1.233,0.669,0.095) u=(0.083,-0.484) s=1.465 PSDFmin=+0.005464 G=OK(+0.01033) MF=OK(active=10/20,min=+2.295e-11,slack=+5.513e-14)
[RMPCC 0145] OK solve=127.6ms pose=(1.241,0.670,0.047) u=(0.083,-0.312) s=1.476 PSDFmin=+0.0001143 G=OK(+0.01497) MF=OK(active=20/20,min=+9.613e-13,slack=+5.69e-15)
[RMPCC 0146] OK solve=123.0ms pose=(1.249,0.670,0.016) u=(0.097,-0.043) s=1.482 PSDFmin=-0.01621 G=OK(+0.01021) MF=OK(active=18/20,min=+2.289e-10,slack=+3.928e-13)
[RMPCC 0147] OK solve=122.5ms pose=(1.259,0.670,0.011) u=(0.121,-0.120) s=1.491 PSDFmin=+0.001762 G=OK(+0.0002044) MF=OK(active=11/20,min=+2.562e-13,slack=+4.185e-16)
[RMPCC 0148] OK solve=120.5ms pose=(1.271,0.670,-0.001) u=(0.094,0.158) s=1.505 PSDFmin=+0.002477 G=OK(+0.02233) MF=OK(active=20/20,min=+1.25e-14,slack=+6.937e-17)
[RMPCC 0149] OK solve=132.8ms pose=(1.281,0.670,0.015) u=(0.122,0.493) s=1.513 PSDFmin=-0.02675 G=OK(+0.01512) MF=OK(active=20/20,min=+1.499e-12,slack=+3.971e-15)
[RMPCC 0150] OK solve=117.4ms pose=(1.293,0.671,0.064) u=(0.131,0.166) s=1.525 PSDFmin=-0.01388 G=OK(+4.875e-10) MF=OK(active=6/20,min=+1.522e-05,slack=+4.551e-12)
[RMPCC 0151] OK solve=129.7ms pose=(1.306,0.671,0.081) u=(0.129,-0.157) s=1.538 PSDFmin=-0.003671 G=OK(+1.377e-14) MF=OK(active=13/20,min=+3.383e-13,slack=+7.624e-16)
[RMPCC 0152] OK solve=131.5ms pose=(1.319,0.672,0.065) u=(0.134,0.164) s=1.551 PSDFmin=-0.02908 G=OK(+0.008105) MF=OK(active=15/20,min=+2.378e-12,slack=+4.128e-14)
[RMPCC 0153] OK solve=134.8ms pose=(1.332,0.673,0.082) u=(0.137,-0.134) s=1.564 PSDFmin=+0.002572 G=OK(+7.312e-13) MF=OK(active=17/20,min=+4.792e-12,slack=+2.972e-14)
[RMPCC 0154] OK solve=248.7ms pose=(1.346,0.674,0.068) u=(0.180,-0.539) s=1.578 PSDFmin=+0.01272 G=OK(+0.01252) MF=OK(active=20/20,min=+3.774e-17,slack=+4.451e-17)
[RMPCC 0155] OK solve=234.5ms pose=(1.364,0.676,0.014) u=(0.205,-0.165) s=1.595 PSDFmin=-0.01518 G=OK(+5.91e-11) MF=OK(active=19/20,min=+3.441e-10,slack=+6.838e-13)
[RMPCC 0156] OK solve=123.9ms pose=(1.384,0.676,-0.002) u=(0.144,0.070) s=1.615 PSDFmin=-0.02001 G=OK(+0.006844) MF=OK(active=5/20,min=+1.421e-13,slack=+2.182e-17)
[RMPCC 0157] OK solve=122.3ms pose=(1.399,0.676,0.005) u=(0.142,0.025) s=1.630 PSDFmin=+0.0009801 G=OK(+1.019e-13) MF=OK(active=14/20,min=+1.909e-12,slack=+2.83e-15)
[RMPCC 0158] OK solve=129.7ms pose=(1.413,0.676,0.008) u=(0.265,1.160) s=1.640 PSDFmin=-0.01654 G=OK(+0.006744) MF=OK(active=19/20,min=+3.786e-10,slack=+3.19e-12)
[RMPCC 0159] OK solve=266.1ms pose=(1.440,0.676,0.124) u=(0.143,0.568) s=1.671 PSDFmin=-0.006205 G=OK(+7.416e-14) MF=OK(active=19/20,min=+1.048e-12,slack=+4.432e-15)
[RMPCC 0160] OK solve=368.5ms pose=(1.454,0.678,0.180) u=(0.073,0.282) s=1.685 PSDFmin=+0.004856 G=OK(+4.898e-13) MF=OK(active=11/20,min=+3.481e-12,slack=+8.708e-15)
[RMPCC 0161] OK solve=380.9ms pose=(1.461,0.679,0.209) u=(0.114,0.165) s=1.691 PSDFmin=+0.006707 G=OK(+0.006277) MF=OK(active=19/20,min=+1.509e-11,slack=+2.063e-13)
[RMPCC 0162] OK solve=387.4ms pose=(1.472,0.682,0.225) u=(0.057,0.084) s=1.704 PSDFmin=-0.01984 G=OK(+0.0129) MF=OK(active=17/20,min=+1.101e-08,slack=+6.849e-12)
[RMPCC 0163] OK solve=250.0ms pose=(1.478,0.683,0.233) u=(0.088,0.645) s=1.710 PSDFmin=+0.0007685 G=OK(+3.331e-16) MF=OK(active=8/20,min=+1.293e-10,slack=+8.385e-14)
[RMPCC 0164] OK solve=249.1ms pose=(1.486,0.685,0.298) u=(0.068,0.297) s=1.718 PSDFmin=+0.006804 G=OK(+0.005907) MF=OK(active=19/20,min=-8.185e-16,slack=+1e-15)
[RMPCC 0165] OK solve=383.5ms pose=(1.493,0.687,0.328) u=(0.093,0.404) s=1.725 PSDFmin=-0.03455 G=OK(+0.008203) MF=OK(active=18/20,min=+6.244e-15,slack=+9.146e-17)
[RMPCC 0166] OK solve=363.1ms pose=(1.502,0.690,0.368) u=(0.107,0.311) s=1.734 PSDFmin=+0.003035 G=OK(+3.973e-12) MF=OK(active=15/20,min=+9.29e-12,slack=+6.003e-14)
[RMPCC 0167] OK solve=415.9ms pose=(1.511,0.694,0.399) u=(0.053,1.200) s=1.744 PSDFmin=+0.002232 G=OK(+0.004943) MF=OK(active=13/20,min=+3.658e-13,slack=+1.633e-15)
[RMPCC 0168] OK solve=388.4ms pose=(1.516,0.696,0.519) u=(0.140,0.551) s=1.750 PSDFmin=-0.0137 G=OK(+0.005583) MF=OK(active=18/20,min=+5.401e-10,slack=+8.874e-13)
[RMPCC 0169] OK solve=273.8ms pose=(1.529,0.703,0.574) u=(0.078,0.558) s=1.765 PSDFmin=-0.005456 G=OK(+2.166e-12) MF=OK(active=7/20,min=+0.07525,slack=+1.081e-13)
[RMPCC 0170] OK solve=126.1ms pose=(1.535,0.707,0.630) u=(0.039,0.409) s=1.773 PSDFmin=+0.008463 G=OK(+0.00609) MF=OK(active=15/20,min=+9.614e-14,slack=+2.179e-16)
[RMPCC 0171] OK solve=127.6ms pose=(1.538,0.709,0.671) u=(0.076,0.247) s=1.778 PSDFmin=-0.01266 G=OK(+0.008186) MF=OK(active=20/20,min=+1.377e-12,slack=+5.706e-14)
[RMPCC 0172] OK solve=141.9ms pose=(1.544,0.714,0.696) u=(0.039,0.122) s=1.784 PSDFmin=-0.002249 G=OK(+0.00193) MF=OK(active=12/20,min=+4.979e-14,slack=+5.218e-17)
[RMPCC 0173] OK solve=133.2ms pose=(1.547,0.717,0.708) u=(0.143,1.200) s=1.792 PSDFmin=-0.02851 G=OK(+0.002779) MF=OK(active=16/20,min=+8.063e-12,slack=+7.29e-14)
[RMPCC 0174] OK solve=120.2ms pose=(1.558,0.726,0.828) u=(0.087,0.773) s=1.807 PSDFmin=-0.005675 G=OK(+0.001832) MF=OK(active=8/20,min=+2.219e-11,slack=+1.221e-13)
[RMPCC 0175] OK solve=115.8ms pose=(1.564,0.732,0.905) u=(0.065,0.375) s=1.811 PSDFmin=-0.01231 G=OK(+0.01034) MF=OK(active=12/20,min=+1.262e-13,slack=+7.381e-16)
[RMPCC 0176] OK solve=251.6ms pose=(1.568,0.737,0.943) u=(0.095,0.218) s=1.823 PSDFmin=-0.01328 G=OK(+7.405e-13) MF=OK(active=8/20,min=+1.924e-12,slack=+3.728e-15)
[RMPCC 0177] OK solve=237.0ms pose=(1.574,0.745,0.964) u=(0.155,0.005) s=1.826 PSDFmin=-0.01069 G=OK(+0.01071) MF=OK(active=6/20,min=+1.866e-11,slack=+9.958e-14)
[RMPCC 0178] OK solve=244.4ms pose=(1.582,0.758,0.965) u=(0.094,-1.200) s=1.841 PSDFmin=-0.03142 G=OK(+5.129e-14) MF=OK(active=9/20,min=+6.154e-14,slack=+2.923e-16)
[RMPCC 0179] OK solve=246.8ms pose=(1.588,0.765,0.845) u=(0.098,-0.991) s=1.857 PSDFmin=+0.0005518 G=OK(+0) MF=OK(active=3/20,min=+2.133e-13,slack=+1.435e-16)
[RMPCC 0180] OK solve=127.5ms pose=(1.594,0.773,0.746) u=(0.203,-0.439) s=1.859 PSDFmin=-0.02099 G=OK(+0.007532) MF=OK(active=18/20,min=+1.699e-13,slack=+1.174e-15)
[RMPCC 0181] OK solve=122.5ms pose=(1.609,0.787,0.702) u=(0.101,-1.200) s=1.880 PSDFmin=-0.02132 G=OK(+0.003527) MF=OK(active=4/20,min=+0.08255,slack=+5.257e-14)
[RMPCC 0182] OK solve=124.2ms pose=(1.617,0.793,0.582) u=(0.084,-0.763) s=1.895 PSDFmin=+0.0006119 G=OK(+2.22e-16) MF=OK(active=8/20,min=+7.818e-14,slack=+1.66e-17)
[RMPCC 0183] OK solve=252.5ms pose=(1.624,0.798,0.506) u=(0.155,-0.307) s=1.898 PSDFmin=-0.02992 G=OK(+1.48e-11) MF=OK(active=19/20,min=+3.764e-12,slack=+3.446e-13)
[RMPCC 0184] OK solve=378.9ms pose=(1.637,0.805,0.475) u=(0.103,-0.990) s=1.913 PSDFmin=-0.01623 G=OK(+0.009571) MF=OK(active=10/20,min=+0.107,slack=+1.492e-16)
[RMPCC 0185] OK solve=252.0ms pose=(1.647,0.810,0.376) u=(0.096,-0.631) s=1.924 PSDFmin=+0.003694 G=OK(+0) MF=OK(active=8/20,min=+1.776e-13,slack=+1.365e-17)
[RMPCC 0186] OK solve=284.6ms pose=(1.655,0.813,0.313) u=(0.121,-0.232) s=1.933 PSDFmin=-0.02448 G=OK(+0.003839) MF=OK(active=20/20,min=+5.393e-12,slack=+1.105e-13)
[RMPCC 0187] OK solve=274.2ms pose=(1.667,0.817,0.290) u=(0.090,-0.865) s=1.939 PSDFmin=-0.01607 G=OK(+0.01611) MF=OK(active=14/20,min=+0.2398,slack=+3.324e-14)
[RMPCC 0188] OK solve=134.5ms pose=(1.676,0.820,0.203) u=(0.082,-0.427) s=1.952 PSDFmin=+0.001438 G=OK(+7.707e-13) MF=OK(active=7/20,min=+1.936e-10,slack=+1.178e-14)
[RMPCC 0189] OK solve=119.0ms pose=(1.684,0.821,0.160) u=(0.098,-0.134) s=1.954 PSDFmin=-0.01546 G=OK(+1.998e-15) MF=OK(active=20/20,min=+1.086e-14,slack=+2.188e-16)
[RMPCC 0190] OK solve=125.7ms pose=(1.693,0.823,0.147) u=(0.081,-0.893) s=1.964 PSDFmin=-0.02276 G=OK(+0.0172) MF=OK(active=15/20,min=+0.1481,slack=+1.575e-16)
[RMPCC 0191] OK solve=131.1ms pose=(1.701,0.824,0.058) u=(0.089,-0.415) s=1.972 PSDFmin=+0.0003112 G=OK(+2.22e-15) MF=OK(active=5/20,min=+1.545e-11,slack=+1.657e-15)
[RMPCC 0192] OK solve=122.4ms pose=(1.710,0.825,0.016) u=(0.142,-0.058) s=1.980 PSDFmin=-0.01046 G=OK(+9.452e-13) MF=OK(active=19/20,min=+3.468e-13,slack=+2.703e-14)
[RMPCC 0193] OK solve=128.9ms pose=(1.724,0.825,0.010) u=(0.086,-1.099) s=1.994 PSDFmin=-0.02697 G=OK(+2.661e-11) MF=OK(active=15/20,min=+1.827e-10,slack=+1.907e-13)
[RMPCC 0194] OK solve=142.5ms pose=(1.733,0.825,-0.099) u=(0.098,-0.517) s=1.995 PSDFmin=-0.0002332 G=OK(+9.095e-11) MF=OK(active=3/20,min=+1.365e-07,slack=+1.488e-12)
[RMPCC 0195] OK solve=271.4ms pose=(1.743,0.824,-0.151) u=(0.267,-1.200) s=2.010 PSDFmin=-0.01227 G=OK(+1.448e-13) MF=OK(active=17/20,min=+4.468e-13,slack=+0.2144)
[RMPCC 0196] OK solve=241.8ms pose=(1.769,0.820,-0.271) u=(0.163,-0.539) s=2.027 PSDFmin=-0.009266 G=OK(+0.006475) MF=OK(active=12/20,min=-7.286e-16,slack=+0.04804)
[RMPCC 0197] OK solve=276.4ms pose=(1.785,0.816,-0.325) u=(0.088,-0.646) s=2.055 PSDFmin=-0.01428 G=OK(+0.005587) MF=OK(active=14/20,min=+2.149e-12,slack=+1.369e-14)
[RMPCC 0198] OK solve=376.7ms pose=(1.793,0.813,-0.390) u=(0.060,-0.291) s=2.064 PSDFmin=+0.005942 G=OK(+0.008209) MF=OK(active=11/20,min=+1.316e-13,slack=+3.686e-15)
[RMPCC 0199] OK solve=350.0ms pose=(1.799,0.811,-0.419) u=(0.079,-0.237) s=2.065 PSDFmin=+0.007694 G=OK(+0.006978) MF=OK(active=16/20,min=+5.266e-13,slack=+7.765e-16)
[RMPCC 0200] OK solve=404.1ms pose=(1.806,0.807,-0.443) u=(0.040,-0.119) s=2.076 PSDFmin=+0.002877 G=OK(+0.008076) MF=OK(active=19/20,min=+3.591e-15,slack=+3.823e-17)
[RMPCC 0201] OK solve=394.4ms pose=(1.809,0.806,-0.454) u=(0.054,-1.200) s=2.080 PSDFmin=+0.001149 G=OK(+0.002226) MF=OK(active=17/20,min=+1.223e-12,slack=+1.121e-15)
[RMPCC 0202] OK solve=358.8ms pose=(1.814,0.803,-0.574) u=(0.036,-0.595) s=2.085 PSDFmin=+0.006456 G=OK(+0.00541) MF=OK(active=17/20,min=+9.507e-10,slack=+8.156e-13)
[RMPCC 0203] OK solve=384.0ms pose=(1.817,0.801,-0.634) u=(0.018,-0.298) s=2.093 PSDFmin=+0.004764 G=OK(+0.004891) MF=OK(active=19/20,min=+2.852e-14,slack=+9.37e-17)
[RMPCC 0204] OK solve=357.0ms pose=(1.819,0.800,-0.664) u=(0.194,-0.374) s=2.095 PSDFmin=+0.004229 G=OK(+0.003445) MF=OK(active=19/20,min=+1.622e-12,slack=+2.327e-15)
[RMPCC 0205] OK solve=374.6ms pose=(1.834,0.788,-0.701) u=(0.097,-0.349) s=2.115 PSDFmin=-0.01086 G=OK(+0.005094) MF=OK(active=19/20,min=+5.846e-14,slack=+0.02267)
[RMPCC 0206] OK solve=254.9ms pose=(1.841,0.782,-0.736) u=(0.063,-0.883) s=2.129 PSDFmin=+0.003504 G=OK(+0.006003) MF=OK(active=15/20,min=+3.029e-13,slack=+4.503e-15)
[RMPCC 0207] OK solve=253.7ms pose=(1.846,0.778,-0.824) u=(0.085,-1.200) s=2.130 PSDFmin=-0.006768 G=OK(+0.007563) MF=OK(active=20/20,min=+1.494e-11,slack=+1.556e-14)
[RMPCC 0208] OK solve=243.2ms pose=(1.852,0.772,-0.944) u=(0.050,-0.668) s=2.133 PSDFmin=+0.008689 G=OK(+0.009467) MF=OK(active=16/20,min=+1.164e-12,slack=+2.397e-15)
[RMPCC 0209] OK solve=121.8ms pose=(1.855,0.768,-1.011) u=(0.105,-1.058) s=2.144 PSDFmin=-0.01761 G=OK(+0.01081) MF=OK(active=20/20,min=+2.923e-12,slack=+6.845e-15)
[RMPCC 0210] OK solve=123.3ms pose=(1.860,0.759,-1.117) u=(0.113,-0.665) s=2.147 PSDFmin=+0.006863 G=OK(+0.0129) MF=OK(active=17/20,min=+1.58e-11,slack=+2.385e-15)
[RMPCC 0211] OK solve=135.4ms pose=(1.865,0.748,-1.183) u=(0.098,-0.576) s=2.161 PSDFmin=+0.001971 G=OK(+0.008364) MF=OK(active=20/20,min=+1.782e-14,slack=+5.461e-17)
[RMPCC 0212] OK solve=130.4ms pose=(1.869,0.739,-1.241) u=(0.144,-0.781) s=2.168 PSDFmin=-0.001597 G=OK(+0.01334) MF=OK(active=20/20,min=+0.121,slack=+1.408e-12)
[RMPCC 0213] OK solve=122.8ms pose=(1.874,0.726,-1.319) u=(0.141,-0.522) s=2.183 PSDFmin=+0.002072 G=OK(+0.0001504) MF=OK(active=13/20,min=+1.145e-12,slack=+1.147e-15)
[RMPCC 0214] OK solve=131.5ms pose=(1.877,0.712,-1.371) u=(0.165,-0.257) s=2.195 PSDFmin=-0.00352 G=OK(+0.01042) MF=OK(active=20/20,min=+2.133e-14,slack=+3.498e-17)
[RMPCC 0215] OK solve=138.8ms pose=(1.880,0.696,-1.397) u=(0.148,-0.912) s=2.208 PSDFmin=-0.02047 G=OK(+0.01544) MF=OK(active=16/20,min=+1.421e-14,slack=+2.017e-17)
[RMPCC 0216] OK solve=126.3ms pose=(1.883,0.681,-1.488) u=(0.145,-0.492) s=2.221 PSDFmin=-0.008981 G=OK(+2.216e-11) MF=OK(active=7/20,min=+0.2002,slack=+1.142e-12)
[RMPCC 0217] OK solve=124.5ms pose=(1.884,0.667,-1.537) u=(0.170,-0.170) s=2.235 PSDFmin=+0.00061 G=OK(+3.508e-14) MF=OK(active=19/20,min=+1.607e-13,slack=+8.57e-16)
[RMPCC 0218] OK solve=238.2ms pose=(1.885,0.650,-1.554) u=(0.395,-1.033) s=2.251 PSDFmin=-0.004108 G=OK(+1.936e-13) MF=OK(active=19/20,min=-2.277e-14,slack=+0.046)
[RMPCC 0219] OK solve=370.1ms pose=(1.885,0.611,-1.658) u=(0.201,-0.699) s=2.291 PSDFmin=+0.009813 G=OK(+0.009065) MF=OK(active=14/20,min=+1.53e-07,slack=+3.953e-10)
[RMPCC 0220] OK solve=378.5ms pose=(1.884,0.591,-1.728) u=(0.176,-0.825) s=2.297 PSDFmin=+0.0002013 G=OK(+0.007089) MF=OK(active=16/20,min=+8.194e-11,slack=+4.219e-13)
[RMPCC 0221] OK solve=381.8ms pose=(1.881,0.573,-1.810) u=(0.175,-0.378) s=2.314 PSDFmin=+0.002556 G=OK(+0.001246) MF=OK(active=15/20,min=+2.072e-09,slack=+6.658e-12)
[RMPCC 0222] OK solve=367.6ms pose=(1.877,0.556,-1.848) u=(0.114,-0.135) s=2.332 PSDFmin=+0.002063 G=OK(+0.0009093) MF=OK(active=17/20,min=+2.136e-14,slack=+4.654e-17)
[RMPCC 0223] OK solve=358.8ms pose=(1.874,0.545,-1.861) u=(0.112,0.160) s=2.351 PSDFmin=+0.003858 G=OK(+0.005874) MF=OK(active=19/20,min=+1.341e-10,slack=+3.864e-13)
[RMPCC 0224] OK solve=369.3ms pose=(1.870,0.534,-1.845) u=(0.056,1.200) s=2.354 PSDFmin=+0.01115 G=OK(+0.007769) MF=OK(active=19/20,min=+1.022e-13,slack=+1.912e-16)
[RMPCC 0225] OK solve=384.0ms pose=(1.869,0.529,-1.725) u=(0.106,0.917) s=2.356 PSDFmin=+0.005877 G=OK(+8.184e-09) MF=OK(active=17/20,min=+1.582e-07,slack=+3.868e-10)
[RMPCC 0226] OK solve=378.7ms pose=(1.867,0.519,-1.634) u=(0.157,0.390) s=2.373 PSDFmin=+0.006687 G=OK(+0.003627) MF=OK(active=17/20,min=+2.999e-10,slack=+6.898e-13)
[RMPCC 0227] OK solve=370.4ms pose=(1.866,0.503,-1.595) u=(0.080,0.189) s=2.394 PSDFmin=-0.01436 G=OK(+0.00619) MF=OK(active=16/20,min=+4.713e-09,slack=+2.021e-12)
[RMPCC 0228] OK solve=256.6ms pose=(1.866,0.495,-1.576) u=(0.095,-0.059) s=2.396 PSDFmin=+0.001694 G=OK(+6.304e-12) MF=OK(active=12/20,min=+7.27e-11,slack=+2.021e-13)
[RMPCC 0229] OK solve=245.4ms pose=(1.866,0.485,-1.582) u=(0.048,-1.118) s=2.413 PSDFmin=-0.006091 G=OK(+0.005771) MF=OK(active=20/20,min=+1.413e-12,slack=+1.066e-14)
[RMPCC 0230] OK solve=379.8ms pose=(1.866,0.481,-1.693) u=(0.071,-0.544) s=2.413 PSDFmin=+0.001145 G=OK(+0.00436) MF=OK(active=14/20,min=+6.256e-11,slack=+8.917e-14)
[RMPCC 0231] OK solve=367.8ms pose=(1.865,0.474,-1.748) u=(0.076,-0.604) s=2.428 PSDFmin=+0.008335 G=OK(+0.007304) MF=OK(active=19/20,min=+7.118e-10,slack=+3.924e-12)
[RMPCC 0232] OK solve=378.6ms pose=(1.864,0.466,-1.808) u=(0.110,-0.229) s=2.430 PSDFmin=-0.006923 G=OK(+0.003736) MF=OK(active=16/20,min=+1.778e-14,slack=+9.001e-17)
[RMPCC 0233] OK solve=381.6ms pose=(1.861,0.455,-1.831) u=(0.065,-0.849) s=2.446 PSDFmin=+0.002722 G=OK(+0.004746) MF=OK(active=14/20,min=+1.729e-09,slack=+1.745e-12)
[RMPCC 0234] OK solve=417.7ms pose=(1.860,0.449,-1.916) u=(0.107,-0.415) s=2.452 PSDFmin=+0.008697 G=OK(+0.007244) MF=OK(active=18/20,min=+2.349e-13,slack=+4.544e-16)
[RMPCC 0235] OK solve=379.7ms pose=(1.856,0.439,-1.958) u=(0.059,-1.200) s=2.462 PSDFmin=-0.01133 G=OK(+0.002107) MF=OK(active=19/20,min=+7.139e-15,slack=+3.338e-17)
[RMPCC 0236] OK solve=404.2ms pose=(1.854,0.434,-2.078) u=(0.113,-0.562) s=2.468 PSDFmin=+0.004238 G=OK(+0.004183) MF=OK(active=13/20,min=+2.472e-09,slack=+2.009e-12)
[RMPCC 0237] OK solve=244.3ms pose=(1.848,0.424,-2.134) u=(0.057,-0.475) s=2.481 PSDFmin=-0.006202 G=OK(+0.008491) MF=OK(active=17/20,min=+2.596e-13,slack=+3.005e-16)
[RMPCC 0238] OK solve=126.2ms pose=(1.845,0.419,-2.181) u=(0.078,-0.523) s=2.487 PSDFmin=-0.00603 G=OK(+0.003155) MF=OK(active=15/20,min=+2.835e-12,slack=+1.101e-14)
[RMPCC 0239] OK solve=128.2ms pose=(1.841,0.413,-2.234) u=(0.039,-0.334) s=2.494 PSDFmin=-0.01987 G=OK(+3.144e-10) MF=OK(active=12/20,min=+1.253e-09,slack=+9.516e-12)
[RMPCC 0240] OK solve=136.1ms pose=(1.838,0.410,-2.267) u=(0.119,-0.346) s=2.502 PSDFmin=-0.0008702 G=OK(+0.004219) MF=OK(active=10/20,min=+3.556e-14,slack=+2.839e-17)
[RMPCC 0241] OK solve=271.2ms pose=(1.831,0.401,-2.302) u=(0.059,-1.200) s=2.512 PSDFmin=-0.06075 G=OK(+0.007106) MF=OK(active=17/20,min=-4.16e-12,slack=+0.002517)
[RMPCC 0242] OK solve=368.7ms pose=(1.827,0.396,-2.422) u=(0.134,-0.582) s=2.523 PSDFmin=+0.005584 G=OK(+1.412e-13) MF=OK(active=10/20,min=+5.459e-13,slack=+6.088e-16)
[RMPCC 0243] OK solve=356.5ms pose=(1.817,0.387,-2.480) u=(0.067,-0.291) s=2.533 PSDFmin=-0.001459 G=OK(+5.174e-14) MF=OK(active=14/20,min=+2.356e-13,slack=+2.503e-15)
[RMPCC 0244] OK solve=371.9ms pose=(1.811,0.383,-2.509) u=(0.116,-0.084) s=2.544 PSDFmin=-0.01861 G=OK(+0.001164) MF=OK(active=11/20,min=+1.699e-12,slack=+6.791e-15)
[RMPCC 0245] OK solve=240.6ms pose=(1.802,0.376,-2.517) u=(0.187,0.421) s=2.555 PSDFmin=-0.006158 G=OK(+0.006661) MF=OK(active=9/20,min=+5.982e-13,slack=+1.367e-15)
[RMPCC 0246] OK solve=273.7ms pose=(1.787,0.365,-2.475) u=(0.192,1.200) s=2.565 PSDFmin=-0.006013 G=OK(+0.005601) MF=OK(active=10/20,min=+3.431e-14,slack=+5.615e-16)
[RMPCC 0247] OK solve=368.7ms pose=(1.772,0.353,-2.355) u=(0.120,1.013) s=2.586 PSDFmin=-0.008634 G=OK(+5.39e-12) MF=OK(active=9/20,min=+3.738e-11,slack=+5.895e-14)
[RMPCC 0248] OK solve=372.4ms pose=(1.763,0.345,-2.254) u=(0.139,0.858) s=2.597 PSDFmin=+0.002028 G=OK(+0.009184) MF=OK(active=13/20,min=+3.481e-12,slack=+2.233e-14)
[RMPCC 0249] OK solve=377.3ms pose=(1.755,0.334,-2.168) u=(0.074,0.820) s=2.609 PSDFmin=-0.02965 G=OK(+0.01027) MF=OK(active=19/20,min=+1.335e-11,slack=+5.65e-14)
[RMPCC 0250] OK solve=259.3ms pose=(1.750,0.328,-2.086) u=(0.099,0.774) s=2.618 PSDFmin=+0.0005412 G=OK(+1.555e-11) MF=OK(active=9/20,min=+1.166e-09,slack=+4.804e-13)
[RMPCC 0251] OK solve=114.2ms pose=(1.746,0.319,-2.009) u=(0.153,0.304) s=2.628 PSDFmin=-0.01431 G=OK(+0.01137) MF=OK(active=19/20,min=+1.245e-11,slack=+3.778e-13)
[RMPCC 0252] OK solve=239.9ms pose=(1.739,0.306,-1.978) u=(0.076,1.200) s=2.641 PSDFmin=-0.1365 G=OK(+2.22e-16) MF=OK(active=15/20,min=-4.441e-16,slack=+0.2192)
[RMPCC 0253] OK solve=254.9ms pose=(1.736,0.299,-1.858) u=(0.178,0.538) s=2.648 PSDFmin=+0.000997 G=OK(+7.749e-14) MF=OK(active=6/20,min=+4.086e-12,slack=+6.396e-15)
[RMPCC 0254] OK solve=244.3ms pose=(1.731,0.282,-1.804) u=(0.089,0.490) s=2.664 PSDFmin=-0.01432 G=OK(+1.388e-17) MF=OK(active=19/20,min=+1.516e-16,slack=+0.2374)
[RMPCC 0255] OK solve=360.8ms pose=(1.729,0.273,-1.755) u=(0.120,0.926) s=2.669 PSDFmin=-0.03891 G=OK(+0.01079) MF=OK(active=10/20,min=+2.825e-09,slack=+5.354e-11)
[RMPCC 0256] OK solve=252.8ms pose=(1.727,0.261,-1.663) u=(0.141,0.389) s=2.681 PSDFmin=-0.01266 G=OK(+2.22e-16) MF=OK(active=4/20,min=+6.743e-13,slack=+1.082e-15)
[RMPCC 0257] OK solve=141.0ms pose=(1.725,0.247,-1.624) u=(0.111,0.172) s=2.692 PSDFmin=-0.002273 G=OK(+0.0061) MF=OK(active=17/20,min=+3.815e-13,slack=+1.403e-15)
[RMPCC 0258] OK solve=268.2ms pose=(1.725,0.236,-1.607) u=(0.105,0.559) s=2.703 PSDFmin=+0.007779 G=OK(+0.02161) MF=OK(active=14/20,min=+2.789e-13,slack=+1.908e-15)
[RMPCC 0259] OK solve=244.3ms pose=(1.724,0.225,-1.551) u=(0.103,0.208) s=2.710 PSDFmin=+0.001582 G=OK(+0.01123) MF=OK(active=19/20,min=+8.227e-10,slack=+6.146e-12)
[RMPCC 0260] OK solve=230.2ms pose=(1.725,0.215,-1.530) u=(0.147,0.537) s=2.716 PSDFmin=+0.01228 G=OK(+0.01885) MF=OK(active=20/20,min=+2.135e-14,slack=+1.652e-16)
[RMPCC 0261] OK solve=374.1ms pose=(1.725,0.200,-1.476) u=(0.085,0.459) s=2.734 PSDFmin=-0.004188 G=OK(+0.001662) MF=OK(active=18/20,min=+4.73e-13,slack=+5.604e-16)
[RMPCC 0262] OK solve=367.0ms pose=(1.726,0.192,-1.430) u=(0.058,0.477) s=2.740 PSDFmin=-0.00156 G=OK(+2.224e-08) MF=OK(active=9/20,min=+5.738e-07,slack=+1.739e-10)
[RMPCC 0263] OK solve=244.3ms pose=(1.727,0.186,-1.383) u=(0.049,0.261) s=2.745 PSDFmin=+0.003024 G=OK(+0.001108) MF=OK(active=11/20,min=+8.434e-13,slack=+1.373e-15)
[RMPCC 0264] OK solve=126.9ms pose=(1.728,0.182,-1.357) u=(0.072,0.040) s=2.751 PSDFmin=+0.01058 G=OK(+0.01325) MF=OK(active=20/20,min=+8.553e-14,slack=+2.632e-16)
[RMPCC 0265] OK solve=124.0ms pose=(1.729,0.175,-1.353) u=(0.061,0.478) s=2.757 PSDFmin=-0.001582 G=OK(+0.006248) MF=OK(active=20/20,min=+9.239e-13,slack=+1.211e-15)
[RMPCC 0266] OK solve=243.9ms pose=(1.731,0.169,-1.305) u=(0.046,0.353) s=2.763 PSDFmin=+0.004907 G=OK(+0.00504) MF=OK(active=19/20,min=+2.241e-10,slack=+2.881e-13)
[RMPCC 0267] OK solve=261.4ms pose=(1.732,0.164,-1.270) u=(0.074,0.325) s=2.769 PSDFmin=+0.008205 G=OK(+0.007411) MF=OK(active=19/20,min=+1.757e-11,slack=+8.371e-15)
[RMPCC 0268] OK solve=242.1ms pose=(1.734,0.157,-1.237) u=(0.049,0.486) s=2.775 PSDFmin=+0.007744 G=OK(+0.006398) MF=OK(active=20/20,min=+1.19e-11,slack=+7.837e-15)
[RMPCC 0269] OK solve=252.9ms pose=(1.736,0.153,-1.189) u=(0.064,0.364) s=2.781 PSDFmin=+0.005997 G=OK(+0.005138) MF=OK(active=19/20,min=+1.095e-14,slack=+3.004e-16)
[RMPCC 0270] OK solve=277.8ms pose=(1.738,0.147,-1.152) u=(0.032,0.532) s=2.792 PSDFmin=+0.0059 G=OK(+0.004383) MF=OK(active=20/20,min=+5.927e-10,slack=+2.456e-13)
[RMPCC 0271] OK solve=393.8ms pose=(1.739,0.144,-1.099) u=(0.052,0.276) s=2.792 PSDFmin=+0.006947 G=OK(+0.005944) MF=OK(active=18/20,min=+6.539e-13,slack=+1.899e-16)
[RMPCC 0272] OK solve=378.4ms pose=(1.742,0.139,-1.071) u=(0.032,0.489) s=2.800 PSDFmin=+0.006982 G=OK(+0.00526) MF=OK(active=18/20,min=+4.426e-09,slack=+2.232e-12)
[RMPCC 0273] OK solve=375.3ms pose=(1.743,0.136,-1.022) u=(0.041,0.229) s=2.803 PSDFmin=+0.007605 G=OK(+0.006297) MF=OK(active=19/20,min=+3.23e-10,slack=+1.075e-13)
[RMPCC 0274] OK solve=371.3ms pose=(1.745,0.133,-0.999) u=(0.022,0.446) s=2.806 PSDFmin=+0.006736 G=OK(+0.005216) MF=OK(active=18/20,min=+1.233e-07,slack=+4.926e-11)
[RMPCC 0275] OK solve=250.8ms pose=(1.746,0.131,-0.955) u=(0.042,0.274) s=2.810 PSDFmin=+0.007307 G=OK(+0.006387) MF=OK(active=19/20,min=+4.704e-09,slack=+2.39e-12)
[RMPCC 0276] OK solve=260.2ms pose=(1.749,0.127,-0.928) u=(0.023,0.412) s=2.814 PSDFmin=+0.006607 G=OK(+0.005476) MF=OK(active=20/20,min=+3.358e-10,slack=+1.614e-12)
[RMPCC 0277] OK solve=356.2ms pose=(1.750,0.126,-0.886) u=(0.032,0.236) s=2.816 PSDFmin=+0.007302 G=OK(+0.006336) MF=OK(active=18/20,min=+1.324e-09,slack=+1.845e-12)
[RMPCC 0278] OK solve=237.6ms pose=(1.752,0.123,-0.863) u=(0.019,0.357) s=2.820 PSDFmin=+0.006762 G=OK(+0.005604) MF=OK(active=19/20,min=+4.762e-11,slack=+1.104e-12)
[RMPCC 0279] OK solve=123.7ms pose=(1.754,0.122,-0.827) u=(0.031,0.258) s=2.822 PSDFmin=+0.007219 G=OK(+0.006257) MF=OK(active=20/20,min=+9.003e-10,slack=+2.091e-12)
[RMPCC 0280] OK solve=136.6ms pose=(1.756,0.119,-0.801) u=(0.022,0.299) s=2.827 PSDFmin=+0.007003 G=OK(+0.005947) MF=OK(active=20/20,min=+2.409e-11,slack=+1.081e-12)
[RMPCC 0281] OK solve=142.3ms pose=(1.757,0.118,-0.771) u=(0.027,0.268) s=2.829 PSDFmin=+0.007119 G=OK(+0.006104) MF=OK(active=20/20,min=+5.582e-08,slack=+1.234e-11)
[RMPCC 0282] OK solve=139.3ms pose=(1.759,0.116,-0.744) u=(0.022,0.289) s=2.831 PSDFmin=+0.006982 G=OK(+0.005949) MF=OK(active=20/20,min=+1.875e-10,slack=+1.305e-12)
[RMPCC 0283] OK solve=120.3ms pose=(1.761,0.115,-0.716) u=(0.022,0.301) s=2.833 PSDFmin=+0.006871 G=OK(+0.005843) MF=OK(active=20/20,min=+8.898e-07,slack=+5.248e-11)
[RMPCC 0284] OK solve=123.1ms pose=(1.762,0.113,-0.686) u=(0.021,0.295) s=2.835 PSDFmin=+0.006837 G=OK(+0.005808) MF=OK(active=20/20,min=+2.516e-09,slack=+5.138e-14)
[RMPCC 0285] OK solve=127.0ms pose=(1.764,0.112,-0.656) u=(0.021,0.278) s=2.837 PSDFmin=+0.006845 G=OK(+0.005815) MF=OK(active=20/20,min=+0.01118,slack=+1.517e-17)
[RMPCC 0286] OK solve=123.6ms pose=(1.766,0.110,-0.628) u=(0.021,0.259) s=2.839 PSDFmin=+0.006863 G=OK(+0.005836) MF=OK(active=20/20,min=+0.03203,slack=+3.931e-17)
[RMPCC 0287] OK solve=132.1ms pose=(1.767,0.109,-0.602) u=(0.020,0.241) s=2.841 PSDFmin=+0.006883 G=OK(+0.005855) MF=OK(active=20/20,min=+0.0506,slack=+4.096e-16)
[RMPCC 0288] OK solve=124.2ms pose=(1.769,0.108,-0.578) u=(0.020,0.225) s=2.843 PSDFmin=+0.006906 G=OK(+0.005878) MF=OK(active=20/20,min=+0.06817,slack=+1.732e-14)
[RMPCC 0289] OK solve=131.1ms pose=(1.771,0.107,-0.556) u=(0.020,0.210) s=2.845 PSDFmin=+0.00693 G=OK(+0.005902) MF=OK(active=20/20,min=+0.08499,slack=+2.883e-15)
[RMPCC 0290] OK solve=129.6ms pose=(1.772,0.106,-0.535) u=(0.020,0.195) s=2.848 PSDFmin=+0.006952 G=OK(+0.005924) MF=OK(active=20/20,min=+0.1013,slack=+1.236e-15)
[RMPCC 0291] OK solve=129.9ms pose=(1.774,0.105,-0.515) u=(0.019,0.182) s=2.850 PSDFmin=+0.006974 G=OK(+0.005948) MF=OK(active=20/20,min=+0.1172,slack=+2.733e-17)
[RMPCC 0292] OK solve=119.7ms pose=(1.776,0.104,-0.497) u=(0.017,0.170) s=2.850 PSDFmin=+0.00701 G=OK(+0.00599) MF=OK(active=20/20,min=+0.1316,slack=+3.352e-13)
[RMPCC 0293] OK solve=117.0ms pose=(1.777,0.103,-0.480) u=(0.017,0.158) s=2.852 PSDFmin=+0.007054 G=OK(+0.006034) MF=OK(active=20/20,min=+0.1434,slack=+2.964e-17)
[RMPCC 0294] OK solve=119.3ms pose=(1.779,0.102,-0.464) u=(0.017,0.148) s=2.854 PSDFmin=+0.007107 G=OK(+0.006088) MF=OK(active=20/20,min=+0.1551,slack=+1.864e-14)
[RMPCC 0295] OK solve=126.7ms pose=(1.780,0.102,-0.449) u=(0.017,0.139) s=2.856 PSDFmin=+0.00717 G=OK(+0.006152) MF=OK(active=20/20,min=+0.1661,slack=+2.719e-17)
[RMPCC 0296] OK solve=130.3ms pose=(1.782,0.101,-0.435) u=(0.014,0.130) s=2.856 PSDFmin=+0.007241 G=OK(+0.006227) MF=OK(active=20/20,min=+0.1755,slack=+5.304e-16)
[RMPCC 0297] OK solve=128.8ms pose=(1.783,0.100,-0.422) u=(0.015,0.122) s=2.858 PSDFmin=+0.007315 G=OK(+0.006301) MF=OK(active=20/20,min=+0.1821,slack=+6.839e-13)
[RMPCC 0298] OK solve=127.6ms pose=(1.784,0.100,-0.410) u=(0.015,0.114) s=2.860 PSDFmin=+0.007395 G=OK(+0.006381) MF=OK(active=20/20,min=+0.1881,slack=+8.571e-17)
[RMPCC 0299] OK solve=116.0ms pose=(1.786,0.099,-0.399) u=(0.013,0.107) s=2.860 PSDFmin=+0.007479 G=OK(+0.006468) MF=OK(active=20/20,min=+0.1928,slack=+9.989e-17)
[RMPCC 0300] OK solve=124.0ms pose=(1.787,0.099,-0.388) u=(0.013,0.101) s=2.862 PSDFmin=+0.007564 G=OK(+0.006553) MF=OK(active=20/20,min=+0.1955,slack=+1.28e-15)
[RMPCC 0301] OK solve=115.8ms pose=(1.788,0.098,-0.378) u=(0.014,0.095) s=2.864 PSDFmin=+0.007653 G=OK(+0.006642) MF=OK(active=20/20,min=+0.1977,slack=+1.279e-14)
[RMPCC 0302] OK solve=122.0ms pose=(1.790,0.098,-0.368) u=(0.012,0.090) s=2.864 PSDFmin=+0.007745 G=OK(+0.006736) MF=OK(active=20/20,min=+0.199,slack=+8.655e-15)
[RMPCC 0303] OK solve=138.1ms pose=(1.791,0.097,-0.359) u=(0.013,0.085) s=2.866 PSDFmin=+0.007836 G=OK(+0.006827) MF=OK(active=20/20,min=+0.1995,slack=+1.476e-13)
[RMPCC 0304] OK solve=131.9ms pose=(1.792,0.097,-0.351) u=(0.011,0.080) s=2.866 PSDFmin=+0.007929 G=OK(+0.006922) MF=OK(active=20/20,min=+0.1999,slack=+3.487e-17)
[RMPCC 0305] OK solve=142.7ms pose=(1.793,0.096,-0.343) u=(0.012,0.075) s=2.869 PSDFmin=+0.008021 G=OK(+0.007014) MF=OK(active=20/20,min=+0.2,slack=+1.149e-13)
[RMPCC 0306] OK solve=141.6ms pose=(1.794,0.096,-0.335) u=(0.010,0.071) s=2.869 PSDFmin=+0.008113 G=OK(+0.007108) MF=OK(active=20/20,min=+0.2,slack=+4.106e-16)
[RMPCC 0307] OK solve=133.4ms pose=(1.795,0.096,-0.328) u=(0.011,0.067) s=2.871 PSDFmin=+0.008205 G=OK(+0.007198) MF=OK(active=20/20,min=+0.2,slack=+1.933e-16)
[RMPCC 0308] OK solve=132.1ms pose=(1.796,0.095,-0.322) u=(0.009,0.064) s=2.871 PSDFmin=+0.008296 G=OK(+0.007291) MF=OK(active=20/20,min=+0.2,slack=+8.108e-13)
[RMPCC 0309] OK solve=137.6ms pose=(1.797,0.095,-0.315) u=(0.009,0.061) s=2.871 PSDFmin=+0.008385 G=OK(+0.007381) MF=OK(active=20/20,min=+0.2,slack=+1.762e-12)
[RMPCC 0310] OK solve=148.1ms pose=(1.798,0.095,-0.309) u=(0.009,0.057) s=2.873 PSDFmin=+0.008473 G=OK(+0.007469) MF=OK(active=20/20,min=+0.2,slack=+5.812e-14)
[RMPCC 0311] OK solve=138.3ms pose=(1.798,0.094,-0.303) u=(0.008,0.055) s=2.873 PSDFmin=+0.008559 G=OK(+0.007556) MF=OK(active=20/20,min=+0.2,slack=+6.905e-16)
[RMPCC 0312] OK solve=125.2ms pose=(1.799,0.094,-0.298) u=(0.008,0.052) s=2.874 PSDFmin=+0.008644 G=OK(+0.00764) MF=OK(active=20/20,min=+0.2,slack=+1.809e-13)
[RMPCC 0313] OK solve=126.4ms pose=(1.800,0.094,-0.293) u=(0.008,0.049) s=2.875 PSDFmin=+0.008727 G=OK(+0.007723) MF=OK(active=20/20,min=+0.2,slack=+2.691e-13)
[RMPCC 0314] OK solve=120.1ms pose=(1.801,0.094,-0.288) u=(0.007,0.047) s=2.875 PSDFmin=+0.008808 G=OK(+0.007805) MF=OK(active=20/20,min=+0.2,slack=+5.588e-13)
[RMPCC 0315] OK solve=120.6ms pose=(1.801,0.094,-0.283) u=(0.007,0.045) s=2.876 PSDFmin=+0.008888 G=OK(+0.007885) MF=OK(active=20/20,min=+0.2,slack=+8.859e-13)
[RMPCC 0316] OK solve=122.2ms pose=(1.802,0.093,-0.278) u=(0.007,0.043) s=2.877 PSDFmin=+0.008965 G=OK(+0.007963) MF=OK(active=20/20,min=+0.2,slack=+4.026e-16)
[RMPCC 0317] OK solve=134.2ms pose=(1.803,0.093,-0.274) u=(0.007,0.041) s=2.878 PSDFmin=+0.00904 G=OK(+0.008038) MF=OK(active=20/20,min=+0.2,slack=+3.369e-14)
[RMPCC 0318] OK solve=129.5ms pose=(1.803,0.093,-0.270) u=(0.006,0.039) s=2.878 PSDFmin=+0.009114 G=OK(+0.008112) MF=OK(active=20/20,min=+0.2,slack=+1.402e-13)
[RMPCC 0319] OK solve=128.3ms pose=(1.804,0.093,-0.266) u=(0.006,0.037) s=2.879 PSDFmin=+0.009186 G=OK(+0.008184) MF=OK(active=20/20,min=+0.2,slack=+2.467e-13)
[RMPCC 0320] OK solve=120.9ms pose=(1.805,0.093,-0.263) u=(0.006,0.035) s=2.879 PSDFmin=+0.009256 G=OK(+0.008254) MF=OK(active=20/20,min=+0.2,slack=+2.922e-13)
[RMPCC 0321] OK solve=127.3ms pose=(1.805,0.093,-0.259) u=(0.006,0.034) s=2.880 PSDFmin=+0.009324 G=OK(+0.008322) MF=OK(active=20/20,min=+0.2,slack=+6.236e-13)
[RMPCC 0322] OK solve=116.3ms pose=(1.806,0.092,-0.256) u=(0.006,0.032) s=2.881 PSDFmin=+0.00939 G=OK(+0.008389) MF=OK(active=20/20,min=+0.2,slack=+1.158e-12)
[RMPCC 0323] OK solve=118.9ms pose=(1.806,0.092,-0.252) u=(0.005,0.031) s=2.881 PSDFmin=+0.009455 G=OK(+0.008454) MF=OK(active=20/20,min=+0.2,slack=+2.063e-12)
[RMPCC 0324] OK solve=138.8ms pose=(1.807,0.092,-0.249) u=(0.005,0.029) s=2.882 PSDFmin=+0.009516 G=OK(+0.008515) MF=OK(active=20/20,min=+0.2,slack=+2.311e-15)
[RMPCC 0325] OK solve=126.1ms pose=(1.807,0.092,-0.246) u=(0.005,0.028) s=2.882 PSDFmin=+0.009578 G=OK(+0.008577) MF=OK(active=20/20,min=+0.2,slack=+2.616e-12)
[RMPCC 0326] OK solve=124.0ms pose=(1.808,0.092,-0.244) u=(0.005,0.026) s=2.883 PSDFmin=+0.009636 G=OK(+0.008635) MF=OK(active=20/20,min=+0.2,slack=+3.119e-13)
[RMPCC 0327] OK solve=135.8ms pose=(1.808,0.092,-0.241) u=(0.005,0.025) s=2.883 PSDFmin=+0.009691 G=OK(+0.00869) MF=OK(active=20/20,min=+0.2,slack=+5.292e-15)
[RMPCC 0328] OK solve=123.2ms pose=(1.809,0.092,-0.239) u=(0.004,0.024) s=2.883 PSDFmin=+0.009744 G=OK(+0.008743) MF=OK(active=20/20,min=+0.2,slack=+2.314e-14)
목적지에 도착했습니다! 현재 위치: [1.80906 0.09151], 시간: 32.90초
Using rmpcc optimizer with differential_drive dynamics:
median:  0.23017263412475586
std:  0.10445974611964086
min:  0.1130208969116211
max:  0.4411804676055908
Simulation finished.
Run outcome: status=success, reason=None, final_time=32.9000000000002, distance_to_goal=0.009944758993039553
Optimizer runtime stats: safe_stop_count=0, backup_feasible_qp_success_count=0, plant_input_apply_count=329, last_solve_mode=sqp_rti
Trial history saved to /home/taek111/projects/psdf_mpcc/debug_runs/rmpcc_tuning/p2-q10_maze_r1/data/trial_history_MPC_rmpcc_rectangle_maze_p2-q10_maze_r1.csv
RMPCC constraint history saved to /home/taek111/projects/psdf_mpcc/debug_runs/rmpcc_tuning/p2-q10_maze_r1/data/rmpcc_constraints_MPC_rmpcc_rectangle_maze_p2-q10_maze_r1.csv
RMPCC debug history saved to /home/taek111/projects/psdf_mpcc/debug_runs/rmpcc_tuning/p2-q10_maze_r1/data/cycle_raw.csv
RMPCC debug history saved to /home/taek111/projects/psdf_mpcc/debug_runs/rmpcc_tuning/p2-q10_maze_r1/data/covariance_trajectory.csv
Pose-SDF data saved to /home/taek111/projects/psdf_mpcc/debug_runs/rmpcc_tuning/p2-q10_maze_r1/data/pose_sdf_MPC_rmpcc_rectangle_maze_p2-q10_maze_r1.csv
Total data points: 329
SDF statistics - Min: 0.0061, Max: 0.0606, Mean: 0.0147
