RMPCC configured from config: horizon=20, tf=2.0, use_obstacle_constraint=True, use_row_mf=True, d_col=0.001, d_min=0.001, d_mf_mask=0.001, mf_slack_linear=100.0, mf_slack_quadratic=1.0, chance_epsilon=0.3, mf_active_start_step=1, mf_active_end_step=None, mf_active_terminal=True, sigma_f0=0.0002, sigma_l0=0.00025, sigma_psi0=0.00025, q_f0=0.0, q_l0=0.0, q_psi0=0.0, alpha_f=0.002, alpha_v=0.0004, alpha_kappa=0.01, beta_v=0.02, beta_kappa=0.008, beta_omega=0.008, enable_backup_solver=False, debug_mf=True, debug_infeasibility=True, augmented_psdf_device=cpu
Resetting rmpcc optimizer for clean state...
Trial failure criteria enabled: movement_window_sec=5.0, movement_threshold=0.005, max_consecutive_solver_failures=10
generating global path with A* + Line of Sight
시작 위치: [0.3 0.2]
목적지: [0.8 0.8]
도착 판정 기준: position <= 0.01m, angle <= 0.01rad
Setting up RMPCC-MF optimizer...
RMPCC-MF Row M configuration: enabled=True, active only when phi > d_mf_mask=0.001, configured stages=[1, 2, 3, 4, 5, 6, 7, 8, 9, 10, 11, 12, 13, 14, 15, 16, 17, 18, 19, 20]
/home/taek111/projects/psdf_mpcc/models/geometry_utils.py:241: UserWarning: Creating a tensor from a list of numpy.ndarrays is extremely slow. Please consider converting the list to a single numpy.ndarray with numpy.array() before converting to a tensor. (Triggered internally at ../torch/csrc/utils/tensor_new.cpp:230.)
  edgesA = torch.tensor(edgesA, dtype=torch.float32)
Added two affine safety rows at intermediate/terminal stages: 0=HARD guard/recovery, 1=SOFT MF
field AcadosOcpDims.N has been migrated to AcadosOcpOptions.N_horizon. setting AcadosOcpOptions.N_horizon = N. For future comppatibility, please use AcadosOcpOptions.N_horizon directly.

WARNING: Gauss-Newton Hessian approximation with EXTERNAL cost type not well defined!
got cost_type EXTERNAL for cost_type_0, cost_type, cost_type_e, hessian_approx: 'GAUSS_NEWTON'.
With this setting, acados will proceed computing the exact Hessian for the cost term and no Hessian contribution from constraints and dynamics.
If the external cost is a linear least squares cost, this coincides with the Gauss-Newton Hessian.
Note: There is also the option to use the external cost module with a numerical Hessian approximation (see `ext_cost_num_hess`).
OR the option to provide a symbolic custom Hessian approximation (see `cost_expr_ext_cost_custom_hess`).

acados was compiled without OpenMP.
RMPCC-MF backup SQP_WITH_FEASIBLE_QP solver disabled; using nominal safe-stop recovery.
[RMPCC 0000] OK solve=66.5ms pose=(0.300,0.200,0.000) u=(0.091,-0.000) s=0.016 PSDFmin=-0.0149 G=OK(+0.104) MF=OK(active=20/20,min=+0.3,slack=+3.042e-13)
[RMPCC 0001] OK solve=58.6ms pose=(0.309,0.200,-0.000) u=(0.069,1.107) s=0.026 PSDFmin=+0.01377 G=OK(+2.469e-10) MF=OK(active=18/20,min=+0.3,slack=+1.033e-12)
[RMPCC 0002] OK solve=59.4ms pose=(0.316,0.200,0.111) u=(0.073,0.775) s=0.031 PSDFmin=+0.00757 G=OK(+0.01849) MF=OK(active=20/20,min=+1.064e-09,slack=+5.929e-13)
[RMPCC 0003] OK solve=55.8ms pose=(0.323,0.201,0.188) u=(0.100,0.561) s=0.040 PSDFmin=+0.005569 G=OK(+0.008643) MF=OK(active=20/20,min=+4.825e-12,slack=+3.553e-14)
[RMPCC 0004] OK solve=52.5ms pose=(0.333,0.203,0.244) u=(0.082,0.843) s=0.048 PSDFmin=-0.00442 G=OK(+0.01711) MF=OK(active=20/20,min=+5.129e-09,slack=+4.135e-12)
[RMPCC 0005] OK solve=53.1ms pose=(0.341,0.205,0.329) u=(0.107,0.394) s=0.056 PSDFmin=+0.003202 G=OK(+0.009533) MF=OK(active=19/20,min=+8.323e-10,slack=+1.129e-12)
[RMPCC 0006] OK solve=55.2ms pose=(0.351,0.208,0.368) u=(0.099,0.970) s=0.067 PSDFmin=-0.03166 G=OK(+0.01328) MF=OK(active=20/20,min=+4.626e-13,slack=+1.763e-14)
[RMPCC 0007] OK solve=60.6ms pose=(0.360,0.212,0.465) u=(0.111,0.454) s=0.077 PSDFmin=+0.00229 G=OK(+0.008713) MF=OK(active=16/20,min=+5.962e-11,slack=+2.651e-13)
[RMPCC 0008] OK solve=58.3ms pose=(0.370,0.217,0.510) u=(0.129,0.473) s=0.088 PSDFmin=-0.00769 G=OK(+0.01772) MF=OK(active=20/20,min=+1.071e-14,slack=+4.884e-17)
[RMPCC 0009] OK solve=55.2ms pose=(0.382,0.223,0.558) u=(0.109,0.529) s=0.101 PSDFmin=-0.01616 G=OK(+1.056e-11) MF=OK(active=15/20,min=+1.462e-11,slack=+7.767e-14)
[RMPCC 0010] OK solve=59.4ms pose=(0.391,0.229,0.611) u=(0.100,0.524) s=0.111 PSDFmin=+0.003177 G=OK(+0.003395) MF=OK(active=8/20,min=+4.899e-13,slack=+1.314e-14)
[RMPCC 0011] OK solve=61.5ms pose=(0.399,0.235,0.663) u=(0.157,0.296) s=0.121 PSDFmin=-0.02014 G=OK(+0.01876) MF=OK(active=20/20,min=+1.216e-12,slack=+4.701e-15)
[RMPCC 0012] OK solve=54.1ms pose=(0.411,0.244,0.693) u=(0.115,0.828) s=0.136 PSDFmin=-0.01155 G=OK(+1.527e-15) MF=OK(active=8/20,min=+1.688e-13,slack=+2.687e-17)
[RMPCC 0013] OK solve=59.4ms pose=(0.420,0.252,0.775) u=(0.154,0.323) s=0.145 PSDFmin=-0.01796 G=OK(+0.01767) MF=OK(active=11/20,min=+1.942e-11,slack=+1.234e-13)
[RMPCC 0014] OK solve=53.0ms pose=(0.431,0.262,0.808) u=(0.110,0.977) s=0.158 PSDFmin=-0.007963 G=OK(+7.248e-05) MF=OK(active=8/20,min=+1.411e-12,slack=+1.404e-15)
[RMPCC 0015] OK solve=61.8ms pose=(0.439,0.270,0.905) u=(0.174,0.390) s=0.165 PSDFmin=-0.009312 G=OK(+0.004593) MF=OK(active=9/20,min=+1.068e-13,slack=+2.273e-16)
[RMPCC 0016] OK solve=130.8ms pose=(0.450,0.284,0.944) u=(0.154,0.251) s=0.182 PSDFmin=-0.03354 G=OK(+0.006565) MF=OK(active=11/20,min=+2.379e-18,slack=+2.235e-17)
[RMPCC 0017] OK solve=133.9ms pose=(0.459,0.296,0.970) u=(0.114,0.374) s=0.197 PSDFmin=-0.01382 G=OK(+0.002237) MF=OK(active=5/20,min=+2.271e-08,slack=+1.088e-11)
[RMPCC 0018] OK solve=64.4ms pose=(0.465,0.306,1.007) u=(0.090,1.019) s=0.208 PSDFmin=-0.005995 G=OK(+0.007064) MF=OK(active=16/20,min=+2.287e-13,slack=+3.068e-15)
[RMPCC 0019] OK solve=57.3ms pose=(0.470,0.313,1.109) u=(0.105,0.454) s=0.217 PSDFmin=-0.01754 G=OK(+0.009728) MF=OK(active=11/20,min=+5.904e-11,slack=+4.632e-13)
[RMPCC 0020] OK solve=59.4ms pose=(0.475,0.323,1.154) u=(0.099,0.184) s=0.227 PSDFmin=-0.01441 G=OK(+0.01026) MF=OK(active=12/20,min=+9.407e-12,slack=+1.183e-14)
[RMPCC 0021] OK solve=53.3ms pose=(0.479,0.332,1.173) u=(0.116,-0.329) s=0.236 PSDFmin=+0.00407 G=OK(+0.002901) MF=OK(active=12/20,min=+3.365e-11,slack=+1.56e-13)
[RMPCC 0022] OK solve=132.5ms pose=(0.483,0.343,1.140) u=(0.059,-0.162) s=0.246 PSDFmin=-0.01307 G=OK(+0.009679) MF=OK(active=20/20,min=+3.831e-13,slack=+7.005e-15)
[RMPCC 0023] OK solve=131.0ms pose=(0.486,0.348,1.123) u=(0.109,0.236) s=0.255 PSDFmin=+0.002945 G=OK(+0.0008417) MF=OK(active=10/20,min=+2.185e-13,slack=+4.86e-17)
[RMPCC 0024] OK solve=60.9ms pose=(0.490,0.358,1.147) u=(0.054,1.055) s=0.269 PSDFmin=-0.008798 G=OK(+0.01249) MF=OK(active=20/20,min=+2.937e-12,slack=+3.577e-14)
[RMPCC 0025] OK solve=54.9ms pose=(0.493,0.363,1.253) u=(0.111,0.565) s=0.270 PSDFmin=-0.002418 G=OK(+0.01565) MF=OK(active=16/20,min=+9.102e-11,slack=+7.354e-14)
[RMPCC 0026] OK solve=59.3ms pose=(0.496,0.373,1.309) u=(0.067,0.295) s=0.284 PSDFmin=-0.000831 G=OK(+0.009836) MF=OK(active=19/20,min=+7.549e-11,slack=+2.966e-13)
[RMPCC 0027] OK solve=65.4ms pose=(0.498,0.380,1.339) u=(0.126,0.604) s=0.285 PSDFmin=+0.01743 G=OK(+0.01632) MF=OK(active=14/20,min=+6.681e-10,slack=+1.896e-14)
[RMPCC 0028] OK solve=135.7ms pose=(0.501,0.392,1.399) u=(0.065,0.299) s=0.300 PSDFmin=+0.005508 G=OK(+0.01702) MF=OK(active=20/20,min=+1.498e-15,slack=+1.071e-15)
[RMPCC 0029] OK solve=128.8ms pose=(0.502,0.398,1.429) u=(0.153,0.424) s=0.316 PSDFmin=+0.0139 G=OK(+0.01801) MF=OK(active=18/20,min=+2.858e-10,slack=+3.24e-13)
[RMPCC 0030] OK solve=136.8ms pose=(0.504,0.414,1.471) u=(0.077,0.210) s=0.319 PSDFmin=-0.002851 G=OK(+0.0185) MF=OK(active=20/20,min=+9.774e-15,slack=+3.479e-17)
[RMPCC 0031] OK solve=131.1ms pose=(0.505,0.421,1.492) u=(0.159,0.212) s=0.334 PSDFmin=+0.01413 G=OK(+0.01209) MF=OK(active=10/20,min=+0.1105,slack=+4.114e-14)
[RMPCC 0032] OK solve=58.4ms pose=(0.506,0.437,1.514) u=(0.140,0.603) s=0.341 PSDFmin=+0.004998 G=OK(+0.01748) MF=OK(active=20/20,min=-2.669e-13,slack=+8.06e-14)
[RMPCC 0033] OK solve=54.1ms pose=(0.507,0.451,1.574) u=(0.182,0.200) s=0.355 PSDFmin=+0.004556 G=OK(+0.0205) MF=OK(active=20/20,min=+3.166e-11,slack=+3.594e-13)
[RMPCC 0034] OK solve=59.3ms pose=(0.507,0.469,1.594) u=(0.185,0.156) s=0.374 PSDFmin=+0.01617 G=OK(+0.01989) MF=OK(active=20/20,min=+3.175e-10,slack=+6.307e-12)
[RMPCC 0035] OK solve=56.2ms pose=(0.506,0.488,1.610) u=(0.369,-0.818) s=0.392 PSDFmin=+0.005989 G=OK(+0.02007) MF=OK(active=20/20,min=-2.229e-13,slack=+3.77e-14)
[RMPCC 0036] OK solve=140.6ms pose=(0.505,0.525,1.528) u=(0.190,-0.400) s=0.429 PSDFmin=+0.01269 G=OK(+0.01166) MF=OK(active=20/20,min=+2.132e-14,slack=+5.278e-17)
[RMPCC 0037] OK solve=148.0ms pose=(0.506,0.544,1.488) u=(0.192,-0.006) s=0.442 PSDFmin=+0.0006645 G=OK(+0.009135) MF=OK(active=19/20,min=+6.941e-13,slack=+4.917e-15)
[RMPCC 0038] OK solve=60.3ms pose=(0.507,0.563,1.487) u=(0.145,-0.651) s=0.455 PSDFmin=-0.009713 G=OK(+0.001147) MF=OK(active=18/20,min=+5.409e-12,slack=+1.155e-14)
[RMPCC 0039] OK solve=148.4ms pose=(0.508,0.577,1.422) u=(0.247,-0.158) s=0.469 PSDFmin=+0.0006557 G=OK(+0.001166) MF=OK(active=11/20,min=-1.317e-15,slack=+0.002929)
[RMPCC 0040] OK solve=137.6ms pose=(0.512,0.602,1.406) u=(0.205,0.503) s=0.498 PSDFmin=+0.001417 G=OK(+4.441e-15) MF=OK(active=17/20,min=+8.107e-17,slack=+8.163e-17)
[RMPCC 0041] OK solve=53.3ms pose=(0.516,0.622,1.456) u=(0.102,1.038) s=0.513 PSDFmin=+0.009685 G=OK(+0.009589) MF=OK(active=20/20,min=+1.103e-12,slack=+1.138e-13)
[RMPCC 0042] OK solve=57.1ms pose=(0.517,0.632,1.560) u=(0.189,0.574) s=0.527 PSDFmin=+0.00938 G=OK(+0.008331) MF=OK(active=20/20,min=+1.099e-11,slack=+3.323e-14)
[RMPCC 0043] OK solve=62.9ms pose=(0.517,0.651,1.618) u=(0.105,0.328) s=0.555 PSDFmin=+0.007838 G=OK(+0.006812) MF=OK(active=20/20,min=+5.664e-14,slack=+6.821e-16)
[RMPCC 0044] OK solve=57.7ms pose=(0.516,0.661,1.651) u=(0.157,-0.016) s=0.555 PSDFmin=+0.009215 G=OK(+0.008215) MF=OK(active=20/20,min=+1.336e-14,slack=+3.528e-17)
[RMPCC 0045] OK solve=51.4ms pose=(0.515,0.677,1.649) u=(0.111,-1.200) s=0.583 PSDFmin=+0.01308 G=OK(+0.01071) MF=OK(active=20/20,min=+8.904e-15,slack=+2.278e-17)
[RMPCC 0046] OK solve=56.6ms pose=(0.514,0.688,1.529) u=(0.120,-1.200) s=0.583 PSDFmin=+0.01269 G=OK(+0.01081) MF=OK(active=20/20,min=+8.002e-11,slack=+7.645e-14)
[RMPCC 0047] OK solve=54.9ms pose=(0.515,0.700,1.409) u=(0.121,-1.174) s=0.597 PSDFmin=+0.01357 G=OK(+0.01156) MF=OK(active=20/20,min=+2.809e-12,slack=+2.484e-14)
[RMPCC 0048] OK solve=54.9ms pose=(0.517,0.712,1.292) u=(0.119,-1.155) s=0.611 PSDFmin=+0.01417 G=OK(+0.01219) MF=OK(active=20/20,min=+5.681e-13,slack=+1.399e-15)
[RMPCC 0049] OK solve=51.4ms pose=(0.520,0.724,1.176) u=(0.125,-1.144) s=0.632 PSDFmin=+0.01527 G=OK(+0.01323) MF=OK(active=20/20,min=+1.362e-14,slack=+2.937e-16)
[RMPCC 0050] OK solve=59.9ms pose=(0.525,0.735,1.062) u=(0.118,-1.133) s=0.645 PSDFmin=+0.01698 G=OK(+0.01504) MF=OK(active=20/20,min=+6.764e-11,slack=+5.758e-14)
[RMPCC 0051] OK solve=55.3ms pose=(0.531,0.746,0.948) u=(0.109,-1.106) s=0.656 PSDFmin=+0.01909 G=OK(+0.01728) MF=OK(active=20/20,min=+2.714e-13,slack=+1.377e-15)
[RMPCC 0052] OK solve=64.6ms pose=(0.537,0.754,0.838) u=(0.118,-1.014) s=0.680 PSDFmin=+0.02148 G=OK(+0.01962) MF=OK(active=20/20,min=+0.02674,slack=+1.437e-17)
[RMPCC 0053] OK solve=60.0ms pose=(0.545,0.763,0.736) u=(0.113,-0.880) s=0.691 PSDFmin=+0.02409 G=OK(+0.02237) MF=OK(active=20/20,min=+0.106,slack=+5.524e-17)
[RMPCC 0054] OK solve=63.7ms pose=(0.553,0.771,0.648) u=(0.112,-0.754) s=0.707 PSDFmin=+0.02672 G=OK(+0.02508) MF=OK(active=20/20,min=+0.1705,slack=+7.823e-17)
[RMPCC 0055] OK solve=59.8ms pose=(0.562,0.778,0.573) u=(0.110,-0.651) s=0.722 PSDFmin=+0.02938 G=OK(+0.02782) MF=OK(active=20/20,min=+0.2254,slack=+2.406e-16)
[RMPCC 0056] OK solve=53.0ms pose=(0.571,0.784,0.508) u=(0.109,-0.563) s=0.737 PSDFmin=+0.03203 G=OK(+0.03054) MF=OK(active=20/20,min=+0.2686,slack=+1.025e-12)
[RMPCC 0057] OK solve=52.5ms pose=(0.581,0.789,0.451) u=(0.108,-0.489) s=0.752 PSDFmin=+0.03466 G=OK(+0.03323) MF=OK(active=20/20,min=+0.2919,slack=+3.31e-16)
[RMPCC 0058] OK solve=51.3ms pose=(0.591,0.793,0.403) u=(0.098,-0.424) s=0.760 PSDFmin=+0.03722 G=OK(+0.03587) MF=OK(active=20/20,min=+0.2997,slack=+2.478e-13)
[RMPCC 0059] OK solve=54.0ms pose=(0.600,0.797,0.360) u=(0.099,-0.368) s=0.775 PSDFmin=+0.03966 G=OK(+0.03835) MF=OK(active=20/20,min=+0.3,slack=+5.154e-15)
[RMPCC 0060] OK solve=62.4ms pose=(0.609,0.801,0.323) u=(0.092,-0.322) s=0.783 PSDFmin=+0.04201 G=OK(+0.04076) MF=OK(active=20/20,min=+0.3,slack=+1.318e-12)
[RMPCC 0061] OK solve=52.3ms pose=(0.618,0.804,0.291) u=(0.094,-0.283) s=0.798 PSDFmin=+0.04433 G=OK(+0.04302) MF=OK(active=20/20,min=+0.3,slack=+4.835e-17)
[RMPCC 0062] OK solve=62.3ms pose=(0.627,0.806,0.263) u=(0.088,-0.250) s=0.805 PSDFmin=+0.04729 G=OK(+0.04566) MF=OK(active=20/20,min=+0.3,slack=+4.097e-13)
[RMPCC 0063] OK solve=53.6ms pose=(0.635,0.809,0.238) u=(0.083,-0.220) s=0.813 PSDFmin=+0.05059 G=OK(+0.04932) MF=OK(active=20/20,min=+0.3,slack=+6.132e-13)
[RMPCC 0064] OK solve=57.2ms pose=(0.643,0.811,0.216) u=(0.078,-0.194) s=0.821 PSDFmin=+0.05352 G=OK(+0.05251) MF=OK(active=20/20,min=+0.3,slack=+3.225e-17)
[RMPCC 0065] OK solve=57.0ms pose=(0.651,0.812,0.197) u=(0.075,-0.172) s=0.828 PSDFmin=+0.05611 G=OK(+0.0551) MF=OK(active=20/20,min=+0.3,slack=+3.406e-17)
[RMPCC 0066] OK solve=58.2ms pose=(0.658,0.814,0.179) u=(0.072,-0.153) s=0.836 PSDFmin=+0.05841 G=OK(+0.05741) MF=OK(active=20/20,min=+0.3,slack=+1.998e-17)
[RMPCC 0067] OK solve=55.8ms pose=(0.665,0.815,0.164) u=(0.069,-0.137) s=0.843 PSDFmin=+0.06047 G=OK(+0.05947) MF=OK(active=20/20,min=+0.3,slack=+2.101e-17)
[RMPCC 0068] OK solve=57.8ms pose=(0.672,0.816,0.150) u=(0.068,-0.123) s=0.851 PSDFmin=+0.06233 G=OK(+0.06132) MF=OK(active=20/20,min=+0.3,slack=+3.333e-17)
[RMPCC 0069] OK solve=56.7ms pose=(0.679,0.817,0.138) u=(0.066,-0.111) s=0.859 PSDFmin=+0.064 G=OK(+0.063) MF=OK(active=20/20,min=+0.3,slack=+4.014e-17)
[RMPCC 0070] OK solve=66.9ms pose=(0.685,0.818,0.127) u=(0.065,-0.101) s=0.866 PSDFmin=+0.06553 G=OK(+0.06452) MF=OK(active=20/20,min=+0.3,slack=+1.757e-16)
[RMPCC 0071] OK solve=54.9ms pose=(0.692,0.819,0.117) u=(0.064,-0.092) s=0.874 PSDFmin=+0.06692 G=OK(+0.06592) MF=OK(active=20/20,min=+0.3,slack=+9.733e-16)
[RMPCC 0072] OK solve=56.2ms pose=(0.698,0.820,0.108) u=(0.054,-0.082) s=0.874 PSDFmin=+0.06809 G=OK(+0.06708) MF=OK(active=20/20,min=+0.3,slack=+1.031e-14)
[RMPCC 0073] OK solve=57.5ms pose=(0.703,0.820,0.099) u=(0.055,-0.075) s=0.881 PSDFmin=+0.06916 G=OK(+0.06815) MF=OK(active=20/20,min=+0.3,slack=+6.815e-15)
[RMPCC 0074] OK solve=57.4ms pose=(0.709,0.821,0.092) u=(0.056,-0.069) s=0.889 PSDFmin=+0.07015 G=OK(+0.06915) MF=OK(active=20/20,min=+0.3,slack=+1.56e-14)
[RMPCC 0075] OK solve=59.9ms pose=(0.714,0.821,0.085) u=(0.047,-0.062) s=0.889 PSDFmin=+0.07045 G=OK(+0.06945) MF=OK(active=20/20,min=+0.3,slack=+1.749e-14)
[RMPCC 0076] OK solve=54.8ms pose=(0.719,0.822,0.079) u=(0.049,-0.057) s=0.897 PSDFmin=+0.07043 G=OK(+0.06943) MF=OK(active=20/20,min=+0.3,slack=+4.698e-15)
[RMPCC 0077] OK solve=62.0ms pose=(0.724,0.822,0.073) u=(0.051,-0.053) s=0.904 PSDFmin=+0.0704 G=OK(+0.0694) MF=OK(active=20/20,min=+0.3,slack=+2.106e-15)
[RMPCC 0078] OK solve=53.8ms pose=(0.729,0.823,0.068) u=(0.043,-0.048) s=0.904 PSDFmin=+0.07036 G=OK(+0.06936) MF=OK(active=20/20,min=+0.3,slack=+1.383e-15)
[RMPCC 0079] OK solve=59.3ms pose=(0.733,0.823,0.063) u=(0.046,-0.044) s=0.912 PSDFmin=+0.07034 G=OK(+0.06934) MF=OK(active=20/20,min=+0.3,slack=+5.495e-16)
[RMPCC 0080] OK solve=55.3ms pose=(0.738,0.823,0.059) u=(0.039,-0.040) s=0.912 PSDFmin=+0.07031 G=OK(+0.06931) MF=OK(active=20/20,min=+0.3,slack=+1.361e-15)
[RMPCC 0081] OK solve=57.5ms pose=(0.742,0.823,0.055) u=(0.042,-0.038) s=0.919 PSDFmin=+0.07029 G=OK(+0.06929) MF=OK(active=20/20,min=+0.3,slack=+1.879e-16)
[RMPCC 0082] OK solve=54.5ms pose=(0.746,0.824,0.051) u=(0.036,-0.034) s=0.919 PSDFmin=+0.07026 G=OK(+0.06926) MF=OK(active=20/20,min=+0.3,slack=+1.066e-15)
[RMPCC 0083] OK solve=61.8ms pose=(0.750,0.824,0.047) u=(0.040,-0.032) s=0.927 PSDFmin=+0.07024 G=OK(+0.06924) MF=OK(active=20/20,min=+0.3,slack=+4.791e-17)
[RMPCC 0084] OK solve=65.9ms pose=(0.754,0.824,0.044) u=(0.034,-0.029) s=0.927 PSDFmin=+0.07021 G=OK(+0.06921) MF=OK(active=20/20,min=+0.3,slack=+3.452e-17)
[RMPCC 0085] OK solve=63.9ms pose=(0.757,0.824,0.041) u=(0.028,-0.027) s=0.927 PSDFmin=+0.0702 G=OK(+0.0692) MF=OK(active=20/20,min=+0.3,slack=+3.954e-16)
[RMPCC 0086] OK solve=68.3ms pose=(0.760,0.824,0.039) u=(0.033,-0.025) s=0.935 PSDFmin=+0.07019 G=OK(+0.06919) MF=OK(active=20/20,min=+0.3,slack=+3.264e-17)
[RMPCC 0087] OK solve=58.9ms pose=(0.763,0.824,0.036) u=(0.028,-0.023) s=0.935 PSDFmin=+0.07017 G=OK(+0.06917) MF=OK(active=20/20,min=+0.3,slack=+3.457e-16)
[RMPCC 0088] OK solve=51.8ms pose=(0.766,0.824,0.034) u=(0.024,-0.021) s=0.935 PSDFmin=+0.07015 G=OK(+0.06915) MF=OK(active=20/20,min=+0.3,slack=+5.181e-14)
[RMPCC 0089] OK solve=55.7ms pose=(0.768,0.825,0.032) u=(0.029,-0.020) s=0.942 PSDFmin=+0.07015 G=OK(+0.06915) MF=OK(active=20/20,min=+0.3,slack=+6.968e-15)
[RMPCC 0090] OK solve=58.9ms pose=(0.771,0.825,0.030) u=(0.025,-0.019) s=0.942 PSDFmin=+0.07013 G=OK(+0.06913) MF=OK(active=20/20,min=+0.3,slack=+2.283e-13)
[RMPCC 0091] OK solve=57.5ms pose=(0.774,0.825,0.028) u=(0.021,-0.017) s=0.942 PSDFmin=+0.07012 G=OK(+0.06912) MF=OK(active=20/20,min=+0.3,slack=+1.926e-13)
[RMPCC 0092] OK solve=60.2ms pose=(0.776,0.825,0.026) u=(0.028,-0.016) s=0.950 PSDFmin=+0.07011 G=OK(+0.06911) MF=OK(active=20/20,min=+0.3,slack=+7.355e-16)
[RMPCC 0093] OK solve=56.1ms pose=(0.779,0.825,0.025) u=(0.024,-0.015) s=0.950 PSDFmin=+0.07009 G=OK(+0.06909) MF=OK(active=20/20,min=+0.3,slack=+1.281e-14)
[RMPCC 0094] OK solve=56.5ms pose=(0.781,0.825,0.023) u=(0.020,-0.014) s=0.950 PSDFmin=+0.07008 G=OK(+0.06908) MF=OK(active=20/20,min=+0.3,slack=+3.163e-14)
[RMPCC 0095] OK solve=55.5ms pose=(0.783,0.825,0.022) u=(0.017,-0.013) s=0.950 PSDFmin=+0.07008 G=OK(+0.06908) MF=OK(active=20/20,min=+0.3,slack=+1.507e-13)
[RMPCC 0096] OK solve=56.5ms pose=(0.785,0.825,0.020) u=(0.014,-0.012) s=0.950 PSDFmin=+0.07008 G=OK(+0.06908) MF=OK(active=20/20,min=+0.3,slack=+7.572e-14)
[RMPCC 0097] OK solve=57.1ms pose=(0.786,0.825,0.019) u=(0.021,-0.011) s=0.957 PSDFmin=+0.07008 G=OK(+0.06908) MF=OK(active=20/20,min=+0.3,slack=+8.211e-15)
[RMPCC 0098] OK solve=58.3ms pose=(0.788,0.825,0.018) u=(0.018,-0.011) s=0.957 PSDFmin=+0.07006 G=OK(+0.06906) MF=OK(active=20/20,min=+0.3,slack=+1.987e-14)
[RMPCC 0099] OK solve=56.8ms pose=(0.790,0.825,0.017) u=(0.016,-0.010) s=0.957 PSDFmin=+0.07006 G=OK(+0.06906) MF=OK(active=20/20,min=+0.3,slack=+2.465e-13)
[RMPCC 0100] OK solve=56.2ms pose=(0.792,0.825,0.016) u=(0.013,-0.009) s=0.957 PSDFmin=+0.07006 G=OK(+0.06906) MF=OK(active=20/20,min=+0.3,slack=+6.027e-14)
[RMPCC 0101] OK solve=54.8ms pose=(0.793,0.825,0.015) u=(0.011,-0.008) s=0.957 PSDFmin=+0.07006 G=OK(+0.06906) MF=OK(active=20/20,min=+0.3,slack=+2.758e-17)
[RMPCC 0102] OK solve=57.1ms pose=(0.794,0.825,0.014) u=(0.019,-0.008) s=0.965 PSDFmin=+0.07006 G=OK(+0.06906) MF=OK(active=20/20,min=+0.3,slack=+4.132e-12)
[RMPCC 0103] OK solve=66.0ms pose=(0.796,0.825,0.013) u=(0.016,-0.008) s=0.965 PSDFmin=+0.07004 G=OK(+0.06904) MF=OK(active=20/20,min=+0.3,slack=+1.406e-11)
[RMPCC 0104] OK solve=50.8ms pose=(0.798,0.825,0.013) u=(0.014,-0.007) s=0.965 PSDFmin=+0.07003 G=OK(+0.06903) MF=OK(active=20/20,min=+0.3,slack=+4.702e-16)
[RMPCC 0105] OK solve=61.6ms pose=(0.799,0.825,0.012) u=(0.011,-0.007) s=0.965 PSDFmin=+0.07003 G=OK(+0.06903) MF=OK(active=20/20,min=+0.3,slack=+6.335e-15)
[RMPCC 0106] OK solve=58.5ms pose=(0.800,0.825,0.011) u=(0.010,-0.006) s=0.965 PSDFmin=+0.07004 G=OK(+0.06904) MF=OK(active=20/20,min=+0.3,slack=+3.148e-14)
[RMPCC 0107] OK solve=56.5ms pose=(0.801,0.825,0.011) u=(0.008,-0.006) s=0.965 PSDFmin=+0.07004 G=OK(+0.06904) MF=OK(active=20/20,min=+0.3,slack=+7.909e-14)
[RMPCC 0108] OK solve=58.7ms pose=(0.802,0.825,0.010) u=(0.007,-0.006) s=0.965 PSDFmin=+0.07005 G=OK(+0.06905) MF=OK(active=20/20,min=+0.3,slack=+1.686e-13)
[RMPCC 0109] OK solve=56.7ms pose=(0.802,0.825,0.009) u=(0.006,-0.005) s=0.966 PSDFmin=+0.07006 G=OK(+0.06906) MF=OK(active=20/20,min=+0.3,slack=+4.662e-15)
[RMPCC 0110] OK solve=53.9ms pose=(0.803,0.825,0.009) u=(0.006,-0.005) s=0.966 PSDFmin=+0.07006 G=OK(+0.06906) MF=OK(active=20/20,min=+0.3,slack=+3.445e-14)
[RMPCC 0111] OK solve=56.2ms pose=(0.804,0.825,0.008) u=(0.014,-0.005) s=0.973 PSDFmin=+0.07006 G=OK(+0.06906) MF=OK(active=20/20,min=+0.3,slack=+1.263e-11)
[RMPCC 0112] OK solve=52.4ms pose=(0.805,0.825,0.008) u=(0.012,-0.005) s=0.973 PSDFmin=+0.07004 G=OK(+0.06904) MF=OK(active=20/20,min=+0.3,slack=+4.653e-13)
[RMPCC 0113] OK solve=59.7ms pose=(0.806,0.825,0.007) u=(0.010,-0.005) s=0.973 PSDFmin=+0.07004 G=OK(+0.06904) MF=OK(active=20/20,min=+0.3,slack=+2.61e-12)
[RMPCC 0114] OK solve=63.6ms pose=(0.807,0.825,0.007) u=(0.008,-0.004) s=0.973 PSDFmin=+0.07004 G=OK(+0.06904) MF=OK(active=20/20,min=+0.3,slack=+5.068e-17)
[RMPCC 0115] OK solve=66.0ms pose=(0.808,0.825,0.007) u=(0.007,-0.004) s=0.973 PSDFmin=+0.07004 G=OK(+0.06904) MF=OK(active=20/20,min=+0.3,slack=+1.814e-14)
[RMPCC 0116] OK solve=65.6ms pose=(0.809,0.825,0.006) u=(0.006,-0.004) s=0.973 PSDFmin=+0.07005 G=OK(+0.06905) MF=OK(active=20/20,min=+0.3,slack=+4.052e-14)
[RMPCC 0117] OK solve=51.5ms pose=(0.809,0.825,0.006) u=(0.005,-0.003) s=0.973 PSDFmin=+0.07005 G=OK(+0.06905) MF=OK(active=20/20,min=+0.3,slack=+1.151e-14)
[RMPCC 0118] OK solve=65.9ms pose=(0.810,0.825,0.005) u=(0.004,-0.003) s=0.973 PSDFmin=+0.07006 G=OK(+0.06906) MF=OK(active=20/20,min=+0.3,slack=+1.421e-14)
[RMPCC 0119] OK solve=57.8ms pose=(0.810,0.825,0.005) u=(0.004,-0.003) s=0.973 PSDFmin=+0.07006 G=OK(+0.06906) MF=OK(active=20/20,min=+0.3,slack=+5.265e-14)
[RMPCC 0120] OK solve=61.5ms pose=(0.811,0.825,0.005) u=(0.004,-0.003) s=0.974 PSDFmin=+0.07007 G=OK(+0.06907) MF=OK(active=20/20,min=+0.3,slack=+6.476e-16)
[RMPCC 0121] OK solve=63.2ms pose=(0.811,0.825,0.005) u=(0.004,-0.003) s=0.974 PSDFmin=+0.07007 G=OK(+0.06907) MF=OK(active=20/20,min=+0.3,slack=+1.236e-15)
[RMPCC 0122] OK solve=60.5ms pose=(0.811,0.825,0.004) u=(0.004,-0.003) s=0.975 PSDFmin=+0.07007 G=OK(+0.06907) MF=OK(active=20/20,min=+0.3,slack=+2.507e-15)
[RMPCC 0123] OK solve=57.0ms pose=(0.812,0.825,0.004) u=(0.004,-0.003) s=0.975 PSDFmin=+0.07008 G=OK(+0.06908) MF=OK(active=20/20,min=+0.3,slack=+2.648e-15)
[RMPCC 0124] OK solve=56.1ms pose=(0.812,0.825,0.004) u=(0.004,-0.003) s=0.975 PSDFmin=+0.07008 G=OK(+0.06908) MF=OK(active=20/20,min=+0.3,slack=+3.07e-15)
[RMPCC 0125] OK solve=52.1ms pose=(0.813,0.825,0.003) u=(0.003,-0.003) s=0.976 PSDFmin=+0.07008 G=OK(+0.06908) MF=OK(active=20/20,min=+0.3,slack=+3.393e-15)
[RMPCC 0126] OK solve=62.3ms pose=(0.813,0.825,0.003) u=(0.003,-0.002) s=0.976 PSDFmin=+0.07009 G=OK(+0.06909) MF=OK(active=20/20,min=+0.3,slack=+3.5e-15)
[RMPCC 0127] OK solve=52.4ms pose=(0.813,0.825,0.003) u=(0.003,-0.002) s=0.976 PSDFmin=+0.07009 G=OK(+0.06909) MF=OK(active=20/20,min=+0.3,slack=+4.294e-15)
[RMPCC 0128] OK solve=59.1ms pose=(0.814,0.825,0.003) u=(0.003,-0.002) s=0.977 PSDFmin=+0.0701 G=OK(+0.0691) MF=OK(active=20/20,min=+0.3,slack=+4.683e-15)
[RMPCC 0129] OK solve=59.4ms pose=(0.814,0.825,0.002) u=(0.003,-0.002) s=0.977 PSDFmin=+0.0701 G=OK(+0.0691) MF=OK(active=20/20,min=+0.3,slack=+5.796e-15)
[RMPCC 0130] OK solve=54.8ms pose=(0.814,0.825,0.002) u=(0.003,-0.002) s=0.977 PSDFmin=+0.07009 G=OK(+0.0691) MF=OK(active=20/20,min=+0.3,slack=+6.451e-15)
[RMPCC 0131] OK solve=58.5ms pose=(0.814,0.825,0.002) u=(0.007,-0.002) s=0.980 PSDFmin=+0.07007 G=OK(+0.06907) MF=OK(active=20/20,min=+0.3,slack=+1.834e-11)
목적지에 도착했습니다! 현재 위치: [0.81515 0.82531], 시간: 13.20초
Using rmpcc optimizer with differential_drive dynamics:
median:  0.058004140853881836
std:  0.023004120711680554
min:  0.05081915855407715
max:  0.14840364456176758
Simulation finished.
Run outcome: status=success, reason=None, final_time=13.199999999999969, distance_to_goal=0.009852446286218577
Optimizer runtime stats: safe_stop_count=0, backup_feasible_qp_success_count=0, plant_input_apply_count=132, last_solve_mode=sqp_rti
Trial history saved to /home/taek111/projects/psdf_mpcc/debug_runs/rmpcc_tuning/p3-e0p3_s_path_r1/data/trial_history_MPC_rmpcc_rectangle_s_path_p3-e0p3_s_path_r1.csv
RMPCC constraint history saved to /home/taek111/projects/psdf_mpcc/debug_runs/rmpcc_tuning/p3-e0p3_s_path_r1/data/rmpcc_constraints_MPC_rmpcc_rectangle_s_path_p3-e0p3_s_path_r1.csv
RMPCC debug history saved to /home/taek111/projects/psdf_mpcc/debug_runs/rmpcc_tuning/p3-e0p3_s_path_r1/data/cycle_raw.csv
RMPCC debug history saved to /home/taek111/projects/psdf_mpcc/debug_runs/rmpcc_tuning/p3-e0p3_s_path_r1/data/covariance_trajectory.csv
Pose-SDF data saved to /home/taek111/projects/psdf_mpcc/debug_runs/rmpcc_tuning/p3-e0p3_s_path_r1/data/pose_sdf_MPC_rmpcc_rectangle_s_path_p3-e0p3_s_path_r1.csv
Total data points: 132
SDF statistics - Min: 0.0062, Max: 0.1050, Mean: 0.0532
