RMPCC configured from config: horizon=20, tf=2.0, use_obstacle_constraint=True, use_row_mf=True, d_col=0.001, d_min=0.001, d_mf_mask=0.001, mf_slack_linear=100.0, mf_slack_quadratic=1.0, chance_epsilon=0.3, mf_active_start_step=1, mf_active_end_step=None, mf_active_terminal=True, sigma_f0=0.0002, sigma_l0=0.00025, sigma_psi0=0.00025, q_f0=0.0, q_l0=0.0, q_psi0=0.0, alpha_f=0.002, alpha_v=0.0004, alpha_kappa=0.01, beta_v=0.02, beta_kappa=0.008, beta_omega=0.008, enable_backup_solver=False, debug_mf=True, debug_infeasibility=True, augmented_psdf_device=cpu
Resetting rmpcc optimizer for clean state...
Trial failure criteria enabled: movement_window_sec=5.0, movement_threshold=0.005, max_consecutive_solver_failures=10
generating global path with A* + Line of Sight
시작 위치: [0.075 0.795]
목적지: [1.8  0.09]
도착 판정 기준: position <= 0.01m, angle <= 0.01rad
Setting up RMPCC-MF optimizer...
RMPCC-MF Row M configuration: enabled=True, active only when phi > d_mf_mask=0.001, configured stages=[1, 2, 3, 4, 5, 6, 7, 8, 9, 10, 11, 12, 13, 14, 15, 16, 17, 18, 19, 20]
Added two affine safety rows at intermediate/terminal stages: 0=HARD guard/recovery, 1=SOFT MF
field AcadosOcpDims.N has been migrated to AcadosOcpOptions.N_horizon. setting AcadosOcpOptions.N_horizon = N. For future comppatibility, please use AcadosOcpOptions.N_horizon directly.

WARNING: Gauss-Newton Hessian approximation with EXTERNAL cost type not well defined!
got cost_type EXTERNAL for cost_type_0, cost_type, cost_type_e, hessian_approx: 'GAUSS_NEWTON'.
With this setting, acados will proceed computing the exact Hessian for the cost term and no Hessian contribution from constraints and dynamics.
If the external cost is a linear least squares cost, this coincides with the Gauss-Newton Hessian.
Note: There is also the option to use the external cost module with a numerical Hessian approximation (see `ext_cost_num_hess`).
OR the option to provide a symbolic custom Hessian approximation (see `cost_expr_ext_cost_custom_hess`).

acados was compiled without OpenMP.
RMPCC-MF backup SQP_WITH_FEASIBLE_QP solver disabled; using nominal safe-stop recovery.
[RMPCC 0000] OK solve=135.2ms pose=(0.075,0.795,-1.571) u=(0.123,0.000) s=0.013 PSDFmin=+0.03 G=OK(+0.04134) MF=OK(active=20/20,min=+0.3,slack=+7.341e-12)
[RMPCC 0001] OK solve=135.9ms pose=(0.075,0.783,-1.571) u=(0.114,0.088) s=0.024 PSDFmin=-0.002916 G=OK(+1.74e-12) MF=OK(active=20/20,min=+0.3,slack=+9.045e-13)
[RMPCC 0002] OK solve=140.3ms pose=(0.075,0.771,-1.562) u=(0.125,0.082) s=0.035 PSDFmin=+0.007559 G=OK(+0.006087) MF=OK(active=14/20,min=+2.873e-12,slack=+5.237e-15)
[RMPCC 0003] OK solve=253.9ms pose=(0.075,0.759,-1.554) u=(0.163,-0.007) s=0.041 PSDFmin=+0.005841 G=OK(+0.02484) MF=OK(active=20/20,min=-4.711e-13,slack=+6.058e-13)
[RMPCC 0004] OK solve=252.1ms pose=(0.075,0.742,-1.554) u=(0.122,0.244) s=0.055 PSDFmin=-0.01051 G=OK(+1.693e-15) MF=OK(active=19/20,min=+3.267e-14,slack=+2.543e-17)
[RMPCC 0005] OK solve=125.2ms pose=(0.076,0.730,-1.530) u=(0.112,0.019) s=0.071 PSDFmin=-0.0004523 G=OK(+1.671e-14) MF=OK(active=9/20,min=+2.377e-11,slack=+4.627e-16)
[RMPCC 0006] OK solve=257.9ms pose=(0.076,0.719,-1.528) u=(0.152,-0.147) s=0.072 PSDFmin=+0.003605 G=OK(+0.007544) MF=OK(active=19/20,min=+7.412e-14,slack=+3.996e-16)
[RMPCC 0007] OK solve=419.4ms pose=(0.077,0.704,-1.543) u=(0.176,-0.017) s=0.088 PSDFmin=+0.007849 G=OK(+0.008879) MF=OK(active=19/20,min=+5.333e-13,slack=+7.64e-15)
[RMPCC 0008] OK solve=371.7ms pose=(0.077,0.686,-1.545) u=(0.096,0.452) s=0.105 PSDFmin=-0.005947 G=OK(+2.671e-08) MF=OK(active=18/20,min=+1.465e-07,slack=+2.267e-10)
[RMPCC 0009] OK solve=384.9ms pose=(0.077,0.677,-1.499) u=(0.084,0.181) s=0.107 PSDFmin=+0.00572 G=OK(+0.005388) MF=OK(active=16/20,min=+1.035e-12,slack=+7.817e-16)
[RMPCC 0010] OK solve=386.7ms pose=(0.078,0.668,-1.481) u=(0.112,0.105) s=0.123 PSDFmin=+0.008965 G=OK(+0.00772) MF=OK(active=17/20,min=+6.837e-12,slack=+6.99e-15)
[RMPCC 0011] OK solve=380.9ms pose=(0.079,0.657,-1.471) u=(0.094,0.444) s=0.126 PSDFmin=+0.0003173 G=OK(+7.709e-11) MF=OK(active=18/20,min=+2.221e-09,slack=+2.839e-12)
[RMPCC 0012] OK solve=389.1ms pose=(0.080,0.648,-1.426) u=(0.110,0.105) s=0.143 PSDFmin=+0.008953 G=OK(+0.00775) MF=OK(active=16/20,min=+3.02e-12,slack=+3.926e-15)
[RMPCC 0013] OK solve=372.0ms pose=(0.082,0.637,-1.416) u=(0.084,0.584) s=0.147 PSDFmin=+0.001571 G=OK(+1.769e-12) MF=OK(active=19/20,min=+3.24e-09,slack=+4.334e-12)
[RMPCC 0014] OK solve=245.8ms pose=(0.083,0.629,-1.357) u=(0.085,0.239) s=0.165 PSDFmin=+0.00532 G=OK(+0.006347) MF=OK(active=15/20,min=+1.833e-12,slack=+2.885e-15)
[RMPCC 0015] OK solve=235.4ms pose=(0.085,0.620,-1.334) u=(0.080,0.371) s=0.169 PSDFmin=+0.003927 G=OK(+0.002772) MF=OK(active=20/20,min=+1.071e-14,slack=+5.318e-17)
[RMPCC 0016] OK solve=357.9ms pose=(0.087,0.613,-1.296) u=(0.041,0.184) s=0.187 PSDFmin=+0.005631 G=OK(+0.008999) MF=OK(active=18/20,min=+1.737e-10,slack=+5.125e-13)
[RMPCC 0017] OK solve=378.5ms pose=(0.088,0.609,-1.278) u=(0.066,0.237) s=0.190 PSDFmin=-0.01768 G=OK(+0.003471) MF=OK(active=18/20,min=+4.924e-14,slack=+3.876e-16)
[RMPCC 0018] OK solve=246.9ms pose=(0.090,0.602,-1.254) u=(0.046,0.789) s=0.204 PSDFmin=+0.003093 G=OK(+0.003002) MF=OK(active=14/20,min=+3.2e-14,slack=+2.168e-17)
[RMPCC 0019] OK solve=243.2ms pose=(0.091,0.598,-1.176) u=(0.110,1.127) s=0.208 PSDFmin=+0.004463 G=OK(+0.002943) MF=OK(active=20/20,min=+5.088e-12,slack=+5.283e-15)
[RMPCC 0020] OK solve=368.4ms pose=(0.095,0.588,-1.063) u=(0.059,0.956) s=0.218 PSDFmin=-0.01488 G=OK(+4.685e-14) MF=OK(active=18/20,min=+6.814e-12,slack=+1.586e-14)
[RMPCC 0021] OK solve=257.4ms pose=(0.098,0.583,-0.967) u=(0.062,0.555) s=0.229 PSDFmin=+0.005716 G=OK(+0.004519) MF=OK(active=5/20,min=+6.259e-13,slack=+1.838e-14)
[RMPCC 0022] OK solve=146.0ms pose=(0.102,0.578,-0.912) u=(0.032,0.276) s=0.234 PSDFmin=-0.01149 G=OK(+0.005695) MF=OK(active=20/20,min=+1.172e-13,slack=+5.297e-15)
[RMPCC 0023] OK solve=270.4ms pose=(0.104,0.575,-0.884) u=(0.115,1.161) s=0.238 PSDFmin=-0.007965 G=OK(+0.003809) MF=OK(active=12/20,min=+4.75e-13,slack=+7.463e-16)
[RMPCC 0024] OK solve=271.5ms pose=(0.111,0.566,-0.768) u=(0.057,1.130) s=0.251 PSDFmin=+0.005699 G=OK(+0.004497) MF=OK(active=14/20,min=+8.138e-14,slack=+3.244e-15)
[RMPCC 0025] OK solve=259.2ms pose=(0.115,0.562,-0.655) u=(0.056,0.550) s=0.252 PSDFmin=+0.001578 G=OK(+5.551e-17) MF=OK(active=20/20,min=-3.542e-15,slack=+1.08e-17)
[RMPCC 0026] OK solve=353.5ms pose=(0.119,0.559,-0.600) u=(0.096,0.882) s=0.265 PSDFmin=+0.006461 G=OK(+0.004818) MF=OK(active=18/20,min=+1.387e-09,slack=+6.78e-13)
[RMPCC 0027] OK solve=241.6ms pose=(0.127,0.553,-0.512) u=(0.052,0.437) s=0.266 PSDFmin=+0.007112 G=OK(+0.005935) MF=OK(active=18/20,min=+6.211e-13,slack=+1.112e-15)
[RMPCC 0028] OK solve=129.3ms pose=(0.132,0.551,-0.468) u=(0.221,0.032) s=0.271 PSDFmin=+0.00684 G=OK(+0.005771) MF=OK(active=20/20,min=+1.626e-12,slack=+3.526e-14)
[RMPCC 0029] OK solve=130.2ms pose=(0.152,0.541,-0.465) u=(0.149,0.869) s=0.295 PSDFmin=+0.009793 G=OK(+0.007697) MF=OK(active=20/20,min=+7.819e-14,slack=+2.727e-15)
[RMPCC 0030] OK solve=118.6ms pose=(0.165,0.534,-0.378) u=(0.110,0.759) s=0.307 PSDFmin=+0.01391 G=OK(+0.01224) MF=OK(active=20/20,min=+3.929e-13,slack=+3.141e-16)
[RMPCC 0031] OK solve=124.2ms pose=(0.175,0.530,-0.302) u=(0.128,0.650) s=0.318 PSDFmin=+0.01533 G=OK(+0.01579) MF=OK(active=20/20,min=-1.451e-12,slack=+4.82e-13)
[RMPCC 0032] OK solve=132.5ms pose=(0.187,0.526,-0.237) u=(0.133,0.703) s=0.331 PSDFmin=+0.0168 G=OK(+0.01565) MF=OK(active=20/20,min=+2.031e-15,slack=+3.269e-17)
[RMPCC 0033] OK solve=122.7ms pose=(0.200,0.523,-0.167) u=(0.147,0.566) s=0.344 PSDFmin=+0.0179 G=OK(+0.01682) MF=OK(active=20/20,min=+4.535e-14,slack=+5.754e-17)
[RMPCC 0034] OK solve=123.7ms pose=(0.215,0.521,-0.110) u=(0.134,0.693) s=0.352 PSDFmin=+0.01445 G=OK(+0.01287) MF=OK(active=20/20,min=+8.73e-15,slack=+7.135e-17)
[RMPCC 0035] OK solve=133.3ms pose=(0.228,0.519,-0.041) u=(0.132,0.556) s=0.365 PSDFmin=+0.01103 G=OK(+0.00925) MF=OK(active=20/20,min=+1.85e-09,slack=+1.8e-12)
[RMPCC 0036] OK solve=118.7ms pose=(0.241,0.519,0.015) u=(0.129,0.560) s=0.378 PSDFmin=+0.0137 G=OK(+0.0127) MF=OK(active=20/20,min=-1.507e-13,slack=+2.926e-14)
[RMPCC 0037] OK solve=145.1ms pose=(0.254,0.519,0.071) u=(0.122,0.554) s=0.391 PSDFmin=+0.01075 G=OK(+0.00939) MF=OK(active=20/20,min=+1.201e-12,slack=+1.439e-15)
[RMPCC 0038] OK solve=144.4ms pose=(0.266,0.520,0.126) u=(0.119,0.518) s=0.404 PSDFmin=+0.01128 G=OK(+0.00972) MF=OK(active=20/20,min=+8.529e-14,slack=+1.631e-16)
[RMPCC 0039] OK solve=148.2ms pose=(0.278,0.521,0.178) u=(0.115,0.522) s=0.415 PSDFmin=+0.007451 G=OK(+0.004438) MF=OK(active=20/20,min=+6.135e-14,slack=+6.73e-17)
[RMPCC 0040] OK solve=129.7ms pose=(0.289,0.523,0.230) u=(0.114,0.399) s=0.427 PSDFmin=+0.006563 G=OK(+5.985e-09) MF=OK(active=20/20,min=+4.474e-08,slack=+3.009e-11)
[RMPCC 0041] OK solve=139.1ms pose=(0.300,0.526,0.270) u=(0.112,0.205) s=0.438 PSDFmin=+0.01439 G=OK(+0.01338) MF=OK(active=20/20,min=+3.232e-11,slack=+2.892e-14)
[RMPCC 0042] OK solve=140.9ms pose=(0.311,0.529,0.291) u=(0.110,0.163) s=0.448 PSDFmin=+0.01655 G=OK(+0.01555) MF=OK(active=20/20,min=+1.753e-09,slack=+4.157e-12)
[RMPCC 0043] OK solve=127.5ms pose=(0.322,0.532,0.307) u=(0.104,0.234) s=0.456 PSDFmin=+0.0184 G=OK(+0.01738) MF=OK(active=20/20,min=+1.431e-14,slack=+1.092e-16)
[RMPCC 0044] OK solve=127.0ms pose=(0.332,0.535,0.330) u=(0.094,0.211) s=0.469 PSDFmin=+0.01527 G=OK(+0.01365) MF=OK(active=20/20,min=-8.066e-12,slack=+2.185e-12)
[RMPCC 0045] OK solve=119.4ms pose=(0.340,0.538,0.352) u=(0.102,0.177) s=0.475 PSDFmin=+0.01683 G=OK(+0.01727) MF=OK(active=20/20,min=+1.047e-10,slack=+1.434e-12)
[RMPCC 0046] OK solve=128.6ms pose=(0.350,0.542,0.369) u=(0.095,0.328) s=0.485 PSDFmin=+0.01397 G=OK(+0.01237) MF=OK(active=20/20,min=+1.897e-14,slack=+1.313e-15)
[RMPCC 0047] OK solve=132.2ms pose=(0.359,0.545,0.402) u=(0.114,0.073) s=0.497 PSDFmin=+0.01307 G=OK(+0.01308) MF=OK(active=20/20,min=+6.52e-11,slack=+1.015e-13)
[RMPCC 0048] OK solve=140.2ms pose=(0.369,0.550,0.409) u=(0.104,0.402) s=0.506 PSDFmin=+0.01507 G=OK(+0.01263) MF=OK(active=20/20,min=-3.44e-12,slack=+1.024e-12)
[RMPCC 0049] OK solve=127.4ms pose=(0.379,0.554,0.449) u=(0.121,0.123) s=0.516 PSDFmin=+0.002488 G=OK(+0.009566) MF=OK(active=20/20,min=+1.437e-09,slack=+1.184e-11)
[RMPCC 0050] OK solve=118.0ms pose=(0.390,0.559,0.462) u=(0.119,0.232) s=0.528 PSDFmin=+0.01093 G=OK(+0.009431) MF=OK(active=20/20,min=+2.157e-11,slack=+8.799e-15)
[RMPCC 0051] OK solve=116.5ms pose=(0.400,0.564,0.485) u=(0.130,-0.027) s=0.544 PSDFmin=+0.002448 G=OK(+0.008292) MF=OK(active=20/20,min=+7.735e-11,slack=+6.131e-14)
[RMPCC 0052] OK solve=129.0ms pose=(0.412,0.570,0.482) u=(0.125,0.183) s=0.553 PSDFmin=+0.01086 G=OK(+0.008498) MF=OK(active=20/20,min=-4.045e-13,slack=+1.644e-13)
[RMPCC 0053] OK solve=124.6ms pose=(0.423,0.576,0.501) u=(0.134,-0.087) s=0.565 PSDFmin=+0.008205 G=OK(+0.004651) MF=OK(active=20/20,min=+3.827e-10,slack=+2.175e-13)
[RMPCC 0054] OK solve=124.0ms pose=(0.435,0.583,0.492) u=(0.135,0.064) s=0.581 PSDFmin=+0.004861 G=OK(+0.007294) MF=OK(active=20/20,min=+9.846e-13,slack=+4.578e-16)
[RMPCC 0055] OK solve=121.7ms pose=(0.447,0.589,0.498) u=(0.154,-0.324) s=0.600 PSDFmin=+0.005652 G=OK(+7.247e-05) MF=OK(active=20/20,min=+1.799e-12,slack=+8.945e-15)
[RMPCC 0056] OK solve=119.3ms pose=(0.460,0.596,0.466) u=(0.141,-0.070) s=0.607 PSDFmin=-0.002147 G=OK(+0.003757) MF=OK(active=20/20,min=+2.136e-14,slack=+4.771e-17)
[RMPCC 0057] OK solve=123.1ms pose=(0.473,0.603,0.459) u=(0.147,-0.188) s=0.623 PSDFmin=+0.005496 G=OK(+0.003031) MF=OK(active=16/20,min=+3.726e-11,slack=+1.685e-14)
[RMPCC 0058] OK solve=109.6ms pose=(0.486,0.609,0.440) u=(0.183,0.121) s=0.644 PSDFmin=+0.00884 G=OK(+2.254e-13) MF=OK(active=20/20,min=+2.502e-13,slack=+5.78e-16)
[RMPCC 0059] OK solve=231.1ms pose=(0.502,0.617,0.452) u=(0.184,-0.304) s=0.653 PSDFmin=-0.007586 G=OK(+8.195e-13) MF=OK(active=20/20,min=+6.646e-12,slack=+3.918e-14)
[RMPCC 0060] OK solve=242.0ms pose=(0.519,0.625,0.422) u=(0.136,-0.398) s=0.672 PSDFmin=-0.002501 G=OK(+1.089e-08) MF=OK(active=5/20,min=+3.703e-07,slack=+1.339e-10)
[RMPCC 0061] OK solve=124.1ms pose=(0.531,0.630,0.382) u=(0.156,-0.115) s=0.693 PSDFmin=-0.007795 G=OK(+0.007167) MF=OK(active=17/20,min=+6.507e-12,slack=+1.574e-14)
[RMPCC 0062] OK solve=242.4ms pose=(0.546,0.636,0.370) u=(0.278,0.294) s=0.701 PSDFmin=+0.001306 G=OK(+1.221e-15) MF=OK(active=19/20,min=+1.841e-15,slack=+6.455e-17)
[RMPCC 0063] OK solve=429.4ms pose=(0.572,0.646,0.400) u=(0.170,0.043) s=0.729 PSDFmin=+0.001765 G=OK(+4.114e-12) MF=OK(active=19/20,min=+3.966e-11,slack=+5.727e-14)
[RMPCC 0064] OK solve=243.4ms pose=(0.587,0.653,0.404) u=(0.151,-0.975) s=0.745 PSDFmin=+0.00104 G=OK(+6.661e-16) MF=OK(active=18/20,min=+1.602e-14,slack=+3.24e-17)
[RMPCC 0065] OK solve=149.4ms pose=(0.601,0.659,0.306) u=(0.104,-0.470) s=0.760 PSDFmin=+0.003006 G=OK(+0.002962) MF=OK(active=20/20,min=+1.777e-14,slack=+3.841e-17)
[RMPCC 0066] OK solve=129.6ms pose=(0.611,0.662,0.259) u=(0.113,-0.553) s=0.771 PSDFmin=-0.009528 G=OK(+0.01228) MF=OK(active=20/20,min=+3.91e-14,slack=+4.495e-17)
[RMPCC 0067] OK solve=122.9ms pose=(0.622,0.665,0.204) u=(0.114,-0.530) s=0.782 PSDFmin=-0.004144 G=OK(+3.442e-15) MF=OK(active=18/20,min=+1.458e-13,slack=+1.357e-16)
[RMPCC 0068] OK solve=133.9ms pose=(0.633,0.667,0.151) u=(0.095,-0.560) s=0.793 PSDFmin=-0.02779 G=OK(+0.009389) MF=OK(active=12/20,min=-2.622e-11,slack=+6.727e-12)
[RMPCC 0069] OK solve=128.2ms pose=(0.643,0.669,0.095) u=(0.117,-0.228) s=0.803 PSDFmin=+0.003055 G=OK(+7.661e-15) MF=OK(active=17/20,min=+2.383e-13,slack=+3.008e-16)
[RMPCC 0070] OK solve=122.8ms pose=(0.654,0.670,0.072) u=(0.119,-0.321) s=0.812 PSDFmin=+0.01481 G=OK(+0.0164) MF=OK(active=20/20,min=+1.473e-12,slack=+2.347e-15)
[RMPCC 0071] OK solve=245.0ms pose=(0.666,0.671,0.040) u=(0.131,-0.186) s=0.825 PSDFmin=+0.009155 G=OK(+0.009586) MF=OK(active=20/20,min=+1.069e-14,slack=+3.164e-17)
[RMPCC 0072] OK solve=375.7ms pose=(0.679,0.671,0.022) u=(0.085,-0.727) s=0.835 PSDFmin=+3.028e-05 G=OK(+7.843e-09) MF=OK(active=19/20,min=+2.647e-08,slack=+1.989e-11)
[RMPCC 0073] OK solve=385.7ms pose=(0.688,0.671,-0.051) u=(0.104,-0.456) s=0.843 PSDFmin=-0.006768 G=OK(+2.417e-13) MF=OK(active=15/20,min=+1.668e-11,slack=+1.084e-14)
[RMPCC 0074] OK solve=242.1ms pose=(0.698,0.671,-0.096) u=(0.110,-0.558) s=0.852 PSDFmin=-3.622e-05 G=OK(+0.002503) MF=OK(active=16/20,min=+1.707e-13,slack=+1.94e-16)
[RMPCC 0075] OK solve=245.5ms pose=(0.709,0.670,-0.152) u=(0.106,-0.209) s=0.865 PSDFmin=-0.001164 G=OK(+0.01513) MF=OK(active=19/20,min=+3.697e-12,slack=+7.178e-15)
[RMPCC 0076] OK solve=250.1ms pose=(0.719,0.668,-0.173) u=(0.095,-0.560) s=0.875 PSDFmin=-0.007661 G=OK(+1.399e-10) MF=OK(active=15/20,min=+1.252e-09,slack=+1.664e-12)
[RMPCC 0077] OK solve=269.8ms pose=(0.729,0.667,-0.229) u=(0.090,-0.239) s=0.883 PSDFmin=+0.002457 G=OK(+3.334e-10) MF=OK(active=19/20,min=+5.544e-11,slack=+1.178e-13)
[RMPCC 0078] OK solve=354.6ms pose=(0.738,0.665,-0.253) u=(0.073,-0.523) s=0.893 PSDFmin=+0.002371 G=OK(+0.00275) MF=OK(active=19/20,min=+2.301e-13,slack=+4.864e-16)
[RMPCC 0079] OK solve=267.4ms pose=(0.745,0.663,-0.305) u=(0.056,-0.581) s=0.900 PSDFmin=-0.01824 G=OK(+0.005926) MF=OK(active=14/20,min=+9.958e-14,slack=+1.06e-16)
[RMPCC 0080] OK solve=147.2ms pose=(0.750,0.661,-0.363) u=(0.108,-0.213) s=0.906 PSDFmin=-0.002987 G=OK(+1.308e-12) MF=OK(active=18/20,min=+1.794e-12,slack=+3.942e-15)
[RMPCC 0081] OK solve=285.4ms pose=(0.760,0.657,-0.385) u=(0.059,-0.578) s=0.916 PSDFmin=+0.009102 G=OK(+0.004728) MF=OK(active=19/20,min=+6.504e-11,slack=+2.196e-13)
[RMPCC 0082] OK solve=372.9ms pose=(0.765,0.655,-0.443) u=(0.040,-0.277) s=0.921 PSDFmin=+0.008185 G=OK(+0.008426) MF=OK(active=19/20,min=+1.036e-11,slack=+4.306e-14)
[RMPCC 0083] OK solve=250.5ms pose=(0.769,0.653,-0.470) u=(0.049,-0.556) s=0.926 PSDFmin=+0.0007427 G=OK(+5.32e-13) MF=OK(active=19/20,min=+1.297e-11,slack=+2.327e-14)
[RMPCC 0084] OK solve=127.5ms pose=(0.773,0.651,-0.526) u=(0.080,-0.443) s=0.931 PSDFmin=+0.006195 G=OK(+0.004364) MF=OK(active=18/20,min=+2.063e-15,slack=+8.86e-16)
[RMPCC 0085] OK solve=236.6ms pose=(0.780,0.647,-0.570) u=(0.046,-0.605) s=0.939 PSDFmin=+0.006909 G=OK(+0.006663) MF=OK(active=20/20,min=+1.422e-14,slack=+3.389e-17)
[RMPCC 0086] OK solve=363.7ms pose=(0.784,0.645,-0.631) u=(0.125,-0.314) s=0.944 PSDFmin=-0.003072 G=OK(+1.377e-14) MF=OK(active=18/20,min=+9.606e-15,slack=+7.263e-16)
[RMPCC 0087] OK solve=361.9ms pose=(0.794,0.637,-0.662) u=(0.063,-0.764) s=0.956 PSDFmin=+0.006844 G=OK(+0.003846) MF=OK(active=17/20,min=+3.131e-13,slack=+5.118e-16)
[RMPCC 0088] OK solve=402.1ms pose=(0.799,0.633,-0.738) u=(0.130,-0.321) s=0.965 PSDFmin=-0.02246 G=OK(+0.00447) MF=OK(active=18/20,min=+6.493e-13,slack=+1.791e-15)
[RMPCC 0089] OK solve=256.0ms pose=(0.809,0.625,-0.771) u=(0.065,-0.599) s=0.979 PSDFmin=-0.003951 G=OK(+6.234e-12) MF=OK(active=10/20,min=+7.842e-12,slack=+1.763e-13)
[RMPCC 0090] OK solve=122.0ms pose=(0.814,0.620,-0.830) u=(0.032,-0.407) s=0.982 PSDFmin=-0.02842 G=OK(+0.007346) MF=OK(active=15/20,min=+2.006e-13,slack=+2.246e-15)
[RMPCC 0091] OK solve=129.5ms pose=(0.816,0.618,-0.871) u=(0.108,-0.295) s=0.985 PSDFmin=-0.006933 G=OK(+0.003119) MF=OK(active=7/20,min=+2.141e-12,slack=+2.202e-15)
[RMPCC 0092] OK solve=136.5ms pose=(0.823,0.609,-0.901) u=(0.068,-0.141) s=0.996 PSDFmin=-0.024 G=OK(+0.007307) MF=OK(active=12/20,min=+9.776e-15,slack=+4.831e-17)
[RMPCC 0093] OK solve=120.0ms pose=(0.827,0.604,-0.915) u=(0.081,0.024) s=1.002 PSDFmin=-0.01405 G=OK(+0.0001966) MF=OK(active=6/20,min=+4.091e-14,slack=+5.3e-17)
[RMPCC 0094] OK solve=123.0ms pose=(0.832,0.598,-0.912) u=(0.166,1.174) s=1.013 PSDFmin=-0.02256 G=OK(+0.003277) MF=OK(active=10/20,min=+2.326e-12,slack=+2.228e-14)
[RMPCC 0095] OK solve=254.2ms pose=(0.842,0.584,-0.795) u=(0.118,0.896) s=1.030 PSDFmin=-0.005209 G=OK(+3.728e-11) MF=OK(active=5/20,min=+5.543e-09,slack=+1.216e-12)
[RMPCC 0096] OK solve=248.9ms pose=(0.850,0.576,-0.705) u=(0.144,0.409) s=1.038 PSDFmin=+6.513e-05 G=OK(+0.003215) MF=OK(active=8/20,min=+3.698e-11,slack=+7.044e-14)
[RMPCC 0097] OK solve=246.7ms pose=(0.861,0.567,-0.664) u=(0.072,1.200) s=1.052 PSDFmin=-0.03661 G=OK(+0.001572) MF=OK(active=18/20,min=-9.704e-15,slack=+0.3242)
[RMPCC 0098] OK solve=342.0ms pose=(0.867,0.562,-0.544) u=(0.066,0.591) s=1.059 PSDFmin=-0.02522 G=OK(+2.394e-11) MF=OK(active=4/20,min=+3.77e-10,slack=+8.208e-13)
[RMPCC 0099] OK solve=368.8ms pose=(0.872,0.559,-0.485) u=(0.033,0.295) s=1.066 PSDFmin=-0.008971 G=OK(+3.386e-15) MF=OK(active=17/20,min=-3.109e-13,slack=+0.02023)
[RMPCC 0100] OK solve=392.0ms pose=(0.875,0.557,-0.456) u=(0.143,0.504) s=1.070 PSDFmin=-0.001676 G=OK(+1.136e-13) MF=OK(active=11/20,min=+2.493e-12,slack=+3.091e-15)
[RMPCC 0101] OK solve=388.2ms pose=(0.888,0.551,-0.406) u=(0.071,0.423) s=1.083 PSDFmin=-0.00773 G=OK(+0) MF=OK(active=15/20,min=-1.419e-14,slack=+0.08732)
[RMPCC 0102] OK solve=361.6ms pose=(0.895,0.548,-0.363) u=(0.196,0.006) s=1.090 PSDFmin=-0.03382 G=OK(+0.003968) MF=OK(active=14/20,min=+6.468e-10,slack=+5.227e-12)
[RMPCC 0103] OK solve=373.4ms pose=(0.913,0.541,-0.363) u=(0.098,0.426) s=1.109 PSDFmin=-0.003411 G=OK(+3.584e-12) MF=OK(active=13/20,min=+4.882e-11,slack=+1.546e-13)
[RMPCC 0104] OK solve=236.7ms pose=(0.922,0.538,-0.320) u=(0.083,0.703) s=1.115 PSDFmin=-0.02232 G=OK(+0.008572) MF=OK(active=13/20,min=+3.755e-09,slack=+2.427e-12)
[RMPCC 0105] OK solve=132.1ms pose=(0.930,0.535,-0.250) u=(0.091,0.779) s=1.125 PSDFmin=-9.94e-05 G=OK(+7.827e-15) MF=OK(active=15/20,min=+1.521e-13,slack=+2.483e-16)
[RMPCC 0106] OK solve=133.1ms pose=(0.939,0.533,-0.172) u=(0.102,0.332) s=1.132 PSDFmin=+0.0002438 G=OK(+8.036e-12) MF=OK(active=15/20,min=+4.762e-11,slack=+4.342e-14)
[RMPCC 0107] OK solve=121.5ms pose=(0.949,0.531,-0.139) u=(0.073,0.243) s=1.142 PSDFmin=+0.003952 G=OK(+0.01406) MF=OK(active=19/20,min=+5.345e-15,slack=+1.605e-17)
[RMPCC 0108] OK solve=246.6ms pose=(0.956,0.530,-0.114) u=(0.108,0.207) s=1.149 PSDFmin=+0.008003 G=OK(+0.01174) MF=OK(active=20/20,min=+1.359e-11,slack=+1.291e-13)
[RMPCC 0109] OK solve=251.4ms pose=(0.967,0.529,-0.094) u=(0.061,1.054) s=1.160 PSDFmin=+0.002441 G=OK(+0.002609) MF=OK(active=18/20,min=+2.009e-10,slack=+5.929e-13)
[RMPCC 0110] OK solve=239.6ms pose=(0.973,0.528,0.012) u=(0.122,0.484) s=1.167 PSDFmin=-0.003889 G=OK(+0.009443) MF=OK(active=20/20,min=+3.747e-11,slack=+8.413e-14)
[RMPCC 0111] OK solve=374.3ms pose=(0.985,0.529,0.060) u=(0.070,0.557) s=1.178 PSDFmin=-0.002148 G=OK(+7.841e-10) MF=OK(active=14/20,min=+1.178e-10,slack=+2.766e-13)
[RMPCC 0112] OK solve=361.4ms pose=(0.992,0.529,0.116) u=(0.119,0.397) s=1.185 PSDFmin=-0.006247 G=OK(+0.007186) MF=OK(active=14/20,min=+5.246e-14,slack=+5.371e-17)
[RMPCC 0113] OK solve=387.6ms pose=(1.004,0.530,0.156) u=(0.087,0.579) s=1.197 PSDFmin=+0.003984 G=OK(+0.003424) MF=OK(active=15/20,min=-4.527e-15,slack=+8.152e-16)
[RMPCC 0114] OK solve=369.2ms pose=(1.013,0.532,0.214) u=(0.122,0.246) s=1.206 PSDFmin=+0.0007747 G=OK(+0.00613) MF=OK(active=18/20,min=+2.842e-12,slack=+1.59e-14)
[RMPCC 0115] OK solve=361.9ms pose=(1.025,0.534,0.238) u=(0.087,0.687) s=1.218 PSDFmin=+0.003225 G=OK(+0.001207) MF=OK(active=18/20,min=+3.056e-09,slack=+3.346e-12)
[RMPCC 0116] OK solve=397.3ms pose=(1.033,0.536,0.307) u=(0.102,0.284) s=1.226 PSDFmin=+0.005423 G=OK(+0.007472) MF=OK(active=16/20,min=+5.686e-14,slack=+5.202e-17)
[RMPCC 0117] OK solve=367.2ms pose=(1.043,0.539,0.335) u=(0.076,0.461) s=1.236 PSDFmin=+0.003853 G=OK(+0.005291) MF=OK(active=19/20,min=+7.431e-13,slack=+5.516e-16)
[RMPCC 0118] OK solve=370.2ms pose=(1.050,0.542,0.381) u=(0.093,0.494) s=1.243 PSDFmin=+0.004419 G=OK(+0.00443) MF=OK(active=17/20,min=+3.717e-13,slack=+4.769e-16)
[RMPCC 0119] OK solve=386.3ms pose=(1.058,0.545,0.431) u=(0.077,0.270) s=1.252 PSDFmin=-0.004227 G=OK(+0.0008261) MF=OK(active=18/20,min=+3.178e-13,slack=+1.161e-15)
[RMPCC 0120] OK solve=376.0ms pose=(1.065,0.549,0.458) u=(0.076,0.926) s=1.258 PSDFmin=+0.003079 G=OK(+1.386e-11) MF=OK(active=16/20,min=+8.731e-11,slack=+1.09e-13)
[RMPCC 0121] OK solve=246.0ms pose=(1.072,0.552,0.550) u=(0.069,0.442) s=1.269 PSDFmin=+0.002419 G=OK(+0.004558) MF=OK(active=17/20,min=+3.307e-13,slack=+2.588e-16)
[RMPCC 0122] OK solve=133.7ms pose=(1.078,0.555,0.595) u=(0.041,0.279) s=1.276 PSDFmin=-0.01616 G=OK(+4.351e-12) MF=OK(active=20/20,min=+3.456e-10,slack=+4.357e-13)
[RMPCC 0123] OK solve=125.9ms pose=(1.081,0.558,0.623) u=(0.087,0.289) s=1.280 PSDFmin=+0.005528 G=OK(+0.005451) MF=OK(active=17/20,min=+9.807e-12,slack=+9.812e-14)
[RMPCC 0124] OK solve=245.0ms pose=(1.089,0.563,0.651) u=(0.044,0.144) s=1.288 PSDFmin=-0.01642 G=OK(+6.806e-14) MF=OK(active=20/20,min=+5.295e-13,slack=+9.219e-15)
[RMPCC 0125] OK solve=249.2ms pose=(1.092,0.566,0.666) u=(0.088,0.518) s=1.293 PSDFmin=-0.0009593 G=OK(+0.003587) MF=OK(active=8/20,min=+5.83e-10,slack=+6.762e-13)
[RMPCC 0126] OK solve=129.5ms pose=(1.099,0.571,0.718) u=(0.044,0.317) s=1.302 PSDFmin=-0.003618 G=OK(+4.219e-15) MF=OK(active=16/20,min=+2.852e-14,slack=+9.604e-17)
[RMPCC 0127] OK solve=119.7ms pose=(1.102,0.574,0.749) u=(0.131,0.167) s=1.307 PSDFmin=+0.001164 G=OK(+0.002922) MF=OK(active=17/20,min=+1.778e-14,slack=+1.903e-17)
[RMPCC 0128] OK solve=132.3ms pose=(1.112,0.583,0.766) u=(0.065,0.364) s=1.320 PSDFmin=-0.01671 G=OK(+0.004188) MF=OK(active=20/20,min=+1.835e-09,slack=+4.32e-12)
[RMPCC 0129] OK solve=126.9ms pose=(1.116,0.587,0.802) u=(0.107,0.189) s=1.326 PSDFmin=+0.001498 G=OK(+0.002723) MF=OK(active=9/20,min=+1.779e-14,slack=+2.99e-17)
[RMPCC 0130] OK solve=123.2ms pose=(1.124,0.595,0.821) u=(0.093,0.009) s=1.337 PSDFmin=-0.02279 G=OK(+0.003666) MF=OK(active=20/20,min=+4.574e-10,slack=+1.276e-12)
[RMPCC 0131] OK solve=122.0ms pose=(1.130,0.602,0.822) u=(0.135,-0.088) s=1.346 PSDFmin=+0.002729 G=OK(+0.002691) MF=OK(active=7/20,min=+1.474e-12,slack=+6.989e-15)
[RMPCC 0132] OK solve=114.1ms pose=(1.139,0.612,0.813) u=(0.185,-0.524) s=1.359 PSDFmin=-0.02396 G=OK(+0.003123) MF=OK(active=20/20,min=+2.351e-13,slack=+6.69e-16)
[RMPCC 0133] OK solve=125.8ms pose=(1.152,0.625,0.761) u=(0.100,-0.943) s=1.377 PSDFmin=+0.0008442 G=OK(+0.001731) MF=OK(active=6/20,min=+7.819e-14,slack=+3.101e-17)
[RMPCC 0134] OK solve=121.6ms pose=(1.159,0.632,0.667) u=(0.097,-0.450) s=1.387 PSDFmin=-0.01804 G=OK(+0.003471) MF=OK(active=18/20,min=+3.033e-12,slack=+2.994e-15)
[RMPCC 0135] OK solve=160.3ms pose=(1.167,0.638,0.622) u=(0.084,-0.774) s=1.397 PSDFmin=+0.004616 G=OK(+0.003308) MF=OK(active=6/20,min=+8.038e-13,slack=+8.786e-16)
[RMPCC 0136] OK solve=246.6ms pose=(1.174,0.643,0.544) u=(0.109,-0.345) s=1.405 PSDFmin=-0.0244 G=OK(+0.003934) MF=OK(active=20/20,min=+3.4e-13,slack=+7.953e-14)
[RMPCC 0137] OK solve=364.8ms pose=(1.183,0.648,0.510) u=(0.094,-1.200) s=1.416 PSDFmin=-0.02002 G=OK(+0.001736) MF=OK(active=8/20,min=+2.844e-14,slack=+1.488e-17)
[RMPCC 0138] OK solve=356.4ms pose=(1.191,0.653,0.390) u=(0.138,-0.547) s=1.425 PSDFmin=+0.008151 G=OK(+0.006478) MF=OK(active=15/20,min=+1.797e-13,slack=+6.885e-16)
[RMPCC 0139] OK solve=264.8ms pose=(1.204,0.658,0.335) u=(0.084,-0.282) s=1.439 PSDFmin=+0.002716 G=OK(+0.008273) MF=OK(active=18/20,min=+3.183e-11,slack=+9.751e-14)
[RMPCC 0140] OK solve=135.5ms pose=(1.212,0.661,0.307) u=(0.103,-0.294) s=1.447 PSDFmin=+8.824e-05 G=OK(+0.009262) MF=OK(active=20/20,min=+5.331e-14,slack=+1.756e-17)
[RMPCC 0141] OK solve=117.0ms pose=(1.222,0.664,0.277) u=(0.070,-0.207) s=1.453 PSDFmin=+0.01156 G=OK(+0.01043) MF=OK(active=17/20,min=+1.987e-13,slack=+1.726e-16)
[RMPCC 0142] OK solve=235.4ms pose=(1.228,0.666,0.257) u=(0.053,-0.050) s=1.462 PSDFmin=+0.001286 G=OK(+0.003193) MF=OK(active=20/20,min=+9.368e-16,slack=+4.866e-17)
[RMPCC 0143] OK solve=363.8ms pose=(1.234,0.667,0.252) u=(0.143,-0.448) s=1.465 PSDFmin=+0.01157 G=OK(+0.01094) MF=OK(active=18/20,min=+4.649e-08,slack=+1.701e-11)
[RMPCC 0144] OK solve=251.9ms pose=(1.248,0.671,0.207) u=(0.072,-0.380) s=1.480 PSDFmin=+0.006546 G=OK(+0.01587) MF=OK(active=18/20,min=+5.076e-09,slack=+7.367e-12)
[RMPCC 0145] OK solve=125.0ms pose=(1.255,0.672,0.169) u=(0.143,-0.113) s=1.490 PSDFmin=-0.02114 G=OK(+0.009205) MF=OK(active=20/20,min=+2.653e-11,slack=+9.959e-14)
[RMPCC 0146] OK solve=123.7ms pose=(1.269,0.675,0.158) u=(0.132,-0.243) s=1.504 PSDFmin=-0.0069 G=OK(+3.072e-10) MF=OK(active=8/20,min=+2.528e-08,slack=+4.225e-12)
[RMPCC 0147] OK solve=129.8ms pose=(1.282,0.677,0.133) u=(0.114,-0.590) s=1.514 PSDFmin=+0.0007823 G=OK(+3.155e-13) MF=OK(active=19/20,min=+2.134e-12,slack=+6.331e-15)
[RMPCC 0148] OK solve=109.8ms pose=(1.293,0.678,0.074) u=(0.057,-0.595) s=1.526 PSDFmin=+0.003971 G=OK(+0.005362) MF=OK(active=18/20,min=+1.51e-12,slack=+1.308e-14)
[RMPCC 0149] OK solve=117.1ms pose=(1.299,0.679,0.015) u=(0.160,-0.234) s=1.531 PSDFmin=-0.006712 G=OK(+0.00321) MF=OK(active=20/20,min=+3.066e-11,slack=+3.681e-14)
[RMPCC 0150] OK solve=120.6ms pose=(1.315,0.679,-0.009) u=(0.105,-0.042) s=1.547 PSDFmin=-0.02052 G=OK(+0.008432) MF=OK(active=18/20,min=+8.466e-12,slack=+3.057e-14)
[RMPCC 0151] OK solve=127.7ms pose=(1.325,0.679,-0.013) u=(0.128,-0.160) s=1.558 PSDFmin=-0.000672 G=OK(+1.771e-11) MF=OK(active=18/20,min=+5.257e-10,slack=+6.22e-13)
[RMPCC 0152] OK solve=114.4ms pose=(1.338,0.679,-0.029) u=(0.136,0.125) s=1.570 PSDFmin=-0.02777 G=OK(+0.00185) MF=OK(active=16/20,min=+4.222e-11,slack=+5.235e-14)
[RMPCC 0153] OK solve=121.1ms pose=(1.352,0.678,-0.016) u=(0.130,-0.086) s=1.584 PSDFmin=-0.002509 G=OK(+3.553e-14) MF=OK(active=16/20,min=+8.666e-13,slack=+1.479e-15)
[RMPCC 0154] OK solve=121.3ms pose=(1.365,0.678,-0.025) u=(0.135,0.247) s=1.595 PSDFmin=-0.01361 G=OK(+0.01116) MF=OK(active=14/20,min=+3.411e-13,slack=+1.923e-16)
[RMPCC 0155] OK solve=129.7ms pose=(1.378,0.678,-0.000) u=(0.209,0.084) s=1.610 PSDFmin=+0.01143 G=OK(+0.0029) MF=OK(active=15/20,min=+1.921e-13,slack=+2.931e-15)
[RMPCC 0156] OK solve=119.0ms pose=(1.399,0.678,0.008) u=(0.181,0.319) s=1.631 PSDFmin=-0.001123 G=OK(+9.892e-14) MF=OK(active=20/20,min=+9.826e-13,slack=+2.094e-15)
[RMPCC 0157] OK solve=240.4ms pose=(1.417,0.678,0.040) u=(0.135,0.054) s=1.649 PSDFmin=+0.005997 G=OK(+0.009342) MF=OK(active=16/20,min=+8.911e-14,slack=+2.958e-16)
[RMPCC 0158] OK solve=387.2ms pose=(1.431,0.679,0.045) u=(0.120,0.492) s=1.662 PSDFmin=-0.01157 G=OK(+0.006217) MF=OK(active=16/20,min=-3.064e-15,slack=+4.916e-16)
[RMPCC 0159] OK solve=255.1ms pose=(1.443,0.679,0.095) u=(0.106,0.475) s=1.674 PSDFmin=+0.001104 G=OK(+1.028e-11) MF=OK(active=11/20,min=+4.977e-10,slack=+4.433e-13)
[RMPCC 0160] OK solve=127.2ms pose=(1.453,0.680,0.142) u=(0.115,0.156) s=1.685 PSDFmin=+0.005225 G=OK(+0.01046) MF=OK(active=20/20,min=+4.364e-13,slack=+3.006e-15)
[RMPCC 0161] OK solve=236.3ms pose=(1.465,0.682,0.158) u=(0.084,0.668) s=1.691 PSDFmin=+0.001751 G=OK(+9.992e-16) MF=OK(active=20/20,min=+8.887e-15,slack=+3.167e-17)
[RMPCC 0162] OK solve=247.2ms pose=(1.473,0.683,0.225) u=(0.137,0.251) s=1.705 PSDFmin=-0.003199 G=OK(+0.00947) MF=OK(active=17/20,min=-4.02e-17,slack=+3.513e-15)
[RMPCC 0163] OK solve=255.8ms pose=(1.486,0.686,0.250) u=(0.071,0.679) s=1.717 PSDFmin=-0.0004925 G=OK(+1.676e-14) MF=OK(active=19/20,min=+1.121e-12,slack=+1.783e-15)
[RMPCC 0164] OK solve=358.1ms pose=(1.493,0.688,0.318) u=(0.082,1.005) s=1.726 PSDFmin=-1.848e-05 G=OK(+0.002392) MF=OK(active=16/20,min=+7.667e-11,slack=+1.169e-13)
[RMPCC 0165] OK solve=389.5ms pose=(1.501,0.690,0.418) u=(0.094,0.465) s=1.734 PSDFmin=+0.0009947 G=OK(+0.004892) MF=OK(active=16/20,min=+9.76e-12,slack=+3.002e-14)
[RMPCC 0166] OK solve=381.0ms pose=(1.510,0.694,0.465) u=(0.085,0.640) s=1.743 PSDFmin=+0.005905 G=OK(+1.11e-15) MF=OK(active=17/20,min=+1.245e-14,slack=+1.978e-17)
[RMPCC 0167] OK solve=254.1ms pose=(1.517,0.698,0.529) u=(0.045,0.317) s=1.752 PSDFmin=-0.002208 G=OK(+0.007038) MF=OK(active=17/20,min=+3.335e-11,slack=+4.661e-14)
[RMPCC 0168] OK solve=125.2ms pose=(1.521,0.700,0.560) u=(0.072,0.093) s=1.758 PSDFmin=-0.007681 G=OK(+9.945e-11) MF=OK(active=15/20,min=+2.757e-11,slack=+7.307e-14)
[RMPCC 0169] OK solve=134.0ms pose=(1.527,0.704,0.570) u=(0.036,0.652) s=1.765 PSDFmin=+0.00298 G=OK(+1.222e-13) MF=OK(active=9/20,min=+1.364e-12,slack=+2.404e-15)
[RMPCC 0170] OK solve=262.8ms pose=(1.530,0.706,0.635) u=(0.114,0.281) s=1.768 PSDFmin=-0.002125 G=OK(+0.006948) MF=OK(active=20/20,min=+1.662e-11,slack=+2.975e-14)
[RMPCC 0171] OK solve=379.2ms pose=(1.539,0.713,0.663) u=(0.083,0.306) s=1.780 PSDFmin=-0.002271 G=OK(+0.001924) MF=OK(active=13/20,min=+2.136e-14,slack=+4.853e-17)
[RMPCC 0172] OK solve=240.1ms pose=(1.546,0.718,0.694) u=(0.055,0.360) s=1.792 PSDFmin=+0.005279 G=OK(+0.0043) MF=OK(active=13/20,min=+5.334e-13,slack=+4.566e-16)
[RMPCC 0173] OK solve=125.4ms pose=(1.550,0.722,0.729) u=(0.027,0.508) s=1.794 PSDFmin=-0.01896 G=OK(+0.004948) MF=OK(active=20/20,min=+1.388e-10,slack=+6.509e-13)
[RMPCC 0174] OK solve=117.3ms pose=(1.552,0.723,0.780) u=(0.095,0.526) s=1.796 PSDFmin=-0.002192 G=OK(+0.001317) MF=OK(active=15/20,min=+2.018e-10,slack=+1.522e-13)
[RMPCC 0175] OK solve=121.3ms pose=(1.559,0.730,0.833) u=(0.057,0.255) s=1.807 PSDFmin=-0.01154 G=OK(+0.009117) MF=OK(active=14/20,min=+1.246e-14,slack=+2.969e-17)
[RMPCC 0176] OK solve=263.9ms pose=(1.563,0.734,0.858) u=(0.070,0.144) s=1.811 PSDFmin=-0.006543 G=OK(+0.001187) MF=OK(active=13/20,min=+6.738e-12,slack=+2.598e-14)
[RMPCC 0177] OK solve=260.6ms pose=(1.567,0.740,0.873) u=(0.105,0.115) s=1.823 PSDFmin=-0.009938 G=OK(+0.005782) MF=OK(active=9/20,min=+6.953e-14,slack=+2.578e-16)
[RMPCC 0178] OK solve=238.3ms pose=(1.574,0.748,0.884) u=(0.052,0.058) s=1.828 PSDFmin=-0.0143 G=OK(+2.22e-16) MF=OK(active=12/20,min=-1.11e-15,slack=+0.2221)
[RMPCC 0179] OK solve=373.2ms pose=(1.578,0.752,0.890) u=(0.142,-0.238) s=1.840 PSDFmin=+0.001654 G=OK(+6.754e-12) MF=OK(active=10/20,min=+2.679e-10,slack=+2.805e-13)
[RMPCC 0180] OK solve=424.8ms pose=(1.586,0.763,0.866) u=(0.197,-1.200) s=1.857 PSDFmin=-0.007226 G=OK(+9.659e-15) MF=OK(active=19/20,min=+3.419e-14,slack=+4.421e-16)
[RMPCC 0181] OK solve=363.8ms pose=(1.599,0.778,0.746) u=(0.106,-0.837) s=1.875 PSDFmin=-0.02094 G=OK(+4.418e-05) MF=OK(active=5/20,min=+1.069e-14,slack=+2.797e-17)
[RMPCC 0182] OK solve=282.1ms pose=(1.607,0.785,0.663) u=(0.140,-1.001) s=1.878 PSDFmin=+6.963e-05 G=OK(+0.0058) MF=OK(active=15/20,min=+1.097e-14,slack=+3.138e-16)
[RMPCC 0183] OK solve=264.1ms pose=(1.618,0.794,0.563) u=(0.117,-0.462) s=1.895 PSDFmin=-0.02074 G=OK(+0.002673) MF=OK(active=19/20,min=+2.493e-14,slack=+5.606e-17)
[RMPCC 0184] OK solve=272.3ms pose=(1.628,0.800,0.516) u=(0.128,-0.533) s=1.903 PSDFmin=+0.005158 G=OK(+0.008096) MF=OK(active=15/20,min=+5.764e-11,slack=+1.255e-12)
[RMPCC 0185] OK solve=247.2ms pose=(1.639,0.806,0.463) u=(0.073,-0.510) s=1.915 PSDFmin=+0.002971 G=OK(+0.004845) MF=OK(active=20/20,min=+3.568e-15,slack=+1.485e-17)
[RMPCC 0186] OK solve=241.8ms pose=(1.646,0.809,0.412) u=(0.148,-1.200) s=1.923 PSDFmin=+0.002124 G=OK(+0.0114) MF=OK(active=18/20,min=+2.493e-13,slack=+5.686e-16)
[RMPCC 0187] OK solve=256.4ms pose=(1.659,0.815,0.292) u=(0.085,-0.589) s=1.937 PSDFmin=-0.008331 G=OK(+6.864e-12) MF=OK(active=20/20,min=+1.521e-11,slack=+2.079e-14)
[RMPCC 0188] OK solve=230.8ms pose=(1.667,0.818,0.233) u=(0.059,-0.751) s=1.939 PSDFmin=-0.009247 G=OK(+0.01328) MF=OK(active=16/20,min=+1.07e-14,slack=+3.966e-17)
[RMPCC 0189] OK solve=125.3ms pose=(1.673,0.819,0.158) u=(0.114,-0.325) s=1.943 PSDFmin=-0.01406 G=OK(+5.906e-14) MF=OK(active=19/20,min=+1.61e-13,slack=+1.156e-15)
[RMPCC 0190] OK solve=255.8ms pose=(1.684,0.821,0.126) u=(0.073,-0.923) s=1.955 PSDFmin=-0.00518 G=OK(+2.642e-14) MF=OK(active=15/20,min=+1.207e-12,slack=+9.615e-16)
[RMPCC 0191] OK solve=254.8ms pose=(1.692,0.822,0.033) u=(0.104,-0.639) s=1.962 PSDFmin=+0.001224 G=OK(+2.22e-16) MF=OK(active=7/20,min=+1.069e-14,slack=+3.66e-17)
[RMPCC 0192] OK solve=263.2ms pose=(1.702,0.822,-0.031) u=(0.074,-0.294) s=1.972 PSDFmin=-0.01205 G=OK(+0.01127) MF=OK(active=20/20,min=+2.057e-13,slack=+8.67e-15)
[RMPCC 0193] OK solve=362.7ms pose=(1.709,0.822,-0.060) u=(0.109,-0.017) s=1.980 PSDFmin=-0.002685 G=OK(+1.998e-13) MF=OK(active=15/20,min=+1.778e-12,slack=+3.711e-15)
[RMPCC 0194] OK solve=249.2ms pose=(1.720,0.821,-0.062) u=(0.100,-0.409) s=1.991 PSDFmin=+0.004487 G=OK(+0.005258) MF=OK(active=16/20,min=+7.108e-15,slack=+1.57e-17)
[RMPCC 0195] OK solve=263.9ms pose=(1.730,0.821,-0.103) u=(0.113,-0.088) s=1.995 PSDFmin=+0.002828 G=OK(+0.005541) MF=OK(active=20/20,min=+1.425e-14,slack=+3.441e-17)
[RMPCC 0196] OK solve=351.7ms pose=(1.742,0.819,-0.111) u=(0.112,-0.078) s=2.010 PSDFmin=+0.007853 G=OK(+0.0009083) MF=OK(active=18/20,min=+3.556e-14,slack=+2.098e-16)
[RMPCC 0197] OK solve=409.7ms pose=(1.753,0.818,-0.119) u=(0.063,-0.353) s=2.011 PSDFmin=+0.007179 G=OK(+0.004002) MF=OK(active=19/20,min=+6.773e-14,slack=+2.515e-16)
[RMPCC 0198] OK solve=389.4ms pose=(1.759,0.817,-0.155) u=(0.092,-0.076) s=2.026 PSDFmin=-0.00263 G=OK(+2.354e-14) MF=OK(active=19/20,min=+2.745e-12,slack=+1.908e-15)
[RMPCC 0199] OK solve=370.1ms pose=(1.768,0.816,-0.162) u=(0.053,-0.402) s=2.028 PSDFmin=+0.004307 G=OK(+0.003145) MF=OK(active=16/20,min=+7.676e-13,slack=+2.414e-16)
[RMPCC 0200] OK solve=238.1ms pose=(1.773,0.815,-0.202) u=(0.105,-0.084) s=2.044 PSDFmin=+0.008242 G=OK(+0.008591) MF=OK(active=17/20,min=+2.862e-11,slack=+3.01e-14)
[RMPCC 0201] OK solve=266.9ms pose=(1.784,0.813,-0.211) u=(0.058,-0.567) s=2.046 PSDFmin=-0.0002742 G=OK(+2.703e-12) MF=OK(active=20/20,min=+2.607e-12,slack=+1.2e-14)
[RMPCC 0202] OK solve=258.7ms pose=(1.789,0.812,-0.268) u=(0.079,-0.331) s=2.060 PSDFmin=+0.008174 G=OK(+0.008393) MF=OK(active=17/20,min=+2.133e-14,slack=+1.561e-17)
[RMPCC 0203] OK solve=237.1ms pose=(1.797,0.810,-0.301) u=(0.049,-0.667) s=2.065 PSDFmin=+0.004918 G=OK(+0.004722) MF=OK(active=20/20,min=+1.423e-14,slack=+1.901e-17)
[RMPCC 0204] OK solve=398.8ms pose=(1.802,0.808,-0.367) u=(0.084,-0.263) s=2.072 PSDFmin=+0.001758 G=OK(+0.005631) MF=OK(active=16/20,min=+4.944e-12,slack=+6.21e-15)
[RMPCC 0205] OK solve=273.1ms pose=(1.809,0.805,-0.394) u=(0.042,-0.905) s=2.080 PSDFmin=+0.007096 G=OK(+0.005233) MF=OK(active=17/20,min=+1.843e-11,slack=+9.914e-14)
[RMPCC 0206] OK solve=246.0ms pose=(1.813,0.804,-0.484) u=(0.046,-0.721) s=2.085 PSDFmin=-0.002319 G=OK(+0.003618) MF=OK(active=20/20,min=+1.791e-11,slack=+6.525e-14)
[RMPCC 0207] OK solve=254.2ms pose=(1.817,0.802,-0.556) u=(0.048,-0.355) s=2.093 PSDFmin=+0.007138 G=OK(+0.006272) MF=OK(active=17/20,min=+2.059e-09,slack=+2.43e-12)
[RMPCC 0208] OK solve=275.1ms pose=(1.821,0.799,-0.592) u=(0.076,-0.585) s=2.097 PSDFmin=-0.005069 G=OK(+0.004841) MF=OK(active=20/20,min=+8.339e-11,slack=+3.121e-13)
[RMPCC 0209] OK solve=368.9ms pose=(1.828,0.795,-0.650) u=(0.047,-1.200) s=2.103 PSDFmin=+0.006366 G=OK(+0.004371) MF=OK(active=18/20,min=+1.029e-11,slack=+4.776e-15)
[RMPCC 0210] OK solve=240.8ms pose=(1.831,0.792,-0.770) u=(0.064,-0.575) s=2.107 PSDFmin=+0.006452 G=OK(+0.005357) MF=OK(active=19/20,min=+9.135e-11,slack=+9.95e-14)
[RMPCC 0211] OK solve=258.5ms pose=(1.836,0.788,-0.828) u=(0.032,-1.067) s=2.115 PSDFmin=-0.01479 G=OK(+0.004545) MF=OK(active=20/20,min=+1.152e-12,slack=+3.584e-15)
[RMPCC 0212] OK solve=253.5ms pose=(1.838,0.785,-0.934) u=(0.110,-0.706) s=2.116 PSDFmin=+0.006291 G=OK(+5.586e-09) MF=OK(active=7/20,min=+3.257e-08,slack=+9.291e-12)
[RMPCC 0213] OK solve=122.7ms pose=(1.845,0.776,-1.005) u=(0.060,-0.387) s=2.130 PSDFmin=-0.005312 G=OK(+0.005854) MF=OK(active=20/20,min=+7.118e-15,slack=+2.751e-17)
[RMPCC 0214] OK solve=121.9ms pose=(1.848,0.771,-1.044) u=(0.058,-0.923) s=2.132 PSDFmin=+0.007654 G=OK(+0.006342) MF=OK(active=13/20,min=+7.18e-15,slack=+7.84e-17)
[RMPCC 0215] OK solve=126.8ms pose=(1.851,0.766,-1.136) u=(0.143,-0.404) s=2.145 PSDFmin=+0.0005772 G=OK(+0.006691) MF=OK(active=20/20,min=+7.379e-12,slack=+1.753e-14)
[RMPCC 0216] OK solve=120.7ms pose=(1.857,0.753,-1.176) u=(0.071,-1.200) s=2.151 PSDFmin=-2.876e-05 G=OK(+0.009277) MF=OK(active=19/20,min=+2.71e-10,slack=+7.782e-13)
[RMPCC 0217] OK solve=128.1ms pose=(1.860,0.747,-1.296) u=(0.161,-0.557) s=2.161 PSDFmin=+0.01217 G=OK(+0.01079) MF=OK(active=15/20,min=+3.065e-13,slack=+9.914e-16)
[RMPCC 0218] OK solve=240.9ms pose=(1.864,0.731,-1.352) u=(0.081,-0.278) s=2.177 PSDFmin=+0.01442 G=OK(+0.01322) MF=OK(active=20/20,min=+6.558e-11,slack=+9.907e-13)
[RMPCC 0219] OK solve=266.4ms pose=(1.866,0.723,-1.380) u=(0.205,-0.533) s=2.183 PSDFmin=+0.006195 G=OK(+0.01016) MF=OK(active=19/20,min=+2.857e-14,slack=+1.515e-16)
[RMPCC 0220] OK solve=128.8ms pose=(1.870,0.703,-1.433) u=(0.178,-0.188) s=2.203 PSDFmin=+0.009135 G=OK(+0.01096) MF=OK(active=20/20,min=+1.454e-08,slack=+6.302e-12)
[RMPCC 0221] OK solve=132.7ms pose=(1.872,0.686,-1.452) u=(0.166,-0.533) s=2.216 PSDFmin=+0.01918 G=OK(+0.02125) MF=OK(active=20/20,min=+6.677e-13,slack=+4.794e-15)
[RMPCC 0222] OK solve=118.8ms pose=(1.874,0.669,-1.505) u=(0.218,-0.154) s=2.232 PSDFmin=-0.003112 G=OK(+0.0008129) MF=OK(active=20/20,min=+2.133e-14,slack=+4.976e-17)
[RMPCC 0223] OK solve=125.2ms pose=(1.875,0.647,-1.521) u=(0.147,-0.238) s=2.248 PSDFmin=-0.007303 G=OK(+0.02001) MF=OK(active=15/20,min=+1.985e-11,slack=+2.342e-14)
[RMPCC 0224] OK solve=136.8ms pose=(1.876,0.633,-1.544) u=(0.150,0.015) s=2.263 PSDFmin=-0.004412 G=OK(+2.782e-12) MF=OK(active=19/20,min=+4.221e-11,slack=+7.767e-14)
[RMPCC 0225] OK solve=124.4ms pose=(1.877,0.618,-1.543) u=(0.136,-0.541) s=2.279 PSDFmin=-0.02819 G=OK(+0.01135) MF=OK(active=15/20,min=+7.224e-12,slack=+1.848e-12)
[RMPCC 0226] OK solve=125.3ms pose=(1.877,0.604,-1.597) u=(0.148,-0.236) s=2.295 PSDFmin=-0.00773 G=OK(+3.886e-16) MF=OK(active=18/20,min=+7.129e-15,slack=+2.422e-17)
[RMPCC 0227] OK solve=119.4ms pose=(1.877,0.589,-1.621) u=(0.117,-0.805) s=2.297 PSDFmin=-0.02548 G=OK(+0.005763) MF=OK(active=14/20,min=+1.737e-10,slack=+3.05e-13)
[RMPCC 0228] OK solve=120.3ms pose=(1.876,0.578,-1.701) u=(0.124,-0.584) s=2.313 PSDFmin=-0.003489 G=OK(+8.743e-14) MF=OK(active=14/20,min=+7.929e-13,slack=+4.216e-15)
[RMPCC 0229] OK solve=134.4ms pose=(1.874,0.565,-1.760) u=(0.120,-0.238) s=2.331 PSDFmin=-0.02476 G=OK(+0.01111) MF=OK(active=14/20,min=+3.739e-12,slack=+6.009e-15)
[RMPCC 0230] OK solve=110.1ms pose=(1.872,0.554,-1.783) u=(0.125,0.026) s=2.334 PSDFmin=-0.0001668 G=OK(+5.44e-15) MF=OK(active=14/20,min=+7.209e-15,slack=+1.033e-16)
[RMPCC 0231] OK solve=250.8ms pose=(1.869,0.541,-1.781) u=(0.111,1.200) s=2.351 PSDFmin=+0.005068 G=OK(+0.006982) MF=OK(active=18/20,min=+2.288e-12,slack=+1.006e-13)
[RMPCC 0232] OK solve=374.4ms pose=(1.867,0.531,-1.661) u=(0.107,0.576) s=2.356 PSDFmin=+0.006053 G=OK(+0.003631) MF=OK(active=17/20,min=+1.894e-13,slack=+2.152e-16)
[RMPCC 0233] OK solve=250.6ms pose=(1.866,0.520,-1.603) u=(0.161,0.403) s=2.373 PSDFmin=-0.0004467 G=OK(+0.002108) MF=OK(active=19/20,min=+6.611e-13,slack=+2.928e-15)
[RMPCC 0234] OK solve=249.8ms pose=(1.866,0.504,-1.563) u=(0.095,0.186) s=2.393 PSDFmin=+0.005489 G=OK(+0.01429) MF=OK(active=19/20,min=+3.562e-10,slack=+1.306e-12)
[RMPCC 0235] OK solve=369.6ms pose=(1.866,0.494,-1.544) u=(0.128,-0.176) s=2.396 PSDFmin=+0.0006237 G=OK(+0.005116) MF=OK(active=19/20,min=+9.919e-10,slack=+1.273e-12)
[RMPCC 0236] OK solve=388.0ms pose=(1.866,0.481,-1.562) u=(0.064,-1.160) s=2.413 PSDFmin=+0.001014 G=OK(+0.005671) MF=OK(active=16/20,min=+1.537e-15,slack=+1.537e-15)
[RMPCC 0237] OK solve=380.6ms pose=(1.866,0.475,-1.678) u=(0.086,-0.692) s=2.426 PSDFmin=-1.399e-05 G=OK(+0.005512) MF=OK(active=17/20,min=+1.425e-14,slack=+4.102e-17)
[RMPCC 0238] OK solve=399.2ms pose=(1.865,0.467,-1.747) u=(0.043,-0.511) s=2.430 PSDFmin=+0.001 G=OK(+1.068e-10) MF=OK(active=17/20,min=+5.064e-11,slack=+2.098e-13)
[RMPCC 0239] OK solve=369.0ms pose=(1.864,0.462,-1.798) u=(0.092,-0.564) s=2.430 PSDFmin=+0.008116 G=OK(+0.007582) MF=OK(active=17/20,min=+4.74e-12,slack=+1.175e-14)
[RMPCC 0240] OK solve=387.5ms pose=(1.862,0.453,-1.855) u=(0.047,-0.750) s=2.447 PSDFmin=+0.001247 G=OK(+0.003183) MF=OK(active=17/20,min=+6.059e-12,slack=+2.261e-14)
[RMPCC 0241] OK solve=239.8ms pose=(1.861,0.449,-1.930) u=(0.086,-0.703) s=2.453 PSDFmin=-0.008177 G=OK(+0.005744) MF=OK(active=16/20,min=+2.161e-14,slack=+2.921e-16)
[RMPCC 0242] OK solve=126.3ms pose=(1.858,0.441,-2.000) u=(0.048,-0.346) s=2.461 PSDFmin=+0.005456 G=OK(+0.001874) MF=OK(active=18/20,min=+2.521e-11,slack=+1.613e-12)
[RMPCC 0243] OK solve=252.8ms pose=(1.856,0.436,-2.035) u=(0.090,-0.756) s=2.465 PSDFmin=-0.0005474 G=OK(+0.005548) MF=OK(active=20/20,min=+2.601e-13,slack=+7.448e-16)
[RMPCC 0244] OK solve=391.0ms pose=(1.852,0.428,-2.110) u=(0.073,-0.392) s=2.475 PSDFmin=-0.007456 G=OK(+2.259e-13) MF=OK(active=15/20,min=+1.613e-12,slack=+1.646e-15)
[RMPCC 0245] OK solve=378.3ms pose=(1.848,0.422,-2.149) u=(0.068,-0.531) s=2.482 PSDFmin=-0.002731 G=OK(+0.0009651) MF=OK(active=17/20,min=+1.025e-08,slack=+9.597e-12)
[RMPCC 0246] OK solve=280.2ms pose=(1.844,0.416,-2.202) u=(0.089,-0.213) s=2.491 PSDFmin=-0.03135 G=OK(+5.259e-13) MF=OK(active=15/20,min=+2.318e-13,slack=+8.784e-16)
[RMPCC 0247] OK solve=260.6ms pose=(1.839,0.409,-2.224) u=(0.079,-0.838) s=2.502 PSDFmin=+0.002549 G=OK(+0.0003923) MF=OK(active=12/20,min=+2.141e-12,slack=+1.801e-15)
[RMPCC 0248] OK solve=367.9ms pose=(1.834,0.403,-2.308) u=(0.039,-0.589) s=2.512 PSDFmin=-0.05281 G=OK(+4.712e-12) MF=OK(active=19/20,min=+2.673e-11,slack=+1.846e-12)
[RMPCC 0249] OK solve=356.1ms pose=(1.832,0.400,-2.366) u=(0.068,-0.519) s=2.512 PSDFmin=-0.001231 G=OK(+1.417e-11) MF=OK(active=7/20,min=+1.694e-09,slack=+4.299e-13)
[RMPCC 0250] OK solve=394.6ms pose=(1.827,0.395,-2.418) u=(0.133,-0.346) s=2.523 PSDFmin=-0.003123 G=OK(+0.00315) MF=OK(active=14/20,min=+8.594e-14,slack=+6.743e-16)
[RMPCC 0251] OK solve=368.6ms pose=(1.817,0.386,-2.453) u=(0.067,-0.199) s=2.533 PSDFmin=-0.02115 G=OK(+1.887e-14) MF=OK(active=13/20,min=+4.586e-13,slack=+1.267e-15)
[RMPCC 0252] OK solve=253.1ms pose=(1.812,0.382,-2.473) u=(0.126,-0.098) s=2.544 PSDFmin=+0.001923 G=OK(+2.442e-15) MF=OK(active=4/20,min=+3.98e-13,slack=+6.232e-17)
[RMPCC 0253] OK solve=114.6ms pose=(1.802,0.374,-2.483) u=(0.224,0.487) s=2.555 PSDFmin=-0.01052 G=OK(+0.005568) MF=OK(active=20/20,min=+5.724e-14,slack=+3.941e-16)
[RMPCC 0254] OK solve=115.8ms pose=(1.784,0.361,-2.434) u=(0.112,1.200) s=2.576 PSDFmin=-0.02506 G=OK(+5.622e-10) MF=OK(active=6/20,min=+0.1217,slack=+4.098e-15)
[RMPCC 0255] OK solve=128.7ms pose=(1.776,0.353,-2.314) u=(0.075,0.862) s=2.586 PSDFmin=+0.003604 G=OK(+0) MF=OK(active=2/20,min=+2.629e-13,slack=+1.414e-17)
[RMPCC 0256] OK solve=130.7ms pose=(1.771,0.348,-2.228) u=(0.203,0.362) s=2.597 PSDFmin=-0.03201 G=OK(+0.005058) MF=OK(active=20/20,min=+2.272e-17,slack=+2.572e-17)
[RMPCC 0257] OK solve=123.3ms pose=(1.758,0.332,-2.192) u=(0.107,1.091) s=2.609 PSDFmin=-0.009292 G=OK(+0.005338) MF=OK(active=6/20,min=+0.1586,slack=+5.889e-14)
[RMPCC 0258] OK solve=126.5ms pose=(1.752,0.323,-2.082) u=(0.090,0.638) s=2.619 PSDFmin=+0.00124 G=OK(+4.001e-13) MF=OK(active=10/20,min=+1.702e-09,slack=+4.511e-13)
[RMPCC 0259] OK solve=144.8ms pose=(1.748,0.315,-2.019) u=(0.152,0.224) s=2.628 PSDFmin=-0.01344 G=OK(+0.007711) MF=OK(active=20/20,min=+8.108e-11,slack=+8.203e-13)
[RMPCC 0260] OK solve=139.2ms pose=(1.741,0.302,-1.996) u=(0.084,1.104) s=2.643 PSDFmin=-0.01436 G=OK(+2.18e-13) MF=OK(active=13/20,min=+0.2433,slack=+2.028e-15)
[RMPCC 0261] OK solve=125.0ms pose=(1.738,0.294,-1.886) u=(0.093,0.566) s=2.649 PSDFmin=-0.004734 G=OK(+2.22e-16) MF=OK(active=8/20,min=+1.084e-13,slack=+3.108e-17)
[RMPCC 0262] OK solve=117.9ms pose=(1.735,0.285,-1.829) u=(0.113,0.202) s=2.658 PSDFmin=-0.0158 G=OK(+7.862e-12) MF=OK(active=19/20,min=+5.232e-12,slack=+1.107e-13)
[RMPCC 0263] OK solve=250.4ms pose=(1.732,0.274,-1.809) u=(0.097,0.900) s=2.669 PSDFmin=-0.02685 G=OK(+0.01739) MF=OK(active=15/20,min=+2.313e-14,slack=+7.329e-17)
[RMPCC 0264] OK solve=244.2ms pose=(1.730,0.265,-1.719) u=(0.078,0.503) s=2.675 PSDFmin=-0.01112 G=OK(+9.598e-12) MF=OK(active=6/20,min=+9.836e-10,slack=+8.198e-14)
[RMPCC 0265] OK solve=123.1ms pose=(1.728,0.257,-1.669) u=(0.116,0.167) s=2.682 PSDFmin=+0.002844 G=OK(+3.491e-13) MF=OK(active=12/20,min=+4.301e-14,slack=+3.863e-16)
[RMPCC 0266] OK solve=260.0ms pose=(1.727,0.245,-1.652) u=(0.101,0.099) s=2.693 PSDFmin=-0.002152 G=OK(+1.892e-10) MF=OK(active=20/20,min=+3.663e-12,slack=+1.071e-13)
[RMPCC 0267] OK solve=248.3ms pose=(1.726,0.235,-1.642) u=(0.083,0.506) s=2.704 PSDFmin=-0.01578 G=OK(+6.439e-15) MF=OK(active=15/20,min=+5.785e-14,slack=+1.166e-16)
[RMPCC 0268] OK solve=130.3ms pose=(1.726,0.227,-1.591) u=(0.069,0.567) s=2.710 PSDFmin=+0.001001 G=OK(+3.129e-11) MF=OK(active=9/20,min=+3.527e-09,slack=+6.24e-12)
[RMPCC 0269] OK solve=133.1ms pose=(1.726,0.220,-1.535) u=(0.135,0.260) s=2.716 PSDFmin=+0.002603 G=OK(+7.445e-14) MF=OK(active=20/20,min=+1.475e-13,slack=+2.783e-15)
[RMPCC 0270] OK solve=245.8ms pose=(1.726,0.207,-1.509) u=(0.075,0.861) s=2.728 PSDFmin=-0.0108 G=OK(+6.405e-11) MF=OK(active=20/20,min=+9.952e-11,slack=+5.172e-13)
[RMPCC 0271] OK solve=247.4ms pose=(1.727,0.199,-1.423) u=(0.063,0.504) s=2.734 PSDFmin=-0.0004078 G=OK(+8.882e-16) MF=OK(active=5/20,min=+0.05933,slack=+4.911e-16)
[RMPCC 0272] OK solve=118.8ms pose=(1.728,0.193,-1.372) u=(0.084,0.192) s=2.740 PSDFmin=+0.008584 G=OK(+0.01031) MF=OK(active=13/20,min=+3.63e-12,slack=+8.084e-15)
[RMPCC 0273] OK solve=121.9ms pose=(1.729,0.185,-1.353) u=(0.180,-0.475) s=2.745 PSDFmin=-0.02175 G=OK(+0.01807) MF=OK(active=20/20,min=+9.198e-14,slack=+3.029e-15)
[RMPCC 0274] OK solve=125.4ms pose=(1.733,0.167,-1.401) u=(0.119,-0.225) s=2.769 PSDFmin=+0.008256 G=OK(+0.004392) MF=OK(active=15/20,min=+1.208e-07,slack=+1.297e-11)
[RMPCC 0275] OK solve=128.9ms pose=(1.735,0.155,-1.423) u=(0.075,-0.074) s=2.781 PSDFmin=+0.01318 G=OK(+0.0103) MF=OK(active=20/20,min=+8.094e-09,slack=+7.934e-12)
[RMPCC 0276] OK solve=250.0ms pose=(1.736,0.148,-1.431) u=(0.069,0.443) s=2.786 PSDFmin=+0.003661 G=OK(+0.009746) MF=OK(active=20/20,min=+1.408e-09,slack=+1.001e-12)
[RMPCC 0277] OK solve=277.2ms pose=(1.737,0.141,-1.386) u=(0.034,0.812) s=2.792 PSDFmin=+0.00933 G=OK(+0.008651) MF=OK(active=19/20,min=+1.223e-11,slack=+1.549e-13)
[RMPCC 0278] OK solve=127.8ms pose=(1.738,0.138,-1.305) u=(0.020,0.635) s=2.798 PSDFmin=+0.01398 G=OK(+0.01316) MF=OK(active=20/20,min=+1.298e-13,slack=+1.171e-16)
[RMPCC 0279] OK solve=128.8ms pose=(1.738,0.136,-1.242) u=(0.042,0.646) s=2.798 PSDFmin=+0.01139 G=OK(+0.01042) MF=OK(active=20/20,min=+7.198e-12,slack=+9.844e-14)
[RMPCC 0280] OK solve=124.8ms pose=(1.740,0.132,-1.177) u=(0.021,0.639) s=2.804 PSDFmin=+0.01184 G=OK(+0.01077) MF=OK(active=20/20,min=-1.572e-15,slack=+1.369e-15)
[RMPCC 0281] OK solve=128.5ms pose=(1.740,0.130,-1.113) u=(0.024,0.646) s=2.808 PSDFmin=+0.01012 G=OK(+0.009042) MF=OK(active=20/20,min=+4.861e-09,slack=+2.544e-12)
[RMPCC 0282] OK solve=125.9ms pose=(1.742,0.128,-1.048) u=(0.023,0.549) s=2.810 PSDFmin=+0.01153 G=OK(+0.0106) MF=OK(active=20/20,min=+7.536e-13,slack=+3.593e-15)
[RMPCC 0283] OK solve=117.8ms pose=(1.743,0.126,-0.994) u=(0.024,0.571) s=2.812 PSDFmin=+0.01015 G=OK(+0.009122) MF=OK(active=20/20,min=+2.521e-10,slack=+6.532e-12)
[RMPCC 0284] OK solve=128.6ms pose=(1.744,0.124,-0.936) u=(0.023,0.514) s=2.814 PSDFmin=+0.01046 G=OK(+0.009463) MF=OK(active=20/20,min=+1.945e-10,slack=+2.684e-12)
[RMPCC 0285] OK solve=123.7ms pose=(1.745,0.122,-0.885) u=(0.023,0.495) s=2.816 PSDFmin=+0.01011 G=OK(+0.009085) MF=OK(active=20/20,min=+2.433e-09,slack=+8.758e-14)
[RMPCC 0286] OK solve=112.1ms pose=(1.747,0.120,-0.835) u=(0.023,0.464) s=2.818 PSDFmin=+0.009995 G=OK(+0.008973) MF=OK(active=20/20,min=+2.558e-10,slack=+3.164e-15)
[RMPCC 0287] OK solve=135.0ms pose=(1.748,0.118,-0.789) u=(0.023,0.434) s=2.820 PSDFmin=+0.009902 G=OK(+0.008879) MF=OK(active=20/20,min=+0.01502,slack=+5.023e-17)
[RMPCC 0288] OK solve=129.2ms pose=(1.750,0.117,-0.746) u=(0.023,0.402) s=2.822 PSDFmin=+0.009838 G=OK(+0.008814) MF=OK(active=20/20,min=+0.04353,slack=+3.579e-16)
[RMPCC 0289] OK solve=134.9ms pose=(1.752,0.115,-0.705) u=(0.023,0.373) s=2.825 PSDFmin=+0.009767 G=OK(+0.008746) MF=OK(active=20/20,min=+0.06896,slack=+3.049e-17)
[RMPCC 0290] OK solve=138.5ms pose=(1.754,0.114,-0.668) u=(0.023,0.345) s=2.827 PSDFmin=+0.009709 G=OK(+0.00869) MF=OK(active=20/20,min=+0.09268,slack=+2.108e-16)
[RMPCC 0291] OK solve=137.1ms pose=(1.755,0.112,-0.634) u=(0.023,0.319) s=2.829 PSDFmin=+0.009658 G=OK(+0.008638) MF=OK(active=20/20,min=+0.1142,slack=+5.967e-17)
[RMPCC 0292] OK solve=122.5ms pose=(1.757,0.111,-0.602) u=(0.023,0.296) s=2.831 PSDFmin=+0.009607 G=OK(+0.008589) MF=OK(active=20/20,min=+0.1336,slack=+9.121e-16)
[RMPCC 0293] OK solve=114.0ms pose=(1.759,0.110,-0.572) u=(0.022,0.273) s=2.833 PSDFmin=+0.009569 G=OK(+0.008553) MF=OK(active=20/20,min=+0.1512,slack=+2.259e-17)
[RMPCC 0294] OK solve=119.8ms pose=(1.761,0.108,-0.545) u=(0.022,0.253) s=2.835 PSDFmin=+0.009535 G=OK(+0.008518) MF=OK(active=20/20,min=+0.1672,slack=+4.267e-13)
[RMPCC 0295] OK solve=108.6ms pose=(1.763,0.107,-0.519) u=(0.021,0.235) s=2.837 PSDFmin=+0.009509 G=OK(+0.008493) MF=OK(active=20/20,min=+0.1821,slack=+5.759e-13)
[RMPCC 0296] OK solve=123.2ms pose=(1.765,0.106,-0.496) u=(0.021,0.218) s=2.839 PSDFmin=+0.009491 G=OK(+0.008474) MF=OK(active=20/20,min=+0.1963,slack=+2.553e-17)
[RMPCC 0297] OK solve=128.3ms pose=(1.767,0.105,-0.474) u=(0.021,0.202) s=2.841 PSDFmin=+0.009477 G=OK(+0.008462) MF=OK(active=20/20,min=+0.2099,slack=+4.766e-16)
[RMPCC 0298] OK solve=121.9ms pose=(1.768,0.104,-0.454) u=(0.020,0.188) s=2.843 PSDFmin=+0.009473 G=OK(+0.008456) MF=OK(active=20/20,min=+0.223,slack=+2.94e-17)
[RMPCC 0299] OK solve=133.3ms pose=(1.770,0.103,-0.435) u=(0.020,0.175) s=2.845 PSDFmin=+0.009472 G=OK(+0.008457) MF=OK(active=20/20,min=+0.2357,slack=+7.639e-14)
[RMPCC 0300] OK solve=149.0ms pose=(1.772,0.103,-0.418) u=(0.019,0.163) s=2.848 PSDFmin=+0.009476 G=OK(+0.00846) MF=OK(active=20/20,min=+0.2477,slack=+1.704e-13)
[RMPCC 0301] OK solve=134.6ms pose=(1.774,0.102,-0.402) u=(0.019,0.152) s=2.850 PSDFmin=+0.009486 G=OK(+0.008469) MF=OK(active=20/20,min=+0.2589,slack=+5.174e-12)
[RMPCC 0302] OK solve=131.2ms pose=(1.775,0.101,-0.386) u=(0.019,0.141) s=2.852 PSDFmin=+0.009498 G=OK(+0.008482) MF=OK(active=20/20,min=+0.269,slack=+1.483e-14)
[RMPCC 0303] OK solve=134.6ms pose=(1.777,0.100,-0.372) u=(0.019,0.132) s=2.854 PSDFmin=+0.00951 G=OK(+0.008494) MF=OK(active=20/20,min=+0.2777,slack=+4.056e-13)
[RMPCC 0304] OK solve=125.9ms pose=(1.779,0.100,-0.359) u=(0.018,0.124) s=2.856 PSDFmin=+0.009524 G=OK(+0.008506) MF=OK(active=20/20,min=+0.285,slack=+4.136e-17)
[RMPCC 0305] OK solve=129.9ms pose=(1.781,0.099,-0.347) u=(0.016,0.115) s=2.856 PSDFmin=+0.009534 G=OK(+0.00852) MF=OK(active=20/20,min=+0.2907,slack=+5.052e-16)
[RMPCC 0306] OK solve=128.9ms pose=(1.782,0.098,-0.335) u=(0.016,0.107) s=2.858 PSDFmin=+0.00955 G=OK(+0.008536) MF=OK(active=20/20,min=+0.2939,slack=+2.153e-15)
[RMPCC 0307] OK solve=125.6ms pose=(1.784,0.098,-0.324) u=(0.016,0.101) s=2.860 PSDFmin=+0.009574 G=OK(+0.008561) MF=OK(active=20/20,min=+0.2966,slack=+5.915e-15)
[RMPCC 0308] OK solve=126.2ms pose=(1.785,0.097,-0.314) u=(0.014,0.095) s=2.860 PSDFmin=+0.009607 G=OK(+0.008596) MF=OK(active=20/20,min=+0.2984,slack=+3.374e-17)
[RMPCC 0309] OK solve=118.3ms pose=(1.786,0.097,-0.305) u=(0.014,0.089) s=2.862 PSDFmin=+0.009644 G=OK(+0.008633) MF=OK(active=20/20,min=+0.2991,slack=+2.124e-13)
[RMPCC 0310] OK solve=126.5ms pose=(1.788,0.097,-0.296) u=(0.014,0.084) s=2.864 PSDFmin=+0.009686 G=OK(+0.008676) MF=OK(active=20/20,min=+0.2997,slack=+5.371e-15)
[RMPCC 0311] OK solve=125.3ms pose=(1.789,0.096,-0.288) u=(0.012,0.079) s=2.864 PSDFmin=+0.009734 G=OK(+0.008726) MF=OK(active=20/20,min=+0.2999,slack=+4.407e-15)
[RMPCC 0312] OK solve=120.1ms pose=(1.790,0.096,-0.280) u=(0.013,0.074) s=2.866 PSDFmin=+0.009784 G=OK(+0.008776) MF=OK(active=20/20,min=+0.3,slack=+2.722e-13)
[RMPCC 0313] OK solve=125.9ms pose=(1.792,0.095,-0.272) u=(0.011,0.070) s=2.867 PSDFmin=+0.009837 G=OK(+0.008831) MF=OK(active=20/20,min=+0.3,slack=+1.932e-13)
[RMPCC 0314] OK solve=126.3ms pose=(1.793,0.095,-0.265) u=(0.012,0.066) s=2.869 PSDFmin=+0.009892 G=OK(+0.008885) MF=OK(active=20/20,min=+0.3,slack=+3.605e-15)
[RMPCC 0315] OK solve=125.5ms pose=(1.794,0.095,-0.259) u=(0.010,0.063) s=2.869 PSDFmin=+0.009949 G=OK(+0.008943) MF=OK(active=20/20,min=+0.3,slack=+1.747e-12)
[RMPCC 0316] OK solve=131.5ms pose=(1.795,0.095,-0.252) u=(0.011,0.059) s=2.871 PSDFmin=+0.01001 G=OK(+0.009) MF=OK(active=20/20,min=+0.3,slack=+4.69e-13)
[RMPCC 0317] OK solve=131.5ms pose=(1.796,0.094,-0.247) u=(0.010,0.056) s=2.871 PSDFmin=+0.01006 G=OK(+0.00906) MF=OK(active=20/20,min=+0.3,slack=+1.496e-14)
[RMPCC 0318] OK solve=135.0ms pose=(1.797,0.094,-0.241) u=(0.009,0.053) s=2.872 PSDFmin=+0.01012 G=OK(+0.009118) MF=OK(active=20/20,min=+0.3,slack=+6.671e-13)
[RMPCC 0319] OK solve=132.4ms pose=(1.798,0.094,-0.236) u=(0.009,0.050) s=2.873 PSDFmin=+0.01018 G=OK(+0.009177) MF=OK(active=20/20,min=+0.3,slack=+1.648e-14)
[RMPCC 0320] OK solve=119.9ms pose=(1.799,0.094,-0.231) u=(0.009,0.047) s=2.874 PSDFmin=+0.01024 G=OK(+0.009235) MF=OK(active=20/20,min=+0.3,slack=+1.218e-15)
[RMPCC 0321] OK solve=128.4ms pose=(1.799,0.093,-0.226) u=(0.009,0.045) s=2.875 PSDFmin=+0.0103 G=OK(+0.009293) MF=OK(active=20/20,min=+0.3,slack=+4.004e-14)
[RMPCC 0322] OK solve=131.9ms pose=(1.800,0.093,-0.221) u=(0.008,0.043) s=2.875 PSDFmin=+0.01035 G=OK(+0.009351) MF=OK(active=20/20,min=+0.3,slack=+1.714e-13)
[RMPCC 0323] OK solve=122.8ms pose=(1.801,0.093,-0.217) u=(0.008,0.041) s=2.876 PSDFmin=+0.01041 G=OK(+0.009407) MF=OK(active=20/20,min=+0.3,slack=+2.369e-14)
[RMPCC 0324] OK solve=137.7ms pose=(1.802,0.093,-0.213) u=(0.008,0.039) s=2.877 PSDFmin=+0.01047 G=OK(+0.009463) MF=OK(active=20/20,min=+0.3,slack=+4.26e-14)
[RMPCC 0325] OK solve=138.2ms pose=(1.802,0.093,-0.209) u=(0.007,0.037) s=2.877 PSDFmin=+0.01052 G=OK(+0.009518) MF=OK(active=20/20,min=+0.3,slack=+1.084e-14)
[RMPCC 0326] OK solve=133.2ms pose=(1.803,0.093,-0.205) u=(0.007,0.035) s=2.878 PSDFmin=+0.01057 G=OK(+0.009572) MF=OK(active=20/20,min=+0.3,slack=+5.992e-14)
[RMPCC 0327] OK solve=126.8ms pose=(1.804,0.092,-0.202) u=(0.007,0.033) s=2.879 PSDFmin=+0.01063 G=OK(+0.009625) MF=OK(active=20/20,min=+0.3,slack=+1.403e-13)
[RMPCC 0328] OK solve=128.6ms pose=(1.804,0.092,-0.199) u=(0.006,0.032) s=2.879 PSDFmin=+0.01068 G=OK(+0.009677) MF=OK(active=20/20,min=+0.3,slack=+2.719e-13)
[RMPCC 0329] OK solve=135.7ms pose=(1.805,0.092,-0.195) u=(0.006,0.030) s=2.880 PSDFmin=+0.01073 G=OK(+0.009728) MF=OK(active=20/20,min=+0.3,slack=+4.968e-13)
[RMPCC 0330] OK solve=126.2ms pose=(1.806,0.092,-0.192) u=(0.006,0.029) s=2.881 PSDFmin=+0.01078 G=OK(+0.009778) MF=OK(active=20/20,min=+0.3,slack=+7.647e-13)
[RMPCC 0331] OK solve=130.3ms pose=(1.806,0.092,-0.190) u=(0.006,0.028) s=2.881 PSDFmin=+0.01083 G=OK(+0.009827) MF=OK(active=20/20,min=+0.3,slack=+1.024e-12)
[RMPCC 0332] OK solve=116.1ms pose=(1.807,0.092,-0.187) u=(0.005,0.027) s=2.882 PSDFmin=+0.01088 G=OK(+0.009875) MF=OK(active=20/20,min=+0.3,slack=+1.214e-12)
[RMPCC 0333] OK solve=133.9ms pose=(1.807,0.092,-0.184) u=(0.005,0.024) s=2.882 PSDFmin=+0.01092 G=OK(+0.00992) MF=OK(active=20/20,min=+0.3,slack=+4.936e-16)
[RMPCC 0334] OK solve=119.0ms pose=(1.808,0.092,-0.182) u=(0.005,0.023) s=2.883 PSDFmin=+0.01096 G=OK(+0.009963) MF=OK(active=20/20,min=+0.3,slack=+5.851e-16)
[RMPCC 0335] OK solve=121.9ms pose=(1.808,0.092,-0.179) u=(0.005,0.022) s=2.883 PSDFmin=+0.01101 G=OK(+0.01001) MF=OK(active=20/20,min=+0.3,slack=+9.724e-16)
[RMPCC 0336] OK solve=127.6ms pose=(1.809,0.092,-0.177) u=(0.005,0.021) s=2.884 PSDFmin=+0.01105 G=OK(+0.01005) MF=OK(active=20/20,min=+0.3,slack=+1.125e-15)
목적지에 도착했습니다! 현재 위치: [1.80927 0.09144], 시간: 33.70초
Using rmpcc optimizer with differential_drive dynamics:
median:  0.14032483100891113
std:  0.09884378788332315
min:  0.10855817794799805
max:  0.4293515682220459
Simulation finished.
Run outcome: status=success, reason=None, final_time=33.70000000000021, distance_to_goal=0.009756192353489903
Optimizer runtime stats: safe_stop_count=0, backup_feasible_qp_success_count=0, plant_input_apply_count=337, last_solve_mode=sqp_rti
Trial history saved to /home/taek111/projects/psdf_mpcc/debug_runs/rmpcc_tuning/p3-e0p3_maze_r1/data/trial_history_MPC_rmpcc_rectangle_maze_p3-e0p3_maze_r1.csv
RMPCC constraint history saved to /home/taek111/projects/psdf_mpcc/debug_runs/rmpcc_tuning/p3-e0p3_maze_r1/data/rmpcc_constraints_MPC_rmpcc_rectangle_maze_p3-e0p3_maze_r1.csv
RMPCC debug history saved to /home/taek111/projects/psdf_mpcc/debug_runs/rmpcc_tuning/p3-e0p3_maze_r1/data/cycle_raw.csv
RMPCC debug history saved to /home/taek111/projects/psdf_mpcc/debug_runs/rmpcc_tuning/p3-e0p3_maze_r1/data/covariance_trajectory.csv
Pose-SDF data saved to /home/taek111/projects/psdf_mpcc/debug_runs/rmpcc_tuning/p3-e0p3_maze_r1/data/pose_sdf_MPC_rmpcc_rectangle_maze_p3-e0p3_maze_r1.csv
Total data points: 337
SDF statistics - Min: 0.0038, Max: 0.0596, Mean: 0.0145
