COMMAND: python3 test_nmpc.py --single --config /home/taek111/projects/psdf_mpcc/benchmark_runs/maze_rectangle_dd_gaussian_20260916/safe/dcbf/seed46/config.yaml --maze-type maze --robot-shape rectangle --dynamics-type differential_drive --optimizer-type dcbf --path-planner astar --simulation-time 60 --no-animation --no-plots
Running single test...
Start perturbation: seed=46, pose=[0.08960366647944791, 0.7716138896600709, -1.642269671771719], delta=[0.014603666479447908, -0.02338611033992899, -0.07147334497682234], clearance=0.010155 m, attempts=2
Start pose saved to /home/taek111/projects/psdf_mpcc/benchmark_runs/maze_rectangle_dd_gaussian_20260916/safe/dcbf/seed46/data/start_pose_MPC_DCBF_rectangle_maze_gaussian_20260916_startseed46.json
generating global path with A* + Line of Sight
시작 위치: [0.0896  0.77161]
목적지: [1.8  0.09]
도착 판정 기준: position <= 0.01m, angle <= 0.01rad

******************************************************************************
This program contains Ipopt, a library for large-scale nonlinear optimization.
 Ipopt is released as open source code under the Eclipse Public License (EPL).
         For more information visit https://github.com/coin-or/Ipopt
******************************************************************************

solver time:  0.952286
plant_input_stage0: full=[0.08329 1.     ], physical=[0.08329 1.     ]
solver time:  1.051214
plant_input_stage0: full=[0.08184 0.34608], physical=[0.08184 0.34608]
solver time:  0.999658
plant_input_stage0: full=[0.08098 0.23694], physical=[0.08098 0.23694]
solver time:  0.963103
plant_input_stage0: full=[0.07993 0.1518 ], physical=[0.07993 0.1518 ]
solver time:  0.936321
plant_input_stage0: full=[0.07872 0.08704], physical=[0.07872 0.08704]
solver time:  1.028962
plant_input_stage0: full=[0.07754 0.03891], physical=[0.07754 0.03891]
solver time:  1.077121
plant_input_stage0: full=[0.0762  0.00451], physical=[0.0762  0.00451]
solver time:  1.260565
plant_input_stage0: full=[ 0.07486 -0.01987], physical=[ 0.07486 -0.01987]
solver time:  1.173215
plant_input_stage0: full=[ 0.07342 -0.03616], physical=[ 0.07342 -0.03616]
solver time:  1.363495
plant_input_stage0: full=[ 0.07189 -0.04654], physical=[ 0.07189 -0.04654]
solver time:  1.246782
plant_input_stage0: full=[ 0.07012 -0.05246], physical=[ 0.07012 -0.05246]
solver time:  1.1906
plant_input_stage0: full=[ 0.06825 -0.0543 ], physical=[ 0.06825 -0.0543 ]
solver time:  1.102081
plant_input_stage0: full=[ 0.06631 -0.05474], physical=[ 0.06631 -0.05474]
solver time:  1.035202
plant_input_stage0: full=[ 0.06425 -0.01165], physical=[ 0.06425 -0.01165]
solver time:  1.088605
plant_input_stage0: full=[0.06207 0.02256], physical=[0.06207 0.02256]
solver time:  1.047312
plant_input_stage0: full=[0.05992 0.01919], physical=[0.05992 0.01919]
solver time:  1.081621
plant_input_stage0: full=[0.05767 0.01604], physical=[0.05767 0.01604]
solver time:  1.293839
plant_input_stage0: full=[0.0564  0.01668], physical=[0.0564  0.01668]
solver time:  1.437478
plant_input_stage0: full=[ 0.0606  -0.02671], physical=[ 0.0606  -0.02671]
solver time:  1.037395
plant_input_stage0: full=[ 0.06745 -0.0425 ], physical=[ 0.06745 -0.0425 ]
solver time:  1.268888
plant_input_stage0: full=[ 0.09247 -1.     ], physical=[ 0.09247 -1.     ]
solver time:  1.902819
plant_input_stage0: full=[0.09062 0.46298], physical=[0.09062 0.46298]
solver time:  1.489415
plant_input_stage0: full=[0.08504 0.62565], physical=[0.08504 0.62565]
solver time:  2.302247
plant_input_stage0: full=[0.0743 1.    ], physical=[0.0743 1.    ]
solver time:  2.109048
plant_input_stage0: full=[0.0546 1.    ], physical=[0.0546 1.    ]
solver time:  2.506945
plant_input_stage0: full=[0.05243 1.     ], physical=[0.05243 1.     ]
solver time:  1.701738
plant_input_stage0: full=[0.05114 1.     ], physical=[0.05114 1.     ]
solver time:  1.689198
plant_input_stage0: full=[0.04995 1.     ], physical=[0.04995 1.     ]
solver time:  1.65754
plant_input_stage0: full=[0.05076 1.     ], physical=[0.05076 1.     ]
solver time:  1.681613
plant_input_stage0: full=[0.05608 1.     ], physical=[0.05608 1.     ]
solver time:  1.947927
plant_input_stage0: full=[0.061 1.   ], physical=[0.061 1.   ]
solver time:  1.242831
plant_input_stage0: full=[0.06555 1.     ], physical=[0.06555 1.     ]
solver time:  1.279641
plant_input_stage0: full=[0.06976 1.     ], physical=[0.06976 1.     ]
solver time:  1.261021
plant_input_stage0: full=[0.07358 1.     ], physical=[0.07358 1.     ]
solver time:  1.337597
plant_input_stage0: full=[0.077 1.   ], physical=[0.077 1.   ]
solver time:  1.311143
plant_input_stage0: full=[0.07993 1.     ], physical=[0.07993 1.     ]
solver time:  1.279406
plant_input_stage0: full=[0.08228 1.     ], physical=[0.08228 1.     ]
solver time:  1.504886
plant_input_stage0: full=[0.10974 1.     ], physical=[0.10974 1.     ]
solver time:  1.255039
plant_input_stage0: full=[0.10464 0.14638], physical=[0.10464 0.14638]
solver time:  1.042069
plant_input_stage0: full=[0.09847 0.09284], physical=[0.09847 0.09284]
solver time:  1.135502
plant_input_stage0: full=[0.09258 0.05516], physical=[0.09258 0.05516]
solver time:  1.172378
plant_input_stage0: full=[0.08706 0.02854], physical=[0.08706 0.02854]
solver time:  1.194342
plant_input_stage0: full=[0.08492 0.00772], physical=[0.08492 0.00772]
solver time:  1.203294
plant_input_stage0: full=[ 0.08492 -0.00859], physical=[ 0.08492 -0.00859]
solver time:  1.381418
plant_input_stage0: full=[0.0851  0.04996], physical=[0.0851  0.04996]
solver time:  1.340238
plant_input_stage0: full=[0.08547 0.04824], physical=[0.08547 0.04824]
solver time:  1.203025
plant_input_stage0: full=[0.08559 0.04459], physical=[0.08559 0.04459]
solver time:  1.473812
plant_input_stage0: full=[0.0856  0.04241], physical=[0.0856  0.04241]
solver time:  1.484219
plant_input_stage0: full=[0.08548 0.04148], physical=[0.08548 0.04148]
solver time:  1.566625
plant_input_stage0: full=[0.08558 0.0424 ], physical=[0.08558 0.0424 ]
solver time:  1.85736
plant_input_stage0: full=[0.08573 0.03776], physical=[0.08573 0.03776]
solver time:  1.68103
plant_input_stage0: full=[ 0.08585 -0.06022], physical=[ 0.08585 -0.06022]
solver time:  2.067108
plant_input_stage0: full=[0.08716 0.79531], physical=[0.08716 0.79531]
solver time:  2.191756
plant_input_stage0: full=[0.08517 1.     ], physical=[0.08517 1.     ]
solver time:  2.149889
plant_input_stage0: full=[0.0859  0.33387], physical=[0.0859  0.33387]
solver time:  2.103091
plant_input_stage0: full=[ 0.08594 -0.04274], physical=[ 0.08594 -0.04274]
solver time:  1.831179
plant_input_stage0: full=[ 0.08591 -0.03905], physical=[ 0.08591 -0.03905]
solver time:  1.656228
plant_input_stage0: full=[ 0.08588 -0.03508], physical=[ 0.08588 -0.03508]
solver time:  1.475295
plant_input_stage0: full=[ 0.08586 -0.0297 ], physical=[ 0.08586 -0.0297 ]
solver time:  1.825144
plant_input_stage0: full=[ 0.08584 -0.0188 ], physical=[ 0.08584 -0.0188 ]
solver time:  1.685274
plant_input_stage0: full=[ 0.08582 -0.01376], physical=[ 0.08582 -0.01376]
solver time:  1.562456
plant_input_stage0: full=[ 0.0858  -0.00954], physical=[ 0.0858  -0.00954]
solver time:  1.460078
plant_input_stage0: full=[ 0.08579 -0.02807], physical=[ 0.08579 -0.02807]
solver time:  1.117327
plant_input_stage0: full=[ 0.08577 -0.01016], physical=[ 0.08577 -0.01016]
solver time:  1.172152
plant_input_stage0: full=[ 0.08575 -0.00696], physical=[ 0.08575 -0.00696]
solver time:  1.081336
plant_input_stage0: full=[ 0.08574 -0.00387], physical=[ 0.08574 -0.00387]
solver time:  1.209547
plant_input_stage0: full=[ 0.08572 -0.00087], physical=[ 0.08572 -0.00087]
solver time:  1.260193
plant_input_stage0: full=[0.08571 0.00205], physical=[0.08571 0.00205]
solver time:  1.290788
plant_input_stage0: full=[0.08569 0.00069], physical=[0.08569 0.00069]
solver time:  1.536062
plant_input_stage0: full=[ 0.08566 -0.00816], physical=[ 0.08566 -0.00816]
solver time:  1.359886
plant_input_stage0: full=[0.08408 0.11042], physical=[0.08408 0.11042]
solver time:  1.426339
plant_input_stage0: full=[0.08112 0.21305], physical=[0.08112 0.21305]
solver time:  1.493962
plant_input_stage0: full=[0.07512 0.34833], physical=[0.07512 0.34833]
solver time:  1.44381
plant_input_stage0: full=[0.06966 0.46519], physical=[0.06966 0.46519]
solver time:  1.562042
plant_input_stage0: full=[0.06435 0.62967], physical=[0.06435 0.62967]
solver time:  1.628767
plant_input_stage0: full=[0.05905 0.79412], physical=[0.05905 0.79412]
solver time:  1.762361
plant_input_stage0: full=[0.05442 0.99216], physical=[0.05442 0.99216]
solver time:  1.499042
plant_input_stage0: full=[ 0.07951 -0.66895], physical=[ 0.07951 -0.66895]
solver time:  1.511182
plant_input_stage0: full=[ 0.10862 -0.59481], physical=[ 0.10862 -0.59481]
solver time:  1.464665
plant_input_stage0: full=[ 0.10355 -0.57516], physical=[ 0.10355 -0.57516]
solver time:  1.60675
plant_input_stage0: full=[ 0.09847 -0.51211], physical=[ 0.09847 -0.51211]
solver time:  1.379204
plant_input_stage0: full=[ 0.09336 -0.46209], physical=[ 0.09336 -0.46209]
solver time:  1.505282
plant_input_stage0: full=[ 0.08833 -0.42288], physical=[ 0.08833 -0.42288]
solver time:  1.600976
plant_input_stage0: full=[ 0.08524 -0.39485], physical=[ 0.08524 -0.39485]
solver time:  1.740494
plant_input_stage0: full=[ 0.0854  -0.38211], physical=[ 0.0854  -0.38211]
solver time:  1.749338
plant_input_stage0: full=[ 0.08543 -0.38742], physical=[ 0.08543 -0.38742]
solver time:  1.756703
plant_input_stage0: full=[ 0.08534 -0.42179], physical=[ 0.08534 -0.42179]
solver time:  2.068456
plant_input_stage0: full=[ 0.08517 -0.5149 ], physical=[ 0.08517 -0.5149 ]
solver time:  2.248146
plant_input_stage0: full=[ 0.08492 -0.6642 ], physical=[ 0.08492 -0.6642 ]
solver time:  2.313777
plant_input_stage0: full=[ 0.08462 -0.11084], physical=[ 0.08462 -0.11084]
solver time:  1.976641
plant_input_stage0: full=[ 0.08407 -0.10992], physical=[ 0.08407 -0.10992]
solver time:  2.39686
plant_input_stage0: full=[ 0.1102 -0.1139], physical=[ 0.1102 -0.1139]
solver time:  2.341654
plant_input_stage0: full=[ 0.10355 -0.03608], physical=[ 0.10355 -0.03608]
solver time:  2.745387
plant_input_stage0: full=[ 0.09728 -0.02272], physical=[ 0.09728 -0.02272]
solver time:  2.594961
plant_input_stage0: full=[ 0.09138 -0.01323], physical=[ 0.09138 -0.01323]
solver time:  2.320032
plant_input_stage0: full=[ 0.08584 -0.0074 ], physical=[ 0.08584 -0.0074 ]
solver time:  2.312486
plant_input_stage0: full=[ 0.08086 -0.00274], physical=[ 0.08086 -0.00274]
solver time:  2.511844
plant_input_stage0: full=[0.08027 0.00134], physical=[0.08027 0.00134]
solver time:  2.835035
plant_input_stage0: full=[0.07969 0.115  ], physical=[0.07969 0.115  ]
solver time:  2.072209
plant_input_stage0: full=[0.08066 0.0522 ], physical=[0.08066 0.0522 ]
solver time:  2.081155
plant_input_stage0: full=[ 0.08203 -0.09349], physical=[ 0.08203 -0.09349]
solver time:  2.311136
plant_input_stage0: full=[ 0.08195 -0.03113], physical=[ 0.08195 -0.03113]
solver time:  2.461258
plant_input_stage0: full=[0.0815  0.04297], physical=[0.0815  0.04297]
solver time:  3.515248
plant_input_stage0: full=[ 0.08169 -0.00313], physical=[ 0.08169 -0.00313]
solver time:  3.354926
plant_input_stage0: full=[0.10514 0.11014], physical=[0.10514 0.11014]
solver time:  2.845293
plant_input_stage0: full=[ 0.09642 -0.42237], physical=[ 0.09642 -0.42237]
solver time:  7.300227
plant_input_stage0: full=[ 0.10003 -0.86164], physical=[ 0.10003 -0.86164]
solver time:  2.722842
plant_input_stage0: full=[ 0.07883 -1.     ], physical=[ 0.07883 -1.     ]
solver time:  2.433037
plant_input_stage0: full=[ 0.07692 -1.     ], physical=[ 0.07692 -1.     ]
solver time:  2.313978
plant_input_stage0: full=[ 0.07731 -1.     ], physical=[ 0.07731 -1.     ]
solver time:  3.468682
plant_input_stage0: full=[ 0.07642 -1.     ], physical=[ 0.07642 -1.     ]
solver time:  2.753225
plant_input_stage0: full=[ 0.07546 -1.     ], physical=[ 0.07546 -1.     ]
solver time:  3.079582
plant_input_stage0: full=[ 0.07603 -0.99958], physical=[ 0.07603 -0.99958]
solver time:  2.542026
plant_input_stage0: full=[ 0.07738 -0.90284], physical=[ 0.07738 -0.90284]
solver time:  1.992155
plant_input_stage0: full=[ 0.07987 -0.17677], physical=[ 0.07987 -0.17677]
solver time:  1.963343
plant_input_stage0: full=[0.07965 0.32794], physical=[0.07965 0.32794]
solver time:  2.587015
plant_input_stage0: full=[0.08249 0.31807], physical=[0.08249 0.31807]
solver time:  2.365484
plant_input_stage0: full=[0.08235 0.2243 ], physical=[0.08235 0.2243 ]
solver time:  2.068553
plant_input_stage0: full=[0.08391 0.15197], physical=[0.08391 0.15197]
solver time:  2.059643
plant_input_stage0: full=[0.08403 0.10571], physical=[0.08403 0.10571]
solver time:  1.914481
plant_input_stage0: full=[0.08437 0.32522], physical=[0.08437 0.32522]
solver time:  2.052873
plant_input_stage0: full=[0.08435 0.32366], physical=[0.08435 0.32366]
solver time:  1.98867
plant_input_stage0: full=[0.08419 0.34224], physical=[0.08419 0.34224]
solver time:  1.786073
plant_input_stage0: full=[0.08419 0.08011], physical=[0.08419 0.08011]
solver time:  2.244508
plant_input_stage0: full=[0.08152 0.75349], physical=[0.08152 0.75349]
solver time:  1.920979
plant_input_stage0: full=[0.07676 1.     ], physical=[0.07676 1.     ]
solver time:  1.783356
plant_input_stage0: full=[0.10009 1.     ], physical=[0.10009 1.     ]
solver time:  1.734747
plant_input_stage0: full=[0.09842 1.     ], physical=[0.09842 1.     ]
solver time:  1.802854
plant_input_stage0: full=[0.09567 1.     ], physical=[0.09567 1.     ]
solver time:  1.812303
plant_input_stage0: full=[0.092 1.   ], physical=[0.092 1.   ]
solver time:  1.683543
plant_input_stage0: full=[0.08755 0.61216], physical=[0.08755 0.61216]
solver time:  1.683055
plant_input_stage0: full=[0.08315 0.08713], physical=[0.08315 0.08713]
solver time:  1.882117
plant_input_stage0: full=[0.08275 0.05469], physical=[0.08275 0.05469]
solver time:  1.853964
plant_input_stage0: full=[0.08231 0.0303 ], physical=[0.08231 0.0303 ]
solver time:  1.597595
plant_input_stage0: full=[0.08185 0.01229], physical=[0.08185 0.01229]
solver time:  1.940411
plant_input_stage0: full=[ 0.08137 -0.00033], physical=[ 0.08137 -0.00033]
solver time:  1.738006
plant_input_stage0: full=[ 0.08087 -0.00954], physical=[ 0.08087 -0.00954]
solver time:  1.78585
plant_input_stage0: full=[ 0.08035 -0.01428], physical=[ 0.08035 -0.01428]
solver time:  2.002505
plant_input_stage0: full=[ 0.08023 -0.09115], physical=[ 0.08023 -0.09115]
solver time:  2.037228
plant_input_stage0: full=[0.08137 0.01886], physical=[0.08137 0.01886]
solver time:  1.857461
plant_input_stage0: full=[0.08196 0.05502], physical=[0.08196 0.05502]
solver time:  2.36073
plant_input_stage0: full=[0.08195 0.0515 ], physical=[0.08195 0.0515 ]
solver time:  1.926638
plant_input_stage0: full=[0.08178 0.00975], physical=[0.08178 0.00975]
solver time:  2.194929
plant_input_stage0: full=[ 0.08129 -0.09174], physical=[ 0.08129 -0.09174]
solver time:  2.288497
plant_input_stage0: full=[ 0.102   -0.24403], physical=[ 0.102   -0.24403]
solver time:  2.93668
plant_input_stage0: full=[0.09171 0.47404], physical=[0.09171 0.47404]
solver time:  2.196917
plant_input_stage0: full=[0.08063 1.     ], physical=[0.08063 1.     ]
solver time:  2.734396
plant_input_stage0: full=[0.07928 1.     ], physical=[0.07928 1.     ]
solver time:  2.146659
plant_input_stage0: full=[0.07756 1.     ], physical=[0.07756 1.     ]
solver time:  2.339521
plant_input_stage0: full=[0.07735 1.     ], physical=[0.07735 1.     ]
solver time:  2.670401
plant_input_stage0: full=[0.07727 1.     ], physical=[0.07727 1.     ]
solver time:  2.00469
plant_input_stage0: full=[0.07687 0.99991], physical=[0.07687 0.99991]
solver time:  1.998811
plant_input_stage0: full=[0.07771 0.95943], physical=[0.07771 0.95943]
solver time:  2.15649
plant_input_stage0: full=[0.08116 0.81573], physical=[0.08116 0.81573]
solver time:  2.188773
plant_input_stage0: full=[ 0.081   -0.12863], physical=[ 0.081   -0.12863]
solver time:  2.355271
plant_input_stage0: full=[ 0.08108 -0.35369], physical=[ 0.08108 -0.35369]
solver time:  2.234418
plant_input_stage0: full=[ 0.08208 -0.28615], physical=[ 0.08208 -0.28615]
solver time:  2.074443
plant_input_stage0: full=[ 0.08368 -0.18883], physical=[ 0.08368 -0.18883]
solver time:  2.060045
plant_input_stage0: full=[ 0.08431 -0.12948], physical=[ 0.08431 -0.12948]
solver time:  2.297166
plant_input_stage0: full=[ 0.0845  -0.09082], physical=[ 0.0845  -0.09082]
solver time:  2.283595
plant_input_stage0: full=[ 0.08456 -0.36896], physical=[ 0.08456 -0.36896]
solver time:  2.269799
plant_input_stage0: full=[ 0.08506 -0.37287], physical=[ 0.08506 -0.37287]
solver time:  2.323247
plant_input_stage0: full=[ 0.08502 -0.40468], physical=[ 0.08502 -0.40468]
solver time:  2.384736
plant_input_stage0: full=[ 0.08456 -0.33356], physical=[ 0.08456 -0.33356]
solver time:  1.922111
plant_input_stage0: full=[ 0.085 -0.847], physical=[ 0.085 -0.847]
solver time:  1.876572
plant_input_stage0: full=[ 0.11085 -1.     ], physical=[ 0.11085 -1.     ]
solver time:  1.712501
plant_input_stage0: full=[ 0.10723 -1.     ], physical=[ 0.10723 -1.     ]
solver time:  1.681476
plant_input_stage0: full=[ 0.10264 -1.     ], physical=[ 0.10264 -1.     ]
solver time:  1.729875
plant_input_stage0: full=[ 0.09726 -0.4029 ], physical=[ 0.09726 -0.4029 ]
solver time:  1.637963
plant_input_stage0: full=[ 0.09141 -0.00001], physical=[ 0.09141 -0.00001]
solver time:  1.831738
plant_input_stage0: full=[0.08585 0.     ], physical=[0.08585 0.     ]
solver time:  1.821668
plant_input_stage0: full=[ 0.0857 -0.0127], physical=[ 0.0857 -0.0127]
solver time:  1.77964
plant_input_stage0: full=[ 0.0857  -0.01225], physical=[ 0.0857  -0.01225]
solver time:  1.614619
plant_input_stage0: full=[ 0.0857 -0.0115], physical=[ 0.0857 -0.0115]
solver time:  2.02472
plant_input_stage0: full=[ 0.0857  -0.01079], physical=[ 0.0857  -0.01079]
solver time:  1.519003
plant_input_stage0: full=[ 0.0857  -0.01012], physical=[ 0.0857  -0.01012]
solver time:  1.636208
plant_input_stage0: full=[ 0.0857  -0.00949], physical=[ 0.0857  -0.00949]
solver time:  1.607101
plant_input_stage0: full=[ 0.08569 -0.00891], physical=[ 0.08569 -0.00891]
solver time:  1.698724
plant_input_stage0: full=[0.08566 0.00869], physical=[0.08566 0.00869]
solver time:  1.554858
plant_input_stage0: full=[0.0856  0.02208], physical=[0.0856  0.02208]
solver time:  1.588015
plant_input_stage0: full=[0.08552 0.0311 ], physical=[0.08552 0.0311 ]
solver time:  1.837774
plant_input_stage0: full=[0.08542 0.03971], physical=[0.08542 0.03971]
solver time:  1.521632
plant_input_stage0: full=[0.0853  0.04797], physical=[0.0853  0.04797]
solver time:  1.502734
plant_input_stage0: full=[0.08516 0.05793], physical=[0.08516 0.05793]
solver time:  1.806517
plant_input_stage0: full=[0.085 0.066], physical=[0.085 0.066]
solver time:  1.773662
plant_input_stage0: full=[0.08482 0.07358], physical=[0.08482 0.07358]
solver time:  1.78242
plant_input_stage0: full=[0.08463 0.08092], physical=[0.08463 0.08092]
solver time:  1.551754
plant_input_stage0: full=[0.08438 0.07553], physical=[0.08438 0.07553]
solver time:  1.458655
plant_input_stage0: full=[0.08412 0.06978], physical=[0.08412 0.06978]
solver time:  1.487312
plant_input_stage0: full=[0.08387 0.06248], physical=[0.08387 0.06248]
solver time:  1.496703
plant_input_stage0: full=[0.08356 0.05067], physical=[0.08356 0.05067]
solver time:  1.739826
plant_input_stage0: full=[0.08325 0.03474], physical=[0.08325 0.03474]
solver time:  1.540867
plant_input_stage0: full=[ 0.08299 -0.02798], physical=[ 0.08299 -0.02798]
solver time:  1.509649
plant_input_stage0: full=[ 0.08276 -0.07164], physical=[ 0.08276 -0.07164]
solver time:  1.636416
plant_input_stage0: full=[ 0.08251 -0.09974], physical=[ 0.08251 -0.09974]
solver time:  1.635655
plant_input_stage0: full=[ 0.08231 -0.07647], physical=[ 0.08231 -0.07647]
solver time:  1.768057
plant_input_stage0: full=[0.08221 0.09645], physical=[0.08221 0.09645]
solver time:  1.464419
plant_input_stage0: full=[0.08282 0.08764], physical=[0.08282 0.08764]
solver time:  1.853359
plant_input_stage0: full=[0.08281 0.08111], physical=[0.08281 0.08111]
solver time:  2.756905
plant_input_stage0: full=[0.08248 0.07662], physical=[0.08248 0.07662]
solver time:  1.916844
plant_input_stage0: full=[0.11045 0.08021], physical=[0.11045 0.08021]
solver time:  1.744022
plant_input_stage0: full=[ 0.10039 -0.03528], physical=[ 0.10039 -0.03528]
solver time:  1.747028
plant_input_stage0: full=[ 0.09374 -0.08796], physical=[ 0.09374 -0.08796]
solver time:  1.849595
plant_input_stage0: full=[0.08851 0.57327], physical=[0.08851 0.57327]
solver time:  1.977211
plant_input_stage0: full=[0.0802 1.    ], physical=[0.0802 1.    ]
solver time:  2.316923
plant_input_stage0: full=[0.07904 1.     ], physical=[0.07904 1.     ]
solver time:  2.685537
plant_input_stage0: full=[0.07872 1.     ], physical=[0.07872 1.     ]
solver time:  2.067184
plant_input_stage0: full=[0.07616 0.17732], physical=[0.07616 0.17732]
solver time:  1.91938
plant_input_stage0: full=[0.07218 0.73364], physical=[0.07218 0.73364]
solver time:  2.519354
plant_input_stage0: full=[0.07431 1.     ], physical=[0.07431 1.     ]
solver time:  3.073544
plant_input_stage0: full=[0.0801  0.61665], physical=[0.0801  0.61665]
solver time:  2.707907
plant_input_stage0: full=[ 0.07926 -0.25309], physical=[ 0.07926 -0.25309]
solver time:  2.889701
plant_input_stage0: full=[ 0.07991 -0.30404], physical=[ 0.07991 -0.30404]
solver time:  3.583955
plant_input_stage0: full=[ 0.08139 -0.19667], physical=[ 0.08139 -0.19667]
solver time:  3.377617
plant_input_stage0: full=[ 0.08704 -0.13171], physical=[ 0.08704 -0.13171]
solver time:  3.219611
plant_input_stage0: full=[ 0.08522 -0.09148], physical=[ 0.08522 -0.09148]
solver time:  4.761101
plant_input_stage0: full=[ 0.08379 -0.36903], physical=[ 0.08379 -0.36903]
solver time:  2.980841
plant_input_stage0: full=[ 0.08437 -0.35983], physical=[ 0.08437 -0.35983]
solver time:  2.854146
plant_input_stage0: full=[ 0.08452 -0.36957], physical=[ 0.08452 -0.36957]
solver time:  2.940425
plant_input_stage0: full=[ 0.08379 -0.29527], physical=[ 0.08379 -0.29527]
solver time:  2.282904
plant_input_stage0: full=[ 0.08246 -0.47868], physical=[ 0.08246 -0.47868]
solver time:  2.236154
plant_input_stage0: full=[ 0.08296 -0.94552], physical=[ 0.08296 -0.94552]
solver time:  1.980068
plant_input_stage0: full=[ 0.09354 -1.     ], physical=[ 0.09354 -1.     ]
solver time:  2.077795
plant_input_stage0: full=[ 0.09247 -1.     ], physical=[ 0.09247 -1.     ]
solver time:  2.135658
plant_input_stage0: full=[ 0.09041 -1.     ], physical=[ 0.09041 -1.     ]
solver time:  1.992812
plant_input_stage0: full=[ 0.08726 -1.     ], physical=[ 0.08726 -1.     ]
solver time:  2.191649
plant_input_stage0: full=[ 0.08332 -0.64431], physical=[ 0.08332 -0.64431]
solver time:  2.072771
plant_input_stage0: full=[ 0.07871 -0.0714 ], physical=[ 0.07871 -0.0714 ]
solver time:  1.961052
plant_input_stage0: full=[ 0.07608 -0.04637], physical=[ 0.07608 -0.04637]
solver time:  1.769156
plant_input_stage0: full=[ 0.07467 -0.02695], physical=[ 0.07467 -0.02695]
solver time:  1.414889
plant_input_stage0: full=[ 0.07318 -0.01272], physical=[ 0.07318 -0.01272]
solver time:  1.741051
plant_input_stage0: full=[ 0.07157 -0.00237], physical=[ 0.07157 -0.00237]
solver time:  1.60301
plant_input_stage0: full=[0.06981 0.00509], physical=[0.06981 0.00509]
solver time:  1.433856
plant_input_stage0: full=[0.06798 0.00914], physical=[0.06798 0.00914]
solver time:  1.457618
plant_input_stage0: full=[0.06604 0.01243], physical=[0.06604 0.01243]
solver time:  1.745361
plant_input_stage0: full=[ 0.064   -0.00199], physical=[ 0.064   -0.00199]
solver time:  1.828484
plant_input_stage0: full=[ 0.06193 -0.01357], physical=[ 0.06193 -0.01357]
solver time:  1.647468
plant_input_stage0: full=[ 0.05979 -0.01143], physical=[ 0.05979 -0.01143]
solver time:  1.771516
plant_input_stage0: full=[ 0.0576  -0.00943], physical=[ 0.0576  -0.00943]
solver time:  2.075354
plant_input_stage0: full=[ 0.05682 -0.00759], physical=[ 0.05682 -0.00759]
solver time:  2.205322
plant_input_stage0: full=[0.06193 0.18573], physical=[0.06193 0.18573]
solver time:  1.948102
plant_input_stage0: full=[ 0.06894 -0.05815], physical=[ 0.06894 -0.05815]
solver time:  2.117629
plant_input_stage0: full=[0.07236 0.09333], physical=[0.07236 0.09333]
solver time:  1.846984
plant_input_stage0: full=[0.09107 0.23897], physical=[0.09107 0.23897]
solver time:  2.210456
plant_input_stage0: full=[ 0.09197 -0.55059], physical=[ 0.09197 -0.55059]
solver time:  2.111071
plant_input_stage0: full=[ 0.10214 -1.     ], physical=[ 0.10214 -1.     ]
solver time:  2.438796
plant_input_stage0: full=[ 0.05068 -1.     ], physical=[ 0.05068 -1.     ]
solver time:  2.711856
plant_input_stage0: full=[ 0.04927 -1.     ], physical=[ 0.04927 -1.     ]
solver time:  2.467648
plant_input_stage0: full=[ 0.04835 -1.     ], physical=[ 0.04835 -1.     ]
solver time:  2.238832
plant_input_stage0: full=[ 0.04909 -1.     ], physical=[ 0.04909 -1.     ]
solver time:  2.026731
plant_input_stage0: full=[ 0.0547 -1.    ], physical=[ 0.0547 -1.    ]
solver time:  1.446318
plant_input_stage0: full=[ 0.05989 -1.     ], physical=[ 0.05989 -1.     ]
solver time:  1.50537
plant_input_stage0: full=[ 0.06468 -1.     ], physical=[ 0.06468 -1.     ]
solver time:  1.314873
plant_input_stage0: full=[ 0.06912 -1.     ], physical=[ 0.06912 -1.     ]
solver time:  1.382394
plant_input_stage0: full=[ 0.0732 -1.    ], physical=[ 0.0732 -1.    ]
solver time:  1.469376
plant_input_stage0: full=[ 0.07689 -1.     ], physical=[ 0.07689 -1.     ]
solver time:  1.714495
plant_input_stage0: full=[ 0.08014 -1.     ], physical=[ 0.08014 -1.     ]
solver time:  1.324242
plant_input_stage0: full=[ 0.08286 -1.     ], physical=[ 0.08286 -1.     ]
solver time:  1.385361
plant_input_stage0: full=[ 0.08497 -1.     ], physical=[ 0.08497 -1.     ]
solver time:  1.779046
plant_input_stage0: full=[ 0.11008 -1.     ], physical=[ 0.11008 -1.     ]
solver time:  1.559985
plant_input_stage0: full=[ 0.10415 -0.07692], physical=[ 0.10415 -0.07692]
solver time:  1.646468
plant_input_stage0: full=[ 0.09394 -0.02437], physical=[ 0.09394 -0.02437]
solver time:  1.926374
plant_input_stage0: full=[0.08392 0.45366], physical=[0.08392 0.45366]
solver time:  1.580931
plant_input_stage0: full=[0.0879  0.06378], physical=[0.0879  0.06378]
solver time:  1.787495
plant_input_stage0: full=[ 0.08529 -0.22399], physical=[ 0.08529 -0.22399]
solver time:  1.952642
plant_input_stage0: full=[ 0.08555 -0.41612], physical=[ 0.08555 -0.41612]
solver time:  2.224472
plant_input_stage0: full=[ 0.08569 -0.20839], physical=[ 0.08569 -0.20839]
solver time:  1.979409
plant_input_stage0: full=[ 0.08565 -0.01008], physical=[ 0.08565 -0.01008]
solver time:  2.897698
plant_input_stage0: full=[ 0.08555 -0.02528], physical=[ 0.08555 -0.02528]
solver time:  2.791422
plant_input_stage0: full=[ 0.08543 -0.03635], physical=[ 0.08543 -0.03635]
solver time:  2.615422
plant_input_stage0: full=[ 0.08527 -0.04692], physical=[ 0.08527 -0.04692]
solver time:  1.923045
plant_input_stage0: full=[ 0.08509 -0.05706], physical=[ 0.08509 -0.05706]
solver time:  1.409565
plant_input_stage0: full=[ 0.08488 -0.0682 ], physical=[ 0.08488 -0.0682 ]
solver time:  1.533731
plant_input_stage0: full=[ 0.08464 -0.0793 ], physical=[ 0.08464 -0.0793 ]
solver time:  1.922854
plant_input_stage0: full=[ 0.08436 -0.08316], physical=[ 0.08436 -0.08316]
solver time:  2.178394
plant_input_stage0: full=[ 0.08405 -0.07982], physical=[ 0.08405 -0.07982]
solver time:  1.757337
plant_input_stage0: full=[ 0.08371 -0.07339], physical=[ 0.08371 -0.07339]
solver time:  1.994076
plant_input_stage0: full=[ 0.08335 -0.05259], physical=[ 0.08335 -0.05259]
solver time:  2.007338
plant_input_stage0: full=[ 0.08296 -0.01876], physical=[ 0.08296 -0.01876]
solver time:  2.457573
plant_input_stage0: full=[0.08254 0.00595], physical=[0.08254 0.00595]
solver time:  2.971274
plant_input_stage0: full=[0.0821  0.02268], physical=[0.0821  0.02268]
solver time:  2.829832
plant_input_stage0: full=[0.08165 0.03429], physical=[0.08165 0.03429]
solver time:  2.292679
plant_input_stage0: full=[0.08118 0.04154], physical=[0.08118 0.04154]
solver time:  2.313665
plant_input_stage0: full=[0.08071 0.04574], physical=[0.08071 0.04574]
solver time:  1.867382
plant_input_stage0: full=[0.0804  0.06711], physical=[0.0804  0.06711]
solver time:  2.074416
plant_input_stage0: full=[ 0.08139 -0.00509], physical=[ 0.08139 -0.00509]
solver time:  1.778317
plant_input_stage0: full=[ 0.08202 -0.05516], physical=[ 0.08202 -0.05516]
solver time:  1.819112
plant_input_stage0: full=[ 0.08191 -0.051  ], physical=[ 0.08191 -0.051  ]
solver time:  1.953581
plant_input_stage0: full=[ 0.0819 -0.0419], physical=[ 0.0819 -0.0419]
solver time:  1.922837
plant_input_stage0: full=[0.08144 0.05677], physical=[0.08144 0.05677]
solver time:  2.096894
plant_input_stage0: full=[0.10124 0.39545], physical=[0.10124 0.39545]
solver time:  3.009564
plant_input_stage0: full=[ 0.08934 -0.43508], physical=[ 0.08934 -0.43508]
solver time:  2.354447
plant_input_stage0: full=[ 0.08148 -1.     ], physical=[ 0.08148 -1.     ]
solver time:  2.402149
plant_input_stage0: full=[ 0.07971 -1.     ], physical=[ 0.07971 -1.     ]
solver time:  2.086816
plant_input_stage0: full=[ 0.07773 -1.     ], physical=[ 0.07773 -1.     ]
solver time:  3.094744
plant_input_stage0: full=[ 0.078 -1.   ], physical=[ 0.078 -1.   ]
solver time:  1.909472
plant_input_stage0: full=[ 0.07682 -1.     ], physical=[ 0.07682 -1.     ]
solver time:  2.049516
plant_input_stage0: full=[ 0.07481 -0.56783], physical=[ 0.07481 -0.56783]
solver time:  2.092455
plant_input_stage0: full=[ 0.07488 -1.     ], physical=[ 0.07488 -1.     ]
solver time:  1.56727
plant_input_stage0: full=[ 0.0787  -0.92495], physical=[ 0.0787  -0.92495]
solver time:  2.11468
plant_input_stage0: full=[0.08112 0.03461], physical=[0.08112 0.03461]
solver time:  1.832707
plant_input_stage0: full=[0.07998 0.3475 ], physical=[0.07998 0.3475 ]
solver time:  1.778086
plant_input_stage0: full=[0.08086 0.28221], physical=[0.08086 0.28221]
solver time:  1.332113
plant_input_stage0: full=[0.0827  0.18626], physical=[0.0827  0.18626]
solver time:  1.174485
plant_input_stage0: full=[0.08391 0.12733], physical=[0.08391 0.12733]
solver time:  1.494587
plant_input_stage0: full=[0.0841 0.0894], physical=[0.0841 0.0894]
solver time:  1.863717
plant_input_stage0: full=[0.08415 0.36093], physical=[0.08415 0.36093]
solver time:  1.836842
plant_input_stage0: full=[0.084   0.36109], physical=[0.084   0.36109]
solver time:  1.981606
plant_input_stage0: full=[0.08413 0.38551], physical=[0.08413 0.38551]
solver time:  2.233781
plant_input_stage0: full=[0.08401 0.22794], physical=[0.08401 0.22794]
solver time:  1.825749
plant_input_stage0: full=[0.08141 0.79198], physical=[0.08141 0.79198]
solver time:  1.833907
plant_input_stage0: full=[0.07625 1.     ], physical=[0.07625 1.     ]
solver time:  1.892276
plant_input_stage0: full=[0.09522 1.     ], physical=[0.09522 1.     ]
solver time:  1.45014
plant_input_stage0: full=[0.09355 1.     ], physical=[0.09355 1.     ]
solver time:  1.869893
plant_input_stage0: full=[0.09085 1.     ], physical=[0.09085 1.     ]
solver time:  1.677856
plant_input_stage0: full=[0.08727 1.     ], physical=[0.08727 1.     ]
solver time:  1.668497
plant_input_stage0: full=[0.083   0.20172], physical=[0.083   0.20172]
solver time:  1.261851
plant_input_stage0: full=[0.07841 0.09116], physical=[0.07841 0.09116]
solver time:  1.56072
plant_input_stage0: full=[0.07708 0.06081], physical=[0.07708 0.06081]
solver time:  1.928165
plant_input_stage0: full=[0.07562 0.03817], physical=[0.07562 0.03817]
solver time:  1.071541
plant_input_stage0: full=[0.07407 0.0212 ], physical=[0.07407 0.0212 ]
solver time:  1.073256
plant_input_stage0: full=[0.07238 0.00866], physical=[0.07238 0.00866]
solver time:  1.015992
plant_input_stage0: full=[ 0.07058 -0.00022], physical=[ 0.07058 -0.00022]
solver time:  1.16383
plant_input_stage0: full=[ 0.06867 -0.00652], physical=[ 0.06867 -0.00652]
solver time:  1.205653
plant_input_stage0: full=[ 0.06669 -0.00414], physical=[ 0.06669 -0.00414]
solver time:  1.101768
plant_input_stage0: full=[0.0646  0.01933], physical=[0.0646  0.01933]
solver time:  1.097847
plant_input_stage0: full=[0.06244 0.01733], physical=[0.06244 0.01733]
solver time:  1.245248
plant_input_stage0: full=[0.06025 0.0151 ], physical=[0.06025 0.0151 ]
solver time:  1.22847
plant_input_stage0: full=[0.058   0.01235], physical=[0.058   0.01235]
solver time:  1.379041
plant_input_stage0: full=[0.05605 0.01047], physical=[0.05605 0.01047]
solver time:  1.398261
plant_input_stage0: full=[0.05519 0.00878], physical=[0.05519 0.00878]
solver time:  1.568274
plant_input_stage0: full=[0.05473 0.00732], physical=[0.05473 0.00732]
solver time:  1.531784
plant_input_stage0: full=[0.05992 0.00627], physical=[0.05992 0.00627]
solver time:  1.663145
plant_input_stage0: full=[0.05775 0.00544], physical=[0.05775 0.00544]
solver time:  1.652244
plant_input_stage0: full=[0.0558  0.00493], physical=[0.0558  0.00493]
solver time:  1.557529
plant_input_stage0: full=[0.05394 0.00482], physical=[0.05394 0.00482]
solver time:  1.929027
plant_input_stage0: full=[ 0.05215 -0.09092], physical=[ 0.05215 -0.09092]
solver time:  2.092826
plant_input_stage0: full=[0.05314 0.41449], physical=[0.05314 0.41449]
solver time:  2.063285
plant_input_stage0: full=[0.04218 1.     ], physical=[0.04218 1.     ]
solver time:  2.625275
plant_input_stage0: full=[0.04261 1.     ], physical=[0.04261 1.     ]
solver time:  2.239367
plant_input_stage0: full=[0.04291 1.     ], physical=[0.04291 1.     ]
solver time:  2.626148
plant_input_stage0: full=[0.04292 1.     ], physical=[0.04292 1.     ]
solver time:  3.058842
plant_input_stage0: full=[0.0423  0.91204], physical=[0.0423  0.91204]
solver time:  2.862811
plant_input_stage0: full=[0.0404  0.83711], physical=[0.0404  0.83711]
solver time:  2.105193
plant_input_stage0: full=[0.03843 0.82719], physical=[0.03843 0.82719]
solver time:  2.243541
plant_input_stage0: full=[0.03652 0.76589], physical=[0.03652 0.76589]
solver time:  1.819727
plant_input_stage0: full=[0.0345  0.74109], physical=[0.0345  0.74109]
solver time:  2.072858
plant_input_stage0: full=[0.03253 0.68594], physical=[0.03253 0.68594]
solver time:  1.777027
plant_input_stage0: full=[0.03064 0.65991], physical=[0.03064 0.65991]
solver time:  2.073314
plant_input_stage0: full=[0.02883 0.6089 ], physical=[0.02883 0.6089 ]
solver time:  1.647883
plant_input_stage0: full=[0.02711 0.5838 ], physical=[0.02711 0.5838 ]
solver time:  2.008752
plant_input_stage0: full=[0.02545 0.48515], physical=[0.02545 0.48515]
solver time:  2.11808
plant_input_stage0: full=[0.02393 0.00443], physical=[0.02393 0.00443]
solver time:  1.863256
plant_input_stage0: full=[0.02247 0.00388], physical=[0.02247 0.00388]
solver time:  1.516064
plant_input_stage0: full=[0.0211  0.00307], physical=[0.0211  0.00307]
solver time:  1.918768
plant_input_stage0: full=[0.01982 0.00255], physical=[0.01982 0.00255]
solver time:  1.875552
plant_input_stage0: full=[0.01861 0.00219], physical=[0.01861 0.00219]
solver time:  1.928566
plant_input_stage0: full=[0.01748 0.00193], physical=[0.01748 0.00193]
solver time:  1.836095
plant_input_stage0: full=[0.01642 0.00174], physical=[0.01642 0.00174]
solver time:  2.042881
plant_input_stage0: full=[0.01542 0.00161], physical=[0.01542 0.00161]
solver time:  1.684567
plant_input_stage0: full=[0.01448 0.00151], physical=[0.01448 0.00151]
solver time:  1.689376
plant_input_stage0: full=[0.0136  0.00144], physical=[0.0136  0.00144]
solver time:  1.939179
plant_input_stage0: full=[0.01277 0.00139], physical=[0.01277 0.00139]
solver time:  1.685939
plant_input_stage0: full=[0.01199 0.00137], physical=[0.01199 0.00137]
solver time:  1.676517
plant_input_stage0: full=[0.01126 0.00135], physical=[0.01126 0.00135]
solver time:  1.988234
plant_input_stage0: full=[0.01058 0.00136], physical=[0.01058 0.00136]
solver time:  1.659837
plant_input_stage0: full=[0.00993 0.00137], physical=[0.00993 0.00137]
solver time:  1.788723
plant_input_stage0: full=[0.00933 0.00139], physical=[0.00933 0.00139]
solver time:  1.854845
plant_input_stage0: full=[0.00876 0.00143], physical=[0.00876 0.00143]
solver time:  1.824566
plant_input_stage0: full=[0.00823 0.00147], physical=[0.00823 0.00147]
solver time:  1.602883
plant_input_stage0: full=[0.00773 0.00151], physical=[0.00773 0.00151]
solver time:  1.798059
plant_input_stage0: full=[0.00726 0.00156], physical=[0.00726 0.00156]
solver time:  1.859307
plant_input_stage0: full=[0.00682 0.00162], physical=[0.00682 0.00162]
solver time:  1.550197
plant_input_stage0: full=[0.0064  0.00169], physical=[0.0064  0.00169]
목적지에 도착했습니다! 현재 위치: [1.8096  0.09746], 시간: 37.40초
Using dcbf optimizer with differential_drive dynamics:
median:  1.8314585
std:  0.5925901160605147
min:  0.936321
max:  7.300227
Simulation finished.
Run outcome: status=success, reason=None, final_time=37.40000000000026, distance_to_goal=0.009876443691304955
Trial history saved to /home/taek111/projects/psdf_mpcc/benchmark_runs/maze_rectangle_dd_gaussian_20260916/safe/dcbf/seed46/data/trial_history_MPC_DCBF_rectangle_maze_gaussian_20260916_startseed46.csv
Single test completed.
RESULT dcbf 46 success None
