COMMAND: python3 test_nmpc.py --single --config /home/taek111/projects/psdf_mpcc/benchmark_runs/maze_rectangle_dd_gaussian_20260916/safe/obca/seed43/config.yaml --maze-type maze --robot-shape rectangle --dynamics-type differential_drive --optimizer-type obca --path-planner astar --simulation-time 60 --no-animation --no-plots
Running single test...
Start perturbation: seed=43, pose=[0.0798845901334352, 0.808563566401577, -1.6000727958625], delta=[0.004884590133435201, 0.013563566401577118, -0.029276469067603488], clearance=0.015151 m, attempts=1
Start pose saved to /home/taek111/projects/psdf_mpcc/benchmark_runs/maze_rectangle_dd_gaussian_20260916/safe/obca/seed43/data/start_pose_MPC_OBCA_rectangle_maze_gaussian_20260916_startseed43.json
generating global path with A* + Line of Sight
시작 위치: [0.07988 0.80856]
목적지: [1.8  0.09]
도착 판정 기준: position <= 0.01m, angle <= 0.01rad

******************************************************************************
This program contains Ipopt, a library for large-scale nonlinear optimization.
 Ipopt is released as open source code under the Eclipse Public License (EPL).
         For more information visit https://github.com/coin-or/Ipopt
******************************************************************************

solver time:  1.533405
plant_input_stage0: full=[0.08623 1.     ], physical=[0.08623 1.     ]
solver time:  1.647643
plant_input_stage0: full=[0.08532 0.42245], physical=[0.08532 0.42245]
solver time:  1.470862
plant_input_stage0: full=[0.08492 0.03047], physical=[0.08492 0.03047]
solver time:  1.419746
plant_input_stage0: full=[0.08429 0.05016], physical=[0.08429 0.05016]
solver time:  1.515861
plant_input_stage0: full=[0.08357 0.06235], physical=[0.08357 0.06235]
solver time:  1.598773
plant_input_stage0: full=[0.08274 0.07132], physical=[0.08274 0.07132]
solver time:  1.671749
plant_input_stage0: full=[0.08181 0.07724], physical=[0.08181 0.07724]
solver time:  1.756547
plant_input_stage0: full=[0.0808  0.07881], physical=[0.0808  0.07881]
solver time:  1.613267
plant_input_stage0: full=[0.07968 0.05242], physical=[0.07968 0.05242]
solver time:  1.67949
plant_input_stage0: full=[0.0785  0.00321], physical=[0.0785  0.00321]
solver time:  1.54555
plant_input_stage0: full=[ 0.07723 -0.031  ], physical=[ 0.07723 -0.031  ]
solver time:  1.613223
plant_input_stage0: full=[ 0.07591 -0.05348], physical=[ 0.07591 -0.05348]
solver time:  1.841423
plant_input_stage0: full=[ 0.07455 -0.06783], physical=[ 0.07455 -0.06783]
solver time:  1.819514
plant_input_stage0: full=[ 0.0731  -0.07577], physical=[ 0.0731  -0.07577]
solver time:  1.767077
plant_input_stage0: full=[ 0.07161 -0.07942], physical=[ 0.07161 -0.07942]
solver time:  1.87891
plant_input_stage0: full=[ 0.06996 -0.07911], physical=[ 0.06996 -0.07911]
solver time:  1.852242
plant_input_stage0: full=[ 0.06823 -0.07721], physical=[ 0.06823 -0.07721]
solver time:  1.917163
plant_input_stage0: full=[ 0.06638 -0.0636 ], physical=[ 0.06638 -0.0636 ]
solver time:  1.997043
plant_input_stage0: full=[0.06443 0.02407], physical=[0.06443 0.02407]
solver time:  1.973391
plant_input_stage0: full=[0.06253 0.02057], physical=[0.06253 0.02057]
solver time:  2.1148
plant_input_stage0: full=[0.06238 0.01744], physical=[0.06238 0.01744]
solver time:  1.807579
plant_input_stage0: full=[0.06787 0.01472], physical=[0.06787 0.01472]
solver time:  2.131072
plant_input_stage0: full=[0.07136 0.01723], physical=[0.07136 0.01723]
solver time:  2.410106
plant_input_stage0: full=[ 0.07309 -0.01859], physical=[ 0.07309 -0.01859]
solver time:  2.424081
plant_input_stage0: full=[ 0.09498 -1.     ], physical=[ 0.09498 -1.     ]
solver time:  2.994891
plant_input_stage0: full=[0.08732 0.19049], physical=[0.08732 0.19049]
solver time:  2.579057
plant_input_stage0: full=[0.08706 0.84764], physical=[0.08706 0.84764]
solver time:  2.508482
plant_input_stage0: full=[0.06345 1.     ], physical=[0.06345 1.     ]
solver time:  2.920502
plant_input_stage0: full=[0.05429 1.     ], physical=[0.05429 1.     ]
solver time:  2.159
plant_input_stage0: full=[0.05249 1.     ], physical=[0.05249 1.     ]
solver time:  3.111462
plant_input_stage0: full=[0.05134 1.     ], physical=[0.05134 1.     ]
solver time:  2.394835
plant_input_stage0: full=[0.05272 1.     ], physical=[0.05272 1.     ]
solver time:  2.440588
plant_input_stage0: full=[0.05792 1.     ], physical=[0.05792 1.     ]
solver time:  2.373383
plant_input_stage0: full=[0.0627 1.    ], physical=[0.0627 1.    ]
solver time:  2.413373
plant_input_stage0: full=[0.06711 1.     ], physical=[0.06711 1.     ]
solver time:  1.887072
plant_input_stage0: full=[0.07115 1.     ], physical=[0.07115 1.     ]
solver time:  2.138916
plant_input_stage0: full=[0.07483 1.     ], physical=[0.07483 1.     ]
solver time:  1.652179
plant_input_stage0: full=[0.07809 1.     ], physical=[0.07809 1.     ]
solver time:  1.947038
plant_input_stage0: full=[0.0809 1.    ], physical=[0.0809 1.    ]
solver time:  2.418833
plant_input_stage0: full=[0.08319 1.     ], physical=[0.08319 1.     ]
solver time:  2.219584
plant_input_stage0: full=[0.11186 1.     ], physical=[0.11186 1.     ]
solver time:  2.173172
plant_input_stage0: full=[0.10696 1.     ], physical=[0.10696 1.     ]
solver time:  2.693623
plant_input_stage0: full=[0.1012  0.16724], physical=[0.1012  0.16724]
solver time:  1.78305
plant_input_stage0: full=[0.09509 0.10247], physical=[0.09509 0.10247]
solver time:  1.78769
plant_input_stage0: full=[0.08932 0.01   ], physical=[0.08932 0.01   ]
solver time:  1.943038
plant_input_stage0: full=[0.08479 0.01583], physical=[0.08479 0.01583]
solver time:  1.848157
plant_input_stage0: full=[0.0847  0.02214], physical=[0.0847  0.02214]
solver time:  1.901197
plant_input_stage0: full=[0.08461 0.0446 ], physical=[0.08461 0.0446 ]
solver time:  2.576865
plant_input_stage0: full=[0.08451 0.07908], physical=[0.08451 0.07908]
solver time:  2.061875
plant_input_stage0: full=[0.08437 0.07248], physical=[0.08437 0.07248]
solver time:  2.058972
plant_input_stage0: full=[0.08429 0.06856], physical=[0.08429 0.06856]
solver time:  1.852713
plant_input_stage0: full=[0.08421 0.06645], physical=[0.08421 0.06645]
solver time:  2.227858
plant_input_stage0: full=[0.0841  0.06662], physical=[0.0841  0.06662]
solver time:  2.546513
plant_input_stage0: full=[0.11043 0.08133], physical=[0.11043 0.08133]
solver time:  2.677754
plant_input_stage0: full=[0.10377 0.12774], physical=[0.10377 0.12774]
solver time:  2.563508
plant_input_stage0: full=[0.09746 0.63739], physical=[0.09746 0.63739]
solver time:  2.952639
plant_input_stage0: full=[0.09134 0.31588], physical=[0.09134 0.31588]
solver time:  3.203382
plant_input_stage0: full=[0.08607 0.00279], physical=[0.08607 0.00279]
solver time:  2.957823
plant_input_stage0: full=[0.08603 0.05543], physical=[0.08603 0.05543]
solver time:  2.559323
plant_input_stage0: full=[0.08599 0.05204], physical=[0.08599 0.05204]
solver time:  2.50823
plant_input_stage0: full=[0.08595 0.04887], physical=[0.08595 0.04887]
solver time:  2.052749
plant_input_stage0: full=[0.08592 0.04589], physical=[0.08592 0.04589]
solver time:  3.259177
plant_input_stage0: full=[0.08589 0.04309], physical=[0.08589 0.04309]
solver time:  3.1012
plant_input_stage0: full=[0.08587 0.04045], physical=[0.08587 0.04045]
solver time:  2.964949
plant_input_stage0: full=[0.08584 0.03798], physical=[0.08584 0.03798]
solver time:  3.028237
plant_input_stage0: full=[0.08583 0.03558], physical=[0.08583 0.03558]
solver time:  3.307442
plant_input_stage0: full=[0.08581 0.03346], physical=[0.08581 0.03346]
solver time:  3.237151
plant_input_stage0: full=[0.08579 0.03141], physical=[0.08579 0.03141]
solver time:  3.188409
plant_input_stage0: full=[0.08578 0.02948], physical=[0.08578 0.02948]
solver time:  3.059091
plant_input_stage0: full=[0.08575 0.02867], physical=[0.08575 0.02867]
solver time:  3.45966
plant_input_stage0: full=[0.08532 0.0579 ], physical=[0.08532 0.0579 ]
solver time:  3.060754
plant_input_stage0: full=[0.08299 0.18482], physical=[0.08299 0.18482]
solver time:  3.36206
plant_input_stage0: full=[0.07996 0.26017], physical=[0.07996 0.26017]
solver time:  5.794512
plant_input_stage0: full=[0.07683 0.30914], physical=[0.07683 0.30914]
solver time:  3.913312
plant_input_stage0: full=[0.07364 0.36267], physical=[0.07364 0.36267]
solver time:  3.796623
plant_input_stage0: full=[0.07021 0.44452], physical=[0.07021 0.44452]
solver time:  3.928927
plant_input_stage0: full=[0.06699 0.51965], physical=[0.06699 0.51965]
solver time:  5.019017
plant_input_stage0: full=[0.06305 0.74791], physical=[0.06305 0.74791]
solver time:  4.941802
plant_input_stage0: full=[0.06024 0.686  ], physical=[0.06024 0.686  ]
solver time:  4.044631
plant_input_stage0: full=[ 0.07811 -0.76871], physical=[ 0.07811 -0.76871]
solver time:  3.99094
plant_input_stage0: full=[ 0.08099 -0.4999 ], physical=[ 0.08099 -0.4999 ]
solver time:  4.633614
plant_input_stage0: full=[ 0.08265 -0.45868], physical=[ 0.08265 -0.45868]
solver time:  4.727316
plant_input_stage0: full=[ 0.08348 -0.4934 ], physical=[ 0.08348 -0.4934 ]
solver time:  4.112915
plant_input_stage0: full=[ 0.08422 -0.43198], physical=[ 0.08422 -0.43198]
solver time:  4.174913
plant_input_stage0: full=[ 0.08478 -0.38276], physical=[ 0.08478 -0.38276]
solver time:  3.791327
plant_input_stage0: full=[ 0.0852  -0.34574], physical=[ 0.0852  -0.34574]
solver time:  3.748101
plant_input_stage0: full=[ 0.08544 -0.31935], physical=[ 0.08544 -0.31935]
solver time:  3.941969
plant_input_stage0: full=[ 0.08555 -0.30425], physical=[ 0.08555 -0.30425]
solver time:  3.601833
plant_input_stage0: full=[ 0.08554 -0.30106], physical=[ 0.08554 -0.30106]
solver time:  3.686534
plant_input_stage0: full=[ 0.08544 -0.31569], physical=[ 0.08544 -0.31569]
solver time:  4.073218
plant_input_stage0: full=[ 0.08527 -0.36285], physical=[ 0.08527 -0.36285]
solver time:  4.172307
plant_input_stage0: full=[ 0.08502 -0.49514], physical=[ 0.08502 -0.49514]
solver time:  4.554733
plant_input_stage0: full=[-0.13413 -0.15485], physical=[-0.13413 -0.15485]
solver time:  4.229141
plant_input_stage0: full=[ 0.08552 -0.17623], physical=[ 0.08552 -0.17623]
solver time:  3.819196
plant_input_stage0: full=[ 0.08506 -0.16821], physical=[ 0.08506 -0.16821]
solver time:  5.26025
plant_input_stage0: full=[ 0.08457 -0.09877], physical=[ 0.08457 -0.09877]
solver time:  5.391198
plant_input_stage0: full=[ 0.08403 -0.10426], physical=[ 0.08403 -0.10426]
solver time:  5.666129
plant_input_stage0: full=[ 0.08347 -0.09506], physical=[ 0.08347 -0.09506]
solver time:  6.618167
plant_input_stage0: full=[ 0.10638 -0.15618], physical=[ 0.10638 -0.15618]
solver time:  6.81042
plant_input_stage0: full=[-0.00803 -0.02619], physical=[-0.00803 -0.02619]
solver time:  5.886792
plant_input_stage0: full=[-0.11125 -0.03467], physical=[-0.11125 -0.03467]
solver time:  6.037792
plant_input_stage0: full=[0.10719 0.00106], physical=[0.10719 0.00106]
solver time:  5.668872
plant_input_stage0: full=[0.10068 0.00337], physical=[0.10068 0.00337]
solver time:  7.403002
plant_input_stage0: full=[0.09456 0.00528], physical=[0.09456 0.00528]
solver time:  7.894646
plant_input_stage0: full=[0.08881 0.00652], physical=[0.08881 0.00652]
solver time:  7.653381
plant_input_stage0: full=[0.08345 0.07981], physical=[0.08345 0.07981]
solver time:  9.797368
plant_input_stage0: full=[0.08136 0.05793], physical=[0.08136 0.05793]
solver time:  8.078719
plant_input_stage0: full=[ 0.08198 -0.00752], physical=[ 0.08198 -0.00752]
solver time:  8.920966
plant_input_stage0: full=[ 0.08218 -0.02592], physical=[ 0.08218 -0.02592]
solver time:  9.16416
plant_input_stage0: full=[ 0.08206 -0.01127], physical=[ 0.08206 -0.01127]
solver time:  7.342872
plant_input_stage0: full=[0.08186 0.00714], physical=[0.08186 0.00714]
solver time:  10.209444
plant_input_stage0: full=[ 0.08196 -0.02841], physical=[ 0.08196 -0.02841]
solver time:  10.891926
plant_input_stage0: full=[0.08165 0.03348], physical=[0.08165 0.03348]
solver time:  11.916948
plant_input_stage0: full=[0.08123 0.02869], physical=[0.08123 0.02869]
solver time:  7.402543
plant_input_stage0: full=[0.10436 0.02417], physical=[0.10436 0.02417]
solver time:  7.70102
plant_input_stage0: full=[ 0.09896 -0.96937], physical=[ 0.09896 -0.96937]
solver time:  11.838095
plant_input_stage0: full=[ 0.09307 -1.     ], physical=[ 0.09307 -1.     ]
solver time:  8.064295
plant_input_stage0: full=[ 0.07877 -1.     ], physical=[ 0.07877 -1.     ]
solver time:  6.164701
plant_input_stage0: full=[ 0.07786 -1.     ], physical=[ 0.07786 -1.     ]
solver time:  5.951453
plant_input_stage0: full=[ 0.07784 -1.     ], physical=[ 0.07784 -1.     ]
solver time:  5.660337
plant_input_stage0: full=[ 0.07712 -1.     ], physical=[ 0.07712 -1.     ]
solver time:  5.39307
plant_input_stage0: full=[ 0.07601 -0.86043], physical=[ 0.07601 -0.86043]
solver time:  5.298432
plant_input_stage0: full=[ 0.07827 -0.99207], physical=[ 0.07827 -0.99207]
solver time:  4.568341
plant_input_stage0: full=[ 0.08091 -0.55434], physical=[ 0.08091 -0.55434]
solver time:  4.186302
plant_input_stage0: full=[0.08115 0.25471], physical=[0.08115 0.25471]
solver time:  5.999575
plant_input_stage0: full=[0.08179 0.34306], physical=[0.08179 0.34306]
solver time:  4.467438
plant_input_stage0: full=[0.08283 0.22289], physical=[0.08283 0.22289]
solver time:  4.55671
plant_input_stage0: full=[0.0838 0.1496], physical=[0.0838 0.1496]
solver time:  3.972955
plant_input_stage0: full=[0.08783 0.10313], physical=[0.08783 0.10313]
solver time:  3.970511
plant_input_stage0: full=[0.08387 0.35344], physical=[0.08387 0.35344]
solver time:  5.367042
plant_input_stage0: full=[0.08442 0.34507], physical=[0.08442 0.34507]
solver time:  3.999758
plant_input_stage0: full=[0.08481 0.35542], physical=[0.08481 0.35542]
solver time:  3.665124
plant_input_stage0: full=[0.08429 0.2268 ], physical=[0.08429 0.2268 ]
solver time:  4.21248
plant_input_stage0: full=[0.08354 0.52685], physical=[0.08354 0.52685]
solver time:  4.215652
plant_input_stage0: full=[0.08472 0.98562], physical=[0.08472 0.98562]
solver time:  4.053575
plant_input_stage0: full=[0.10083 1.     ], physical=[0.10083 1.     ]
solver time:  3.599948
plant_input_stage0: full=[0.09918 1.     ], physical=[0.09918 1.     ]
solver time:  4.231907
plant_input_stage0: full=[0.09644 1.     ], physical=[0.09644 1.     ]
solver time:  4.1373
plant_input_stage0: full=[0.09276 1.     ], physical=[0.09276 1.     ]
solver time:  3.87058
plant_input_stage0: full=[0.08829 0.71975], physical=[0.08829 0.71975]
solver time:  4.372049
plant_input_stage0: full=[0.08326 0.08083], physical=[0.08326 0.08083]
solver time:  4.732003
plant_input_stage0: full=[0.08287 0.04995], physical=[0.08287 0.04995]
solver time:  4.699497
plant_input_stage0: full=[0.08245 0.02677], physical=[0.08245 0.02677]
solver time:  5.489285
plant_input_stage0: full=[0.08201 0.00966], physical=[0.08201 0.00966]
solver time:  4.334487
plant_input_stage0: full=[ 0.08157 -0.015  ], physical=[ 0.08157 -0.015  ]
solver time:  4.847514
plant_input_stage0: full=[ 0.08151 -0.06564], physical=[ 0.08151 -0.06564]
solver time:  5.36347
plant_input_stage0: full=[ 0.08199 -0.00621], physical=[ 0.08199 -0.00621]
solver time:  5.583262
plant_input_stage0: full=[0.08221 0.02731], physical=[0.08221 0.02731]
solver time:  6.550265
plant_input_stage0: full=[0.08219 0.03372], physical=[0.08219 0.03372]
solver time:  8.613066
plant_input_stage0: full=[0.08201 0.00796], physical=[0.08201 0.00796]
solver time:  10.649767
plant_input_stage0: full=[0.08187 0.00587], physical=[0.08187 0.00587]
solver time:  8.665311
plant_input_stage0: full=[0.08185 0.01481], physical=[0.08185 0.01481]
solver time:  11.982723
plant_input_stage0: full=[ 0.08143 -0.0711 ], physical=[ 0.08143 -0.0711 ]
solver time:  11.448974
plant_input_stage0: full=[ 0.10298 -0.27711], physical=[ 0.10298 -0.27711]
solver time:  8.131616
plant_input_stage0: full=[0.09209 0.4556 ], physical=[0.09209 0.4556 ]
solver time:  6.591594
plant_input_stage0: full=[0.08057 1.     ], physical=[0.08057 1.     ]
solver time:  7.559257
plant_input_stage0: full=[0.07936 1.     ], physical=[0.07936 1.     ]
solver time:  7.12889
plant_input_stage0: full=[0.07765 1.     ], physical=[0.07765 1.     ]
solver time:  9.057318
plant_input_stage0: full=[0.07765 1.     ], physical=[0.07765 1.     ]
solver time:  10.000972
plant_input_stage0: full=[0.07755 1.     ], physical=[0.07755 1.     ]
solver time:  6.320294
plant_input_stage0: full=[0.0768 1.    ], physical=[0.0768 1.    ]
solver time:  4.700819
plant_input_stage0: full=[0.0783 1.    ], physical=[0.0783 1.    ]
solver time:  5.3827
plant_input_stage0: full=[0.08169 0.83163], physical=[0.08169 0.83163]
solver time:  4.60355
plant_input_stage0: full=[ 0.08227 -0.12332], physical=[ 0.08227 -0.12332]
solver time:  4.879673
plant_input_stage0: full=[ 0.08248 -0.35732], physical=[ 0.08248 -0.35732]
solver time:  4.693749
plant_input_stage0: full=[ 0.08308 -0.28571], physical=[ 0.08308 -0.28571]
solver time:  5.815566
plant_input_stage0: full=[ 0.0839  -0.18857], physical=[ 0.0839  -0.18857]
solver time:  7.491365
plant_input_stage0: full=[ 0.08428 -0.12935], physical=[ 0.08428 -0.12935]
solver time:  7.003967
plant_input_stage0: full=[ 0.08447 -0.09076], physical=[ 0.08447 -0.09076]
solver time:  7.019364
plant_input_stage0: full=[ 0.08454 -0.37784], physical=[ 0.08454 -0.37784]
solver time:  8.051547
plant_input_stage0: full=[ 0.08504 -0.38181], physical=[ 0.08504 -0.38181]
solver time:  7.542468
plant_input_stage0: full=[ 0.08496 -0.41413], physical=[ 0.08496 -0.41413]
solver time:  6.242415
plant_input_stage0: full=[ 0.08462 -0.35176], physical=[ 0.08462 -0.35176]
solver time:  5.52835
plant_input_stage0: full=[ 0.08503 -0.85572], physical=[ 0.08503 -0.85572]
solver time:  5.223571
plant_input_stage0: full=[ 0.11091 -1.     ], physical=[ 0.11091 -1.     ]
solver time:  6.456711
plant_input_stage0: full=[ 0.10723 -1.     ], physical=[ 0.10723 -1.     ]
solver time:  4.961094
plant_input_stage0: full=[ 0.10259 -1.     ], physical=[ 0.10259 -1.     ]
solver time:  6.256915
plant_input_stage0: full=[ 0.09717 -0.35374], physical=[ 0.09717 -0.35374]
solver time:  5.69321
plant_input_stage0: full=[ 0.09131 -0.00001], physical=[ 0.09131 -0.00001]
solver time:  5.958069
plant_input_stage0: full=[ 0.08575 -0.00001], physical=[ 0.08575 -0.00001]
solver time:  4.319033
plant_input_stage0: full=[ 0.0857  -0.01319], physical=[ 0.0857  -0.01319]
solver time:  5.108008
plant_input_stage0: full=[ 0.0857  -0.01248], physical=[ 0.0857  -0.01248]
solver time:  5.546321
plant_input_stage0: full=[ 0.0857  -0.01171], physical=[ 0.0857  -0.01171]
solver time:  4.597937
plant_input_stage0: full=[ 0.0857  -0.01099], physical=[ 0.0857  -0.01099]
solver time:  4.462366
plant_input_stage0: full=[ 0.0857 -0.0103], physical=[ 0.0857 -0.0103]
solver time:  4.417013
plant_input_stage0: full=[ 0.0857  -0.00966], physical=[ 0.0857  -0.00966]
solver time:  4.323956
plant_input_stage0: full=[ 0.08569 -0.00908], physical=[ 0.08569 -0.00908]
solver time:  2.95443
plant_input_stage0: full=[0.08566 0.00899], physical=[0.08566 0.00899]
solver time:  3.102746
plant_input_stage0: full=[0.0856  0.02214], physical=[0.0856  0.02214]
solver time:  3.133052
plant_input_stage0: full=[0.08552 0.03116], physical=[0.08552 0.03116]
solver time:  3.113863
plant_input_stage0: full=[0.08542 0.03977], physical=[0.08542 0.03977]
solver time:  3.954763
plant_input_stage0: full=[0.0853  0.04803], physical=[0.0853  0.04803]
solver time:  4.231978
plant_input_stage0: full=[0.08516 0.05745], physical=[0.08516 0.05745]
solver time:  4.220215
plant_input_stage0: full=[0.08499 0.06251], physical=[0.08499 0.06251]
solver time:  4.406201
plant_input_stage0: full=[0.08481 0.06577], physical=[0.08481 0.06577]
solver time:  3.941653
plant_input_stage0: full=[0.08461 0.06572], physical=[0.08461 0.06572]
solver time:  3.957834
plant_input_stage0: full=[0.08441 0.06291], physical=[0.08441 0.06291]
solver time:  3.874699
plant_input_stage0: full=[0.08417 0.05477], physical=[0.08417 0.05477]
solver time:  3.419765
plant_input_stage0: full=[0.08394 0.04677], physical=[0.08394 0.04677]
solver time:  3.48647
plant_input_stage0: full=[0.08367 0.03351], physical=[0.08367 0.03351]
solver time:  3.871681
plant_input_stage0: full=[0.0834  0.01938], physical=[0.0834  0.01938]
solver time:  3.55824
plant_input_stage0: full=[0.08321 0.00652], physical=[0.08321 0.00652]
solver time:  3.742412
plant_input_stage0: full=[ 0.08304 -0.04224], physical=[ 0.08304 -0.04224]
solver time:  3.377411
plant_input_stage0: full=[ 0.08312 -0.0792 ], physical=[ 0.08312 -0.0792 ]
solver time:  3.945516
plant_input_stage0: full=[ 0.08316 -0.05209], physical=[ 0.08316 -0.05209]
solver time:  4.345221
plant_input_stage0: full=[0.08304 0.1083 ], physical=[0.08304 0.1083 ]
solver time:  4.173036
plant_input_stage0: full=[0.08292 0.09792], physical=[0.08292 0.09792]
solver time:  5.373713
plant_input_stage0: full=[0.08279 0.0911 ], physical=[0.08279 0.0911 ]
solver time:  5.281813
plant_input_stage0: full=[0.08246 0.08616], physical=[0.08246 0.08616]
solver time:  4.932309
plant_input_stage0: full=[0.108   0.07388], physical=[0.108   0.07388]
solver time:  5.240476
plant_input_stage0: full=[ 0.10101 -0.07953], physical=[ 0.10101 -0.07953]
solver time:  5.144515
plant_input_stage0: full=[ 0.0941  -0.00886], physical=[ 0.0941  -0.00886]
solver time:  5.47586
plant_input_stage0: full=[0.08874 0.6318 ], physical=[0.08874 0.6318 ]
solver time:  4.964474
plant_input_stage0: full=[0.08047 1.     ], physical=[0.08047 1.     ]
solver time:  4.555022
plant_input_stage0: full=[0.08022 1.     ], physical=[0.08022 1.     ]
solver time:  5.10208
plant_input_stage0: full=[0.0791 1.    ], physical=[0.0791 1.    ]
solver time:  3.57128
plant_input_stage0: full=[0.07709 0.30815], physical=[0.07709 0.30815]
solver time:  3.128336
plant_input_stage0: full=[0.07537 0.77501], physical=[0.07537 0.77501]
solver time:  3.041213
plant_input_stage0: full=[0.0777  0.96163], physical=[0.0777  0.96163]
solver time:  3.067165
plant_input_stage0: full=[0.08082 0.32197], physical=[0.08082 0.32197]
solver time:  2.83246
plant_input_stage0: full=[ 0.0801  -0.31166], physical=[ 0.0801  -0.31166]
solver time:  3.322987
plant_input_stage0: full=[ 0.08548 -0.2518 ], physical=[ 0.08548 -0.2518 ]
solver time:  3.110317
plant_input_stage0: full=[ 0.08406 -0.16433], physical=[ 0.08406 -0.16433]
solver time:  3.172065
plant_input_stage0: full=[ 0.08356 -0.11156], physical=[ 0.08356 -0.11156]
solver time:  2.861941
plant_input_stage0: full=[ 0.08373 -0.0783 ], physical=[ 0.08373 -0.0783 ]
solver time:  2.883227
plant_input_stage0: full=[ 0.08369 -0.42894], physical=[ 0.08369 -0.42894]
solver time:  3.020216
plant_input_stage0: full=[ 0.08414 -0.41794], physical=[ 0.08414 -0.41794]
solver time:  3.409442
plant_input_stage0: full=[ 0.08388 -0.42796], physical=[ 0.08388 -0.42796]
solver time:  4.119445
plant_input_stage0: full=[ 0.08331 -0.28665], physical=[ 0.08331 -0.28665]
solver time:  3.65446
plant_input_stage0: full=[ 0.08289 -0.66012], physical=[ 0.08289 -0.66012]
solver time:  3.481254
plant_input_stage0: full=[ 0.08195 -1.     ], physical=[ 0.08195 -1.     ]
solver time:  3.522233
plant_input_stage0: full=[ 0.09493 -1.     ], physical=[ 0.09493 -1.     ]
solver time:  3.224933
plant_input_stage0: full=[ 0.09327 -1.     ], physical=[ 0.09327 -1.     ]
solver time:  3.562684
plant_input_stage0: full=[ 0.0906 -1.    ], physical=[ 0.0906 -1.    ]
solver time:  4.941037
plant_input_stage0: full=[ 0.08708 -1.     ], physical=[ 0.08708 -1.     ]
solver time:  4.945833
plant_input_stage0: full=[ 0.08281 -0.19683], physical=[ 0.08281 -0.19683]
solver time:  4.296779
plant_input_stage0: full=[ 0.07788 -0.08268], physical=[ 0.07788 -0.08268]
solver time:  4.273373
plant_input_stage0: full=[ 0.07598 -0.05554], physical=[ 0.07598 -0.05554]
solver time:  2.804619
plant_input_stage0: full=[ 0.07458 -0.03474], physical=[ 0.07458 -0.03474]
solver time:  2.507655
plant_input_stage0: full=[ 0.07312 -0.01932], physical=[ 0.07312 -0.01932]
solver time:  3.338385
plant_input_stage0: full=[ 0.07157 -0.00795], physical=[ 0.07157 -0.00795]
solver time:  2.713288
plant_input_stage0: full=[0.06983 0.00032], physical=[0.06983 0.00032]
solver time:  2.571935
plant_input_stage0: full=[0.06802 0.00519], physical=[0.06802 0.00519]
solver time:  2.966264
plant_input_stage0: full=[0.06614 0.00909], physical=[0.06614 0.00909]
solver time:  3.290917
plant_input_stage0: full=[ 0.06413 -0.01123], physical=[ 0.06413 -0.01123]
solver time:  3.057237
plant_input_stage0: full=[ 0.06208 -0.01437], physical=[ 0.06208 -0.01437]
solver time:  2.942617
plant_input_stage0: full=[ 0.06002 -0.01218], physical=[ 0.06002 -0.01218]
solver time:  2.716758
plant_input_stage0: full=[ 0.0604  -0.01017], physical=[ 0.0604  -0.01017]
solver time:  2.993547
plant_input_stage0: full=[ 0.06731 -0.00848], physical=[ 0.06731 -0.00848]
solver time:  2.858577
plant_input_stage0: full=[ 0.07096 -0.00705], physical=[ 0.07096 -0.00705]
solver time:  3.088991
plant_input_stage0: full=[0.07271 0.12656], physical=[0.07271 0.12656]
solver time:  2.952597
plant_input_stage0: full=[0.09029 0.34385], physical=[0.09029 0.34385]
solver time:  3.012355
plant_input_stage0: full=[ 0.0912  -0.24316], physical=[ 0.0912  -0.24316]
solver time:  3.03426
plant_input_stage0: full=[ 0.08231 -0.46556], physical=[ 0.08231 -0.46556]
solver time:  3.656613
plant_input_stage0: full=[ 0.06221 -1.     ], physical=[ 0.06221 -1.     ]
solver time:  3.607358
plant_input_stage0: full=[ 0.04953 -1.     ], physical=[ 0.04953 -1.     ]
solver time:  4.916272
plant_input_stage0: full=[ 0.04847 -1.     ], physical=[ 0.04847 -1.     ]
solver time:  3.39212
plant_input_stage0: full=[ 0.0479 -1.    ], physical=[ 0.0479 -1.    ]
solver time:  3.576167
plant_input_stage0: full=[ 0.04983 -1.     ], physical=[ 0.04983 -1.     ]
solver time:  3.843795
plant_input_stage0: full=[ 0.0554 -1.    ], physical=[ 0.0554 -1.    ]
solver time:  3.157413
plant_input_stage0: full=[ 0.06053 -1.     ], physical=[ 0.06053 -1.     ]
solver time:  3.100573
plant_input_stage0: full=[ 0.06528 -1.     ], physical=[ 0.06528 -1.     ]
solver time:  3.258969
plant_input_stage0: full=[ 0.06968 -1.     ], physical=[ 0.06968 -1.     ]
solver time:  2.386503
plant_input_stage0: full=[ 0.07372 -1.     ], physical=[ 0.07372 -1.     ]
solver time:  2.584373
plant_input_stage0: full=[ 0.07736 -1.     ], physical=[ 0.07736 -1.     ]
solver time:  2.273857
plant_input_stage0: full=[ 0.08054 -1.     ], physical=[ 0.08054 -1.     ]
solver time:  2.347303
plant_input_stage0: full=[ 0.0832 -1.    ], physical=[ 0.0832 -1.    ]
solver time:  2.856468
plant_input_stage0: full=[ 0.11391 -1.     ], physical=[ 0.11391 -1.     ]
solver time:  2.333132
plant_input_stage0: full=[ 0.10852 -0.99999], physical=[ 0.10852 -0.99999]
solver time:  2.787516
plant_input_stage0: full=[0.09935 0.1672 ], physical=[0.09935 0.1672 ]
solver time:  2.588088
plant_input_stage0: full=[ 0.09319 -0.36567], physical=[ 0.09319 -0.36567]
solver time:  2.520387
plant_input_stage0: full=[0.08145 0.69248], physical=[0.08145 0.69248]
solver time:  2.358053
plant_input_stage0: full=[ 0.08627 -0.04227], physical=[ 0.08627 -0.04227]
solver time:  2.960167
plant_input_stage0: full=[ 0.08543 -0.27744], physical=[ 0.08543 -0.27744]
solver time:  3.049261
plant_input_stage0: full=[ 0.08561 -0.43364], physical=[ 0.08561 -0.43364]
solver time:  2.523912
plant_input_stage0: full=[ 0.0857  -0.04496], physical=[ 0.0857  -0.04496]
solver time:  2.869713
plant_input_stage0: full=[ 0.08562 -0.01614], physical=[ 0.08562 -0.01614]
solver time:  2.876971
plant_input_stage0: full=[ 0.08552 -0.02952], physical=[ 0.08552 -0.02952]
solver time:  3.265108
plant_input_stage0: full=[ 0.08538 -0.04042], physical=[ 0.08538 -0.04042]
solver time:  3.564466
plant_input_stage0: full=[ 0.08521 -0.05052], physical=[ 0.08521 -0.05052]
solver time:  3.106631
plant_input_stage0: full=[ 0.08502 -0.05835], physical=[ 0.08502 -0.05835]
solver time:  2.441435
plant_input_stage0: full=[ 0.08479 -0.06431], physical=[ 0.08479 -0.06431]
solver time:  2.529329
plant_input_stage0: full=[ 0.08455 -0.06773], physical=[ 0.08455 -0.06773]
solver time:  2.800084
plant_input_stage0: full=[ 0.08427 -0.06796], physical=[ 0.08427 -0.06796]
solver time:  3.013048
plant_input_stage0: full=[ 0.08396 -0.06353], physical=[ 0.08396 -0.06353]
solver time:  2.40481
plant_input_stage0: full=[ 0.08363 -0.05543], physical=[ 0.08363 -0.05543]
solver time:  2.789774
plant_input_stage0: full=[ 0.08327 -0.04227], physical=[ 0.08327 -0.04227]
solver time:  2.68097
plant_input_stage0: full=[ 0.08289 -0.027  ], physical=[ 0.08289 -0.027  ]
solver time:  2.995567
plant_input_stage0: full=[ 0.0825  -0.00428], physical=[ 0.0825  -0.00428]
solver time:  2.90835
plant_input_stage0: full=[0.08211 0.02032], physical=[0.08211 0.02032]
solver time:  3.486226
plant_input_stage0: full=[0.08173 0.06137], physical=[0.08173 0.06137]
solver time:  2.99993
plant_input_stage0: full=[0.08193 0.03812], physical=[0.08193 0.03812]
solver time:  2.807462
plant_input_stage0: full=[0.0823 0.0064], physical=[0.0823 0.0064]
solver time:  2.480883
plant_input_stage0: full=[ 0.08231 -0.04388], physical=[ 0.08231 -0.04388]
solver time:  2.919205
plant_input_stage0: full=[ 0.08213 -0.02391], physical=[ 0.08213 -0.02391]
solver time:  3.194093
plant_input_stage0: full=[ 0.08218 -0.0408 ], physical=[ 0.08218 -0.0408 ]
solver time:  3.387977
plant_input_stage0: full=[ 0.08183 -0.00549], physical=[ 0.08183 -0.00549]
solver time:  3.030107
plant_input_stage0: full=[0.08141 0.03977], physical=[0.08141 0.03977]
solver time:  3.485538
plant_input_stage0: full=[0.10685 0.58392], physical=[0.10685 0.58392]
solver time:  3.180973
plant_input_stage0: full=[ 0.09902 -0.41035], physical=[ 0.09902 -0.41035]
solver time:  3.390972
plant_input_stage0: full=[ 0.09569 -1.     ], physical=[ 0.09569 -1.     ]
solver time:  3.196494
plant_input_stage0: full=[ 0.08049 -1.     ], physical=[ 0.08049 -1.     ]
solver time:  3.396089
plant_input_stage0: full=[ 0.07834 -1.     ], physical=[ 0.07834 -1.     ]
solver time:  3.059736
plant_input_stage0: full=[ 0.07841 -1.     ], physical=[ 0.07841 -1.     ]
solver time:  3.351956
plant_input_stage0: full=[ 0.07773 -1.     ], physical=[ 0.07773 -1.     ]
solver time:  3.960165
plant_input_stage0: full=[ 0.07748 -0.92051], physical=[ 0.07748 -0.92051]
solver time:  3.030518
plant_input_stage0: full=[ 0.07664 -0.82025], physical=[ 0.07664 -0.82025]
solver time:  2.496806
plant_input_stage0: full=[ 0.07885 -0.89105], physical=[ 0.07885 -0.89105]
solver time:  2.110323
plant_input_stage0: full=[ 0.0808  -0.04792], physical=[ 0.0808  -0.04792]
solver time:  2.438954
plant_input_stage0: full=[0.08236 0.34645], physical=[0.08236 0.34645]
solver time:  2.452429
plant_input_stage0: full=[0.08241 0.28892], physical=[0.08241 0.28892]
solver time:  2.650822
plant_input_stage0: full=[0.08333 0.18953], physical=[0.08333 0.18953]
solver time:  2.509375
plant_input_stage0: full=[0.08381 0.12919], physical=[0.08381 0.12919]
solver time:  2.283935
plant_input_stage0: full=[0.08388 0.09055], physical=[0.08388 0.09055]
solver time:  2.34842
plant_input_stage0: full=[0.08413 0.37596], physical=[0.08413 0.37596]
solver time:  2.456799
plant_input_stage0: full=[0.08399 0.373  ], physical=[0.08399 0.373  ]
solver time:  2.630255
plant_input_stage0: full=[0.08393 0.39285], physical=[0.08393 0.39285]
solver time:  2.863599
plant_input_stage0: full=[0.08381 0.17793], physical=[0.08381 0.17793]
solver time:  2.610375
plant_input_stage0: full=[0.08096 0.78365], physical=[0.08096 0.78365]
solver time:  2.260342
plant_input_stage0: full=[0.07629 1.     ], physical=[0.07629 1.     ]
solver time:  2.283548
plant_input_stage0: full=[0.09584 1.     ], physical=[0.09584 1.     ]
solver time:  2.200444
plant_input_stage0: full=[0.09415 1.     ], physical=[0.09415 1.     ]
solver time:  2.171175
plant_input_stage0: full=[0.09145 1.     ], physical=[0.09145 1.     ]
solver time:  2.45557
plant_input_stage0: full=[0.08788 1.     ], physical=[0.08788 1.     ]
solver time:  2.033762
plant_input_stage0: full=[0.08356 0.27081], physical=[0.08356 0.27081]
solver time:  2.064526
plant_input_stage0: full=[0.07865 0.08761], physical=[0.07865 0.08761]
solver time:  2.182507
plant_input_stage0: full=[0.07735 0.05802], physical=[0.07735 0.05802]
solver time:  2.14685
plant_input_stage0: full=[0.07592 0.03603], physical=[0.07592 0.03603]
solver time:  2.274923
plant_input_stage0: full=[0.07438 0.01955], physical=[0.07438 0.01955]
solver time:  2.24481
plant_input_stage0: full=[0.07274 0.00739], physical=[0.07274 0.00739]
solver time:  2.314853
plant_input_stage0: full=[ 0.07095 -0.0012 ], physical=[ 0.07095 -0.0012 ]
solver time:  2.173449
plant_input_stage0: full=[ 0.06907 -0.00728], physical=[ 0.06907 -0.00728]
solver time:  2.294981
plant_input_stage0: full=[ 0.06709 -0.00677], physical=[ 0.06709 -0.00677]
solver time:  2.289437
plant_input_stage0: full=[0.06501 0.01918], physical=[0.06501 0.01918]
solver time:  2.207281
plant_input_stage0: full=[0.06287 0.01677], physical=[0.06287 0.01677]
solver time:  2.467796
plant_input_stage0: full=[0.06079 0.0146 ], physical=[0.06079 0.0146 ]
solver time:  2.595186
plant_input_stage0: full=[0.0592  0.01191], physical=[0.0592  0.01191]
solver time:  2.690815
plant_input_stage0: full=[0.05799 0.01011], physical=[0.05799 0.01011]
solver time:  2.671321
plant_input_stage0: full=[0.05689 0.0085 ], physical=[0.05689 0.0085 ]
solver time:  2.454216
plant_input_stage0: full=[0.05576 0.00709], physical=[0.05576 0.00709]
solver time:  2.764231
plant_input_stage0: full=[0.06055 0.00607], physical=[0.06055 0.00607]
solver time:  2.889474
plant_input_stage0: full=[0.05831 0.0053 ], physical=[0.05831 0.0053 ]
solver time:  3.272064
plant_input_stage0: full=[0.05625 0.00483], physical=[0.05625 0.00483]
solver time:  2.870866
plant_input_stage0: full=[0.05427 0.00481], physical=[0.05427 0.00481]
solver time:  3.324745
plant_input_stage0: full=[ 0.05238 -0.09309], physical=[ 0.05238 -0.09309]
solver time:  3.705624
plant_input_stage0: full=[0.05453 0.639  ], physical=[0.05453 0.639  ]
solver time:  4.206327
plant_input_stage0: full=[0.04279 1.     ], physical=[0.04279 1.     ]
solver time:  5.125654
plant_input_stage0: full=[0.04343 1.     ], physical=[0.04343 1.     ]
solver time:  4.18625
plant_input_stage0: full=[0.04365 1.     ], physical=[0.04365 1.     ]
solver time:  2.979179
plant_input_stage0: full=[0.04375 0.97692], physical=[0.04375 0.97692]
solver time:  3.139071
plant_input_stage0: full=[0.04197 0.86008], physical=[0.04197 0.86008]
solver time:  3.73237
plant_input_stage0: full=[0.03995 0.88364], physical=[0.03995 0.88364]
solver time:  3.798729
plant_input_stage0: full=[0.03803 0.78684], physical=[0.03803 0.78684]
solver time:  3.447494
plant_input_stage0: full=[0.03606 0.79563], physical=[0.03606 0.79563]
solver time:  4.309032
plant_input_stage0: full=[0.03406 0.70444], physical=[0.03406 0.70444]
solver time:  3.354923
plant_input_stage0: full=[0.03209 0.70849], physical=[0.03209 0.70849]
solver time:  3.332017
plant_input_stage0: full=[0.03023 0.62567], physical=[0.03023 0.62567]
solver time:  2.783267
plant_input_stage0: full=[0.02843 0.62726], physical=[0.02843 0.62726]
solver time:  2.856015
plant_input_stage0: full=[0.02673 0.55189], physical=[0.02673 0.55189]
solver time:  5.15527
plant_input_stage0: full=[0.0251  0.37381], physical=[0.0251  0.37381]
solver time:  3.168218
plant_input_stage0: full=[0.02358 0.00255], physical=[0.02358 0.00255]
solver time:  3.365349
plant_input_stage0: full=[0.02215 0.00268], physical=[0.02215 0.00268]
solver time:  3.941617
plant_input_stage0: full=[0.0208 0.0024], physical=[0.0208 0.0024]
solver time:  4.00871
plant_input_stage0: full=[0.01954 0.00217], physical=[0.01954 0.00217]
solver time:  3.120092
plant_input_stage0: full=[0.01835 0.00198], physical=[0.01835 0.00198]
solver time:  3.376769
plant_input_stage0: full=[0.01723 0.00182], physical=[0.01723 0.00182]
solver time:  2.595431
plant_input_stage0: full=[0.01618 0.0017 ], physical=[0.01618 0.0017 ]
solver time:  2.923577
plant_input_stage0: full=[0.0152 0.0016], physical=[0.0152 0.0016]
solver time:  2.510036
plant_input_stage0: full=[0.01427 0.00153], physical=[0.01427 0.00153]
solver time:  2.909435
plant_input_stage0: full=[0.0134  0.00147], physical=[0.0134  0.00147]
solver time:  3.004441
plant_input_stage0: full=[0.01259 0.00144], physical=[0.01259 0.00144]
solver time:  2.655057
plant_input_stage0: full=[0.01182 0.00141], physical=[0.01182 0.00141]
solver time:  2.950911
plant_input_stage0: full=[0.0111  0.00141], physical=[0.0111  0.00141]
solver time:  3.302915
plant_input_stage0: full=[0.01043 0.00141], physical=[0.01043 0.00141]
solver time:  2.698358
plant_input_stage0: full=[0.00979 0.00142], physical=[0.00979 0.00142]
solver time:  2.309161
plant_input_stage0: full=[0.0092  0.00145], physical=[0.0092  0.00145]
solver time:  2.241946
plant_input_stage0: full=[0.00864 0.00148], physical=[0.00864 0.00148]
solver time:  2.376337
plant_input_stage0: full=[0.00811 0.00152], physical=[0.00811 0.00152]
solver time:  2.231941
plant_input_stage0: full=[0.00762 0.00157], physical=[0.00762 0.00157]
solver time:  2.573424
plant_input_stage0: full=[0.00715 0.00163], physical=[0.00715 0.00163]
solver time:  2.195753
plant_input_stage0: full=[0.00672 0.00169], physical=[0.00672 0.00169]
solver time:  2.267296
plant_input_stage0: full=[0.00631 0.00176], physical=[0.00631 0.00176]
목적지에 도착했습니다! 현재 위치: [1.80973 0.0974 ], 시간: 38.20초
Using obca optimizer with differential_drive dynamics:
median:  3.2480599999999997
std:  1.897598360252241
min:  1.419746
max:  11.982723
Simulation finished.
Run outcome: status=success, reason=None, final_time=38.20000000000027, distance_to_goal=0.00973424495855446
Trial history saved to /home/taek111/projects/psdf_mpcc/benchmark_runs/maze_rectangle_dd_gaussian_20260916/safe/obca/seed43/data/trial_history_MPC_OBCA_rectangle_maze_gaussian_20260916_startseed43.csv
Single test completed.
RESULT obca 43 success None
