Resetting psdf optimizer for clean state...
generating global path with A* + Line of Sight
시작 위치: [0.075 0.795]
목적지: [1.8  0.09]
도착 판정 기준: position <= 0.01m, angle <= 0.01rad
Warning: PSDF wrapper not initialized, skipping obstacle update
Setting up PSDF optimizer...
vertices.shape: (4, 2)
AugmentedPSDFWrapper initialized with vertices shape: (4, 2)
Added HARD obstacle avoidance constraint with d_safe = 0.0001
acados PSDF cache miss or source/config changed: rebuilding.
field AcadosOcpDims.N has been migrated to AcadosOcpOptions.N_horizon. setting AcadosOcpOptions.N_horizon = N. For future comppatibility, please use AcadosOcpOptions.N_horizon directly.
acados was compiled without OpenMP.
x_ws, u_ws : [ 0.075   0.795  -1.5708] [0. 0.]
solver time:  0.041748046875
plant_input_stage0: full=[0.13667 0.00372], physical=[0.13667 0.00372]
solver time:  0.040405988693237305
plant_input_stage0: full=[ 0.23864 -0.59935], physical=[ 0.23864 -0.59935]
solver time:  0.037023067474365234
plant_input_stage0: full=[0.23591 0.70437], physical=[0.23591 0.70437]
solver time:  0.03582930564880371
plant_input_stage0: full=[0.23037 0.33566], physical=[0.23037 0.33566]
solver time:  0.034243106842041016
plant_input_stage0: full=[ 0.24573 -0.05984], physical=[ 0.24573 -0.05984]
solver time:  0.03648543357849121
plant_input_stage0: full=[0.2508  0.34298], physical=[0.2508  0.34298]
solver time:  0.03656482696533203
plant_input_stage0: full=[0.24753 1.2    ], physical=[0.24753 1.2    ]
solver time:  0.03845667839050293
plant_input_stage0: full=[0.18174 1.2    ], physical=[0.18174 1.2    ]
solver time:  0.036559104919433594
plant_input_stage0: full=[0.11018 1.2    ], physical=[0.11018 1.2    ]
solver time:  0.03262448310852051
plant_input_stage0: full=[0.13487 1.2    ], physical=[0.13487 1.2    ]
solver time:  0.03676557540893555
plant_input_stage0: full=[0.1425 1.2   ], physical=[0.1425 1.2   ]
solver time:  0.035538673400878906
plant_input_stage0: full=[0.14179 1.2    ], physical=[0.14179 1.2    ]
solver time:  0.03375124931335449
plant_input_stage0: full=[0.14708 1.2    ], physical=[0.14708 1.2    ]
solver time:  0.035280466079711914
plant_input_stage0: full=[0.1553 1.2   ], physical=[0.1553 1.2   ]
solver time:  0.035707950592041016
plant_input_stage0: full=[0.16788 1.2    ], physical=[0.16788 1.2    ]
solver time:  0.039183855056762695
plant_input_stage0: full=[0.17719 1.2    ], physical=[0.17719 1.2    ]
solver time:  0.034989118576049805
plant_input_stage0: full=[0.28797 1.2    ], physical=[0.28797 1.2    ]
solver time:  0.03498125076293945
plant_input_stage0: full=[0.23951 1.2    ], physical=[0.23951 1.2    ]
solver time:  0.03414034843444824
plant_input_stage0: full=[0.20647 0.9552 ], physical=[0.20647 0.9552 ]
solver time:  0.03999590873718262
plant_input_stage0: full=[0.22044 0.6438 ], physical=[0.22044 0.6438 ]
solver time:  0.04011702537536621
plant_input_stage0: full=[0.22794 0.74601], physical=[0.22794 0.74601]
solver time:  0.034621477127075195
plant_input_stage0: full=[0.33772 1.03911], physical=[0.33772 1.03911]
solver time:  0.03899383544921875
plant_input_stage0: full=[0.25763 0.58826], physical=[0.25763 0.58826]
solver time:  0.030071258544921875
plant_input_stage0: full=[0.22993 0.33501], physical=[0.22993 0.33501]
solver time:  0.03834342956542969
plant_input_stage0: full=[0.23165 0.24531], physical=[0.23165 0.24531]
solver time:  0.03338432312011719
plant_input_stage0: full=[0.23082 0.24529], physical=[0.23082 0.24529]
solver time:  0.03274989128112793
plant_input_stage0: full=[0.22726 0.2853 ], physical=[0.22726 0.2853 ]
solver time:  0.03374433517456055
plant_input_stage0: full=[0.22367 0.28426], physical=[0.22367 0.28426]
solver time:  0.02903604507446289
plant_input_stage0: full=[0.22554 0.26844], physical=[0.22554 0.26844]
solver time:  0.03151845932006836
plant_input_stage0: full=[0.22672 0.13431], physical=[0.22672 0.13431]
solver time:  0.03419160842895508
plant_input_stage0: full=[ 0.22712 -0.18793], physical=[ 0.22712 -0.18793]
solver time:  0.03740048408508301
plant_input_stage0: full=[ 0.23432 -0.06412], physical=[ 0.23432 -0.06412]
solver time:  0.03200411796569824
plant_input_stage0: full=[ 0.22586 -1.07846], physical=[ 0.22586 -1.07846]
solver time:  0.03473615646362305
plant_input_stage0: full=[ 0.21341 -0.87393], physical=[ 0.21341 -0.87393]
solver time:  0.030356884002685547
plant_input_stage0: full=[ 0.22152 -0.61213], physical=[ 0.22152 -0.61213]
solver time:  0.03406119346618652
plant_input_stage0: full=[ 0.22762 -0.58896], physical=[ 0.22762 -0.58896]
solver time:  0.03127884864807129
plant_input_stage0: full=[ 0.22806 -1.02817], physical=[ 0.22806 -1.02817]
solver time:  0.0345916748046875
plant_input_stage0: full=[ 0.31496 -0.3689 ], physical=[ 0.31496 -0.3689 ]
solver time:  0.039415597915649414
plant_input_stage0: full=[ 0.22021 -0.72419], physical=[ 0.22021 -0.72419]
solver time:  0.03622579574584961
plant_input_stage0: full=[ 0.21421 -0.63416], physical=[ 0.21421 -0.63416]
solver time:  0.03371453285217285
plant_input_stage0: full=[ 0.2291  -0.98311], physical=[ 0.2291  -0.98311]
solver time:  0.0346527099609375
plant_input_stage0: full=[ 0.1749 -1.2   ], physical=[ 0.1749 -1.2   ]
solver time:  0.03693962097167969
plant_input_stage0: full=[ 0.21318 -1.2    ], physical=[ 0.21318 -1.2    ]
solver time:  0.03687739372253418
plant_input_stage0: full=[ 0.19012 -1.2    ], physical=[ 0.19012 -1.2    ]
solver time:  0.04019737243652344
plant_input_stage0: full=[ 0.20492 -0.92171], physical=[ 0.20492 -0.92171]
solver time:  0.03636741638183594
plant_input_stage0: full=[ 0.14449 -0.79565], physical=[ 0.14449 -0.79565]
solver time:  0.03675055503845215
plant_input_stage0: full=[ 0.11386 -0.47894], physical=[ 0.11386 -0.47894]
solver time:  0.03491377830505371
plant_input_stage0: full=[ 0.22781 -0.08683], physical=[ 0.22781 -0.08683]
solver time:  0.035489559173583984
plant_input_stage0: full=[ 0.23158 -0.09282], physical=[ 0.23158 -0.09282]
solver time:  0.03374910354614258
plant_input_stage0: full=[0.21833 0.36123], physical=[0.21833 0.36123]
solver time:  0.03706669807434082
plant_input_stage0: full=[0.16832 1.2    ], physical=[0.16832 1.2    ]
solver time:  0.03705739974975586
plant_input_stage0: full=[0.22648 1.2    ], physical=[0.22648 1.2    ]
solver time:  0.03694748878479004
plant_input_stage0: full=[0.19621 1.2    ], physical=[0.19621 1.2    ]
solver time:  0.035939931869506836
plant_input_stage0: full=[0.16584 1.2    ], physical=[0.16584 1.2    ]
solver time:  0.03704476356506348
plant_input_stage0: full=[0.15046 1.2    ], physical=[0.15046 1.2    ]
solver time:  0.035442352294921875
plant_input_stage0: full=[0.17189 1.2    ], physical=[0.17189 1.2    ]
solver time:  0.0260467529296875
plant_input_stage0: full=[0.18253 1.07417], physical=[0.18253 1.07417]
solver time:  0.03573465347290039
plant_input_stage0: full=[0.19806 0.80747], physical=[0.19806 0.80747]
solver time:  0.03755331039428711
plant_input_stage0: full=[0.20452 0.96304], physical=[0.20452 0.96304]
solver time:  0.034238576889038086
plant_input_stage0: full=[0.19518 1.2    ], physical=[0.19518 1.2    ]
solver time:  0.034943580627441406
plant_input_stage0: full=[0.20572 1.2    ], physical=[0.20572 1.2    ]
solver time:  0.034699440002441406
plant_input_stage0: full=[0.22852 1.2    ], physical=[0.22852 1.2    ]
solver time:  0.030251502990722656
plant_input_stage0: full=[0.19795 0.83889], physical=[0.19795 0.83889]
solver time:  0.03423810005187988
plant_input_stage0: full=[0.21807 0.47558], physical=[0.21807 0.47558]
solver time:  0.03712606430053711
plant_input_stage0: full=[0.12132 0.6172 ], physical=[0.12132 0.6172 ]
solver time:  0.027756929397583008
plant_input_stage0: full=[0.22832 0.00749], physical=[0.22832 0.00749]
solver time:  0.03364086151123047
plant_input_stage0: full=[ 0.23193 -0.03714], physical=[ 0.23193 -0.03714]
solver time:  0.03678107261657715
plant_input_stage0: full=[ 0.21875 -0.26686], physical=[ 0.21875 -0.26686]
solver time:  0.035866498947143555
plant_input_stage0: full=[ 0.17438 -1.2    ], physical=[ 0.17438 -1.2    ]
solver time:  0.02926492691040039
plant_input_stage0: full=[ 0.23439 -1.2    ], physical=[ 0.23439 -1.2    ]
solver time:  0.03826570510864258
plant_input_stage0: full=[ 0.2179 -1.2   ], physical=[ 0.2179 -1.2   ]
solver time:  0.036312103271484375
plant_input_stage0: full=[ 0.18234 -1.2    ], physical=[ 0.18234 -1.2    ]
solver time:  0.039673805236816406
plant_input_stage0: full=[ 0.18585 -1.2    ], physical=[ 0.18585 -1.2    ]
solver time:  0.03707265853881836
plant_input_stage0: full=[ 0.206   -0.85862], physical=[ 0.206   -0.85862]
solver time:  0.03761100769042969
plant_input_stage0: full=[ 0.22395 -0.47275], physical=[ 0.22395 -0.47275]
solver time:  0.03951072692871094
plant_input_stage0: full=[ 0.23351 -0.32188], physical=[ 0.23351 -0.32188]
solver time:  0.038776397705078125
plant_input_stage0: full=[0.23761 0.00856], physical=[0.23761 0.00856]
solver time:  0.03531289100646973
plant_input_stage0: full=[0.23971 0.13914], physical=[0.23971 0.13914]
solver time:  0.03777503967285156
plant_input_stage0: full=[0.2398  0.10554], physical=[0.2398  0.10554]
solver time:  0.03443503379821777
plant_input_stage0: full=[0.23689 0.18132], physical=[0.23689 0.18132]
solver time:  0.040086984634399414
plant_input_stage0: full=[0.23942 0.01523], physical=[0.23942 0.01523]
solver time:  0.03693413734436035
plant_input_stage0: full=[0.23446 0.29666], physical=[0.23446 0.29666]
solver time:  0.03320002555847168
plant_input_stage0: full=[0.23197 0.90151], physical=[0.23197 0.90151]
solver time:  0.03529834747314453
plant_input_stage0: full=[0.14619 1.2    ], physical=[0.14619 1.2    ]
solver time:  0.03399658203125
plant_input_stage0: full=[0.20359 1.2    ], physical=[0.20359 1.2    ]
solver time:  0.03666973114013672
plant_input_stage0: full=[0.17365 1.2    ], physical=[0.17365 1.2    ]
solver time:  0.03543376922607422
plant_input_stage0: full=[0.19869 1.04563], physical=[0.19869 1.04563]
solver time:  0.03666424751281738
plant_input_stage0: full=[0.13368 0.86991], physical=[0.13368 0.86991]
solver time:  0.03679084777832031
plant_input_stage0: full=[0.10496 0.50818], physical=[0.10496 0.50818]
solver time:  0.032982587814331055
plant_input_stage0: full=[0.22698 0.12097], physical=[0.22698 0.12097]
solver time:  0.03816413879394531
plant_input_stage0: full=[0.23078 0.12848], physical=[0.23078 0.12848]
solver time:  0.03549647331237793
plant_input_stage0: full=[ 0.23946 -0.37347], physical=[ 0.23946 -0.37347]
solver time:  0.0324859619140625
plant_input_stage0: full=[ 0.18904 -1.2    ], physical=[ 0.18904 -1.2    ]
solver time:  0.033478736877441406
plant_input_stage0: full=[ 0.28487 -1.2    ], physical=[ 0.28487 -1.2    ]
solver time:  0.038178205490112305
plant_input_stage0: full=[ 0.20403 -1.2    ], physical=[ 0.20403 -1.2    ]
solver time:  0.03445625305175781
plant_input_stage0: full=[ 0.16493 -1.2    ], physical=[ 0.16493 -1.2    ]
solver time:  0.036960601806640625
plant_input_stage0: full=[ 0.17421 -1.2    ], physical=[ 0.17421 -1.2    ]
solver time:  0.0341649055480957
plant_input_stage0: full=[ 0.20697 -1.2    ], physical=[ 0.20697 -1.2    ]
solver time:  0.02784442901611328
plant_input_stage0: full=[ 0.19151 -1.2    ], physical=[ 0.19151 -1.2    ]
solver time:  0.030942916870117188
plant_input_stage0: full=[ 0.16908 -1.2    ], physical=[ 0.16908 -1.2    ]
solver time:  0.0355525016784668
plant_input_stage0: full=[ 0.15138 -1.2    ], physical=[ 0.15138 -1.2    ]
solver time:  0.035129547119140625
plant_input_stage0: full=[ 0.17355 -1.2    ], physical=[ 0.17355 -1.2    ]
solver time:  0.034407854080200195
plant_input_stage0: full=[ 0.14545 -1.2    ], physical=[ 0.14545 -1.2    ]
solver time:  0.03781557083129883
plant_input_stage0: full=[ 0.15345 -1.2    ], physical=[ 0.15345 -1.2    ]
solver time:  0.03822684288024902
plant_input_stage0: full=[ 0.15057 -1.2    ], physical=[ 0.15057 -1.2    ]
solver time:  0.035890817642211914
plant_input_stage0: full=[ 0.14235 -1.2    ], physical=[ 0.14235 -1.2    ]
solver time:  0.033942222595214844
plant_input_stage0: full=[ 0.15336 -1.2    ], physical=[ 0.15336 -1.2    ]
solver time:  0.0330049991607666
plant_input_stage0: full=[ 0.17163 -1.2    ], physical=[ 0.17163 -1.2    ]
solver time:  0.03732585906982422
plant_input_stage0: full=[ 0.18385 -1.2    ], physical=[ 0.18385 -1.2    ]
solver time:  0.03470778465270996
plant_input_stage0: full=[ 0.19743 -1.2    ], physical=[ 0.19743 -1.2    ]
solver time:  0.02937150001525879
plant_input_stage0: full=[ 0.29347 -1.2    ], physical=[ 0.29347 -1.2    ]
solver time:  0.03602457046508789
plant_input_stage0: full=[ 0.23732 -0.82744], physical=[ 0.23732 -0.82744]
solver time:  0.03260970115661621
plant_input_stage0: full=[ 0.22731 -0.39987], physical=[ 0.22731 -0.39987]
solver time:  0.029505014419555664
plant_input_stage0: full=[ 0.2349 -0.0884], physical=[ 0.2349 -0.0884]
solver time:  0.03653430938720703
plant_input_stage0: full=[ 0.23753 -0.05155], physical=[ 0.23753 -0.05155]
solver time:  0.038706302642822266
plant_input_stage0: full=[0.23703 0.06217], physical=[0.23703 0.06217]
solver time:  0.0351564884185791
plant_input_stage0: full=[0.23595 0.00095], physical=[0.23595 0.00095]
solver time:  0.0366818904876709
plant_input_stage0: full=[0.23349 0.12461], physical=[0.23349 0.12461]
solver time:  0.03811383247375488
plant_input_stage0: full=[ 0.22942 -0.00078], physical=[ 0.22942 -0.00078]
solver time:  0.03618311882019043
plant_input_stage0: full=[ 0.23547 -0.32609], physical=[ 0.23547 -0.32609]
solver time:  0.035681962966918945
plant_input_stage0: full=[ 0.22737 -0.8992 ], physical=[ 0.22737 -0.8992 ]
solver time:  0.03541684150695801
plant_input_stage0: full=[ 0.17763 -1.2    ], physical=[ 0.17763 -1.2    ]
solver time:  0.036943912506103516
plant_input_stage0: full=[ 0.205 -1.2  ], physical=[ 0.205 -1.2  ]
solver time:  0.03630781173706055
plant_input_stage0: full=[ 0.16264 -1.2    ], physical=[ 0.16264 -1.2    ]
solver time:  0.0368959903717041
plant_input_stage0: full=[ 0.19572 -1.03232], physical=[ 0.19572 -1.03232]
solver time:  0.03818345069885254
plant_input_stage0: full=[ 0.11783 -0.92009], physical=[ 0.11783 -0.92009]
solver time:  0.03628802299499512
plant_input_stage0: full=[ 0.08655 -0.43883], physical=[ 0.08655 -0.43883]
solver time:  0.03555440902709961
plant_input_stage0: full=[ 0.2306  -0.05572], physical=[ 0.2306  -0.05572]
solver time:  0.03766655921936035
plant_input_stage0: full=[ 0.23321 -0.09894], physical=[ 0.23321 -0.09894]
solver time:  0.036020517349243164
plant_input_stage0: full=[0.23171 0.39299], physical=[0.23171 0.39299]
solver time:  0.038451433181762695
plant_input_stage0: full=[0.1784 1.2   ], physical=[0.1784 1.2   ]
solver time:  0.03681182861328125
plant_input_stage0: full=[0.27757 1.2    ], physical=[0.27757 1.2    ]
solver time:  0.03881359100341797
plant_input_stage0: full=[0.19813 1.2    ], physical=[0.19813 1.2    ]
solver time:  0.040729522705078125
plant_input_stage0: full=[0.16249 1.2    ], physical=[0.16249 1.2    ]
solver time:  0.03795266151428223
plant_input_stage0: full=[0.16865 1.2    ], physical=[0.16865 1.2    ]
solver time:  0.039481163024902344
plant_input_stage0: full=[0.17854 1.2    ], physical=[0.17854 1.2    ]
solver time:  0.09195756912231445
plant_input_stage0: full=[0.20755 1.18155], physical=[0.20755 1.18155]
solver time:  0.049530029296875
plant_input_stage0: full=[0.20318 1.2    ], physical=[0.20318 1.2    ]
solver time:  0.03786730766296387
plant_input_stage0: full=[0.19116 1.2    ], physical=[0.19116 1.2    ]
solver time:  0.03417611122131348
plant_input_stage0: full=[0.21081 1.2    ], physical=[0.21081 1.2    ]
solver time:  0.03575468063354492
plant_input_stage0: full=[0.18405 1.2    ], physical=[0.18405 1.2    ]
solver time:  0.03238320350646973
plant_input_stage0: full=[0.15744 1.2    ], physical=[0.15744 1.2    ]
solver time:  0.03619861602783203
plant_input_stage0: full=[0.13598 1.2    ], physical=[0.13598 1.2    ]
solver time:  0.0357968807220459
plant_input_stage0: full=[0.1279 1.2   ], physical=[0.1279 1.2   ]
solver time:  0.03727364540100098
plant_input_stage0: full=[0.11243 1.2    ], physical=[0.11243 1.2    ]
solver time:  0.039614200592041016
plant_input_stage0: full=[0.0916 1.2   ], physical=[0.0916 1.2   ]
solver time:  0.037573814392089844
plant_input_stage0: full=[0.07486 1.2    ], physical=[0.07486 1.2    ]
solver time:  0.040441274642944336
plant_input_stage0: full=[0.06274 1.2    ], physical=[0.06274 1.2    ]
solver time:  0.037247419357299805
plant_input_stage0: full=[0.05548 0.77789], physical=[0.05548 0.77789]
solver time:  0.037095069885253906
plant_input_stage0: full=[0.04971 0.48106], physical=[0.04971 0.48106]
solver time:  0.038544416427612305
plant_input_stage0: full=[0.04231 0.28997], physical=[0.04231 0.28997]
solver time:  0.03567314147949219
plant_input_stage0: full=[0.03469 0.16694], physical=[0.03469 0.16694]
solver time:  0.03680682182312012
plant_input_stage0: full=[0.02769 0.08941], physical=[0.02769 0.08941]
solver time:  0.042649030685424805
plant_input_stage0: full=[0.02162 0.04202], physical=[0.02162 0.04202]
목적지에 도착했습니다! 현재 위치: [1.81258 0.08739], 시간: 15.40초
Using psdf optimizer with differential_drive dynamics:
median:  0.03610384464263916
std:  0.0054269306545765335
min:  0.0260467529296875
max:  0.09195756912231445
Simulation finished.
Run outcome: status=success, reason=None, final_time=15.399999999999961, distance_to_goal=0.008863871568072832
Trial history saved to /home/taek111/projects/psdf_mpcc/benchmark_runs/maze_rectangle_nominal/compare_psdf/data/trial_history_MPC_psdf_rectangle_maze_compare_psdf.csv
Pose-SDF data saved to /home/taek111/projects/psdf_mpcc/benchmark_runs/maze_rectangle_nominal/compare_psdf/data/pose_sdf_MPC_psdf_rectangle_maze_compare_psdf.csv
Total data points: 154
SDF statistics - Min: -0.0002, Max: 0.0536, Mean: 0.0129
