RMPCC configured from config: horizon=20, tf=2.0, use_obstacle_constraint=True, use_row_mf=True, d_col=0.001, d_min=0.001, d_mf_mask=0.001, mf_slack_linear=100.0, mf_slack_quadratic=1.0, chance_epsilon=0.2, mf_active_start_step=1, mf_active_end_step=None, mf_active_terminal=True, sigma_f0=0.0002, sigma_l0=0.00025, sigma_psi0=0.00025, q_f0=0.0, q_l0=0.0, q_psi0=0.0, alpha_f=0.0002, alpha_v=4e-05, alpha_kappa=0.001, beta_v=0.002, beta_kappa=0.0008, beta_omega=0.0008, enable_backup_solver=False, debug_mf=True, debug_infeasibility=True, augmented_psdf_device=cpu
Resetting rmpcc optimizer for clean state...
Trial failure criteria enabled: movement_window_sec=5.0, movement_threshold=0.005, max_consecutive_solver_failures=10
generating global path with A* + Line of Sight
시작 위치: [0.3 0.2]
목적지: [0.8 0.8]
도착 판정 기준: position <= 0.01m, angle <= 0.01rad
Setting up RMPCC-MF optimizer...
RMPCC-MF Row M configuration: enabled=True, active only when phi > d_mf_mask=0.001, configured stages=[1, 2, 3, 4, 5, 6, 7, 8, 9, 10, 11, 12, 13, 14, 15, 16, 17, 18, 19, 20]
/home/taek111/projects/psdf_mpcc/models/geometry_utils.py:241: UserWarning: Creating a tensor from a list of numpy.ndarrays is extremely slow. Please consider converting the list to a single numpy.ndarray with numpy.array() before converting to a tensor. (Triggered internally at ../torch/csrc/utils/tensor_new.cpp:230.)
  edgesA = torch.tensor(edgesA, dtype=torch.float32)
Added two affine safety rows at intermediate/terminal stages: 0=HARD guard/recovery, 1=SOFT MF
field AcadosOcpDims.N has been migrated to AcadosOcpOptions.N_horizon. setting AcadosOcpOptions.N_horizon = N. For future comppatibility, please use AcadosOcpOptions.N_horizon directly.

WARNING: Gauss-Newton Hessian approximation with EXTERNAL cost type not well defined!
got cost_type EXTERNAL for cost_type_0, cost_type, cost_type_e, hessian_approx: 'GAUSS_NEWTON'.
With this setting, acados will proceed computing the exact Hessian for the cost term and no Hessian contribution from constraints and dynamics.
If the external cost is a linear least squares cost, this coincides with the Gauss-Newton Hessian.
Note: There is also the option to use the external cost module with a numerical Hessian approximation (see `ext_cost_num_hess`).
OR the option to provide a symbolic custom Hessian approximation (see `cost_expr_ext_cost_custom_hess`).

acados was compiled without OpenMP.
RMPCC-MF backup SQP_WITH_FEASIBLE_QP solver disabled; using nominal safe-stop recovery.
[RMPCC 0000] OK solve=67.5ms pose=(0.300,0.200,0.000) u=(0.091,-0.000) s=0.016 PSDFmin=-0.0149 G=OK(+0.104) MF=OK(active=20/20,min=+0.2,slack=+3.032e-13)
[RMPCC 0001] OK solve=58.4ms pose=(0.309,0.200,-0.000) u=(0.069,1.108) s=0.026 PSDFmin=+0.01377 G=OK(+3.664e-14) MF=OK(active=18/20,min=+0.2,slack=+4.969e-17)
[RMPCC 0002] OK solve=59.5ms pose=(0.316,0.200,0.111) u=(0.068,0.895) s=0.031 PSDFmin=+0.008865 G=OK(+0.004876) MF=OK(active=20/20,min=+0.1497,slack=+1.16e-16)
[RMPCC 0003] OK solve=54.6ms pose=(0.323,0.201,0.200) u=(0.080,0.865) s=0.040 PSDFmin=+0.00252 G=OK(+0.007225) MF=OK(active=20/20,min=+3.775e-13,slack=+5.595e-17)
[RMPCC 0004] OK solve=53.4ms pose=(0.331,0.202,0.287) u=(0.099,0.575) s=0.046 PSDFmin=+0.01186 G=OK(+0.008367) MF=OK(active=20/20,min=+1.549e-11,slack=+2.747e-13)
[RMPCC 0005] OK solve=60.1ms pose=(0.340,0.205,0.344) u=(0.111,0.662) s=0.056 PSDFmin=+0.01094 G=OK(+0.008194) MF=OK(active=20/20,min=-1.223e-12,slack=+2.013e-13)
[RMPCC 0006] OK solve=57.6ms pose=(0.351,0.209,0.410) u=(0.119,0.568) s=0.067 PSDFmin=+0.01057 G=OK(+0.008448) MF=OK(active=20/20,min=+8.207e-13,slack=+1.833e-15)
[RMPCC 0007] OK solve=57.0ms pose=(0.362,0.214,0.467) u=(0.126,0.551) s=0.078 PSDFmin=+0.01091 G=OK(+0.008511) MF=OK(active=20/20,min=+3.559e-14,slack=+6.385e-17)
[RMPCC 0008] OK solve=57.2ms pose=(0.373,0.219,0.522) u=(0.132,0.559) s=0.091 PSDFmin=+0.01048 G=OK(+0.008298) MF=OK(active=20/20,min=+1.001e-13,slack=+5.891e-16)
[RMPCC 0009] OK solve=57.3ms pose=(0.384,0.226,0.578) u=(0.137,0.542) s=0.104 PSDFmin=+0.01022 G=OK(+0.00821) MF=OK(active=20/20,min=+8.644e-11,slack=+1.218e-13)
[RMPCC 0010] OK solve=51.2ms pose=(0.396,0.233,0.632) u=(0.139,0.545) s=0.117 PSDFmin=+0.00985 G=OK(+0.007956) MF=OK(active=20/20,min=+2.708e-12,slack=+2.083e-14)
[RMPCC 0011] OK solve=63.4ms pose=(0.407,0.242,0.687) u=(0.136,0.534) s=0.126 PSDFmin=+0.009553 G=OK(+0.007687) MF=OK(active=20/20,min=+4.015e-13,slack=+1.82e-15)
[RMPCC 0012] OK solve=57.1ms pose=(0.417,0.250,0.740) u=(0.142,0.564) s=0.143 PSDFmin=+0.009226 G=OK(+0.007343) MF=OK(active=20/20,min=+2.217e-12,slack=+1.176e-13)
[RMPCC 0013] OK solve=53.9ms pose=(0.428,0.260,0.797) u=(0.141,0.606) s=0.156 PSDFmin=+0.008845 G=OK(+0.006977) MF=OK(active=20/20,min=+2.74e-13,slack=+3.966e-16)
[RMPCC 0014] OK solve=53.9ms pose=(0.438,0.270,0.857) u=(0.136,0.667) s=0.164 PSDFmin=+0.008403 G=OK(+0.006569) MF=OK(active=20/20,min=+8.961e-10,slack=+4.596e-11)
[RMPCC 0015] OK solve=66.5ms pose=(0.447,0.280,0.924) u=(0.137,0.712) s=0.177 PSDFmin=+0.008203 G=OK(+0.006322) MF=OK(active=20/20,min=+3.191e-08,slack=+1.198e-10)
[RMPCC 0016] OK solve=53.6ms pose=(0.455,0.291,0.995) u=(0.138,0.734) s=0.191 PSDFmin=+0.008356 G=OK(+0.006527) MF=OK(active=20/20,min=+2.669e-14,slack=+4.428e-17)
[RMPCC 0017] OK solve=63.1ms pose=(0.462,0.303,1.068) u=(0.138,0.746) s=0.204 PSDFmin=+0.008583 G=OK(+0.006693) MF=OK(active=20/20,min=+1.066e-14,slack=+1.981e-17)
[RMPCC 0018] OK solve=69.7ms pose=(0.469,0.315,1.143) u=(0.141,0.671) s=0.217 PSDFmin=+0.005466 G=OK(+0.007299) MF=OK(active=20/20,min=+2.837e-10,slack=+5.978e-12)
[RMPCC 0019] OK solve=66.2ms pose=(0.475,0.328,1.210) u=(0.143,0.765) s=0.231 PSDFmin=+0.009725 G=OK(+0.00779) MF=OK(active=20/20,min=+8.445e-12,slack=+8.377e-14)
[RMPCC 0020] OK solve=66.6ms pose=(0.480,0.341,1.287) u=(0.146,0.567) s=0.245 PSDFmin=+0.01098 G=OK(+0.00924) MF=OK(active=20/20,min=+0.007796,slack=+3.878e-17)
[RMPCC 0021] OK solve=57.2ms pose=(0.484,0.355,1.343) u=(0.148,0.513) s=0.259 PSDFmin=+0.01264 G=OK(+0.01095) MF=OK(active=20/20,min=+0.1148,slack=+1.436e-16)
[RMPCC 0022] OK solve=49.8ms pose=(0.487,0.370,1.395) u=(0.162,0.381) s=0.283 PSDFmin=+0.01442 G=OK(+0.01285) MF=OK(active=20/20,min=+0.1526,slack=+2.363e-14)
[RMPCC 0023] OK solve=61.5ms pose=(0.490,0.385,1.433) u=(0.164,0.308) s=0.300 PSDFmin=+0.01632 G=OK(+0.01484) MF=OK(active=20/20,min=+0.1406,slack=+9.157e-11)
[RMPCC 0024] OK solve=56.4ms pose=(0.492,0.402,1.464) u=(0.167,0.208) s=0.317 PSDFmin=+0.01405 G=OK(+0.01248) MF=OK(active=20/20,min=+0.02069,slack=+2.074e-17)
[RMPCC 0025] OK solve=60.9ms pose=(0.494,0.418,1.484) u=(0.169,0.204) s=0.334 PSDFmin=+0.0135 G=OK(+0.01153) MF=OK(active=20/20,min=+4.263e-14,slack=+1.128e-17)
[RMPCC 0026] OK solve=52.8ms pose=(0.496,0.435,1.505) u=(0.156,0.151) s=0.339 PSDFmin=+0.01111 G=OK(+0.009431) MF=OK(active=20/20,min=+1.777e-14,slack=+4.713e-17)
[RMPCC 0027] OK solve=56.6ms pose=(0.497,0.451,1.520) u=(0.159,0.134) s=0.355 PSDFmin=+0.01003 G=OK(+0.00814) MF=OK(active=20/20,min=+1.817e-07,slack=+3.608e-11)
[RMPCC 0028] OK solve=59.4ms pose=(0.498,0.467,1.533) u=(0.166,0.113) s=0.373 PSDFmin=+0.009651 G=OK(+0.007838) MF=OK(active=20/20,min=+1.423e-09,slack=+1.971e-11)
[RMPCC 0029] OK solve=61.2ms pose=(0.498,0.483,1.544) u=(0.166,0.089) s=0.387 PSDFmin=+0.009604 G=OK(+0.007812) MF=OK(active=20/20,min=+4.184e-09,slack=+8.631e-13)
[RMPCC 0030] OK solve=54.1ms pose=(0.499,0.500,1.553) u=(0.167,0.078) s=0.404 PSDFmin=+0.009673 G=OK(+0.007885) MF=OK(active=20/20,min=+4.264e-14,slack=+5.793e-17)
[RMPCC 0031] OK solve=55.7ms pose=(0.499,0.516,1.561) u=(0.165,0.045) s=0.418 PSDFmin=+0.009497 G=OK(+0.007654) MF=OK(active=20/20,min=+1.173e-11,slack=+2.271e-13)
[RMPCC 0032] OK solve=52.4ms pose=(0.499,0.533,1.566) u=(0.157,0.014) s=0.429 PSDFmin=+0.009437 G=OK(+0.007604) MF=OK(active=20/20,min=+2.702e-09,slack=+9.031e-12)
[RMPCC 0033] OK solve=64.5ms pose=(0.499,0.549,1.567) u=(0.155,-0.033) s=0.442 PSDFmin=+0.009071 G=OK(+0.007356) MF=OK(active=20/20,min=-3.977e-13,slack=+3.618e-14)
[RMPCC 0034] OK solve=56.4ms pose=(0.499,0.564,1.564) u=(0.168,-0.090) s=0.469 PSDFmin=+0.008893 G=OK(+0.006987) MF=OK(active=20/20,min=+5.371e-08,slack=+1.058e-11)
[RMPCC 0035] OK solve=59.1ms pose=(0.499,0.581,1.555) u=(0.167,-0.174) s=0.484 PSDFmin=+0.008799 G=OK(+0.006704) MF=OK(active=20/20,min=+1.684e-14,slack=+2.575e-14)
[RMPCC 0036] OK solve=53.8ms pose=(0.500,0.598,1.537) u=(0.164,-0.245) s=0.499 PSDFmin=+0.008479 G=OK(+0.006489) MF=OK(active=20/20,min=+5.582e-10,slack=+3.252e-13)
[RMPCC 0037] OK solve=53.6ms pose=(0.500,0.614,1.513) u=(0.159,-0.323) s=0.513 PSDFmin=+0.008156 G=OK(+0.00626) MF=OK(active=20/20,min=-1.103e-11,slack=+1.83e-12)
[RMPCC 0038] OK solve=56.0ms pose=(0.501,0.630,1.481) u=(0.154,-0.405) s=0.527 PSDFmin=+0.007805 G=OK(+0.006008) MF=OK(active=20/20,min=+7.139e-15,slack=+3.395e-17)
[RMPCC 0039] OK solve=58.1ms pose=(0.502,0.645,1.440) u=(0.148,-0.505) s=0.541 PSDFmin=+0.007399 G=OK(+0.005583) MF=OK(active=20/20,min=-8.786e-14,slack=+2.894e-15)
[RMPCC 0040] OK solve=60.3ms pose=(0.504,0.660,1.390) u=(0.144,-0.636) s=0.555 PSDFmin=+0.007273 G=OK(+0.005261) MF=OK(active=20/20,min=+3.306e-08,slack=+6.234e-12)
[RMPCC 0041] OK solve=60.9ms pose=(0.507,0.674,1.326) u=(0.139,-0.769) s=0.569 PSDFmin=+0.006991 G=OK(+0.004932) MF=OK(active=20/20,min=-5.556e-14,slack=+1.195e-14)
[RMPCC 0042] OK solve=56.2ms pose=(0.510,0.688,1.249) u=(0.132,-0.882) s=0.583 PSDFmin=+0.006511 G=OK(+0.004614) MF=OK(active=20/20,min=+1.423e-14,slack=+2.096e-17)
[RMPCC 0043] OK solve=50.2ms pose=(0.515,0.700,1.161) u=(0.124,-1.035) s=0.597 PSDFmin=+0.006245 G=OK(+0.004307) MF=OK(active=20/20,min=-7.808e-13,slack=+1.169e-14)
[RMPCC 0044] OK solve=63.9ms pose=(0.519,0.711,1.057) u=(0.118,-1.164) s=0.611 PSDFmin=+0.006317 G=OK(+0.004339) MF=OK(active=20/20,min=+0.009237,slack=+5.772e-17)
[RMPCC 0045] OK solve=56.1ms pose=(0.525,0.722,0.941) u=(0.127,-0.987) s=0.632 PSDFmin=+0.007227 G=OK(+0.005241) MF=OK(active=20/20,min=+0.07654,slack=+1.557e-12)
[RMPCC 0046] OK solve=53.7ms pose=(0.533,0.732,0.842) u=(0.119,-0.860) s=0.643 PSDFmin=+0.00781 G=OK(+0.005989) MF=OK(active=20/20,min=+0.1324,slack=+2.438e-13)
[RMPCC 0047] OK solve=58.7ms pose=(0.541,0.741,0.756) u=(0.123,-0.733) s=0.666 PSDFmin=+0.008841 G=OK(+0.007086) MF=OK(active=20/20,min=+0.1595,slack=+4.524e-17)
[RMPCC 0048] OK solve=56.6ms pose=(0.550,0.749,0.683) u=(0.115,-0.637) s=0.680 PSDFmin=+0.01028 G=OK(+0.008658) MF=OK(active=20/20,min=+0.1893,slack=+4.646e-16)
[RMPCC 0049] OK solve=62.4ms pose=(0.558,0.757,0.619) u=(0.113,-0.550) s=0.699 PSDFmin=+0.01193 G=OK(+0.01039) MF=OK(active=20/20,min=+0.1988,slack=+2.63e-15)
[RMPCC 0050] OK solve=55.1ms pose=(0.568,0.763,0.564) u=(0.108,-0.481) s=0.714 PSDFmin=+0.01375 G=OK(+0.0123) MF=OK(active=20/20,min=+0.2,slack=+1.209e-14)
[RMPCC 0051] OK solve=53.9ms pose=(0.577,0.769,0.516) u=(0.109,-0.423) s=0.734 PSDFmin=+0.01568 G=OK(+0.01428) MF=OK(active=20/20,min=+0.2,slack=+4.044e-17)
[RMPCC 0052] OK solve=55.1ms pose=(0.586,0.774,0.474) u=(0.109,-0.376) s=0.752 PSDFmin=+0.01772 G=OK(+0.01636) MF=OK(active=20/20,min=+0.2,slack=+4.893e-17)
[RMPCC 0053] OK solve=54.1ms pose=(0.596,0.779,0.436) u=(0.107,-0.336) s=0.767 PSDFmin=+0.01983 G=OK(+0.01851) MF=OK(active=20/20,min=+0.2,slack=+3.495e-12)
[RMPCC 0054] OK solve=58.8ms pose=(0.606,0.784,0.403) u=(0.097,-0.298) s=0.775 PSDFmin=+0.02194 G=OK(+0.02068) MF=OK(active=20/20,min=+0.2,slack=+4.416e-12)
[RMPCC 0055] OK solve=52.0ms pose=(0.614,0.787,0.373) u=(0.098,-0.266) s=0.790 PSDFmin=+0.02407 G=OK(+0.02278) MF=OK(active=20/20,min=+0.2,slack=+2.331e-13)
[RMPCC 0056] OK solve=62.8ms pose=(0.624,0.791,0.346) u=(0.090,-0.238) s=0.798 PSDFmin=+0.02753 G=OK(+0.02538) MF=OK(active=20/20,min=+0.2,slack=+1.316e-12)
[RMPCC 0057] OK solve=54.9ms pose=(0.632,0.794,0.322) u=(0.092,-0.216) s=0.813 PSDFmin=+0.03171 G=OK(+0.03069) MF=OK(active=20/20,min=+0.2,slack=+1.547e-11)
[RMPCC 0058] OK solve=61.3ms pose=(0.641,0.797,0.301) u=(0.086,-0.195) s=0.821 PSDFmin=+0.03544 G=OK(+0.03442) MF=OK(active=20/20,min=+0.2,slack=+1.545e-11)
[RMPCC 0059] OK solve=55.7ms pose=(0.649,0.800,0.281) u=(0.081,-0.176) s=0.828 PSDFmin=+0.03876 G=OK(+0.03775) MF=OK(active=20/20,min=+0.2,slack=+1.26e-11)
[RMPCC 0060] OK solve=57.3ms pose=(0.657,0.802,0.264) u=(0.077,-0.159) s=0.836 PSDFmin=+0.04176 G=OK(+0.04075) MF=OK(active=20/20,min=+0.2,slack=+4.656e-11)
[RMPCC 0061] OK solve=56.9ms pose=(0.664,0.804,0.248) u=(0.074,-0.145) s=0.843 PSDFmin=+0.04447 G=OK(+0.04346) MF=OK(active=20/20,min=+0.2,slack=+4.807e-11)
[RMPCC 0062] OK solve=56.1ms pose=(0.671,0.806,0.233) u=(0.071,-0.132) s=0.851 PSDFmin=+0.04695 G=OK(+0.04594) MF=OK(active=20/20,min=+0.2,slack=+1e-10)
[RMPCC 0063] OK solve=50.4ms pose=(0.678,0.807,0.220) u=(0.069,-0.121) s=0.859 PSDFmin=+0.04923 G=OK(+0.04823) MF=OK(active=20/20,min=+0.2,slack=+7.458e-17)
[RMPCC 0064] OK solve=69.5ms pose=(0.685,0.809,0.208) u=(0.067,-0.112) s=0.866 PSDFmin=+0.05134 G=OK(+0.05034) MF=OK(active=20/20,min=+0.2,slack=+2.693e-16)
[RMPCC 0065] OK solve=76.3ms pose=(0.692,0.810,0.197) u=(0.066,-0.103) s=0.874 PSDFmin=+0.0533 G=OK(+0.0523) MF=OK(active=20/20,min=+0.2,slack=+1.144e-15)
[RMPCC 0066] OK solve=68.9ms pose=(0.698,0.811,0.186) u=(0.056,-0.093) s=0.874 PSDFmin=+0.05496 G=OK(+0.05395) MF=OK(active=20/20,min=+0.2,slack=+1.201e-14)
[RMPCC 0067] OK solve=64.8ms pose=(0.704,0.812,0.177) u=(0.056,-0.086) s=0.881 PSDFmin=+0.05651 G=OK(+0.05551) MF=OK(active=20/20,min=+0.2,slack=+1.355e-14)
[RMPCC 0068] OK solve=61.9ms pose=(0.709,0.813,0.169) u=(0.056,-0.080) s=0.889 PSDFmin=+0.05799 G=OK(+0.05699) MF=OK(active=20/20,min=+0.2,slack=+3.401e-14)
[RMPCC 0069] OK solve=66.7ms pose=(0.715,0.814,0.160) u=(0.048,-0.073) s=0.889 PSDFmin=+0.05925 G=OK(+0.05825) MF=OK(active=20/20,min=+0.2,slack=+1.348e-12)
[RMPCC 0070] OK solve=67.2ms pose=(0.719,0.815,0.153) u=(0.049,-0.068) s=0.897 PSDFmin=+0.06046 G=OK(+0.05946) MF=OK(active=20/20,min=+0.2,slack=+3.867e-13)
[RMPCC 0071] OK solve=69.2ms pose=(0.724,0.816,0.146) u=(0.051,-0.064) s=0.904 PSDFmin=+0.06164 G=OK(+0.06063) MF=OK(active=20/20,min=+0.2,slack=+1.431e-13)
[RMPCC 0072] OK solve=55.4ms pose=(0.729,0.817,0.140) u=(0.044,-0.058) s=0.904 PSDFmin=+0.06264 G=OK(+0.06164) MF=OK(active=20/20,min=+0.2,slack=+8.487e-13)
[RMPCC 0073] OK solve=61.6ms pose=(0.734,0.817,0.134) u=(0.046,-0.054) s=0.912 PSDFmin=+0.06363 G=OK(+0.06263) MF=OK(active=20/20,min=+0.2,slack=+1.495e-13)
[RMPCC 0074] OK solve=56.3ms pose=(0.738,0.818,0.129) u=(0.039,-0.050) s=0.912 PSDFmin=+0.06448 G=OK(+0.06348) MF=OK(active=20/20,min=+0.2,slack=+4.21e-13)
[RMPCC 0075] OK solve=56.9ms pose=(0.742,0.818,0.124) u=(0.042,-0.047) s=0.919 PSDFmin=+0.06532 G=OK(+0.06432) MF=OK(active=20/20,min=+0.2,slack=+5.559e-14)
[RMPCC 0076] OK solve=66.1ms pose=(0.746,0.819,0.119) u=(0.036,-0.043) s=0.919 PSDFmin=+0.06605 G=OK(+0.06505) MF=OK(active=20/20,min=+0.2,slack=+2.388e-13)
[RMPCC 0077] OK solve=62.8ms pose=(0.750,0.819,0.115) u=(0.040,-0.041) s=0.927 PSDFmin=+0.06678 G=OK(+0.06578) MF=OK(active=20/20,min=+0.2,slack=+3.498e-15)
[RMPCC 0078] OK solve=55.2ms pose=(0.754,0.820,0.111) u=(0.034,-0.037) s=0.927 PSDFmin=+0.06742 G=OK(+0.06642) MF=OK(active=20/20,min=+0.2,slack=+8.332e-14)
[RMPCC 0079] OK solve=53.6ms pose=(0.757,0.820,0.107) u=(0.028,-0.034) s=0.927 PSDFmin=+0.06791 G=OK(+0.06691) MF=OK(active=20/20,min=+0.2,slack=+1.064e-12)
[RMPCC 0080] OK solve=62.3ms pose=(0.760,0.820,0.104) u=(0.033,-0.032) s=0.935 PSDFmin=+0.0679 G=OK(+0.0669) MF=OK(active=20/20,min=+0.2,slack=+5.844e-15)
[RMPCC 0081] OK solve=58.2ms pose=(0.763,0.821,0.100) u=(0.029,-0.030) s=0.935 PSDFmin=+0.06787 G=OK(+0.06687) MF=OK(active=20/20,min=+0.2,slack=+1.034e-15)
[RMPCC 0082] OK solve=55.3ms pose=(0.766,0.821,0.098) u=(0.024,-0.027) s=0.935 PSDFmin=+0.06786 G=OK(+0.06686) MF=OK(active=20/20,min=+0.2,slack=+4.456e-12)
[RMPCC 0083] OK solve=54.8ms pose=(0.768,0.821,0.095) u=(0.029,-0.026) s=0.942 PSDFmin=+0.06785 G=OK(+0.06685) MF=OK(active=20/20,min=+0.2,slack=+7.736e-15)
[RMPCC 0084] OK solve=57.2ms pose=(0.771,0.822,0.092) u=(0.025,-0.024) s=0.942 PSDFmin=+0.06783 G=OK(+0.06683) MF=OK(active=20/20,min=+0.2,slack=+2.172e-15)
[RMPCC 0085] OK solve=55.0ms pose=(0.774,0.822,0.090) u=(0.021,-0.022) s=0.942 PSDFmin=+0.06782 G=OK(+0.06682) MF=OK(active=20/20,min=+0.2,slack=+2.301e-12)
[RMPCC 0086] OK solve=57.4ms pose=(0.776,0.822,0.088) u=(0.028,-0.021) s=0.950 PSDFmin=+0.06781 G=OK(+0.06681) MF=OK(active=20/20,min=+0.2,slack=+4.871e-15)
[RMPCC 0087] OK solve=59.0ms pose=(0.779,0.822,0.085) u=(0.024,-0.020) s=0.950 PSDFmin=+0.06778 G=OK(+0.06678) MF=OK(active=20/20,min=+0.2,slack=+7.23e-14)
[RMPCC 0088] OK solve=51.4ms pose=(0.781,0.823,0.083) u=(0.020,-0.018) s=0.950 PSDFmin=+0.06778 G=OK(+0.06678) MF=OK(active=20/20,min=+0.2,slack=+3.941e-16)
[RMPCC 0089] OK solve=52.2ms pose=(0.783,0.823,0.082) u=(0.017,-0.017) s=0.950 PSDFmin=+0.06777 G=OK(+0.06677) MF=OK(active=20/20,min=+0.2,slack=+2.076e-12)
[RMPCC 0090] OK solve=50.4ms pose=(0.785,0.823,0.080) u=(0.024,-0.016) s=0.957 PSDFmin=+0.06777 G=OK(+0.06677) MF=OK(active=20/20,min=+0.2,slack=+7.421e-13)
[RMPCC 0091] OK solve=54.9ms pose=(0.787,0.823,0.078) u=(0.020,-0.015) s=0.957 PSDFmin=+0.06775 G=OK(+0.06675) MF=OK(active=20/20,min=+0.2,slack=+1.03e-12)
[RMPCC 0092] OK solve=53.2ms pose=(0.789,0.823,0.077) u=(0.017,-0.014) s=0.957 PSDFmin=+0.06774 G=OK(+0.06674) MF=OK(active=20/20,min=+0.2,slack=+3.577e-12)
[RMPCC 0093] OK solve=61.7ms pose=(0.791,0.823,0.076) u=(0.014,-0.013) s=0.957 PSDFmin=+0.06774 G=OK(+0.06674) MF=OK(active=20/20,min=+0.2,slack=+9.343e-12)
[RMPCC 0094] OK solve=54.3ms pose=(0.792,0.823,0.074) u=(0.012,-0.012) s=0.957 PSDFmin=+0.06774 G=OK(+0.06674) MF=OK(active=20/20,min=+0.2,slack=+1.41e-11)
[RMPCC 0095] OK solve=59.7ms pose=(0.793,0.823,0.073) u=(0.010,-0.011) s=0.957 PSDFmin=+0.06775 G=OK(+0.06675) MF=OK(active=20/20,min=+0.2,slack=+1.679e-11)
[RMPCC 0096] OK solve=55.1ms pose=(0.794,0.824,0.072) u=(0.018,-0.011) s=0.965 PSDFmin=+0.06775 G=OK(+0.06675) MF=OK(active=20/20,min=+0.2,slack=+1.144e-12)
[RMPCC 0097] OK solve=53.8ms pose=(0.796,0.824,0.071) u=(0.016,-0.010) s=0.965 PSDFmin=+0.06773 G=OK(+0.06673) MF=OK(active=20/20,min=+0.2,slack=+1.876e-13)
[RMPCC 0098] OK solve=54.9ms pose=(0.798,0.824,0.070) u=(0.013,-0.009) s=0.965 PSDFmin=+0.06772 G=OK(+0.06672) MF=OK(active=20/20,min=+0.2,slack=+2.7e-12)
[RMPCC 0099] OK solve=65.7ms pose=(0.799,0.824,0.069) u=(0.011,-0.009) s=0.965 PSDFmin=+0.06773 G=OK(+0.06673) MF=OK(active=20/20,min=+0.2,slack=+1.588e-11)
[RMPCC 0100] OK solve=56.5ms pose=(0.800,0.824,0.068) u=(0.009,-0.009) s=0.965 PSDFmin=+0.06773 G=OK(+0.06673) MF=OK(active=20/20,min=+0.2,slack=+9.722e-11)
[RMPCC 0101] OK solve=55.6ms pose=(0.801,0.824,0.067) u=(0.008,-0.008) s=0.965 PSDFmin=+0.06774 G=OK(+0.06674) MF=OK(active=20/20,min=+0.2,slack=+4.944e-16)
[RMPCC 0102] OK solve=62.7ms pose=(0.802,0.824,0.066) u=(0.006,-0.007) s=0.965 PSDFmin=+0.06775 G=OK(+0.06675) MF=OK(active=20/20,min=+0.2,slack=+4.468e-15)
[RMPCC 0103] OK solve=56.4ms pose=(0.803,0.824,0.066) u=(0.006,-0.007) s=0.966 PSDFmin=+0.06776 G=OK(+0.06676) MF=OK(active=20/20,min=+0.2,slack=+4.986e-15)
[RMPCC 0104] OK solve=54.0ms pose=(0.803,0.824,0.065) u=(0.006,-0.007) s=0.966 PSDFmin=+0.06777 G=OK(+0.06677) MF=OK(active=20/20,min=+0.2,slack=+3.845e-15)
[RMPCC 0105] OK solve=53.2ms pose=(0.804,0.824,0.064) u=(0.014,-0.007) s=0.973 PSDFmin=+0.06776 G=OK(+0.06676) MF=OK(active=20/20,min=+0.2,slack=+8.221e-14)
[RMPCC 0106] OK solve=57.3ms pose=(0.805,0.824,0.064) u=(0.012,-0.006) s=0.973 PSDFmin=+0.06775 G=OK(+0.06675) MF=OK(active=20/20,min=+0.2,slack=+2.497e-11)
[RMPCC 0107] OK solve=59.4ms pose=(0.806,0.824,0.063) u=(0.010,-0.006) s=0.973 PSDFmin=+0.06774 G=OK(+0.06674) MF=OK(active=20/20,min=+0.2,slack=+1.167e-11)
[RMPCC 0108] OK solve=56.7ms pose=(0.807,0.824,0.062) u=(0.008,-0.005) s=0.973 PSDFmin=+0.06774 G=OK(+0.06674) MF=OK(active=20/20,min=+0.2,slack=+6.488e-14)
[RMPCC 0109] OK solve=61.2ms pose=(0.808,0.824,0.062) u=(0.007,-0.005) s=0.973 PSDFmin=+0.06774 G=OK(+0.06674) MF=OK(active=20/20,min=+0.2,slack=+6.228e-12)
[RMPCC 0110] OK solve=61.4ms pose=(0.809,0.825,0.061) u=(0.006,-0.005) s=0.973 PSDFmin=+0.06775 G=OK(+0.06675) MF=OK(active=20/20,min=+0.2,slack=+2.161e-11)
[RMPCC 0111] OK solve=56.3ms pose=(0.809,0.825,0.061) u=(0.005,-0.005) s=0.973 PSDFmin=+0.06776 G=OK(+0.06676) MF=OK(active=20/20,min=+0.2,slack=+5.089e-11)
[RMPCC 0112] OK solve=56.3ms pose=(0.810,0.825,0.060) u=(0.004,-0.004) s=0.973 PSDFmin=+0.06776 G=OK(+0.06676) MF=OK(active=20/20,min=+0.2,slack=+7.713e-11)
[RMPCC 0113] OK solve=55.6ms pose=(0.810,0.825,0.060) u=(0.004,-0.004) s=0.973 PSDFmin=+0.06777 G=OK(+0.06677) MF=OK(active=20/20,min=+0.2,slack=+5.013e-11)
[RMPCC 0114] OK solve=60.8ms pose=(0.811,0.825,0.059) u=(0.004,-0.004) s=0.974 PSDFmin=+0.06778 G=OK(+0.06678) MF=OK(active=20/20,min=+0.2,slack=+4.975e-11)
[RMPCC 0115] OK solve=66.7ms pose=(0.811,0.825,0.059) u=(0.004,-0.004) s=0.974 PSDFmin=+0.06778 G=OK(+0.06678) MF=OK(active=20/20,min=+0.2,slack=+4.661e-11)
[RMPCC 0116] OK solve=58.7ms pose=(0.811,0.825,0.059) u=(0.004,-0.004) s=0.974 PSDFmin=+0.06779 G=OK(+0.06679) MF=OK(active=20/20,min=+0.2,slack=+4.235e-11)
[RMPCC 0117] OK solve=59.2ms pose=(0.812,0.825,0.058) u=(0.004,-0.004) s=0.975 PSDFmin=+0.06779 G=OK(+0.06679) MF=OK(active=20/20,min=+0.2,slack=+2.804e-11)
[RMPCC 0118] OK solve=65.7ms pose=(0.812,0.825,0.058) u=(0.003,-0.004) s=0.975 PSDFmin=+0.0678 G=OK(+0.0668) MF=OK(active=20/20,min=+0.2,slack=+2.356e-11)
[RMPCC 0119] OK solve=60.1ms pose=(0.812,0.825,0.058) u=(0.003,-0.003) s=0.975 PSDFmin=+0.0678 G=OK(+0.0668) MF=OK(active=20/20,min=+0.2,slack=+1.834e-11)
[RMPCC 0120] OK solve=68.1ms pose=(0.813,0.825,0.057) u=(0.003,-0.003) s=0.976 PSDFmin=+0.06781 G=OK(+0.06681) MF=OK(active=20/20,min=+0.2,slack=+1.101e-11)
[RMPCC 0121] OK solve=66.8ms pose=(0.813,0.825,0.057) u=(0.003,-0.003) s=0.976 PSDFmin=+0.06781 G=OK(+0.06681) MF=OK(active=20/20,min=+0.2,slack=+6.772e-12)
[RMPCC 0122] OK solve=65.1ms pose=(0.813,0.825,0.057) u=(0.003,-0.003) s=0.976 PSDFmin=+0.06782 G=OK(+0.06682) MF=OK(active=20/20,min=+0.2,slack=+2.919e-12)
[RMPCC 0123] OK solve=67.0ms pose=(0.814,0.825,0.056) u=(0.003,-0.003) s=0.977 PSDFmin=+0.06782 G=OK(+0.06682) MF=OK(active=20/20,min=+0.2,slack=+7.912e-13)
[RMPCC 0124] OK solve=96.2ms pose=(0.814,0.825,0.056) u=(0.003,-0.003) s=0.977 PSDFmin=+0.06783 G=OK(+0.06683) MF=OK(active=20/20,min=+0.2,slack=+1.538e-13)
[RMPCC 0125] OK solve=57.0ms pose=(0.814,0.825,0.056) u=(0.007,-0.003) s=0.980 PSDFmin=+0.06783 G=OK(+0.06683) MF=OK(active=20/20,min=+0.2,slack=+3.194e-12)
목적지에 도착했습니다! 현재 위치: [0.81505 0.82488], 시간: 12.60초
Using rmpcc optimizer with differential_drive dynamics:
median:  0.05721592903137207
std:  0.006067226595792447
min:  0.04980182647705078
max:  0.09620332717895508
Simulation finished.
Run outcome: status=success, reason=None, final_time=12.599999999999971, distance_to_goal=0.009955559666539939
Optimizer runtime stats: safe_stop_count=0, backup_feasible_qp_success_count=0, plant_input_apply_count=126, last_solve_mode=sqp_rti
Trial history saved to /home/taek111/projects/psdf_mpcc/debug_runs/rmpcc_tuning/p5-c0p1_s_path_r1/data/trial_history_MPC_rmpcc_rectangle_s_path_p5-c0p1_s_path_r1.csv
RMPCC constraint history saved to /home/taek111/projects/psdf_mpcc/debug_runs/rmpcc_tuning/p5-c0p1_s_path_r1/data/rmpcc_constraints_MPC_rmpcc_rectangle_s_path_p5-c0p1_s_path_r1.csv
RMPCC debug history saved to /home/taek111/projects/psdf_mpcc/debug_runs/rmpcc_tuning/p5-c0p1_s_path_r1/data/cycle_raw.csv
RMPCC debug history saved to /home/taek111/projects/psdf_mpcc/debug_runs/rmpcc_tuning/p5-c0p1_s_path_r1/data/covariance_trajectory.csv
Pose-SDF data saved to /home/taek111/projects/psdf_mpcc/debug_runs/rmpcc_tuning/p5-c0p1_s_path_r1/data/pose_sdf_MPC_rmpcc_rectangle_s_path_p5-c0p1_s_path_r1.csv
Total data points: 126
SDF statistics - Min: 0.0079, Max: 0.1050, Mean: 0.0497
