RMPCC configured from config: horizon=20, tf=2.0, use_obstacle_constraint=True, use_row_mf=True, d_col=0.001, d_min=0.001, d_mf_mask=0.001, mf_slack_linear=100.0, mf_slack_quadratic=1.0, chance_epsilon=0.2, mf_active_start_step=1, mf_active_end_step=5, mf_active_terminal=False, sigma_f0=0.0002, sigma_l0=0.00025, sigma_psi0=0.00025, q_f0=0.0, q_l0=0.0, q_psi0=0.0, alpha_f=0.002, alpha_v=0.0004, alpha_kappa=0.01, beta_v=0.02, beta_kappa=0.008, beta_omega=0.008, enable_backup_solver=False, debug_mf=True, debug_infeasibility=True, augmented_psdf_device=cpu
Resetting rmpcc optimizer for clean state...
Trial failure criteria enabled: movement_window_sec=5.0, movement_threshold=0.005, max_consecutive_solver_failures=10
generating global path with A* + Line of Sight
시작 위치: [0.3 0.2]
목적지: [0.8 0.8]
도착 판정 기준: position <= 0.01m, angle <= 0.01rad
Setting up RMPCC-MF optimizer...
RMPCC-MF Row M configuration: enabled=True, active only when phi > d_mf_mask=0.001, configured stages=[1, 2, 3, 4, 5]
/home/taek111/projects/psdf_mpcc/models/geometry_utils.py:241: UserWarning: Creating a tensor from a list of numpy.ndarrays is extremely slow. Please consider converting the list to a single numpy.ndarray with numpy.array() before converting to a tensor. (Triggered internally at ../torch/csrc/utils/tensor_new.cpp:230.)
  edgesA = torch.tensor(edgesA, dtype=torch.float32)
Added two affine safety rows at intermediate/terminal stages: 0=HARD guard/recovery, 1=SOFT MF
field AcadosOcpDims.N has been migrated to AcadosOcpOptions.N_horizon. setting AcadosOcpOptions.N_horizon = N. For future comppatibility, please use AcadosOcpOptions.N_horizon directly.

WARNING: Gauss-Newton Hessian approximation with EXTERNAL cost type not well defined!
got cost_type EXTERNAL for cost_type_0, cost_type, cost_type_e, hessian_approx: 'GAUSS_NEWTON'.
With this setting, acados will proceed computing the exact Hessian for the cost term and no Hessian contribution from constraints and dynamics.
If the external cost is a linear least squares cost, this coincides with the Gauss-Newton Hessian.
Note: There is also the option to use the external cost module with a numerical Hessian approximation (see `ext_cost_num_hess`).
OR the option to provide a symbolic custom Hessian approximation (see `cost_expr_ext_cost_custom_hess`).

acados was compiled without OpenMP.
RMPCC-MF backup SQP_WITH_FEASIBLE_QP solver disabled; using nominal safe-stop recovery.
[RMPCC 0000] OK solve=77.9ms pose=(0.300,0.200,0.000) u=(0.091,-0.000) s=0.016 PSDFmin=-0.0149 G=OK(+0.104) MF=OK(active=5/20,min=+0.2,slack=+3.032e-13)
[RMPCC 0001] OK solve=55.0ms pose=(0.309,0.200,-0.000) u=(0.069,1.107) s=0.026 PSDFmin=+0.01377 G=OK(+2.589e-10) MF=OK(active=5/20,min=+0.2,slack=+1.081e-12)
[RMPCC 0002] OK solve=56.1ms pose=(0.316,0.200,0.111) u=(0.068,0.895) s=0.031 PSDFmin=+0.008865 G=OK(+0.004877) MF=OK(active=5/20,min=+0.2,slack=+1.052e-13)
[RMPCC 0003] OK solve=56.3ms pose=(0.323,0.201,0.200) u=(0.080,0.899) s=0.040 PSDFmin=+0.003629 G=OK(+0.004721) MF=OK(active=5/20,min=+0.2,slack=+1.25e-15)
[RMPCC 0004] OK solve=60.2ms pose=(0.331,0.202,0.290) u=(0.092,0.791) s=0.046 PSDFmin=+0.003527 G=OK(+8.141e-14) MF=OK(active=5/20,min=+0.2,slack=+2.702e-16)
[RMPCC 0005] OK solve=62.4ms pose=(0.339,0.205,0.369) u=(0.104,0.726) s=0.056 PSDFmin=+0.002518 G=OK(+2.268e-14) MF=OK(active=5/20,min=+0.2,slack=+7.067e-17)
[RMPCC 0006] OK solve=57.7ms pose=(0.349,0.209,0.442) u=(0.114,0.629) s=0.065 PSDFmin=+0.002579 G=OK(+7.077e-13) MF=OK(active=5/20,min=+0.1984,slack=+2.268e-13)
[RMPCC 0007] OK solve=57.0ms pose=(0.359,0.214,0.505) u=(0.123,0.572) s=0.076 PSDFmin=+0.002434 G=OK(+5.086e-11) MF=OK(active=5/20,min=+0.03523,slack=+9.025e-13)
[RMPCC 0008] OK solve=55.3ms pose=(0.370,0.220,0.562) u=(0.114,0.279) s=0.088 PSDFmin=+0.001873 G=OK(+2.598e-14) MF=OK(active=5/20,min=+2.739e-12,slack=+1.526e-16)
[RMPCC 0009] OK solve=62.4ms pose=(0.380,0.226,0.590) u=(0.110,0.248) s=0.100 PSDFmin=+0.001736 G=OK(+2.139e-11) MF=OK(active=5/20,min=+2.476e-09,slack=+1.498e-12)
[RMPCC 0010] OK solve=59.8ms pose=(0.389,0.232,0.615) u=(0.114,0.323) s=0.110 PSDFmin=+0.001992 G=OK(+2.165e-15) MF=OK(active=5/20,min=+9.91e-14,slack=+6.632e-17)
[RMPCC 0011] OK solve=56.0ms pose=(0.398,0.238,0.647) u=(0.112,0.373) s=0.121 PSDFmin=+0.001728 G=OK(+4.173e-12) MF=OK(active=5/20,min=+5.919e-12,slack=+1.294e-14)
[RMPCC 0012] OK solve=57.6ms pose=(0.407,0.245,0.684) u=(0.110,0.304) s=0.132 PSDFmin=+0.001007 G=OK(+3.467e-11) MF=OK(active=5/20,min=+3.971e-13,slack=+1.01e-15)
[RMPCC 0013] OK solve=57.5ms pose=(0.416,0.252,0.715) u=(0.107,0.230) s=0.142 PSDFmin=+0.001004 G=OK(+7.716e-15) MF=OK(active=5/20,min=+8.456e-15,slack=+1.911e-17)
[RMPCC 0014] OK solve=52.5ms pose=(0.424,0.259,0.738) u=(0.099,0.201) s=0.146 PSDFmin=+0.001002 G=OK(+6.439e-15) MF=OK(active=5/20,min=+5.79e-15,slack=+1.699e-17)
[RMPCC 0015] OK solve=52.5ms pose=(0.431,0.266,0.758) u=(0.103,0.191) s=0.158 PSDFmin=+0.001002 G=OK(+5.975e-13) MF=OK(active=5/20,min=+4.592e-13,slack=+1.346e-15)
[RMPCC 0016] OK solve=57.4ms pose=(0.439,0.273,0.777) u=(0.093,0.245) s=0.166 PSDFmin=+0.0009995 G=OK(+3.7e-12) MF=OK(active=5/20,min=+4.905e-15,slack=+2.001e-17)
[RMPCC 0017] OK solve=50.8ms pose=(0.445,0.279,0.801) u=(0.101,0.244) s=0.175 PSDFmin=+0.001008 G=OK(+1.401e-07) MF=OK(active=5/20,min=+1.605e-14,slack=+6.191e-17)
[RMPCC 0018] OK solve=57.0ms pose=(0.452,0.287,0.826) u=(0.076,0.791) s=0.186 PSDFmin=+0.006561 G=OK(+0.005754) MF=OK(active=5/20,min=+4.588e-12,slack=+9.371e-15)
[RMPCC 0019] OK solve=57.3ms pose=(0.457,0.292,0.905) u=(0.116,0.353) s=0.193 PSDFmin=+0.001443 G=OK(+1.996e-05) MF=OK(active=5/20,min=+8.892e-15,slack=+1.002e-17)
[RMPCC 0020] OK solve=55.3ms pose=(0.465,0.301,0.940) u=(0.100,1.200) s=0.205 PSDFmin=+0.008616 G=OK(+0.009443) MF=OK(active=5/20,min=+5.242e-14,slack=+1.957e-17)
[RMPCC 0021] OK solve=53.9ms pose=(0.470,0.309,1.060) u=(0.119,0.543) s=0.214 PSDFmin=+0.00912 G=OK(+0.01245) MF=OK(active=5/20,min=+6.891e-09,slack=+3.499e-12)
[RMPCC 0022] OK solve=55.0ms pose=(0.476,0.320,1.114) u=(0.088,1.118) s=0.226 PSDFmin=+0.003668 G=OK(+0.0122) MF=OK(active=5/20,min=+2.734e-12,slack=+1.216e-14)
[RMPCC 0023] OK solve=55.6ms pose=(0.480,0.328,1.226) u=(0.112,0.496) s=0.231 PSDFmin=+0.0145 G=OK(+0.01302) MF=OK(active=5/20,min=+7.203e-10,slack=+2.59e-12)
[RMPCC 0024] OK solve=58.3ms pose=(0.484,0.338,1.276) u=(0.067,0.426) s=0.242 PSDFmin=+0.0152 G=OK(+0.01397) MF=OK(active=5/20,min=+7.163e-10,slack=+6.45e-13)
[RMPCC 0025] OK solve=64.3ms pose=(0.486,0.345,1.318) u=(0.143,0.023) s=0.255 PSDFmin=+0.01522 G=OK(+0.01418) MF=OK(active=5/20,min=+4.816e-14,slack=+1.939e-16)
[RMPCC 0026] OK solve=56.0ms pose=(0.489,0.358,1.321) u=(0.100,0.714) s=0.269 PSDFmin=+0.01422 G=OK(+0.0156) MF=OK(active=5/20,min=+2.87e-08,slack=+1.435e-11)
[RMPCC 0027] OK solve=54.0ms pose=(0.492,0.368,1.392) u=(0.130,0.258) s=0.284 PSDFmin=+0.008993 G=OK(+0.009715) MF=OK(active=5/20,min=+1.069e-14,slack=+2.78e-17)
[RMPCC 0028] OK solve=61.6ms pose=(0.494,0.381,1.418) u=(0.065,0.206) s=0.285 PSDFmin=+0.007722 G=OK(+0.005747) MF=OK(active=5/20,min=+1.09e-10,slack=+2.125e-13)
[RMPCC 0029] OK solve=56.5ms pose=(0.495,0.387,1.438) u=(0.161,0.131) s=0.300 PSDFmin=+0.0003713 G=OK(+4.92e-11) MF=OK(active=5/20,min=+1.448e-08,slack=+1.737e-11)
[RMPCC 0030] OK solve=52.7ms pose=(0.497,0.403,1.451) u=(0.143,0.332) s=0.317 PSDFmin=+0.002161 G=OK(+1.925e-10) MF=OK(active=5/20,min=+3.339e-08,slack=+3.747e-11)
[RMPCC 0031] OK solve=62.0ms pose=(0.499,0.417,1.485) u=(0.186,0.175) s=0.334 PSDFmin=+0.001275 G=OK(+3.751e-09) MF=OK(active=5/20,min=+0.02558,slack=+2.115e-11)
[RMPCC 0032] OK solve=55.0ms pose=(0.501,0.436,1.502) u=(0.172,0.232) s=0.340 PSDFmin=+0.001844 G=OK(+5.328e-11) MF=OK(active=5/20,min=+0.1344,slack=+2.174e-11)
[RMPCC 0033] OK solve=52.6ms pose=(0.502,0.453,1.525) u=(0.173,0.164) s=0.357 PSDFmin=+0.001727 G=OK(+2.927e-12) MF=OK(active=5/20,min=+0.1702,slack=+1.127e-12)
[RMPCC 0034] OK solve=56.6ms pose=(0.503,0.470,1.542) u=(0.173,0.149) s=0.374 PSDFmin=+0.00175 G=OK(+2.439e-10) MF=OK(active=5/20,min=+0.172,slack=+2.735e-12)
[RMPCC 0035] OK solve=55.7ms pose=(0.503,0.488,1.557) u=(0.174,0.093) s=0.392 PSDFmin=+0.001811 G=OK(+4.441e-16) MF=OK(active=5/20,min=+0.1348,slack=+4.535e-17)
[RMPCC 0036] OK solve=59.4ms pose=(0.503,0.505,1.566) u=(0.175,0.061) s=0.409 PSDFmin=+0.001874 G=OK(+3.31e-12) MF=OK(active=5/20,min=+0.05725,slack=+9.806e-14)
[RMPCC 0037] OK solve=64.3ms pose=(0.503,0.523,1.572) u=(0.176,0.029) s=0.429 PSDFmin=+0.00178 G=OK(+4.097e-14) MF=OK(active=5/20,min=+4.147e-07,slack=+3.333e-14)
[RMPCC 0038] OK solve=67.9ms pose=(0.503,0.540,1.575) u=(0.160,0.036) s=0.442 PSDFmin=+0.001858 G=OK(+1.665e-16) MF=OK(active=5/20,min=+1.957e-14,slack=+2.647e-17)
[RMPCC 0039] OK solve=65.1ms pose=(0.503,0.556,1.579) u=(0.143,0.059) s=0.455 PSDFmin=+0.001331 G=OK(+5.551e-17) MF=OK(active=5/20,min=+5.974e-12,slack=+2.121e-15)
[RMPCC 0040] OK solve=56.7ms pose=(0.503,0.570,1.584) u=(0.136,0.010) s=0.469 PSDFmin=+0.001586 G=OK(+2.449e-09) MF=OK(active=5/20,min=+2.666e-08,slack=+1.684e-11)
[RMPCC 0041] OK solve=51.4ms pose=(0.503,0.584,1.585) u=(0.139,-0.117) s=0.484 PSDFmin=+0.001638 G=OK(+8.049e-15) MF=OK(active=5/20,min=+7.911e-12,slack=+6.617e-15)
[RMPCC 0042] OK solve=65.7ms pose=(0.503,0.598,1.574) u=(0.137,-0.287) s=0.499 PSDFmin=+0.001778 G=OK(+8.327e-16) MF=OK(active=5/20,min=+3.292e-14,slack=+5.697e-17)
[RMPCC 0043] OK solve=66.2ms pose=(0.503,0.612,1.545) u=(0.125,-0.285) s=0.513 PSDFmin=+0.001237 G=OK(+3.186e-12) MF=OK(active=5/20,min=+1.087e-11,slack=+1.531e-14)
[RMPCC 0044] OK solve=70.1ms pose=(0.503,0.624,1.517) u=(0.103,-0.295) s=0.513 PSDFmin=+0.00119 G=OK(+1.448e-12) MF=OK(active=5/20,min=+2.044e-12,slack=+4.462e-15)
[RMPCC 0045] OK solve=64.3ms pose=(0.504,0.634,1.487) u=(0.100,-0.264) s=0.527 PSDFmin=+0.001132 G=OK(+4.712e-07) MF=OK(active=5/20,min=+5.559e-09,slack=+1.85e-11)
[RMPCC 0046] OK solve=55.8ms pose=(0.505,0.644,1.461) u=(0.093,-0.213) s=0.541 PSDFmin=+0.004083 G=OK(+0.002904) MF=OK(active=5/20,min=+2.226e-14,slack=+5.17e-17)
[RMPCC 0047] OK solve=52.0ms pose=(0.506,0.654,1.439) u=(0.094,-0.207) s=0.555 PSDFmin=+0.00497 G=OK(+0.003781) MF=OK(active=5/20,min=+1.336e-14,slack=+3.43e-17)
[RMPCC 0048] OK solve=56.5ms pose=(0.507,0.663,1.419) u=(0.077,-0.210) s=0.555 PSDFmin=+0.006365 G=OK(+0.005114) MF=OK(active=5/20,min=+1.399e-13,slack=+4.238e-16)
[RMPCC 0049] OK solve=56.3ms pose=(0.508,0.670,1.398) u=(0.100,-0.245) s=0.569 PSDFmin=+0.007434 G=OK(+0.006127) MF=OK(active=5/20,min=+8.909e-15,slack=+2.766e-17)
[RMPCC 0050] OK solve=53.6ms pose=(0.510,0.680,1.373) u=(0.055,-0.343) s=0.583 PSDFmin=+0.008134 G=OK(+0.006394) MF=OK(active=5/20,min=+1.781e-14,slack=+4.744e-17)
[RMPCC 0051] OK solve=53.4ms pose=(0.511,0.686,1.339) u=(0.115,-0.559) s=0.583 PSDFmin=+0.005254 G=OK(+0.004312) MF=OK(active=5/20,min=+9.799e-11,slack=+1.454e-13)
[RMPCC 0052] OK solve=51.7ms pose=(0.513,0.697,1.283) u=(0.057,-0.548) s=0.597 PSDFmin=+0.009917 G=OK(+0.008377) MF=OK(active=5/20,min=+6.615e-13,slack=+6.788e-16)
[RMPCC 0053] OK solve=58.5ms pose=(0.515,0.702,1.228) u=(0.120,-0.805) s=0.597 PSDFmin=+0.006688 G=OK(+0.006347) MF=OK(active=5/20,min=+4.683e-12,slack=+4.184e-15)
[RMPCC 0054] OK solve=59.9ms pose=(0.519,0.714,1.148) u=(0.073,-0.672) s=0.622 PSDFmin=+0.0108 G=OK(+0.009398) MF=OK(active=5/20,min=+1.216e-10,slack=+1.23e-13)
[RMPCC 0055] OK solve=55.7ms pose=(0.522,0.720,1.080) u=(0.126,-0.774) s=0.625 PSDFmin=+0.01105 G=OK(+0.009244) MF=OK(active=5/20,min=+1.94e-13,slack=+4.209e-16)
[RMPCC 0056] OK solve=62.2ms pose=(0.528,0.731,1.003) u=(0.097,-0.840) s=0.642 PSDFmin=+0.01181 G=OK(+0.0102) MF=OK(active=5/20,min=-9.89e-12,slack=+4.238e-13)
[RMPCC 0057] OK solve=54.7ms pose=(0.533,0.740,0.919) u=(0.110,-1.038) s=0.652 PSDFmin=+0.01313 G=OK(+0.0113) MF=OK(active=5/20,min=+2.336e-09,slack=+5.311e-14)
[RMPCC 0058] OK solve=58.4ms pose=(0.540,0.748,0.815) u=(0.110,-0.895) s=0.666 PSDFmin=+0.01494 G=OK(+0.0132) MF=OK(active=5/20,min=+0.03378,slack=+6.054e-13)
[RMPCC 0059] OK solve=55.3ms pose=(0.547,0.756,0.726) u=(0.110,-0.784) s=0.684 PSDFmin=+0.01699 G=OK(+0.01532) MF=OK(active=5/20,min=+0.0402,slack=+2.956e-13)
[RMPCC 0060] OK solve=54.1ms pose=(0.556,0.764,0.647) u=(0.116,-0.677) s=0.707 PSDFmin=+0.01923 G=OK(+0.01759) MF=OK(active=5/20,min=+0.0219,slack=+5.682e-15)
[RMPCC 0061] OK solve=59.0ms pose=(0.565,0.771,0.580) u=(0.112,-0.594) s=0.722 PSDFmin=+0.02164 G=OK(+0.02009) MF=OK(active=5/20,min=+0.03684,slack=+3.111e-17)
[RMPCC 0062] OK solve=54.6ms pose=(0.574,0.777,0.520) u=(0.109,-0.515) s=0.737 PSDFmin=+0.0241 G=OK(+0.02263) MF=OK(active=5/20,min=+0.09609,slack=+6.096e-17)
[RMPCC 0063] OK solve=61.3ms pose=(0.584,0.782,0.469) u=(0.107,-0.451) s=0.752 PSDFmin=+0.02658 G=OK(+0.02516) MF=OK(active=5/20,min=+0.1576,slack=+4.55e-17)
[RMPCC 0064] OK solve=54.6ms pose=(0.593,0.787,0.424) u=(0.106,-0.396) s=0.767 PSDFmin=+0.02905 G=OK(+0.02769) MF=OK(active=5/20,min=+0.1922,slack=+2.803e-15)
[RMPCC 0065] OK solve=53.1ms pose=(0.603,0.791,0.384) u=(0.097,-0.347) s=0.775 PSDFmin=+0.03147 G=OK(+0.03018) MF=OK(active=5/20,min=+0.2001,slack=+2.705e-13)
[RMPCC 0066] OK solve=54.9ms pose=(0.612,0.795,0.349) u=(0.098,-0.306) s=0.790 PSDFmin=+0.03381 G=OK(+0.03255) MF=OK(active=5/20,min=+0.2,slack=+7.7e-15)
[RMPCC 0067] OK solve=50.7ms pose=(0.621,0.798,0.319) u=(0.091,-0.271) s=0.798 PSDFmin=+0.03668 G=OK(+0.03486) MF=OK(active=5/20,min=+0.2,slack=+3.134e-17)
[RMPCC 0068] OK solve=56.0ms pose=(0.630,0.801,0.292) u=(0.085,-0.238) s=0.805 PSDFmin=+0.04033 G=OK(+0.03879) MF=OK(active=5/20,min=+0.2,slack=+1.25e-12)
[RMPCC 0069] OK solve=54.7ms pose=(0.638,0.804,0.268) u=(0.088,-0.214) s=0.821 PSDFmin=+0.04398 G=OK(+0.04296) MF=OK(active=5/20,min=+0.2,slack=+3.11e-14)
[RMPCC 0070] OK solve=49.3ms pose=(0.646,0.806,0.246) u=(0.083,-0.192) s=0.828 PSDFmin=+0.04723 G=OK(+0.04622) MF=OK(active=5/20,min=+0.2,slack=+2.075e-11)
[RMPCC 0071] OK solve=57.7ms pose=(0.655,0.808,0.227) u=(0.079,-0.172) s=0.836 PSDFmin=+0.05012 G=OK(+0.04911) MF=OK(active=5/20,min=+0.2,slack=+4.25e-17)
[RMPCC 0072] OK solve=66.2ms pose=(0.662,0.810,0.210) u=(0.075,-0.155) s=0.843 PSDFmin=+0.0527 G=OK(+0.05169) MF=OK(active=5/20,min=+0.2,slack=+3.384e-17)
[RMPCC 0073] OK solve=57.9ms pose=(0.670,0.811,0.194) u=(0.073,-0.140) s=0.851 PSDFmin=+0.05502 G=OK(+0.05401) MF=OK(active=5/20,min=+0.2,slack=+2.07e-17)
[RMPCC 0074] OK solve=55.9ms pose=(0.677,0.813,0.180) u=(0.070,-0.127) s=0.859 PSDFmin=+0.05712 G=OK(+0.05612) MF=OK(active=5/20,min=+0.2,slack=+5.21e-17)
[RMPCC 0075] OK solve=54.7ms pose=(0.684,0.814,0.168) u=(0.068,-0.116) s=0.866 PSDFmin=+0.05904 G=OK(+0.05804) MF=OK(active=5/20,min=+0.2,slack=+3.347e-17)
[RMPCC 0076] OK solve=54.5ms pose=(0.690,0.815,0.156) u=(0.067,-0.106) s=0.874 PSDFmin=+0.0608 G=OK(+0.0598) MF=OK(active=5/20,min=+0.2,slack=+9.344e-17)
[RMPCC 0077] OK solve=63.5ms pose=(0.697,0.816,0.146) u=(0.057,-0.095) s=0.874 PSDFmin=+0.06228 G=OK(+0.06127) MF=OK(active=5/20,min=+0.2,slack=+6.366e-15)
[RMPCC 0078] OK solve=59.2ms pose=(0.703,0.817,0.136) u=(0.056,-0.087) s=0.881 PSDFmin=+0.06364 G=OK(+0.06263) MF=OK(active=5/20,min=+0.2,slack=+1.112e-14)
[RMPCC 0079] OK solve=57.0ms pose=(0.708,0.818,0.127) u=(0.057,-0.080) s=0.889 PSDFmin=+0.06491 G=OK(+0.06391) MF=OK(active=5/20,min=+0.2,slack=+2.923e-14)
[RMPCC 0080] OK solve=58.0ms pose=(0.714,0.819,0.120) u=(0.048,-0.072) s=0.889 PSDFmin=+0.066 G=OK(+0.065) MF=OK(active=5/20,min=+0.2,slack=+1.372e-14)
[RMPCC 0081] OK solve=56.0ms pose=(0.719,0.819,0.112) u=(0.050,-0.066) s=0.897 PSDFmin=+0.06702 G=OK(+0.06602) MF=OK(active=5/20,min=+0.2,slack=+2.497e-15)
[RMPCC 0082] OK solve=51.7ms pose=(0.724,0.820,0.106) u=(0.052,-0.062) s=0.904 PSDFmin=+0.068 G=OK(+0.067) MF=OK(active=5/20,min=+0.2,slack=+1.52e-15)
[RMPCC 0083] OK solve=54.6ms pose=(0.729,0.820,0.099) u=(0.044,-0.056) s=0.904 PSDFmin=+0.06883 G=OK(+0.06783) MF=OK(active=5/20,min=+0.2,slack=+3.06e-15)
[RMPCC 0084] OK solve=62.4ms pose=(0.733,0.821,0.094) u=(0.046,-0.052) s=0.912 PSDFmin=+0.06945 G=OK(+0.06845) MF=OK(active=5/20,min=+0.2,slack=+2.1e-14)
[RMPCC 0085] OK solve=56.7ms pose=(0.738,0.821,0.089) u=(0.039,-0.048) s=0.912 PSDFmin=+0.06942 G=OK(+0.06842) MF=OK(active=5/20,min=+0.2,slack=+1.272e-13)
[RMPCC 0086] OK solve=54.5ms pose=(0.742,0.821,0.084) u=(0.042,-0.044) s=0.919 PSDFmin=+0.0694 G=OK(+0.0684) MF=OK(active=5/20,min=+0.2,slack=+2.584e-14)
[RMPCC 0087] OK solve=55.3ms pose=(0.746,0.822,0.079) u=(0.036,-0.041) s=0.919 PSDFmin=+0.06937 G=OK(+0.06837) MF=OK(active=5/20,min=+0.2,slack=+2.857e-13)
[RMPCC 0088] OK solve=58.0ms pose=(0.749,0.822,0.075) u=(0.040,-0.038) s=0.927 PSDFmin=+0.06936 G=OK(+0.06836) MF=OK(active=5/20,min=+0.2,slack=+7.331e-16)
[RMPCC 0089] OK solve=52.9ms pose=(0.753,0.822,0.072) u=(0.034,-0.035) s=0.927 PSDFmin=+0.06933 G=OK(+0.06833) MF=OK(active=5/20,min=+0.2,slack=+1.213e-13)
[RMPCC 0090] OK solve=59.0ms pose=(0.757,0.823,0.068) u=(0.028,-0.032) s=0.927 PSDFmin=+0.06932 G=OK(+0.06832) MF=OK(active=5/20,min=+0.2,slack=+5.552e-13)
[RMPCC 0091] OK solve=59.2ms pose=(0.760,0.823,0.065) u=(0.033,-0.030) s=0.935 PSDFmin=+0.06931 G=OK(+0.06831) MF=OK(active=5/20,min=+0.2,slack=+1.255e-15)
[RMPCC 0092] OK solve=52.3ms pose=(0.763,0.823,0.062) u=(0.029,-0.028) s=0.935 PSDFmin=+0.06929 G=OK(+0.06829) MF=OK(active=5/20,min=+0.2,slack=+1.709e-13)
[RMPCC 0093] OK solve=61.2ms pose=(0.766,0.823,0.059) u=(0.024,-0.025) s=0.935 PSDFmin=+0.06928 G=OK(+0.06828) MF=OK(active=5/20,min=+0.2,slack=+3.698e-13)
[RMPCC 0094] OK solve=54.9ms pose=(0.768,0.823,0.057) u=(0.030,-0.024) s=0.942 PSDFmin=+0.06927 G=OK(+0.06827) MF=OK(active=5/20,min=+0.2,slack=+2.393e-14)
[RMPCC 0095] OK solve=60.8ms pose=(0.771,0.824,0.054) u=(0.026,-0.022) s=0.942 PSDFmin=+0.06925 G=OK(+0.06825) MF=OK(active=5/20,min=+0.2,slack=+1.64e-13)
[RMPCC 0096] OK solve=65.8ms pose=(0.774,0.824,0.052) u=(0.021,-0.020) s=0.942 PSDFmin=+0.06924 G=OK(+0.06824) MF=OK(active=5/20,min=+0.2,slack=+2.601e-17)
[RMPCC 0097] OK solve=66.4ms pose=(0.776,0.824,0.050) u=(0.028,-0.019) s=0.950 PSDFmin=+0.06924 G=OK(+0.06824) MF=OK(active=5/20,min=+0.2,slack=+1.792e-15)
[RMPCC 0098] OK solve=66.9ms pose=(0.779,0.824,0.048) u=(0.024,-0.018) s=0.950 PSDFmin=+0.06922 G=OK(+0.06822) MF=OK(active=5/20,min=+0.2,slack=+8.92e-16)
[RMPCC 0099] OK solve=56.3ms pose=(0.781,0.824,0.046) u=(0.020,-0.017) s=0.950 PSDFmin=+0.06921 G=OK(+0.06821) MF=OK(active=5/20,min=+0.2,slack=+3.024e-14)
[RMPCC 0100] OK solve=50.9ms pose=(0.783,0.824,0.045) u=(0.017,-0.015) s=0.950 PSDFmin=+0.06921 G=OK(+0.06821) MF=OK(active=5/20,min=+0.2,slack=+2.592e-13)
[RMPCC 0101] OK solve=55.7ms pose=(0.785,0.824,0.043) u=(0.024,-0.015) s=0.957 PSDFmin=+0.06921 G=OK(+0.06821) MF=OK(active=5/20,min=+0.2,slack=+2.516e-15)
[RMPCC 0102] OK solve=60.1ms pose=(0.787,0.824,0.042) u=(0.020,-0.014) s=0.957 PSDFmin=+0.06919 G=OK(+0.06819) MF=OK(active=5/20,min=+0.2,slack=+3.568e-14)
[RMPCC 0103] OK solve=51.1ms pose=(0.789,0.824,0.040) u=(0.017,-0.013) s=0.957 PSDFmin=+0.06918 G=OK(+0.06818) MF=OK(active=5/20,min=+0.2,slack=+1.748e-14)
[RMPCC 0104] OK solve=53.7ms pose=(0.791,0.824,0.039) u=(0.014,-0.012) s=0.957 PSDFmin=+0.06918 G=OK(+0.06818) MF=OK(active=5/20,min=+0.2,slack=+5.716e-13)
[RMPCC 0105] OK solve=62.0ms pose=(0.792,0.825,0.038) u=(0.012,-0.011) s=0.957 PSDFmin=+0.06919 G=OK(+0.06819) MF=OK(active=5/20,min=+0.2,slack=+5.791e-17)
[RMPCC 0106] OK solve=58.6ms pose=(0.793,0.825,0.037) u=(0.010,-0.010) s=0.957 PSDFmin=+0.0692 G=OK(+0.0682) MF=OK(active=5/20,min=+0.2,slack=+5.263e-17)
[RMPCC 0107] OK solve=56.4ms pose=(0.794,0.825,0.036) u=(0.018,-0.010) s=0.965 PSDFmin=+0.0692 G=OK(+0.0682) MF=OK(active=5/20,min=+0.2,slack=+5.42e-12)
[RMPCC 0108] OK solve=60.1ms pose=(0.796,0.825,0.035) u=(0.016,-0.009) s=0.965 PSDFmin=+0.06918 G=OK(+0.06818) MF=OK(active=5/20,min=+0.2,slack=+3.432e-17)
[RMPCC 0109] OK solve=57.6ms pose=(0.798,0.825,0.034) u=(0.013,-0.009) s=0.965 PSDFmin=+0.06917 G=OK(+0.06817) MF=OK(active=5/20,min=+0.2,slack=+5.139e-16)
[RMPCC 0110] OK solve=60.8ms pose=(0.799,0.825,0.033) u=(0.011,-0.008) s=0.965 PSDFmin=+0.06917 G=OK(+0.06817) MF=OK(active=5/20,min=+0.2,slack=+3.926e-15)
[RMPCC 0111] OK solve=59.3ms pose=(0.800,0.825,0.032) u=(0.009,-0.008) s=0.965 PSDFmin=+0.06918 G=OK(+0.06818) MF=OK(active=5/20,min=+0.2,slack=+2.795e-14)
[RMPCC 0112] OK solve=54.4ms pose=(0.801,0.825,0.031) u=(0.008,-0.007) s=0.965 PSDFmin=+0.06919 G=OK(+0.06819) MF=OK(active=5/20,min=+0.2,slack=+1.193e-13)
[RMPCC 0113] OK solve=64.5ms pose=(0.802,0.825,0.031) u=(0.006,-0.007) s=0.965 PSDFmin=+0.0692 G=OK(+0.0682) MF=OK(active=5/20,min=+0.2,slack=+1.972e-13)
[RMPCC 0114] OK solve=65.4ms pose=(0.803,0.825,0.030) u=(0.006,-0.007) s=0.966 PSDFmin=+0.06921 G=OK(+0.06821) MF=OK(active=5/20,min=+0.2,slack=+1.884e-13)
[RMPCC 0115] OK solve=64.7ms pose=(0.803,0.825,0.029) u=(0.006,-0.006) s=0.966 PSDFmin=+0.06922 G=OK(+0.06822) MF=OK(active=5/20,min=+0.2,slack=+3.181e-14)
[RMPCC 0116] OK solve=60.3ms pose=(0.804,0.825,0.029) u=(0.014,-0.006) s=0.973 PSDFmin=+0.06922 G=OK(+0.06822) MF=OK(active=5/20,min=+0.2,slack=+1.09e-12)
[RMPCC 0117] OK solve=63.4ms pose=(0.805,0.825,0.028) u=(0.012,-0.006) s=0.973 PSDFmin=+0.0692 G=OK(+0.0682) MF=OK(active=5/20,min=+0.2,slack=+8.843e-17)
[RMPCC 0118] OK solve=57.9ms pose=(0.806,0.825,0.027) u=(0.010,-0.006) s=0.973 PSDFmin=+0.0692 G=OK(+0.0682) MF=OK(active=5/20,min=+0.2,slack=+5.05e-12)
[RMPCC 0119] OK solve=54.4ms pose=(0.807,0.825,0.027) u=(0.008,-0.005) s=0.973 PSDFmin=+0.0692 G=OK(+0.0682) MF=OK(active=5/20,min=+0.2,slack=+1.547e-16)
[RMPCC 0120] OK solve=52.5ms pose=(0.808,0.825,0.026) u=(0.007,-0.005) s=0.973 PSDFmin=+0.0692 G=OK(+0.0682) MF=OK(active=5/20,min=+0.2,slack=+1.905e-16)
[RMPCC 0121] OK solve=58.6ms pose=(0.809,0.825,0.026) u=(0.006,-0.004) s=0.973 PSDFmin=+0.06921 G=OK(+0.06821) MF=OK(active=5/20,min=+0.2,slack=+2.075e-16)
[RMPCC 0122] OK solve=62.4ms pose=(0.809,0.825,0.026) u=(0.005,-0.004) s=0.973 PSDFmin=+0.06921 G=OK(+0.06821) MF=OK(active=5/20,min=+0.2,slack=+1.55e-13)
[RMPCC 0123] OK solve=57.1ms pose=(0.810,0.825,0.025) u=(0.004,-0.005) s=0.973 PSDFmin=+0.06923 G=OK(+0.06823) MF=OK(active=5/20,min=+0.2,slack=+1.147e-12)
[RMPCC 0124] OK solve=59.0ms pose=(0.810,0.825,0.025) u=(0.004,-0.004) s=0.973 PSDFmin=+0.06923 G=OK(+0.06823) MF=OK(active=5/20,min=+0.2,slack=+1.543e-14)
[RMPCC 0125] OK solve=55.9ms pose=(0.811,0.825,0.024) u=(0.004,-0.004) s=0.974 PSDFmin=+0.06924 G=OK(+0.06824) MF=OK(active=5/20,min=+0.2,slack=+8.166e-15)
[RMPCC 0126] OK solve=54.1ms pose=(0.811,0.825,0.024) u=(0.004,-0.004) s=0.974 PSDFmin=+0.06924 G=OK(+0.06824) MF=OK(active=5/20,min=+0.2,slack=+1.485e-14)
[RMPCC 0127] OK solve=54.9ms pose=(0.811,0.825,0.024) u=(0.004,-0.003) s=0.975 PSDFmin=+0.06925 G=OK(+0.06825) MF=OK(active=5/20,min=+0.2,slack=+2.487e-14)
[RMPCC 0128] OK solve=51.8ms pose=(0.812,0.825,0.023) u=(0.004,-0.003) s=0.975 PSDFmin=+0.06925 G=OK(+0.06825) MF=OK(active=5/20,min=+0.2,slack=+2.729e-14)
[RMPCC 0129] OK solve=61.8ms pose=(0.812,0.825,0.023) u=(0.004,-0.003) s=0.975 PSDFmin=+0.06926 G=OK(+0.06826) MF=OK(active=5/20,min=+0.2,slack=+3.628e-14)
[RMPCC 0130] OK solve=57.8ms pose=(0.813,0.825,0.023) u=(0.003,-0.003) s=0.976 PSDFmin=+0.06926 G=OK(+0.06826) MF=OK(active=5/20,min=+0.2,slack=+4.395e-14)
[RMPCC 0131] OK solve=52.4ms pose=(0.813,0.825,0.022) u=(0.003,-0.003) s=0.976 PSDFmin=+0.06927 G=OK(+0.06827) MF=OK(active=5/20,min=+0.2,slack=+3.978e-14)
[RMPCC 0132] OK solve=53.4ms pose=(0.813,0.825,0.022) u=(0.003,-0.003) s=0.976 PSDFmin=+0.06927 G=OK(+0.06827) MF=OK(active=5/20,min=+0.2,slack=+4.239e-14)
[RMPCC 0133] OK solve=52.4ms pose=(0.814,0.825,0.022) u=(0.003,-0.003) s=0.977 PSDFmin=+0.06928 G=OK(+0.06828) MF=OK(active=5/20,min=+0.2,slack=+3.47e-14)
[RMPCC 0134] OK solve=53.7ms pose=(0.814,0.825,0.021) u=(0.003,-0.003) s=0.977 PSDFmin=+0.06928 G=OK(+0.06828) MF=OK(active=5/20,min=+0.2,slack=+3.376e-14)
[RMPCC 0135] OK solve=60.6ms pose=(0.814,0.825,0.021) u=(0.003,-0.003) s=0.977 PSDFmin=+0.06929 G=OK(+0.06829) MF=OK(active=5/20,min=+0.2,slack=+2.567e-14)
[RMPCC 0136] OK solve=54.1ms pose=(0.814,0.825,0.021) u=(0.007,-0.003) s=0.980 PSDFmin=+0.06928 G=OK(+0.06828) MF=OK(active=5/20,min=+0.2,slack=+7.792e-14)
목적지에 도착했습니다! 현재 위치: [0.81513 0.8252 ], 시간: 13.70초
Using rmpcc optimizer with differential_drive dynamics:
median:  0.05662822723388672
std:  0.0045870856495948764
min:  0.04929232597351074
max:  0.07787775993347168
Simulation finished.
Run outcome: status=success, reason=None, final_time=13.699999999999967, distance_to_goal=0.009874176014414862
Optimizer runtime stats: safe_stop_count=0, backup_feasible_qp_success_count=0, plant_input_apply_count=137, last_solve_mode=sqp_rti
Trial history saved to /home/taek111/projects/psdf_mpcc/debug_runs/rmpcc_tuning/p4-h5_s_path_r1/data/trial_history_MPC_rmpcc_rectangle_s_path_p4-h5_s_path_r1.csv
RMPCC constraint history saved to /home/taek111/projects/psdf_mpcc/debug_runs/rmpcc_tuning/p4-h5_s_path_r1/data/rmpcc_constraints_MPC_rmpcc_rectangle_s_path_p4-h5_s_path_r1.csv
RMPCC debug history saved to /home/taek111/projects/psdf_mpcc/debug_runs/rmpcc_tuning/p4-h5_s_path_r1/data/cycle_raw.csv
RMPCC debug history saved to /home/taek111/projects/psdf_mpcc/debug_runs/rmpcc_tuning/p4-h5_s_path_r1/data/covariance_trajectory.csv
Pose-SDF data saved to /home/taek111/projects/psdf_mpcc/debug_runs/rmpcc_tuning/p4-h5_s_path_r1/data/pose_sdf_MPC_rmpcc_rectangle_s_path_p4-h5_s_path_r1.csv
Total data points: 137
SDF statistics - Min: 0.0112, Max: 0.1050, Mean: 0.0505
